trial 1/3: accuracy=1.41% training=0.303s inference=0.079s
trial 2/3: accuracy=1.19% training=0.006s inference=0.024s
trial 3/3: accuracy=1.05% training=0.003s inference=0.023s
{
  "requested_trials": 3,
  "number_of_trials": 3,
  "successful_trials": 3,
  "failed_trials": 0,
  "complete": true,
  "accuracy_target": 0.75,
  "run_error": null,
  "mean_accuracy": 0.012166666666666668,
  "accuracy_std": 0.0018147543451754928,
  "mean_training_time": 0.1042682356661923,
  "training_time_std": 0.17232039892298234,
  "mean_evaluation_time": 0.04184651500084632,
  "evaluation_time_std": 0.03215923431324802,
  "qualified": false,
  "official": false,
  "dataset": "CIFAR-100",
  "run_id": "20261003T153141Z-39a02581"
}
Results: /home/jovyan/work/arena3/baseline/results/arena/20261003T153141Z-39a02581
