trial 1/3: accuracy=75.71% training=37.767s inference=0.134s
trial 2/3: accuracy=76.47% training=28.970s inference=0.098s
trial 3/3: accuracy=76.13% training=28.962s inference=0.098s
{
  "requested_trials": 3,
  "number_of_trials": 3,
  "successful_trials": 3,
  "failed_trials": 0,
  "complete": true,
  "accuracy_target": 0.75,
  "run_error": null,
  "mean_accuracy": 0.7610333333333333,
  "accuracy_std": 0.0038070110760718198,
  "mean_training_time": 31.89942073066777,
  "training_time_std": 5.081298997677303,
  "mean_evaluation_time": 0.10983797366619304,
  "evaluation_time_std": 0.020552240855216994,
  "qualified": true,
  "official": false,
  "dataset": "CIFAR-100",
  "run_id": "20261003T153238Z-00f49249"
}
Results: /home/jovyan/work/arena3/baseline/results/arena/20261003T153238Z-00f49249
