trial 1/3: accuracy=75.71% training=32.350s inference=0.167s
trial 2/3: accuracy=76.47% training=30.523s inference=0.099s
trial 3/3: accuracy=76.13% training=28.988s inference=0.098s
{
  "requested_trials": 3,
  "number_of_trials": 3,
  "successful_trials": 3,
  "failed_trials": 0,
  "complete": true,
  "accuracy_target": 0.75,
  "run_error": null,
  "mean_accuracy": 0.7610333333333333,
  "accuracy_std": 0.0038070110760718198,
  "mean_training_time": 30.620313944666123,
  "training_time_std": 1.6834619497670624,
  "mean_evaluation_time": 0.12153644733310405,
  "evaluation_time_std": 0.03967607506409326,
  "qualified": true,
  "official": false,
  "dataset": "CIFAR-100",
  "run_id": "20261003T153451Z-a3c758d0"
}
Results: /home/jovyan/work/arena3/baseline/results/arena/20261003T153451Z-a3c758d0
