trial 1/3: accuracy=75.63% training=27.985s inference=0.127s
trial 2/3: accuracy=76.11% training=25.722s inference=0.087s
trial 3/3: accuracy=75.98% training=25.750s inference=0.087s
{
  "requested_trials": 3,
  "number_of_trials": 3,
  "successful_trials": 3,
  "failed_trials": 0,
  "complete": true,
  "accuracy_target": 0.75,
  "run_error": null,
  "mean_accuracy": 0.7590666666666667,
  "accuracy_std": 0.0024826061575154105,
  "mean_training_time": 26.485714200999308,
  "training_time_std": 1.2988794689739165,
  "mean_evaluation_time": 0.1004668136665714,
  "evaluation_time_std": 0.023003183496726094,
  "qualified": true,
  "official": false,
  "dataset": "CIFAR-100",
  "run_id": "20261003T154202Z-7722f30c"
}
Results: /home/jovyan/work/arena3/baseline/results/arena/20261003T154202Z-7722f30c
