trial 1/3: accuracy=75.63% training=26.231s inference=0.127s
trial 2/3: accuracy=76.11% training=28.747s inference=0.093s
trial 3/3: accuracy=75.98% training=25.737s inference=0.090s
{
  "requested_trials": 3,
  "number_of_trials": 3,
  "successful_trials": 3,
  "failed_trials": 0,
  "complete": true,
  "accuracy_target": 0.75,
  "run_error": null,
  "mean_accuracy": 0.7590666666666667,
  "accuracy_std": 0.0024826061575154105,
  "mean_training_time": 26.904691751999053,
  "training_time_std": 1.6142251352541408,
  "mean_evaluation_time": 0.10346062466608903,
  "evaluation_time_std": 0.02072951931220967,
  "qualified": true,
  "official": false,
  "dataset": "CIFAR-100",
  "run_id": "20261003T154853Z-e1075fc4"
}
Results: /home/jovyan/work/arena3/baseline/results/arena/20261003T154853Z-e1075fc4
