trial 1/3: accuracy=76.36% training=25.098s inference=0.123s
trial 2/3: accuracy=75.97% training=25.086s inference=0.087s
trial 3/3: accuracy=76.27% training=25.087s inference=0.087s
{
  "requested_trials": 3,
  "number_of_trials": 3,
  "successful_trials": 3,
  "failed_trials": 0,
  "complete": true,
  "accuracy_target": 0.75,
  "run_error": null,
  "mean_accuracy": 0.762,
  "accuracy_std": 0.0020420577856661765,
  "mean_training_time": 25.090500785999513,
  "training_time_std": 0.0068293371306926785,
  "mean_evaluation_time": 0.0991166853333804,
  "evaluation_time_std": 0.020806105469661336,
  "qualified": true,
  "official": false,
  "dataset": "CIFAR-100",
  "run_id": "20261003T155353Z-2509502b"
}
Results: /home/jovyan/work/arena3/baseline/results/arena/20261003T155353Z-2509502b
