trial 1/3: accuracy=75.55% training=20.069s inference=0.157s
trial 2/3: accuracy=75.82% training=20.075s inference=0.091s
trial 3/3: accuracy=76.18% training=20.074s inference=0.092s
{
  "requested_trials": 3,
  "number_of_trials": 3,
  "successful_trials": 3,
  "failed_trials": 0,
  "complete": true,
  "accuracy_target": 0.75,
  "run_error": null,
  "mean_accuracy": 0.7585,
  "accuracy_std": 0.0031606961258558637,
  "mean_training_time": 20.072588409665816,
  "training_time_std": 0.003056687916252933,
  "mean_evaluation_time": 0.11320063233263984,
  "evaluation_time_std": 0.037957021134815166,
  "qualified": true,
  "official": false,
  "dataset": "CIFAR-100",
  "run_id": "20261003T155535Z-63f5bdde"
}
Results: /home/jovyan/work/arena3/baseline/results/arena/20261003T155535Z-63f5bdde
