trial 1/3: accuracy=75.33% training=15.058s inference=0.127s
trial 2/3: accuracy=75.22% training=15.063s inference=0.089s
trial 3/3: accuracy=75.20% training=15.109s inference=0.089s
{
  "requested_trials": 3,
  "number_of_trials": 3,
  "successful_trials": 3,
  "failed_trials": 0,
  "complete": true,
  "accuracy_target": 0.75,
  "run_error": null,
  "mean_accuracy": 0.7525,
  "accuracy_std": 0.0006999999999999863,
  "mean_training_time": 15.076802455332654,
  "training_time_std": 0.028118413795144473,
  "mean_evaluation_time": 0.10130719633283054,
  "evaluation_time_std": 0.02188093856480711,
  "qualified": true,
  "official": false,
  "dataset": "CIFAR-100",
  "run_id": "20261003T155701Z-2660b9ed"
}
Results: /home/jovyan/work/arena3/baseline/results/arena/20261003T155701Z-2660b9ed
