trial 1/3: accuracy=75.40% training=15.062s inference=0.123s
trial 2/3: accuracy=75.55% training=15.060s inference=0.087s
trial 3/3: accuracy=75.24% training=15.058s inference=0.087s
{
  "requested_trials": 3,
  "number_of_trials": 3,
  "successful_trials": 3,
  "failed_trials": 0,
  "complete": true,
  "accuracy_target": 0.75,
  "run_error": null,
  "mean_accuracy": 0.7539666666666667,
  "accuracy_std": 0.0015502687938977943,
  "mean_training_time": 15.060009704998569,
  "training_time_std": 0.0021499065735289978,
  "mean_evaluation_time": 0.09932678599943756,
  "evaluation_time_std": 0.02063031832770649,
  "qualified": true,
  "official": false,
  "dataset": "CIFAR-100",
  "run_id": "20261003T155927Z-d0934281"
}
Results: /home/jovyan/work/arena3/baseline/results/arena/20261003T155927Z-d0934281
