trial 1/3: accuracy=75.60% training=15.055s inference=0.126s
trial 2/3: accuracy=75.67% training=15.059s inference=0.088s
trial 3/3: accuracy=76.30% training=15.081s inference=0.087s
{
  "requested_trials": 3,
  "number_of_trials": 3,
  "successful_trials": 3,
  "failed_trials": 0,
  "complete": true,
  "accuracy_target": 0.75,
  "run_error": null,
  "mean_accuracy": 0.7585666666666667,
  "accuracy_std": 0.0038552993831002668,
  "mean_training_time": 15.06492798399995,
  "training_time_std": 0.014136916413535853,
  "mean_evaluation_time": 0.10028194033293403,
  "evaluation_time_std": 0.022622560400869976,
  "qualified": true,
  "official": false,
  "dataset": "CIFAR-100",
  "run_id": "20261003T160038Z-4fc92761"
}
Results: /home/jovyan/work/arena3/baseline/results/arena/20261003T160038Z-4fc92761
