trial 1/3: accuracy=75.69% training=13.410s inference=0.122s
trial 2/3: accuracy=76.00% training=13.386s inference=0.087s
trial 3/3: accuracy=75.60% training=13.413s inference=0.087s
{
  "requested_trials": 3,
  "number_of_trials": 3,
  "successful_trials": 3,
  "failed_trials": 0,
  "complete": true,
  "accuracy_target": 0.75,
  "run_error": null,
  "mean_accuracy": 0.7576333333333334,
  "accuracy_std": 0.002098412098071619,
  "mean_training_time": 13.402961633000814,
  "training_time_std": 0.014702790713439407,
  "mean_evaluation_time": 0.09882733266689077,
  "evaluation_time_std": 0.020326522522775368,
  "qualified": true,
  "official": false,
  "dataset": "CIFAR-100",
  "run_id": "20261003T160152Z-862ef4eb"
}
Results: /home/jovyan/work/arena3/baseline/results/arena/20261003T160152Z-862ef4eb
