trial 1/3: accuracy=75.29% training=11.714s inference=0.123s
trial 2/3: accuracy=75.17% training=11.715s inference=0.087s
trial 3/3: accuracy=74.82% training=11.740s inference=0.087s
{
  "requested_trials": 3,
  "number_of_trials": 3,
  "successful_trials": 3,
  "failed_trials": 0,
  "complete": true,
  "accuracy_target": 0.75,
  "run_error": null,
  "mean_accuracy": 0.7509333333333333,
  "accuracy_std": 0.002441993720985673,
  "mean_training_time": 11.723179683998751,
  "training_time_std": 0.01480252851603266,
  "mean_evaluation_time": 0.09892299199903694,
  "evaluation_time_std": 0.020590089460046004,
  "qualified": true,
  "official": false,
  "dataset": "CIFAR-100",
  "run_id": "20261003T160259Z-870cf649"
}
Results: /home/jovyan/work/arena3/baseline/results/arena/20261003T160259Z-870cf649
