trial 1/3: accuracy=75.43% training=11.499s inference=0.159s
trial 2/3: accuracy=75.32% training=11.502s inference=0.086s
trial 3/3: accuracy=75.60% training=11.528s inference=0.085s
{
  "requested_trials": 3,
  "number_of_trials": 3,
  "successful_trials": 3,
  "failed_trials": 0,
  "complete": true,
  "accuracy_target": 0.75,
  "run_error": null,
  "mean_accuracy": 0.7545,
  "accuracy_std": 0.0014106735979666023,
  "mean_training_time": 11.509668707333427,
  "training_time_std": 0.015511630462195707,
  "mean_evaluation_time": 0.10990961099984513,
  "evaluation_time_std": 0.0421343534848546,
  "qualified": true,
  "official": false,
  "dataset": "CIFAR-100",
  "run_id": "20261003T161126Z-36dc73b8"
}
Results: /home/jovyan/work/arena3/baseline/results/arena/20261003T161126Z-36dc73b8
