trial 1/3: accuracy=75.74% training=8.562s inference=0.158s
trial 2/3: accuracy=75.81% training=8.569s inference=0.083s
trial 3/3: accuracy=75.80% training=8.564s inference=0.082s
{
  "requested_trials": 3,
  "number_of_trials": 3,
  "successful_trials": 3,
  "failed_trials": 0,
  "complete": true,
  "accuracy_target": 0.75,
  "run_error": null,
  "mean_accuracy": 0.7578333333333334,
  "accuracy_std": 0.0003785938897200401,
  "mean_training_time": 8.565002377665223,
  "training_time_std": 0.003178082764748908,
  "mean_evaluation_time": 0.10784612799883082,
  "evaluation_time_std": 0.04384419593481832,
  "qualified": true,
  "official": false,
  "dataset": "CIFAR-100",
  "run_id": "20261003T162949Z-21d70fb7"
}
Results: /home/jovyan/work/arena3/baseline/results/arena/20261003T162949Z-21d70fb7
