trial 1/3: accuracy=75.49% training=7.913s inference=0.124s
trial 2/3: accuracy=75.74% training=7.913s inference=0.077s
trial 3/3: accuracy=76.07% training=7.914s inference=0.077s
{
  "requested_trials": 3,
  "number_of_trials": 3,
  "successful_trials": 3,
  "failed_trials": 0,
  "complete": true,
  "accuracy_target": 0.75,
  "run_error": null,
  "mean_accuracy": 0.7576666666666667,
  "accuracy_std": 0.002909180869821165,
  "mean_training_time": 7.9135438679998815,
  "training_time_std": 0.0006050659393354546,
  "mean_evaluation_time": 0.09252063966778223,
  "evaluation_time_std": 0.027026899799132604,
  "qualified": true,
  "official": false,
  "dataset": "CIFAR-100",
  "run_id": "20261003T164118Z-79b04155"
}
Results: /home/jovyan/work/arena3/baseline/results/arena/20261003T164118Z-79b04155
