trial 1/3: accuracy=75.63% training=7.752s inference=0.135s
trial 2/3: accuracy=75.70% training=7.753s inference=0.091s
trial 3/3: accuracy=74.93% training=7.771s inference=0.090s
{
  "requested_trials": 3,
  "number_of_trials": 3,
  "successful_trials": 3,
  "failed_trials": 0,
  "complete": true,
  "accuracy_target": 0.75,
  "run_error": null,
  "mean_accuracy": 0.7542,
  "accuracy_std": 0.004257933771208769,
  "mean_training_time": 7.758500017334882,
  "training_time_std": 0.010467853669208589,
  "mean_evaluation_time": 0.10507074066845234,
  "evaluation_time_std": 0.025943545729800975,
  "qualified": true,
  "official": false,
  "dataset": "CIFAR-100",
  "run_id": "20261003T164856Z-fe0567c8"
}
Results: /home/jovyan/work/arena3/baseline/results/arena/20261003T164856Z-fe0567c8
