trial 1/3: accuracy=75.96% training=7.379s inference=0.133s
trial 2/3: accuracy=75.58% training=7.378s inference=0.087s
trial 3/3: accuracy=75.36% training=7.385s inference=0.087s
{
  "requested_trials": 3,
  "number_of_trials": 3,
  "successful_trials": 3,
  "failed_trials": 0,
  "complete": true,
  "accuracy_target": 0.75,
  "run_error": null,
  "mean_accuracy": 0.7563333333333334,
  "accuracy_std": 0.0030353473167552608,
  "mean_training_time": 7.380631805665568,
  "training_time_std": 0.0035922275736700172,
  "mean_evaluation_time": 0.10239449533279792,
  "evaluation_time_std": 0.026212405177491644,
  "qualified": true,
  "official": false,
  "dataset": "CIFAR-100",
  "run_id": "20261003T165736Z-a72a51c0"
}
Results: /home/jovyan/work/arena3/baseline/results/arena/20261003T165736Z-a72a51c0
