trial 1/3: accuracy=75.98% training=7.037s inference=0.126s
trial 2/3: accuracy=75.77% training=7.038s inference=0.086s
trial 3/3: accuracy=75.87% training=7.038s inference=0.086s
{
  "requested_trials": 3,
  "number_of_trials": 3,
  "successful_trials": 3,
  "failed_trials": 0,
  "complete": true,
  "accuracy_target": 0.75,
  "run_error": null,
  "mean_accuracy": 0.7587333333333334,
  "accuracy_std": 0.001050396750439244,
  "mean_training_time": 7.037561100331611,
  "training_time_std": 0.0005696942636448394,
  "mean_evaluation_time": 0.09944763900057296,
  "evaluation_time_std": 0.023117958820529725,
  "qualified": true,
  "official": false,
  "dataset": "CIFAR-100",
  "run_id": "20261003T170750Z-576345d0"
}
Results: /home/jovyan/work/arena3/baseline/results/arena/20261003T170750Z-576345d0
