trial 1/3: accuracy=75.73% training=6.704s inference=0.125s
trial 2/3: accuracy=75.64% training=6.706s inference=0.087s
trial 3/3: accuracy=75.62% training=6.705s inference=0.086s
{
  "requested_trials": 3,
  "number_of_trials": 3,
  "successful_trials": 3,
  "failed_trials": 0,
  "complete": true,
  "accuracy_target": 0.75,
  "run_error": null,
  "mean_accuracy": 0.7566333333333333,
  "accuracy_std": 0.0005859465277082301,
  "mean_training_time": 6.705113127332879,
  "training_time_std": 0.0008200804206275536,
  "mean_evaluation_time": 0.09951015966726118,
  "evaluation_time_std": 0.022296523114623015,
  "qualified": true,
  "official": false,
  "dataset": "CIFAR-100",
  "run_id": "20261003T171322Z-70c4423e"
}
Results: /home/jovyan/work/arena3/baseline/results/arena/20261003T171322Z-70c4423e
