trial 1/3: accuracy=75.56% training=6.487s inference=0.126s
trial 2/3: accuracy=75.13% training=6.504s inference=0.093s
trial 3/3: accuracy=75.57% training=6.500s inference=0.093s
{
  "requested_trials": 3,
  "number_of_trials": 3,
  "successful_trials": 3,
  "failed_trials": 0,
  "complete": true,
  "accuracy_target": 0.75,
  "run_error": null,
  "mean_accuracy": 0.7542,
  "accuracy_std": 0.002511971337416138,
  "mean_training_time": 6.497041227665856,
  "training_time_std": 0.008967219178685846,
  "mean_evaluation_time": 0.1040424486673146,
  "evaluation_time_std": 0.018845728480565132,
  "qualified": true,
  "official": false,
  "dataset": "CIFAR-100",
  "run_id": "20261003T174418Z-8416b5f8"
}
Results: /home/jovyan/work/arena3/baseline/results/arena/20261003T174418Z-8416b5f8
