trial 1/3: accuracy=75.81% training=6.282s inference=0.121s
trial 2/3: accuracy=75.42% training=6.267s inference=0.093s
trial 3/3: accuracy=75.42% training=6.270s inference=0.093s
{
  "requested_trials": 3,
  "number_of_trials": 3,
  "successful_trials": 3,
  "failed_trials": 0,
  "complete": true,
  "accuracy_target": 0.75,
  "run_error": null,
  "mean_accuracy": 0.7555,
  "accuracy_std": 0.002251666049839549,
  "mean_training_time": 6.273071956333297,
  "training_time_std": 0.007698839592375676,
  "mean_evaluation_time": 0.1023693483354388,
  "evaluation_time_std": 0.0165277222901637,
  "qualified": true,
  "official": false,
  "dataset": "CIFAR-100",
  "run_id": "20261003T182126Z-4a80cf54"
}
Results: /home/jovyan/work/arena3/baseline/results/arena/20261003T182126Z-4a80cf54
