trial 1/3: accuracy=75.52% training=6.163s inference=0.124s
trial 2/3: accuracy=75.69% training=6.155s inference=0.094s
trial 3/3: accuracy=75.67% training=6.165s inference=0.092s
{
  "requested_trials": 3,
  "number_of_trials": 3,
  "successful_trials": 3,
  "failed_trials": 0,
  "complete": true,
  "accuracy_target": 0.75,
  "run_error": null,
  "mean_accuracy": 0.7562666666666666,
  "accuracy_std": 0.0009291573243177821,
  "mean_training_time": 6.161079397000624,
  "training_time_std": 0.005670099068437147,
  "mean_evaluation_time": 0.10329797000061565,
  "evaluation_time_std": 0.01798472192600078,
  "qualified": true,
  "official": false,
  "dataset": "CIFAR-100",
  "run_id": "20261003T182939Z-50b22e54"
}
Results: /home/jovyan/work/arena3/baseline/results/arena/20261003T182939Z-50b22e54
