trial 1/3: accuracy=74.96% training=6.152s inference=0.123s
trial 2/3: accuracy=75.53% training=6.124s inference=0.093s
trial 3/3: accuracy=75.65% training=6.130s inference=0.093s
{
  "requested_trials": 3,
  "number_of_trials": 3,
  "successful_trials": 3,
  "failed_trials": 0,
  "complete": true,
  "accuracy_target": 0.75,
  "run_error": null,
  "mean_accuracy": 0.7538,
  "accuracy_std": 0.003686461718233303,
  "mean_training_time": 6.134909819666063,
  "training_time_std": 0.014796784451585079,
  "mean_evaluation_time": 0.10312263366722618,
  "evaluation_time_std": 0.01749256465873169,
  "qualified": true,
  "official": false,
  "dataset": "CIFAR-100",
  "run_id": "20261003T184018Z-4d67f03c"
}
Results: /home/jovyan/work/arena3/baseline/results/arena/20261003T184018Z-4d67f03c
