trial 1/3: accuracy=75.17% training=6.025s inference=0.123s
trial 2/3: accuracy=75.62% training=6.019s inference=0.093s
trial 3/3: accuracy=75.71% training=6.025s inference=0.092s
{
  "requested_trials": 3,
  "number_of_trials": 3,
  "successful_trials": 3,
  "failed_trials": 0,
  "complete": true,
  "accuracy_target": 0.75,
  "run_error": null,
  "mean_accuracy": 0.755,
  "accuracy_std": 0.0028930952282978616,
  "mean_training_time": 6.022867940333526,
  "training_time_std": 0.0035509981948548246,
  "mean_evaluation_time": 0.10246057599943015,
  "evaluation_time_std": 0.01748791870006825,
  "qualified": true,
  "official": false,
  "dataset": "CIFAR-100",
  "run_id": "20261003T191119Z-59e30894"
}
Results: /home/jovyan/work/arena3/baseline/results/arena/20261003T191119Z-59e30894
