trial 1/3: accuracy=75.65% training=5.957s inference=0.119s
trial 2/3: accuracy=75.19% training=5.943s inference=0.088s
trial 3/3: accuracy=75.55% training=5.951s inference=0.090s
{
  "requested_trials": 3,
  "number_of_trials": 3,
  "successful_trials": 3,
  "failed_trials": 0,
  "complete": true,
  "accuracy_target": 0.75,
  "run_error": null,
  "mean_accuracy": 0.7546333333333333,
  "accuracy_std": 0.0024193663082165053,
  "mean_training_time": 5.950189825665196,
  "training_time_std": 0.007024180830576748,
  "mean_evaluation_time": 0.09912814066653179,
  "evaluation_time_std": 0.01763281305852839,
  "qualified": true,
  "official": false,
  "dataset": "CIFAR-100",
  "run_id": "20261003T193624Z-aa2ac54b"
}
Results: /home/jovyan/work/arena3/baseline/results/arena/20261003T193624Z-aa2ac54b
