trial 1/3: accuracy=75.08% training=5.759s inference=0.307s
trial 2/3: accuracy=74.80% training=5.760s inference=0.085s
trial 3/3: accuracy=75.26% training=5.770s inference=0.085s
{
  "requested_trials": 3,
  "number_of_trials": 3,
  "successful_trials": 3,
  "failed_trials": 0,
  "complete": true,
  "accuracy_target": 0.75,
  "run_error": null,
  "mean_accuracy": 0.7504666666666667,
  "accuracy_std": 0.002318045153428519,
  "mean_training_time": 5.762920979335225,
  "training_time_std": 0.006368763631102568,
  "mean_evaluation_time": 0.15882416633394314,
  "evaluation_time_std": 0.1279029083697067,
  "qualified": true,
  "official": false,
  "dataset": "CIFAR-100",
  "run_id": "20261003T194304Z-09f21a28"
}
Results: /home/jovyan/work/arena3/baseline/results/arena/20261003T194304Z-09f21a28
