trial 1/3: accuracy=75.41% training=5.826s inference=0.315s
trial 2/3: accuracy=75.79% training=5.830s inference=0.091s
trial 3/3: accuracy=75.86% training=5.842s inference=0.089s
{
  "requested_trials": 3,
  "number_of_trials": 3,
  "successful_trials": 3,
  "failed_trials": 0,
  "complete": true,
  "accuracy_target": 0.75,
  "run_error": null,
  "mean_accuracy": 0.7568666666666667,
  "accuracy_std": 0.0024214320831552273,
  "mean_training_time": 5.832866024664933,
  "training_time_std": 0.008521280942550127,
  "mean_evaluation_time": 0.16502798000146868,
  "evaluation_time_std": 0.12961654749971718,
  "qualified": true,
  "official": false,
  "dataset": "CIFAR-100",
  "run_id": "20261003T194803Z-a35ddb7d"
}
Results: /home/jovyan/work/arena3/baseline/results/arena/20261003T194803Z-a35ddb7d
