trial 1/3: accuracy=75.62% training=5.775s inference=0.314s
trial 2/3: accuracy=75.95% training=5.752s inference=0.095s
trial 3/3: accuracy=75.83% training=5.763s inference=0.090s
{
  "requested_trials": 3,
  "number_of_trials": 3,
  "successful_trials": 3,
  "failed_trials": 0,
  "complete": true,
  "accuracy_target": 0.75,
  "run_error": null,
  "mean_accuracy": 0.758,
  "accuracy_std": 0.001670329308848992,
  "mean_training_time": 5.763445205331664,
  "training_time_std": 0.011383045517787828,
  "mean_evaluation_time": 0.16625678500228483,
  "evaluation_time_std": 0.1279463972114764,
  "qualified": true,
  "official": false,
  "dataset": "CIFAR-100",
  "run_id": "20261003T200052Z-a07f6315"
}
Results: /home/jovyan/work/arena3/baseline/results/arena/20261003T200052Z-a07f6315
