trial 1/3: accuracy=75.29% training=5.288s inference=0.286s
trial 2/3: accuracy=74.96% training=5.258s inference=0.085s
trial 3/3: accuracy=75.46% training=5.264s inference=0.083s
{
  "requested_trials": 3,
  "number_of_trials": 3,
  "successful_trials": 3,
  "failed_trials": 0,
  "complete": true,
  "accuracy_target": 0.75,
  "run_error": null,
  "mean_accuracy": 0.7523666666666667,
  "accuracy_std": 0.0025423086620891115,
  "mean_training_time": 5.270006854999035,
  "training_time_std": 0.015627316513088293,
  "mean_evaluation_time": 0.15149051400173144,
  "evaluation_time_std": 0.1165908643004983,
  "qualified": true,
  "official": false,
  "dataset": "CIFAR-100",
  "run_id": "20261003T201901Z-e0206f0c"
}
Results: /home/jovyan/work/arena3/baseline/results/arena/20261003T201901Z-e0206f0c
