trial 1/3: accuracy=75.15% training=5.590s inference=0.282s
trial 2/3: accuracy=75.73% training=5.584s inference=0.081s
trial 3/3: accuracy=75.17% training=5.590s inference=0.080s
{
  "requested_trials": 3,
  "number_of_trials": 3,
  "successful_trials": 3,
  "failed_trials": 0,
  "complete": true,
  "accuracy_target": 0.75,
  "run_error": null,
  "mean_accuracy": 0.7535,
  "accuracy_std": 0.003292415526630857,
  "mean_training_time": 5.587917776999045,
  "training_time_std": 0.003538776928903156,
  "mean_evaluation_time": 0.14759618133393815,
  "evaluation_time_std": 0.11647093991329359,
  "qualified": true,
  "official": false,
  "dataset": "CIFAR-100",
  "run_id": "20261003T202932Z-ac60dd8c"
}
Results: /home/jovyan/work/arena3/baseline/results/arena/20261003T202932Z-ac60dd8c
