trial 1/3: accuracy=74.86% training=5.424s inference=0.287s
trial 2/3: accuracy=75.36% training=5.413s inference=0.082s
trial 3/3: accuracy=75.48% training=5.417s inference=0.082s
{
  "requested_trials": 3,
  "number_of_trials": 3,
  "successful_trials": 3,
  "failed_trials": 0,
  "complete": true,
  "accuracy_target": 0.75,
  "run_error": null,
  "mean_accuracy": 0.7523333333333334,
  "accuracy_std": 0.0032883633213702675,
  "mean_training_time": 5.4181630836683325,
  "training_time_std": 0.005576204791482223,
  "mean_evaluation_time": 0.1502273486670068,
  "evaluation_time_std": 0.11857502204184142,
  "qualified": true,
  "official": false,
  "dataset": "CIFAR-100",
  "run_id": "20261003T204439Z-eb51407c"
}
Results: /home/jovyan/work/arena3/baseline/results/arena/20261003T204439Z-eb51407c
