trial 1/3: accuracy=75.63% training=5.501s inference=0.284s
trial 2/3: accuracy=75.72% training=5.492s inference=0.086s
trial 3/3: accuracy=75.40% training=5.505s inference=0.086s
{
  "requested_trials": 3,
  "number_of_trials": 3,
  "successful_trials": 3,
  "failed_trials": 0,
  "complete": true,
  "accuracy_target": 0.75,
  "run_error": null,
  "mean_accuracy": 0.7558333333333334,
  "accuracy_std": 0.0016502525059315294,
  "mean_training_time": 5.499223820331584,
  "training_time_std": 0.006643166103022667,
  "mean_evaluation_time": 0.15225114367058268,
  "evaluation_time_std": 0.11436222076334339,
  "qualified": true,
  "official": false,
  "dataset": "CIFAR-100",
  "run_id": "20261003T205904Z-de1dfa58"
}
Results: /home/jovyan/work/arena3/baseline/results/arena/20261003T205904Z-de1dfa58
