trial 1/3: accuracy=75.10% training=5.342s inference=0.290s
trial 2/3: accuracy=75.53% training=5.317s inference=0.083s
trial 3/3: accuracy=75.23% training=5.330s inference=0.083s
{
  "requested_trials": 3,
  "number_of_trials": 3,
  "successful_trials": 3,
  "failed_trials": 0,
  "complete": true,
  "accuracy_target": 0.75,
  "run_error": null,
  "mean_accuracy": 0.7528666666666667,
  "accuracy_std": 0.0022052966542697333,
  "mean_training_time": 5.329581587667538,
  "training_time_std": 0.012235361917253811,
  "mean_evaluation_time": 0.15167687733628554,
  "evaluation_time_std": 0.11954595713320644,
  "qualified": true,
  "official": false,
  "dataset": "CIFAR-100",
  "run_id": "20261003T220737Z-a6a6701d"
}
Results: /home/jovyan/work/arena3/baseline/results/arena/20261003T220737Z-a6a6701d
