INFO:arc_agi.scorecard:Initialized ScorecardManager with idle_for=0:15:00 and max_open_for=3 days, 0:00:00
2026-10-03 18:20:16 | INFO | Successfully fetched 25 environment(s) from API
2026-10-03 18:20:16 | INFO | Created new scorecard: 56145be8-0470-47a6-bbf8-ddc6fea68e71
2026-10-03 18:20:17 | INFO | Successfully fetched metadata for game ar25
2026-10-03 18:20:17 | INFO | Successfully loaded game class Ar25 from /Users/jdv/code/iterate/cache/arc_games/ar25/0c556536/ar25.py
train 33 recorded + 71 live (refuting move 64); artifacts /Users/jdv/code/iterate/artifacts/ar25/L3_f40_probe4_live70/live_devin

Objects of type `target` under action ACTION1 with touching neighbours [reflection,wall] show mixed outcomes: h,pixels x1, no_change x1. Find the condition in the before state that decides the outcome. Start from this kind of condition: a field of the object itself, such as its tags, pixels, visibility or layer. Verify it against every transition before you keep it.

Counterexample. Transition 97 in transitions.md (step 64, action 4) refuted every program of an earlier committee of 8 programs. Each replayed all the other transitions exactly and predicted this one wrong:

8 program(s) predicted:
  observed but not predicted: {"name": "piece_1", "type": "player", "x": 15, "y": 18, "w": 12, "h": 12, "layer": 4}
  observed but not predicted: {"name": "piece_2", "type": "player", "x": 30, "y": 45, "w": 6, "h": 12, "layer": 4}
  observed but not predicted: {"name": "counter", "type": "counter", "x": 63, "y": 1, "w": 1, "h": 63, "layer": 5}
  predicted but not observed: {"name": "piece_0", "type": "player", "x": 15, "y": 18, "w": 12, "h": 12, "layer": 4}
  predicted but not observed: {"name": "piece_1", "type": "player", "x": 30, "y": 45, "w": 6, "h": 12, "layer": 4}
  predicted but not observed: {"name": "counter", "type": "counter", "x": 63, "y": 0, "w": 1, "h": 64, "layer": 5}

Find the mechanic those programs missed. It must explain this transition and every earlier one, and it must not be a special case keyed to this step.

ar25 L3 live_devin run1: consistent=True train=104/104 test_acc=None turns=None wall=393.5s err=None
ar25 L3 live_devin run3: consistent=True train=104/104 test_acc=None turns=None wall=455.5s err=None
ar25 L3 live_devin run2: consistent=True train=104/104 test_acc=None turns=None wall=539.1s err=None
ar25 L3 live_devin run0: consistent=True train=104/104 test_acc=None turns=None wall=538.8s err=None
ar25 L3 live_devin run7: consistent=True train=104/104 test_acc=None turns=None wall=188.3s err=None
ar25 L3 live_devin run4: consistent=True train=104/104 test_acc=None turns=None wall=375.8s err=None
ar25 L3 live_devin run5: consistent=True train=104/104 test_acc=None turns=None wall=337.5s err=None
ar25 L3 live_devin run6: consistent=True train=104/104 test_acc=None turns=None wall=355.6s err=None
