full / committee                         DS 1.000 find 1.00 restraint +1.00 cost 0 ECE drv 0.23 1s
full / single: direct                    DS 0.766 find 0.88 restraint +0.88 cost 0 ECE drv 0.40 0s
full / single: conservative              DS 0.766 find 0.88 restraint +0.88 cost 0 ECE drv 0.40 0s
full / single: sparse                    DS 0.766 find 0.88 restraint +0.88 cost 0 ECE drv 0.40 0s
full / single: confounder                DS 0.766 find 0.88 restraint +0.88 cost 0 ECE drv 0.31 0s
full / single: upstream                  DS 0.766 find 0.88 restraint +0.88 cost 0 ECE drv 0.36 0s
full / single: interaction               DS 0.016 find 0.12 restraint +0.12 cost 0 ECE drv 0.33 1s
full / single: block                     DS 0.207 find 0.28 restraint +0.75 cost 0 ECE drv 0.77 0s
.venv/lib/python3.12/site-packages/statsmodels/discrete/discrete_model.py:268: ConvergenceWarning: Maximum Likelihood optimization failed to converge. Check mle_retvals
  mlefit = super().fit(
full: best single full / single: direct 0.766; median single 0.766
seq / committee, fixed design            DS 0.904 find 0.90 restraint +1.00 cost 6324 ECE drv 0.09 3s
.venv/lib/python3.12/site-packages/statsmodels/discrete/discrete_model.py:268: ConvergenceWarning: Maximum Likelihood optimization failed to converge. Check mle_retvals
  mlefit = super().fit(
seq / single: direct                     DS 0.682 find 0.78 restraint +0.88 cost 6696 ECE drv 0.22 0s
.venv/lib/python3.12/site-packages/statsmodels/discrete/discrete_model.py:268: ConvergenceWarning: Maximum Likelihood optimization failed to converge. Check mle_retvals
  mlefit = super().fit(
seq / single: conservative               DS 0.682 find 0.78 restraint +0.88 cost 6696 ECE drv 0.22 0s
.venv/lib/python3.12/site-packages/statsmodels/discrete/discrete_model.py:268: ConvergenceWarning: Maximum Likelihood optimization failed to converge. Check mle_retvals
  mlefit = super().fit(
seq / single: sparse                     DS 0.682 find 0.78 restraint +0.88 cost 6696 ECE drv 0.05 0s
.venv/lib/python3.12/site-packages/statsmodels/discrete/discrete_model.py:268: ConvergenceWarning: Maximum Likelihood optimization failed to converge. Check mle_retvals
  mlefit = super().fit(
seq / single: confounder                 DS 0.562 find 0.75 restraint +0.75 cost 6696 ECE drv 0.12 0s
.venv/lib/python3.12/site-packages/statsmodels/discrete/discrete_model.py:268: ConvergenceWarning: Maximum Likelihood optimization failed to converge. Check mle_retvals
  mlefit = super().fit(
seq / single: upstream                   DS 0.682 find 0.78 restraint +0.88 cost 6696 ECE drv 0.22 0s
seq / single: interaction                DS 0.016 find 0.12 restraint +0.12 cost 8928 ECE drv 0.00 1s
.venv/lib/python3.12/site-packages/statsmodels/discrete/discrete_model.py:268: ConvergenceWarning: Maximum Likelihood optimization failed to converge. Check mle_retvals
  mlefit = super().fit(
seq / single: block                      DS 0.171 find 0.27 restraint +0.62 cost 7440 ECE drv 0.66 0s
seq: best single seq / single: direct 0.682; median single 0.682
| Condition | DS | 95% | Find | Restraint | Strict | Cost | ECE P(signal) | ECE P(driver) | Members |
|---|---|---|---|---|---|---|---|---|---|
| full / committee | 1.000 | [+1.00, +1.00] | 1.00 | +1.00 | 1.00 | 0 | 0.01 | 0.23 | 2.7 |
| full / single: direct | 0.766 | [+0.39, +1.00] | 0.88 | +0.88 | 0.77 | 0 | 0.10 | 0.40 | 1.7 |
| full / single: conservative | 0.766 | [+0.39, +1.00] | 0.88 | +0.88 | 0.77 | 0 | 0.10 | 0.40 | 1.7 |
| full / single: sparse | 0.766 | [+0.39, +1.00] | 0.88 | +0.88 | 0.77 | 0 | 0.10 | 0.40 | 1.9 |
| full / single: confounder | 0.766 | [+0.39, +1.00] | 0.88 | +0.88 | 0.77 | 0 | 0.10 | 0.31 | 1.7 |
| full / single: upstream | 0.766 | [+0.39, +1.00] | 0.88 | +0.88 | 0.77 | 0 | 0.10 | 0.36 | 1.7 |
| full / single: interaction | 0.016 | [+0.00, +0.14] | 0.12 | +0.12 | 0.02 | 0 | 0.68 | 0.33 | 1.3 |
| full / single: block | 0.207 | [+0.00, +0.53] | 0.28 | +0.75 | 0.21 | 0 | 0.20 | 0.77 | 1.6 |
| seq / committee, fixed design | 0.904 | [+0.71, +1.00] | 0.90 | +1.00 | 0.90 | 6324 | 0.01 | 0.09 | 1.9 |
| seq / single: direct | 0.682 | [+0.33, +1.00] | 0.78 | +0.88 | 0.68 | 6696 | 0.12 | 0.22 | 1.7 |
| seq / single: conservative | 0.682 | [+0.33, +1.00] | 0.78 | +0.88 | 0.68 | 6696 | 0.12 | 0.22 | 1.7 |
| seq / single: sparse | 0.682 | [+0.33, +1.00] | 0.78 | +0.88 | 0.68 | 6696 | 0.14 | 0.05 | 1.7 |
| seq / single: confounder | 0.562 | [+0.25, +1.00] | 0.75 | +0.75 | 0.56 | 6696 | 0.16 | 0.12 | 1.7 |
| seq / single: upstream | 0.682 | [+0.33, +1.00] | 0.78 | +0.88 | 0.68 | 6696 | 0.12 | 0.22 | 1.7 |
| seq / single: interaction | 0.016 | [+0.00, +0.14] | 0.12 | +0.12 | 0.02 | 8928 | 0.70 | 0.00 | 1.1 |
| seq / single: block | 0.171 | [+0.00, +0.47] | 0.27 | +0.62 | 0.17 | 7440 | 0.33 | 0.66 | 1.5 |
