full_access oracle                   DS 1.000  0.6s
full_access random                   DS 0.000  0.7s
full_access univariate_bh            DS 0.276  2.0s
full_access lasso                    DS 0.222  401.1s
full_access elastic_net              DS 0.171  413.5s
full_access stability                DS 0.219  4.5s
full_access random_forest            DS 0.131  77.1s
full_access knockoffs                not installed: No module named 'knockpy'
full_access forward_score            DS 0.373  0.8s
full_access giant_list               DS 0.000  0.6s
full_access always_empty             DS 0.000  0.5s
full_access random_abstain           DS 0.000  0.6s
full_access leak_exploiter           DS 0.000  2.2s
full_access auc_maximiser            DS 0.000  5.2s
full_access famous_genes             DS 0.000  0.8s
full_access metadata_only            DS 0.000  0.7s
full_access variance_ranker          DS 0.000  0.6s
full_access hub_ranker               DS 0.000  0.8s
full_access cluster_size_ranker      DS 0.000  0.7s
full_access synthetic_ranker         DS 0.000  0.5s
wrote artifacts/onc/baselines_bench_first120_full-access.json and artifacts/onc/baselines_bench_first120_full-access.md in 913.3 s
exit 0
