arm 0/0 it  0 R +2.048 best +2.216 tau 0.529 stop_threshold 0.020 spend_cap 0.469 sharpness 0.921 39s
arm 0/0 it  1 R +2.076 best +2.250 tau 0.593 stop_threshold 0.022 spend_cap 0.416 sharpness 0.928 25s
arm 0/0 it  2 R +1.266 best +1.392 tau 0.616 stop_threshold 0.027 spend_cap 0.474 sharpness 1.014 18s
arm 0/0 it  3 R +1.961 best +2.000 tau 0.661 stop_threshold 0.026 spend_cap 0.491 sharpness 1.157 18s
arm 0/0 it  4 R +1.677 best +1.731 tau 0.676 stop_threshold 0.023 spend_cap 0.498 sharpness 1.200 17s
arm 0/0 it  5 R +2.189 best +2.230 tau 0.665 stop_threshold 0.025 spend_cap 0.524 sharpness 1.311 16s
arm 0/0 it  6 R +1.643 best +1.643 tau 0.665 stop_threshold 0.025 spend_cap 0.524 sharpness 1.311 20s
arm 0/0 it  7 R +2.158 best +2.392 tau 0.678 stop_threshold 0.026 spend_cap 0.486 sharpness 1.085 16s
arm 0/0.1 it  0 R +2.048 best +2.218 tau 0.529 stop_threshold 0.020 spend_cap 0.469 sharpness 0.919 35s
arm 0/0.1 it  1 R +2.066 best +2.234 tau 0.593 stop_threshold 0.023 spend_cap 0.415 sharpness 0.923 26s
arm 0/0.1 it  2 R +1.271 best +1.400 tau 0.616 stop_threshold 0.027 spend_cap 0.472 sharpness 1.007 22s
arm 0/0.1 it  3 R +1.955 best +2.000 tau 0.661 stop_threshold 0.026 spend_cap 0.486 sharpness 1.149 23s
arm 0/0.1 it  4 R +1.678 best +1.738 tau 0.677 stop_threshold 0.024 spend_cap 0.495 sharpness 1.189 27s
arm 0/0.1 it  5 R +2.185 best +2.229 tau 0.666 stop_threshold 0.025 spend_cap 0.521 sharpness 1.295 26s
arm 0/0.1 it  6 R +1.654 best +1.656 tau 0.611 stop_threshold 0.025 spend_cap 0.547 sharpness 1.307 30s
arm 0/0.1 it  7 R +2.237 best +2.381 tau 0.622 stop_threshold 0.028 spend_cap 0.493 sharpness 1.167 26s
arm 0/0.25 it  0 R +2.049 best +2.221 tau 0.529 stop_threshold 0.020 spend_cap 0.468 sharpness 0.917 35s
arm 0/0.25 it  1 R +2.050 best +2.211 tau 0.593 stop_threshold 0.023 spend_cap 0.412 sharpness 0.916 22s
arm 0/0.25 it  2 R +1.276 best +1.413 tau 0.617 stop_threshold 0.027 spend_cap 0.470 sharpness 0.993 15s
arm 0/0.25 it  3 R +1.945 best +2.000 tau 0.662 stop_threshold 0.026 spend_cap 0.480 sharpness 1.131 16s
arm 0/0.25 it  4 R +1.675 best +1.742 tau 0.677 stop_threshold 0.024 spend_cap 0.489 sharpness 1.168 14s
arm 0/0.25 it  5 R +2.178 best +2.228 tau 0.666 stop_threshold 0.025 spend_cap 0.517 sharpness 1.266 11s
arm 0/0.25 it  6 R +1.672 best +1.677 tau 0.610 stop_threshold 0.025 spend_cap 0.542 sharpness 1.278 13s
arm 0/0.25 it  7 R +2.222 best +2.364 tau 0.621 stop_threshold 0.028 spend_cap 0.488 sharpness 1.141 14s
arm 0/0.5 it  0 R +2.050 best +2.225 tau 0.529 stop_threshold 0.020 spend_cap 0.468 sharpness 0.912 28s
arm 0/0.5 it  1 R +2.023 best +2.172 tau 0.591 stop_threshold 0.023 spend_cap 0.409 sharpness 0.905 16s
arm 0/0.5 it  2 R +1.286 best +1.434 tau 0.617 stop_threshold 0.027 spend_cap 0.467 sharpness 0.975 17s
arm 0/0.5 it  3 R +1.930 best +2.000 tau 0.663 stop_threshold 0.027 spend_cap 0.470 sharpness 1.106 18s
arm 0/0.5 it  4 R +1.673 best +1.753 tau 0.676 stop_threshold 0.024 spend_cap 0.480 sharpness 1.136 19s
arm 0/0.5 it  5 R +2.162 best +2.225 tau 0.663 stop_threshold 0.026 spend_cap 0.508 sharpness 1.234 16s
arm 0/0.5 it  6 R +1.701 best +1.711 tau 0.602 stop_threshold 0.025 spend_cap 0.533 sharpness 1.223 19s
arm 0/0.5 it  7 R +2.196 best +2.335 tau 0.613 stop_threshold 0.028 spend_cap 0.479 sharpness 1.091 14s
arm 0.25/0 it  0 R +1.985 best +2.153 tau 0.530 stop_threshold 0.020 spend_cap 0.469 sharpness 0.917 19s
arm 0.25/0 it  1 R +1.992 best +2.172 tau 0.595 stop_threshold 0.023 spend_cap 0.412 sharpness 0.923 12s
arm 0.25/0 it  2 R +1.189 best +1.323 tau 0.618 stop_threshold 0.027 spend_cap 0.470 sharpness 1.003 14s
arm 0.25/0 it  3 R +1.906 best +1.961 tau 0.663 stop_threshold 0.026 spend_cap 0.484 sharpness 1.148 13s
arm 0.25/0 it  4 R +1.656 best +1.715 tau 0.681 stop_threshold 0.024 spend_cap 0.491 sharpness 1.159 13s
arm 0.25/0 it  5 R +2.148 best +2.194 tau 0.672 stop_threshold 0.025 spend_cap 0.518 sharpness 1.250 14s
arm 0.25/0 it  6 R +1.583 best +1.588 tau 0.693 stop_threshold 0.028 spend_cap 0.543 sharpness 1.354 14s
arm 0.25/0 it  7 R +2.132 best +2.294 tau 0.703 stop_threshold 0.031 spend_cap 0.489 sharpness 1.207 13s
arm 0.25/0.1 it  0 R +1.985 best +2.155 tau 0.529 stop_threshold 0.020 spend_cap 0.468 sharpness 0.915 25s
arm 0.25/0.1 it  1 R +1.981 best +2.156 tau 0.594 stop_threshold 0.023 spend_cap 0.411 sharpness 0.919 12s
arm 0.25/0.1 it  2 R +1.175 best +1.332 tau 0.628 stop_threshold 0.026 spend_cap 0.468 sharpness 0.954 11s
arm 0.25/0.1 it  3 R +1.900 best +1.961 tau 0.673 stop_threshold 0.026 spend_cap 0.479 sharpness 1.091 11s
arm 0.25/0.1 it  4 R +1.655 best +1.720 tau 0.689 stop_threshold 0.023 spend_cap 0.487 sharpness 1.105 11s
arm 0.25/0.1 it  5 R +2.143 best +2.193 tau 0.680 stop_threshold 0.025 spend_cap 0.514 sharpness 1.188 9s
arm 0.25/0.1 it  6 R +1.594 best +1.600 tau 0.660 stop_threshold 0.026 spend_cap 0.547 sharpness 1.243 14s
arm 0.25/0.1 it  7 R +2.122 best +2.283 tau 0.670 stop_threshold 0.029 spend_cap 0.493 sharpness 1.108 16s
arm 0.25/0.25 it  0 R +1.986 best +2.158 tau 0.529 stop_threshold 0.020 spend_cap 0.468 sharpness 0.912 19s
arm 0.25/0.25 it  1 R +1.965 best +2.133 tau 0.594 stop_threshold 0.023 spend_cap 0.409 sharpness 0.912 8s
arm 0.25/0.25 it  2 R +1.181 best +1.345 tau 0.628 stop_threshold 0.026 spend_cap 0.466 sharpness 0.945 9s
arm 0.25/0.25 it  3 R +1.890 best +1.961 tau 0.673 stop_threshold 0.026 spend_cap 0.473 sharpness 1.078 9s
arm 0.25/0.25 it  4 R +1.653 best +1.726 tau 0.689 stop_threshold 0.024 spend_cap 0.482 sharpness 1.089 10s
arm 0.25/0.25 it  5 R +2.133 best +2.187 tau 0.679 stop_threshold 0.025 spend_cap 0.509 sharpness 1.174 8s
arm 0.25/0.25 it  6 R +1.612 best +1.618 tau 0.640 stop_threshold 0.026 spend_cap 0.540 sharpness 1.205 11s
arm 0.25/0.25 it  7 R +2.107 best +2.266 tau 0.651 stop_threshold 0.028 spend_cap 0.486 sharpness 1.075 12s
arm 0.25/0.5 it  0 R +1.987 best +2.162 tau 0.529 stop_threshold 0.020 spend_cap 0.467 sharpness 0.909 16s
arm 0.25/0.5 it  1 R +1.939 best +2.094 tau 0.593 stop_threshold 0.023 spend_cap 0.406 sharpness 0.901 8s
arm 0.25/0.5 it  2 R +1.208 best +1.366 tau 0.619 stop_threshold 0.027 spend_cap 0.464 sharpness 0.964 10s
arm 0.25/0.5 it  3 R +1.875 best +1.961 tau 0.665 stop_threshold 0.027 spend_cap 0.464 sharpness 1.097 9s
arm 0.25/0.5 it  4 R +1.651 best +1.737 tau 0.680 stop_threshold 0.025 spend_cap 0.474 sharpness 1.102 9s
arm 0.25/0.5 it  5 R +2.120 best +2.185 tau 0.669 stop_threshold 0.026 spend_cap 0.503 sharpness 1.182 9s
arm 0.25/0.5 it  6 R +1.635 best +1.651 tau 0.651 stop_threshold 0.024 spend_cap 0.506 sharpness 1.125 11s
arm 0.25/0.5 it  7 R +1.995 best +2.237 tau 0.666 stop_threshold 0.026 spend_cap 0.463 sharpness 0.947 9s
arm 0.5/0 it  0 R +1.922 best +2.090 tau 0.530 stop_threshold 0.020 spend_cap 0.468 sharpness 0.912 16s
arm 0.5/0 it  1 R +1.908 best +2.094 tau 0.596 stop_threshold 0.023 spend_cap 0.409 sharpness 0.919 10s
arm 0.5/0 it  2 R +1.093 best +1.255 tau 0.630 stop_threshold 0.026 spend_cap 0.466 sharpness 0.950 9s
arm 0.5/0 it  3 R +1.851 best +1.922 tau 0.675 stop_threshold 0.026 spend_cap 0.477 sharpness 1.089 11s
arm 0.5/0 it  4 R +1.634 best +1.699 tau 0.693 stop_threshold 0.024 spend_cap 0.484 sharpness 1.080 10s
arm 0.5/0 it  5 R +2.106 best +2.158 tau 0.685 stop_threshold 0.025 spend_cap 0.511 sharpness 1.150 9s
arm 0.5/0 it  6 R +1.522 best +1.533 tau 0.691 stop_threshold 0.027 spend_cap 0.542 sharpness 1.242 11s
arm 0.5/0 it  7 R +2.017 best +2.196 tau 0.701 stop_threshold 0.030 spend_cap 0.488 sharpness 1.107 12s
arm 0.5/0.1 it  0 R +1.923 best +2.094 tau 0.530 stop_threshold 0.020 spend_cap 0.468 sharpness 0.911 17s
arm 0.5/0.1 it  1 R +1.897 best +2.078 tau 0.595 stop_threshold 0.023 spend_cap 0.408 sharpness 0.915 10s
arm 0.5/0.1 it  2 R +1.097 best +1.264 tau 0.630 stop_threshold 0.026 spend_cap 0.465 sharpness 0.944 9s
arm 0.5/0.1 it  3 R +1.845 best +1.922 tau 0.675 stop_threshold 0.026 spend_cap 0.473 sharpness 1.081 9s
arm 0.5/0.1 it  4 R +1.633 best +1.703 tau 0.693 stop_threshold 0.024 spend_cap 0.481 sharpness 1.071 8s
arm 0.5/0.1 it  5 R +2.099 best +2.148 tau 0.684 stop_threshold 0.025 spend_cap 0.508 sharpness 1.145 9s
arm 0.5/0.1 it  6 R +1.534 best +1.545 tau 0.674 stop_threshold 0.027 spend_cap 0.540 sharpness 1.220 12s
arm 0.5/0.1 it  7 R +2.007 best +2.185 tau 0.684 stop_threshold 0.030 spend_cap 0.486 sharpness 1.087 14s
arm 0.5/0.25 it  0 R +1.923 best +2.101 tau 0.530 stop_threshold 0.020 spend_cap 0.467 sharpness 0.909 19s
arm 0.5/0.25 it  1 R +1.881 best +2.055 tau 0.595 stop_threshold 0.023 spend_cap 0.406 sharpness 0.908 9s
arm 0.5/0.25 it  2 R +1.103 best +1.276 tau 0.629 stop_threshold 0.026 spend_cap 0.463 sharpness 0.935 9s
arm 0.5/0.25 it  3 R +1.835 best +1.922 tau 0.675 stop_threshold 0.026 spend_cap 0.467 sharpness 1.069 9s
arm 0.5/0.25 it  4 R +1.632 best +1.710 tau 0.692 stop_threshold 0.024 spend_cap 0.475 sharpness 1.056 10s
arm 0.5/0.25 it  5 R +2.091 best +2.146 tau 0.683 stop_threshold 0.026 spend_cap 0.504 sharpness 1.126 10s
arm 0.5/0.25 it  6 R +1.550 best +1.563 tau 0.710 stop_threshold 0.027 spend_cap 0.534 sharpness 1.196 13s
arm 0.5/0.25 it  7 R +1.989 best +2.168 tau 0.719 stop_threshold 0.030 spend_cap 0.481 sharpness 1.066 13s
arm 0.5/0.5 it  0 R +1.924 best +2.113 tau 0.530 stop_threshold 0.020 spend_cap 0.467 sharpness 0.905 16s
arm 0.5/0.5 it  1 R +1.855 best +2.016 tau 0.594 stop_threshold 0.023 spend_cap 0.403 sharpness 0.898 9s
arm 0.5/0.5 it  2 R +1.130 best +1.298 tau 0.621 stop_threshold 0.027 spend_cap 0.461 sharpness 0.954 9s
arm 0.5/0.5 it  3 R +1.819 best +1.922 tau 0.667 stop_threshold 0.027 spend_cap 0.459 sharpness 1.087 8s
arm 0.5/0.5 it  4 R +1.620 best +1.721 tau 0.685 stop_threshold 0.026 spend_cap 0.472 sharpness 0.993 7s
arm 0.5/0.5 it  5 R +2.078 best +2.144 tau 0.674 stop_threshold 0.027 spend_cap 0.502 sharpness 1.054 8s
arm 0.5/0.5 it  6 R +1.575 best +1.592 tau 0.667 stop_threshold 0.026 spend_cap 0.513 sharpness 1.043 10s
arm 0.5/0.5 it  7 R +1.878 best +2.139 tau 0.683 stop_threshold 0.029 spend_cap 0.469 sharpness 0.884 11s
arm 1/0 it  0 R +1.797 best +1.992 tau 0.530 stop_threshold 0.020 spend_cap 0.467 sharpness 0.905 19s
arm 1/0 it  1 R +1.739 best +1.938 tau 0.597 stop_threshold 0.023 spend_cap 0.404 sharpness 0.911 10s
arm 1/0 it  2 R +0.937 best +1.118 tau 0.632 stop_threshold 0.027 spend_cap 0.460 sharpness 0.930 11s
arm 1/0 it  3 R +1.741 best +1.844 tau 0.678 stop_threshold 0.026 spend_cap 0.467 sharpness 1.070 9s
arm 1/0 it  4 R +1.591 best +1.667 tau 0.698 stop_threshold 0.024 spend_cap 0.472 sharpness 1.017 10s
arm 1/0 it  5 R +2.019 best +2.067 tau 0.692 stop_threshold 0.026 spend_cap 0.500 sharpness 1.065 10s
arm 1/0 it  6 R +1.401 best +1.421 tau 0.724 stop_threshold 0.029 spend_cap 0.527 sharpness 1.171 12s
arm 1/0 it  7 R +1.727 best +2.000 tau 0.743 stop_threshold 0.032 spend_cap 0.471 sharpness 1.054 10s
arm 1/0.1 it  0 R +1.797 best +1.996 tau 0.530 stop_threshold 0.020 spend_cap 0.466 sharpness 0.903 17s
arm 1/0.1 it  1 R +1.729 best +1.922 tau 0.597 stop_threshold 0.023 spend_cap 0.403 sharpness 0.907 9s
arm 1/0.1 it  2 R +0.941 best +1.127 tau 0.632 stop_threshold 0.027 spend_cap 0.459 sharpness 0.925 10s
arm 1/0.1 it  3 R +1.735 best +1.844 tau 0.678 stop_threshold 0.026 spend_cap 0.463 sharpness 1.063 10s
arm 1/0.1 it  4 R +1.584 best +1.671 tau 0.699 stop_threshold 0.025 spend_cap 0.471 sharpness 0.963 8s
arm 1/0.1 it  5 R +2.014 best +2.066 tau 0.692 stop_threshold 0.027 spend_cap 0.500 sharpness 1.010 8s
arm 1/0.1 it  6 R +1.411 best +1.429 tau 0.721 stop_threshold 0.029 spend_cap 0.527 sharpness 1.116 10s
arm 1/0.1 it  7 R +1.717 best +1.989 tau 0.740 stop_threshold 0.033 spend_cap 0.472 sharpness 1.004 11s
arm 1/0.25 it  0 R +1.798 best +2.003 tau 0.530 stop_threshold 0.020 spend_cap 0.466 sharpness 0.902 22s
arm 1/0.25 it  1 R +1.713 best +1.899 tau 0.596 stop_threshold 0.023 spend_cap 0.401 sharpness 0.902 10s
arm 1/0.25 it  2 R +0.947 best +1.140 tau 0.632 stop_threshold 0.027 spend_cap 0.457 sharpness 0.918 11s
arm 1/0.25 it  3 R +1.681 best +1.844 tau 0.672 stop_threshold 0.023 spend_cap 0.458 sharpness 1.075 11s
arm 1/0.25 it  4 R +1.582 best +1.678 tau 0.693 stop_threshold 0.022 spend_cap 0.467 sharpness 0.975 11s
arm 1/0.25 it  5 R +1.975 best +2.065 tau 0.700 stop_threshold 0.020 spend_cap 0.499 sharpness 0.924 9s
arm 1/0.25 it  6 R +1.429 best +1.454 tau 0.728 stop_threshold 0.022 spend_cap 0.526 sharpness 1.017 12s
arm 1/0.25 it  7 R +1.665 best +1.972 tau 0.743 stop_threshold 0.024 spend_cap 0.480 sharpness 0.870 12s
arm 1/0.5 it  0 R +1.799 best +2.015 tau 0.530 stop_threshold 0.020 spend_cap 0.466 sharpness 0.899 17s
arm 1/0.5 it  1 R +1.686 best +1.860 tau 0.595 stop_threshold 0.023 spend_cap 0.399 sharpness 0.893 10s
arm 1/0.5 it  2 R +0.958 best +1.161 tau 0.631 stop_threshold 0.027 spend_cap 0.455 sharpness 0.906 10s
arm 1/0.5 it  3 R +1.664 best +1.844 tau 0.672 stop_threshold 0.023 spend_cap 0.451 sharpness 1.060 10s
arm 1/0.5 it  4 R +1.581 best +1.688 tau 0.692 stop_threshold 0.022 spend_cap 0.461 sharpness 0.963 10s
arm 1/0.5 it  5 R +1.963 best +2.062 tau 0.698 stop_threshold 0.021 spend_cap 0.494 sharpness 0.909 10s
arm 1/0.5 it  6 R +1.456 best +1.484 tau 0.723 stop_threshold 0.022 spend_cap 0.522 sharpness 0.989 12s
arm 1/0.5 it  7 R +1.643 best +1.944 tau 0.738 stop_threshold 0.024 spend_cap 0.475 sharpness 0.849 14s
## dev_seq (dev worlds are not benchmark results)

| Arm | λ_cal | λ_dis | tau | stop | cap | sharp | DS | 95% | Find | Restraint | Strict | Leak | Cost | Acq gap | ECE P(sig) | ECE P(drv) | Brier held-out | ACI cov / commit | members | driver sets |
|---|---|---|---|---|---|---|---|---|---|---|---|---|---|---|---|---|---|---|---|---|
| untrained | 0.00 | 0.00 | 0.50 | 0.020 | 0.50 | 1.00 | 0.390 | [+0.08, +0.77] | 0.87 | +0.45 | 0.39 | 0.00 | 7583 | 0.06 | 0.123 | 0.233 | 0.208 | 0.90 / 0.39 | 2.1 | 2.1 |
| 0/0 | 0.00 | 0.00 | 0.68 | 0.026 | 0.49 | 1.08 | 0.535 | [+0.19, +0.81] | 0.87 | +0.62 | 0.54 | 0.00 | 7583 | 0.06 | 0.123 | 0.227 | 0.208 | 0.90 / 0.39 | 2.1 | 2.1 |
| 0/0.1 | 0.00 | 0.10 | 0.62 | 0.028 | 0.49 | 1.17 | 0.535 | [+0.19, +0.81] | 0.87 | +0.62 | 0.54 | 0.00 | 7583 | 0.06 | 0.123 | 0.230 | 0.208 | 0.90 / 0.39 | 2.1 | 2.1 |
| 0/0.25 | 0.00 | 0.25 | 0.62 | 0.028 | 0.49 | 1.14 | 0.535 | [+0.19, +0.81] | 0.87 | +0.62 | 0.54 | 0.00 | 7583 | 0.06 | 0.123 | 0.229 | 0.208 | 0.90 / 0.39 | 2.1 | 2.1 |
| 0/0.5 | 0.00 | 0.50 | 0.61 | 0.028 | 0.48 | 1.09 | 0.535 | [+0.19, +0.81] | 0.87 | +0.62 | 0.54 | 0.00 | 7583 | 0.06 | 0.123 | 0.227 | 0.208 | 0.90 / 0.39 | 2.1 | 2.1 |
| 0.25/0 | 0.25 | 0.00 | 0.70 | 0.031 | 0.49 | 1.21 | 0.535 | [+0.19, +0.81] | 0.87 | +0.62 | 0.54 | 0.00 | 7583 | 0.06 | 0.124 | 0.232 | 0.208 | 0.90 / 0.39 | 2.1 | 2.1 |
| 0.25/0.1 | 0.25 | 0.10 | 0.67 | 0.029 | 0.49 | 1.11 | 0.535 | [+0.19, +0.81] | 0.87 | +0.62 | 0.54 | 0.00 | 7583 | 0.06 | 0.123 | 0.228 | 0.208 | 0.90 / 0.39 | 2.1 | 2.1 |
| 0.25/0.25 | 0.25 | 0.25 | 0.65 | 0.028 | 0.49 | 1.08 | 0.535 | [+0.19, +0.81] | 0.87 | +0.62 | 0.54 | 0.00 | 7583 | 0.06 | 0.123 | 0.226 | 0.208 | 0.90 / 0.39 | 2.1 | 2.1 |
| 0.25/0.5 | 0.25 | 0.50 | 0.67 | 0.026 | 0.46 | 0.95 | 0.535 | [+0.19, +0.81] | 0.87 | +0.62 | 0.54 | 0.00 | 7583 | 0.06 | 0.123 | 0.220 | 0.208 | 0.90 / 0.39 | 2.1 | 2.1 |
| 0.5/0 | 0.50 | 0.00 | 0.70 | 0.030 | 0.49 | 1.11 | 0.535 | [+0.19, +0.81] | 0.87 | +0.62 | 0.54 | 0.00 | 7583 | 0.06 | 0.123 | 0.228 | 0.208 | 0.90 / 0.39 | 2.1 | 2.1 |
| 0.5/0.1 | 0.50 | 0.10 | 0.68 | 0.030 | 0.49 | 1.09 | 0.535 | [+0.19, +0.81] | 0.87 | +0.62 | 0.54 | 0.00 | 7583 | 0.06 | 0.123 | 0.227 | 0.208 | 0.90 / 0.39 | 2.1 | 2.1 |
| 0.5/0.25 | 0.50 | 0.25 | 0.72 | 0.030 | 0.48 | 1.07 | 0.535 | [+0.19, +0.81] | 0.87 | +0.62 | 0.54 | 0.00 | 7583 | 0.06 | 0.123 | 0.226 | 0.208 | 0.90 / 0.39 | 2.1 | 2.1 |
| 0.5/0.5 | 0.50 | 0.50 | 0.68 | 0.029 | 0.47 | 0.88 | 0.535 | [+0.19, +0.81] | 0.87 | +0.62 | 0.54 | 0.00 | 7583 | 0.06 | 0.123 | 0.217 | 0.209 | 0.90 / 0.39 | 2.1 | 2.1 |
| 1/0 | 1.00 | 0.00 | 0.74 | 0.032 | 0.47 | 1.05 | 0.535 | [+0.19, +0.81] | 0.87 | +0.62 | 0.54 | 0.00 | 7583 | 0.06 | 0.123 | 0.205 | 0.208 | 0.90 / 0.39 | 2.1 | 2.1 |
| 1/0.1 | 1.00 | 0.10 | 0.74 | 0.033 | 0.47 | 1.00 | 0.535 | [+0.19, +0.81] | 0.87 | +0.62 | 0.54 | 0.00 | 7583 | 0.06 | 0.123 | 0.223 | 0.208 | 0.90 / 0.39 | 2.1 | 2.1 |
| 1/0.25 | 1.00 | 0.25 | 0.74 | 0.024 | 0.48 | 0.87 | 0.535 | [+0.19, +0.81] | 0.87 | +0.62 | 0.54 | 0.00 | 7583 | 0.06 | 0.123 | 0.197 | 0.209 | 0.90 / 0.39 | 2.1 | 2.1 |
| 1/0.5 | 1.00 | 0.50 | 0.74 | 0.024 | 0.47 | 0.85 | 0.535 | [+0.19, +0.81] | 0.87 | +0.62 | 0.54 | 0.00 | 7583 | 0.06 | 0.123 | 0.215 | 0.209 | 0.90 / 0.39 | 2.1 | 2.1 |

## toy_seq (dev worlds are not benchmark results)

| Arm | λ_cal | λ_dis | tau | stop | cap | sharp | DS | 95% | Find | Restraint | Strict | Leak | Cost | Acq gap | ECE P(sig) | ECE P(drv) | Brier held-out | ACI cov / commit | members | driver sets |
|---|---|---|---|---|---|---|---|---|---|---|---|---|---|---|---|---|---|---|---|---|

## dev_full (dev worlds are not benchmark results)

| Arm | λ_cal | λ_dis | tau | stop | cap | sharp | DS | 95% | Find | Restraint | Strict | Leak | Cost | Acq gap | ECE P(sig) | ECE P(drv) | Brier held-out | ACI cov / commit | members | driver sets |
|---|---|---|---|---|---|---|---|---|---|---|---|---|---|---|---|---|---|---|---|---|

## toy_full (dev worlds are not benchmark results)

| Arm | λ_cal | λ_dis | tau | stop | cap | sharp | DS | 95% | Find | Restraint | Strict | Leak | Cost | Acq gap | ECE P(sig) | ECE P(drv) | Brier held-out | ACI cov / commit | members | driver sets |
|---|---|---|---|---|---|---|---|---|---|---|---|---|---|---|---|---|---|---|---|---|

done
