arm A it  0 R +2.048 best +2.216 tau 0.529 stop_threshold 0.020 spend_cap 0.469 sharpness 0.921 54s
arm A it  1 R +2.076 best +2.250 tau 0.593 stop_threshold 0.022 spend_cap 0.416 sharpness 0.928 43s
arm A it  2 R +1.266 best +1.392 tau 0.616 stop_threshold 0.027 spend_cap 0.474 sharpness 1.014 37s
arm A it  3 R +1.961 best +2.000 tau 0.661 stop_threshold 0.026 spend_cap 0.491 sharpness 1.157 39s
arm A it  4 R +1.677 best +1.731 tau 0.676 stop_threshold 0.023 spend_cap 0.498 sharpness 1.200 38s
arm A it  5 R +2.189 best +2.230 tau 0.665 stop_threshold 0.025 spend_cap 0.524 sharpness 1.311 29s
arm A it  6 R +1.643 best +1.643 tau 0.665 stop_threshold 0.025 spend_cap 0.524 sharpness 1.311 28s
arm A it  7 R +2.158 best +2.392 tau 0.678 stop_threshold 0.026 spend_cap 0.486 sharpness 1.085 19s
arm A it  8 R +2.172 best +2.250 tau 0.646 stop_threshold 0.030 spend_cap 0.403 sharpness 1.213 18s
arm A it  9 R +1.662 best +1.841 tau 0.670 stop_threshold 0.034 spend_cap 0.438 sharpness 1.293 18s
arm A it 10 R +1.778 best +1.931 tau 0.666 stop_threshold 0.038 spend_cap 0.470 sharpness 1.181 18s
arm A it 11 R +0.966 best +1.192 tau 0.634 stop_threshold 0.037 spend_cap 0.484 sharpness 1.089 22s
arm B it  0 R +1.922 best +2.090 tau 0.530 stop_threshold 0.020 spend_cap 0.468 sharpness 0.912 27s
arm B it  1 R +1.908 best +2.094 tau 0.596 stop_threshold 0.023 spend_cap 0.409 sharpness 0.919 17s
arm B it  2 R +1.093 best +1.255 tau 0.630 stop_threshold 0.026 spend_cap 0.466 sharpness 0.950 16s
arm B it  3 R +1.851 best +1.922 tau 0.675 stop_threshold 0.026 spend_cap 0.477 sharpness 1.089 14s
arm B it  4 R +1.634 best +1.699 tau 0.693 stop_threshold 0.024 spend_cap 0.484 sharpness 1.080 15s
arm B it  5 R +2.106 best +2.158 tau 0.685 stop_threshold 0.025 spend_cap 0.511 sharpness 1.150 15s
arm B it  6 R +1.522 best +1.533 tau 0.691 stop_threshold 0.027 spend_cap 0.542 sharpness 1.242 18s
arm B it  7 R +2.017 best +2.196 tau 0.701 stop_threshold 0.030 spend_cap 0.488 sharpness 1.107 18s
arm B it  8 R +2.094 best +2.219 tau 0.670 stop_threshold 0.034 spend_cap 0.403 sharpness 1.268 13s
arm B it  9 R +1.520 best +1.733 tau 0.695 stop_threshold 0.039 spend_cap 0.435 sharpness 1.344 14s
arm B it 10 R +1.681 best +1.800 tau 0.703 stop_threshold 0.044 spend_cap 0.456 sharpness 1.219 13s
arm B it 11 R +0.786 best +1.111 tau 0.669 stop_threshold 0.044 spend_cap 0.488 sharpness 1.188 14s
arm C it  0 R +2.049 best +2.221 tau 0.529 stop_threshold 0.020 spend_cap 0.468 sharpness 0.917 23s
arm C it  1 R +2.050 best +2.211 tau 0.593 stop_threshold 0.023 spend_cap 0.412 sharpness 0.916 14s
arm C it  2 R +1.276 best +1.413 tau 0.617 stop_threshold 0.027 spend_cap 0.470 sharpness 0.993 14s
arm C it  3 R +1.945 best +2.000 tau 0.662 stop_threshold 0.026 spend_cap 0.480 sharpness 1.131 13s
arm C it  4 R +1.675 best +1.742 tau 0.677 stop_threshold 0.024 spend_cap 0.489 sharpness 1.168 12s
arm C it  5 R +2.178 best +2.228 tau 0.666 stop_threshold 0.025 spend_cap 0.517 sharpness 1.266 15s
arm C it  6 R +1.672 best +1.677 tau 0.610 stop_threshold 0.025 spend_cap 0.542 sharpness 1.278 23s
arm C it  7 R +2.222 best +2.364 tau 0.621 stop_threshold 0.028 spend_cap 0.488 sharpness 1.141 18s
arm C it  8 R +2.157 best +2.250 tau 0.586 stop_threshold 0.032 spend_cap 0.404 sharpness 1.292 14s
arm C it  9 R +1.624 best +1.781 tau 0.611 stop_threshold 0.036 spend_cap 0.440 sharpness 1.382 15s
arm C it 10 R +1.863 best +1.947 tau 0.627 stop_threshold 0.039 spend_cap 0.449 sharpness 1.485 15s
arm C it 11 R +0.907 best +1.191 tau 0.588 stop_threshold 0.039 spend_cap 0.482 sharpness 1.445 13s
arm D it  0 R +1.923 best +2.101 tau 0.530 stop_threshold 0.020 spend_cap 0.467 sharpness 0.909 28s
arm D it  1 R +1.881 best +2.055 tau 0.595 stop_threshold 0.023 spend_cap 0.406 sharpness 0.908 21s
arm D it  2 R +1.103 best +1.276 tau 0.629 stop_threshold 0.026 spend_cap 0.463 sharpness 0.935 17s
arm D it  3 R +1.835 best +1.922 tau 0.675 stop_threshold 0.026 spend_cap 0.467 sharpness 1.069 15s
arm D it  4 R +1.632 best +1.710 tau 0.692 stop_threshold 0.024 spend_cap 0.475 sharpness 1.056 18s
arm D it  5 R +2.091 best +2.146 tau 0.683 stop_threshold 0.026 spend_cap 0.504 sharpness 1.126 15s
arm D it  6 R +1.550 best +1.563 tau 0.710 stop_threshold 0.027 spend_cap 0.534 sharpness 1.196 18s
arm D it  7 R +1.989 best +2.168 tau 0.719 stop_threshold 0.030 spend_cap 0.481 sharpness 1.066 20s
arm D it  8 R +2.080 best +2.219 tau 0.689 stop_threshold 0.034 spend_cap 0.395 sharpness 1.234 20s
arm D it  9 R +1.483 best +1.674 tau 0.712 stop_threshold 0.039 spend_cap 0.428 sharpness 1.311 15s
arm D it 10 R +1.690 best +1.815 tau 0.721 stop_threshold 0.044 spend_cap 0.448 sharpness 1.194 9s
arm D it 11 R +0.786 best +1.110 tau 0.687 stop_threshold 0.044 spend_cap 0.480 sharpness 1.163 11s
## dev_seq (dev worlds are not benchmark results)

| Arm | λ_cal | λ_dis | tau | stop | cap | sharp | DS | 95% | Find | Restraint | Strict | Leak | Cost | Acq gap | ECE P(sig) | ECE P(drv) | Brier held-out | ACI cov / commit | members | driver sets |
|---|---|---|---|---|---|---|---|---|---|---|---|---|---|---|---|---|---|---|---|---|
| untrained | 0.00 | 0.00 | 0.50 | 0.020 | 0.50 | 1.00 | 0.390 | [+0.08, +0.77] | 0.87 | +0.45 | 0.39 | 0.00 | 7583 | 0.06 | 0.123 | 0.233 | 0.208 | 0.90 / 0.39 | 2.1 | 2.1 |
| A | 0.00 | 0.00 | 0.63 | 0.037 | 0.48 | 1.09 | 0.535 | [+0.19, +0.81] | 0.87 | +0.62 | 0.54 | 0.00 | 7583 | 0.06 | 0.123 | 0.227 | 0.208 | 0.90 / 0.39 | 2.1 | 2.1 |
| B | 0.50 | 0.00 | 0.67 | 0.044 | 0.49 | 1.19 | 0.535 | [+0.19, +0.81] | 0.87 | +0.62 | 0.54 | 0.00 | 7583 | 0.06 | 0.124 | 0.231 | 0.208 | 0.90 / 0.39 | 2.1 | 2.1 |
| C | 0.00 | 0.25 | 0.59 | 0.039 | 0.48 | 1.44 | 0.535 | [+0.19, +0.81] | 0.87 | +0.62 | 0.54 | 0.00 | 7583 | 0.06 | 0.124 | 0.239 | 0.211 | 0.90 / 0.39 | 2.1 | 2.1 |
| D | 0.50 | 0.25 | 0.69 | 0.044 | 0.48 | 1.16 | 0.535 | [+0.19, +0.81] | 0.87 | +0.62 | 0.54 | 0.00 | 7583 | 0.06 | 0.123 | 0.230 | 0.208 | 0.90 / 0.39 | 2.1 | 2.1 |

## toy_seq (dev worlds are not benchmark results)

| Arm | λ_cal | λ_dis | tau | stop | cap | sharp | DS | 95% | Find | Restraint | Strict | Leak | Cost | Acq gap | ECE P(sig) | ECE P(drv) | Brier held-out | ACI cov / commit | members | driver sets |
|---|---|---|---|---|---|---|---|---|---|---|---|---|---|---|---|---|---|---|---|---|
| untrained | 0.00 | 0.00 | 0.50 | 0.020 | 0.50 | 1.00 | 0.935 | [+0.81, +1.00] | 0.94 | +1.00 | 0.94 | 0.00 | 6696 | 0.18 | 0.013 | 0.130 | 0.239 | 0.91 / 0.18 | 1.9 | 1.9 |
| A | 0.00 | 0.00 | 0.63 | 0.037 | 0.48 | 1.09 | 0.935 | [+0.81, +1.00] | 0.94 | +1.00 | 0.94 | 0.00 | 6696 | 0.18 | 0.011 | 0.135 | 0.240 | 0.91 / 0.18 | 1.9 | 1.9 |
| B | 0.50 | 0.00 | 0.67 | 0.044 | 0.49 | 1.19 | 0.935 | [+0.81, +1.00] | 0.94 | +1.00 | 0.94 | 0.00 | 6696 | 0.18 | 0.008 | 0.140 | 0.243 | 0.91 / 0.18 | 1.9 | 1.9 |
| C | 0.00 | 0.25 | 0.59 | 0.039 | 0.48 | 1.44 | 0.935 | [+0.81, +1.00] | 0.94 | +1.00 | 0.94 | 0.00 | 6696 | 0.18 | 0.004 | 0.149 | 0.249 | 0.91 / 0.18 | 1.9 | 1.9 |
| D | 0.50 | 0.25 | 0.69 | 0.044 | 0.48 | 1.16 | 0.935 | [+0.81, +1.00] | 0.94 | +1.00 | 0.94 | 0.00 | 6696 | 0.18 | 0.009 | 0.139 | 0.242 | 0.91 / 0.18 | 1.9 | 1.9 |

## dev_full (dev worlds are not benchmark results)

| Arm | λ_cal | λ_dis | tau | stop | cap | sharp | DS | 95% | Find | Restraint | Strict | Leak | Cost | Acq gap | ECE P(sig) | ECE P(drv) | Brier held-out | ACI cov / commit | members | driver sets |
|---|---|---|---|---|---|---|---|---|---|---|---|---|---|---|---|---|---|---|---|---|
| untrained | 0.00 | 0.00 | 0.50 | 0.020 | 0.50 | 1.00 | 0.833 | [+0.50, +1.00] | 1.00 | +0.83 | 0.83 | 0.00 | 0 | 0.00 | 0.032 | 0.427 | nan | n/a | 2.6 | 2.6 |
| A | 0.00 | 0.00 | 0.63 | 0.037 | 0.48 | 1.09 | 0.833 | [+0.50, +1.00] | 1.00 | +0.83 | 0.83 | 0.00 | 0 | 0.00 | 0.033 | 0.399 | nan | n/a | 2.6 | 2.6 |
| B | 0.50 | 0.00 | 0.67 | 0.044 | 0.49 | 1.19 | 0.833 | [+0.50, +1.00] | 1.00 | +0.83 | 0.83 | 0.00 | 0 | 0.00 | 0.033 | 0.396 | nan | n/a | 2.6 | 2.6 |
| C | 0.00 | 0.25 | 0.59 | 0.039 | 0.48 | 1.44 | 0.833 | [+0.50, +1.00] | 1.00 | +0.83 | 0.83 | 0.00 | 0 | 0.00 | 0.035 | 0.410 | nan | n/a | 2.6 | 2.6 |
| D | 0.50 | 0.25 | 0.69 | 0.044 | 0.48 | 1.16 | 0.833 | [+0.50, +1.00] | 1.00 | +0.83 | 0.83 | 0.00 | 0 | 0.00 | 0.033 | 0.387 | nan | n/a | 2.6 | 2.6 |

## toy_full (dev worlds are not benchmark results)

| Arm | λ_cal | λ_dis | tau | stop | cap | sharp | DS | 95% | Find | Restraint | Strict | Leak | Cost | Acq gap | ECE P(sig) | ECE P(drv) | Brier held-out | ACI cov / commit | members | driver sets |
|---|---|---|---|---|---|---|---|---|---|---|---|---|---|---|---|---|---|---|---|---|
| untrained | 0.00 | 0.00 | 0.50 | 0.020 | 0.50 | 1.00 | 1.000 | [+1.00, +1.00] | 1.00 | +1.00 | 1.00 | 0.00 | 0 | 0.00 | 0.014 | 0.225 | nan | n/a | 2.7 | 2.7 |
| A | 0.00 | 0.00 | 0.63 | 0.037 | 0.48 | 1.09 | 1.000 | [+1.00, +1.00] | 1.00 | +1.00 | 1.00 | 0.00 | 0 | 0.00 | 0.011 | 0.229 | nan | n/a | 2.7 | 2.7 |
| B | 0.50 | 0.00 | 0.67 | 0.044 | 0.49 | 1.19 | 1.000 | [+1.00, +1.00] | 1.00 | +1.00 | 1.00 | 0.00 | 0 | 0.00 | 0.009 | 0.232 | nan | n/a | 2.7 | 2.7 |
| C | 0.00 | 0.25 | 0.59 | 0.039 | 0.48 | 1.44 | 1.000 | [+1.00, +1.00] | 1.00 | +1.00 | 1.00 | 0.00 | 0 | 0.00 | 0.006 | 0.239 | nan | n/a | 2.7 | 2.7 |
| D | 0.50 | 0.25 | 0.69 | 0.044 | 0.48 | 1.16 | 1.000 | [+1.00, +1.00] | 1.00 | +1.00 | 1.00 | 0.00 | 0 | 0.00 | 0.010 | 0.198 | nan | n/a | 2.7 | 2.7 |

done
