Vocab size: 8,192
Model config: {'sequence_len': 2048, 'vocab_size': 8192, 'n_layer': 10, 'n_head': 5, 'n_kv_head': 5, 'n_embd': 640, 'window_pattern': 'SSSL'}
Parameter counts:
  wte                     : 5,242,880
  value_embeds            : 26,214,400
  lm_head                 : 5,242,880
  transformer_matrices    : 49,152,800
  scalars                 : 20
  total                   : 85,852,980
Estimated FLOPs per token: 4.286102e+08
Scaling AdamW LRs by 1/sqrt(640/768) = 1.095445
Time budget: 300s
Gradient accumulation steps: 2

step 00000 (0.0%) | loss: 9.011301 | lrm: 1.00 | dt: 18206ms | tok/sec: 28,797 | mfu: 1.2% | epoch: 1 | remaining: 300s    
step 00001 (0.0%) | loss: 9.212152 | lrm: 1.00 | dt: 1039ms | tok/sec: 504,735 | mfu: 21.9% | epoch: 1 | remaining: 300s    
step 00002 (0.0%) | loss: 8.979123 | lrm: 1.00 | dt: 1026ms | tok/sec: 510,854 | mfu: 22.1% | epoch: 1 | remaining: 300s    
step 00003 (0.0%) | loss: 8.541255 | lrm: 1.00 | dt: 1025ms | tok/sec: 511,257 | mfu: 22.1% | epoch: 1 | remaining: 300s    
step 00004 (0.0%) | loss: 8.111658 | lrm: 1.00 | dt: 1026ms | tok/sec: 511,091 | mfu: 22.1% | epoch: 1 | remaining: 300s    
step 00005 (0.0%) | loss: 7.721960 | lrm: 1.00 | dt: 1026ms | tok/sec: 511,104 | mfu: 22.1% | epoch: 1 | remaining: 300s    
step 00006 (0.0%) | loss: 7.417264 | lrm: 1.00 | dt: 1026ms | tok/sec: 511,054 | mfu: 22.1% | epoch: 1 | remaining: 300s    
step 00007 (0.0%) | loss: 7.168779 | lrm: 1.00 | dt: 1026ms | tok/sec: 510,985 | mfu: 22.1% | epoch: 1 | remaining: 300s    
step 00008 (0.0%) | loss: 6.956776 | lrm: 1.00 | dt: 1026ms | tok/sec: 511,079 | mfu: 22.1% | epoch: 1 | remaining: 300s    
step 00009 (0.0%) | loss: 6.772850 | lrm: 1.00 | dt: 1026ms | tok/sec: 511,161 | mfu: 22.1% | epoch: 1 | remaining: 300s    
step 00010 (0.0%) | loss: 6.619056 | lrm: 1.00 | dt: 1026ms | tok/sec: 511,172 | mfu: 22.1% | epoch: 1 | remaining: 300s    
step 00011 (0.0%) | loss: 6.486160 | lrm: 1.00 | dt: 1025ms | tok/sec: 511,468 | mfu: 22.2% | epoch: 1 | remaining: 299s    
step 00012 (0.3%) | loss: 6.369750 | lrm: 1.00 | dt: 1025ms | tok/sec: 511,317 | mfu: 22.1% | epoch: 1 | remaining: 298s    
step 00013 (0.7%) | loss: 6.271232 | lrm: 1.00 | dt: 1026ms | tok/sec: 511,154 | mfu: 22.1% | epoch: 1 | remaining: 297s    
step 00014 (1.0%) | loss: 6.178388 | lrm: 1.00 | dt: 1026ms | tok/sec: 510,878 | mfu: 22.1% | epoch: 1 | remaining: 296s    
step 00015 (1.4%) | loss: 6.099430 | lrm: 1.00 | dt: 1026ms | tok/sec: 510,889 | mfu: 22.1% | epoch: 1 | remaining: 295s    
step 00016 (1.7%) | loss: 6.027831 | lrm: 1.00 | dt: 1026ms | tok/sec: 510,797 | mfu: 22.1% | epoch: 1 | remaining: 294s    
step 00017 (2.1%) | loss: 5.963807 | lrm: 1.00 | dt: 1027ms | tok/sec: 510,359 | mfu: 22.1% | epoch: 1 | remaining: 293s    
step 00018 (2.4%) | loss: 5.905784 | lrm: 1.00 | dt: 1027ms | tok/sec: 510,455 | mfu: 22.1% | epoch: 1 | remaining: 292s    
step 00019 (2.7%) | loss: 5.855532 | lrm: 1.00 | dt: 1028ms | tok/sec: 510,137 | mfu: 22.1% | epoch: 1 | remaining: 291s    
step 00020 (3.1%) | loss: 5.809161 | lrm: 1.00 | dt: 1029ms | tok/sec: 509,685 | mfu: 22.1% | epoch: 1 | remaining: 290s    
step 00021 (3.4%) | loss: 5.764881 | lrm: 1.00 | dt: 1029ms | tok/sec: 509,396 | mfu: 22.1% | epoch: 1 | remaining: 289s    
step 00022 (3.8%) | loss: 5.722743 | lrm: 1.00 | dt: 1029ms | tok/sec: 509,329 | mfu: 22.1% | epoch: 1 | remaining: 288s    
step 00023 (4.1%) | loss: 5.684964 | lrm: 1.00 | dt: 1029ms | tok/sec: 509,294 | mfu: 22.1% | epoch: 1 | remaining: 287s    
step 00024 (4.5%) | loss: 5.649173 | lrm: 1.00 | dt: 1030ms | tok/sec: 509,008 | mfu: 22.0% | epoch: 1 | remaining: 286s    
step 00025 (4.8%) | loss: 5.615349 | lrm: 1.00 | dt: 1030ms | tok/sec: 508,951 | mfu: 22.0% | epoch: 1 | remaining: 285s    
step 00026 (5.1%) | loss: 5.579160 | lrm: 1.00 | dt: 1030ms | tok/sec: 508,805 | mfu: 22.0% | epoch: 1 | remaining: 284s    
step 00027 (5.5%) | loss: 5.548018 | lrm: 1.00 | dt: 1031ms | tok/sec: 508,738 | mfu: 22.0% | epoch: 1 | remaining: 283s    
step 00028 (5.8%) | loss: 5.517742 | lrm: 1.00 | dt: 1030ms | tok/sec: 508,810 | mfu: 22.0% | epoch: 1 | remaining: 281s    
step 00029 (6.2%) | loss: 5.489991 | lrm: 1.00 | dt: 1031ms | tok/sec: 508,384 | mfu: 22.0% | epoch: 1 | remaining: 280s    
step 00030 (6.5%) | loss: 5.461140 | lrm: 1.00 | dt: 1031ms | tok/sec: 508,590 | mfu: 22.0% | epoch: 1 | remaining: 279s    
step 00031 (6.9%) | loss: 5.430880 | lrm: 1.00 | dt: 1031ms | tok/sec: 508,337 | mfu: 22.0% | epoch: 1 | remaining: 278s    
step 00032 (7.2%) | loss: 5.403762 | lrm: 1.00 | dt: 1031ms | tok/sec: 508,669 | mfu: 22.0% | epoch: 1 | remaining: 277s    
step 00033 (7.5%) | loss: 5.375186 | lrm: 1.00 | dt: 1031ms | tok/sec: 508,286 | mfu: 22.0% | epoch: 1 | remaining: 276s    
step 00034 (7.9%) | loss: 5.344683 | lrm: 1.00 | dt: 1031ms | tok/sec: 508,354 | mfu: 22.0% | epoch: 1 | remaining: 275s    
step 00035 (8.2%) | loss: 5.317594 | lrm: 1.00 | dt: 1032ms | tok/sec: 508,152 | mfu: 22.0% | epoch: 1 | remaining: 274s    
step 00036 (8.6%) | loss: 5.293854 | lrm: 1.00 | dt: 1031ms | tok/sec: 508,407 | mfu: 22.0% | epoch: 1 | remaining: 273s    
step 00037 (8.9%) | loss: 5.268324 | lrm: 1.00 | dt: 1032ms | tok/sec: 508,237 | mfu: 22.0% | epoch: 1 | remaining: 272s    
step 00038 (9.3%) | loss: 5.243208 | lrm: 1.00 | dt: 1033ms | tok/sec: 507,729 | mfu: 22.0% | epoch: 1 | remaining: 271s    
step 00039 (9.6%) | loss: 5.213400 | lrm: 1.00 | dt: 1031ms | tok/sec: 508,283 | mfu: 22.0% | epoch: 1 | remaining: 270s    
step 00040 (10.0%) | loss: 5.185251 | lrm: 1.00 | dt: 1032ms | tok/sec: 507,826 | mfu: 22.0% | epoch: 1 | remaining: 269s    
step 00041 (10.3%) | loss: 5.160579 | lrm: 1.00 | dt: 1031ms | tok/sec: 508,288 | mfu: 22.0% | epoch: 1 | remaining: 268s    
step 00042 (10.6%) | loss: 5.137193 | lrm: 1.00 | dt: 1033ms | tok/sec: 507,770 | mfu: 22.0% | epoch: 1 | remaining: 267s    
step 00043 (11.0%) | loss: 5.108190 | lrm: 1.00 | dt: 1033ms | tok/sec: 507,767 | mfu: 22.0% | epoch: 1 | remaining: 266s    
step 00044 (11.3%) | loss: 5.082948 | lrm: 1.00 | dt: 1032ms | tok/sec: 508,203 | mfu: 22.0% | epoch: 1 | remaining: 265s    
step 00045 (11.7%) | loss: 5.057700 | lrm: 1.00 | dt: 1032ms | tok/sec: 507,862 | mfu: 22.0% | epoch: 1 | remaining: 264s    
step 00046 (12.0%) | loss: 5.033292 | lrm: 1.00 | dt: 1031ms | tok/sec: 508,313 | mfu: 22.0% | epoch: 1 | remaining: 263s    
step 00047 (12.4%) | loss: 5.005543 | lrm: 1.00 | dt: 1033ms | tok/sec: 507,737 | mfu: 22.0% | epoch: 1 | remaining: 262s    
step 00048 (12.7%) | loss: 4.982773 | lrm: 1.00 | dt: 1033ms | tok/sec: 507,654 | mfu: 22.0% | epoch: 1 | remaining: 261s    
step 00049 (13.0%) | loss: 4.957799 | lrm: 1.00 | dt: 1032ms | tok/sec: 507,847 | mfu: 22.0% | epoch: 1 | remaining: 260s    
step 00050 (13.4%) | loss: 4.932074 | lrm: 1.00 | dt: 1032ms | tok/sec: 507,923 | mfu: 22.0% | epoch: 1 | remaining: 259s    
step 00051 (13.7%) | loss: 4.911313 | lrm: 1.00 | dt: 1033ms | tok/sec: 507,585 | mfu: 22.0% | epoch: 1 | remaining: 258s    
step 00052 (14.1%) | loss: 4.886715 | lrm: 1.00 | dt: 1033ms | tok/sec: 507,597 | mfu: 22.0% | epoch: 1 | remaining: 257s    
step 00053 (14.4%) | loss: 4.862901 | lrm: 1.00 | dt: 1032ms | tok/sec: 507,797 | mfu: 22.0% | epoch: 1 | remaining: 256s    
step 00054 (14.8%) | loss: 4.839735 | lrm: 1.00 | dt: 1033ms | tok/sec: 507,519 | mfu: 22.0% | epoch: 1 | remaining: 255s    
step 00055 (15.1%) | loss: 4.815027 | lrm: 1.00 | dt: 1033ms | tok/sec: 507,760 | mfu: 22.0% | epoch: 1 | remaining: 254s    
step 00056 (15.5%) | loss: 4.793854 | lrm: 1.00 | dt: 1033ms | tok/sec: 507,632 | mfu: 22.0% | epoch: 1 | remaining: 253s    
step 00057 (15.8%) | loss: 4.769912 | lrm: 1.00 | dt: 1032ms | tok/sec: 508,001 | mfu: 22.0% | epoch: 1 | remaining: 252s    
step 00058 (16.1%) | loss: 4.747381 | lrm: 1.00 | dt: 1033ms | tok/sec: 507,780 | mfu: 22.0% | epoch: 1 | remaining: 251s    
step 00059 (16.5%) | loss: 4.719281 | lrm: 1.00 | dt: 1032ms | tok/sec: 507,968 | mfu: 22.0% | epoch: 1 | remaining: 250s    
step 00060 (16.8%) | loss: 4.697182 | lrm: 1.00 | dt: 1032ms | tok/sec: 507,861 | mfu: 22.0% | epoch: 1 | remaining: 248s    
step 00061 (17.2%) | loss: 4.677351 | lrm: 1.00 | dt: 1032ms | tok/sec: 507,958 | mfu: 22.0% | epoch: 1 | remaining: 247s    
step 00062 (17.5%) | loss: 4.652921 | lrm: 1.00 | dt: 1032ms | tok/sec: 508,196 | mfu: 22.0% | epoch: 1 | remaining: 246s    
step 00063 (17.9%) | loss: 4.628718 | lrm: 1.00 | dt: 1032ms | tok/sec: 507,905 | mfu: 22.0% | epoch: 1 | remaining: 245s    
step 00064 (18.2%) | loss: 4.607189 | lrm: 1.00 | dt: 1032ms | tok/sec: 507,811 | mfu: 22.0% | epoch: 1 | remaining: 244s    
step 00065 (18.6%) | loss: 4.585954 | lrm: 1.00 | dt: 1032ms | tok/sec: 507,967 | mfu: 22.0% | epoch: 1 | remaining: 243s    
step 00066 (18.9%) | loss: 4.565448 | lrm: 1.00 | dt: 1032ms | tok/sec: 508,237 | mfu: 22.0% | epoch: 1 | remaining: 242s    
step 00067 (19.2%) | loss: 4.544169 | lrm: 1.00 | dt: 1032ms | tok/sec: 507,860 | mfu: 22.0% | epoch: 1 | remaining: 241s    
step 00068 (19.6%) | loss: 4.523019 | lrm: 1.00 | dt: 1032ms | tok/sec: 507,966 | mfu: 22.0% | epoch: 1 | remaining: 240s    
step 00069 (19.9%) | loss: 4.497339 | lrm: 1.00 | dt: 1033ms | tok/sec: 507,625 | mfu: 22.0% | epoch: 1 | remaining: 239s    
step 00070 (20.3%) | loss: 4.470856 | lrm: 1.00 | dt: 1032ms | tok/sec: 507,901 | mfu: 22.0% | epoch: 1 | remaining: 238s    
step 00071 (20.6%) | loss: 4.439632 | lrm: 1.00 | dt: 1032ms | tok/sec: 508,168 | mfu: 22.0% | epoch: 1 | remaining: 237s    
step 00072 (21.0%) | loss: 4.422096 | lrm: 1.00 | dt: 1031ms | tok/sec: 508,349 | mfu: 22.0% | epoch: 1 | remaining: 236s    
step 00073 (21.3%) | loss: 4.402669 | lrm: 1.00 | dt: 1033ms | tok/sec: 507,701 | mfu: 22.0% | epoch: 1 | remaining: 235s    
step 00074 (21.6%) | loss: 4.380364 | lrm: 1.00 | dt: 1032ms | tok/sec: 507,796 | mfu: 22.0% | epoch: 1 | remaining: 234s    
step 00075 (22.0%) | loss: 4.357221 | lrm: 1.00 | dt: 1031ms | tok/sec: 508,291 | mfu: 22.0% | epoch: 1 | remaining: 233s    
step 00076 (22.3%) | loss: 4.337842 | lrm: 1.00 | dt: 1032ms | tok/sec: 508,111 | mfu: 22.0% | epoch: 1 | remaining: 232s    
step 00077 (22.7%) | loss: 4.320644 | lrm: 1.00 | dt: 1032ms | tok/sec: 508,046 | mfu: 22.0% | epoch: 1 | remaining: 231s    
step 00078 (23.0%) | loss: 4.295901 | lrm: 1.00 | dt: 1032ms | tok/sec: 507,936 | mfu: 22.0% | epoch: 1 | remaining: 230s    
step 00079 (23.4%) | loss: 4.272749 | lrm: 1.00 | dt: 1032ms | tok/sec: 507,856 | mfu: 22.0% | epoch: 1 | remaining: 229s    
step 00080 (23.7%) | loss: 4.252646 | lrm: 1.00 | dt: 1032ms | tok/sec: 507,878 | mfu: 22.0% | epoch: 1 | remaining: 228s    
step 00081 (24.1%) | loss: 4.232084 | lrm: 1.00 | dt: 1033ms | tok/sec: 507,756 | mfu: 22.0% | epoch: 1 | remaining: 227s    
step 00082 (24.4%) | loss: 4.212674 | lrm: 1.00 | dt: 1032ms | tok/sec: 507,983 | mfu: 22.0% | epoch: 1 | remaining: 226s    
step 00083 (24.7%) | loss: 4.187838 | lrm: 1.00 | dt: 1031ms | tok/sec: 508,343 | mfu: 22.0% | epoch: 1 | remaining: 225s    
step 00084 (25.1%) | loss: 4.165297 | lrm: 1.00 | dt: 1032ms | tok/sec: 507,850 | mfu: 22.0% | epoch: 1 | remaining: 224s    
step 00085 (25.4%) | loss: 4.147833 | lrm: 1.00 | dt: 1031ms | tok/sec: 508,282 | mfu: 22.0% | epoch: 1 | remaining: 223s    
step 00086 (25.8%) | loss: 4.128111 | lrm: 1.00 | dt: 1033ms | tok/sec: 507,769 | mfu: 22.0% | epoch: 1 | remaining: 222s    
step 00087 (26.1%) | loss: 4.112084 | lrm: 1.00 | dt: 1033ms | tok/sec: 507,667 | mfu: 22.0% | epoch: 1 | remaining: 221s    
step 00088 (26.5%) | loss: 4.096022 | lrm: 1.00 | dt: 1032ms | tok/sec: 508,025 | mfu: 22.0% | epoch: 1 | remaining: 220s    
step 00089 (26.8%) | loss: 4.074840 | lrm: 1.00 | dt: 1032ms | tok/sec: 508,031 | mfu: 22.0% | epoch: 1 | remaining: 219s    
step 00090 (27.2%) | loss: 4.057470 | lrm: 1.00 | dt: 1032ms | tok/sec: 508,133 | mfu: 22.0% | epoch: 1 | remaining: 218s    
step 00091 (27.5%) | loss: 4.037180 | lrm: 1.00 | dt: 1032ms | tok/sec: 508,003 | mfu: 22.0% | epoch: 1 | remaining: 216s    
step 00092 (27.8%) | loss: 4.021613 | lrm: 1.00 | dt: 1033ms | tok/sec: 507,627 | mfu: 22.0% | epoch: 1 | remaining: 215s    
step 00093 (28.2%) | loss: 4.003641 | lrm: 1.00 | dt: 1032ms | tok/sec: 508,235 | mfu: 22.0% | epoch: 1 | remaining: 214s    
step 00094 (28.5%) | loss: 3.990654 | lrm: 1.00 | dt: 1032ms | tok/sec: 507,831 | mfu: 22.0% | epoch: 1 | remaining: 213s    
step 00095 (28.9%) | loss: 3.978185 | lrm: 1.00 | dt: 1032ms | tok/sec: 508,091 | mfu: 22.0% | epoch: 1 | remaining: 212s    
step 00096 (29.2%) | loss: 3.960638 | lrm: 1.00 | dt: 1032ms | tok/sec: 508,243 | mfu: 22.0% | epoch: 1 | remaining: 211s    
step 00097 (29.6%) | loss: 3.946907 | lrm: 1.00 | dt: 1033ms | tok/sec: 507,776 | mfu: 22.0% | epoch: 1 | remaining: 210s    
step 00098 (29.9%) | loss: 3.931233 | lrm: 1.00 | dt: 1033ms | tok/sec: 507,535 | mfu: 22.0% | epoch: 1 | remaining: 209s    
step 00099 (30.3%) | loss: 3.918304 | lrm: 1.00 | dt: 1032ms | tok/sec: 508,083 | mfu: 22.0% | epoch: 1 | remaining: 208s    
step 00100 (30.6%) | loss: 3.905445 | lrm: 1.00 | dt: 1033ms | tok/sec: 507,759 | mfu: 22.0% | epoch: 1 | remaining: 207s    
step 00101 (30.9%) | loss: 3.888368 | lrm: 1.00 | dt: 1031ms | tok/sec: 508,321 | mfu: 22.0% | epoch: 1 | remaining: 206s    
step 00102 (31.3%) | loss: 3.872545 | lrm: 1.00 | dt: 1032ms | tok/sec: 507,814 | mfu: 22.0% | epoch: 1 | remaining: 205s    
step 00103 (31.6%) | loss: 3.850870 | lrm: 1.00 | dt: 1032ms | tok/sec: 508,150 | mfu: 22.0% | epoch: 1 | remaining: 204s    
step 00104 (32.0%) | loss: 3.836719 | lrm: 1.00 | dt: 1031ms | tok/sec: 508,293 | mfu: 22.0% | epoch: 1 | remaining: 203s    
step 00105 (32.3%) | loss: 3.824040 | lrm: 1.00 | dt: 1032ms | tok/sec: 507,899 | mfu: 22.0% | epoch: 1 | remaining: 202s    
step 00106 (32.7%) | loss: 3.813466 | lrm: 1.00 | dt: 1032ms | tok/sec: 508,057 | mfu: 22.0% | epoch: 1 | remaining: 201s    
step 00107 (33.0%) | loss: 3.805316 | lrm: 1.00 | dt: 1032ms | tok/sec: 507,809 | mfu: 22.0% | epoch: 1 | remaining: 200s    
step 00108 (33.3%) | loss: 3.796017 | lrm: 1.00 | dt: 1032ms | tok/sec: 508,120 | mfu: 22.0% | epoch: 1 | remaining: 199s    
step 00109 (33.7%) | loss: 3.786236 | lrm: 1.00 | dt: 1031ms | tok/sec: 508,283 | mfu: 22.0% | epoch: 1 | remaining: 198s    
step 00110 (34.0%) | loss: 3.773683 | lrm: 1.00 | dt: 1032ms | tok/sec: 507,905 | mfu: 22.0% | epoch: 1 | remaining: 197s    
step 00111 (34.4%) | loss: 3.768929 | lrm: 1.00 | dt: 1032ms | tok/sec: 507,820 | mfu: 22.0% | epoch: 1 | remaining: 196s    
step 00112 (34.7%) | loss: 3.761749 | lrm: 1.00 | dt: 1033ms | tok/sec: 507,670 | mfu: 22.0% | epoch: 1 | remaining: 195s    
step 00113 (35.1%) | loss: 3.758420 | lrm: 1.00 | dt: 1032ms | tok/sec: 508,216 | mfu: 22.0% | epoch: 1 | remaining: 194s    
step 00114 (35.4%) | loss: 3.755825 | lrm: 1.00 | dt: 1032ms | tok/sec: 507,821 | mfu: 22.0% | epoch: 1 | remaining: 193s    
step 00115 (35.8%) | loss: 3.747218 | lrm: 1.00 | dt: 1033ms | tok/sec: 507,652 | mfu: 22.0% | epoch: 1 | remaining: 192s    
step 00116 (36.1%) | loss: 3.734882 | lrm: 1.00 | dt: 1033ms | tok/sec: 507,724 | mfu: 22.0% | epoch: 1 | remaining: 191s    
step 00117 (36.4%) | loss: 3.730356 | lrm: 1.00 | dt: 1032ms | tok/sec: 508,144 | mfu: 22.0% | epoch: 1 | remaining: 190s    
step 00118 (36.8%) | loss: 3.719159 | lrm: 1.00 | dt: 1032ms | tok/sec: 508,190 | mfu: 22.0% | epoch: 1 | remaining: 189s    
step 00119 (37.1%) | loss: 3.713007 | lrm: 1.00 | dt: 1032ms | tok/sec: 508,097 | mfu: 22.0% | epoch: 1 | remaining: 188s    
step 00120 (37.5%) | loss: 3.708477 | lrm: 1.00 | dt: 1032ms | tok/sec: 507,799 | mfu: 22.0% | epoch: 1 | remaining: 187s    
step 00121 (37.8%) | loss: 3.694156 | lrm: 1.00 | dt: 1032ms | tok/sec: 508,205 | mfu: 22.0% | epoch: 1 | remaining: 186s    
step 00122 (38.2%) | loss: 3.688170 | lrm: 1.00 | dt: 1032ms | tok/sec: 508,235 | mfu: 22.0% | epoch: 1 | remaining: 184s    
step 00123 (38.5%) | loss: 3.681589 | lrm: 1.00 | dt: 1032ms | tok/sec: 508,274 | mfu: 22.0% | epoch: 1 | remaining: 183s    
step 00124 (38.9%) | loss: 3.676423 | lrm: 1.00 | dt: 1032ms | tok/sec: 508,130 | mfu: 22.0% | epoch: 1 | remaining: 182s    
step 00125 (39.2%) | loss: 3.667142 | lrm: 1.00 | dt: 1032ms | tok/sec: 508,078 | mfu: 22.0% | epoch: 1 | remaining: 181s    
step 00126 (39.5%) | loss: 3.659264 | lrm: 1.00 | dt: 1032ms | tok/sec: 508,247 | mfu: 22.0% | epoch: 1 | remaining: 180s    
step 00127 (39.9%) | loss: 3.650632 | lrm: 1.00 | dt: 1032ms | tok/sec: 508,249 | mfu: 22.0% | epoch: 1 | remaining: 179s    
step 00128 (40.2%) | loss: 3.647893 | lrm: 1.00 | dt: 1031ms | tok/sec: 508,317 | mfu: 22.0% | epoch: 1 | remaining: 178s    
step 00129 (40.6%) | loss: 3.639640 | lrm: 1.00 | dt: 1031ms | tok/sec: 508,298 | mfu: 22.0% | epoch: 1 | remaining: 177s    
step 00130 (40.9%) | loss: 3.635269 | lrm: 1.00 | dt: 1032ms | tok/sec: 507,914 | mfu: 22.0% | epoch: 1 | remaining: 176s    
step 00131 (41.3%) | loss: 3.628188 | lrm: 1.00 | dt: 1032ms | tok/sec: 508,242 | mfu: 22.0% | epoch: 1 | remaining: 175s    
step 00132 (41.6%) | loss: 3.621152 | lrm: 1.00 | dt: 1032ms | tok/sec: 508,128 | mfu: 22.0% | epoch: 1 | remaining: 174s    
step 00133 (41.9%) | loss: 3.620048 | lrm: 1.00 | dt: 1032ms | tok/sec: 508,015 | mfu: 22.0% | epoch: 1 | remaining: 173s    
step 00134 (42.3%) | loss: 3.611004 | lrm: 1.00 | dt: 1032ms | tok/sec: 507,983 | mfu: 22.0% | epoch: 1 | remaining: 172s    
step 00135 (42.6%) | loss: 3.605007 | lrm: 1.00 | dt: 1032ms | tok/sec: 507,887 | mfu: 22.0% | epoch: 1 | remaining: 171s    
step 00136 (43.0%) | loss: 3.596964 | lrm: 1.00 | dt: 1032ms | tok/sec: 508,146 | mfu: 22.0% | epoch: 1 | remaining: 170s    
step 00137 (43.3%) | loss: 3.592580 | lrm: 1.00 | dt: 1032ms | tok/sec: 508,120 | mfu: 22.0% | epoch: 1 | remaining: 169s    
step 00138 (43.7%) | loss: 3.592832 | lrm: 1.00 | dt: 1032ms | tok/sec: 508,089 | mfu: 22.0% | epoch: 1 | remaining: 168s    
step 00139 (44.0%) | loss: 3.582361 | lrm: 1.00 | dt: 1032ms | tok/sec: 508,108 | mfu: 22.0% | epoch: 1 | remaining: 167s    
step 00140 (44.4%) | loss: 3.574788 | lrm: 1.00 | dt: 1032ms | tok/sec: 508,069 | mfu: 22.0% | epoch: 1 | remaining: 166s    
step 00141 (44.7%) | loss: 3.571101 | lrm: 1.00 | dt: 1031ms | tok/sec: 508,286 | mfu: 22.0% | epoch: 1 | remaining: 165s    
step 00142 (45.0%) | loss: 3.567923 | lrm: 1.00 | dt: 1032ms | tok/sec: 508,102 | mfu: 22.0% | epoch: 1 | remaining: 164s    
step 00143 (45.4%) | loss: 3.561684 | lrm: 1.00 | dt: 1032ms | tok/sec: 508,029 | mfu: 22.0% | epoch: 1 | remaining: 163s    
step 00144 (45.7%) | loss: 3.564339 | lrm: 1.00 | dt: 1031ms | tok/sec: 508,356 | mfu: 22.0% | epoch: 1 | remaining: 162s    
step 00145 (46.1%) | loss: 3.558778 | lrm: 1.00 | dt: 1032ms | tok/sec: 508,188 | mfu: 22.0% | epoch: 1 | remaining: 161s    
step 00146 (46.4%) | loss: 3.554642 | lrm: 1.00 | dt: 1031ms | tok/sec: 508,539 | mfu: 22.0% | epoch: 1 | remaining: 160s    
step 00147 (46.8%) | loss: 3.555312 | lrm: 1.00 | dt: 1032ms | tok/sec: 508,216 | mfu: 22.0% | epoch: 1 | remaining: 159s    
step 00148 (47.1%) | loss: 3.548519 | lrm: 1.00 | dt: 1031ms | tok/sec: 508,461 | mfu: 22.0% | epoch: 1 | remaining: 158s    
step 00149 (47.4%) | loss: 3.537704 | lrm: 1.00 | dt: 1032ms | tok/sec: 508,142 | mfu: 22.0% | epoch: 1 | remaining: 157s    
step 00150 (47.8%) | loss: 3.535852 | lrm: 1.00 | dt: 1031ms | tok/sec: 508,483 | mfu: 22.0% | epoch: 1 | remaining: 156s    
step 00151 (48.1%) | loss: 3.534975 | lrm: 1.00 | dt: 1031ms | tok/sec: 508,616 | mfu: 22.0% | epoch: 1 | remaining: 155s    
step 00152 (48.5%) | loss: 3.529150 | lrm: 1.00 | dt: 1032ms | tok/sec: 508,261 | mfu: 22.0% | epoch: 1 | remaining: 154s    
step 00153 (48.8%) | loss: 3.532069 | lrm: 1.00 | dt: 1031ms | tok/sec: 508,484 | mfu: 22.0% | epoch: 1 | remaining: 152s    
step 00154 (49.2%) | loss: 3.530573 | lrm: 1.00 | dt: 1032ms | tok/sec: 508,087 | mfu: 22.0% | epoch: 1 | remaining: 151s    
step 00155 (49.5%) | loss: 3.525202 | lrm: 1.00 | dt: 1032ms | tok/sec: 508,124 | mfu: 22.0% | epoch: 1 | remaining: 150s    
step 00156 (49.9%) | loss: 3.518607 | lrm: 1.00 | dt: 1032ms | tok/sec: 508,055 | mfu: 22.0% | epoch: 1 | remaining: 149s    
step 00157 (50.2%) | loss: 3.514347 | lrm: 1.00 | dt: 1032ms | tok/sec: 508,155 | mfu: 22.0% | epoch: 1 | remaining: 148s    
step 00158 (50.5%) | loss: 3.515059 | lrm: 0.99 | dt: 1032ms | tok/sec: 508,190 | mfu: 22.0% | epoch: 1 | remaining: 147s    
step 00159 (50.9%) | loss: 3.509193 | lrm: 0.98 | dt: 1031ms | tok/sec: 508,309 | mfu: 22.0% | epoch: 1 | remaining: 146s    
step 00160 (51.2%) | loss: 3.507697 | lrm: 0.98 | dt: 1031ms | tok/sec: 508,448 | mfu: 22.0% | epoch: 1 | remaining: 145s    
step 00161 (51.6%) | loss: 3.504709 | lrm: 0.97 | dt: 1032ms | tok/sec: 508,043 | mfu: 22.0% | epoch: 1 | remaining: 144s    
step 00162 (51.9%) | loss: 3.504710 | lrm: 0.96 | dt: 1031ms | tok/sec: 508,422 | mfu: 22.0% | epoch: 1 | remaining: 143s    
step 00163 (52.3%) | loss: 3.497677 | lrm: 0.95 | dt: 1031ms | tok/sec: 508,666 | mfu: 22.0% | epoch: 1 | remaining: 142s    
step 00164 (52.6%) | loss: 3.495776 | lrm: 0.95 | dt: 1032ms | tok/sec: 508,241 | mfu: 22.0% | epoch: 1 | remaining: 141s    
step 00165 (52.9%) | loss: 3.492836 | lrm: 0.94 | dt: 1031ms | tok/sec: 508,283 | mfu: 22.0% | epoch: 1 | remaining: 140s    
step 00166 (53.3%) | loss: 3.488958 | lrm: 0.93 | dt: 1032ms | tok/sec: 508,229 | mfu: 22.0% | epoch: 1 | remaining: 139s    
step 00167 (53.6%) | loss: 3.486462 | lrm: 0.93 | dt: 1031ms | tok/sec: 508,417 | mfu: 22.0% | epoch: 1 | remaining: 138s    
step 00168 (54.0%) | loss: 3.483212 | lrm: 0.92 | dt: 1031ms | tok/sec: 508,425 | mfu: 22.0% | epoch: 1 | remaining: 137s    
step 00169 (54.3%) | loss: 3.477230 | lrm: 0.91 | dt: 1031ms | tok/sec: 508,448 | mfu: 22.0% | epoch: 1 | remaining: 136s    
step 00170 (54.7%) | loss: 3.469277 | lrm: 0.91 | dt: 1031ms | tok/sec: 508,704 | mfu: 22.0% | epoch: 1 | remaining: 135s    
step 00171 (55.0%) | loss: 3.467165 | lrm: 0.90 | dt: 1032ms | tok/sec: 508,182 | mfu: 22.0% | epoch: 1 | remaining: 134s    
step 00172 (55.4%) | loss: 3.465524 | lrm: 0.89 | dt: 1031ms | tok/sec: 508,752 | mfu: 22.0% | epoch: 1 | remaining: 133s    
step 00173 (55.7%) | loss: 3.461246 | lrm: 0.89 | dt: 1032ms | tok/sec: 508,142 | mfu: 22.0% | epoch: 1 | remaining: 132s    
step 00174 (56.0%) | loss: 3.459559 | lrm: 0.88 | dt: 1031ms | tok/sec: 508,652 | mfu: 22.0% | epoch: 1 | remaining: 131s    
step 00175 (56.4%) | loss: 3.454982 | lrm: 0.87 | dt: 1032ms | tok/sec: 508,123 | mfu: 22.0% | epoch: 1 | remaining: 130s    
step 00176 (56.7%) | loss: 3.452179 | lrm: 0.87 | dt: 1031ms | tok/sec: 508,506 | mfu: 22.0% | epoch: 1 | remaining: 129s    
step 00177 (57.1%) | loss: 3.449283 | lrm: 0.86 | dt: 1031ms | tok/sec: 508,571 | mfu: 22.0% | epoch: 1 | remaining: 128s    
step 00178 (57.4%) | loss: 3.448209 | lrm: 0.85 | dt: 1031ms | tok/sec: 508,330 | mfu: 22.0% | epoch: 1 | remaining: 127s    
step 00179 (57.8%) | loss: 3.443522 | lrm: 0.84 | dt: 1030ms | tok/sec: 508,798 | mfu: 22.0% | epoch: 1 | remaining: 126s    
step 00180 (58.1%) | loss: 3.440092 | lrm: 0.84 | dt: 1031ms | tok/sec: 508,455 | mfu: 22.0% | epoch: 1 | remaining: 125s    
step 00181 (58.4%) | loss: 3.434193 | lrm: 0.83 | dt: 1031ms | tok/sec: 508,381 | mfu: 22.0% | epoch: 1 | remaining: 124s    
step 00182 (58.8%) | loss: 3.424596 | lrm: 0.82 | dt: 1032ms | tok/sec: 508,093 | mfu: 22.0% | epoch: 1 | remaining: 123s    
step 00183 (59.1%) | loss: 3.416685 | lrm: 0.82 | dt: 1031ms | tok/sec: 508,536 | mfu: 22.0% | epoch: 1 | remaining: 122s    
step 00184 (59.5%) | loss: 3.414040 | lrm: 0.81 | dt: 1031ms | tok/sec: 508,462 | mfu: 22.0% | epoch: 1 | remaining: 121s    
step 00185 (59.8%) | loss: 3.408629 | lrm: 0.80 | dt: 1031ms | tok/sec: 508,329 | mfu: 22.0% | epoch: 1 | remaining: 119s    
step 00186 (60.2%) | loss: 3.402115 | lrm: 0.80 | dt: 1031ms | tok/sec: 508,662 | mfu: 22.0% | epoch: 1 | remaining: 118s    
step 00187 (60.5%) | loss: 3.397396 | lrm: 0.79 | dt: 1031ms | tok/sec: 508,287 | mfu: 22.0% | epoch: 1 | remaining: 117s    
step 00188 (60.9%) | loss: 3.396251 | lrm: 0.78 | dt: 1031ms | tok/sec: 508,717 | mfu: 22.0% | epoch: 1 | remaining: 116s    
step 00189 (61.2%) | loss: 3.392906 | lrm: 0.78 | dt: 1031ms | tok/sec: 508,553 | mfu: 22.0% | epoch: 1 | remaining: 115s    
step 00190 (61.5%) | loss: 3.391682 | lrm: 0.77 | dt: 1031ms | tok/sec: 508,532 | mfu: 22.0% | epoch: 1 | remaining: 114s    
step 00191 (61.9%) | loss: 3.390408 | lrm: 0.76 | dt: 1031ms | tok/sec: 508,415 | mfu: 22.0% | epoch: 1 | remaining: 113s    
step 00192 (62.2%) | loss: 3.382721 | lrm: 0.76 | dt: 1031ms | tok/sec: 508,315 | mfu: 22.0% | epoch: 1 | remaining: 112s    
step 00193 (62.6%) | loss: 3.376569 | lrm: 0.75 | dt: 1031ms | tok/sec: 508,540 | mfu: 22.0% | epoch: 1 | remaining: 111s    
step 00194 (62.9%) | loss: 3.375836 | lrm: 0.74 | dt: 1031ms | tok/sec: 508,358 | mfu: 22.0% | epoch: 1 | remaining: 110s    
step 00195 (63.3%) | loss: 3.372038 | lrm: 0.73 | dt: 1031ms | tok/sec: 508,718 | mfu: 22.0% | epoch: 1 | remaining: 109s    
step 00196 (63.6%) | loss: 3.370549 | lrm: 0.73 | dt: 1031ms | tok/sec: 508,567 | mfu: 22.0% | epoch: 1 | remaining: 108s    
step 00197 (63.9%) | loss: 3.371192 | lrm: 0.72 | dt: 1031ms | tok/sec: 508,714 | mfu: 22.0% | epoch: 1 | remaining: 107s    
step 00198 (64.3%) | loss: 3.364994 | lrm: 0.71 | dt: 1031ms | tok/sec: 508,561 | mfu: 22.0% | epoch: 1 | remaining: 106s    
step 00199 (64.6%) | loss: 3.359981 | lrm: 0.71 | dt: 1031ms | tok/sec: 508,622 | mfu: 22.0% | epoch: 1 | remaining: 105s    
step 00200 (65.0%) | loss: 3.359071 | lrm: 0.70 | dt: 1031ms | tok/sec: 508,337 | mfu: 22.0% | epoch: 1 | remaining: 104s    
step 00201 (65.3%) | loss: 3.356352 | lrm: 0.69 | dt: 1031ms | tok/sec: 508,474 | mfu: 22.0% | epoch: 1 | remaining: 103s    
step 00202 (65.7%) | loss: 3.352146 | lrm: 0.69 | dt: 1031ms | tok/sec: 508,519 | mfu: 22.0% | epoch: 1 | remaining: 102s    
step 00203 (66.0%) | loss: 3.348726 | lrm: 0.68 | dt: 1031ms | tok/sec: 508,570 | mfu: 22.0% | epoch: 1 | remaining: 101s    
step 00204 (66.4%) | loss: 3.345083 | lrm: 0.67 | dt: 1031ms | tok/sec: 508,710 | mfu: 22.0% | epoch: 1 | remaining: 100s    
step 00205 (66.7%) | loss: 3.343324 | lrm: 0.67 | dt: 1032ms | tok/sec: 508,237 | mfu: 22.0% | epoch: 1 | remaining: 99s    
step 00206 (67.0%) | loss: 3.339001 | lrm: 0.66 | dt: 1030ms | tok/sec: 508,783 | mfu: 22.0% | epoch: 1 | remaining: 98s    
step 00207 (67.4%) | loss: 3.335537 | lrm: 0.65 | dt: 1031ms | tok/sec: 508,688 | mfu: 22.0% | epoch: 1 | remaining: 97s    
step 00208 (67.7%) | loss: 3.332543 | lrm: 0.65 | dt: 1031ms | tok/sec: 508,642 | mfu: 22.0% | epoch: 1 | remaining: 96s    
step 00209 (68.1%) | loss: 3.330791 | lrm: 0.64 | dt: 1031ms | tok/sec: 508,646 | mfu: 22.0% | epoch: 1 | remaining: 95s    
step 00210 (68.4%) | loss: 3.326934 | lrm: 0.63 | dt: 1031ms | tok/sec: 508,767 | mfu: 22.0% | epoch: 1 | remaining: 94s    
step 00211 (68.8%) | loss: 3.326886 | lrm: 0.62 | dt: 1031ms | tok/sec: 508,507 | mfu: 22.0% | epoch: 1 | remaining: 93s    
step 00212 (69.1%) | loss: 3.323445 | lrm: 0.62 | dt: 1030ms | tok/sec: 508,836 | mfu: 22.0% | epoch: 1 | remaining: 92s    
step 00213 (69.4%) | loss: 3.316497 | lrm: 0.61 | dt: 1031ms | tok/sec: 508,440 | mfu: 22.0% | epoch: 1 | remaining: 91s    
step 00214 (69.8%) | loss: 3.316604 | lrm: 0.60 | dt: 1031ms | tok/sec: 508,592 | mfu: 22.0% | epoch: 1 | remaining: 90s    
step 00215 (70.1%) | loss: 3.309394 | lrm: 0.60 | dt: 1031ms | tok/sec: 508,733 | mfu: 22.0% | epoch: 1 | remaining: 89s    
step 00216 (70.5%) | loss: 3.310356 | lrm: 0.59 | dt: 1031ms | tok/sec: 508,634 | mfu: 22.0% | epoch: 1 | remaining: 88s    
step 00217 (70.8%) | loss: 3.306684 | lrm: 0.58 | dt: 1031ms | tok/sec: 508,659 | mfu: 22.0% | epoch: 1 | remaining: 87s    
step 00218 (71.2%) | loss: 3.304667 | lrm: 0.58 | dt: 1031ms | tok/sec: 508,635 | mfu: 22.0% | epoch: 1 | remaining: 85s    
step 00219 (71.5%) | loss: 3.302026 | lrm: 0.57 | dt: 1031ms | tok/sec: 508,616 | mfu: 22.0% | epoch: 1 | remaining: 84s    
step 00220 (71.9%) | loss: 3.301431 | lrm: 0.56 | dt: 1031ms | tok/sec: 508,599 | mfu: 22.0% | epoch: 1 | remaining: 83s    
step 00221 (72.2%) | loss: 3.289588 | lrm: 0.56 | dt: 1031ms | tok/sec: 508,688 | mfu: 22.0% | epoch: 1 | remaining: 82s    
step 00222 (72.5%) | loss: 3.285510 | lrm: 0.55 | dt: 1031ms | tok/sec: 508,326 | mfu: 22.0% | epoch: 1 | remaining: 81s    
step 00223 (72.9%) | loss: 3.283158 | lrm: 0.54 | dt: 1031ms | tok/sec: 508,732 | mfu: 22.0% | epoch: 1 | remaining: 80s    
step 00224 (73.2%) | loss: 3.282452 | lrm: 0.54 | dt: 1031ms | tok/sec: 508,572 | mfu: 22.0% | epoch: 1 | remaining: 79s    
step 00225 (73.6%) | loss: 3.284706 | lrm: 0.53 | dt: 1031ms | tok/sec: 508,682 | mfu: 22.0% | epoch: 1 | remaining: 78s    
step 00226 (73.9%) | loss: 3.280587 | lrm: 0.52 | dt: 1031ms | tok/sec: 508,722 | mfu: 22.0% | epoch: 1 | remaining: 77s    
step 00227 (74.3%) | loss: 3.281753 | lrm: 0.51 | dt: 1030ms | tok/sec: 508,784 | mfu: 22.0% | epoch: 1 | remaining: 76s    
step 00228 (74.6%) | loss: 3.280205 | lrm: 0.51 | dt: 1031ms | tok/sec: 508,499 | mfu: 22.0% | epoch: 1 | remaining: 75s    
step 00229 (74.9%) | loss: 3.278714 | lrm: 0.50 | dt: 1031ms | tok/sec: 508,602 | mfu: 22.0% | epoch: 1 | remaining: 74s    
step 00230 (75.3%) | loss: 3.278960 | lrm: 0.49 | dt: 1031ms | tok/sec: 508,711 | mfu: 22.0% | epoch: 1 | remaining: 73s    
step 00231 (75.6%) | loss: 3.272108 | lrm: 0.49 | dt: 1030ms | tok/sec: 508,910 | mfu: 22.0% | epoch: 1 | remaining: 72s    
step 00232 (76.0%) | loss: 3.269178 | lrm: 0.48 | dt: 1031ms | tok/sec: 508,752 | mfu: 22.0% | epoch: 1 | remaining: 71s    
step 00233 (76.3%) | loss: 3.271812 | lrm: 0.47 | dt: 1031ms | tok/sec: 508,597 | mfu: 22.0% | epoch: 1 | remaining: 70s    
step 00234 (76.7%) | loss: 3.269591 | lrm: 0.47 | dt: 1031ms | tok/sec: 508,646 | mfu: 22.0% | epoch: 1 | remaining: 69s    
step 00235 (77.0%) | loss: 3.265445 | lrm: 0.46 | dt: 1031ms | tok/sec: 508,504 | mfu: 22.0% | epoch: 1 | remaining: 68s    
step 00236 (77.3%) | loss: 3.268147 | lrm: 0.45 | dt: 1031ms | tok/sec: 508,715 | mfu: 22.0% | epoch: 1 | remaining: 67s    
step 00237 (77.7%) | loss: 3.266662 | lrm: 0.45 | dt: 1031ms | tok/sec: 508,425 | mfu: 22.0% | epoch: 1 | remaining: 66s    
step 00238 (78.0%) | loss: 3.267231 | lrm: 0.44 | dt: 1031ms | tok/sec: 508,686 | mfu: 22.0% | epoch: 1 | remaining: 65s    
step 00239 (78.4%) | loss: 3.259843 | lrm: 0.43 | dt: 1031ms | tok/sec: 508,648 | mfu: 22.0% | epoch: 1 | remaining: 64s    
step 00240 (78.7%) | loss: 3.249316 | lrm: 0.43 | dt: 1031ms | tok/sec: 508,616 | mfu: 22.0% | epoch: 1 | remaining: 63s    
step 00241 (79.1%) | loss: 3.244737 | lrm: 0.42 | dt: 1031ms | tok/sec: 508,716 | mfu: 22.0% | epoch: 1 | remaining: 62s    
step 00242 (79.4%) | loss: 3.245686 | lrm: 0.41 | dt: 1030ms | tok/sec: 508,853 | mfu: 22.0% | epoch: 1 | remaining: 61s    
step 00243 (79.8%) | loss: 3.246903 | lrm: 0.40 | dt: 1030ms | tok/sec: 508,906 | mfu: 22.0% | epoch: 1 | remaining: 60s    
step 00244 (80.1%) | loss: 3.246418 | lrm: 0.40 | dt: 1030ms | tok/sec: 508,901 | mfu: 22.0% | epoch: 1 | remaining: 59s    
step 00245 (80.4%) | loss: 3.240586 | lrm: 0.39 | dt: 1031ms | tok/sec: 508,767 | mfu: 22.0% | epoch: 1 | remaining: 58s    
step 00246 (80.8%) | loss: 3.241522 | lrm: 0.38 | dt: 1030ms | tok/sec: 508,812 | mfu: 22.0% | epoch: 1 | remaining: 57s    
step 00247 (81.1%) | loss: 3.236983 | lrm: 0.38 | dt: 1030ms | tok/sec: 508,882 | mfu: 22.0% | epoch: 1 | remaining: 56s    
step 00248 (81.5%) | loss: 3.236790 | lrm: 0.37 | dt: 1030ms | tok/sec: 508,852 | mfu: 22.0% | epoch: 1 | remaining: 55s    
step 00249 (81.8%) | loss: 3.228143 | lrm: 0.36 | dt: 1031ms | tok/sec: 508,767 | mfu: 22.0% | epoch: 1 | remaining: 54s    
step 00250 (82.2%) | loss: 3.223680 | lrm: 0.36 | dt: 1031ms | tok/sec: 508,556 | mfu: 22.0% | epoch: 1 | remaining: 52s    
step 00251 (82.5%) | loss: 3.220728 | lrm: 0.35 | dt: 1030ms | tok/sec: 508,809 | mfu: 22.0% | epoch: 1 | remaining: 51s    
step 00252 (82.8%) | loss: 3.217886 | lrm: 0.34 | dt: 1031ms | tok/sec: 508,602 | mfu: 22.0% | epoch: 1 | remaining: 50s    
step 00253 (83.2%) | loss: 3.207350 | lrm: 0.34 | dt: 1030ms | tok/sec: 508,817 | mfu: 22.0% | epoch: 1 | remaining: 49s    
step 00254 (83.5%) | loss: 3.202836 | lrm: 0.33 | dt: 1031ms | tok/sec: 508,598 | mfu: 22.0% | epoch: 1 | remaining: 48s    
step 00255 (83.9%) | loss: 3.201493 | lrm: 0.32 | dt: 1031ms | tok/sec: 508,633 | mfu: 22.0% | epoch: 1 | remaining: 47s    
step 00256 (84.2%) | loss: 3.196954 | lrm: 0.32 | dt: 1031ms | tok/sec: 508,659 | mfu: 22.0% | epoch: 1 | remaining: 46s    
step 00257 (84.6%) | loss: 3.195516 | lrm: 0.31 | dt: 1031ms | tok/sec: 508,646 | mfu: 22.0% | epoch: 1 | remaining: 45s    
step 00258 (84.9%) | loss: 3.196346 | lrm: 0.30 | dt: 1031ms | tok/sec: 508,621 | mfu: 22.0% | epoch: 1 | remaining: 44s    
step 00259 (85.3%) | loss: 3.196390 | lrm: 0.29 | dt: 1030ms | tok/sec: 508,919 | mfu: 22.0% | epoch: 1 | remaining: 43s    
step 00260 (85.6%) | loss: 3.194474 | lrm: 0.29 | dt: 1030ms | tok/sec: 508,831 | mfu: 22.0% | epoch: 1 | remaining: 42s    
step 00261 (85.9%) | loss: 3.195898 | lrm: 0.28 | dt: 1030ms | tok/sec: 508,930 | mfu: 22.0% | epoch: 1 | remaining: 41s    
step 00262 (86.3%) | loss: 3.191553 | lrm: 0.27 | dt: 1031ms | tok/sec: 508,739 | mfu: 22.0% | epoch: 1 | remaining: 40s    
step 00263 (86.6%) | loss: 3.187917 | lrm: 0.27 | dt: 1030ms | tok/sec: 508,911 | mfu: 22.0% | epoch: 1 | remaining: 39s    
step 00264 (87.0%) | loss: 3.184744 | lrm: 0.26 | dt: 1030ms | tok/sec: 508,871 | mfu: 22.0% | epoch: 1 | remaining: 38s    
step 00265 (87.3%) | loss: 3.183845 | lrm: 0.25 | dt: 1030ms | tok/sec: 508,830 | mfu: 22.0% | epoch: 1 | remaining: 37s    
step 00266 (87.7%) | loss: 3.180533 | lrm: 0.25 | dt: 1031ms | tok/sec: 508,735 | mfu: 22.0% | epoch: 1 | remaining: 36s    
step 00267 (88.0%) | loss: 3.174838 | lrm: 0.24 | dt: 1031ms | tok/sec: 508,632 | mfu: 22.0% | epoch: 1 | remaining: 35s    
step 00268 (88.3%) | loss: 3.175935 | lrm: 0.23 | dt: 1030ms | tok/sec: 509,067 | mfu: 22.1% | epoch: 1 | remaining: 34s    
step 00269 (88.7%) | loss: 3.175758 | lrm: 0.23 | dt: 1031ms | tok/sec: 508,755 | mfu: 22.0% | epoch: 1 | remaining: 33s    
step 00270 (89.0%) | loss: 3.171060 | lrm: 0.22 | dt: 1030ms | tok/sec: 508,798 | mfu: 22.0% | epoch: 1 | remaining: 32s    
step 00271 (89.4%) | loss: 3.172025 | lrm: 0.21 | dt: 1031ms | tok/sec: 508,706 | mfu: 22.0% | epoch: 1 | remaining: 31s    
step 00272 (89.7%) | loss: 3.170787 | lrm: 0.21 | dt: 1030ms | tok/sec: 508,813 | mfu: 22.0% | epoch: 1 | remaining: 30s    
step 00273 (90.1%) | loss: 3.169285 | lrm: 0.20 | dt: 1031ms | tok/sec: 508,730 | mfu: 22.0% | epoch: 1 | remaining: 29s    
step 00274 (90.4%) | loss: 3.169292 | lrm: 0.19 | dt: 1031ms | tok/sec: 508,576 | mfu: 22.0% | epoch: 1 | remaining: 28s    
step 00275 (90.7%) | loss: 3.166756 | lrm: 0.19 | dt: 1031ms | tok/sec: 508,635 | mfu: 22.0% | epoch: 1 | remaining: 27s    
step 00276 (91.1%) | loss: 3.163811 | lrm: 0.18 | dt: 1031ms | tok/sec: 508,636 | mfu: 22.0% | epoch: 1 | remaining: 26s    
step 00277 (91.4%) | loss: 3.165290 | lrm: 0.17 | dt: 1030ms | tok/sec: 508,824 | mfu: 22.0% | epoch: 1 | remaining: 25s    
step 00278 (91.8%) | loss: 3.164495 | lrm: 0.16 | dt: 1030ms | tok/sec: 508,840 | mfu: 22.0% | epoch: 1 | remaining: 24s    
step 00279 (92.1%) | loss: 3.161568 | lrm: 0.16 | dt: 1031ms | tok/sec: 508,748 | mfu: 22.0% | epoch: 1 | remaining: 23s    
step 00280 (92.5%) | loss: 3.161979 | lrm: 0.15 | dt: 1031ms | tok/sec: 508,494 | mfu: 22.0% | epoch: 1 | remaining: 22s    
step 00281 (92.8%) | loss: 3.164504 | lrm: 0.14 | dt: 1030ms | tok/sec: 508,826 | mfu: 22.0% | epoch: 1 | remaining: 21s    
step 00282 (93.2%) | loss: 3.161485 | lrm: 0.14 | dt: 1031ms | tok/sec: 508,766 | mfu: 22.0% | epoch: 1 | remaining: 20s    
step 00283 (93.5%) | loss: 3.161081 | lrm: 0.13 | dt: 1030ms | tok/sec: 508,862 | mfu: 22.0% | epoch: 1 | remaining: 18s    
step 00284 (93.8%) | loss: 3.158977 | lrm: 0.12 | dt: 1031ms | tok/sec: 508,764 | mfu: 22.0% | epoch: 1 | remaining: 17s    
step 00285 (94.2%) | loss: 3.159615 | lrm: 0.12 | dt: 1030ms | tok/sec: 508,773 | mfu: 22.0% | epoch: 1 | remaining: 16s    
step 00286 (94.5%) | loss: 3.154810 | lrm: 0.11 | dt: 1031ms | tok/sec: 508,536 | mfu: 22.0% | epoch: 1 | remaining: 15s    
step 00287 (94.9%) | loss: 3.152844 | lrm: 0.10 | dt: 1030ms | tok/sec: 508,950 | mfu: 22.0% | epoch: 1 | remaining: 14s    
step 00288 (95.2%) | loss: 3.155045 | lrm: 0.10 | dt: 1031ms | tok/sec: 508,764 | mfu: 22.0% | epoch: 1 | remaining: 13s    
step 00289 (95.6%) | loss: 3.151820 | lrm: 0.09 | dt: 1030ms | tok/sec: 508,784 | mfu: 22.0% | epoch: 1 | remaining: 12s    
step 00290 (95.9%) | loss: 3.154252 | lrm: 0.08 | dt: 1030ms | tok/sec: 508,877 | mfu: 22.0% | epoch: 1 | remaining: 11s    
step 00291 (96.2%) | loss: 3.145528 | lrm: 0.08 | dt: 1031ms | tok/sec: 508,664 | mfu: 22.0% | epoch: 1 | remaining: 10s    
step 00292 (96.6%) | loss: 3.138963 | lrm: 0.07 | dt: 1031ms | tok/sec: 508,614 | mfu: 22.0% | epoch: 1 | remaining: 9s    
step 00293 (96.9%) | loss: 3.138791 | lrm: 0.06 | dt: 1030ms | tok/sec: 508,837 | mfu: 22.0% | epoch: 1 | remaining: 8s    
step 00294 (97.3%) | loss: 3.138393 | lrm: 0.05 | dt: 1030ms | tok/sec: 508,906 | mfu: 22.0% | epoch: 1 | remaining: 7s    
step 00295 (97.6%) | loss: 3.138473 | lrm: 0.05 | dt: 1030ms | tok/sec: 508,860 | mfu: 22.0% | epoch: 1 | remaining: 6s    
step 00296 (98.0%) | loss: 3.132706 | lrm: 0.04 | dt: 1031ms | tok/sec: 508,760 | mfu: 22.0% | epoch: 1 | remaining: 5s    
step 00297 (98.3%) | loss: 3.133861 | lrm: 0.03 | dt: 1031ms | tok/sec: 508,531 | mfu: 22.0% | epoch: 1 | remaining: 4s    
step 00298 (98.6%) | loss: 3.131382 | lrm: 0.03 | dt: 1030ms | tok/sec: 508,797 | mfu: 22.0% | epoch: 1 | remaining: 3s    
step 00299 (99.0%) | loss: 3.131762 | lrm: 0.02 | dt: 1031ms | tok/sec: 508,548 | mfu: 22.0% | epoch: 1 | remaining: 2s    
step 00300 (99.3%) | loss: 3.129946 | lrm: 0.01 | dt: 1031ms | tok/sec: 508,569 | mfu: 22.0% | epoch: 1 | remaining: 1s    
step 00301 (99.7%) | loss: 3.127212 | lrm: 0.01 | dt: 1031ms | tok/sec: 508,522 | mfu: 22.0% | epoch: 1 | remaining: 0s    
---
val_bpb:          1.112880
training_seconds: 300.1
total_seconds:    359.3
peak_vram_mb:     68034.9
mfu_percent:      22.10
total_tokens_M:   158.3
num_steps:        302
num_params_M:     85.9
depth:            10
[W1004 10:47:14.729896423 CudaIPCTypes.cpp:16] Producer process has been terminated before all shared CUDA tensors released. See Note [Sharing CUDA tensors]
