Vocab size: 8,192
Model config: {'sequence_len': 2048, 'vocab_size': 8192, 'n_layer': 8, 'n_head': 4, 'n_kv_head': 4, 'n_embd': 512, 'window_pattern': 'SSSL'}
Parameter counts:
  wte                     : 4,194,304
  value_embeds            : 16,777,216
  lm_head                 : 4,194,304
  transformer_matrices    : 25,166,336
  scalars                 : 16
  total                   : 50,332,176
Estimated FLOPs per token: 2.390784e+08
Scaling AdamW LRs by 1/sqrt(512/768) = 1.224745
Time budget: 300s
Gradient accumulation steps: 2

step 00000 (0.0%) | loss: 9.011380 | lrm: 1.00 | dt: 9960ms | tok/sec: 52,640 | mfu: 1.3% | epoch: 1 | remaining: 300s    
step 00001 (0.0%) | loss: 8.854874 | lrm: 1.00 | dt: 622ms | tok/sec: 843,380 | mfu: 20.4% | epoch: 1 | remaining: 300s    
step 00002 (0.0%) | loss: 8.446524 | lrm: 1.00 | dt: 613ms | tok/sec: 855,369 | mfu: 20.7% | epoch: 1 | remaining: 300s    
step 00003 (0.0%) | loss: 7.985246 | lrm: 1.00 | dt: 609ms | tok/sec: 861,060 | mfu: 20.8% | epoch: 1 | remaining: 300s    
step 00004 (0.0%) | loss: 7.595144 | lrm: 1.00 | dt: 606ms | tok/sec: 865,367 | mfu: 20.9% | epoch: 1 | remaining: 300s    
step 00005 (0.0%) | loss: 7.261391 | lrm: 1.00 | dt: 605ms | tok/sec: 866,316 | mfu: 20.9% | epoch: 1 | remaining: 300s    
step 00006 (0.0%) | loss: 7.011637 | lrm: 1.00 | dt: 605ms | tok/sec: 866,353 | mfu: 20.9% | epoch: 1 | remaining: 300s    
step 00007 (0.0%) | loss: 6.805068 | lrm: 1.00 | dt: 605ms | tok/sec: 866,023 | mfu: 20.9% | epoch: 1 | remaining: 300s    
step 00008 (0.0%) | loss: 6.629437 | lrm: 1.00 | dt: 606ms | tok/sec: 865,826 | mfu: 20.9% | epoch: 1 | remaining: 300s    
step 00009 (0.0%) | loss: 6.479250 | lrm: 1.00 | dt: 605ms | tok/sec: 866,202 | mfu: 20.9% | epoch: 1 | remaining: 300s    
step 00010 (0.0%) | loss: 6.355381 | lrm: 1.00 | dt: 605ms | tok/sec: 866,090 | mfu: 20.9% | epoch: 1 | remaining: 300s    
step 00011 (0.0%) | loss: 6.248884 | lrm: 1.00 | dt: 606ms | tok/sec: 865,648 | mfu: 20.9% | epoch: 1 | remaining: 299s    
step 00012 (0.2%) | loss: 6.155960 | lrm: 1.00 | dt: 605ms | tok/sec: 866,071 | mfu: 20.9% | epoch: 1 | remaining: 299s    
step 00013 (0.4%) | loss: 6.078591 | lrm: 1.00 | dt: 606ms | tok/sec: 865,504 | mfu: 20.9% | epoch: 1 | remaining: 298s    
step 00014 (0.6%) | loss: 6.005169 | lrm: 1.00 | dt: 606ms | tok/sec: 865,869 | mfu: 20.9% | epoch: 1 | remaining: 298s    
step 00015 (0.8%) | loss: 5.943094 | lrm: 1.00 | dt: 606ms | tok/sec: 865,860 | mfu: 20.9% | epoch: 1 | remaining: 297s    
step 00016 (1.0%) | loss: 5.884641 | lrm: 1.00 | dt: 606ms | tok/sec: 865,735 | mfu: 20.9% | epoch: 1 | remaining: 296s    
step 00017 (1.2%) | loss: 5.831666 | lrm: 1.00 | dt: 606ms | tok/sec: 865,853 | mfu: 20.9% | epoch: 1 | remaining: 296s    
step 00018 (1.4%) | loss: 5.783449 | lrm: 1.00 | dt: 606ms | tok/sec: 865,800 | mfu: 20.9% | epoch: 1 | remaining: 295s    
step 00019 (1.6%) | loss: 5.742576 | lrm: 1.00 | dt: 605ms | tok/sec: 865,937 | mfu: 20.9% | epoch: 1 | remaining: 295s    
step 00020 (1.8%) | loss: 5.704082 | lrm: 1.00 | dt: 605ms | tok/sec: 866,340 | mfu: 20.9% | epoch: 1 | remaining: 294s    
step 00021 (2.0%) | loss: 5.665539 | lrm: 1.00 | dt: 605ms | tok/sec: 866,228 | mfu: 20.9% | epoch: 1 | remaining: 293s    
step 00022 (2.2%) | loss: 5.627775 | lrm: 1.00 | dt: 605ms | tok/sec: 866,236 | mfu: 20.9% | epoch: 1 | remaining: 293s    
step 00023 (2.4%) | loss: 5.593098 | lrm: 1.00 | dt: 605ms | tok/sec: 866,518 | mfu: 20.9% | epoch: 1 | remaining: 292s    
step 00024 (2.6%) | loss: 5.560096 | lrm: 1.00 | dt: 605ms | tok/sec: 866,287 | mfu: 20.9% | epoch: 1 | remaining: 292s    
step 00025 (2.8%) | loss: 5.527985 | lrm: 1.00 | dt: 605ms | tok/sec: 866,119 | mfu: 20.9% | epoch: 1 | remaining: 291s    
step 00026 (3.0%) | loss: 5.493065 | lrm: 1.00 | dt: 605ms | tok/sec: 866,278 | mfu: 20.9% | epoch: 1 | remaining: 290s    
step 00027 (3.2%) | loss: 5.463179 | lrm: 1.00 | dt: 605ms | tok/sec: 866,153 | mfu: 20.9% | epoch: 1 | remaining: 290s    
step 00028 (3.4%) | loss: 5.433729 | lrm: 1.00 | dt: 605ms | tok/sec: 866,237 | mfu: 20.9% | epoch: 1 | remaining: 289s    
step 00029 (3.6%) | loss: 5.406349 | lrm: 1.00 | dt: 605ms | tok/sec: 866,146 | mfu: 20.9% | epoch: 1 | remaining: 288s    
step 00030 (3.8%) | loss: 5.377270 | lrm: 1.00 | dt: 605ms | tok/sec: 865,961 | mfu: 20.9% | epoch: 1 | remaining: 288s    
step 00031 (4.0%) | loss: 5.346576 | lrm: 1.00 | dt: 606ms | tok/sec: 865,743 | mfu: 20.9% | epoch: 1 | remaining: 287s    
step 00032 (4.2%) | loss: 5.318788 | lrm: 1.00 | dt: 606ms | tok/sec: 865,303 | mfu: 20.9% | epoch: 1 | remaining: 287s    
step 00033 (4.4%) | loss: 5.288745 | lrm: 1.00 | dt: 606ms | tok/sec: 865,519 | mfu: 20.9% | epoch: 1 | remaining: 286s    
step 00034 (4.6%) | loss: 5.257266 | lrm: 1.00 | dt: 606ms | tok/sec: 865,167 | mfu: 20.9% | epoch: 1 | remaining: 285s    
step 00035 (4.8%) | loss: 5.229108 | lrm: 1.00 | dt: 606ms | tok/sec: 865,231 | mfu: 20.9% | epoch: 1 | remaining: 285s    
step 00036 (5.0%) | loss: 5.202546 | lrm: 1.00 | dt: 606ms | tok/sec: 865,019 | mfu: 20.9% | epoch: 1 | remaining: 284s    
step 00037 (5.2%) | loss: 5.174124 | lrm: 1.00 | dt: 607ms | tok/sec: 864,258 | mfu: 20.9% | epoch: 1 | remaining: 284s    
step 00038 (5.4%) | loss: 5.147178 | lrm: 1.00 | dt: 607ms | tok/sec: 864,148 | mfu: 20.9% | epoch: 1 | remaining: 283s    
step 00039 (5.7%) | loss: 5.115535 | lrm: 1.00 | dt: 607ms | tok/sec: 864,383 | mfu: 20.9% | epoch: 1 | remaining: 282s    
step 00040 (5.9%) | loss: 5.086442 | lrm: 1.00 | dt: 607ms | tok/sec: 864,020 | mfu: 20.9% | epoch: 1 | remaining: 282s    
step 00041 (6.1%) | loss: 5.061611 | lrm: 1.00 | dt: 607ms | tok/sec: 864,112 | mfu: 20.9% | epoch: 1 | remaining: 281s    
step 00042 (6.3%) | loss: 5.036824 | lrm: 1.00 | dt: 607ms | tok/sec: 864,013 | mfu: 20.9% | epoch: 1 | remaining: 281s    
step 00043 (6.5%) | loss: 5.006636 | lrm: 1.00 | dt: 607ms | tok/sec: 864,150 | mfu: 20.9% | epoch: 1 | remaining: 280s    
step 00044 (6.7%) | loss: 4.979977 | lrm: 1.00 | dt: 607ms | tok/sec: 864,001 | mfu: 20.9% | epoch: 1 | remaining: 279s    
step 00045 (6.9%) | loss: 4.953854 | lrm: 1.00 | dt: 607ms | tok/sec: 864,012 | mfu: 20.9% | epoch: 1 | remaining: 279s    
step 00046 (7.1%) | loss: 4.927357 | lrm: 1.00 | dt: 607ms | tok/sec: 864,149 | mfu: 20.9% | epoch: 1 | remaining: 278s    
step 00047 (7.3%) | loss: 4.898047 | lrm: 1.00 | dt: 607ms | tok/sec: 863,949 | mfu: 20.9% | epoch: 1 | remaining: 278s    
step 00048 (7.5%) | loss: 4.873636 | lrm: 1.00 | dt: 607ms | tok/sec: 863,974 | mfu: 20.9% | epoch: 1 | remaining: 277s    
step 00049 (7.7%) | loss: 4.847711 | lrm: 1.00 | dt: 607ms | tok/sec: 863,907 | mfu: 20.9% | epoch: 1 | remaining: 276s    
step 00050 (7.9%) | loss: 4.821664 | lrm: 1.00 | dt: 607ms | tok/sec: 864,217 | mfu: 20.9% | epoch: 1 | remaining: 276s    
step 00051 (8.1%) | loss: 4.801279 | lrm: 1.00 | dt: 607ms | tok/sec: 864,016 | mfu: 20.9% | epoch: 1 | remaining: 275s    
step 00052 (8.3%) | loss: 4.775255 | lrm: 1.00 | dt: 607ms | tok/sec: 864,051 | mfu: 20.9% | epoch: 1 | remaining: 275s    
step 00053 (8.5%) | loss: 4.750473 | lrm: 1.00 | dt: 607ms | tok/sec: 863,721 | mfu: 20.9% | epoch: 1 | remaining: 274s    
step 00054 (8.7%) | loss: 4.725453 | lrm: 1.00 | dt: 607ms | tok/sec: 863,806 | mfu: 20.9% | epoch: 1 | remaining: 273s    
step 00055 (8.9%) | loss: 4.698392 | lrm: 1.00 | dt: 607ms | tok/sec: 863,820 | mfu: 20.9% | epoch: 1 | remaining: 273s    
step 00056 (9.1%) | loss: 4.674191 | lrm: 1.00 | dt: 607ms | tok/sec: 863,818 | mfu: 20.9% | epoch: 1 | remaining: 272s    
step 00057 (9.3%) | loss: 4.647380 | lrm: 1.00 | dt: 607ms | tok/sec: 863,831 | mfu: 20.9% | epoch: 1 | remaining: 272s    
step 00058 (9.5%) | loss: 4.621998 | lrm: 1.00 | dt: 607ms | tok/sec: 863,765 | mfu: 20.9% | epoch: 1 | remaining: 271s    
step 00059 (9.7%) | loss: 4.592478 | lrm: 1.00 | dt: 607ms | tok/sec: 863,599 | mfu: 20.9% | epoch: 1 | remaining: 270s    
step 00060 (9.9%) | loss: 4.568211 | lrm: 1.00 | dt: 607ms | tok/sec: 863,738 | mfu: 20.9% | epoch: 1 | remaining: 270s    
step 00061 (10.1%) | loss: 4.545832 | lrm: 1.00 | dt: 607ms | tok/sec: 863,844 | mfu: 20.9% | epoch: 1 | remaining: 269s    
step 00062 (10.3%) | loss: 4.519684 | lrm: 1.00 | dt: 607ms | tok/sec: 863,514 | mfu: 20.9% | epoch: 1 | remaining: 268s    
step 00063 (10.5%) | loss: 4.493716 | lrm: 1.00 | dt: 607ms | tok/sec: 863,248 | mfu: 20.9% | epoch: 1 | remaining: 268s    
step 00064 (10.7%) | loss: 4.471783 | lrm: 1.00 | dt: 607ms | tok/sec: 863,743 | mfu: 20.9% | epoch: 1 | remaining: 267s    
step 00065 (10.9%) | loss: 4.451396 | lrm: 1.00 | dt: 607ms | tok/sec: 863,552 | mfu: 20.9% | epoch: 1 | remaining: 267s    
step 00066 (11.1%) | loss: 4.430979 | lrm: 1.00 | dt: 607ms | tok/sec: 863,596 | mfu: 20.9% | epoch: 1 | remaining: 266s    
step 00067 (11.3%) | loss: 4.409265 | lrm: 1.00 | dt: 607ms | tok/sec: 863,751 | mfu: 20.9% | epoch: 1 | remaining: 265s    
step 00068 (11.5%) | loss: 4.389468 | lrm: 1.00 | dt: 607ms | tok/sec: 863,436 | mfu: 20.9% | epoch: 1 | remaining: 265s    
step 00069 (11.7%) | loss: 4.367147 | lrm: 1.00 | dt: 607ms | tok/sec: 863,584 | mfu: 20.9% | epoch: 1 | remaining: 264s    
step 00070 (11.9%) | loss: 4.341775 | lrm: 1.00 | dt: 607ms | tok/sec: 863,662 | mfu: 20.9% | epoch: 1 | remaining: 264s    
step 00071 (12.1%) | loss: 4.312528 | lrm: 1.00 | dt: 607ms | tok/sec: 863,747 | mfu: 20.9% | epoch: 1 | remaining: 263s    
step 00072 (12.3%) | loss: 4.299660 | lrm: 1.00 | dt: 607ms | tok/sec: 863,540 | mfu: 20.9% | epoch: 1 | remaining: 262s    
step 00073 (12.5%) | loss: 4.283050 | lrm: 1.00 | dt: 607ms | tok/sec: 864,013 | mfu: 20.9% | epoch: 1 | remaining: 262s    
step 00074 (12.7%) | loss: 4.261149 | lrm: 1.00 | dt: 607ms | tok/sec: 863,393 | mfu: 20.9% | epoch: 1 | remaining: 261s    
step 00075 (12.9%) | loss: 4.241141 | lrm: 1.00 | dt: 607ms | tok/sec: 863,477 | mfu: 20.9% | epoch: 1 | remaining: 261s    
step 00076 (13.1%) | loss: 4.225300 | lrm: 1.00 | dt: 607ms | tok/sec: 863,556 | mfu: 20.9% | epoch: 1 | remaining: 260s    
step 00077 (13.3%) | loss: 4.211500 | lrm: 1.00 | dt: 607ms | tok/sec: 863,664 | mfu: 20.9% | epoch: 1 | remaining: 259s    
step 00078 (13.5%) | loss: 4.190595 | lrm: 1.00 | dt: 607ms | tok/sec: 863,701 | mfu: 20.9% | epoch: 1 | remaining: 259s    
step 00079 (13.7%) | loss: 4.170804 | lrm: 1.00 | dt: 607ms | tok/sec: 863,243 | mfu: 20.9% | epoch: 1 | remaining: 258s    
step 00080 (13.9%) | loss: 4.152719 | lrm: 1.00 | dt: 607ms | tok/sec: 863,597 | mfu: 20.9% | epoch: 1 | remaining: 258s    
step 00081 (14.1%) | loss: 4.136333 | lrm: 1.00 | dt: 607ms | tok/sec: 863,496 | mfu: 20.9% | epoch: 1 | remaining: 257s    
step 00082 (14.4%) | loss: 4.120044 | lrm: 1.00 | dt: 607ms | tok/sec: 863,603 | mfu: 20.9% | epoch: 1 | remaining: 256s    
step 00083 (14.6%) | loss: 4.100237 | lrm: 1.00 | dt: 607ms | tok/sec: 863,315 | mfu: 20.9% | epoch: 1 | remaining: 256s    
step 00084 (14.8%) | loss: 4.081452 | lrm: 1.00 | dt: 607ms | tok/sec: 863,133 | mfu: 20.9% | epoch: 1 | remaining: 255s    
step 00085 (15.0%) | loss: 4.067403 | lrm: 1.00 | dt: 607ms | tok/sec: 863,162 | mfu: 20.9% | epoch: 1 | remaining: 255s    
step 00086 (15.2%) | loss: 4.051483 | lrm: 1.00 | dt: 607ms | tok/sec: 863,367 | mfu: 20.9% | epoch: 1 | remaining: 254s    
step 00087 (15.4%) | loss: 4.040407 | lrm: 1.00 | dt: 607ms | tok/sec: 863,303 | mfu: 20.9% | epoch: 1 | remaining: 253s    
step 00088 (15.6%) | loss: 4.028396 | lrm: 1.00 | dt: 607ms | tok/sec: 863,596 | mfu: 20.9% | epoch: 1 | remaining: 253s    
step 00089 (15.8%) | loss: 4.011463 | lrm: 1.00 | dt: 607ms | tok/sec: 863,116 | mfu: 20.9% | epoch: 1 | remaining: 252s    
step 00090 (16.0%) | loss: 3.997206 | lrm: 1.00 | dt: 607ms | tok/sec: 863,445 | mfu: 20.9% | epoch: 1 | remaining: 251s    
step 00091 (16.2%) | loss: 3.980743 | lrm: 1.00 | dt: 607ms | tok/sec: 863,293 | mfu: 20.9% | epoch: 1 | remaining: 251s    
step 00092 (16.4%) | loss: 3.969366 | lrm: 1.00 | dt: 607ms | tok/sec: 863,481 | mfu: 20.9% | epoch: 1 | remaining: 250s    
step 00093 (16.6%) | loss: 3.957405 | lrm: 1.00 | dt: 607ms | tok/sec: 863,479 | mfu: 20.9% | epoch: 1 | remaining: 250s    
step 00094 (16.8%) | loss: 3.947380 | lrm: 1.00 | dt: 607ms | tok/sec: 863,403 | mfu: 20.9% | epoch: 1 | remaining: 249s    
step 00095 (17.0%) | loss: 3.937748 | lrm: 1.00 | dt: 607ms | tok/sec: 863,457 | mfu: 20.9% | epoch: 1 | remaining: 248s    
step 00096 (17.2%) | loss: 3.922632 | lrm: 1.00 | dt: 607ms | tok/sec: 863,212 | mfu: 20.9% | epoch: 1 | remaining: 248s    
step 00097 (17.4%) | loss: 3.911847 | lrm: 1.00 | dt: 607ms | tok/sec: 863,584 | mfu: 20.9% | epoch: 1 | remaining: 247s    
step 00098 (17.6%) | loss: 3.899086 | lrm: 1.00 | dt: 607ms | tok/sec: 863,243 | mfu: 20.9% | epoch: 1 | remaining: 247s    
step 00099 (17.8%) | loss: 3.888199 | lrm: 1.00 | dt: 607ms | tok/sec: 863,237 | mfu: 20.9% | epoch: 1 | remaining: 246s    
step 00100 (18.0%) | loss: 3.877331 | lrm: 1.00 | dt: 607ms | tok/sec: 863,058 | mfu: 20.9% | epoch: 1 | remaining: 245s    
step 00101 (18.2%) | loss: 3.863510 | lrm: 1.00 | dt: 608ms | tok/sec: 862,950 | mfu: 20.9% | epoch: 1 | remaining: 245s    
step 00102 (18.4%) | loss: 3.850569 | lrm: 1.00 | dt: 607ms | tok/sec: 863,155 | mfu: 20.9% | epoch: 1 | remaining: 244s    
step 00103 (18.6%) | loss: 3.831503 | lrm: 1.00 | dt: 607ms | tok/sec: 863,164 | mfu: 20.9% | epoch: 1 | remaining: 244s    
step 00104 (18.8%) | loss: 3.819473 | lrm: 1.00 | dt: 607ms | tok/sec: 863,428 | mfu: 20.9% | epoch: 1 | remaining: 243s    
step 00105 (19.0%) | loss: 3.808867 | lrm: 1.00 | dt: 607ms | tok/sec: 863,236 | mfu: 20.9% | epoch: 1 | remaining: 242s    
step 00106 (19.2%) | loss: 3.798609 | lrm: 1.00 | dt: 607ms | tok/sec: 863,653 | mfu: 20.9% | epoch: 1 | remaining: 242s    
step 00107 (19.4%) | loss: 3.791764 | lrm: 1.00 | dt: 607ms | tok/sec: 863,461 | mfu: 20.9% | epoch: 1 | remaining: 241s    
step 00108 (19.6%) | loss: 3.785165 | lrm: 1.00 | dt: 607ms | tok/sec: 863,161 | mfu: 20.9% | epoch: 1 | remaining: 241s    
step 00109 (19.8%) | loss: 3.778301 | lrm: 1.00 | dt: 607ms | tok/sec: 863,307 | mfu: 20.9% | epoch: 1 | remaining: 240s    
step 00110 (20.0%) | loss: 3.769317 | lrm: 1.00 | dt: 607ms | tok/sec: 863,316 | mfu: 20.9% | epoch: 1 | remaining: 239s    
step 00111 (20.2%) | loss: 3.767268 | lrm: 1.00 | dt: 607ms | tok/sec: 863,337 | mfu: 20.9% | epoch: 1 | remaining: 239s    
step 00112 (20.4%) | loss: 3.762074 | lrm: 1.00 | dt: 607ms | tok/sec: 863,271 | mfu: 20.9% | epoch: 1 | remaining: 238s    
step 00113 (20.6%) | loss: 3.758628 | lrm: 1.00 | dt: 607ms | tok/sec: 863,558 | mfu: 20.9% | epoch: 1 | remaining: 238s    
step 00114 (20.8%) | loss: 3.757154 | lrm: 1.00 | dt: 607ms | tok/sec: 863,450 | mfu: 20.9% | epoch: 1 | remaining: 237s    
step 00115 (21.0%) | loss: 3.751135 | lrm: 1.00 | dt: 607ms | tok/sec: 863,324 | mfu: 20.9% | epoch: 1 | remaining: 236s    
step 00116 (21.2%) | loss: 3.741152 | lrm: 1.00 | dt: 607ms | tok/sec: 863,416 | mfu: 20.9% | epoch: 1 | remaining: 236s    
step 00117 (21.4%) | loss: 3.739282 | lrm: 1.00 | dt: 607ms | tok/sec: 863,132 | mfu: 20.9% | epoch: 1 | remaining: 235s    
step 00118 (21.6%) | loss: 3.730657 | lrm: 1.00 | dt: 607ms | tok/sec: 863,376 | mfu: 20.9% | epoch: 1 | remaining: 234s    
step 00119 (21.8%) | loss: 3.725664 | lrm: 1.00 | dt: 607ms | tok/sec: 863,315 | mfu: 20.9% | epoch: 1 | remaining: 234s    
step 00120 (22.0%) | loss: 3.721531 | lrm: 1.00 | dt: 607ms | tok/sec: 863,462 | mfu: 20.9% | epoch: 1 | remaining: 233s    
step 00121 (22.2%) | loss: 3.706706 | lrm: 1.00 | dt: 607ms | tok/sec: 863,421 | mfu: 20.9% | epoch: 1 | remaining: 233s    
step 00122 (22.4%) | loss: 3.699382 | lrm: 1.00 | dt: 607ms | tok/sec: 863,696 | mfu: 20.9% | epoch: 1 | remaining: 232s    
step 00123 (22.7%) | loss: 3.692906 | lrm: 1.00 | dt: 607ms | tok/sec: 863,220 | mfu: 20.9% | epoch: 1 | remaining: 231s    
step 00124 (22.9%) | loss: 3.688286 | lrm: 1.00 | dt: 607ms | tok/sec: 863,444 | mfu: 20.9% | epoch: 1 | remaining: 231s    
step 00125 (23.1%) | loss: 3.680230 | lrm: 1.00 | dt: 607ms | tok/sec: 863,378 | mfu: 20.9% | epoch: 1 | remaining: 230s    
step 00126 (23.3%) | loss: 3.672364 | lrm: 1.00 | dt: 607ms | tok/sec: 863,653 | mfu: 20.9% | epoch: 1 | remaining: 230s    
step 00127 (23.5%) | loss: 3.664240 | lrm: 1.00 | dt: 607ms | tok/sec: 863,551 | mfu: 20.9% | epoch: 1 | remaining: 229s    
step 00128 (23.7%) | loss: 3.663480 | lrm: 1.00 | dt: 607ms | tok/sec: 863,619 | mfu: 20.9% | epoch: 1 | remaining: 228s    
step 00129 (23.9%) | loss: 3.659032 | lrm: 1.00 | dt: 607ms | tok/sec: 863,122 | mfu: 20.9% | epoch: 1 | remaining: 228s    
step 00130 (24.1%) | loss: 3.656085 | lrm: 1.00 | dt: 607ms | tok/sec: 863,418 | mfu: 20.9% | epoch: 1 | remaining: 227s    
step 00131 (24.3%) | loss: 3.650266 | lrm: 1.00 | dt: 608ms | tok/sec: 862,929 | mfu: 20.8% | epoch: 1 | remaining: 227s    
step 00132 (24.5%) | loss: 3.644909 | lrm: 1.00 | dt: 607ms | tok/sec: 863,114 | mfu: 20.9% | epoch: 1 | remaining: 226s    
step 00133 (24.7%) | loss: 3.644889 | lrm: 1.00 | dt: 607ms | tok/sec: 863,350 | mfu: 20.9% | epoch: 1 | remaining: 225s    
step 00134 (24.9%) | loss: 3.634644 | lrm: 1.00 | dt: 607ms | tok/sec: 863,436 | mfu: 20.9% | epoch: 1 | remaining: 225s    
step 00135 (25.1%) | loss: 3.627939 | lrm: 1.00 | dt: 607ms | tok/sec: 863,397 | mfu: 20.9% | epoch: 1 | remaining: 224s    
step 00136 (25.3%) | loss: 3.619882 | lrm: 1.00 | dt: 607ms | tok/sec: 863,297 | mfu: 20.9% | epoch: 1 | remaining: 224s    
step 00137 (25.5%) | loss: 3.616244 | lrm: 1.00 | dt: 607ms | tok/sec: 863,281 | mfu: 20.9% | epoch: 1 | remaining: 223s    
step 00138 (25.7%) | loss: 3.618420 | lrm: 1.00 | dt: 607ms | tok/sec: 863,296 | mfu: 20.9% | epoch: 1 | remaining: 222s    
step 00139 (25.9%) | loss: 3.609418 | lrm: 1.00 | dt: 607ms | tok/sec: 863,369 | mfu: 20.9% | epoch: 1 | remaining: 222s    
step 00140 (26.1%) | loss: 3.601903 | lrm: 1.00 | dt: 607ms | tok/sec: 863,398 | mfu: 20.9% | epoch: 1 | remaining: 221s    
step 00141 (26.3%) | loss: 3.598802 | lrm: 1.00 | dt: 607ms | tok/sec: 863,354 | mfu: 20.9% | epoch: 1 | remaining: 221s    
step 00142 (26.5%) | loss: 3.596247 | lrm: 1.00 | dt: 607ms | tok/sec: 863,255 | mfu: 20.9% | epoch: 1 | remaining: 220s    
step 00143 (26.7%) | loss: 3.591830 | lrm: 1.00 | dt: 607ms | tok/sec: 863,302 | mfu: 20.9% | epoch: 1 | remaining: 219s    
step 00144 (26.9%) | loss: 3.596016 | lrm: 1.00 | dt: 607ms | tok/sec: 863,595 | mfu: 20.9% | epoch: 1 | remaining: 219s    
step 00145 (27.1%) | loss: 3.591316 | lrm: 1.00 | dt: 607ms | tok/sec: 863,281 | mfu: 20.9% | epoch: 1 | remaining: 218s    
step 00146 (27.3%) | loss: 3.586910 | lrm: 1.00 | dt: 607ms | tok/sec: 863,650 | mfu: 20.9% | epoch: 1 | remaining: 217s    
step 00147 (27.5%) | loss: 3.586756 | lrm: 1.00 | dt: 608ms | tok/sec: 862,985 | mfu: 20.9% | epoch: 1 | remaining: 217s    
step 00148 (27.7%) | loss: 3.581735 | lrm: 1.00 | dt: 607ms | tok/sec: 863,533 | mfu: 20.9% | epoch: 1 | remaining: 216s    
step 00149 (27.9%) | loss: 3.572098 | lrm: 1.00 | dt: 607ms | tok/sec: 863,511 | mfu: 20.9% | epoch: 1 | remaining: 216s    
step 00150 (28.1%) | loss: 3.570208 | lrm: 1.00 | dt: 607ms | tok/sec: 863,298 | mfu: 20.9% | epoch: 1 | remaining: 215s    
step 00151 (28.3%) | loss: 3.569033 | lrm: 1.00 | dt: 607ms | tok/sec: 863,421 | mfu: 20.9% | epoch: 1 | remaining: 214s    
step 00152 (28.5%) | loss: 3.564143 | lrm: 1.00 | dt: 607ms | tok/sec: 863,386 | mfu: 20.9% | epoch: 1 | remaining: 214s    
step 00153 (28.7%) | loss: 3.567138 | lrm: 1.00 | dt: 607ms | tok/sec: 863,451 | mfu: 20.9% | epoch: 1 | remaining: 213s    
step 00154 (28.9%) | loss: 3.567271 | lrm: 1.00 | dt: 607ms | tok/sec: 863,373 | mfu: 20.9% | epoch: 1 | remaining: 213s    
step 00155 (29.1%) | loss: 3.563215 | lrm: 1.00 | dt: 607ms | tok/sec: 863,279 | mfu: 20.9% | epoch: 1 | remaining: 212s    
step 00156 (29.3%) | loss: 3.557203 | lrm: 1.00 | dt: 607ms | tok/sec: 863,625 | mfu: 20.9% | epoch: 1 | remaining: 211s    
step 00157 (29.5%) | loss: 3.551556 | lrm: 1.00 | dt: 608ms | tok/sec: 862,970 | mfu: 20.9% | epoch: 1 | remaining: 211s    
step 00158 (29.7%) | loss: 3.550966 | lrm: 1.00 | dt: 607ms | tok/sec: 863,282 | mfu: 20.9% | epoch: 1 | remaining: 210s    
step 00159 (29.9%) | loss: 3.544293 | lrm: 1.00 | dt: 607ms | tok/sec: 863,529 | mfu: 20.9% | epoch: 1 | remaining: 210s    
step 00160 (30.1%) | loss: 3.544081 | lrm: 1.00 | dt: 607ms | tok/sec: 863,238 | mfu: 20.9% | epoch: 1 | remaining: 209s    
step 00161 (30.3%) | loss: 3.540891 | lrm: 1.00 | dt: 607ms | tok/sec: 863,551 | mfu: 20.9% | epoch: 1 | remaining: 208s    
step 00162 (30.5%) | loss: 3.542309 | lrm: 1.00 | dt: 607ms | tok/sec: 863,375 | mfu: 20.9% | epoch: 1 | remaining: 208s    
step 00163 (30.7%) | loss: 3.536302 | lrm: 1.00 | dt: 607ms | tok/sec: 863,410 | mfu: 20.9% | epoch: 1 | remaining: 207s    
step 00164 (31.0%) | loss: 3.536012 | lrm: 1.00 | dt: 607ms | tok/sec: 863,593 | mfu: 20.9% | epoch: 1 | remaining: 207s    
step 00165 (31.2%) | loss: 3.534081 | lrm: 1.00 | dt: 607ms | tok/sec: 863,412 | mfu: 20.9% | epoch: 1 | remaining: 206s    
step 00166 (31.4%) | loss: 3.530847 | lrm: 1.00 | dt: 607ms | tok/sec: 863,566 | mfu: 20.9% | epoch: 1 | remaining: 205s    
step 00167 (31.6%) | loss: 3.528958 | lrm: 1.00 | dt: 607ms | tok/sec: 863,353 | mfu: 20.9% | epoch: 1 | remaining: 205s    
step 00168 (31.8%) | loss: 3.527067 | lrm: 1.00 | dt: 607ms | tok/sec: 863,517 | mfu: 20.9% | epoch: 1 | remaining: 204s    
step 00169 (32.0%) | loss: 3.523111 | lrm: 1.00 | dt: 607ms | tok/sec: 863,449 | mfu: 20.9% | epoch: 1 | remaining: 204s    
step 00170 (32.2%) | loss: 3.516913 | lrm: 1.00 | dt: 607ms | tok/sec: 863,409 | mfu: 20.9% | epoch: 1 | remaining: 203s    
step 00171 (32.4%) | loss: 3.517395 | lrm: 1.00 | dt: 607ms | tok/sec: 863,412 | mfu: 20.9% | epoch: 1 | remaining: 202s    
step 00172 (32.6%) | loss: 3.516434 | lrm: 1.00 | dt: 607ms | tok/sec: 863,419 | mfu: 20.9% | epoch: 1 | remaining: 202s    
step 00173 (32.8%) | loss: 3.512242 | lrm: 1.00 | dt: 607ms | tok/sec: 863,471 | mfu: 20.9% | epoch: 1 | remaining: 201s    
step 00174 (33.0%) | loss: 3.511173 | lrm: 1.00 | dt: 607ms | tok/sec: 863,461 | mfu: 20.9% | epoch: 1 | remaining: 200s    
step 00175 (33.2%) | loss: 3.507997 | lrm: 1.00 | dt: 607ms | tok/sec: 863,321 | mfu: 20.9% | epoch: 1 | remaining: 200s    
step 00176 (33.4%) | loss: 3.507106 | lrm: 1.00 | dt: 607ms | tok/sec: 863,546 | mfu: 20.9% | epoch: 1 | remaining: 199s    
step 00177 (33.6%) | loss: 3.504868 | lrm: 1.00 | dt: 607ms | tok/sec: 863,273 | mfu: 20.9% | epoch: 1 | remaining: 199s    
step 00178 (33.8%) | loss: 3.504598 | lrm: 1.00 | dt: 607ms | tok/sec: 863,368 | mfu: 20.9% | epoch: 1 | remaining: 198s    
step 00179 (34.0%) | loss: 3.501535 | lrm: 1.00 | dt: 607ms | tok/sec: 863,403 | mfu: 20.9% | epoch: 1 | remaining: 197s    
step 00180 (34.2%) | loss: 3.499037 | lrm: 1.00 | dt: 607ms | tok/sec: 863,415 | mfu: 20.9% | epoch: 1 | remaining: 197s    
step 00181 (34.4%) | loss: 3.494358 | lrm: 1.00 | dt: 607ms | tok/sec: 863,587 | mfu: 20.9% | epoch: 1 | remaining: 196s    
step 00182 (34.6%) | loss: 3.486640 | lrm: 1.00 | dt: 607ms | tok/sec: 863,276 | mfu: 20.9% | epoch: 1 | remaining: 196s    
step 00183 (34.8%) | loss: 3.480050 | lrm: 1.00 | dt: 607ms | tok/sec: 863,673 | mfu: 20.9% | epoch: 1 | remaining: 195s    
step 00184 (35.0%) | loss: 3.479324 | lrm: 1.00 | dt: 607ms | tok/sec: 863,294 | mfu: 20.9% | epoch: 1 | remaining: 194s    
step 00185 (35.2%) | loss: 3.475053 | lrm: 1.00 | dt: 607ms | tok/sec: 863,221 | mfu: 20.9% | epoch: 1 | remaining: 194s    
step 00186 (35.4%) | loss: 3.469591 | lrm: 1.00 | dt: 607ms | tok/sec: 863,491 | mfu: 20.9% | epoch: 1 | remaining: 193s    
step 00187 (35.6%) | loss: 3.465925 | lrm: 1.00 | dt: 607ms | tok/sec: 863,381 | mfu: 20.9% | epoch: 1 | remaining: 193s    
step 00188 (35.8%) | loss: 3.465937 | lrm: 1.00 | dt: 607ms | tok/sec: 863,190 | mfu: 20.9% | epoch: 1 | remaining: 192s    
step 00189 (36.0%) | loss: 3.464139 | lrm: 1.00 | dt: 607ms | tok/sec: 863,356 | mfu: 20.9% | epoch: 1 | remaining: 191s    
step 00190 (36.2%) | loss: 3.464258 | lrm: 1.00 | dt: 607ms | tok/sec: 863,534 | mfu: 20.9% | epoch: 1 | remaining: 191s    
step 00191 (36.4%) | loss: 3.464901 | lrm: 1.00 | dt: 607ms | tok/sec: 863,333 | mfu: 20.9% | epoch: 1 | remaining: 190s    
step 00192 (36.6%) | loss: 3.458839 | lrm: 1.00 | dt: 607ms | tok/sec: 863,702 | mfu: 20.9% | epoch: 1 | remaining: 190s    
step 00193 (36.8%) | loss: 3.453836 | lrm: 1.00 | dt: 607ms | tok/sec: 863,528 | mfu: 20.9% | epoch: 1 | remaining: 189s    
step 00194 (37.0%) | loss: 3.454014 | lrm: 1.00 | dt: 607ms | tok/sec: 863,517 | mfu: 20.9% | epoch: 1 | remaining: 188s    
step 00195 (37.2%) | loss: 3.450687 | lrm: 1.00 | dt: 607ms | tok/sec: 863,592 | mfu: 20.9% | epoch: 1 | remaining: 188s    
step 00196 (37.4%) | loss: 3.450536 | lrm: 1.00 | dt: 607ms | tok/sec: 863,449 | mfu: 20.9% | epoch: 1 | remaining: 187s    
step 00197 (37.6%) | loss: 3.452755 | lrm: 1.00 | dt: 607ms | tok/sec: 863,476 | mfu: 20.9% | epoch: 1 | remaining: 187s    
step 00198 (37.8%) | loss: 3.448550 | lrm: 1.00 | dt: 607ms | tok/sec: 863,310 | mfu: 20.9% | epoch: 1 | remaining: 186s    
step 00199 (38.0%) | loss: 3.444252 | lrm: 1.00 | dt: 607ms | tok/sec: 863,877 | mfu: 20.9% | epoch: 1 | remaining: 185s    
step 00200 (38.2%) | loss: 3.444840 | lrm: 1.00 | dt: 607ms | tok/sec: 863,381 | mfu: 20.9% | epoch: 1 | remaining: 185s    
step 00201 (38.4%) | loss: 3.443029 | lrm: 1.00 | dt: 607ms | tok/sec: 863,467 | mfu: 20.9% | epoch: 1 | remaining: 184s    
step 00202 (38.6%) | loss: 3.440549 | lrm: 1.00 | dt: 607ms | tok/sec: 863,622 | mfu: 20.9% | epoch: 1 | remaining: 183s    
step 00203 (38.8%) | loss: 3.439071 | lrm: 1.00 | dt: 607ms | tok/sec: 863,606 | mfu: 20.9% | epoch: 1 | remaining: 183s    
step 00204 (39.0%) | loss: 3.438313 | lrm: 1.00 | dt: 607ms | tok/sec: 863,418 | mfu: 20.9% | epoch: 1 | remaining: 182s    
step 00205 (39.2%) | loss: 3.437740 | lrm: 1.00 | dt: 607ms | tok/sec: 863,478 | mfu: 20.9% | epoch: 1 | remaining: 182s    
step 00206 (39.5%) | loss: 3.434900 | lrm: 1.00 | dt: 607ms | tok/sec: 863,587 | mfu: 20.9% | epoch: 1 | remaining: 181s    
step 00207 (39.7%) | loss: 3.432787 | lrm: 1.00 | dt: 607ms | tok/sec: 863,499 | mfu: 20.9% | epoch: 1 | remaining: 180s    
step 00208 (39.9%) | loss: 3.431497 | lrm: 1.00 | dt: 607ms | tok/sec: 863,460 | mfu: 20.9% | epoch: 1 | remaining: 180s    
step 00209 (40.1%) | loss: 3.430922 | lrm: 1.00 | dt: 607ms | tok/sec: 863,574 | mfu: 20.9% | epoch: 1 | remaining: 179s    
step 00210 (40.3%) | loss: 3.428197 | lrm: 1.00 | dt: 607ms | tok/sec: 863,694 | mfu: 20.9% | epoch: 1 | remaining: 179s    
step 00211 (40.5%) | loss: 3.429531 | lrm: 1.00 | dt: 607ms | tok/sec: 863,580 | mfu: 20.9% | epoch: 1 | remaining: 178s    
step 00212 (40.7%) | loss: 3.427092 | lrm: 1.00 | dt: 607ms | tok/sec: 863,673 | mfu: 20.9% | epoch: 1 | remaining: 177s    
step 00213 (40.9%) | loss: 3.421619 | lrm: 1.00 | dt: 607ms | tok/sec: 863,228 | mfu: 20.9% | epoch: 1 | remaining: 177s    
step 00214 (41.1%) | loss: 3.423129 | lrm: 1.00 | dt: 607ms | tok/sec: 863,676 | mfu: 20.9% | epoch: 1 | remaining: 176s    
step 00215 (41.3%) | loss: 3.417352 | lrm: 1.00 | dt: 607ms | tok/sec: 863,416 | mfu: 20.9% | epoch: 1 | remaining: 176s    
step 00216 (41.5%) | loss: 3.419094 | lrm: 1.00 | dt: 607ms | tok/sec: 863,516 | mfu: 20.9% | epoch: 1 | remaining: 175s    
step 00217 (41.7%) | loss: 3.416559 | lrm: 1.00 | dt: 607ms | tok/sec: 863,521 | mfu: 20.9% | epoch: 1 | remaining: 174s    
step 00218 (41.9%) | loss: 3.415417 | lrm: 1.00 | dt: 607ms | tok/sec: 863,683 | mfu: 20.9% | epoch: 1 | remaining: 174s    
step 00219 (42.1%) | loss: 3.414118 | lrm: 1.00 | dt: 607ms | tok/sec: 863,498 | mfu: 20.9% | epoch: 1 | remaining: 173s    
step 00220 (42.3%) | loss: 3.414195 | lrm: 1.00 | dt: 607ms | tok/sec: 863,509 | mfu: 20.9% | epoch: 1 | remaining: 173s    
step 00221 (42.5%) | loss: 3.403162 | lrm: 1.00 | dt: 607ms | tok/sec: 863,682 | mfu: 20.9% | epoch: 1 | remaining: 172s    
step 00222 (42.7%) | loss: 3.400449 | lrm: 1.00 | dt: 607ms | tok/sec: 863,502 | mfu: 20.9% | epoch: 1 | remaining: 171s    
step 00223 (42.9%) | loss: 3.399630 | lrm: 1.00 | dt: 607ms | tok/sec: 863,522 | mfu: 20.9% | epoch: 1 | remaining: 171s    
step 00224 (43.1%) | loss: 3.400250 | lrm: 1.00 | dt: 607ms | tok/sec: 863,433 | mfu: 20.9% | epoch: 1 | remaining: 170s    
step 00225 (43.3%) | loss: 3.403892 | lrm: 1.00 | dt: 607ms | tok/sec: 863,526 | mfu: 20.9% | epoch: 1 | remaining: 170s    
step 00226 (43.5%) | loss: 3.400874 | lrm: 1.00 | dt: 607ms | tok/sec: 863,594 | mfu: 20.9% | epoch: 1 | remaining: 169s    
step 00227 (43.7%) | loss: 3.403209 | lrm: 1.00 | dt: 607ms | tok/sec: 863,638 | mfu: 20.9% | epoch: 1 | remaining: 168s    
step 00228 (43.9%) | loss: 3.403083 | lrm: 1.00 | dt: 607ms | tok/sec: 863,423 | mfu: 20.9% | epoch: 1 | remaining: 168s    
step 00229 (44.1%) | loss: 3.402624 | lrm: 1.00 | dt: 607ms | tok/sec: 863,680 | mfu: 20.9% | epoch: 1 | remaining: 167s    
step 00230 (44.3%) | loss: 3.405293 | lrm: 1.00 | dt: 607ms | tok/sec: 863,432 | mfu: 20.9% | epoch: 1 | remaining: 166s    
step 00231 (44.5%) | loss: 3.399202 | lrm: 1.00 | dt: 607ms | tok/sec: 863,575 | mfu: 20.9% | epoch: 1 | remaining: 166s    
step 00232 (44.7%) | loss: 3.397381 | lrm: 1.00 | dt: 607ms | tok/sec: 863,497 | mfu: 20.9% | epoch: 1 | remaining: 165s    
step 00233 (44.9%) | loss: 3.401382 | lrm: 1.00 | dt: 607ms | tok/sec: 863,355 | mfu: 20.9% | epoch: 1 | remaining: 165s    
step 00234 (45.1%) | loss: 3.401179 | lrm: 1.00 | dt: 607ms | tok/sec: 863,411 | mfu: 20.9% | epoch: 1 | remaining: 164s    
step 00235 (45.3%) | loss: 3.397921 | lrm: 1.00 | dt: 607ms | tok/sec: 863,387 | mfu: 20.9% | epoch: 1 | remaining: 163s    
step 00236 (45.5%) | loss: 3.401911 | lrm: 1.00 | dt: 607ms | tok/sec: 863,635 | mfu: 20.9% | epoch: 1 | remaining: 163s    
step 00237 (45.7%) | loss: 3.401765 | lrm: 1.00 | dt: 607ms | tok/sec: 863,381 | mfu: 20.9% | epoch: 1 | remaining: 162s    
step 00238 (45.9%) | loss: 3.403331 | lrm: 1.00 | dt: 607ms | tok/sec: 863,668 | mfu: 20.9% | epoch: 1 | remaining: 162s    
step 00239 (46.1%) | loss: 3.397071 | lrm: 1.00 | dt: 607ms | tok/sec: 863,370 | mfu: 20.9% | epoch: 1 | remaining: 161s    
step 00240 (46.3%) | loss: 3.387717 | lrm: 1.00 | dt: 607ms | tok/sec: 863,562 | mfu: 20.9% | epoch: 1 | remaining: 160s    
step 00241 (46.5%) | loss: 3.384328 | lrm: 1.00 | dt: 607ms | tok/sec: 863,571 | mfu: 20.9% | epoch: 1 | remaining: 160s    
step 00242 (46.7%) | loss: 3.386660 | lrm: 1.00 | dt: 607ms | tok/sec: 863,490 | mfu: 20.9% | epoch: 1 | remaining: 159s    
step 00243 (46.9%) | loss: 3.389109 | lrm: 1.00 | dt: 607ms | tok/sec: 863,704 | mfu: 20.9% | epoch: 1 | remaining: 159s    
step 00244 (47.1%) | loss: 3.390257 | lrm: 1.00 | dt: 607ms | tok/sec: 863,576 | mfu: 20.9% | epoch: 1 | remaining: 158s    
step 00245 (47.3%) | loss: 3.385421 | lrm: 1.00 | dt: 608ms | tok/sec: 862,940 | mfu: 20.8% | epoch: 1 | remaining: 157s    
step 00246 (47.5%) | loss: 3.387860 | lrm: 1.00 | dt: 607ms | tok/sec: 863,398 | mfu: 20.9% | epoch: 1 | remaining: 157s    
step 00247 (47.7%) | loss: 3.383414 | lrm: 1.00 | dt: 607ms | tok/sec: 863,481 | mfu: 20.9% | epoch: 1 | remaining: 156s    
step 00248 (48.0%) | loss: 3.384637 | lrm: 1.00 | dt: 607ms | tok/sec: 863,558 | mfu: 20.9% | epoch: 1 | remaining: 156s    
step 00249 (48.2%) | loss: 3.377728 | lrm: 1.00 | dt: 607ms | tok/sec: 863,640 | mfu: 20.9% | epoch: 1 | remaining: 155s    
step 00250 (48.4%) | loss: 3.374684 | lrm: 1.00 | dt: 607ms | tok/sec: 863,590 | mfu: 20.9% | epoch: 1 | remaining: 154s    
step 00251 (48.6%) | loss: 3.372143 | lrm: 1.00 | dt: 607ms | tok/sec: 863,493 | mfu: 20.9% | epoch: 1 | remaining: 154s    
step 00252 (48.8%) | loss: 3.370044 | lrm: 1.00 | dt: 607ms | tok/sec: 863,426 | mfu: 20.9% | epoch: 1 | remaining: 153s    
step 00253 (49.0%) | loss: 3.360093 | lrm: 1.00 | dt: 607ms | tok/sec: 863,679 | mfu: 20.9% | epoch: 1 | remaining: 153s    
step 00254 (49.2%) | loss: 3.356318 | lrm: 1.00 | dt: 607ms | tok/sec: 863,653 | mfu: 20.9% | epoch: 1 | remaining: 152s    
step 00255 (49.4%) | loss: 3.355778 | lrm: 1.00 | dt: 607ms | tok/sec: 863,506 | mfu: 20.9% | epoch: 1 | remaining: 151s    
step 00256 (49.6%) | loss: 3.351965 | lrm: 1.00 | dt: 607ms | tok/sec: 863,634 | mfu: 20.9% | epoch: 1 | remaining: 151s    
step 00257 (49.8%) | loss: 3.351685 | lrm: 1.00 | dt: 607ms | tok/sec: 863,459 | mfu: 20.9% | epoch: 1 | remaining: 150s    
step 00258 (50.0%) | loss: 3.353210 | lrm: 1.00 | dt: 607ms | tok/sec: 863,836 | mfu: 20.9% | epoch: 1 | remaining: 149s    
step 00259 (50.2%) | loss: 3.354082 | lrm: 1.00 | dt: 607ms | tok/sec: 863,574 | mfu: 20.9% | epoch: 1 | remaining: 149s    
step 00260 (50.4%) | loss: 3.352627 | lrm: 0.99 | dt: 607ms | tok/sec: 863,587 | mfu: 20.9% | epoch: 1 | remaining: 148s    
step 00261 (50.6%) | loss: 3.354835 | lrm: 0.99 | dt: 607ms | tok/sec: 863,354 | mfu: 20.9% | epoch: 1 | remaining: 148s    
step 00262 (50.8%) | loss: 3.350902 | lrm: 0.98 | dt: 607ms | tok/sec: 863,544 | mfu: 20.9% | epoch: 1 | remaining: 147s    
step 00263 (51.0%) | loss: 3.347807 | lrm: 0.98 | dt: 607ms | tok/sec: 863,814 | mfu: 20.9% | epoch: 1 | remaining: 146s    
step 00264 (51.2%) | loss: 3.345602 | lrm: 0.98 | dt: 607ms | tok/sec: 863,592 | mfu: 20.9% | epoch: 1 | remaining: 146s    
step 00265 (51.4%) | loss: 3.346200 | lrm: 0.97 | dt: 607ms | tok/sec: 863,604 | mfu: 20.9% | epoch: 1 | remaining: 145s    
step 00266 (51.6%) | loss: 3.343381 | lrm: 0.97 | dt: 607ms | tok/sec: 863,428 | mfu: 20.9% | epoch: 1 | remaining: 145s    
step 00267 (51.8%) | loss: 3.339156 | lrm: 0.96 | dt: 607ms | tok/sec: 863,800 | mfu: 20.9% | epoch: 1 | remaining: 144s    
step 00268 (52.0%) | loss: 3.341618 | lrm: 0.96 | dt: 607ms | tok/sec: 863,413 | mfu: 20.9% | epoch: 1 | remaining: 143s    
step 00269 (52.2%) | loss: 3.341915 | lrm: 0.96 | dt: 607ms | tok/sec: 863,373 | mfu: 20.9% | epoch: 1 | remaining: 143s    
step 00270 (52.4%) | loss: 3.338064 | lrm: 0.95 | dt: 607ms | tok/sec: 863,640 | mfu: 20.9% | epoch: 1 | remaining: 142s    
step 00271 (52.6%) | loss: 3.339004 | lrm: 0.95 | dt: 607ms | tok/sec: 863,786 | mfu: 20.9% | epoch: 1 | remaining: 142s    
step 00272 (52.8%) | loss: 3.337686 | lrm: 0.94 | dt: 607ms | tok/sec: 863,422 | mfu: 20.9% | epoch: 1 | remaining: 141s    
step 00273 (53.0%) | loss: 3.336179 | lrm: 0.94 | dt: 607ms | tok/sec: 863,695 | mfu: 20.9% | epoch: 1 | remaining: 140s    
step 00274 (53.2%) | loss: 3.336630 | lrm: 0.94 | dt: 607ms | tok/sec: 863,551 | mfu: 20.9% | epoch: 1 | remaining: 140s    
step 00275 (53.4%) | loss: 3.334618 | lrm: 0.93 | dt: 607ms | tok/sec: 863,552 | mfu: 20.9% | epoch: 1 | remaining: 139s    
step 00276 (53.6%) | loss: 3.332794 | lrm: 0.93 | dt: 607ms | tok/sec: 863,482 | mfu: 20.9% | epoch: 1 | remaining: 139s    
step 00277 (53.8%) | loss: 3.334563 | lrm: 0.92 | dt: 607ms | tok/sec: 863,748 | mfu: 20.9% | epoch: 1 | remaining: 138s    
step 00278 (54.0%) | loss: 3.334605 | lrm: 0.92 | dt: 607ms | tok/sec: 863,739 | mfu: 20.9% | epoch: 1 | remaining: 137s    
step 00279 (54.2%) | loss: 3.332046 | lrm: 0.92 | dt: 607ms | tok/sec: 863,808 | mfu: 20.9% | epoch: 1 | remaining: 137s    
step 00280 (54.4%) | loss: 3.332647 | lrm: 0.91 | dt: 607ms | tok/sec: 863,736 | mfu: 20.9% | epoch: 1 | remaining: 136s    
step 00281 (54.6%) | loss: 3.334892 | lrm: 0.91 | dt: 607ms | tok/sec: 863,627 | mfu: 20.9% | epoch: 1 | remaining: 136s    
step 00282 (54.8%) | loss: 3.331817 | lrm: 0.90 | dt: 607ms | tok/sec: 863,513 | mfu: 20.9% | epoch: 1 | remaining: 135s    
step 00283 (55.0%) | loss: 3.331661 | lrm: 0.90 | dt: 607ms | tok/sec: 863,571 | mfu: 20.9% | epoch: 1 | remaining: 134s    
step 00284 (55.2%) | loss: 3.329537 | lrm: 0.90 | dt: 607ms | tok/sec: 863,705 | mfu: 20.9% | epoch: 1 | remaining: 134s    
step 00285 (55.4%) | loss: 3.330275 | lrm: 0.89 | dt: 607ms | tok/sec: 863,744 | mfu: 20.9% | epoch: 1 | remaining: 133s    
step 00286 (55.6%) | loss: 3.325439 | lrm: 0.89 | dt: 607ms | tok/sec: 863,570 | mfu: 20.9% | epoch: 1 | remaining: 132s    
step 00287 (55.8%) | loss: 3.323004 | lrm: 0.88 | dt: 607ms | tok/sec: 863,970 | mfu: 20.9% | epoch: 1 | remaining: 132s    
step 00288 (56.0%) | loss: 3.325073 | lrm: 0.88 | dt: 607ms | tok/sec: 863,754 | mfu: 20.9% | epoch: 1 | remaining: 131s    
step 00289 (56.2%) | loss: 3.321878 | lrm: 0.88 | dt: 607ms | tok/sec: 863,602 | mfu: 20.9% | epoch: 1 | remaining: 131s    
step 00290 (56.5%) | loss: 3.323918 | lrm: 0.87 | dt: 607ms | tok/sec: 863,939 | mfu: 20.9% | epoch: 1 | remaining: 130s    
step 00291 (56.7%) | loss: 3.315051 | lrm: 0.87 | dt: 607ms | tok/sec: 863,593 | mfu: 20.9% | epoch: 1 | remaining: 129s    
step 00292 (56.9%) | loss: 3.308305 | lrm: 0.86 | dt: 607ms | tok/sec: 863,597 | mfu: 20.9% | epoch: 1 | remaining: 129s    
step 00293 (57.1%) | loss: 3.307765 | lrm: 0.86 | dt: 607ms | tok/sec: 863,889 | mfu: 20.9% | epoch: 1 | remaining: 128s    
step 00294 (57.3%) | loss: 3.307284 | lrm: 0.85 | dt: 607ms | tok/sec: 863,595 | mfu: 20.9% | epoch: 1 | remaining: 128s    
step 00295 (57.5%) | loss: 3.307079 | lrm: 0.85 | dt: 607ms | tok/sec: 863,363 | mfu: 20.9% | epoch: 1 | remaining: 127s    
step 00296 (57.7%) | loss: 3.301250 | lrm: 0.85 | dt: 607ms | tok/sec: 863,836 | mfu: 20.9% | epoch: 1 | remaining: 126s    
step 00297 (57.9%) | loss: 3.300926 | lrm: 0.84 | dt: 607ms | tok/sec: 863,831 | mfu: 20.9% | epoch: 1 | remaining: 126s    
step 00298 (58.1%) | loss: 3.298137 | lrm: 0.84 | dt: 607ms | tok/sec: 863,509 | mfu: 20.9% | epoch: 1 | remaining: 125s    
step 00299 (58.3%) | loss: 3.297747 | lrm: 0.83 | dt: 607ms | tok/sec: 863,837 | mfu: 20.9% | epoch: 1 | remaining: 125s    
step 00300 (58.5%) | loss: 3.295421 | lrm: 0.83 | dt: 607ms | tok/sec: 863,723 | mfu: 20.9% | epoch: 1 | remaining: 124s    
step 00301 (58.7%) | loss: 3.291649 | lrm: 0.83 | dt: 607ms | tok/sec: 863,481 | mfu: 20.9% | epoch: 1 | remaining: 123s    
step 00302 (58.9%) | loss: 3.292522 | lrm: 0.82 | dt: 607ms | tok/sec: 863,785 | mfu: 20.9% | epoch: 1 | remaining: 123s    
step 00303 (59.1%) | loss: 3.290574 | lrm: 0.82 | dt: 607ms | tok/sec: 863,666 | mfu: 20.9% | epoch: 1 | remaining: 122s    
step 00304 (59.3%) | loss: 3.289710 | lrm: 0.81 | dt: 607ms | tok/sec: 863,720 | mfu: 20.9% | epoch: 1 | remaining: 122s    
step 00305 (59.5%) | loss: 3.287176 | lrm: 0.81 | dt: 607ms | tok/sec: 863,753 | mfu: 20.9% | epoch: 1 | remaining: 121s    
step 00306 (59.7%) | loss: 3.282338 | lrm: 0.81 | dt: 607ms | tok/sec: 864,016 | mfu: 20.9% | epoch: 1 | remaining: 120s    
step 00307 (59.9%) | loss: 3.278875 | lrm: 0.80 | dt: 607ms | tok/sec: 863,364 | mfu: 20.9% | epoch: 1 | remaining: 120s    
step 00308 (60.1%) | loss: 3.272658 | lrm: 0.80 | dt: 607ms | tok/sec: 863,816 | mfu: 20.9% | epoch: 1 | remaining: 119s    
step 00309 (60.3%) | loss: 3.268329 | lrm: 0.79 | dt: 607ms | tok/sec: 863,602 | mfu: 20.9% | epoch: 1 | remaining: 119s    
step 00310 (60.5%) | loss: 3.263550 | lrm: 0.79 | dt: 607ms | tok/sec: 863,777 | mfu: 20.9% | epoch: 1 | remaining: 118s    
step 00311 (60.7%) | loss: 3.263357 | lrm: 0.79 | dt: 607ms | tok/sec: 863,617 | mfu: 20.9% | epoch: 1 | remaining: 117s    
step 00312 (60.9%) | loss: 3.263935 | lrm: 0.78 | dt: 607ms | tok/sec: 863,759 | mfu: 20.9% | epoch: 1 | remaining: 117s    
step 00313 (61.1%) | loss: 3.257083 | lrm: 0.78 | dt: 607ms | tok/sec: 863,745 | mfu: 20.9% | epoch: 1 | remaining: 116s    
step 00314 (61.3%) | loss: 3.256422 | lrm: 0.77 | dt: 607ms | tok/sec: 863,703 | mfu: 20.9% | epoch: 1 | remaining: 115s    
step 00315 (61.5%) | loss: 3.261827 | lrm: 0.77 | dt: 607ms | tok/sec: 863,752 | mfu: 20.9% | epoch: 1 | remaining: 115s    
step 00316 (61.7%) | loss: 3.259760 | lrm: 0.77 | dt: 607ms | tok/sec: 863,787 | mfu: 20.9% | epoch: 1 | remaining: 114s    
step 00317 (61.9%) | loss: 3.260840 | lrm: 0.76 | dt: 607ms | tok/sec: 863,735 | mfu: 20.9% | epoch: 1 | remaining: 114s    
step 00318 (62.1%) | loss: 3.261420 | lrm: 0.76 | dt: 607ms | tok/sec: 863,643 | mfu: 20.9% | epoch: 1 | remaining: 113s    
step 00319 (62.3%) | loss: 3.257238 | lrm: 0.75 | dt: 607ms | tok/sec: 863,791 | mfu: 20.9% | epoch: 1 | remaining: 112s    
step 00320 (62.5%) | loss: 3.257437 | lrm: 0.75 | dt: 607ms | tok/sec: 863,566 | mfu: 20.9% | epoch: 1 | remaining: 112s    
step 00321 (62.7%) | loss: 3.253954 | lrm: 0.75 | dt: 607ms | tok/sec: 863,747 | mfu: 20.9% | epoch: 1 | remaining: 111s    
step 00322 (62.9%) | loss: 3.254538 | lrm: 0.74 | dt: 607ms | tok/sec: 863,826 | mfu: 20.9% | epoch: 1 | remaining: 111s    
step 00323 (63.1%) | loss: 3.250822 | lrm: 0.74 | dt: 607ms | tok/sec: 863,692 | mfu: 20.9% | epoch: 1 | remaining: 110s    
step 00324 (63.3%) | loss: 3.245745 | lrm: 0.73 | dt: 607ms | tok/sec: 863,858 | mfu: 20.9% | epoch: 1 | remaining: 109s    
step 00325 (63.5%) | loss: 3.240356 | lrm: 0.73 | dt: 607ms | tok/sec: 863,851 | mfu: 20.9% | epoch: 1 | remaining: 109s    
step 00326 (63.7%) | loss: 3.242025 | lrm: 0.73 | dt: 607ms | tok/sec: 863,687 | mfu: 20.9% | epoch: 1 | remaining: 108s    
step 00327 (63.9%) | loss: 3.237036 | lrm: 0.72 | dt: 607ms | tok/sec: 864,067 | mfu: 20.9% | epoch: 1 | remaining: 108s    
step 00328 (64.1%) | loss: 3.236610 | lrm: 0.72 | dt: 607ms | tok/sec: 863,393 | mfu: 20.9% | epoch: 1 | remaining: 107s    
step 00329 (64.3%) | loss: 3.238153 | lrm: 0.71 | dt: 607ms | tok/sec: 863,639 | mfu: 20.9% | epoch: 1 | remaining: 106s    
step 00330 (64.5%) | loss: 3.237234 | lrm: 0.71 | dt: 607ms | tok/sec: 863,836 | mfu: 20.9% | epoch: 1 | remaining: 106s    
step 00331 (64.7%) | loss: 3.239886 | lrm: 0.71 | dt: 607ms | tok/sec: 863,263 | mfu: 20.9% | epoch: 1 | remaining: 105s    
step 00332 (64.9%) | loss: 3.241043 | lrm: 0.70 | dt: 607ms | tok/sec: 863,527 | mfu: 20.9% | epoch: 1 | remaining: 105s    
step 00333 (65.2%) | loss: 3.239614 | lrm: 0.70 | dt: 607ms | tok/sec: 863,882 | mfu: 20.9% | epoch: 1 | remaining: 104s    
step 00334 (65.4%) | loss: 3.239923 | lrm: 0.69 | dt: 607ms | tok/sec: 863,643 | mfu: 20.9% | epoch: 1 | remaining: 103s    
step 00335 (65.6%) | loss: 3.230220 | lrm: 0.69 | dt: 607ms | tok/sec: 863,840 | mfu: 20.9% | epoch: 1 | remaining: 103s    
step 00336 (65.8%) | loss: 3.230053 | lrm: 0.68 | dt: 607ms | tok/sec: 863,842 | mfu: 20.9% | epoch: 1 | remaining: 102s    
step 00337 (66.0%) | loss: 3.226844 | lrm: 0.68 | dt: 607ms | tok/sec: 863,738 | mfu: 20.9% | epoch: 1 | remaining: 102s    
step 00338 (66.2%) | loss: 3.226287 | lrm: 0.68 | dt: 607ms | tok/sec: 863,542 | mfu: 20.9% | epoch: 1 | remaining: 101s    
step 00339 (66.4%) | loss: 3.219012 | lrm: 0.67 | dt: 607ms | tok/sec: 863,805 | mfu: 20.9% | epoch: 1 | remaining: 100s    
step 00340 (66.6%) | loss: 3.221289 | lrm: 0.67 | dt: 607ms | tok/sec: 863,830 | mfu: 20.9% | epoch: 1 | remaining: 100s    
step 00341 (66.8%) | loss: 3.218264 | lrm: 0.66 | dt: 607ms | tok/sec: 863,750 | mfu: 20.9% | epoch: 1 | remaining: 99s    
step 00342 (67.0%) | loss: 3.221559 | lrm: 0.66 | dt: 607ms | tok/sec: 863,440 | mfu: 20.9% | epoch: 1 | remaining: 98s    
step 00343 (67.2%) | loss: 3.225962 | lrm: 0.66 | dt: 607ms | tok/sec: 863,739 | mfu: 20.9% | epoch: 1 | remaining: 98s    
step 00344 (67.4%) | loss: 3.225424 | lrm: 0.65 | dt: 607ms | tok/sec: 863,811 | mfu: 20.9% | epoch: 1 | remaining: 97s    
step 00345 (67.6%) | loss: 3.223279 | lrm: 0.65 | dt: 607ms | tok/sec: 863,949 | mfu: 20.9% | epoch: 1 | remaining: 97s    
step 00346 (67.8%) | loss: 3.223129 | lrm: 0.64 | dt: 607ms | tok/sec: 863,821 | mfu: 20.9% | epoch: 1 | remaining: 96s    
step 00347 (68.0%) | loss: 3.221999 | lrm: 0.64 | dt: 607ms | tok/sec: 863,791 | mfu: 20.9% | epoch: 1 | remaining: 95s    
step 00348 (68.2%) | loss: 3.217330 | lrm: 0.64 | dt: 607ms | tok/sec: 863,790 | mfu: 20.9% | epoch: 1 | remaining: 95s    
step 00349 (68.4%) | loss: 3.216027 | lrm: 0.63 | dt: 607ms | tok/sec: 863,626 | mfu: 20.9% | epoch: 1 | remaining: 94s    
step 00350 (68.6%) | loss: 3.214586 | lrm: 0.63 | dt: 607ms | tok/sec: 863,762 | mfu: 20.9% | epoch: 1 | remaining: 94s    
step 00351 (68.8%) | loss: 3.210525 | lrm: 0.62 | dt: 607ms | tok/sec: 863,088 | mfu: 20.9% | epoch: 1 | remaining: 93s    
step 00352 (69.0%) | loss: 3.213077 | lrm: 0.62 | dt: 607ms | tok/sec: 863,947 | mfu: 20.9% | epoch: 1 | remaining: 92s    
step 00353 (69.2%) | loss: 3.208326 | lrm: 0.62 | dt: 607ms | tok/sec: 863,678 | mfu: 20.9% | epoch: 1 | remaining: 92s    
step 00354 (69.4%) | loss: 3.209745 | lrm: 0.61 | dt: 607ms | tok/sec: 863,761 | mfu: 20.9% | epoch: 1 | remaining: 91s    
step 00355 (69.6%) | loss: 3.208408 | lrm: 0.61 | dt: 607ms | tok/sec: 863,676 | mfu: 20.9% | epoch: 1 | remaining: 91s    
step 00356 (69.8%) | loss: 3.201430 | lrm: 0.60 | dt: 607ms | tok/sec: 863,908 | mfu: 20.9% | epoch: 1 | remaining: 90s    
step 00357 (70.0%) | loss: 3.196274 | lrm: 0.60 | dt: 607ms | tok/sec: 863,892 | mfu: 20.9% | epoch: 1 | remaining: 89s    
step 00358 (70.2%) | loss: 3.192599 | lrm: 0.60 | dt: 607ms | tok/sec: 863,757 | mfu: 20.9% | epoch: 1 | remaining: 89s    
step 00359 (70.4%) | loss: 3.191409 | lrm: 0.59 | dt: 607ms | tok/sec: 863,564 | mfu: 20.9% | epoch: 1 | remaining: 88s    
step 00360 (70.6%) | loss: 3.189960 | lrm: 0.59 | dt: 607ms | tok/sec: 863,970 | mfu: 20.9% | epoch: 1 | remaining: 88s    
step 00361 (70.8%) | loss: 3.183084 | lrm: 0.58 | dt: 607ms | tok/sec: 863,705 | mfu: 20.9% | epoch: 1 | remaining: 87s    
step 00362 (71.0%) | loss: 3.190229 | lrm: 0.58 | dt: 607ms | tok/sec: 863,699 | mfu: 20.9% | epoch: 1 | remaining: 86s    
step 00363 (71.2%) | loss: 3.190263 | lrm: 0.58 | dt: 607ms | tok/sec: 863,749 | mfu: 20.9% | epoch: 1 | remaining: 86s    
step 00364 (71.4%) | loss: 3.191691 | lrm: 0.57 | dt: 607ms | tok/sec: 863,787 | mfu: 20.9% | epoch: 1 | remaining: 85s    
step 00365 (71.6%) | loss: 3.184904 | lrm: 0.57 | dt: 607ms | tok/sec: 863,522 | mfu: 20.9% | epoch: 1 | remaining: 85s    
step 00366 (71.8%) | loss: 3.184829 | lrm: 0.56 | dt: 607ms | tok/sec: 863,822 | mfu: 20.9% | epoch: 1 | remaining: 84s    
step 00367 (72.0%) | loss: 3.183693 | lrm: 0.56 | dt: 607ms | tok/sec: 863,795 | mfu: 20.9% | epoch: 1 | remaining: 83s    
step 00368 (72.2%) | loss: 3.177128 | lrm: 0.56 | dt: 607ms | tok/sec: 863,748 | mfu: 20.9% | epoch: 1 | remaining: 83s    
step 00369 (72.4%) | loss: 3.175440 | lrm: 0.55 | dt: 607ms | tok/sec: 863,655 | mfu: 20.9% | epoch: 1 | remaining: 82s    
step 00370 (72.6%) | loss: 3.172502 | lrm: 0.55 | dt: 607ms | tok/sec: 863,922 | mfu: 20.9% | epoch: 1 | remaining: 81s    
step 00371 (72.8%) | loss: 3.170082 | lrm: 0.54 | dt: 607ms | tok/sec: 863,863 | mfu: 20.9% | epoch: 1 | remaining: 81s    
step 00372 (73.0%) | loss: 3.165974 | lrm: 0.54 | dt: 607ms | tok/sec: 863,814 | mfu: 20.9% | epoch: 1 | remaining: 80s    
step 00373 (73.2%) | loss: 3.170755 | lrm: 0.54 | dt: 607ms | tok/sec: 863,855 | mfu: 20.9% | epoch: 1 | remaining: 80s    
step 00374 (73.4%) | loss: 3.166148 | lrm: 0.53 | dt: 607ms | tok/sec: 863,948 | mfu: 20.9% | epoch: 1 | remaining: 79s    
step 00375 (73.6%) | loss: 3.162434 | lrm: 0.53 | dt: 607ms | tok/sec: 863,527 | mfu: 20.9% | epoch: 1 | remaining: 78s    
step 00376 (73.9%) | loss: 3.164229 | lrm: 0.52 | dt: 607ms | tok/sec: 863,924 | mfu: 20.9% | epoch: 1 | remaining: 78s    
step 00377 (74.1%) | loss: 3.166576 | lrm: 0.52 | dt: 607ms | tok/sec: 863,697 | mfu: 20.9% | epoch: 1 | remaining: 77s    
step 00378 (74.3%) | loss: 3.169341 | lrm: 0.51 | dt: 607ms | tok/sec: 863,717 | mfu: 20.9% | epoch: 1 | remaining: 77s    
step 00379 (74.5%) | loss: 3.164295 | lrm: 0.51 | dt: 607ms | tok/sec: 863,684 | mfu: 20.9% | epoch: 1 | remaining: 76s    
step 00380 (74.7%) | loss: 3.165118 | lrm: 0.51 | dt: 607ms | tok/sec: 863,899 | mfu: 20.9% | epoch: 1 | remaining: 75s    
step 00381 (74.9%) | loss: 3.162691 | lrm: 0.50 | dt: 607ms | tok/sec: 863,685 | mfu: 20.9% | epoch: 1 | remaining: 75s    
step 00382 (75.1%) | loss: 3.158172 | lrm: 0.50 | dt: 607ms | tok/sec: 863,724 | mfu: 20.9% | epoch: 1 | remaining: 74s    
step 00383 (75.3%) | loss: 3.160632 | lrm: 0.49 | dt: 607ms | tok/sec: 863,730 | mfu: 20.9% | epoch: 1 | remaining: 74s    
step 00384 (75.5%) | loss: 3.156991 | lrm: 0.49 | dt: 607ms | tok/sec: 863,917 | mfu: 20.9% | epoch: 1 | remaining: 73s    
step 00385 (75.7%) | loss: 3.156486 | lrm: 0.49 | dt: 607ms | tok/sec: 863,825 | mfu: 20.9% | epoch: 1 | remaining: 72s    
step 00386 (75.9%) | loss: 3.158700 | lrm: 0.48 | dt: 607ms | tok/sec: 863,822 | mfu: 20.9% | epoch: 1 | remaining: 72s    
step 00387 (76.1%) | loss: 3.152359 | lrm: 0.48 | dt: 607ms | tok/sec: 863,821 | mfu: 20.9% | epoch: 1 | remaining: 71s    
step 00388 (76.3%) | loss: 3.151191 | lrm: 0.47 | dt: 607ms | tok/sec: 863,395 | mfu: 20.9% | epoch: 1 | remaining: 71s    
step 00389 (76.5%) | loss: 3.147684 | lrm: 0.47 | dt: 607ms | tok/sec: 863,840 | mfu: 20.9% | epoch: 1 | remaining: 70s    
step 00390 (76.7%) | loss: 3.145818 | lrm: 0.47 | dt: 607ms | tok/sec: 863,621 | mfu: 20.9% | epoch: 1 | remaining: 69s    
step 00391 (76.9%) | loss: 3.142472 | lrm: 0.46 | dt: 607ms | tok/sec: 863,913 | mfu: 20.9% | epoch: 1 | remaining: 69s    
step 00392 (77.1%) | loss: 3.140013 | lrm: 0.46 | dt: 607ms | tok/sec: 863,858 | mfu: 20.9% | epoch: 1 | remaining: 68s    
step 00393 (77.3%) | loss: 3.142314 | lrm: 0.45 | dt: 607ms | tok/sec: 863,703 | mfu: 20.9% | epoch: 1 | remaining: 68s    
step 00394 (77.5%) | loss: 3.141937 | lrm: 0.45 | dt: 607ms | tok/sec: 863,834 | mfu: 20.9% | epoch: 1 | remaining: 67s    
step 00395 (77.7%) | loss: 3.145734 | lrm: 0.45 | dt: 607ms | tok/sec: 863,550 | mfu: 20.9% | epoch: 1 | remaining: 66s    
step 00396 (77.9%) | loss: 3.145150 | lrm: 0.44 | dt: 607ms | tok/sec: 863,857 | mfu: 20.9% | epoch: 1 | remaining: 66s    
step 00397 (78.1%) | loss: 3.142025 | lrm: 0.44 | dt: 607ms | tok/sec: 864,106 | mfu: 20.9% | epoch: 1 | remaining: 65s    
step 00398 (78.3%) | loss: 3.137543 | lrm: 0.43 | dt: 607ms | tok/sec: 863,897 | mfu: 20.9% | epoch: 1 | remaining: 64s    
step 00399 (78.5%) | loss: 3.138122 | lrm: 0.43 | dt: 607ms | tok/sec: 863,218 | mfu: 20.9% | epoch: 1 | remaining: 64s    
step 00400 (78.7%) | loss: 3.137968 | lrm: 0.43 | dt: 607ms | tok/sec: 863,694 | mfu: 20.9% | epoch: 1 | remaining: 63s    
step 00401 (78.9%) | loss: 3.134365 | lrm: 0.42 | dt: 607ms | tok/sec: 863,768 | mfu: 20.9% | epoch: 1 | remaining: 63s    
step 00402 (79.1%) | loss: 3.131782 | lrm: 0.42 | dt: 607ms | tok/sec: 863,804 | mfu: 20.9% | epoch: 1 | remaining: 62s    
step 00403 (79.3%) | loss: 3.131311 | lrm: 0.41 | dt: 607ms | tok/sec: 863,778 | mfu: 20.9% | epoch: 1 | remaining: 61s    
step 00404 (79.5%) | loss: 3.131702 | lrm: 0.41 | dt: 607ms | tok/sec: 863,998 | mfu: 20.9% | epoch: 1 | remaining: 61s    
step 00405 (79.7%) | loss: 3.126296 | lrm: 0.41 | dt: 607ms | tok/sec: 863,546 | mfu: 20.9% | epoch: 1 | remaining: 60s    
step 00406 (79.9%) | loss: 3.125315 | lrm: 0.40 | dt: 607ms | tok/sec: 863,661 | mfu: 20.9% | epoch: 1 | remaining: 60s    
step 00407 (80.1%) | loss: 3.125980 | lrm: 0.40 | dt: 607ms | tok/sec: 863,736 | mfu: 20.9% | epoch: 1 | remaining: 59s    
step 00408 (80.3%) | loss: 3.123019 | lrm: 0.39 | dt: 607ms | tok/sec: 863,792 | mfu: 20.9% | epoch: 1 | remaining: 58s    
step 00409 (80.5%) | loss: 3.122834 | lrm: 0.39 | dt: 607ms | tok/sec: 863,688 | mfu: 20.9% | epoch: 1 | remaining: 58s    
step 00410 (80.7%) | loss: 3.124767 | lrm: 0.39 | dt: 607ms | tok/sec: 863,421 | mfu: 20.9% | epoch: 1 | remaining: 57s    
step 00411 (80.9%) | loss: 3.123442 | lrm: 0.38 | dt: 607ms | tok/sec: 863,894 | mfu: 20.9% | epoch: 1 | remaining: 57s    
step 00412 (81.1%) | loss: 3.119833 | lrm: 0.38 | dt: 607ms | tok/sec: 863,778 | mfu: 20.9% | epoch: 1 | remaining: 56s    
step 00413 (81.3%) | loss: 3.121307 | lrm: 0.37 | dt: 607ms | tok/sec: 863,719 | mfu: 20.9% | epoch: 1 | remaining: 55s    
step 00414 (81.5%) | loss: 3.111946 | lrm: 0.37 | dt: 607ms | tok/sec: 863,946 | mfu: 20.9% | epoch: 1 | remaining: 55s    
step 00415 (81.7%) | loss: 3.112977 | lrm: 0.37 | dt: 607ms | tok/sec: 863,631 | mfu: 20.9% | epoch: 1 | remaining: 54s    
step 00416 (81.9%) | loss: 3.111225 | lrm: 0.36 | dt: 607ms | tok/sec: 863,569 | mfu: 20.9% | epoch: 1 | remaining: 54s    
step 00417 (82.1%) | loss: 3.113105 | lrm: 0.36 | dt: 607ms | tok/sec: 863,961 | mfu: 20.9% | epoch: 1 | remaining: 53s    
step 00418 (82.3%) | loss: 3.114217 | lrm: 0.35 | dt: 607ms | tok/sec: 863,623 | mfu: 20.9% | epoch: 1 | remaining: 52s    
step 00419 (82.6%) | loss: 3.112363 | lrm: 0.35 | dt: 607ms | tok/sec: 864,083 | mfu: 20.9% | epoch: 1 | remaining: 52s    
step 00420 (82.8%) | loss: 3.109174 | lrm: 0.34 | dt: 607ms | tok/sec: 863,558 | mfu: 20.9% | epoch: 1 | remaining: 51s    
step 00421 (83.0%) | loss: 3.109693 | lrm: 0.34 | dt: 607ms | tok/sec: 863,472 | mfu: 20.9% | epoch: 1 | remaining: 51s    
step 00422 (83.2%) | loss: 3.102839 | lrm: 0.34 | dt: 607ms | tok/sec: 863,690 | mfu: 20.9% | epoch: 1 | remaining: 50s    
step 00423 (83.4%) | loss: 3.099921 | lrm: 0.33 | dt: 607ms | tok/sec: 863,864 | mfu: 20.9% | epoch: 1 | remaining: 49s    
step 00424 (83.6%) | loss: 3.100325 | lrm: 0.33 | dt: 607ms | tok/sec: 863,852 | mfu: 20.9% | epoch: 1 | remaining: 49s    
step 00425 (83.8%) | loss: 3.097452 | lrm: 0.32 | dt: 607ms | tok/sec: 863,683 | mfu: 20.9% | epoch: 1 | remaining: 48s    
step 00426 (84.0%) | loss: 3.098448 | lrm: 0.32 | dt: 607ms | tok/sec: 863,754 | mfu: 20.9% | epoch: 1 | remaining: 47s    
step 00427 (84.2%) | loss: 3.097192 | lrm: 0.32 | dt: 607ms | tok/sec: 863,869 | mfu: 20.9% | epoch: 1 | remaining: 47s    
step 00428 (84.4%) | loss: 3.097451 | lrm: 0.31 | dt: 607ms | tok/sec: 863,579 | mfu: 20.9% | epoch: 1 | remaining: 46s    
step 00429 (84.6%) | loss: 3.093238 | lrm: 0.31 | dt: 607ms | tok/sec: 863,688 | mfu: 20.9% | epoch: 1 | remaining: 46s    
step 00430 (84.8%) | loss: 3.097000 | lrm: 0.30 | dt: 607ms | tok/sec: 863,608 | mfu: 20.9% | epoch: 1 | remaining: 45s    
step 00431 (85.0%) | loss: 3.095762 | lrm: 0.30 | dt: 607ms | tok/sec: 863,690 | mfu: 20.9% | epoch: 1 | remaining: 44s    
step 00432 (85.2%) | loss: 3.097811 | lrm: 0.30 | dt: 607ms | tok/sec: 863,721 | mfu: 20.9% | epoch: 1 | remaining: 44s    
step 00433 (85.4%) | loss: 3.097205 | lrm: 0.29 | dt: 607ms | tok/sec: 863,911 | mfu: 20.9% | epoch: 1 | remaining: 43s    
step 00434 (85.6%) | loss: 3.096228 | lrm: 0.29 | dt: 607ms | tok/sec: 863,546 | mfu: 20.9% | epoch: 1 | remaining: 43s    
step 00435 (85.8%) | loss: 3.097873 | lrm: 0.28 | dt: 607ms | tok/sec: 864,053 | mfu: 20.9% | epoch: 1 | remaining: 42s    
step 00436 (86.0%) | loss: 3.095740 | lrm: 0.28 | dt: 607ms | tok/sec: 863,905 | mfu: 20.9% | epoch: 1 | remaining: 41s    
step 00437 (86.2%) | loss: 3.090564 | lrm: 0.28 | dt: 607ms | tok/sec: 863,631 | mfu: 20.9% | epoch: 1 | remaining: 41s    
step 00438 (86.4%) | loss: 3.089515 | lrm: 0.27 | dt: 607ms | tok/sec: 863,891 | mfu: 20.9% | epoch: 1 | remaining: 40s    
step 00439 (86.6%) | loss: 3.087941 | lrm: 0.27 | dt: 607ms | tok/sec: 863,851 | mfu: 20.9% | epoch: 1 | remaining: 40s    
step 00440 (86.8%) | loss: 3.086487 | lrm: 0.26 | dt: 607ms | tok/sec: 863,803 | mfu: 20.9% | epoch: 1 | remaining: 39s    
step 00441 (87.0%) | loss: 3.084689 | lrm: 0.26 | dt: 607ms | tok/sec: 863,967 | mfu: 20.9% | epoch: 1 | remaining: 38s    
step 00442 (87.2%) | loss: 3.084751 | lrm: 0.26 | dt: 607ms | tok/sec: 863,924 | mfu: 20.9% | epoch: 1 | remaining: 38s    
step 00443 (87.4%) | loss: 3.086374 | lrm: 0.25 | dt: 607ms | tok/sec: 863,804 | mfu: 20.9% | epoch: 1 | remaining: 37s    
step 00444 (87.6%) | loss: 3.087859 | lrm: 0.25 | dt: 607ms | tok/sec: 863,848 | mfu: 20.9% | epoch: 1 | remaining: 37s    
step 00445 (87.8%) | loss: 3.085822 | lrm: 0.24 | dt: 607ms | tok/sec: 863,766 | mfu: 20.9% | epoch: 1 | remaining: 36s    
step 00446 (88.0%) | loss: 3.080792 | lrm: 0.24 | dt: 607ms | tok/sec: 863,660 | mfu: 20.9% | epoch: 1 | remaining: 35s    
step 00447 (88.2%) | loss: 3.083372 | lrm: 0.24 | dt: 607ms | tok/sec: 863,353 | mfu: 20.9% | epoch: 1 | remaining: 35s    
step 00448 (88.4%) | loss: 3.080642 | lrm: 0.23 | dt: 607ms | tok/sec: 863,849 | mfu: 20.9% | epoch: 1 | remaining: 34s    
step 00449 (88.6%) | loss: 3.075522 | lrm: 0.23 | dt: 607ms | tok/sec: 863,931 | mfu: 20.9% | epoch: 1 | remaining: 34s    
step 00450 (88.8%) | loss: 3.078868 | lrm: 0.22 | dt: 607ms | tok/sec: 863,788 | mfu: 20.9% | epoch: 1 | remaining: 33s    
step 00451 (89.0%) | loss: 3.081968 | lrm: 0.22 | dt: 607ms | tok/sec: 863,781 | mfu: 20.9% | epoch: 1 | remaining: 32s    
step 00452 (89.2%) | loss: 3.078040 | lrm: 0.22 | dt: 607ms | tok/sec: 864,015 | mfu: 20.9% | epoch: 1 | remaining: 32s    
step 00453 (89.4%) | loss: 3.074240 | lrm: 0.21 | dt: 607ms | tok/sec: 863,809 | mfu: 20.9% | epoch: 1 | remaining: 31s    
step 00454 (89.6%) | loss: 3.069767 | lrm: 0.21 | dt: 607ms | tok/sec: 863,937 | mfu: 20.9% | epoch: 1 | remaining: 30s    
step 00455 (89.8%) | loss: 3.069318 | lrm: 0.20 | dt: 607ms | tok/sec: 863,627 | mfu: 20.9% | epoch: 1 | remaining: 30s    
step 00456 (90.0%) | loss: 3.067054 | lrm: 0.20 | dt: 607ms | tok/sec: 863,799 | mfu: 20.9% | epoch: 1 | remaining: 29s    
step 00457 (90.2%) | loss: 3.062589 | lrm: 0.20 | dt: 607ms | tok/sec: 863,801 | mfu: 20.9% | epoch: 1 | remaining: 29s    
step 00458 (90.4%) | loss: 3.065500 | lrm: 0.19 | dt: 607ms | tok/sec: 863,615 | mfu: 20.9% | epoch: 1 | remaining: 28s    
step 00459 (90.6%) | loss: 3.067404 | lrm: 0.19 | dt: 607ms | tok/sec: 863,793 | mfu: 20.9% | epoch: 1 | remaining: 27s    
step 00460 (90.8%) | loss: 3.070386 | lrm: 0.18 | dt: 607ms | tok/sec: 863,650 | mfu: 20.9% | epoch: 1 | remaining: 27s    
step 00461 (91.0%) | loss: 3.071513 | lrm: 0.18 | dt: 607ms | tok/sec: 863,580 | mfu: 20.9% | epoch: 1 | remaining: 26s    
step 00462 (91.3%) | loss: 3.070717 | lrm: 0.17 | dt: 607ms | tok/sec: 863,324 | mfu: 20.9% | epoch: 1 | remaining: 26s    
step 00463 (91.5%) | loss: 3.072037 | lrm: 0.17 | dt: 607ms | tok/sec: 863,563 | mfu: 20.9% | epoch: 1 | remaining: 25s    
step 00464 (91.7%) | loss: 3.071820 | lrm: 0.17 | dt: 607ms | tok/sec: 863,768 | mfu: 20.9% | epoch: 1 | remaining: 24s    
step 00465 (91.9%) | loss: 3.068211 | lrm: 0.16 | dt: 607ms | tok/sec: 863,288 | mfu: 20.9% | epoch: 1 | remaining: 24s    
step 00466 (92.1%) | loss: 3.066995 | lrm: 0.16 | dt: 607ms | tok/sec: 863,137 | mfu: 20.9% | epoch: 1 | remaining: 23s    
step 00467 (92.3%) | loss: 3.068498 | lrm: 0.15 | dt: 607ms | tok/sec: 863,442 | mfu: 20.9% | epoch: 1 | remaining: 23s    
step 00468 (92.5%) | loss: 3.072969 | lrm: 0.15 | dt: 607ms | tok/sec: 863,359 | mfu: 20.9% | epoch: 1 | remaining: 22s    
step 00469 (92.7%) | loss: 3.073576 | lrm: 0.15 | dt: 607ms | tok/sec: 863,146 | mfu: 20.9% | epoch: 1 | remaining: 21s    
step 00470 (92.9%) | loss: 3.074418 | lrm: 0.14 | dt: 607ms | tok/sec: 863,292 | mfu: 20.9% | epoch: 1 | remaining: 21s    
step 00471 (93.1%) | loss: 3.073554 | lrm: 0.14 | dt: 607ms | tok/sec: 863,688 | mfu: 20.9% | epoch: 1 | remaining: 20s    
step 00472 (93.3%) | loss: 3.064669 | lrm: 0.13 | dt: 607ms | tok/sec: 863,900 | mfu: 20.9% | epoch: 1 | remaining: 20s    
step 00473 (93.5%) | loss: 3.060760 | lrm: 0.13 | dt: 607ms | tok/sec: 863,837 | mfu: 20.9% | epoch: 1 | remaining: 19s    
step 00474 (93.7%) | loss: 3.056606 | lrm: 0.13 | dt: 607ms | tok/sec: 863,989 | mfu: 20.9% | epoch: 1 | remaining: 18s    
step 00475 (93.9%) | loss: 3.061917 | lrm: 0.12 | dt: 607ms | tok/sec: 863,732 | mfu: 20.9% | epoch: 1 | remaining: 18s    
step 00476 (94.1%) | loss: 3.062356 | lrm: 0.12 | dt: 607ms | tok/sec: 863,623 | mfu: 20.9% | epoch: 1 | remaining: 17s    
step 00477 (94.3%) | loss: 3.059967 | lrm: 0.11 | dt: 607ms | tok/sec: 863,589 | mfu: 20.9% | epoch: 1 | remaining: 17s    
step 00478 (94.5%) | loss: 3.062433 | lrm: 0.11 | dt: 607ms | tok/sec: 863,701 | mfu: 20.9% | epoch: 1 | remaining: 16s    
step 00479 (94.7%) | loss: 3.060383 | lrm: 0.11 | dt: 607ms | tok/sec: 863,829 | mfu: 20.9% | epoch: 1 | remaining: 15s    
step 00480 (94.9%) | loss: 3.058802 | lrm: 0.10 | dt: 607ms | tok/sec: 863,681 | mfu: 20.9% | epoch: 1 | remaining: 15s    
step 00481 (95.1%) | loss: 3.055842 | lrm: 0.10 | dt: 607ms | tok/sec: 863,607 | mfu: 20.9% | epoch: 1 | remaining: 14s    
step 00482 (95.3%) | loss: 3.054510 | lrm: 0.09 | dt: 607ms | tok/sec: 863,931 | mfu: 20.9% | epoch: 1 | remaining: 13s    
step 00483 (95.5%) | loss: 3.050430 | lrm: 0.09 | dt: 607ms | tok/sec: 863,780 | mfu: 20.9% | epoch: 1 | remaining: 13s    
step 00484 (95.7%) | loss: 3.045843 | lrm: 0.09 | dt: 607ms | tok/sec: 863,659 | mfu: 20.9% | epoch: 1 | remaining: 12s    
step 00485 (95.9%) | loss: 3.038986 | lrm: 0.08 | dt: 607ms | tok/sec: 863,857 | mfu: 20.9% | epoch: 1 | remaining: 12s    
step 00486 (96.1%) | loss: 3.036017 | lrm: 0.08 | dt: 607ms | tok/sec: 863,797 | mfu: 20.9% | epoch: 1 | remaining: 11s    
step 00487 (96.3%) | loss: 3.032745 | lrm: 0.07 | dt: 607ms | tok/sec: 863,570 | mfu: 20.9% | epoch: 1 | remaining: 10s    
step 00488 (96.5%) | loss: 3.029532 | lrm: 0.07 | dt: 607ms | tok/sec: 863,351 | mfu: 20.9% | epoch: 1 | remaining: 10s    
step 00489 (96.7%) | loss: 3.025833 | lrm: 0.07 | dt: 607ms | tok/sec: 863,677 | mfu: 20.9% | epoch: 1 | remaining: 9s    
step 00490 (96.9%) | loss: 3.023028 | lrm: 0.06 | dt: 607ms | tok/sec: 863,509 | mfu: 20.9% | epoch: 1 | remaining: 9s    
step 00491 (97.1%) | loss: 3.019871 | lrm: 0.06 | dt: 607ms | tok/sec: 863,654 | mfu: 20.9% | epoch: 1 | remaining: 8s    
step 00492 (97.3%) | loss: 3.018450 | lrm: 0.05 | dt: 607ms | tok/sec: 863,641 | mfu: 20.9% | epoch: 1 | remaining: 7s    
step 00493 (97.5%) | loss: 3.022169 | lrm: 0.05 | dt: 607ms | tok/sec: 863,674 | mfu: 20.9% | epoch: 1 | remaining: 7s    
step 00494 (97.7%) | loss: 3.019698 | lrm: 0.05 | dt: 607ms | tok/sec: 863,312 | mfu: 20.9% | epoch: 1 | remaining: 6s    
step 00495 (97.9%) | loss: 3.017195 | lrm: 0.04 | dt: 607ms | tok/sec: 863,360 | mfu: 20.9% | epoch: 1 | remaining: 6s    
step 00496 (98.1%) | loss: 3.019432 | lrm: 0.04 | dt: 607ms | tok/sec: 863,257 | mfu: 20.9% | epoch: 1 | remaining: 5s    
step 00497 (98.3%) | loss: 3.021381 | lrm: 0.03 | dt: 607ms | tok/sec: 863,545 | mfu: 20.9% | epoch: 1 | remaining: 4s    
step 00498 (98.5%) | loss: 3.022299 | lrm: 0.03 | dt: 607ms | tok/sec: 863,373 | mfu: 20.9% | epoch: 1 | remaining: 4s    
step 00499 (98.7%) | loss: 3.022242 | lrm: 0.03 | dt: 607ms | tok/sec: 863,381 | mfu: 20.9% | epoch: 1 | remaining: 3s    
step 00500 (98.9%) | loss: 3.023878 | lrm: 0.02 | dt: 607ms | tok/sec: 863,381 | mfu: 20.9% | epoch: 1 | remaining: 3s    
step 00501 (99.1%) | loss: 3.021577 | lrm: 0.02 | dt: 607ms | tok/sec: 863,429 | mfu: 20.9% | epoch: 1 | remaining: 2s    
step 00502 (99.3%) | loss: 3.022332 | lrm: 0.01 | dt: 607ms | tok/sec: 863,345 | mfu: 20.9% | epoch: 1 | remaining: 1s    
step 00503 (99.5%) | loss: 3.014993 | lrm: 0.01 | dt: 607ms | tok/sec: 863,616 | mfu: 20.9% | epoch: 1 | remaining: 1s    
step 00504 (99.8%) | loss: 3.017227 | lrm: 0.00 | dt: 607ms | tok/sec: 863,640 | mfu: 20.9% | epoch: 1 | remaining: 0s    
step 00505 (100.0%) | loss: 3.020748 | lrm: 0.00 | dt: 607ms | tok/sec: 863,796 | mfu: 20.9% | epoch: 1 | remaining: 0s    
---
val_bpb:          1.079700
training_seconds: 300.5
total_seconds:    337.7
peak_vram_mb:     45012.5
mfu_percent:      20.91
total_tokens_M:   265.3
num_steps:        506
num_params_M:     50.3
depth:            8
[W1004 02:07:36.253698064 CudaIPCTypes.cpp:16] Producer process has been terminated before all shared CUDA tensors released. See Note [Sharing CUDA tensors]
