trial 1/3: accuracy=1.41% training=0.411s inference=0.083s
trial 2/3: accuracy=1.19% training=0.004s inference=0.020s
trial 3/3: accuracy=1.05% training=0.004s inference=0.020s
{
  "requested_trials": 3,
  "number_of_trials": 3,
  "successful_trials": 3,
  "failed_trials": 0,
  "complete": true,
  "accuracy_target": 0.75,
  "run_error": null,
  "mean_accuracy": 0.012166666666666668,
  "accuracy_std": 0.0018147543451754928,
  "mean_training_time": 0.13976113633058654,
  "training_time_std": 0.23516305242187965,
  "mean_evaluation_time": 0.04102726833176954,
  "evaluation_time_std": 0.036665679334454616,
  "qualified": false,
  "official": false,
  "dataset": "CIFAR-100",
  "run_id": "20261004T005046Z-9c43855b"
}
Results: /home/jovyan/work/arena3/hypothesis-unc/results/arena/20261004T005046Z-9c43855b
