trial 1/3: accuracy=74.82% training=10.706s inference=0.127s
trial 2/3: accuracy=75.07% training=10.474s inference=0.096s
trial 3/3: accuracy=74.97% training=10.457s inference=0.096s
{
  "requested_trials": 3,
  "number_of_trials": 3,
  "successful_trials": 3,
  "failed_trials": 0,
  "complete": true,
  "accuracy_target": 0.75,
  "run_error": null,
  "mean_accuracy": 0.7495333333333334,
  "accuracy_std": 0.001258305739211822,
  "mean_training_time": 10.545667999336729,
  "training_time_std": 0.13945511033040867,
  "mean_evaluation_time": 0.10633734966540942,
  "evaluation_time_std": 0.018129133527798796,
  "qualified": false,
  "official": false,
  "dataset": "CIFAR-100",
  "run_id": "20261004T010221Z-896033c6"
}
Results: /home/jovyan/work/arena3/hypothesis-unc/results/arena/20261004T010221Z-896033c6
