trial 1/3: accuracy=74.91% training=9.148s inference=0.116s
trial 2/3: accuracy=75.01% training=8.978s inference=0.096s
trial 3/3: accuracy=74.67% training=8.994s inference=0.094s
{
  "requested_trials": 3,
  "number_of_trials": 3,
  "successful_trials": 3,
  "failed_trials": 0,
  "complete": true,
  "accuracy_target": 0.75,
  "run_error": null,
  "mean_accuracy": 0.7486333333333334,
  "accuracy_std": 0.001747378989610798,
  "mean_training_time": 9.040086971333949,
  "training_time_std": 0.09403072706811347,
  "mean_evaluation_time": 0.10210316933322854,
  "evaluation_time_std": 0.012387963609121248,
  "qualified": false,
  "official": false,
  "dataset": "CIFAR-100",
  "run_id": "20261004T010627Z-c706a3ab"
}
Results: /home/jovyan/work/arena3/hypothesis-unc/results/arena/20261004T010627Z-c706a3ab
