trial 1/3: accuracy=76.06% training=9.210s inference=0.134s
trial 2/3: accuracy=75.86% training=9.030s inference=0.096s
trial 3/3: accuracy=75.57% training=9.053s inference=0.094s
{
  "requested_trials": 3,
  "number_of_trials": 3,
  "successful_trials": 3,
  "failed_trials": 0,
  "complete": true,
  "accuracy_target": 0.75,
  "run_error": null,
  "mean_accuracy": 0.7583000000000001,
  "accuracy_std": 0.002463736998950992,
  "mean_training_time": 9.097539043003053,
  "training_time_std": 0.09770391331947942,
  "mean_evaluation_time": 0.10813375133390461,
  "evaluation_time_std": 0.02219049257045981,
  "qualified": true,
  "official": false,
  "dataset": "CIFAR-100",
  "run_id": "20261004T010816Z-7b342481"
}
Results: /home/jovyan/work/arena3/hypothesis-unc/results/arena/20261004T010816Z-7b342481
