trial 1/3: accuracy=76.30% training=9.556s inference=0.122s
trial 2/3: accuracy=76.76% training=9.384s inference=0.098s
trial 3/3: accuracy=76.41% training=9.399s inference=0.098s
{
  "requested_trials": 3,
  "number_of_trials": 3,
  "successful_trials": 3,
  "failed_trials": 0,
  "complete": true,
  "accuracy_target": 0.75,
  "run_error": null,
  "mean_accuracy": 0.7649,
  "accuracy_std": 0.0024020824298928295,
  "mean_training_time": 9.44608330266783,
  "training_time_std": 0.09519052624383723,
  "mean_evaluation_time": 0.10621566733364791,
  "evaluation_time_std": 0.013657467294930606,
  "qualified": true,
  "official": false,
  "dataset": "CIFAR-100",
  "run_id": "20261004T011216Z-0e1401d7"
}
Results: /home/jovyan/work/arena3/hypothesis-unc/results/arena/20261004T011216Z-0e1401d7
