trial 1/3: accuracy=75.72% training=7.453s inference=0.146s
trial 2/3: accuracy=76.05% training=7.259s inference=0.100s
trial 3/3: accuracy=75.94% training=7.273s inference=0.098s
{
  "requested_trials": 3,
  "number_of_trials": 3,
  "successful_trials": 3,
  "failed_trials": 0,
  "complete": true,
  "accuracy_target": 0.75,
  "run_error": null,
  "mean_accuracy": 0.7590333333333333,
  "accuracy_std": 0.0016802777548171259,
  "mean_training_time": 7.328381033667635,
  "training_time_std": 0.1081880983590154,
  "mean_evaluation_time": 0.11500040433505394,
  "evaluation_time_std": 0.02704875236469838,
  "qualified": true,
  "official": false,
  "dataset": "CIFAR-100",
  "run_id": "20261004T011624Z-a8b586ab"
}
Results: /home/jovyan/work/arena3/hypothesis-unc/results/arena/20261004T011624Z-a8b586ab
