trial 1/3: accuracy=75.88% training=7.095s inference=0.125s
trial 2/3: accuracy=75.73% training=6.921s inference=0.097s
trial 3/3: accuracy=75.56% training=6.916s inference=0.096s
{
  "requested_trials": 3,
  "number_of_trials": 3,
  "successful_trials": 3,
  "failed_trials": 0,
  "complete": true,
  "accuracy_target": 0.75,
  "run_error": null,
  "mean_accuracy": 0.7572333333333333,
  "accuracy_std": 0.0016010413278030326,
  "mean_training_time": 6.977379820668527,
  "training_time_std": 0.10155814516226132,
  "mean_evaluation_time": 0.10600587099906988,
  "evaluation_time_std": 0.01640133349598961,
  "qualified": true,
  "official": false,
  "dataset": "CIFAR-100",
  "run_id": "20261004T012408Z-f096fbb9"
}
Results: /home/jovyan/work/arena3/hypothesis-unc/results/arena/20261004T012408Z-f096fbb9
