trial 1/3: accuracy=75.58% training=7.119s inference=0.152s
trial 2/3: accuracy=75.85% training=6.912s inference=0.115s
trial 3/3: accuracy=75.50% training=6.950s inference=0.094s
{
  "requested_trials": 3,
  "number_of_trials": 3,
  "successful_trials": 3,
  "failed_trials": 0,
  "complete": true,
  "accuracy_target": 0.75,
  "run_error": null,
  "mean_accuracy": 0.7564333333333333,
  "accuracy_std": 0.0018339392937971558,
  "mean_training_time": 6.993527450666686,
  "training_time_std": 0.10990035592624484,
  "mean_evaluation_time": 0.1207602249996853,
  "evaluation_time_std": 0.029387943804056724,
  "qualified": true,
  "official": false,
  "dataset": "CIFAR-100",
  "run_id": "20261004T012545Z-c86c0009"
}
Results: /home/jovyan/work/arena3/hypothesis-unc/results/arena/20261004T012545Z-c86c0009
