AUTOTUNE mm(2000x512, 512x100)
  triton_mm_77 0.0123 ms 100.0%
  triton_mm_76 0.0133 ms 92.3%
  triton_mm_70 0.0143 ms 85.7%
  triton_mm_73 0.0143 ms 85.7%
  triton_mm_79 0.0143 ms 85.7%
  triton_mm_80 0.0143 ms 85.7%
  triton_mm_71 0.0154 ms 80.0%
  triton_mm_72 0.0154 ms 80.0%
  triton_mm_81 0.0154 ms 80.0%
  triton_mm_83 0.0154 ms 80.0%
SingleProcess AUTOTUNE benchmarking takes 2.2399 seconds and 0.0027 seconds precompiling
AUTOTUNE convolution(2000x384x5x5, 512x384x3x3)
  convolution 0.6779 ms 100.0%
  triton_convolution_52 1.3240 ms 51.2%
  triton_convolution_51 1.5217 ms 44.5%
  triton_convolution_53 1.5391 ms 44.0%
  triton_convolution_48 1.5816 ms 42.9%
  triton_convolution_49 1.6128 ms 42.0%
  triton_convolution_54 1.7091 ms 39.7%
  triton_convolution_50 6.5761 ms 10.3%
SingleProcess AUTOTUNE benchmarking takes 1.2315 seconds and 0.0010 seconds precompiling
AUTOTUNE convolution(2000x512x2x2, 512x512x3x3)
  convolution 0.1608 ms 100.0%
  triton_convolution_59 0.2652 ms 60.6%
  triton_convolution_61 0.4127 ms 39.0%
  triton_convolution_58 0.4137 ms 38.9%
  triton_convolution_60 0.4485 ms 35.8%
  triton_convolution_56 0.4506 ms 35.7%
  triton_convolution_55 0.5048 ms 31.8%
  triton_convolution_57 2.0070 ms 8.0%
SingleProcess AUTOTUNE benchmarking takes 1.0010 seconds and 0.0011 seconds precompiling
AUTOTUNE mm(100x2000, 2000x512)
  triton_mm_90 0.0215 ms 100.0%
  triton_mm_92 0.0215 ms 100.0%
  triton_mm_96 0.0215 ms 100.0%
  mm 0.0225 ms 95.5%
  triton_mm_91 0.0236 ms 91.3%
  triton_mm_89 0.0266 ms 80.8%
  triton_mm_95 0.0276 ms 77.8%
  triton_mm_99 0.0287 ms 75.0%
  triton_mm_100 0.0287 ms 75.0%
  triton_mm_98 0.0317 ms 67.7%
SingleProcess AUTOTUNE benchmarking takes 2.2669 seconds and 0.0034 seconds precompiling
AUTOTUNE mm(2000x100, 100x512)
  triton_mm_116 0.0113 ms 100.0%
  triton_mm_111 0.0123 ms 91.7%
  triton_mm_113 0.0123 ms 91.7%
  triton_mm_115 0.0123 ms 91.7%
  triton_mm_117 0.0123 ms 91.7%
  triton_mm_118 0.0123 ms 91.7%
  triton_mm_120 0.0123 ms 91.7%
  triton_mm_121 0.0123 ms 91.7%
  triton_mm_123 0.0123 ms 91.7%
  triton_mm_125 0.0123 ms 91.7%
SingleProcess AUTOTUNE benchmarking takes 2.2696 seconds and 0.0036 seconds precompiling
AUTOTUNE convolution(2000x384x6x6, 512x384x3x3)
  convolution 0.9236 ms 100.0%
  triton_convolution_178 1.9113 ms 48.3%
  triton_convolution_179 2.1545 ms 42.9%
  triton_convolution_174 2.1586 ms 42.8%
  triton_convolution_177 2.1637 ms 42.7%
  triton_convolution_180 2.4381 ms 37.9%
  triton_convolution_175 2.5672 ms 36.0%
  triton_convolution_176 10.8134 ms 8.5%
SingleProcess AUTOTUNE benchmarking takes 1.1743 seconds and 0.0011 seconds precompiling
AUTOTUNE convolution(2000x512x3x3, 512x512x3x3)
  convolution 0.3451 ms 100.0%
  triton_convolution_185 0.5960 ms 57.9%
  triton_convolution_182 0.7040 ms 49.0%
  triton_convolution_186 0.8059 ms 42.8%
  triton_convolution_184 0.8120 ms 42.5%
  triton_convolution_181 0.8264 ms 41.8%
  triton_convolution_187 0.8520 ms 40.5%
  triton_convolution_183 4.1370 ms 8.3%
SingleProcess AUTOTUNE benchmarking takes 1.0620 seconds and 0.0011 seconds precompiling
AUTOTUNE convolution(2000x384x7x7, 512x384x3x3)
  convolution 1.4479 ms 100.0%
  triton_convolution_304 2.5805 ms 56.1%
  triton_convolution_303 2.8887 ms 50.1%
  triton_convolution_305 2.9030 ms 49.9%
  triton_convolution_300 3.2870 ms 44.0%
  triton_convolution_306 3.3879 ms 42.7%
  triton_convolution_301 3.7361 ms 38.8%
  triton_convolution_302 17.0209 ms 8.5%
SingleProcess AUTOTUNE benchmarking takes 1.2580 seconds and 0.0024 seconds precompiling
trial 1/3: accuracy=75.40% training=6.784s inference=0.156s
trial 2/3: accuracy=75.38% training=6.558s inference=0.123s
trial 3/3: accuracy=75.65% training=6.576s inference=0.116s
{
  "requested_trials": 3,
  "number_of_trials": 3,
  "successful_trials": 3,
  "failed_trials": 0,
  "complete": true,
  "accuracy_target": 0.75,
  "run_error": null,
  "mean_accuracy": 0.7547666666666667,
  "accuracy_std": 0.0015044378795195299,
  "mean_training_time": 6.639434386001085,
  "training_time_std": 0.12541769233052752,
  "mean_evaluation_time": 0.13140752399825337,
  "evaluation_time_std": 0.021287461189526832,
  "qualified": true,
  "official": false,
  "dataset": "CIFAR-100",
  "run_id": "20261004T012726Z-7d10ea9e"
}
Results: /home/jovyan/work/arena3/hypothesis-unc/results/arena/20261004T012726Z-7d10ea9e
