AUTOTUNE convolution(2000x3x20x20, 24x3x2x2)
  convolution 0.0614 ms 100.0%
  triton_convolution_4 0.1147 ms 53.6%
  triton_convolution_2 0.1178 ms 52.2%
  triton_convolution_3 0.1423 ms 43.2%
  triton_convolution_0 0.1536 ms 40.0%
  triton_convolution_5 0.1833 ms 33.5%
  triton_convolution_1 0.2345 ms 26.2%
SingleProcess AUTOTUNE benchmarking takes 0.9780 seconds and 0.0013 seconds precompiling
AUTOTUNE convolution(2000x24x19x19, 128x24x3x3)
  convolution 0.3615 ms 100.0%
  triton_convolution_9 0.5192 ms 69.6%
  triton_convolution_7 0.6226 ms 58.1%
  triton_convolution_12 0.6866 ms 52.6%
  triton_convolution_11 0.8151 ms 44.3%
  triton_convolution_6 0.9236 ms 39.1%
  triton_convolution_10 1.0312 ms 35.1%
  triton_convolution_8 1.4797 ms 24.4%
SingleProcess AUTOTUNE benchmarking takes 1.0900 seconds and 0.0009 seconds precompiling
AUTOTUNE convolution(2000x128x9x9, 128x128x3x3)
  convolution 0.2017 ms 100.0%
  triton_convolution_18 0.3604 ms 56.0%
  triton_convolution_17 0.3758 ms 53.7%
  triton_convolution_14 0.4106 ms 49.1%
  triton_convolution_16 0.4291 ms 47.0%
  triton_convolution_19 0.4567 ms 44.2%
  triton_convolution_13 0.5581 ms 36.1%
  triton_convolution_15 1.6148 ms 12.5%
SingleProcess AUTOTUNE benchmarking takes 1.0197 seconds and 0.0010 seconds precompiling
AUTOTUNE convolution(2000x128x9x9, 384x128x3x3)
  convolution 0.6052 ms 100.0%
  triton_convolution_31 1.1377 ms 53.2%
  triton_convolution_28 1.1628 ms 52.0%
  triton_convolution_30 1.2426 ms 48.7%
  triton_convolution_33 1.3087 ms 46.2%
  triton_convolution_32 1.5145 ms 40.0%
  triton_convolution_27 1.5862 ms 38.2%
  triton_convolution_29 4.9644 ms 12.2%
SingleProcess AUTOTUNE benchmarking takes 1.0920 seconds and 0.0007 seconds precompiling
AUTOTUNE convolution(2000x384x4x4, 384x384x3x3)
  convolution 0.3154 ms 100.0%
  triton_convolution_38 0.5939 ms 53.1%
  triton_convolution_35 0.7270 ms 43.4%
  triton_convolution_37 0.7537 ms 41.8%
  triton_convolution_40 0.8100 ms 38.9%
  triton_convolution_39 0.9718 ms 32.5%
  triton_convolution_34 0.9810 ms 32.2%
  triton_convolution_36 3.0126 ms 10.5%
SingleProcess AUTOTUNE benchmarking takes 1.0513 seconds and 0.0011 seconds precompiling
AUTOTUNE convolution(2000x384x4x4, 512x384x3x3)
  convolution 0.4383 ms 100.0%
  triton_convolution_52 0.7813 ms 56.1%
  triton_convolution_49 0.9134 ms 48.0%
  triton_convolution_51 1.0097 ms 43.4%
  triton_convolution_53 1.0117 ms 43.3%
  triton_convolution_48 1.0424 ms 42.0%
  triton_convolution_54 1.0860 ms 40.4%
  triton_convolution_50 3.8543 ms 11.4%
SingleProcess AUTOTUNE benchmarking takes 1.0736 seconds and 0.0010 seconds precompiling
trial 1/3: accuracy=74.55% training=5.832s inference=0.115s
trial 2/3: accuracy=74.24% training=5.639s inference=0.093s
trial 3/3: accuracy=74.74% training=5.639s inference=0.091s
{
  "requested_trials": 3,
  "number_of_trials": 3,
  "successful_trials": 3,
  "failed_trials": 0,
  "complete": true,
  "accuracy_target": 0.75,
  "run_error": null,
  "mean_accuracy": 0.7451,
  "accuracy_std": 0.002523885892824803,
  "mean_training_time": 5.703121792665722,
  "training_time_std": 0.11135015274119635,
  "mean_evaluation_time": 0.09987165066316568,
  "evaluation_time_std": 0.013509989300393151,
  "qualified": false,
  "official": false,
  "dataset": "CIFAR-100",
  "run_id": "20261004T013015Z-584a9cc4"
}
Results: /home/jovyan/work/arena3/hypothesis-unc/results/arena/20261004T013015Z-584a9cc4
