trial 1/3: accuracy=75.40% training=6.764s inference=0.122s
trial 2/3: accuracy=75.38% training=6.601s inference=0.093s
trial 3/3: accuracy=75.65% training=6.574s inference=0.091s
{
  "requested_trials": 3,
  "number_of_trials": 3,
  "successful_trials": 3,
  "failed_trials": 0,
  "complete": true,
  "accuracy_target": 0.75,
  "run_error": null,
  "mean_accuracy": 0.7547666666666667,
  "accuracy_std": 0.0015044378795195299,
  "mean_training_time": 6.646141453333257,
  "training_time_std": 0.10297420328940479,
  "mean_evaluation_time": 0.10177226799957377,
  "evaluation_time_std": 0.017245155794218443,
  "qualified": true,
  "official": false,
  "dataset": "CIFAR-100",
  "run_id": "20261004T013253Z-1f10a0ab"
}
Results: /home/jovyan/work/arena3/hypothesis-unc/results/arena/20261004T013253Z-1f10a0ab
