trial 1/3: accuracy=75.56% training=6.758s inference=0.155s
trial 2/3: accuracy=75.33% training=6.556s inference=0.121s
trial 3/3: accuracy=75.65% training=6.576s inference=0.095s
{
  "requested_trials": 3,
  "number_of_trials": 3,
  "successful_trials": 3,
  "failed_trials": 0,
  "complete": true,
  "accuracy_target": 0.75,
  "run_error": null,
  "mean_accuracy": 0.7551333333333333,
  "accuracy_std": 0.001650252505931545,
  "mean_training_time": 6.629994306999531,
  "training_time_std": 0.11153225550804055,
  "mean_evaluation_time": 0.1234151403332362,
  "evaluation_time_std": 0.030042089266741307,
  "qualified": true,
  "official": false,
  "dataset": "CIFAR-100",
  "run_id": "20261004T013810Z-7b04b453"
}
Results: /home/jovyan/work/arena3/hypothesis-unc/results/arena/20261004T013810Z-7b04b453
