skipping cudagraphs due to mutated inputs (18 instances). Found from : 
   File "/home/jovyan/work/arena3/hypothesis-unc/.venv/lib/python3.12/site-packages/torch/_dynamo/external_utils.py", line 38, in inner
    return fn(*args, **kwargs)
  File "/home/jovyan/work/arena3/hypothesis-unc/.venv/lib/python3.12/site-packages/torch/utils/_contextlib.py", line 116, in decorate_context
    return func(*args, **kwargs)
  File "/home/jovyan/work/arena3/hypothesis-unc/results/arena/20261004T014512Z-90263a5f/source/submission.py", line 160, in muon_update
    p.sub_(lr * update.float())

trial 1/3: accuracy=75.74% training=6.686s inference=0.129s
trial 2/3: accuracy=75.78% training=6.520s inference=0.122s
trial 3/3: accuracy=75.71% training=6.527s inference=0.095s
{
  "requested_trials": 3,
  "number_of_trials": 3,
  "successful_trials": 3,
  "failed_trials": 0,
  "complete": true,
  "accuracy_target": 0.75,
  "run_error": null,
  "mean_accuracy": 0.7574333333333333,
  "accuracy_std": 0.0003511884584284439,
  "mean_training_time": 6.577778801666379,
  "training_time_std": 0.09413543880183434,
  "mean_evaluation_time": 0.11558457633267001,
  "evaluation_time_std": 0.017827388613009164,
  "qualified": true,
  "official": false,
  "dataset": "CIFAR-100",
  "run_id": "20261004T014512Z-90263a5f"
}
Results: /home/jovyan/work/arena3/hypothesis-unc/results/arena/20261004T014512Z-90263a5f
