skipping cudagraphs due to mutated inputs (18 instances). Found from : 
   File "/home/jovyan/work/arena3/hypothesis-unc/.venv/lib/python3.12/site-packages/torch/_dynamo/external_utils.py", line 38, in inner
    return fn(*args, **kwargs)
  File "/home/jovyan/work/arena3/hypothesis-unc/.venv/lib/python3.12/site-packages/torch/utils/_contextlib.py", line 116, in decorate_context
    return func(*args, **kwargs)
  File "/home/jovyan/work/arena3/hypothesis-unc/results/arena/20261004T014715Z-ad97b1cd/source/submission.py", line 160, in muon_update
    p.sub_(lr * update.float())

trial 1/3: accuracy=76.20% training=6.702s inference=0.102s
trial 2/3: accuracy=75.92% training=6.514s inference=0.091s
trial 3/3: accuracy=76.10% training=6.523s inference=0.091s
{
  "requested_trials": 3,
  "number_of_trials": 3,
  "successful_trials": 3,
  "failed_trials": 0,
  "complete": true,
  "accuracy_target": 0.75,
  "run_error": null,
  "mean_accuracy": 0.7607333333333334,
  "accuracy_std": 0.0014189197769195307,
  "mean_training_time": 6.579923757000263,
  "training_time_std": 0.10620956952479836,
  "mean_evaluation_time": 0.09456178733429017,
  "evaluation_time_std": 0.006111122617078663,
  "qualified": true,
  "official": false,
  "dataset": "CIFAR-100",
  "run_id": "20261004T014715Z-ad97b1cd"
}
Results: /home/jovyan/work/arena3/hypothesis-unc/results/arena/20261004T014715Z-ad97b1cd
