skipping cudagraphs due to mutated inputs (18 instances). Found from : 
   File "/home/jovyan/work/arena3/hypothesis-unc/.venv/lib/python3.12/site-packages/torch/_dynamo/external_utils.py", line 38, in inner
    return fn(*args, **kwargs)
  File "/home/jovyan/work/arena3/hypothesis-unc/.venv/lib/python3.12/site-packages/torch/utils/_contextlib.py", line 116, in decorate_context
    return func(*args, **kwargs)
  File "/home/jovyan/work/arena3/hypothesis-unc/results/arena/20261004T015356Z-1d03036a/source/submission.py", line 160, in muon_update
    p.sub_(lr * update.float())

trial 1/3: accuracy=75.54% training=6.657s inference=0.124s
trial 2/3: accuracy=75.07% training=6.488s inference=0.096s
trial 3/3: accuracy=75.51% training=6.499s inference=0.096s
{
  "requested_trials": 3,
  "number_of_trials": 3,
  "successful_trials": 3,
  "failed_trials": 0,
  "complete": true,
  "accuracy_target": 0.75,
  "run_error": null,
  "mean_accuracy": 0.7537333333333334,
  "accuracy_std": 0.0026312227829154177,
  "mean_training_time": 6.54794617266695,
  "training_time_std": 0.09496855266095454,
  "mean_evaluation_time": 0.1053899486651062,
  "evaluation_time_std": 0.016384252365061427,
  "qualified": true,
  "official": false,
  "dataset": "CIFAR-100",
  "run_id": "20261004T015356Z-1d03036a"
}
Results: /home/jovyan/work/arena3/hypothesis-unc/results/arena/20261004T015356Z-1d03036a
