skipping cudagraphs due to mutated inputs (18 instances). Found from : 
   File "/home/jovyan/work/arena3/hypothesis-unc/.venv/lib/python3.12/site-packages/torch/_dynamo/external_utils.py", line 38, in inner
    return fn(*args, **kwargs)
  File "/home/jovyan/work/arena3/hypothesis-unc/.venv/lib/python3.12/site-packages/torch/utils/_contextlib.py", line 116, in decorate_context
    return func(*args, **kwargs)
  File "/home/jovyan/work/arena3/hypothesis-unc/results/arena/20261004T020047Z-fdec74b5/source/submission.py", line 160, in muon_update
    p.sub_(lr * update.float())

trial 1/3: accuracy=75.09% training=6.105s inference=0.134s
trial 2/3: accuracy=75.10% training=5.940s inference=0.097s
trial 3/3: accuracy=74.87% training=5.934s inference=0.095s
{
  "requested_trials": 3,
  "number_of_trials": 3,
  "successful_trials": 3,
  "failed_trials": 0,
  "complete": true,
  "accuracy_target": 0.75,
  "run_error": null,
  "mean_accuracy": 0.7502,
  "accuracy_std": 0.001299999999999985,
  "mean_training_time": 5.993199579002976,
  "training_time_std": 0.09717216096132683,
  "mean_evaluation_time": 0.10875216700029948,
  "evaluation_time_std": 0.02210716327637932,
  "qualified": true,
  "official": false,
  "dataset": "CIFAR-100",
  "run_id": "20261004T020047Z-fdec74b5"
}
Results: /home/jovyan/work/arena3/hypothesis-unc/results/arena/20261004T020047Z-fdec74b5
