skipping cudagraphs due to mutated inputs (18 instances). Found from : 
   File "/home/jovyan/work/arena3/hypothesis-unc/.venv/lib/python3.12/site-packages/torch/_dynamo/external_utils.py", line 38, in inner
    return fn(*args, **kwargs)
  File "/home/jovyan/work/arena3/hypothesis-unc/.venv/lib/python3.12/site-packages/torch/utils/_contextlib.py", line 116, in decorate_context
    return func(*args, **kwargs)
  File "/home/jovyan/work/arena3/hypothesis-unc/results/arena/20261004T020419Z-6009571c/source/submission.py", line 160, in muon_update
    p.sub_(lr * update.float())

trial 1/3: accuracy=75.42% training=6.651s inference=0.106s
trial 2/3: accuracy=75.26% training=6.481s inference=0.099s
trial 3/3: accuracy=75.54% training=6.489s inference=0.095s
{
  "requested_trials": 3,
  "number_of_trials": 3,
  "successful_trials": 3,
  "failed_trials": 0,
  "complete": true,
  "accuracy_target": 0.75,
  "run_error": null,
  "mean_accuracy": 0.7540666666666667,
  "accuracy_std": 0.0014047538337136544,
  "mean_training_time": 6.5404667533342336,
  "training_time_std": 0.09596847871090206,
  "mean_evaluation_time": 0.09998140699948029,
  "evaluation_time_std": 0.005483998544943049,
  "qualified": true,
  "official": false,
  "dataset": "CIFAR-100",
  "run_id": "20261004T020419Z-6009571c"
}
Results: /home/jovyan/work/arena3/hypothesis-unc/results/arena/20261004T020419Z-6009571c
