skipping cudagraphs due to mutated inputs (18 instances). Found from : 
   File "/home/jovyan/work/arena3/hypothesis-unc/.venv/lib/python3.12/site-packages/torch/_dynamo/external_utils.py", line 38, in inner
    return fn(*args, **kwargs)
  File "/home/jovyan/work/arena3/hypothesis-unc/.venv/lib/python3.12/site-packages/torch/utils/_contextlib.py", line 116, in decorate_context
    return func(*args, **kwargs)
  File "/home/jovyan/work/arena3/hypothesis-unc/results/arena/20261004T021004Z-786120f0/source/submission.py", line 160, in muon_update
    p.sub_(lr * update.float())

trial 1/3: accuracy=75.32% training=5.971s inference=0.137s
trial 2/3: accuracy=75.28% training=5.800s inference=0.123s
trial 3/3: accuracy=75.23% training=5.813s inference=0.124s
{
  "requested_trials": 3,
  "number_of_trials": 3,
  "successful_trials": 3,
  "failed_trials": 0,
  "complete": true,
  "accuracy_target": 0.75,
  "run_error": null,
  "mean_accuracy": 0.7527666666666667,
  "accuracy_std": 0.0004509249752822972,
  "mean_training_time": 5.861187173000265,
  "training_time_std": 0.09493318567282559,
  "mean_evaluation_time": 0.1279242590001862,
  "evaluation_time_std": 0.00753539989784535,
  "qualified": true,
  "official": false,
  "dataset": "CIFAR-100",
  "run_id": "20261004T021004Z-786120f0"
}
Results: /home/jovyan/work/arena3/hypothesis-unc/results/arena/20261004T021004Z-786120f0
