AUTOTUNE convolution(2000x128x11x11, 320x128x3x3)
  convolution 0.8796 ms 100.0%
  triton_convolution_31 1.4223 ms 61.8%
  triton_convolution_28 1.4449 ms 60.9%
  triton_convolution_33 1.6189 ms 54.3%
  triton_convolution_30 1.7910 ms 49.1%
  triton_convolution_32 2.1975 ms 40.0%
  triton_convolution_27 2.6307 ms 33.4%
  triton_convolution_29 6.0943 ms 14.4%
SingleProcess AUTOTUNE benchmarking takes 1.3600 seconds and 0.0014 seconds precompiling
AUTOTUNE convolution(2000x320x5x5, 320x320x3x3)
  convolution 0.3840 ms 100.0%
  triton_convolution_38 0.7045 ms 54.5%
  triton_convolution_35 0.7967 ms 48.2%
  triton_convolution_37 0.9267 ms 41.4%
  triton_convolution_40 0.9421 ms 40.8%
  triton_convolution_39 1.1971 ms 32.1%
  triton_convolution_34 1.2093 ms 31.8%
  triton_convolution_36 3.3900 ms 11.3%
SingleProcess AUTOTUNE benchmarking takes 1.0698 seconds and 0.0012 seconds precompiling
AUTOTUNE convolution(2000x320x5x5, 512x320x3x3)
  convolution 0.5704 ms 100.0%
  triton_convolution_52 1.1131 ms 51.2%
  triton_convolution_51 1.2564 ms 45.4%
  triton_convolution_49 1.2626 ms 45.2%
  triton_convolution_53 1.2892 ms 44.2%
  triton_convolution_48 1.3112 ms 43.5%
  triton_convolution_54 1.4008 ms 40.7%
  triton_convolution_50 5.2675 ms 10.8%
SingleProcess AUTOTUNE benchmarking takes 1.0982 seconds and 0.0010 seconds precompiling
skipping cudagraphs due to mutated inputs (18 instances). Found from : 
   File "/home/jovyan/work/arena3/hypothesis-unc/.venv/lib/python3.12/site-packages/torch/_dynamo/external_utils.py", line 38, in inner
    return fn(*args, **kwargs)
  File "/home/jovyan/work/arena3/hypothesis-unc/.venv/lib/python3.12/site-packages/torch/utils/_contextlib.py", line 116, in decorate_context
    return func(*args, **kwargs)
  File "/home/jovyan/work/arena3/hypothesis-unc/results/arena/20261004T021344Z-729a76ff/source/submission.py", line 160, in muon_update
    p.sub_(lr * update.float())

AUTOTUNE convolution(2000x128x13x13, 320x128x3x3)
  convolution 1.2227 ms 100.0%
  triton_convolution_157 1.9896 ms 61.5%
  triton_convolution_154 2.0091 ms 60.9%
  triton_convolution_159 2.2508 ms 54.3%
  triton_convolution_156 2.4714 ms 49.5%
  triton_convolution_153 3.0413 ms 40.2%
  triton_convolution_158 3.0587 ms 40.0%
  triton_convolution_155 8.6979 ms 14.1%
SingleProcess AUTOTUNE benchmarking takes 1.1728 seconds and 0.0009 seconds precompiling
AUTOTUNE convolution(2000x320x6x6, 320x320x3x3)
  convolution 0.5458 ms 100.0%
  triton_convolution_164 1.0076 ms 54.2%
  triton_convolution_161 1.1510 ms 47.4%
  triton_convolution_163 1.3358 ms 40.9%
  triton_convolution_166 1.3425 ms 40.7%
  triton_convolution_160 1.6783 ms 32.5%
  triton_convolution_165 1.6886 ms 32.3%
  triton_convolution_162 5.4364 ms 10.0%
SingleProcess AUTOTUNE benchmarking takes 1.0955 seconds and 0.0007 seconds precompiling
AUTOTUNE convolution(2000x320x6x6, 512x320x3x3)
  convolution 0.8131 ms 100.0%
  triton_convolution_178 1.6046 ms 50.7%
  triton_convolution_177 1.7818 ms 45.6%
  triton_convolution_175 1.7961 ms 45.3%
  triton_convolution_179 1.8156 ms 44.8%
  triton_convolution_174 1.9016 ms 42.8%
  triton_convolution_180 1.9999 ms 40.7%
  triton_convolution_176 8.5699 ms 9.5%
SingleProcess AUTOTUNE benchmarking takes 1.1362 seconds and 0.0010 seconds precompiling
AUTOTUNE convolution(2000x128x15x15, 320x128x3x3)
  convolution 1.4725 ms 100.0%
  triton_convolution_283 2.6655 ms 55.2%
  triton_convolution_280 2.6675 ms 55.2%
  triton_convolution_285 2.9645 ms 49.7%
  triton_convolution_282 3.1585 ms 46.6%
  triton_convolution_284 4.0315 ms 36.5%
  triton_convolution_279 4.3162 ms 34.1%
  triton_convolution_281 11.6521 ms 12.6%
SingleProcess AUTOTUNE benchmarking takes 1.2211 seconds and 0.0007 seconds precompiling
AUTOTUNE convolution(2000x320x7x7, 320x320x3x3)
  convolution 0.7276 ms 100.0%
  triton_convolution_290 1.3722 ms 53.0%
  triton_convolution_287 1.5268 ms 47.7%
  triton_convolution_292 1.7439 ms 41.7%
  triton_convolution_289 1.8063 ms 40.3%
  triton_convolution_286 2.2630 ms 32.1%
  triton_convolution_291 2.2835 ms 31.9%
  triton_convolution_288 8.0614 ms 9.0%
SingleProcess AUTOTUNE benchmarking takes 1.1433 seconds and 0.0012 seconds precompiling
AUTOTUNE convolution(2000x320x7x7, 512x320x3x3)
  convolution 1.1177 ms 100.0%
  triton_convolution_304 2.1811 ms 51.2%
  triton_convolution_303 2.4054 ms 46.5%
  triton_convolution_305 2.4422 ms 45.8%
  triton_convolution_300 2.4463 ms 45.7%
  triton_convolution_301 2.4873 ms 44.9%
  triton_convolution_306 2.7930 ms 40.0%
  triton_convolution_302 13.0109 ms 8.6%
SingleProcess AUTOTUNE benchmarking takes 1.1970 seconds and 0.0013 seconds precompiling
trial 1/3: accuracy=75.23% training=6.159s inference=0.096s
trial 2/3: accuracy=75.25% training=5.969s inference=0.086s
trial 3/3: accuracy=75.41% training=5.977s inference=0.085s
{
  "requested_trials": 3,
  "number_of_trials": 3,
  "successful_trials": 3,
  "failed_trials": 0,
  "complete": true,
  "accuracy_target": 0.75,
  "run_error": null,
  "mean_accuracy": 0.7529666666666667,
  "accuracy_std": 0.0009865765724632683,
  "mean_training_time": 6.035123381334415,
  "training_time_std": 0.10698533061168346,
  "mean_evaluation_time": 0.08903065799919811,
  "evaluation_time_std": 0.006015335517048132,
  "qualified": true,
  "official": false,
  "dataset": "CIFAR-100",
  "run_id": "20261004T021344Z-729a76ff"
}
Results: /home/jovyan/work/arena3/hypothesis-unc/results/arena/20261004T021344Z-729a76ff
