skipping cudagraphs due to mutated inputs (18 instances). Found from : 
   File "/home/jovyan/work/arena3/hypothesis-unc/.venv/lib/python3.12/site-packages/torch/_dynamo/external_utils.py", line 38, in inner
    return fn(*args, **kwargs)
  File "/home/jovyan/work/arena3/hypothesis-unc/.venv/lib/python3.12/site-packages/torch/utils/_contextlib.py", line 116, in decorate_context
    return func(*args, **kwargs)
  File "/home/jovyan/work/arena3/hypothesis-unc/results/arena/20261004T021816Z-419e8f90/source/submission.py", line 160, in muon_update
    p.sub_(lr * update.float())

trial 1/3: accuracy=75.86% training=6.654s inference=0.102s
trial 2/3: accuracy=74.95% training=6.480s inference=0.091s
trial 3/3: accuracy=75.55% training=6.509s inference=0.091s
{
  "requested_trials": 3,
  "number_of_trials": 3,
  "successful_trials": 3,
  "failed_trials": 0,
  "complete": true,
  "accuracy_target": 0.75,
  "run_error": null,
  "mean_accuracy": 0.7545333333333334,
  "accuracy_std": 0.00462637366987722,
  "mean_training_time": 6.5475437376687,
  "training_time_std": 0.09300554480120313,
  "mean_evaluation_time": 0.0946679693297483,
  "evaluation_time_std": 0.006430347290239817,
  "qualified": true,
  "official": false,
  "dataset": "CIFAR-100",
  "run_id": "20261004T021816Z-419e8f90"
}
Results: /home/jovyan/work/arena3/hypothesis-unc/results/arena/20261004T021816Z-419e8f90
