skipping cudagraphs due to mutated inputs (18 instances). Found from : 
   File "/home/jovyan/work/arena3/hypothesis-unc/.venv/lib/python3.12/site-packages/torch/_dynamo/external_utils.py", line 38, in inner
    return fn(*args, **kwargs)
  File "/home/jovyan/work/arena3/hypothesis-unc/.venv/lib/python3.12/site-packages/torch/utils/_contextlib.py", line 116, in decorate_context
    return func(*args, **kwargs)
  File "/home/jovyan/work/arena3/hypothesis-unc/results/arena/20261004T022207Z-33d624c0/source/submission.py", line 160, in muon_update
    p.sub_(lr * update.float())

trial 1/3: accuracy=75.28% training=6.308s inference=0.104s
trial 2/3: accuracy=75.45% training=6.138s inference=0.091s
trial 3/3: accuracy=75.41% training=6.149s inference=0.091s
{
  "requested_trials": 3,
  "number_of_trials": 3,
  "successful_trials": 3,
  "failed_trials": 0,
  "complete": true,
  "accuracy_target": 0.75,
  "run_error": null,
  "mean_accuracy": 0.7538,
  "accuracy_std": 0.0008888194417315234,
  "mean_training_time": 6.198454349333285,
  "training_time_std": 0.09507913524663894,
  "mean_evaluation_time": 0.09537165233390017,
  "evaluation_time_std": 0.00728534789822832,
  "qualified": true,
  "official": false,
  "dataset": "CIFAR-100",
  "run_id": "20261004T022207Z-33d624c0"
}
Results: /home/jovyan/work/arena3/hypothesis-unc/results/arena/20261004T022207Z-33d624c0
