skipping cudagraphs due to mutated inputs (18 instances). Found from : 
   File "/home/jovyan/work/arena3/hypothesis-unc/.venv/lib/python3.12/site-packages/torch/_dynamo/external_utils.py", line 38, in inner
    return fn(*args, **kwargs)
  File "/home/jovyan/work/arena3/hypothesis-unc/.venv/lib/python3.12/site-packages/torch/utils/_contextlib.py", line 116, in decorate_context
    return func(*args, **kwargs)
  File "/home/jovyan/work/arena3/hypothesis-unc/results/arena/20261004T022553Z-b0ee99a2/source/submission.py", line 160, in muon_update
    p.sub_(lr * update.float())

AUTOTUNE convolution(2000x3x26x26, 24x3x2x2)
  convolution 0.0973 ms 100.0%
  triton_convolution_130 0.1925 ms 50.5%
  triton_convolution_128 0.1946 ms 50.0%
  triton_convolution_129 0.2386 ms 40.8%
  triton_convolution_126 0.2632 ms 37.0%
  triton_convolution_131 0.3082 ms 31.6%
  triton_convolution_127 0.3881 ms 25.1%
SingleProcess AUTOTUNE benchmarking takes 0.8493 seconds and 0.0015 seconds precompiling
AUTOTUNE convolution(2000x24x25x25, 128x24x3x3)
  convolution 0.6216 ms 100.0%
  triton_convolution_135 0.8909 ms 69.8%
  triton_convolution_133 1.0691 ms 58.1%
  triton_convolution_138 1.2083 ms 51.4%
  triton_convolution_137 1.4019 ms 44.3%
  triton_convolution_132 1.5862 ms 39.2%
  triton_convolution_136 1.7818 ms 34.9%
  triton_convolution_134 2.5016 ms 24.8%
SingleProcess AUTOTUNE benchmarking takes 1.0884 seconds and 0.0016 seconds precompiling
AUTOTUNE convolution(2000x128x12x12, 128x128x3x3)
  convolution 0.3564 ms 100.0%
  triton_convolution_144 0.6298 ms 56.6%
  triton_convolution_143 0.6513 ms 54.7%
  triton_convolution_140 0.7168 ms 49.7%
  triton_convolution_142 0.7373 ms 48.3%
  triton_convolution_145 0.7875 ms 45.3%
  triton_convolution_139 0.9155 ms 38.9%
  triton_convolution_141 2.8815 ms 12.4%
SingleProcess AUTOTUNE benchmarking takes 1.0606 seconds and 0.0018 seconds precompiling
AUTOTUNE convolution(2000x128x12x12, 384x128x3x3)
  convolution 1.0650 ms 100.0%
  triton_convolution_157 2.0367 ms 52.3%
  triton_convolution_154 2.0705 ms 51.4%
  triton_convolution_156 2.1637 ms 49.2%
  triton_convolution_159 2.2989 ms 46.3%
  triton_convolution_158 2.6726 ms 39.8%
  triton_convolution_153 2.8006 ms 38.0%
  triton_convolution_155 8.8340 ms 12.1%
SingleProcess AUTOTUNE benchmarking takes 1.1700 seconds and 0.0015 seconds precompiling
trial 1/3: accuracy=74.92% training=6.180s inference=0.101s
trial 2/3: accuracy=75.29% training=6.015s inference=0.091s
trial 3/3: accuracy=75.10% training=6.022s inference=0.090s
{
  "requested_trials": 3,
  "number_of_trials": 3,
  "successful_trials": 3,
  "failed_trials": 0,
  "complete": true,
  "accuracy_target": 0.75,
  "run_error": null,
  "mean_accuracy": 0.7510333333333333,
  "accuracy_std": 0.0018502252115170739,
  "mean_training_time": 6.0724223483315045,
  "training_time_std": 0.0930859125585768,
  "mean_evaluation_time": 0.09434003133355873,
  "evaluation_time_std": 0.006199971477564638,
  "qualified": true,
  "official": false,
  "dataset": "CIFAR-100",
  "run_id": "20261004T022553Z-b0ee99a2"
}
Results: /home/jovyan/work/arena3/hypothesis-unc/results/arena/20261004T022553Z-b0ee99a2
