skipping cudagraphs due to mutated inputs (18 instances). Found from : 
   File "/home/jovyan/work/arena3/hypothesis-unc/.venv/lib/python3.12/site-packages/torch/_dynamo/external_utils.py", line 38, in inner
    return fn(*args, **kwargs)
  File "/home/jovyan/work/arena3/hypothesis-unc/.venv/lib/python3.12/site-packages/torch/utils/_contextlib.py", line 116, in decorate_context
    return func(*args, **kwargs)
  File "/home/jovyan/work/arena3/hypothesis-unc/results/arena/20261004T022955Z-fb4c3a5f/source/submission.py", line 160, in muon_update
    p.sub_(lr * update.float())

trial 1/3: accuracy=75.69% training=6.311s inference=0.102s
trial 2/3: accuracy=75.33% training=6.136s inference=0.091s
trial 3/3: accuracy=75.68% training=6.158s inference=0.090s
{
  "requested_trials": 3,
  "number_of_trials": 3,
  "successful_trials": 3,
  "failed_trials": 0,
  "complete": true,
  "accuracy_target": 0.75,
  "run_error": null,
  "mean_accuracy": 0.7556666666666667,
  "accuracy_std": 0.002050203241957601,
  "mean_training_time": 6.201652335997399,
  "training_time_std": 0.09521690990011311,
  "mean_evaluation_time": 0.09450967033869044,
  "evaluation_time_std": 0.006739688219935082,
  "qualified": true,
  "official": false,
  "dataset": "CIFAR-100",
  "run_id": "20261004T022955Z-fb4c3a5f"
}
Results: /home/jovyan/work/arena3/hypothesis-unc/results/arena/20261004T022955Z-fb4c3a5f
