skipping cudagraphs due to mutated inputs (18 instances). Found from : 
   File "/home/jovyan/work/arena3/hypothesis-unc/.venv/lib/python3.12/site-packages/torch/_dynamo/external_utils.py", line 38, in inner
    return fn(*args, **kwargs)
  File "/home/jovyan/work/arena3/hypothesis-unc/.venv/lib/python3.12/site-packages/torch/utils/_contextlib.py", line 116, in decorate_context
    return func(*args, **kwargs)
  File "/home/jovyan/work/arena3/hypothesis-unc/results/arena/20261004T023342Z-52b120a1/source/submission.py", line 160, in muon_update
    p.sub_(lr * update.float())

trial 1/3: accuracy=75.40% training=6.126s inference=0.136s
trial 2/3: accuracy=75.33% training=5.958s inference=0.126s
trial 3/3: accuracy=75.47% training=5.968s inference=0.123s
{
  "requested_trials": 3,
  "number_of_trials": 3,
  "successful_trials": 3,
  "failed_trials": 0,
  "complete": true,
  "accuracy_target": 0.75,
  "run_error": null,
  "mean_accuracy": 0.754,
  "accuracy_std": 0.0007000000000000339,
  "mean_training_time": 6.01723682666731,
  "training_time_std": 0.09393358059995134,
  "mean_evaluation_time": 0.12841845566921015,
  "evaluation_time_std": 0.006332243545016552,
  "qualified": true,
  "official": false,
  "dataset": "CIFAR-100",
  "run_id": "20261004T023342Z-52b120a1"
}
Results: /home/jovyan/work/arena3/hypothesis-unc/results/arena/20261004T023342Z-52b120a1
