skipping cudagraphs due to mutated inputs (18 instances). Found from : 
   File "/home/jovyan/work/arena3/hypothesis-unc/.venv/lib/python3.12/site-packages/torch/_dynamo/external_utils.py", line 38, in inner
    return fn(*args, **kwargs)
  File "/home/jovyan/work/arena3/hypothesis-unc/.venv/lib/python3.12/site-packages/torch/utils/_contextlib.py", line 116, in decorate_context
    return func(*args, **kwargs)
  File "/home/jovyan/work/arena3/hypothesis-unc/results/arena/20261004T023750Z-e24b626b/source/submission.py", line 160, in muon_update
    p.sub_(lr * update.float())

trial 1/3: accuracy=75.71% training=5.985s inference=0.107s
trial 2/3: accuracy=75.29% training=5.834s inference=0.091s
trial 3/3: accuracy=75.41% training=5.815s inference=0.094s
{
  "requested_trials": 3,
  "number_of_trials": 3,
  "successful_trials": 3,
  "failed_trials": 0,
  "complete": true,
  "accuracy_target": 0.75,
  "run_error": null,
  "mean_accuracy": 0.7547,
  "accuracy_std": 0.0021633307652783864,
  "mean_training_time": 5.878078434667259,
  "training_time_std": 0.09347659161178563,
  "mean_evaluation_time": 0.09735568966668022,
  "evaluation_time_std": 0.008896480669787717,
  "qualified": true,
  "official": false,
  "dataset": "CIFAR-100",
  "run_id": "20261004T023750Z-e24b626b"
}
Results: /home/jovyan/work/arena3/hypothesis-unc/results/arena/20261004T023750Z-e24b626b
