skipping cudagraphs due to mutated inputs (12 instances). Found from : 
   File "/home/jovyan/work/arena3/hypothesis-unc/.venv/lib/python3.12/site-packages/torch/_dynamo/external_utils.py", line 38, in inner
    return fn(*args, **kwargs)
  File "/home/jovyan/work/arena3/hypothesis-unc/.venv/lib/python3.12/site-packages/torch/utils/_contextlib.py", line 116, in decorate_context
    return func(*args, **kwargs)
  File "/home/jovyan/work/arena3/hypothesis-unc/results/arena/20261004T024541Z-9f037714/source/submission.py", line 164, in muon_update
    p.sub_(lr * update.float())

skipping cudagraphs due to mutated inputs (6 instances). Found from : 
   File "/home/jovyan/work/arena3/hypothesis-unc/.venv/lib/python3.12/site-packages/torch/_dynamo/external_utils.py", line 38, in inner
    return fn(*args, **kwargs)
  File "/home/jovyan/work/arena3/hypothesis-unc/.venv/lib/python3.12/site-packages/torch/utils/_contextlib.py", line 116, in decorate_context
    return func(*args, **kwargs)
  File "/home/jovyan/work/arena3/hypothesis-unc/results/arena/20261004T024541Z-9f037714/source/submission.py", line 164, in muon_update
    p.sub_(lr * update.float())

trial 1/3: accuracy=75.09% training=5.467s inference=0.140s
trial 2/3: accuracy=75.39% training=5.300s inference=0.110s
trial 3/3: accuracy=75.02% training=5.308s inference=0.095s
{
  "requested_trials": 3,
  "number_of_trials": 3,
  "successful_trials": 3,
  "failed_trials": 0,
  "complete": true,
  "accuracy_target": 0.75,
  "run_error": null,
  "mean_accuracy": 0.7516666666666667,
  "accuracy_std": 0.0019655363983740897,
  "mean_training_time": 5.358429700664904,
  "training_time_std": 0.09395886712931999,
  "mean_evaluation_time": 0.11498340899803831,
  "evaluation_time_std": 0.022716455808893133,
  "qualified": true,
  "official": false,
  "dataset": "CIFAR-100",
  "run_id": "20261004T024541Z-9f037714"
}
Results: /home/jovyan/work/arena3/hypothesis-unc/results/arena/20261004T024541Z-9f037714
