skipping cudagraphs due to mutated inputs (18 instances). Found from : 
   File "/home/jovyan/work/arena3/hypothesis-unc/.venv/lib/python3.12/site-packages/torch/_dynamo/external_utils.py", line 38, in inner
    return fn(*args, **kwargs)
  File "/home/jovyan/work/arena3/hypothesis-unc/.venv/lib/python3.12/site-packages/torch/utils/_contextlib.py", line 116, in decorate_context
    return func(*args, **kwargs)
  File "/home/jovyan/work/arena3/hypothesis-unc/results/arena/20261004T025009Z-651fd504/source/submission.py", line 160, in muon_update
    p.sub_(lr * update.float())

trial 1/3: accuracy=75.21% training=5.974s inference=0.131s
trial 2/3: accuracy=75.21% training=5.789s inference=0.122s
trial 3/3: accuracy=75.36% training=5.810s inference=0.095s
{
  "requested_trials": 3,
  "number_of_trials": 3,
  "successful_trials": 3,
  "failed_trials": 0,
  "complete": true,
  "accuracy_target": 0.75,
  "run_error": null,
  "mean_accuracy": 0.7526,
  "accuracy_std": 0.0008660254037844714,
  "mean_training_time": 5.857741231331602,
  "training_time_std": 0.10157273279771184,
  "mean_evaluation_time": 0.11604873666753217,
  "evaluation_time_std": 0.018978186617358957,
  "qualified": true,
  "official": false,
  "dataset": "CIFAR-100",
  "run_id": "20261004T025009Z-651fd504"
}
Results: /home/jovyan/work/arena3/hypothesis-unc/results/arena/20261004T025009Z-651fd504
