skipping cudagraphs due to mutated inputs (18 instances). Found from : 
   File "/home/jovyan/work/arena3/hypothesis-unc/.venv/lib/python3.12/site-packages/torch/_dynamo/external_utils.py", line 38, in inner
    return fn(*args, **kwargs)
  File "/home/jovyan/work/arena3/hypothesis-unc/.venv/lib/python3.12/site-packages/torch/utils/_contextlib.py", line 116, in decorate_context
    return func(*args, **kwargs)
  File "/home/jovyan/work/arena3/hypothesis-unc/results/arena/20261004T025410Z-6a96ec3f/source/submission.py", line 160, in muon_update
    p.sub_(lr * update.float())

trial 1/3: accuracy=74.61% training=5.968s inference=0.101s
trial 2/3: accuracy=75.04% training=5.796s inference=0.091s
trial 3/3: accuracy=75.12% training=5.809s inference=0.091s
{
  "requested_trials": 3,
  "number_of_trials": 3,
  "successful_trials": 3,
  "failed_trials": 0,
  "complete": true,
  "accuracy_target": 0.75,
  "run_error": null,
  "mean_accuracy": 0.7492333333333333,
  "accuracy_std": 0.0027428695436227525,
  "mean_training_time": 5.857556962667634,
  "training_time_std": 0.09595147762655955,
  "mean_evaluation_time": 0.09424907733288516,
  "evaluation_time_std": 0.006182592748890889,
  "qualified": false,
  "official": false,
  "dataset": "CIFAR-100",
  "run_id": "20261004T025410Z-6a96ec3f"
}
Results: /home/jovyan/work/arena3/hypothesis-unc/results/arena/20261004T025410Z-6a96ec3f
