skipping cudagraphs due to mutated inputs (18 instances). Found from : 
   File "/home/jovyan/work/arena3/hypothesis-unc/.venv/lib/python3.12/site-packages/torch/_dynamo/external_utils.py", line 38, in inner
    return fn(*args, **kwargs)
  File "/home/jovyan/work/arena3/hypothesis-unc/.venv/lib/python3.12/site-packages/torch/utils/_contextlib.py", line 116, in decorate_context
    return func(*args, **kwargs)
  File "/home/jovyan/work/arena3/hypothesis-unc/results/arena/20261004T030021Z-64cec44e/source/submission.py", line 163, in muon_update
    p.sub_(lr * update.float())

trial 1/3: accuracy=74.67% training=5.363s inference=0.141s
trial 2/3: accuracy=74.96% training=5.184s inference=0.092s
trial 3/3: accuracy=75.08% training=5.203s inference=0.124s
{
  "requested_trials": 3,
  "number_of_trials": 3,
  "successful_trials": 3,
  "failed_trials": 0,
  "complete": true,
  "accuracy_target": 0.75,
  "run_error": null,
  "mean_accuracy": 0.7490333333333333,
  "accuracy_std": 0.002107921567168316,
  "mean_training_time": 5.249974399999094,
  "training_time_std": 0.09850876689649755,
  "mean_evaluation_time": 0.11898284866765607,
  "evaluation_time_std": 0.0249392519909326,
  "qualified": false,
  "official": false,
  "dataset": "CIFAR-100",
  "run_id": "20261004T030021Z-64cec44e"
}
Results: /home/jovyan/work/arena3/hypothesis-unc/results/arena/20261004T030021Z-64cec44e
