skipping cudagraphs due to mutated inputs (18 instances). Found from : 
   File "/home/jovyan/work/arena3/hypothesis-unc/.venv/lib/python3.12/site-packages/torch/_dynamo/external_utils.py", line 38, in inner
    return fn(*args, **kwargs)
  File "/home/jovyan/work/arena3/hypothesis-unc/.venv/lib/python3.12/site-packages/torch/utils/_contextlib.py", line 116, in decorate_context
    return func(*args, **kwargs)
  File "/home/jovyan/work/arena3/hypothesis-unc/results/arena/20261004T030430Z-a736043e/source/submission.py", line 162, in muon_update
    p.sub_(lr * update.float())

trial 1/3: accuracy=74.72% training=5.996s inference=0.104s
trial 2/3: accuracy=74.90% training=5.808s inference=0.091s
trial 3/3: accuracy=74.87% training=5.815s inference=0.091s
{
  "requested_trials": 3,
  "number_of_trials": 3,
  "successful_trials": 3,
  "failed_trials": 0,
  "complete": true,
  "accuracy_target": 0.75,
  "run_error": null,
  "mean_accuracy": 0.7483,
  "accuracy_std": 0.0009643650760993159,
  "mean_training_time": 5.872904692664936,
  "training_time_std": 0.10624227028554292,
  "mean_evaluation_time": 0.09531215133271569,
  "evaluation_time_std": 0.007179687576992242,
  "qualified": false,
  "official": false,
  "dataset": "CIFAR-100",
  "run_id": "20261004T030430Z-a736043e"
}
Results: /home/jovyan/work/arena3/hypothesis-unc/results/arena/20261004T030430Z-a736043e
