skipping cudagraphs due to mutated inputs (18 instances). Found from : 
   File "/home/jovyan/work/arena3/hypothesis-unc/.venv/lib/python3.12/site-packages/torch/_dynamo/external_utils.py", line 38, in inner
    return fn(*args, **kwargs)
  File "/home/jovyan/work/arena3/hypothesis-unc/.venv/lib/python3.12/site-packages/torch/utils/_contextlib.py", line 116, in decorate_context
    return func(*args, **kwargs)
  File "/home/jovyan/work/arena3/hypothesis-unc/results/arena/20261004T030837Z-f8b8ef81/source/submission.py", line 160, in muon_update
    p.sub_(lr * update.float())

trial 1/3: accuracy=75.31% training=5.826s inference=0.101s
trial 2/3: accuracy=75.51% training=5.616s inference=0.094s
trial 3/3: accuracy=75.27% training=5.632s inference=0.091s
{
  "requested_trials": 3,
  "number_of_trials": 3,
  "successful_trials": 3,
  "failed_trials": 0,
  "complete": true,
  "accuracy_target": 0.75,
  "run_error": null,
  "mean_accuracy": 0.7536333333333334,
  "accuracy_std": 0.0012858201014657124,
  "mean_training_time": 5.691157987666277,
  "training_time_std": 0.11723853953733623,
  "mean_evaluation_time": 0.09553726966745064,
  "evaluation_time_std": 0.005225125369562498,
  "qualified": true,
  "official": false,
  "dataset": "CIFAR-100",
  "run_id": "20261004T030837Z-f8b8ef81"
}
Results: /home/jovyan/work/arena3/hypothesis-unc/results/arena/20261004T030837Z-f8b8ef81
