skipping cudagraphs due to mutated inputs (12 instances). Found from : 
   File "/home/jovyan/work/arena3/hypothesis-unc/.venv/lib/python3.12/site-packages/torch/_dynamo/external_utils.py", line 38, in inner
    return fn(*args, **kwargs)
  File "/home/jovyan/work/arena3/hypothesis-unc/.venv/lib/python3.12/site-packages/torch/utils/_contextlib.py", line 116, in decorate_context
    return func(*args, **kwargs)
  File "/home/jovyan/work/arena3/hypothesis-unc/results/arena/20261004T031320Z-2fba6269/source/submission.py", line 164, in muon_update
    p.sub_(lr * update.float())

skipping cudagraphs due to mutated inputs (6 instances). Found from : 
   File "/home/jovyan/work/arena3/hypothesis-unc/.venv/lib/python3.12/site-packages/torch/_dynamo/external_utils.py", line 38, in inner
    return fn(*args, **kwargs)
  File "/home/jovyan/work/arena3/hypothesis-unc/.venv/lib/python3.12/site-packages/torch/utils/_contextlib.py", line 116, in decorate_context
    return func(*args, **kwargs)
  File "/home/jovyan/work/arena3/hypothesis-unc/results/arena/20261004T031320Z-2fba6269/source/submission.py", line 164, in muon_update
    p.sub_(lr * update.float())

trial 1/3: accuracy=75.08% training=5.593s inference=0.115s
trial 2/3: accuracy=75.33% training=5.424s inference=0.092s
trial 3/3: accuracy=75.76% training=5.425s inference=0.093s
{
  "requested_trials": 3,
  "number_of_trials": 3,
  "successful_trials": 3,
  "failed_trials": 0,
  "complete": true,
  "accuracy_target": 0.75,
  "run_error": null,
  "mean_accuracy": 0.7539,
  "accuracy_std": 0.0034394767043839877,
  "mean_training_time": 5.480649318664898,
  "training_time_std": 0.09725218836293376,
  "mean_evaluation_time": 0.09995114433210499,
  "evaluation_time_std": 0.013246812226514833,
  "qualified": true,
  "official": false,
  "dataset": "CIFAR-100",
  "run_id": "20261004T031320Z-2fba6269"
}
Results: /home/jovyan/work/arena3/hypothesis-unc/results/arena/20261004T031320Z-2fba6269
