skipping cudagraphs due to mutated inputs (12 instances). Found from : 
   File "/home/jovyan/work/arena3/hypothesis-unc/.venv/lib/python3.12/site-packages/torch/_dynamo/external_utils.py", line 38, in inner
    return fn(*args, **kwargs)
  File "/home/jovyan/work/arena3/hypothesis-unc/.venv/lib/python3.12/site-packages/torch/utils/_contextlib.py", line 116, in decorate_context
    return func(*args, **kwargs)
  File "/home/jovyan/work/arena3/hypothesis-unc/results/arena/20261004T034118Z-d70819c6/source/submission.py", line 169, in muon_update
    p.sub_(lr * update.float())

skipping cudagraphs due to mutated inputs (6 instances). Found from : 
   File "/home/jovyan/work/arena3/hypothesis-unc/.venv/lib/python3.12/site-packages/torch/_dynamo/external_utils.py", line 38, in inner
    return fn(*args, **kwargs)
  File "/home/jovyan/work/arena3/hypothesis-unc/.venv/lib/python3.12/site-packages/torch/utils/_contextlib.py", line 116, in decorate_context
    return func(*args, **kwargs)
  File "/home/jovyan/work/arena3/hypothesis-unc/results/arena/20261004T034118Z-d70819c6/source/submission.py", line 169, in muon_update
    p.sub_(lr * update.float())

trial 1/3: accuracy=74.52% training=5.115s inference=0.115s
trial 2/3: accuracy=75.15% training=5.043s inference=0.091s
trial 3/3: accuracy=75.15% training=5.048s inference=0.091s
{
  "requested_trials": 3,
  "number_of_trials": 3,
  "successful_trials": 3,
  "failed_trials": 0,
  "complete": true,
  "accuracy_target": 0.75,
  "run_error": null,
  "mean_accuracy": 0.7494,
  "accuracy_std": 0.0036373066958946265,
  "mean_training_time": 5.068743683332286,
  "training_time_std": 0.03989711679532067,
  "mean_evaluation_time": 0.09894593866435268,
  "evaluation_time_std": 0.013501682402716465,
  "qualified": false,
  "official": false,
  "dataset": "CIFAR-100",
  "run_id": "20261004T034118Z-d70819c6"
}
Results: /home/jovyan/work/arena3/hypothesis-unc/results/arena/20261004T034118Z-d70819c6
