skipping cudagraphs due to mutated inputs (12 instances). Found from : 
   File "/home/jovyan/work/arena3/hypothesis-unc/.venv/lib/python3.12/site-packages/torch/_dynamo/external_utils.py", line 38, in inner
    return fn(*args, **kwargs)
  File "/home/jovyan/work/arena3/hypothesis-unc/.venv/lib/python3.12/site-packages/torch/utils/_contextlib.py", line 116, in decorate_context
    return func(*args, **kwargs)
  File "/home/jovyan/work/arena3/hypothesis-unc/results/arena/20261004T035924Z-c2776225/source/submission.py", line 169, in muon_update
    p.sub_(lr * update.float())

skipping cudagraphs due to mutated inputs (6 instances). Found from : 
   File "/home/jovyan/work/arena3/hypothesis-unc/.venv/lib/python3.12/site-packages/torch/_dynamo/external_utils.py", line 38, in inner
    return fn(*args, **kwargs)
  File "/home/jovyan/work/arena3/hypothesis-unc/.venv/lib/python3.12/site-packages/torch/utils/_contextlib.py", line 116, in decorate_context
    return func(*args, **kwargs)
  File "/home/jovyan/work/arena3/hypothesis-unc/results/arena/20261004T035924Z-c2776225/source/submission.py", line 169, in muon_update
    p.sub_(lr * update.float())

trial 1/3: accuracy=75.15% training=5.325s inference=0.139s
trial 2/3: accuracy=74.86% training=5.254s inference=0.128s
trial 3/3: accuracy=75.36% training=5.268s inference=0.115s
{
  "requested_trials": 3,
  "number_of_trials": 3,
  "successful_trials": 3,
  "failed_trials": 0,
  "complete": true,
  "accuracy_target": 0.75,
  "run_error": null,
  "mean_accuracy": 0.7512333333333333,
  "accuracy_std": 0.0025106440076867365,
  "mean_training_time": 5.282147257334145,
  "training_time_std": 0.03751968155875686,
  "mean_evaluation_time": 0.12727276100000987,
  "evaluation_time_std": 0.011645806710112094,
  "qualified": true,
  "official": false,
  "dataset": "CIFAR-100",
  "run_id": "20261004T035924Z-c2776225"
}
Results: /home/jovyan/work/arena3/hypothesis-unc/results/arena/20261004T035924Z-c2776225
