skipping cudagraphs due to mutated inputs (12 instances). Found from : 
   File "/home/jovyan/work/arena3/hypothesis-unc/.venv/lib/python3.12/site-packages/torch/_dynamo/external_utils.py", line 38, in inner
    return fn(*args, **kwargs)
  File "/home/jovyan/work/arena3/hypothesis-unc/.venv/lib/python3.12/site-packages/torch/utils/_contextlib.py", line 116, in decorate_context
    return func(*args, **kwargs)
  File "/home/jovyan/work/arena3/hypothesis-unc/results/arena/20261004T040209Z-77790b88/source/submission.py", line 169, in muon_update
    p.sub_(lr * update.float())

skipping cudagraphs due to mutated inputs (6 instances). Found from : 
   File "/home/jovyan/work/arena3/hypothesis-unc/.venv/lib/python3.12/site-packages/torch/_dynamo/external_utils.py", line 38, in inner
    return fn(*args, **kwargs)
  File "/home/jovyan/work/arena3/hypothesis-unc/.venv/lib/python3.12/site-packages/torch/utils/_contextlib.py", line 116, in decorate_context
    return func(*args, **kwargs)
  File "/home/jovyan/work/arena3/hypothesis-unc/results/arena/20261004T040209Z-77790b88/source/submission.py", line 169, in muon_update
    p.sub_(lr * update.float())

trial 1/3: accuracy=74.96% training=5.242s inference=0.141s
trial 2/3: accuracy=75.38% training=5.172s inference=0.118s
trial 3/3: accuracy=75.45% training=5.180s inference=0.091s
{
  "requested_trials": 3,
  "number_of_trials": 3,
  "successful_trials": 3,
  "failed_trials": 0,
  "complete": true,
  "accuracy_target": 0.75,
  "run_error": null,
  "mean_accuracy": 0.7526333333333334,
  "accuracy_std": 0.00265015722804009,
  "mean_training_time": 5.197897818000153,
  "training_time_std": 0.03804486542291219,
  "mean_evaluation_time": 0.11668899366486585,
  "evaluation_time_std": 0.025002466147594073,
  "qualified": true,
  "official": false,
  "dataset": "CIFAR-100",
  "run_id": "20261004T040209Z-77790b88"
}
Results: /home/jovyan/work/arena3/hypothesis-unc/results/arena/20261004T040209Z-77790b88
