skipping cudagraphs due to mutated inputs (12 instances). Found from : 
   File "/home/jovyan/work/arena3/hypothesis-unc/.venv/lib/python3.12/site-packages/torch/_dynamo/external_utils.py", line 38, in inner
    return fn(*args, **kwargs)
  File "/home/jovyan/work/arena3/hypothesis-unc/.venv/lib/python3.12/site-packages/torch/utils/_contextlib.py", line 116, in decorate_context
    return func(*args, **kwargs)
  File "/home/jovyan/work/arena3/hypothesis-unc/results/arena/20261004T041015Z-9b28c5d1/source/submission.py", line 172, in muon_update
    p.sub_(lr * update.float())

skipping cudagraphs due to mutated inputs (6 instances). Found from : 
   File "/home/jovyan/work/arena3/hypothesis-unc/.venv/lib/python3.12/site-packages/torch/_dynamo/external_utils.py", line 38, in inner
    return fn(*args, **kwargs)
  File "/home/jovyan/work/arena3/hypothesis-unc/.venv/lib/python3.12/site-packages/torch/utils/_contextlib.py", line 116, in decorate_context
    return func(*args, **kwargs)
  File "/home/jovyan/work/arena3/hypothesis-unc/results/arena/20261004T041015Z-9b28c5d1/source/submission.py", line 172, in muon_update
    p.sub_(lr * update.float())

trial 1/3: accuracy=75.15% training=5.185s inference=0.110s
trial 2/3: accuracy=74.94% training=5.120s inference=0.095s
trial 3/3: accuracy=75.30% training=5.141s inference=0.092s
{
  "requested_trials": 3,
  "number_of_trials": 3,
  "successful_trials": 3,
  "failed_trials": 0,
  "complete": true,
  "accuracy_target": 0.75,
  "run_error": null,
  "mean_accuracy": 0.7513,
  "accuracy_std": 0.0018083141320025342,
  "mean_training_time": 5.148561150665046,
  "training_time_std": 0.03306318910814631,
  "mean_evaluation_time": 0.09894189133289426,
  "evaluation_time_std": 0.00969261912349032,
  "qualified": true,
  "official": false,
  "dataset": "CIFAR-100",
  "run_id": "20261004T041015Z-9b28c5d1"
}
Results: /home/jovyan/work/arena3/hypothesis-unc/results/arena/20261004T041015Z-9b28c5d1
