skipping cudagraphs due to mutated inputs (12 instances). Found from : 
   File "/home/jovyan/work/arena3/hypothesis-unc/.venv/lib/python3.12/site-packages/torch/_dynamo/external_utils.py", line 38, in inner
    return fn(*args, **kwargs)
  File "/home/jovyan/work/arena3/hypothesis-unc/.venv/lib/python3.12/site-packages/torch/utils/_contextlib.py", line 116, in decorate_context
    return func(*args, **kwargs)
  File "/home/jovyan/work/arena3/hypothesis-unc/results/arena/20261004T042033Z-e652ec3b/source/submission.py", line 178, in muon_update
    p.sub_(lr * update.float())

skipping cudagraphs due to mutated inputs (4 instances). Found from : 
   File "/home/jovyan/work/arena3/hypothesis-unc/.venv/lib/python3.12/site-packages/torch/_dynamo/external_utils.py", line 38, in inner
    return fn(*args, **kwargs)
  File "/home/jovyan/work/arena3/hypothesis-unc/.venv/lib/python3.12/site-packages/torch/utils/_contextlib.py", line 116, in decorate_context
    return func(*args, **kwargs)
  File "/home/jovyan/work/arena3/hypothesis-unc/results/arena/20261004T042033Z-e652ec3b/source/submission.py", line 178, in muon_update
    p.sub_(lr * update.float())

skipping cudagraphs due to mutated inputs (2 instances). Found from : 
   File "/home/jovyan/work/arena3/hypothesis-unc/.venv/lib/python3.12/site-packages/torch/_dynamo/external_utils.py", line 38, in inner
    return fn(*args, **kwargs)
  File "/home/jovyan/work/arena3/hypothesis-unc/.venv/lib/python3.12/site-packages/torch/utils/_contextlib.py", line 116, in decorate_context
    return func(*args, **kwargs)
  File "/home/jovyan/work/arena3/hypothesis-unc/results/arena/20261004T042033Z-e652ec3b/source/submission.py", line 178, in muon_update
    p.sub_(lr * update.float())

trial 1/3: accuracy=75.76% training=5.301s inference=0.118s
trial 2/3: accuracy=75.05% training=5.244s inference=0.092s
trial 3/3: accuracy=75.67% training=5.255s inference=0.093s
{
  "requested_trials": 3,
  "number_of_trials": 3,
  "successful_trials": 3,
  "failed_trials": 0,
  "complete": true,
  "accuracy_target": 0.75,
  "run_error": null,
  "mean_accuracy": 0.7549333333333333,
  "accuracy_std": 0.0038656607887053132,
  "mean_training_time": 5.266676663668477,
  "training_time_std": 0.030288250230347268,
  "mean_evaluation_time": 0.10060019366937922,
  "evaluation_time_std": 0.014670397105819511,
  "qualified": true,
  "official": false,
  "dataset": "CIFAR-100",
  "run_id": "20261004T042033Z-e652ec3b"
}
Results: /home/jovyan/work/arena3/hypothesis-unc/results/arena/20261004T042033Z-e652ec3b
