skipping cudagraphs due to mutated inputs (12 instances). Found from : 
   File "/home/jovyan/work/arena3/hypothesis-unc/.venv/lib/python3.12/site-packages/torch/_dynamo/external_utils.py", line 38, in inner
    return fn(*args, **kwargs)
  File "/home/jovyan/work/arena3/hypothesis-unc/.venv/lib/python3.12/site-packages/torch/utils/_contextlib.py", line 116, in decorate_context
    return func(*args, **kwargs)
  File "/home/jovyan/work/arena3/hypothesis-unc/results/arena/20261004T042903Z-de0960ca/source/submission.py", line 169, in muon_update
    p.sub_(lr * update.float())

skipping cudagraphs due to mutated inputs (6 instances). Found from : 
   File "/home/jovyan/work/arena3/hypothesis-unc/.venv/lib/python3.12/site-packages/torch/_dynamo/external_utils.py", line 38, in inner
    return fn(*args, **kwargs)
  File "/home/jovyan/work/arena3/hypothesis-unc/.venv/lib/python3.12/site-packages/torch/utils/_contextlib.py", line 116, in decorate_context
    return func(*args, **kwargs)
  File "/home/jovyan/work/arena3/hypothesis-unc/results/arena/20261004T042903Z-de0960ca/source/submission.py", line 169, in muon_update
    p.sub_(lr * update.float())

trial 1/3: accuracy=75.18% training=5.336s inference=0.133s
trial 2/3: accuracy=74.69% training=5.263s inference=0.119s
trial 3/3: accuracy=75.03% training=5.283s inference=0.110s
{
  "requested_trials": 3,
  "number_of_trials": 3,
  "successful_trials": 3,
  "failed_trials": 0,
  "complete": true,
  "accuracy_target": 0.75,
  "run_error": null,
  "mean_accuracy": 0.7496666666666667,
  "accuracy_std": 0.002510644007686741,
  "mean_training_time": 5.294019336669105,
  "training_time_std": 0.03769552285438986,
  "mean_evaluation_time": 0.12088594733116527,
  "evaluation_time_std": 0.011557700549700184,
  "qualified": false,
  "official": false,
  "dataset": "CIFAR-100",
  "run_id": "20261004T042903Z-de0960ca"
}
Results: /home/jovyan/work/arena3/hypothesis-unc/results/arena/20261004T042903Z-de0960ca
