skipping cudagraphs due to mutated inputs (12 instances). Found from : 
   File "/home/jovyan/work/arena3/hypothesis-unc/.venv/lib/python3.12/site-packages/torch/_dynamo/external_utils.py", line 38, in inner
    return fn(*args, **kwargs)
  File "/home/jovyan/work/arena3/hypothesis-unc/.venv/lib/python3.12/site-packages/torch/utils/_contextlib.py", line 116, in decorate_context
    return func(*args, **kwargs)
  File "/home/jovyan/work/arena3/hypothesis-unc/results/arena/20261004T043936Z-b64c66fc/source/submission.py", line 173, in muon_update
    p.sub_(lr * update.float())

skipping cudagraphs due to mutated inputs (6 instances). Found from : 
   File "/home/jovyan/work/arena3/hypothesis-unc/.venv/lib/python3.12/site-packages/torch/_dynamo/external_utils.py", line 38, in inner
    return fn(*args, **kwargs)
  File "/home/jovyan/work/arena3/hypothesis-unc/.venv/lib/python3.12/site-packages/torch/utils/_contextlib.py", line 116, in decorate_context
    return func(*args, **kwargs)
  File "/home/jovyan/work/arena3/hypothesis-unc/results/arena/20261004T043936Z-b64c66fc/source/submission.py", line 173, in muon_update
    p.sub_(lr * update.float())

trial 1/3: accuracy=75.50% training=5.383s inference=0.135s
trial 2/3: accuracy=74.93% training=5.316s inference=0.120s
trial 3/3: accuracy=75.13% training=5.327s inference=0.122s
{
  "requested_trials": 3,
  "number_of_trials": 3,
  "successful_trials": 3,
  "failed_trials": 0,
  "complete": true,
  "accuracy_target": 0.75,
  "run_error": null,
  "mean_accuracy": 0.7518666666666667,
  "accuracy_std": 0.00289194283023255,
  "mean_training_time": 5.342197174000224,
  "training_time_std": 0.036156264525679875,
  "mean_evaluation_time": 0.12570211533117495,
  "evaluation_time_std": 0.008419768342276512,
  "qualified": true,
  "official": false,
  "dataset": "CIFAR-100",
  "run_id": "20261004T043936Z-b64c66fc"
}
Results: /home/jovyan/work/arena3/hypothesis-unc/results/arena/20261004T043936Z-b64c66fc
