skipping cudagraphs due to mutated inputs (12 instances). Found from : 
   File "/home/jovyan/work/arena3/hypothesis-unc/.venv/lib/python3.12/site-packages/torch/_dynamo/external_utils.py", line 38, in inner
    return fn(*args, **kwargs)
  File "/home/jovyan/work/arena3/hypothesis-unc/.venv/lib/python3.12/site-packages/torch/utils/_contextlib.py", line 116, in decorate_context
    return func(*args, **kwargs)
  File "/home/jovyan/work/arena3/hypothesis-unc/results/arena/20261004T044704Z-d005f787/source/submission.py", line 172, in muon_update
    p.sub_(lr * update.float())

skipping cudagraphs due to mutated inputs (6 instances). Found from : 
   File "/home/jovyan/work/arena3/hypothesis-unc/.venv/lib/python3.12/site-packages/torch/_dynamo/external_utils.py", line 38, in inner
    return fn(*args, **kwargs)
  File "/home/jovyan/work/arena3/hypothesis-unc/.venv/lib/python3.12/site-packages/torch/utils/_contextlib.py", line 116, in decorate_context
    return func(*args, **kwargs)
  File "/home/jovyan/work/arena3/hypothesis-unc/results/arena/20261004T044704Z-d005f787/source/submission.py", line 172, in muon_update
    p.sub_(lr * update.float())

trial 1/3: accuracy=75.48% training=5.546s inference=0.105s
trial 2/3: accuracy=74.90% training=5.484s inference=0.093s
trial 3/3: accuracy=75.22% training=5.513s inference=0.092s
{
  "requested_trials": 3,
  "number_of_trials": 3,
  "successful_trials": 3,
  "failed_trials": 0,
  "complete": true,
  "accuracy_target": 0.75,
  "run_error": null,
  "mean_accuracy": 0.752,
  "accuracy_std": 0.0029051678092668026,
  "mean_training_time": 5.514287654659711,
  "training_time_std": 0.030778898377902125,
  "mean_evaluation_time": 0.09700899633753579,
  "evaluation_time_std": 0.007303169908735801,
  "qualified": true,
  "official": false,
  "dataset": "CIFAR-100",
  "run_id": "20261004T044704Z-d005f787"
}
Results: /home/jovyan/work/arena3/hypothesis-unc/results/arena/20261004T044704Z-d005f787
