skipping cudagraphs due to mutated inputs (12 instances). Found from : 
   File "/home/jovyan/work/arena3/hypothesis-unc/.venv/lib/python3.12/site-packages/torch/_dynamo/external_utils.py", line 38, in inner
    return fn(*args, **kwargs)
  File "/home/jovyan/work/arena3/hypothesis-unc/.venv/lib/python3.12/site-packages/torch/utils/_contextlib.py", line 116, in decorate_context
    return func(*args, **kwargs)
  File "/home/jovyan/work/arena3/hypothesis-unc/results/arena/20261004T050452Z-d0e87252/source/submission.py", line 169, in muon_update
    p.sub_(lr * update.float())

skipping cudagraphs due to mutated inputs (6 instances). Found from : 
   File "/home/jovyan/work/arena3/hypothesis-unc/.venv/lib/python3.12/site-packages/torch/_dynamo/external_utils.py", line 38, in inner
    return fn(*args, **kwargs)
  File "/home/jovyan/work/arena3/hypothesis-unc/.venv/lib/python3.12/site-packages/torch/utils/_contextlib.py", line 116, in decorate_context
    return func(*args, **kwargs)
  File "/home/jovyan/work/arena3/hypothesis-unc/results/arena/20261004T050452Z-d0e87252/source/submission.py", line 169, in muon_update
    p.sub_(lr * update.float())

trial 1/3: accuracy=75.62% training=5.387s inference=0.108s
trial 2/3: accuracy=75.11% training=5.335s inference=0.091s
trial 3/3: accuracy=75.59% training=5.308s inference=0.094s
{
  "requested_trials": 3,
  "number_of_trials": 3,
  "successful_trials": 3,
  "failed_trials": 0,
  "complete": true,
  "accuracy_target": 0.75,
  "run_error": null,
  "mean_accuracy": 0.7544,
  "accuracy_std": 0.0028618176042508416,
  "mean_training_time": 5.343233577664553,
  "training_time_std": 0.04003708845134517,
  "mean_evaluation_time": 0.09731655632883,
  "evaluation_time_std": 0.00911347711628566,
  "qualified": true,
  "official": false,
  "dataset": "CIFAR-100",
  "run_id": "20261004T050452Z-d0e87252"
}
Results: /home/jovyan/work/arena3/hypothesis-unc/results/arena/20261004T050452Z-d0e87252
