skipping cudagraphs due to mutated inputs (12 instances). Found from : 
   File "/home/jovyan/work/arena3/hypothesis-unc/.venv/lib/python3.12/site-packages/torch/_dynamo/external_utils.py", line 38, in inner
    return fn(*args, **kwargs)
  File "/home/jovyan/work/arena3/hypothesis-unc/.venv/lib/python3.12/site-packages/torch/utils/_contextlib.py", line 116, in decorate_context
    return func(*args, **kwargs)
  File "/home/jovyan/work/arena3/hypothesis-unc/results/arena/20261004T051600Z-98a9fb42/source/submission.py", line 172, in muon_update
    p.sub_(lr * update.float())

skipping cudagraphs due to mutated inputs (6 instances). Found from : 
   File "/home/jovyan/work/arena3/hypothesis-unc/.venv/lib/python3.12/site-packages/torch/_dynamo/external_utils.py", line 38, in inner
    return fn(*args, **kwargs)
  File "/home/jovyan/work/arena3/hypothesis-unc/.venv/lib/python3.12/site-packages/torch/utils/_contextlib.py", line 116, in decorate_context
    return func(*args, **kwargs)
  File "/home/jovyan/work/arena3/hypothesis-unc/results/arena/20261004T051600Z-98a9fb42/source/submission.py", line 172, in muon_update
    p.sub_(lr * update.float())

trial 1/3: accuracy=74.97% training=5.097s inference=0.142s
trial 2/3: accuracy=75.23% training=4.914s inference=0.125s
trial 3/3: accuracy=75.34% training=4.932s inference=0.116s
{
  "requested_trials": 3,
  "number_of_trials": 3,
  "successful_trials": 3,
  "failed_trials": 0,
  "complete": true,
  "accuracy_target": 0.75,
  "run_error": null,
  "mean_accuracy": 0.7518,
  "accuracy_std": 0.00189999999999996,
  "mean_training_time": 4.981051848337908,
  "training_time_std": 0.10043481488072678,
  "mean_evaluation_time": 0.12773273633501958,
  "evaluation_time_std": 0.013073736011518323,
  "qualified": true,
  "official": false,
  "dataset": "CIFAR-100",
  "run_id": "20261004T051600Z-98a9fb42"
}
Results: /home/jovyan/work/arena3/hypothesis-unc/results/arena/20261004T051600Z-98a9fb42
