skipping cudagraphs due to mutated inputs (6 instances). Found from : 
   File "/home/jovyan/work/arena3/hypothesis-unc/.venv/lib/python3.12/site-packages/torch/_dynamo/external_utils.py", line 38, in inner
    return fn(*args, **kwargs)
  File "/home/jovyan/work/arena3/hypothesis-unc/.venv/lib/python3.12/site-packages/torch/utils/_contextlib.py", line 116, in decorate_context
    return func(*args, **kwargs)
  File "/home/jovyan/work/arena3/hypothesis-unc/results/arena/20261004T065159Z-e12a5cfc/source/submission.py", line 174, in muon_update
    p.sub_(lr * update.float())

skipping cudagraphs due to mutated inputs (6 instances). Found from : 
   File "/home/jovyan/work/arena3/hypothesis-unc/.venv/lib/python3.12/site-packages/torch/_dynamo/external_utils.py", line 38, in inner
    return fn(*args, **kwargs)
  File "/home/jovyan/work/arena3/hypothesis-unc/.venv/lib/python3.12/site-packages/torch/utils/_contextlib.py", line 116, in decorate_context
    return func(*args, **kwargs)
  File "/home/jovyan/work/arena3/hypothesis-unc/results/arena/20261004T065159Z-e12a5cfc/source/submission.py", line 174, in muon_update
    p.sub_(lr * update.float())

skipping cudagraphs due to mutated inputs (6 instances). Found from : 
   File "/home/jovyan/work/arena3/hypothesis-unc/.venv/lib/python3.12/site-packages/torch/_dynamo/external_utils.py", line 38, in inner
    return fn(*args, **kwargs)
  File "/home/jovyan/work/arena3/hypothesis-unc/.venv/lib/python3.12/site-packages/torch/utils/_contextlib.py", line 116, in decorate_context
    return func(*args, **kwargs)
  File "/home/jovyan/work/arena3/hypothesis-unc/results/arena/20261004T065159Z-e12a5cfc/source/submission.py", line 174, in muon_update
    p.sub_(lr * update.float())

trial 1/3: accuracy=75.45% training=5.267s inference=0.101s
trial 2/3: accuracy=75.28% training=5.195s inference=0.093s
trial 3/3: accuracy=75.36% training=5.207s inference=0.091s
{
  "requested_trials": 3,
  "number_of_trials": 3,
  "successful_trials": 3,
  "failed_trials": 0,
  "complete": true,
  "accuracy_target": 0.75,
  "run_error": null,
  "mean_accuracy": 0.7536333333333334,
  "accuracy_std": 0.000850490054811499,
  "mean_training_time": 5.222976842997014,
  "training_time_std": 0.038485036182417796,
  "mean_evaluation_time": 0.09496422533508546,
  "evaluation_time_std": 0.005272224407924371,
  "qualified": true,
  "official": false,
  "dataset": "CIFAR-100",
  "run_id": "20261004T065159Z-e12a5cfc"
}
Results: /home/jovyan/work/arena3/hypothesis-unc/results/arena/20261004T065159Z-e12a5cfc
