skipping cudagraphs due to mutated inputs (6 instances). Found from : 
   File "/home/jovyan/work/arena3/hypothesis-unc/.venv/lib/python3.12/site-packages/torch/_dynamo/external_utils.py", line 38, in inner
    return fn(*args, **kwargs)
  File "/home/jovyan/work/arena3/hypothesis-unc/.venv/lib/python3.12/site-packages/torch/utils/_contextlib.py", line 116, in decorate_context
    return func(*args, **kwargs)
  File "/home/jovyan/work/arena3/hypothesis-unc/results/arena/20261004T073046Z-76859af9/source/submission.py", line 177, in muon_update
    p.sub_(lr * update.float())

skipping cudagraphs due to mutated inputs (6 instances). Found from : 
   File "/home/jovyan/work/arena3/hypothesis-unc/.venv/lib/python3.12/site-packages/torch/_dynamo/external_utils.py", line 38, in inner
    return fn(*args, **kwargs)
  File "/home/jovyan/work/arena3/hypothesis-unc/.venv/lib/python3.12/site-packages/torch/utils/_contextlib.py", line 116, in decorate_context
    return func(*args, **kwargs)
  File "/home/jovyan/work/arena3/hypothesis-unc/results/arena/20261004T073046Z-76859af9/source/submission.py", line 177, in muon_update
    p.sub_(lr * update.float())

skipping cudagraphs due to mutated inputs (6 instances). Found from : 
   File "/home/jovyan/work/arena3/hypothesis-unc/.venv/lib/python3.12/site-packages/torch/_dynamo/external_utils.py", line 38, in inner
    return fn(*args, **kwargs)
  File "/home/jovyan/work/arena3/hypothesis-unc/.venv/lib/python3.12/site-packages/torch/utils/_contextlib.py", line 116, in decorate_context
    return func(*args, **kwargs)
  File "/home/jovyan/work/arena3/hypothesis-unc/results/arena/20261004T073046Z-76859af9/source/submission.py", line 177, in muon_update
    p.sub_(lr * update.float())

trial 1/3: accuracy=75.25% training=5.032s inference=0.133s
trial 2/3: accuracy=75.16% training=4.997s inference=0.092s
trial 3/3: accuracy=75.24% training=4.971s inference=0.095s
{
  "requested_trials": 3,
  "number_of_trials": 3,
  "successful_trials": 3,
  "failed_trials": 0,
  "complete": true,
  "accuracy_target": 0.75,
  "run_error": null,
  "mean_accuracy": 0.7521666666666667,
  "accuracy_std": 0.0004932882862315704,
  "mean_training_time": 4.999844338002731,
  "training_time_std": 0.030546562568554224,
  "mean_evaluation_time": 0.10635216033066779,
  "evaluation_time_std": 0.022788317484923007,
  "qualified": true,
  "official": false,
  "dataset": "CIFAR-100",
  "run_id": "20261004T073046Z-76859af9"
}
Results: /home/jovyan/work/arena3/hypothesis-unc/results/arena/20261004T073046Z-76859af9
