skipping cudagraphs due to mutated inputs (6 instances). Found from : 
   File "/home/jovyan/work/arena3/hypothesis-unc/.venv/lib/python3.12/site-packages/torch/_dynamo/external_utils.py", line 38, in inner
    return fn(*args, **kwargs)
  File "/home/jovyan/work/arena3/hypothesis-unc/.venv/lib/python3.12/site-packages/torch/utils/_contextlib.py", line 116, in decorate_context
    return func(*args, **kwargs)
  File "/home/jovyan/work/arena3/hypothesis-unc/results/arena/20261004T075342Z-7f6d61c4/source/submission.py", line 177, in muon_update
    p.sub_(lr * update.float())

skipping cudagraphs due to mutated inputs (6 instances). Found from : 
   File "/home/jovyan/work/arena3/hypothesis-unc/.venv/lib/python3.12/site-packages/torch/_dynamo/external_utils.py", line 38, in inner
    return fn(*args, **kwargs)
  File "/home/jovyan/work/arena3/hypothesis-unc/.venv/lib/python3.12/site-packages/torch/utils/_contextlib.py", line 116, in decorate_context
    return func(*args, **kwargs)
  File "/home/jovyan/work/arena3/hypothesis-unc/results/arena/20261004T075342Z-7f6d61c4/source/submission.py", line 177, in muon_update
    p.sub_(lr * update.float())

skipping cudagraphs due to mutated inputs (6 instances). Found from : 
   File "/home/jovyan/work/arena3/hypothesis-unc/.venv/lib/python3.12/site-packages/torch/_dynamo/external_utils.py", line 38, in inner
    return fn(*args, **kwargs)
  File "/home/jovyan/work/arena3/hypothesis-unc/.venv/lib/python3.12/site-packages/torch/utils/_contextlib.py", line 116, in decorate_context
    return func(*args, **kwargs)
  File "/home/jovyan/work/arena3/hypothesis-unc/results/arena/20261004T075342Z-7f6d61c4/source/submission.py", line 177, in muon_update
    p.sub_(lr * update.float())

trial 1/3: accuracy=75.11% training=5.085s inference=0.101s
trial 2/3: accuracy=75.29% training=4.984s inference=0.091s
trial 3/3: accuracy=75.62% training=5.001s inference=0.091s
{
  "requested_trials": 3,
  "number_of_trials": 3,
  "successful_trials": 3,
  "failed_trials": 0,
  "complete": true,
  "accuracy_target": 0.75,
  "run_error": null,
  "mean_accuracy": 0.7534,
  "accuracy_std": 0.0025865034312755066,
  "mean_training_time": 5.023500388672498,
  "training_time_std": 0.05380928592241886,
  "mean_evaluation_time": 0.09424142633118511,
  "evaluation_time_std": 0.00560209500098043,
  "qualified": true,
  "official": false,
  "dataset": "CIFAR-100",
  "run_id": "20261004T075342Z-7f6d61c4"
}
Results: /home/jovyan/work/arena3/hypothesis-unc/results/arena/20261004T075342Z-7f6d61c4
