trial 1/3: accuracy=72.38% training=4.768s inference=0.108s
trial 2/3: accuracy=72.31% training=4.731s inference=0.095s
trial 3/3: accuracy=72.42% training=4.731s inference=0.091s
{
  "requested_trials": 3,
  "number_of_trials": 3,
  "successful_trials": 3,
  "failed_trials": 0,
  "complete": true,
  "accuracy_target": 0.75,
  "run_error": null,
  "mean_accuracy": 0.7237,
  "accuracy_std": 0.0005567764362830006,
  "mean_training_time": 4.743637117329247,
  "training_time_std": 0.021345040530670472,
  "mean_evaluation_time": 0.09799823434150312,
  "evaluation_time_std": 0.008741044996577244,
  "qualified": false,
  "official": false,
  "dataset": "CIFAR-100",
  "run_id": "20261004T081259Z-649d810c"
}
Results: /home/jovyan/work/arena3/hypothesis-unc/results/arena/20261004T081259Z-649d810c
