skipping cudagraphs due to mutated inputs (6 instances). Found from : 
   File "/home/jovyan/work/arena3/hypothesis-unc/.venv/lib/python3.12/site-packages/torch/_dynamo/external_utils.py", line 38, in inner
    return fn(*args, **kwargs)
  File "/home/jovyan/work/arena3/hypothesis-unc/.venv/lib/python3.12/site-packages/torch/utils/_contextlib.py", line 116, in decorate_context
    return func(*args, **kwargs)
  File "/home/jovyan/work/arena3/hypothesis-unc/results/arena/20261004T081535Z-d407b56d/source/submission.py", line 177, in muon_update
    p.sub_(lr * update.float())

skipping cudagraphs due to mutated inputs (6 instances). Found from : 
   File "/home/jovyan/work/arena3/hypothesis-unc/.venv/lib/python3.12/site-packages/torch/_dynamo/external_utils.py", line 38, in inner
    return fn(*args, **kwargs)
  File "/home/jovyan/work/arena3/hypothesis-unc/.venv/lib/python3.12/site-packages/torch/utils/_contextlib.py", line 116, in decorate_context
    return func(*args, **kwargs)
  File "/home/jovyan/work/arena3/hypothesis-unc/results/arena/20261004T081535Z-d407b56d/source/submission.py", line 177, in muon_update
    p.sub_(lr * update.float())

skipping cudagraphs due to mutated inputs (6 instances). Found from : 
   File "/home/jovyan/work/arena3/hypothesis-unc/.venv/lib/python3.12/site-packages/torch/_dynamo/external_utils.py", line 38, in inner
    return fn(*args, **kwargs)
  File "/home/jovyan/work/arena3/hypothesis-unc/.venv/lib/python3.12/site-packages/torch/utils/_contextlib.py", line 116, in decorate_context
    return func(*args, **kwargs)
  File "/home/jovyan/work/arena3/hypothesis-unc/results/arena/20261004T081535Z-d407b56d/source/submission.py", line 177, in muon_update
    p.sub_(lr * update.float())

{
  "requested_trials": 3,
  "number_of_trials": 0,
  "successful_trials": 0,
  "failed_trials": 0,
  "complete": false,
  "accuracy_target": 0.75,
  "run_error": "IndexError: index -6 is out of bounds for axis 0 with size 2",
  "mean_accuracy": null,
  "accuracy_std": 0.0,
  "mean_training_time": null,
  "training_time_std": 0.0,
  "mean_evaluation_time": null,
  "evaluation_time_std": 0.0,
  "qualified": false,
  "official": false,
  "dataset": "CIFAR-100",
  "run_id": "20261004T081535Z-d407b56d"
}
Results: /home/jovyan/work/arena3/hypothesis-unc/results/arena/20261004T081535Z-d407b56d
