trial 1/3: accuracy=1.41% training=0.306s inference=0.069s
trial 2/3: accuracy=1.19% training=0.006s inference=0.024s
trial 3/3: accuracy=1.05% training=0.006s inference=0.024s
{
  "requested_trials": 3,
  "number_of_trials": 3,
  "successful_trials": 3,
  "failed_trials": 0,
  "complete": true,
  "accuracy_target": 0.75,
  "run_error": null,
  "mean_accuracy": 0.012166666666666668,
  "accuracy_std": 0.0018147543451754928,
  "mean_training_time": 0.10612926533455418,
  "training_time_std": 0.17350271678003534,
  "mean_evaluation_time": 0.039003483335060686,
  "evaluation_time_std": 0.02627031053894285,
  "qualified": false,
  "official": false,
  "dataset": "CIFAR-100",
  "run_id": "20261003T234246Z-d5a07527"
}
Results: /home/jovyan/work/arena3/baseline-r2/results/arena/20261003T234246Z-d5a07527
