trial 1/3: accuracy=75.93% training=23.314s inference=0.343s
trial 2/3: accuracy=75.91% training=23.426s inference=0.309s
trial 3/3: accuracy=75.76% training=23.390s inference=0.309s
{
  "requested_trials": 3,
  "number_of_trials": 3,
  "successful_trials": 3,
  "failed_trials": 0,
  "complete": true,
  "accuracy_target": 0.75,
  "run_error": null,
  "mean_accuracy": 0.7586666666666667,
  "accuracy_std": 0.0009291573243177183,
  "mean_training_time": 23.376650280333706,
  "training_time_std": 0.05699040701083513,
  "mean_evaluation_time": 0.32027106500027,
  "evaluation_time_std": 0.019546693900527528,
  "qualified": true,
  "official": false,
  "dataset": "CIFAR-100",
  "run_id": "20261003T235126Z-11536045"
}
Results: /home/jovyan/work/arena3/baseline-r2/results/arena/20261003T235126Z-11536045
