trial 1/3: accuracy=75.59% training=15.560s inference=0.343s
trial 2/3: accuracy=75.42% training=15.583s inference=0.308s
trial 3/3: accuracy=75.28% training=15.619s inference=0.308s
{
  "requested_trials": 3,
  "number_of_trials": 3,
  "successful_trials": 3,
  "failed_trials": 0,
  "complete": true,
  "accuracy_target": 0.75,
  "run_error": null,
  "mean_accuracy": 0.7543,
  "accuracy_std": 0.0015524174696259995,
  "mean_training_time": 15.587563833668051,
  "training_time_std": 0.02941208585080684,
  "mean_evaluation_time": 0.3196101050028422,
  "evaluation_time_std": 0.020251243520932802,
  "qualified": true,
  "official": false,
  "dataset": "CIFAR-100",
  "run_id": "20261003T235932Z-5a916504"
}
Results: /home/jovyan/work/arena3/baseline-r2/results/arena/20261003T235932Z-5a916504
