trial 1/3: accuracy=75.69% training=15.289s inference=0.323s
trial 2/3: accuracy=74.54% training=15.366s inference=0.297s
trial 3/3: accuracy=75.44% training=15.452s inference=0.299s
{
  "requested_trials": 3,
  "number_of_trials": 3,
  "successful_trials": 3,
  "failed_trials": 0,
  "complete": true,
  "accuracy_target": 0.75,
  "run_error": null,
  "mean_accuracy": 0.7522333333333333,
  "accuracy_std": 0.006048415770541379,
  "mean_training_time": 15.369133692664036,
  "training_time_std": 0.081206082314769,
  "mean_evaluation_time": 0.3060933850016833,
  "evaluation_time_std": 0.014532438030619332,
  "qualified": true,
  "official": false,
  "dataset": "CIFAR-100",
  "run_id": "20261004T000429Z-5c760f47"
}
Results: /home/jovyan/work/arena3/baseline-r2/results/arena/20261004T000429Z-5c760f47
