trial 1/3: accuracy=75.53% training=13.498s inference=0.341s
trial 2/3: accuracy=75.52% training=13.518s inference=0.309s
trial 3/3: accuracy=75.28% training=13.599s inference=0.307s
{
  "requested_trials": 3,
  "number_of_trials": 3,
  "successful_trials": 3,
  "failed_trials": 0,
  "complete": true,
  "accuracy_target": 0.75,
  "run_error": null,
  "mean_accuracy": 0.7544333333333333,
  "accuracy_std": 0.0014153915830374486,
  "mean_training_time": 13.538110653666081,
  "training_time_std": 0.05380482690000387,
  "mean_evaluation_time": 0.3190261499985354,
  "evaluation_time_std": 0.019012449240211872,
  "qualified": true,
  "official": false,
  "dataset": "CIFAR-100",
  "run_id": "20261004T001448Z-30727a92"
}
Results: /home/jovyan/work/arena3/baseline-r2/results/arena/20261004T001448Z-30727a92
