trial 1/3: accuracy=75.54% training=11.803s inference=0.382s
trial 2/3: accuracy=74.97% training=11.817s inference=0.333s
trial 3/3: accuracy=75.32% training=11.847s inference=0.335s
{
  "requested_trials": 3,
  "number_of_trials": 3,
  "successful_trials": 3,
  "failed_trials": 0,
  "complete": true,
  "accuracy_target": 0.75,
  "run_error": null,
  "mean_accuracy": 0.7527666666666667,
  "accuracy_std": 0.002874601421646681,
  "mean_training_time": 11.822575568667768,
  "training_time_std": 0.022496366423738222,
  "mean_evaluation_time": 0.34984369966453716,
  "evaluation_time_std": 0.027959842198472293,
  "qualified": true,
  "official": false,
  "dataset": "CIFAR-100",
  "run_id": "20261004T003615Z-b2b356c0"
}
Results: /home/jovyan/work/arena3/baseline-r2/results/arena/20261004T003615Z-b2b356c0
