trial 1/3: accuracy=75.42% training=12.397s inference=0.344s
trial 2/3: accuracy=75.58% training=12.421s inference=0.310s
trial 3/3: accuracy=75.20% training=12.483s inference=0.312s
{
  "requested_trials": 3,
  "number_of_trials": 3,
  "successful_trials": 3,
  "failed_trials": 0,
  "complete": true,
  "accuracy_target": 0.75,
  "run_error": null,
  "mean_accuracy": 0.754,
  "accuracy_std": 0.0019078784028339023,
  "mean_training_time": 12.43366753566564,
  "training_time_std": 0.04457273787688476,
  "mean_evaluation_time": 0.3220800500009015,
  "evaluation_time_std": 0.01929444190633973,
  "qualified": true,
  "official": false,
  "dataset": "CIFAR-100",
  "run_id": "20261004T003726Z-29ab8c15"
}
Results: /home/jovyan/work/arena3/baseline-r2/results/arena/20261004T003726Z-29ab8c15
