trial 1/3: accuracy=75.59% training=12.220s inference=1.487s
trial 2/3: accuracy=75.59% training=12.350s inference=0.293s
trial 3/3: accuracy=75.69% training=12.303s inference=0.291s
{
  "requested_trials": 3,
  "number_of_trials": 3,
  "successful_trials": 3,
  "failed_trials": 0,
  "complete": true,
  "accuracy_target": 0.75,
  "run_error": null,
  "mean_accuracy": 0.7562333333333333,
  "accuracy_std": 0.0005773502691896262,
  "mean_training_time": 12.290751129997565,
  "training_time_std": 0.0657547812444003,
  "mean_evaluation_time": 0.6902066876646131,
  "evaluation_time_std": 0.690382689819795,
  "qualified": true,
  "official": false,
  "dataset": "CIFAR-100",
  "run_id": "20261004T004912Z-1b9ccf06"
}
Results: /home/jovyan/work/arena3/baseline-r2/results/arena/20261004T004912Z-1b9ccf06
