trial 1/3: accuracy=75.50% training=11.420s inference=0.320s
trial 2/3: accuracy=75.51% training=11.414s inference=0.277s
trial 3/3: accuracy=75.38% training=11.439s inference=0.279s
{
  "requested_trials": 3,
  "number_of_trials": 3,
  "successful_trials": 3,
  "failed_trials": 0,
  "complete": true,
  "accuracy_target": 0.75,
  "run_error": null,
  "mean_accuracy": 0.7546333333333334,
  "accuracy_std": 0.0007234178138070077,
  "mean_training_time": 11.42428152433422,
  "training_time_std": 0.012947037233713524,
  "mean_evaluation_time": 0.29180249366618227,
  "evaluation_time_std": 0.024046712462058976,
  "qualified": true,
  "official": false,
  "dataset": "CIFAR-100",
  "run_id": "20261004T010014Z-c62088fe"
}
Results: /home/jovyan/work/arena3/baseline-r2/results/arena/20261004T010014Z-c62088fe
