trial 1/3: accuracy=76.00% training=10.644s inference=0.336s
trial 2/3: accuracy=75.96% training=10.540s inference=0.277s
trial 3/3: accuracy=75.61% training=10.576s inference=0.277s
{
  "requested_trials": 3,
  "number_of_trials": 3,
  "successful_trials": 3,
  "failed_trials": 0,
  "complete": true,
  "accuracy_target": 0.75,
  "run_error": null,
  "mean_accuracy": 0.7585666666666667,
  "accuracy_std": 0.002145538005567232,
  "mean_training_time": 10.586642352000732,
  "training_time_std": 0.05284183629024522,
  "mean_evaluation_time": 0.29686942466408556,
  "evaluation_time_std": 0.033965454152021526,
  "qualified": true,
  "official": false,
  "dataset": "CIFAR-100",
  "run_id": "20261004T013234Z-66c8c4a1"
}
Results: /home/jovyan/work/arena3/baseline-r2/results/arena/20261004T013234Z-66c8c4a1
