trial 1/3: accuracy=75.92% training=9.595s inference=0.354s
trial 2/3: accuracy=75.45% training=9.547s inference=0.278s
trial 3/3: accuracy=75.51% training=9.557s inference=0.277s
{
  "requested_trials": 3,
  "number_of_trials": 3,
  "successful_trials": 3,
  "failed_trials": 0,
  "complete": true,
  "accuracy_target": 0.75,
  "run_error": null,
  "mean_accuracy": 0.7562666666666666,
  "accuracy_std": 0.002557994005726634,
  "mean_training_time": 9.565882335669206,
  "training_time_std": 0.02534921494897649,
  "mean_evaluation_time": 0.3031467796657428,
  "evaluation_time_std": 0.043971411386112574,
  "qualified": true,
  "official": false,
  "dataset": "CIFAR-100",
  "run_id": "20261004T015243Z-9800082f"
}
Results: /home/jovyan/work/arena3/baseline-r2/results/arena/20261004T015243Z-9800082f
