trial 1/3: accuracy=75.80% training=9.608s inference=0.377s
trial 2/3: accuracy=75.64% training=9.550s inference=0.301s
trial 3/3: accuracy=75.80% training=9.566s inference=0.304s
{
  "requested_trials": 3,
  "number_of_trials": 3,
  "successful_trials": 3,
  "failed_trials": 0,
  "complete": true,
  "accuracy_target": 0.75,
  "run_error": null,
  "mean_accuracy": 0.7574666666666666,
  "accuracy_std": 0.0009237604307034277,
  "mean_training_time": 9.574593517664956,
  "training_time_std": 0.029702580618089065,
  "mean_evaluation_time": 0.3269457279990699,
  "evaluation_time_std": 0.04310825193716582,
  "qualified": true,
  "official": false,
  "dataset": "CIFAR-100",
  "run_id": "20261004T024121Z-33574271"
}
Results: /home/jovyan/work/arena3/baseline-r2/results/arena/20261004T024121Z-33574271
