trial 1/3: accuracy=75.61% training=8.944s inference=0.313s
trial 2/3: accuracy=75.37% training=8.935s inference=0.275s
trial 3/3: accuracy=76.09% training=8.960s inference=0.275s
{
  "requested_trials": 3,
  "number_of_trials": 3,
  "successful_trials": 3,
  "failed_trials": 0,
  "complete": true,
  "accuracy_target": 0.75,
  "run_error": null,
  "mean_accuracy": 0.7569,
  "accuracy_std": 0.003666060555964668,
  "mean_training_time": 8.946300167333296,
  "training_time_std": 0.012750048033221145,
  "mean_evaluation_time": 0.28772621566895396,
  "evaluation_time_std": 0.021732889048754252,
  "qualified": true,
  "official": false,
  "dataset": "CIFAR-100",
  "run_id": "20261004T025226Z-aa8dbacd"
}
Results: /home/jovyan/work/arena3/baseline-r2/results/arena/20261004T025226Z-aa8dbacd
