trial 1/3: accuracy=75.09% training=8.435s inference=0.323s
trial 2/3: accuracy=75.31% training=8.429s inference=0.293s
trial 3/3: accuracy=75.49% training=8.480s inference=0.288s
{
  "requested_trials": 3,
  "number_of_trials": 3,
  "successful_trials": 3,
  "failed_trials": 0,
  "complete": true,
  "accuracy_target": 0.75,
  "run_error": null,
  "mean_accuracy": 0.7529666666666667,
  "accuracy_std": 0.0020033305601755637,
  "mean_training_time": 8.447846354666884,
  "training_time_std": 0.027793305337352775,
  "mean_evaluation_time": 0.30130934733218356,
  "evaluation_time_std": 0.019017387670440877,
  "qualified": true,
  "official": false,
  "dataset": "CIFAR-100",
  "run_id": "20261004T030546Z-015e63f7"
}
Results: /home/jovyan/work/arena3/baseline-r2/results/arena/20261004T030546Z-015e63f7
