trial 1/3: accuracy=75.58% training=8.813s inference=0.321s
trial 2/3: accuracy=75.87% training=8.815s inference=0.260s
trial 3/3: accuracy=75.66% training=8.870s inference=0.260s
{
  "requested_trials": 3,
  "number_of_trials": 3,
  "successful_trials": 3,
  "failed_trials": 0,
  "complete": true,
  "accuracy_target": 0.75,
  "run_error": null,
  "mean_accuracy": 0.7570333333333333,
  "accuracy_std": 0.001497776129244069,
  "mean_training_time": 8.832610057332204,
  "training_time_std": 0.032480655563992704,
  "mean_evaluation_time": 0.2805355686650728,
  "evaluation_time_std": 0.03515348269647905,
  "qualified": true,
  "official": false,
  "dataset": "CIFAR-100",
  "run_id": "20261004T030653Z-8724244c"
}
Results: /home/jovyan/work/arena3/baseline-r2/results/arena/20261004T030653Z-8724244c
