trial 1/3: accuracy=75.77% training=7.769s inference=0.281s
trial 2/3: accuracy=75.57% training=7.786s inference=0.230s
trial 3/3: accuracy=75.15% training=7.792s inference=0.228s
{
  "requested_trials": 3,
  "number_of_trials": 3,
  "successful_trials": 3,
  "failed_trials": 0,
  "complete": true,
  "accuracy_target": 0.75,
  "run_error": null,
  "mean_accuracy": 0.7549666666666667,
  "accuracy_std": 0.0031643851430149363,
  "mean_training_time": 7.782479894332937,
  "training_time_std": 0.011736615289062117,
  "mean_evaluation_time": 0.2464767806668533,
  "evaluation_time_std": 0.030124008129083567,
  "qualified": true,
  "official": false,
  "dataset": "CIFAR-100",
  "run_id": "20261004T034537Z-f804cd56"
}
Results: /home/jovyan/work/arena3/baseline-r2/results/arena/20261004T034537Z-f804cd56
