trial 1/3: accuracy=75.95% training=7.790s inference=0.208s
trial 2/3: accuracy=75.67% training=7.362s inference=0.184s
trial 3/3: accuracy=75.51% training=7.546s inference=0.186s
{
  "requested_trials": 3,
  "number_of_trials": 3,
  "successful_trials": 3,
  "failed_trials": 0,
  "complete": true,
  "accuracy_target": 0.75,
  "run_error": null,
  "mean_accuracy": 0.7571,
  "accuracy_std": 0.0022271057451319826,
  "mean_training_time": 7.566315332670153,
  "training_time_std": 0.21482399520583734,
  "mean_evaluation_time": 0.19284173300062926,
  "evaluation_time_std": 0.0133939556496499,
  "qualified": true,
  "official": false,
  "dataset": "CIFAR-100",
  "run_id": "20261004T042611Z-5adb4c09"
}
Results: /home/jovyan/work/arena3/baseline-r2/results/arena/20261004T042611Z-5adb4c09
