trial 1/3: accuracy=76.02% training=6.888s inference=0.171s
trial 2/3: accuracy=76.29% training=7.207s inference=0.185s
trial 3/3: accuracy=76.38% training=7.249s inference=0.181s
{
  "requested_trials": 3,
  "number_of_trials": 3,
  "successful_trials": 3,
  "failed_trials": 0,
  "complete": true,
  "accuracy_target": 0.75,
  "run_error": null,
  "mean_accuracy": 0.7623,
  "accuracy_std": 0.0018734993995195442,
  "mean_training_time": 7.114730950001103,
  "training_time_std": 0.19759739619995392,
  "mean_evaluation_time": 0.17909789733190942,
  "evaluation_time_std": 0.0070605694408525125,
  "qualified": true,
  "official": false,
  "dataset": "CIFAR-100",
  "run_id": "20261004T044220Z-c224eeca"
}
Results: /home/jovyan/work/arena3/baseline-r2/results/arena/20261004T044220Z-c224eeca
