trial 1/3: accuracy=75.02% training=6.346s inference=0.187s
trial 2/3: accuracy=75.11% training=7.080s inference=0.154s
trial 3/3: accuracy=75.78% training=7.003s inference=0.155s
{
  "requested_trials": 3,
  "number_of_trials": 3,
  "successful_trials": 3,
  "failed_trials": 0,
  "complete": true,
  "accuracy_target": 0.75,
  "run_error": null,
  "mean_accuracy": 0.7530333333333333,
  "accuracy_std": 0.0041525092815469485,
  "mean_training_time": 6.809297419332627,
  "training_time_std": 0.40347399318290234,
  "mean_evaluation_time": 0.16556129733362468,
  "evaluation_time_std": 0.01873362540276181,
  "qualified": true,
  "official": false,
  "dataset": "CIFAR-100",
  "run_id": "20261004T044329Z-9d174b9e"
}
Results: /home/jovyan/work/arena3/baseline-r2/results/arena/20261004T044329Z-9d174b9e
