trial 1/3: accuracy=75.55% training=6.549s inference=0.207s
trial 2/3: accuracy=75.70% training=6.999s inference=0.154s
trial 3/3: accuracy=75.83% training=7.111s inference=0.154s
{
  "requested_trials": 3,
  "number_of_trials": 3,
  "successful_trials": 3,
  "failed_trials": 0,
  "complete": true,
  "accuracy_target": 0.75,
  "run_error": null,
  "mean_accuracy": 0.7569333333333333,
  "accuracy_std": 0.0014011899704655935,
  "mean_training_time": 6.886229082665523,
  "training_time_std": 0.2975497973010703,
  "mean_evaluation_time": 0.1715118719973058,
  "evaluation_time_std": 0.030445254614218643,
  "qualified": true,
  "official": false,
  "dataset": "CIFAR-100",
  "run_id": "20261004T050252Z-889fb4ef"
}
Results: /home/jovyan/work/arena3/baseline-r2/results/arena/20261004T050252Z-889fb4ef
