trial 1/3: accuracy=75.23% training=6.478s inference=0.196s
trial 2/3: accuracy=75.15% training=6.778s inference=0.154s
trial 3/3: accuracy=75.42% training=6.891s inference=0.185s
{
  "requested_trials": 3,
  "number_of_trials": 3,
  "successful_trials": 3,
  "failed_trials": 0,
  "complete": true,
  "accuracy_target": 0.75,
  "run_error": null,
  "mean_accuracy": 0.7526666666666666,
  "accuracy_std": 0.0013868429375143315,
  "mean_training_time": 6.715852145328729,
  "training_time_std": 0.21357493676001726,
  "mean_evaluation_time": 0.17844564099990143,
  "evaluation_time_std": 0.02183503469599465,
  "qualified": true,
  "official": false,
  "dataset": "CIFAR-100",
  "run_id": "20261004T050631Z-c68087f4"
}
Results: /home/jovyan/work/arena3/baseline-r2/results/arena/20261004T050631Z-c68087f4
