trial 1/3: accuracy=75.50% training=6.206s inference=0.172s
trial 2/3: accuracy=75.60% training=5.861s inference=0.158s
trial 3/3: accuracy=75.16% training=5.867s inference=0.157s
{
  "requested_trials": 3,
  "number_of_trials": 3,
  "successful_trials": 3,
  "failed_trials": 0,
  "complete": true,
  "accuracy_target": 0.75,
  "run_error": null,
  "mean_accuracy": 0.7542,
  "accuracy_std": 0.0023065125189341363,
  "mean_training_time": 5.978089376997862,
  "training_time_std": 0.19766719689496606,
  "mean_evaluation_time": 0.16236560734008285,
  "evaluation_time_std": 0.008463075443233478,
  "qualified": true,
  "official": false,
  "dataset": "CIFAR-100",
  "run_id": "20261004T052543Z-6b31a15c"
}
Results: /home/jovyan/work/arena3/baseline-r2/results/arena/20261004T052543Z-6b31a15c
