trial 1/3: accuracy=74.79% training=5.376s inference=0.130s
trial 2/3: accuracy=75.27% training=5.060s inference=0.104s
trial 3/3: accuracy=75.12% training=5.063s inference=0.104s
{
  "requested_trials": 3,
  "number_of_trials": 3,
  "successful_trials": 3,
  "failed_trials": 0,
  "complete": true,
  "accuracy_target": 0.75,
  "run_error": null,
  "mean_accuracy": 0.7506,
  "accuracy_std": 0.0024556058315617427,
  "mean_training_time": 5.166125745337922,
  "training_time_std": 0.18134469888778293,
  "mean_evaluation_time": 0.11275581166652653,
  "evaluation_time_std": 0.015033987765746847,
  "qualified": true,
  "official": false,
  "dataset": "CIFAR-100",
  "run_id": "20261004T054533Z-56be9d58"
}
Results: /home/jovyan/work/arena3/baseline-r2/results/arena/20261004T054533Z-56be9d58
