trial 1/3: accuracy=75.13% training=5.690s inference=0.179s
trial 2/3: accuracy=76.02% training=5.375s inference=0.101s
trial 3/3: accuracy=75.42% training=5.375s inference=0.135s
{
  "requested_trials": 3,
  "number_of_trials": 3,
  "successful_trials": 3,
  "failed_trials": 0,
  "complete": true,
  "accuracy_target": 0.75,
  "run_error": null,
  "mean_accuracy": 0.7552333333333333,
  "accuracy_std": 0.004539089482851534,
  "mean_training_time": 5.480106600666962,
  "training_time_std": 0.18200255039802588,
  "mean_evaluation_time": 0.13792165666624592,
  "evaluation_time_std": 0.03915984468027169,
  "qualified": true,
  "official": false,
  "dataset": "CIFAR-100",
  "run_id": "20261004T054629Z-8773c2fc"
}
Results: /home/jovyan/work/arena3/baseline-r2/results/arena/20261004T054629Z-8773c2fc
