trial 1/3: accuracy=75.13% training=5.407s inference=0.118s
trial 2/3: accuracy=76.02% training=5.416s inference=0.101s
trial 3/3: accuracy=75.42% training=5.426s inference=0.106s
{
  "requested_trials": 3,
  "number_of_trials": 3,
  "successful_trials": 3,
  "failed_trials": 0,
  "complete": true,
  "accuracy_target": 0.75,
  "run_error": null,
  "mean_accuracy": 0.7552333333333333,
  "accuracy_std": 0.004539089482851534,
  "mean_training_time": 5.416398985000948,
  "training_time_std": 0.009483795792939016,
  "mean_evaluation_time": 0.10825669500142492,
  "evaluation_time_std": 0.00832032116162509,
  "qualified": true,
  "official": false,
  "dataset": "CIFAR-100",
  "run_id": "20261004T054948Z-95da9f27"
}
Results: /home/jovyan/work/arena3/baseline-r2/results/arena/20261004T054948Z-95da9f27
