trial 1/3: accuracy=75.25% training=5.297s inference=0.109s
trial 2/3: accuracy=75.53% training=5.309s inference=0.105s
trial 3/3: accuracy=75.54% training=5.294s inference=0.104s
{
  "requested_trials": 3,
  "number_of_trials": 3,
  "successful_trials": 3,
  "failed_trials": 0,
  "complete": true,
  "accuracy_target": 0.75,
  "run_error": null,
  "mean_accuracy": 0.7544,
  "accuracy_std": 0.0016462077633154436,
  "mean_training_time": 5.300116333334397,
  "training_time_std": 0.007651723813881158,
  "mean_evaluation_time": 0.10622221666562837,
  "evaluation_time_std": 0.0025631992183364123,
  "qualified": true,
  "official": false,
  "dataset": "CIFAR-100",
  "run_id": "20261004T061711Z-1bd59dfc"
}
Results: /home/jovyan/work/arena3/baseline-r2/results/arena/20261004T061711Z-1bd59dfc
