trial 1/3: accuracy=75.56% training=5.147s inference=0.111s
trial 2/3: accuracy=75.00% training=5.136s inference=0.105s
trial 3/3: accuracy=75.37% training=5.142s inference=0.105s
{
  "requested_trials": 3,
  "number_of_trials": 3,
  "successful_trials": 3,
  "failed_trials": 0,
  "complete": true,
  "accuracy_target": 0.75,
  "run_error": null,
  "mean_accuracy": 0.7531,
  "accuracy_std": 0.002847806173179654,
  "mean_training_time": 5.1417900973319774,
  "training_time_std": 0.005386909889780563,
  "mean_evaluation_time": 0.10691955732666732,
  "evaluation_time_std": 0.003545270249150352,
  "qualified": true,
  "official": false,
  "dataset": "CIFAR-100",
  "run_id": "20261004T065747Z-c900fd1e"
}
Results: /home/jovyan/work/arena3/baseline-r2/results/arena/20261004T065747Z-c900fd1e
