trial 1/3: accuracy=75.61% training=4.981s inference=0.122s
trial 2/3: accuracy=75.99% training=4.960s inference=0.104s
trial 3/3: accuracy=75.34% training=4.995s inference=0.103s
{
  "requested_trials": 3,
  "number_of_trials": 3,
  "successful_trials": 3,
  "failed_trials": 0,
  "complete": true,
  "accuracy_target": 0.75,
  "run_error": null,
  "mean_accuracy": 0.7564666666666666,
  "accuracy_std": 0.0032654759734736267,
  "mean_training_time": 4.978633339332494,
  "training_time_std": 0.017326398646581198,
  "mean_evaluation_time": 0.10974323567158233,
  "evaluation_time_std": 0.010591776930595,
  "qualified": true,
  "official": false,
  "dataset": "CIFAR-100",
  "run_id": "20261004T073120Z-a09b243a"
}
Results: /home/jovyan/work/arena3/baseline-r2/results/arena/20261004T073120Z-a09b243a
