trial 1/3: accuracy=75.05% training=4.631s inference=0.106s
trial 2/3: accuracy=75.39% training=4.614s inference=0.101s
trial 3/3: accuracy=75.38% training=4.619s inference=0.099s
{
  "requested_trials": 3,
  "number_of_trials": 3,
  "successful_trials": 3,
  "failed_trials": 0,
  "complete": true,
  "accuracy_target": 0.75,
  "run_error": null,
  "mean_accuracy": 0.7527333333333334,
  "accuracy_std": 0.00193476958145757,
  "mean_training_time": 4.621263105999485,
  "training_time_std": 0.008400984931259146,
  "mean_evaluation_time": 0.10206157066083203,
  "evaluation_time_std": 0.003464673421069923,
  "qualified": true,
  "official": false,
  "dataset": "CIFAR-100",
  "run_id": "20261004T080446Z-5409e824"
}
Results: /home/jovyan/work/arena3/baseline-r2/results/arena/20261004T080446Z-5409e824
