trial 1/3: accuracy=75.48% training=4.790s inference=0.129s
trial 2/3: accuracy=75.33% training=4.777s inference=0.119s
trial 3/3: accuracy=75.56% training=4.777s inference=0.104s
{
  "requested_trials": 3,
  "number_of_trials": 3,
  "successful_trials": 3,
  "failed_trials": 0,
  "complete": true,
  "accuracy_target": 0.75,
  "run_error": null,
  "mean_accuracy": 0.7545666666666667,
  "accuracy_std": 0.0011676186592091738,
  "mean_training_time": 4.781344346668145,
  "training_time_std": 0.007702753930268517,
  "mean_evaluation_time": 0.11701186633338996,
  "evaluation_time_std": 0.012646111122751439,
  "qualified": true,
  "official": false,
  "dataset": "CIFAR-100",
  "run_id": "20261004T080554Z-70f0501f"
}
Results: /home/jovyan/work/arena3/baseline-r2/results/arena/20261004T080554Z-70f0501f
