trial 1/3: accuracy=75.55% training=4.654s inference=0.078s
trial 2/3: accuracy=75.83% training=4.640s inference=0.069s
trial 3/3: accuracy=75.67% training=4.648s inference=0.069s
{
  "requested_trials": 3,
  "number_of_trials": 3,
  "successful_trials": 3,
  "failed_trials": 0,
  "complete": true,
  "accuracy_target": 0.75,
  "run_error": null,
  "mean_accuracy": 0.7568333333333334,
  "accuracy_std": 0.0014047538337137071,
  "mean_training_time": 4.647650137669795,
  "training_time_std": 0.00699925919326487,
  "mean_evaluation_time": 0.07177896466358409,
  "evaluation_time_std": 0.0052005924991379085,
  "qualified": true,
  "official": false,
  "dataset": "CIFAR-100",
  "run_id": "20261004T084953Z-d8547960"
}
Results: /home/jovyan/work/arena3/baseline-r2/results/arena/20261004T084953Z-d8547960
