trial 1/3: accuracy=75.48% training=4.487s inference=0.075s
trial 2/3: accuracy=75.31% training=4.489s inference=0.069s
trial 3/3: accuracy=75.05% training=4.493s inference=0.069s
{
  "requested_trials": 3,
  "number_of_trials": 3,
  "successful_trials": 3,
  "failed_trials": 0,
  "complete": true,
  "accuracy_target": 0.75,
  "run_error": null,
  "mean_accuracy": 0.7528,
  "accuracy_std": 0.0021656407827708125,
  "mean_training_time": 4.489662843334372,
  "training_time_std": 0.0027476768277863925,
  "mean_evaluation_time": 0.07096030300211471,
  "evaluation_time_std": 0.003291469841964618,
  "qualified": true,
  "official": false,
  "dataset": "CIFAR-100",
  "run_id": "20261004T085107Z-236ac015"
}
Results: /home/jovyan/work/arena3/baseline-r2/results/arena/20261004T085107Z-236ac015
