trial 1/3: accuracy=1.41% training=0.318s inference=0.068s
trial 2/3: accuracy=1.19% training=0.007s inference=0.022s
trial 3/3: accuracy=1.05% training=0.004s inference=0.022s
{
  "requested_trials": 3,
  "number_of_trials": 3,
  "successful_trials": 3,
  "failed_trials": 0,
  "complete": true,
  "accuracy_target": 0.75,
  "run_error": null,
  "mean_accuracy": 0.012166666666666668,
  "accuracy_std": 0.0018147543451754928,
  "mean_training_time": 0.10931955100143871,
  "training_time_std": 0.1803520543875226,
  "mean_evaluation_time": 0.03754556533143235,
  "evaluation_time_std": 0.026778408219030894,
  "qualified": false,
  "official": false,
  "dataset": "CIFAR-100",
  "run_id": "20261003T200509Z-aa0fc909"
}
Results: /home/jovyan/work/arena3/hypothesis-dr/results/arena/20261003T200509Z-aa0fc909
