trial 1/3: accuracy=75.70% training=9.303s inference=0.689s
trial 2/3: accuracy=76.13% training=9.304s inference=0.151s
trial 3/3: accuracy=75.68% training=9.235s inference=0.150s
{
  "requested_trials": 3,
  "number_of_trials": 3,
  "successful_trials": 3,
  "failed_trials": 0,
  "complete": true,
  "accuracy_target": 0.75,
  "run_error": null,
  "mean_accuracy": 0.7583666666666666,
  "accuracy_std": 0.002542308662089089,
  "mean_training_time": 9.280933287334241,
  "training_time_std": 0.03959736702306604,
  "mean_evaluation_time": 0.33016397666506236,
  "evaluation_time_std": 0.3108616121592002,
  "qualified": true,
  "official": false,
  "dataset": "CIFAR-100",
  "run_id": "20261003T201600Z-f16ca331"
}
Results: /home/jovyan/work/arena3/hypothesis-dr/results/arena/20261003T201600Z-f16ca331
