trial 1/3: accuracy=75.46% training=8.359s inference=0.668s
trial 2/3: accuracy=75.58% training=8.351s inference=0.151s
trial 3/3: accuracy=75.53% training=8.307s inference=0.150s
{
  "requested_trials": 3,
  "number_of_trials": 3,
  "successful_trials": 3,
  "failed_trials": 0,
  "complete": true,
  "accuracy_target": 0.75,
  "run_error": null,
  "mean_accuracy": 0.7552333333333333,
  "accuracy_std": 0.0006027713773341566,
  "mean_training_time": 8.338780419665758,
  "training_time_std": 0.027924865219088622,
  "mean_evaluation_time": 0.32313981033075834,
  "evaluation_time_std": 0.2990092929665191,
  "qualified": true,
  "official": false,
  "dataset": "CIFAR-100",
  "run_id": "20261003T201716Z-5bc4e0ce"
}
Results: /home/jovyan/work/arena3/hypothesis-dr/results/arena/20261003T201716Z-5bc4e0ce
