trial 1/3: accuracy=75.46% training=8.465s inference=0.669s
trial 2/3: accuracy=75.58% training=8.426s inference=0.151s
trial 3/3: accuracy=75.53% training=8.349s inference=0.149s
{
  "requested_trials": 3,
  "number_of_trials": 3,
  "successful_trials": 3,
  "failed_trials": 0,
  "complete": true,
  "accuracy_target": 0.75,
  "run_error": null,
  "mean_accuracy": 0.7552333333333333,
  "accuracy_std": 0.0006027713773341566,
  "mean_training_time": 8.413640601332494,
  "training_time_std": 0.058934553309019075,
  "mean_evaluation_time": 0.3231414940019022,
  "evaluation_time_std": 0.2998932103654312,
  "qualified": true,
  "official": false,
  "dataset": "CIFAR-100",
  "run_id": "20261003T201822Z-7bc3ac36"
}
Results: /home/jovyan/work/arena3/hypothesis-dr/results/arena/20261003T201822Z-7bc3ac36
