trial 1/3: accuracy=75.44% training=8.365s inference=0.672s
trial 2/3: accuracy=75.42% training=8.369s inference=0.153s
trial 3/3: accuracy=75.93% training=8.316s inference=0.149s
{
  "requested_trials": 3,
  "number_of_trials": 3,
  "successful_trials": 3,
  "failed_trials": 0,
  "complete": true,
  "accuracy_target": 0.75,
  "run_error": null,
  "mean_accuracy": 0.7559666666666667,
  "accuracy_std": 0.002888482877451993,
  "mean_training_time": 8.34989483400083,
  "training_time_std": 0.029090643003956362,
  "mean_evaluation_time": 0.324685021667392,
  "evaluation_time_std": 0.30068275296956465,
  "qualified": true,
  "official": false,
  "dataset": "CIFAR-100",
  "run_id": "20261003T202200Z-24ab9fc4"
}
Results: /home/jovyan/work/arena3/hypothesis-dr/results/arena/20261003T202200Z-24ab9fc4
