trial 1/3: accuracy=75.22% training=8.396s inference=0.704s
trial 2/3: accuracy=75.63% training=8.362s inference=0.155s
trial 3/3: accuracy=75.40% training=8.283s inference=0.152s
{
  "requested_trials": 3,
  "number_of_trials": 3,
  "successful_trials": 3,
  "failed_trials": 0,
  "complete": true,
  "accuracy_target": 0.75,
  "run_error": null,
  "mean_accuracy": 0.7541666666666667,
  "accuracy_std": 0.002055075018906442,
  "mean_training_time": 8.347034433667432,
  "training_time_std": 0.05770855770826423,
  "mean_evaluation_time": 0.3371377670021805,
  "evaluation_time_std": 0.3174268236439115,
  "qualified": true,
  "official": false,
  "dataset": "CIFAR-100",
  "run_id": "20261003T202536Z-17bcdcc4"
}
Results: /home/jovyan/work/arena3/hypothesis-dr/results/arena/20261003T202536Z-17bcdcc4
