trial 1/3: accuracy=75.18% training=7.928s inference=0.679s
trial 2/3: accuracy=74.82% training=7.948s inference=0.151s
trial 3/3: accuracy=75.29% training=7.873s inference=0.150s
{
  "requested_trials": 3,
  "number_of_trials": 3,
  "successful_trials": 3,
  "failed_trials": 0,
  "complete": true,
  "accuracy_target": 0.75,
  "run_error": null,
  "mean_accuracy": 0.7509666666666667,
  "accuracy_std": 0.0024583192089989952,
  "mean_training_time": 7.916349128667207,
  "training_time_std": 0.038933503456944206,
  "mean_evaluation_time": 0.3266343270006473,
  "evaluation_time_std": 0.305340612716985,
  "qualified": true,
  "official": false,
  "dataset": "CIFAR-100",
  "run_id": "20261003T202659Z-de06944a"
}
Results: /home/jovyan/work/arena3/hypothesis-dr/results/arena/20261003T202659Z-de06944a
