AUTOTUNE mm(1024x576, 576x100)
  triton_mm_73 0.0113 ms 100.0%
  triton_mm_70 0.0123 ms 91.7%
  triton_mm_71 0.0123 ms 91.7%
  triton_mm_72 0.0123 ms 91.7%
  triton_mm_77 0.0123 ms 91.7%
  triton_mm_76 0.0133 ms 84.6%
  triton_mm_79 0.0154 ms 73.3%
  triton_mm_80 0.0154 ms 73.3%
  triton_mm_83 0.0154 ms 73.3%
  triton_mm_78 0.0174 ms 64.7%
SingleProcess AUTOTUNE benchmarking takes 2.4014 seconds and 0.0030 seconds precompiling
AUTOTUNE convolution(1024x3x32x32, 24x3x2x2)
  triton_convolution_2 0.1526 ms 100.0%
  triton_convolution_4 0.1556 ms 98.0%
  convolution 0.1577 ms 96.8%
  triton_convolution_0 0.1823 ms 83.7%
  triton_convolution_3 0.1915 ms 79.7%
  triton_convolution_5 0.2437 ms 62.6%
  triton_convolution_1 0.3492 ms 43.7%
SingleProcess AUTOTUNE benchmarking takes 0.9898 seconds and 0.0008 seconds precompiling
AUTOTUNE convolution(1024x24x31x31, 128x24x3x3)
  convolution 0.5038 ms 100.0%
  triton_convolution_7 0.8940 ms 56.4%
  triton_convolution_9 0.9288 ms 54.2%
  triton_convolution_12 0.9411 ms 53.5%
  triton_convolution_11 1.3793 ms 36.5%
  triton_convolution_6 1.5667 ms 32.2%
  triton_convolution_10 1.7009 ms 29.6%
  triton_convolution_8 1.9113 ms 26.4%
SingleProcess AUTOTUNE benchmarking takes 1.0837 seconds and 0.0009 seconds precompiling
AUTOTUNE convolution(1024x128x15x15, 128x128x3x3)
  convolution 0.2867 ms 100.0%
  triton_convolution_18 0.4997 ms 57.4%
  triton_convolution_17 0.5192 ms 55.2%
  triton_convolution_16 0.5745 ms 49.9%
  triton_convolution_14 0.6011 ms 47.7%
  triton_convolution_19 0.6369 ms 45.0%
  triton_convolution_13 0.7470 ms 38.4%
  triton_convolution_15 2.3260 ms 12.3%
SingleProcess AUTOTUNE benchmarking takes 1.0404 seconds and 0.0011 seconds precompiling
AUTOTUNE convolution(1024x128x15x15, 384x128x3x3)
  convolution 0.8530 ms 100.0%
  triton_convolution_31 1.6005 ms 53.3%
  triton_convolution_28 1.6609 ms 51.4%
  triton_convolution_30 1.6640 ms 51.3%
  triton_convolution_33 1.8360 ms 46.5%
  triton_convolution_32 2.1176 ms 40.3%
  triton_convolution_27 2.1842 ms 39.1%
  triton_convolution_29 7.1086 ms 12.0%
SingleProcess AUTOTUNE benchmarking takes 1.1357 seconds and 0.0015 seconds precompiling
AUTOTUNE convolution(1024x384x7x7, 384x384x3x3)
  convolution 0.5043 ms 100.0%
  triton_convolution_38 0.9994 ms 50.5%
  triton_convolution_37 1.1407 ms 44.2%
  triton_convolution_40 1.2887 ms 39.1%
  triton_convolution_35 1.2892 ms 39.1%
  triton_convolution_39 1.4597 ms 34.5%
  triton_convolution_34 1.4930 ms 33.8%
  triton_convolution_36 5.0104 ms 10.1%
SingleProcess AUTOTUNE benchmarking takes 1.0906 seconds and 0.0016 seconds precompiling
AUTOTUNE convolution(1024x384x7x7, 576x384x3x3)
  convolution 0.7997 ms 100.0%
  triton_convolution_52 1.5037 ms 53.2%
  triton_convolution_51 1.8811 ms 42.5%
  triton_convolution_49 1.9364 ms 41.3%
  triton_convolution_54 1.9814 ms 40.4%
  triton_convolution_53 2.1524 ms 37.2%
  triton_convolution_48 2.1775 ms 36.7%
  triton_convolution_50 7.6477 ms 10.5%
SingleProcess AUTOTUNE benchmarking takes 1.1327 seconds and 0.0013 seconds precompiling
AUTOTUNE convolution(1024x576x3x3, 576x576x3x3)
  convolution 0.2017 ms 100.0%
  triton_convolution_59 0.4229 ms 47.7%
  triton_convolution_61 0.5171 ms 39.0%
  triton_convolution_56 0.5315 ms 38.0%
  triton_convolution_58 0.6180 ms 32.6%
  triton_convolution_55 0.6185 ms 32.6%
  triton_convolution_60 0.6492 ms 31.1%
  triton_convolution_57 2.4064 ms 8.4%
SingleProcess AUTOTUNE benchmarking takes 1.0285 seconds and 0.0014 seconds precompiling
AUTOTUNE mm(100x1024, 1024x576)
  triton_mm_90 0.0143 ms 100.0%
  triton_mm_89 0.0164 ms 87.5%
  triton_mm_96 0.0164 ms 87.5%
  triton_mm_91 0.0174 ms 82.4%
  triton_mm_92 0.0174 ms 82.4%
  triton_mm_95 0.0174 ms 82.4%
  triton_mm_99 0.0184 ms 77.8%
  triton_mm_98 0.0205 ms 70.0%
  triton_mm_100 0.0205 ms 70.0%
  triton_mm_102 0.0215 ms 66.7%
SingleProcess AUTOTUNE benchmarking takes 2.2765 seconds and 0.0030 seconds precompiling
AUTOTUNE mm(1024x100, 100x576)
  triton_mm_118 0.0092 ms 100.0%
  triton_mm_120 0.0092 ms 100.0%
  triton_mm_116 0.0102 ms 90.0%
  triton_mm_117 0.0102 ms 90.0%
  triton_mm_119 0.0102 ms 90.0%
  triton_mm_121 0.0102 ms 90.0%
  triton_mm_108 0.0113 ms 81.8%
  triton_mm_109 0.0113 ms 81.8%
  triton_mm_111 0.0113 ms 81.8%
  triton_mm_113 0.0113 ms 81.8%
SingleProcess AUTOTUNE benchmarking takes 2.2590 seconds and 0.0036 seconds precompiling
trial 1/3: accuracy=75.36% training=8.310s inference=0.764s
trial 2/3: accuracy=75.21% training=8.282s inference=0.190s
trial 3/3: accuracy=75.68% training=8.180s inference=0.174s
{
  "requested_trials": 3,
  "number_of_trials": 3,
  "successful_trials": 3,
  "failed_trials": 0,
  "complete": true,
  "accuracy_target": 0.75,
  "run_error": null,
  "mean_accuracy": 0.7541666666666667,
  "accuracy_std": 0.0024006943440041256,
  "mean_training_time": 8.257354511333688,
  "training_time_std": 0.06851014509797224,
  "mean_evaluation_time": 0.3759816873328721,
  "evaluation_time_std": 0.3363695238620047,
  "qualified": true,
  "official": false,
  "dataset": "CIFAR-100",
  "run_id": "20261003T202804Z-da750899"
}
Results: /home/jovyan/work/arena3/hypothesis-dr/results/arena/20261003T202804Z-da750899
