AUTOTUNE convolution(1024x128x15x15, 384x128x3x3)
  convolution 0.9759 ms 100.0%
  triton_convolution_31 1.5974 ms 61.1%
  triton_convolution_28 1.6599 ms 58.8%
  triton_convolution_30 1.6630 ms 58.7%
  triton_convolution_33 1.8309 ms 53.3%
  triton_convolution_32 2.1248 ms 45.9%
  triton_convolution_27 2.5953 ms 37.6%
  triton_convolution_29 7.0533 ms 13.8%
SingleProcess AUTOTUNE benchmarking takes 1.2386 seconds and 0.0009 seconds precompiling
AUTOTUNE convolution(1024x384x7x7, 384x384x3x3)
  convolution 0.4997 ms 100.0%
  triton_convolution_38 0.9994 ms 50.0%
  triton_convolution_37 1.1443 ms 43.7%
  triton_convolution_35 1.2872 ms 38.8%
  triton_convolution_40 1.2877 ms 38.8%
  triton_convolution_39 1.4572 ms 34.3%
  triton_convolution_34 1.4940 ms 33.4%
  triton_convolution_36 5.0237 ms 9.9%
SingleProcess AUTOTUNE benchmarking takes 1.0872 seconds and 0.0011 seconds precompiling
AUTOTUNE convolution(1024x384x7x7, 576x384x3x3)
  convolution 0.7895 ms 100.0%
  triton_convolution_52 1.4940 ms 52.8%
  triton_convolution_51 1.8872 ms 41.8%
  triton_convolution_49 1.9318 ms 40.9%
  triton_convolution_54 1.9825 ms 39.8%
  triton_convolution_48 2.1504 ms 36.7%
  triton_convolution_53 2.1576 ms 36.6%
  triton_convolution_50 7.6728 ms 10.3%
SingleProcess AUTOTUNE benchmarking takes 1.1340 seconds and 0.0008 seconds precompiling
AUTOTUNE convolution(1024x576x3x3, 576x576x3x3)
  convolution 0.2038 ms 100.0%
  triton_convolution_59 0.4229 ms 48.2%
  triton_convolution_61 0.5181 ms 39.3%
  triton_convolution_56 0.5315 ms 38.3%
  triton_convolution_55 0.6185 ms 32.9%
  triton_convolution_58 0.6195 ms 32.9%
  triton_convolution_60 0.6502 ms 31.3%
  triton_convolution_57 2.4064 ms 8.5%
SingleProcess AUTOTUNE benchmarking takes 1.0212 seconds and 0.0010 seconds precompiling
trial 1/3: accuracy=74.64% training=8.371s inference=0.853s
trial 2/3: accuracy=74.13% training=8.349s inference=0.179s
trial 3/3: accuracy=74.53% training=8.285s inference=0.176s
{
  "requested_trials": 3,
  "number_of_trials": 3,
  "successful_trials": 3,
  "failed_trials": 0,
  "complete": true,
  "accuracy_target": 0.75,
  "run_error": null,
  "mean_accuracy": 0.7443333333333333,
  "accuracy_std": 0.0026839026311200865,
  "mean_training_time": 8.334861549999914,
  "training_time_std": 0.04427301817666243,
  "mean_evaluation_time": 0.4025796376663493,
  "evaluation_time_std": 0.38973052218680804,
  "qualified": false,
  "official": false,
  "dataset": "CIFAR-100",
  "run_id": "20261003T203024Z-d00ce77f"
}
Results: /home/jovyan/work/arena3/hypothesis-dr/results/arena/20261003T203024Z-d00ce77f
