trial 1/3: accuracy=75.44% training=8.124s inference=0.712s
trial 2/3: accuracy=75.64% training=8.103s inference=0.144s
trial 3/3: accuracy=75.46% training=8.049s inference=0.144s
{
  "requested_trials": 3,
  "number_of_trials": 3,
  "successful_trials": 3,
  "failed_trials": 0,
  "complete": true,
  "accuracy_target": 0.75,
  "run_error": null,
  "mean_accuracy": 0.7551333333333333,
  "accuracy_std": 0.0011015141094571999,
  "mean_training_time": 8.091988340665315,
  "training_time_std": 0.03877409797767921,
  "mean_evaluation_time": 0.3334943603355593,
  "evaluation_time_std": 0.3281499906073487,
  "qualified": true,
  "official": false,
  "dataset": "CIFAR-100",
  "run_id": "20261003T203442Z-e4399ae9"
}
Results: /home/jovyan/work/arena3/hypothesis-dr/results/arena/20261003T203442Z-e4399ae9
