AUTOTUNE mm(1024x512, 512x100)
  triton_mm_70 0.0113 ms 100.0%
  triton_mm_71 0.0113 ms 100.0%
  triton_mm_72 0.0113 ms 100.0%
  triton_mm_73 0.0113 ms 100.0%
  triton_mm_76 0.0123 ms 91.7%
  triton_mm_77 0.0123 ms 91.7%
  triton_mm_79 0.0143 ms 78.6%
  triton_mm_80 0.0143 ms 78.6%
  triton_mm_83 0.0143 ms 78.6%
  triton_mm_81 0.0154 ms 73.3%
SingleProcess AUTOTUNE benchmarking takes 2.4117 seconds and 0.0037 seconds precompiling
AUTOTUNE convolution(1024x384x7x7, 512x384x3x3)
  convolution 0.6707 ms 100.0%
  triton_convolution_52 1.3138 ms 51.1%
  triton_convolution_51 1.5252 ms 44.0%
  triton_convolution_53 1.5268 ms 43.9%
  triton_convolution_48 1.5908 ms 42.2%
  triton_convolution_49 1.7234 ms 38.9%
  triton_convolution_54 1.7459 ms 38.4%
  triton_convolution_50 6.8285 ms 9.8%
SingleProcess AUTOTUNE benchmarking takes 1.2128 seconds and 0.0008 seconds precompiling
AUTOTUNE convolution(1024x512x3x3, 512x512x3x3)
  convolution 0.1802 ms 100.0%
  triton_convolution_59 0.3369 ms 53.5%
  triton_convolution_58 0.4495 ms 40.1%
  triton_convolution_60 0.4526 ms 39.8%
  triton_convolution_61 0.4618 ms 39.0%
  triton_convolution_56 0.4669 ms 38.6%
  triton_convolution_55 0.5233 ms 34.4%
  triton_convolution_57 2.0705 ms 8.7%
SingleProcess AUTOTUNE benchmarking takes 1.0203 seconds and 0.0018 seconds precompiling
AUTOTUNE mm(100x1024, 1024x512)
  triton_mm_90 0.0143 ms 100.0%
  triton_mm_92 0.0164 ms 87.5%
  triton_mm_96 0.0164 ms 87.5%
  triton_mm_89 0.0174 ms 82.4%
  triton_mm_91 0.0174 ms 82.4%
  triton_mm_95 0.0174 ms 82.4%
  mm 0.0184 ms 77.8%
  triton_mm_99 0.0195 ms 73.7%
  triton_mm_100 0.0195 ms 73.7%
  triton_mm_98 0.0205 ms 70.0%
SingleProcess AUTOTUNE benchmarking takes 2.2760 seconds and 0.0035 seconds precompiling
AUTOTUNE mm(1024x100, 100x512)
  triton_mm_116 0.0092 ms 100.0%
  triton_mm_118 0.0092 ms 100.0%
  triton_mm_119 0.0092 ms 100.0%
  triton_mm_120 0.0092 ms 100.0%
  triton_mm_121 0.0092 ms 100.0%
  triton_mm_108 0.0102 ms 90.0%
  triton_mm_111 0.0102 ms 90.0%
  triton_mm_115 0.0102 ms 90.0%
  triton_mm_117 0.0102 ms 90.0%
  triton_mm_123 0.0102 ms 90.0%
SingleProcess AUTOTUNE benchmarking takes 2.2771 seconds and 0.0025 seconds precompiling
trial 1/3: accuracy=74.85% training=7.784s inference=0.694s
trial 2/3: accuracy=75.26% training=7.801s inference=0.138s
trial 3/3: accuracy=74.81% training=7.716s inference=0.137s
{
  "requested_trials": 3,
  "number_of_trials": 3,
  "successful_trials": 3,
  "failed_trials": 0,
  "complete": true,
  "accuracy_target": 0.75,
  "run_error": null,
  "mean_accuracy": 0.7497333333333334,
  "accuracy_std": 0.00249064917909637,
  "mean_training_time": 7.767010870333858,
  "training_time_std": 0.04505066762817605,
  "mean_evaluation_time": 0.32320831233422115,
  "evaluation_time_std": 0.3214533817368093,
  "qualified": false,
  "official": false,
  "dataset": "CIFAR-100",
  "run_id": "20261003T203553Z-103938a6"
}
Results: /home/jovyan/work/arena3/hypothesis-dr/results/arena/20261003T203553Z-103938a6
