trial 1/3: accuracy=75.53% training=8.153s inference=0.760s
trial 2/3: accuracy=75.13% training=8.125s inference=0.162s
trial 3/3: accuracy=75.19% training=8.098s inference=0.155s
{
  "requested_trials": 3,
  "number_of_trials": 3,
  "successful_trials": 3,
  "failed_trials": 0,
  "complete": true,
  "accuracy_target": 0.75,
  "run_error": null,
  "mean_accuracy": 0.7528333333333334,
  "accuracy_std": 0.002157158624981784,
  "mean_training_time": 8.125049773999004,
  "training_time_std": 0.027243515131396036,
  "mean_evaluation_time": 0.35915840966724016,
  "evaluation_time_std": 0.3473982828504581,
  "qualified": true,
  "official": false,
  "dataset": "CIFAR-100",
  "run_id": "20261003T203737Z-18cfa853"
}
Results: /home/jovyan/work/arena3/hypothesis-dr/results/arena/20261003T203737Z-18cfa853
