trial 1/3: accuracy=74.64% training=7.053s inference=0.741s
trial 2/3: accuracy=74.65% training=6.963s inference=0.145s
trial 3/3: accuracy=74.83% training=6.884s inference=0.143s
{
  "requested_trials": 3,
  "number_of_trials": 3,
  "successful_trials": 3,
  "failed_trials": 0,
  "complete": true,
  "accuracy_target": 0.75,
  "run_error": null,
  "mean_accuracy": 0.7470666666666667,
  "accuracy_std": 0.0010692676621563435,
  "mean_training_time": 6.966748373997689,
  "training_time_std": 0.08453479276121897,
  "mean_evaluation_time": 0.3429147763357226,
  "evaluation_time_std": 0.34458356401809953,
  "qualified": false,
  "official": false,
  "dataset": "CIFAR-100",
  "run_id": "20261003T204107Z-c07a2299"
}
Results: /home/jovyan/work/arena3/hypothesis-dr/results/arena/20261003T204107Z-c07a2299
