trial 1/3: accuracy=76.84% training=9.273s inference=0.715s
trial 2/3: accuracy=76.72% training=9.149s inference=0.147s
trial 3/3: accuracy=76.86% training=9.112s inference=0.144s
{
  "requested_trials": 3,
  "number_of_trials": 3,
  "successful_trials": 3,
  "failed_trials": 0,
  "complete": true,
  "accuracy_target": 0.75,
  "run_error": null,
  "mean_accuracy": 0.7680666666666667,
  "accuracy_std": 0.0007571877794400166,
  "mean_training_time": 9.178059158999531,
  "training_time_std": 0.08437474274055347,
  "mean_evaluation_time": 0.3352252869978353,
  "evaluation_time_std": 0.32890662034369916,
  "qualified": true,
  "official": false,
  "dataset": "CIFAR-100",
  "run_id": "20261003T204321Z-77c9bdc2"
}
Results: /home/jovyan/work/arena3/hypothesis-dr/results/arena/20261003T204321Z-77c9bdc2
