trial 1/3: accuracy=75.29% training=7.496s inference=0.718s
trial 2/3: accuracy=74.80% training=7.512s inference=0.134s
trial 3/3: accuracy=75.23% training=7.443s inference=0.131s
{
  "requested_trials": 3,
  "number_of_trials": 3,
  "successful_trials": 3,
  "failed_trials": 0,
  "complete": true,
  "accuracy_target": 0.75,
  "run_error": null,
  "mean_accuracy": 0.7510666666666667,
  "accuracy_std": 0.0026727015047201446,
  "mean_training_time": 7.483529160999751,
  "training_time_std": 0.03616745578688155,
  "mean_evaluation_time": 0.327597847332072,
  "evaluation_time_std": 0.3382667689916432,
  "qualified": true,
  "official": false,
  "dataset": "CIFAR-100",
  "run_id": "20261003T204522Z-e6ed1640"
}
Results: /home/jovyan/work/arena3/hypothesis-dr/results/arena/20261003T204522Z-e6ed1640
