trial 1/3: accuracy=75.98% training=8.170s inference=0.716s
trial 2/3: accuracy=76.53% training=8.135s inference=0.144s
trial 3/3: accuracy=76.06% training=8.038s inference=0.143s
{
  "requested_trials": 3,
  "number_of_trials": 3,
  "successful_trials": 3,
  "failed_trials": 0,
  "complete": true,
  "accuracy_target": 0.75,
  "run_error": null,
  "mean_accuracy": 0.7619,
  "accuracy_std": 0.002971531591620691,
  "mean_training_time": 8.11424579766996,
  "training_time_std": 0.06804669321247854,
  "mean_evaluation_time": 0.3342212536687536,
  "evaluation_time_std": 0.33035051136176996,
  "qualified": true,
  "official": false,
  "dataset": "CIFAR-100",
  "run_id": "20261003T204718Z-576dd6d2"
}
Results: /home/jovyan/work/arena3/hypothesis-dr/results/arena/20261003T204718Z-576dd6d2
