trial 1/3: accuracy=76.72% training=7.934s inference=0.827s
trial 2/3: accuracy=76.25% training=7.927s inference=0.168s
trial 3/3: accuracy=76.20% training=7.799s inference=0.169s
{
  "requested_trials": 3,
  "number_of_trials": 3,
  "successful_trials": 3,
  "failed_trials": 0,
  "complete": true,
  "accuracy_target": 0.75,
  "run_error": null,
  "mean_accuracy": 0.7639,
  "accuracy_std": 0.0028687976575562137,
  "mean_training_time": 7.886601234997215,
  "training_time_std": 0.07635822696011835,
  "mean_evaluation_time": 0.38830800900177564,
  "evaluation_time_std": 0.38031599632043733,
  "qualified": true,
  "official": false,
  "dataset": "CIFAR-100",
  "run_id": "20261003T205023Z-4b29d0a4"
}
Results: /home/jovyan/work/arena3/hypothesis-dr/results/arena/20261003T205023Z-4b29d0a4
