trial 1/3: accuracy=76.04% training=7.417s inference=0.762s
trial 2/3: accuracy=76.03% training=7.405s inference=0.168s
trial 3/3: accuracy=75.81% training=7.347s inference=0.166s
{
  "requested_trials": 3,
  "number_of_trials": 3,
  "successful_trials": 3,
  "failed_trials": 0,
  "complete": true,
  "accuracy_target": 0.75,
  "run_error": null,
  "mean_accuracy": 0.7595999999999999,
  "accuracy_std": 0.001299999999999985,
  "mean_training_time": 7.3900071763346205,
  "training_time_std": 0.03734883754172376,
  "mean_evaluation_time": 0.3655441346685014,
  "evaluation_time_std": 0.34367163858660094,
  "qualified": true,
  "official": false,
  "dataset": "CIFAR-100",
  "run_id": "20261003T205134Z-e5aa5bb1"
}
Results: /home/jovyan/work/arena3/hypothesis-dr/results/arena/20261003T205134Z-e5aa5bb1
