trial 1/3: accuracy=74.89% training=7.433s inference=0.711s
trial 2/3: accuracy=74.83% training=7.391s inference=0.145s
trial 3/3: accuracy=75.03% training=7.318s inference=0.143s
{
  "requested_trials": 3,
  "number_of_trials": 3,
  "successful_trials": 3,
  "failed_trials": 0,
  "complete": true,
  "accuracy_target": 0.75,
  "run_error": null,
  "mean_accuracy": 0.7491666666666666,
  "accuracy_std": 0.001026320287889372,
  "mean_training_time": 7.380769707335276,
  "training_time_std": 0.05839440619361666,
  "mean_evaluation_time": 0.3330549743332085,
  "evaluation_time_std": 0.3269324007355821,
  "qualified": false,
  "official": false,
  "dataset": "CIFAR-100",
  "run_id": "20261003T205242Z-51214629"
}
Results: /home/jovyan/work/arena3/hypothesis-dr/results/arena/20261003T205242Z-51214629
