trial 1/3: accuracy=75.05% training=7.398s inference=0.711s
trial 2/3: accuracy=75.25% training=7.392s inference=0.145s
trial 3/3: accuracy=75.01% training=7.314s inference=0.143s
{
  "requested_trials": 3,
  "number_of_trials": 3,
  "successful_trials": 3,
  "failed_trials": 0,
  "complete": true,
  "accuracy_target": 0.75,
  "run_error": null,
  "mean_accuracy": 0.7510333333333333,
  "accuracy_std": 0.0012858201014657124,
  "mean_training_time": 7.3676665856692125,
  "training_time_std": 0.046881071229602965,
  "mean_evaluation_time": 0.33316408900282113,
  "evaluation_time_std": 0.3275229221926303,
  "qualified": true,
  "official": false,
  "dataset": "CIFAR-100",
  "run_id": "20261003T205355Z-8078e0cf"
}
Results: /home/jovyan/work/arena3/hypothesis-dr/results/arena/20261003T205355Z-8078e0cf
