trial 1/3: accuracy=76.12% training=7.276s inference=0.767s
trial 2/3: accuracy=76.15% training=7.256s inference=0.144s
trial 3/3: accuracy=76.34% training=7.161s inference=0.147s
{
  "requested_trials": 3,
  "number_of_trials": 3,
  "successful_trials": 3,
  "failed_trials": 0,
  "complete": true,
  "accuracy_target": 0.75,
  "run_error": null,
  "mean_accuracy": 0.7620333333333333,
  "accuracy_std": 0.0011930353445448812,
  "mean_training_time": 7.231062975001502,
  "training_time_std": 0.06124958674857704,
  "mean_evaluation_time": 0.3527300993349248,
  "evaluation_time_std": 0.3589758675363327,
  "qualified": true,
  "official": false,
  "dataset": "CIFAR-100",
  "run_id": "20261003T205538Z-df3285e0"
}
Results: /home/jovyan/work/arena3/hypothesis-dr/results/arena/20261003T205538Z-df3285e0
