trial 1/3: accuracy=76.11% training=6.783s inference=0.704s
trial 2/3: accuracy=75.43% training=6.756s inference=0.146s
trial 3/3: accuracy=75.93% training=6.682s inference=0.143s
{
  "requested_trials": 3,
  "number_of_trials": 3,
  "successful_trials": 3,
  "failed_trials": 0,
  "complete": true,
  "accuracy_target": 0.75,
  "run_error": null,
  "mean_accuracy": 0.7582333333333333,
  "accuracy_std": 0.0035232560697930288,
  "mean_training_time": 6.740357899664862,
  "training_time_std": 0.05210070785274654,
  "mean_evaluation_time": 0.3307939103348569,
  "evaluation_time_std": 0.32347170205284115,
  "qualified": true,
  "official": false,
  "dataset": "CIFAR-100",
  "run_id": "20261003T205654Z-ae48e09b"
}
Results: /home/jovyan/work/arena3/hypothesis-dr/results/arena/20261003T205654Z-ae48e09b
