trial 1/3: accuracy=75.70% training=6.575s inference=0.722s
trial 2/3: accuracy=75.73% training=6.578s inference=0.170s
trial 3/3: accuracy=75.62% training=6.524s inference=0.168s
{
  "requested_trials": 3,
  "number_of_trials": 3,
  "successful_trials": 3,
  "failed_trials": 0,
  "complete": true,
  "accuracy_target": 0.75,
  "run_error": null,
  "mean_accuracy": 0.7568333333333334,
  "accuracy_std": 0.0005686240703077319,
  "mean_training_time": 6.558853191667974,
  "training_time_std": 0.03061801579364015,
  "mean_evaluation_time": 0.35348452000228764,
  "evaluation_time_std": 0.3194924542328532,
  "qualified": true,
  "official": false,
  "dataset": "CIFAR-100",
  "run_id": "20261003T210129Z-a8be424c"
}
Results: /home/jovyan/work/arena3/hypothesis-dr/results/arena/20261003T210129Z-a8be424c
