trial 1/3: accuracy=75.82% training=6.549s inference=0.717s
trial 2/3: accuracy=75.76% training=6.563s inference=0.164s
trial 3/3: accuracy=75.98% training=6.482s inference=0.161s
{
  "requested_trials": 3,
  "number_of_trials": 3,
  "successful_trials": 3,
  "failed_trials": 0,
  "complete": true,
  "accuracy_target": 0.75,
  "run_error": null,
  "mean_accuracy": 0.7585333333333334,
  "accuracy_std": 0.0011372481406154637,
  "mean_training_time": 6.531138708000071,
  "training_time_std": 0.04317102483684903,
  "mean_evaluation_time": 0.3469581186679231,
  "evaluation_time_std": 0.32005111089920657,
  "qualified": true,
  "official": false,
  "dataset": "CIFAR-100",
  "run_id": "20261003T210236Z-5adf8ca7"
}
Results: /home/jovyan/work/arena3/hypothesis-dr/results/arena/20261003T210236Z-5adf8ca7
