trial 1/3: accuracy=75.69% training=6.587s inference=0.707s
trial 2/3: accuracy=75.07% training=6.594s inference=0.148s
trial 3/3: accuracy=75.28% training=6.541s inference=0.146s
{
  "requested_trials": 3,
  "number_of_trials": 3,
  "successful_trials": 3,
  "failed_trials": 0,
  "complete": true,
  "accuracy_target": 0.75,
  "run_error": null,
  "mean_accuracy": 0.7534666666666667,
  "accuracy_std": 0.0031533051443419302,
  "mean_training_time": 6.573776529665338,
  "training_time_std": 0.02893773950811127,
  "mean_evaluation_time": 0.33349355266788433,
  "evaluation_time_std": 0.32304708813627525,
  "qualified": true,
  "official": false,
  "dataset": "CIFAR-100",
  "run_id": "20261003T210343Z-279803b4"
}
Results: /home/jovyan/work/arena3/hypothesis-dr/results/arena/20261003T210343Z-279803b4
