trial 1/3: accuracy=76.23% training=6.572s inference=0.738s
trial 2/3: accuracy=76.02% training=6.575s inference=0.145s
trial 3/3: accuracy=75.85% training=6.498s inference=0.143s
{
  "requested_trials": 3,
  "number_of_trials": 3,
  "successful_trials": 3,
  "failed_trials": 0,
  "complete": true,
  "accuracy_target": 0.75,
  "run_error": null,
  "mean_accuracy": 0.7603333333333333,
  "accuracy_std": 0.0019035055380359099,
  "mean_training_time": 6.548330743333888,
  "training_time_std": 0.04340460765988894,
  "mean_evaluation_time": 0.3421325889988414,
  "evaluation_time_std": 0.3428535868330035,
  "qualified": true,
  "official": false,
  "dataset": "CIFAR-100",
  "run_id": "20261003T210457Z-bebca39a"
}
Results: /home/jovyan/work/arena3/hypothesis-dr/results/arena/20261003T210457Z-bebca39a
