trial 1/3: accuracy=75.44% training=6.130s inference=0.743s
trial 2/3: accuracy=75.55% training=6.110s inference=0.170s
trial 3/3: accuracy=75.39% training=6.041s inference=0.146s
{
  "requested_trials": 3,
  "number_of_trials": 3,
  "successful_trials": 3,
  "failed_trials": 0,
  "complete": true,
  "accuracy_target": 0.75,
  "run_error": null,
  "mean_accuracy": 0.7545999999999999,
  "accuracy_std": 0.0008185352771872159,
  "mean_training_time": 6.093930100330908,
  "training_time_std": 0.04705710832858731,
  "mean_evaluation_time": 0.35297618333182373,
  "evaluation_time_std": 0.3378930641590335,
  "qualified": true,
  "official": false,
  "dataset": "CIFAR-100",
  "run_id": "20261003T210618Z-049bf76c"
}
Results: /home/jovyan/work/arena3/hypothesis-dr/results/arena/20261003T210618Z-049bf76c
