trial 1/3: accuracy=75.56% training=6.108s inference=0.717s
trial 2/3: accuracy=75.68% training=6.095s inference=0.172s
trial 3/3: accuracy=75.15% training=6.030s inference=0.144s
{
  "requested_trials": 3,
  "number_of_trials": 3,
  "successful_trials": 3,
  "failed_trials": 0,
  "complete": true,
  "accuracy_target": 0.75,
  "run_error": null,
  "mean_accuracy": 0.7546333333333334,
  "accuracy_std": 0.002779088579612678,
  "mean_training_time": 6.077495828998508,
  "training_time_std": 0.04198353073662347,
  "mean_evaluation_time": 0.3442586096668189,
  "evaluation_time_std": 0.32296632958175453,
  "qualified": true,
  "official": false,
  "dataset": "CIFAR-100",
  "run_id": "20261003T210732Z-e205e77d"
}
Results: /home/jovyan/work/arena3/hypothesis-dr/results/arena/20261003T210732Z-e205e77d
