trial 1/3: accuracy=74.19% training=6.343s inference=0.720s
trial 2/3: accuracy=74.46% training=6.337s inference=0.168s
trial 3/3: accuracy=74.13% training=6.230s inference=0.170s
{
  "requested_trials": 3,
  "number_of_trials": 3,
  "successful_trials": 3,
  "failed_trials": 0,
  "complete": true,
  "accuracy_target": 0.75,
  "run_error": null,
  "mean_accuracy": 0.7426,
  "accuracy_std": 0.0017578395831247314,
  "mean_training_time": 6.303244266334029,
  "training_time_std": 0.0632929960927538,
  "mean_evaluation_time": 0.35254787066514837,
  "evaluation_time_std": 0.3180379996275852,
  "qualified": false,
  "official": false,
  "dataset": "CIFAR-100",
  "run_id": "20261003T211230Z-5d6b7da0"
}
Results: /home/jovyan/work/arena3/hypothesis-dr/results/arena/20261003T211230Z-5d6b7da0
