trial 1/3: accuracy=75.49% training=6.169s inference=0.728s
trial 2/3: accuracy=75.35% training=6.104s inference=0.145s
trial 3/3: accuracy=75.38% training=6.036s inference=0.179s
{
  "requested_trials": 3,
  "number_of_trials": 3,
  "successful_trials": 3,
  "failed_trials": 0,
  "complete": true,
  "accuracy_target": 0.75,
  "run_error": null,
  "mean_accuracy": 0.7540666666666667,
  "accuracy_std": 0.0007371114795832236,
  "mean_training_time": 6.1029981713315165,
  "training_time_std": 0.06652370528675308,
  "mean_evaluation_time": 0.350690260665336,
  "evaluation_time_std": 0.32718239366420393,
  "qualified": true,
  "official": false,
  "dataset": "CIFAR-100",
  "run_id": "20261003T211424Z-9607230a"
}
Results: /home/jovyan/work/arena3/hypothesis-dr/results/arena/20261003T211424Z-9607230a
