trial 1/3: accuracy=75.13% training=6.143s inference=0.738s
trial 2/3: accuracy=75.52% training=6.071s inference=0.144s
trial 3/3: accuracy=75.66% training=6.003s inference=0.142s
{
  "requested_trials": 3,
  "number_of_trials": 3,
  "successful_trials": 3,
  "failed_trials": 0,
  "complete": true,
  "accuracy_target": 0.75,
  "run_error": null,
  "mean_accuracy": 0.7543666666666666,
  "accuracy_std": 0.002746512940681971,
  "mean_training_time": 6.072660868997143,
  "training_time_std": 0.06995522639350281,
  "mean_evaluation_time": 0.3414290666672362,
  "evaluation_time_std": 0.3432743152813639,
  "qualified": true,
  "official": false,
  "dataset": "CIFAR-100",
  "run_id": "20261003T211632Z-a7c248cc"
}
Results: /home/jovyan/work/arena3/hypothesis-dr/results/arena/20261003T211632Z-a7c248cc
