trial 1/3: accuracy=75.26% training=6.128s inference=0.778s
trial 2/3: accuracy=75.09% training=6.146s inference=0.150s
trial 3/3: accuracy=75.52% training=6.080s inference=0.144s
{
  "requested_trials": 3,
  "number_of_trials": 3,
  "successful_trials": 3,
  "failed_trials": 0,
  "complete": true,
  "accuracy_target": 0.75,
  "run_error": null,
  "mean_accuracy": 0.7529,
  "accuracy_std": 0.0021656407827707535,
  "mean_training_time": 6.118057614333035,
  "training_time_std": 0.03421132997777896,
  "mean_evaluation_time": 0.3575751976677566,
  "evaluation_time_std": 0.36446875500927073,
  "qualified": true,
  "official": false,
  "dataset": "CIFAR-100",
  "run_id": "20261003T212651Z-65155cc4"
}
Results: /home/jovyan/work/arena3/hypothesis-dr/results/arena/20261003T212651Z-65155cc4
