trial 1/3: accuracy=75.45% training=5.954s inference=0.699s
trial 2/3: accuracy=75.52% training=5.898s inference=0.144s
trial 3/3: accuracy=75.56% training=5.831s inference=0.142s
{
  "requested_trials": 3,
  "number_of_trials": 3,
  "successful_trials": 3,
  "failed_trials": 0,
  "complete": true,
  "accuracy_target": 0.75,
  "run_error": null,
  "mean_accuracy": 0.7551,
  "accuracy_std": 0.0005567764362830505,
  "mean_training_time": 5.894344831666483,
  "training_time_std": 0.06207038734163642,
  "mean_evaluation_time": 0.3283780966642856,
  "evaluation_time_std": 0.3205698619667767,
  "qualified": true,
  "official": false,
  "dataset": "CIFAR-100",
  "run_id": "20261003T213208Z-3417be78"
}
Results: /home/jovyan/work/arena3/hypothesis-dr/results/arena/20261003T213208Z-3417be78
