trial 1/3: accuracy=75.23% training=6.581s inference=0.691s
trial 2/3: accuracy=75.85% training=6.002s inference=0.144s
trial 3/3: accuracy=75.55% training=5.946s inference=0.142s
{
  "requested_trials": 3,
  "number_of_trials": 3,
  "successful_trials": 3,
  "failed_trials": 0,
  "complete": true,
  "accuracy_target": 0.75,
  "run_error": null,
  "mean_accuracy": 0.7554333333333333,
  "accuracy_std": 0.0031005375877955874,
  "mean_training_time": 6.176477517998137,
  "training_time_std": 0.35131845543651,
  "mean_evaluation_time": 0.3256386833333333,
  "evaluation_time_std": 0.3163877410620119,
  "qualified": true,
  "official": false,
  "dataset": "CIFAR-100",
  "run_id": "20261003T213741Z-d36cf655"
}
Results: /home/jovyan/work/arena3/hypothesis-dr/results/arena/20261003T213741Z-d36cf655
