trial 1/3: accuracy=75.42% training=5.945s inference=0.708s
trial 2/3: accuracy=75.43% training=5.904s inference=0.145s
trial 3/3: accuracy=75.61% training=5.847s inference=0.143s
{
  "requested_trials": 3,
  "number_of_trials": 3,
  "successful_trials": 3,
  "failed_trials": 0,
  "complete": true,
  "accuracy_target": 0.75,
  "run_error": null,
  "mean_accuracy": 0.7548666666666667,
  "accuracy_std": 0.001069267662156373,
  "mean_training_time": 5.898714751999553,
  "training_time_std": 0.04947757730801228,
  "mean_evaluation_time": 0.3318761233337379,
  "evaluation_time_std": 0.32574770288474064,
  "qualified": true,
  "official": false,
  "dataset": "CIFAR-100",
  "run_id": "20261003T213916Z-8f01d53d"
}
Results: /home/jovyan/work/arena3/hypothesis-dr/results/arena/20261003T213916Z-8f01d53d
