trial 1/3: accuracy=75.25% training=5.848s inference=0.679s
trial 2/3: accuracy=75.40% training=5.818s inference=0.132s
trial 3/3: accuracy=75.16% training=5.758s inference=0.131s
{
  "requested_trials": 3,
  "number_of_trials": 3,
  "successful_trials": 3,
  "failed_trials": 0,
  "complete": true,
  "accuracy_target": 0.75,
  "run_error": null,
  "mean_accuracy": 0.7527,
  "accuracy_std": 0.0012124355652981995,
  "mean_training_time": 5.8078868969969335,
  "training_time_std": 0.04609963462106611,
  "mean_evaluation_time": 0.31382706700242124,
  "evaluation_time_std": 0.31586440144769706,
  "qualified": true,
  "official": false,
  "dataset": "CIFAR-100",
  "run_id": "20261003T214127Z-8ef723fd"
}
Results: /home/jovyan/work/arena3/hypothesis-dr/results/arena/20261003T214127Z-8ef723fd
