trial 1/3: accuracy=75.20% training=5.971s inference=0.701s
trial 2/3: accuracy=75.81% training=5.883s inference=0.144s
trial 3/3: accuracy=75.54% training=5.802s inference=0.143s
{
  "requested_trials": 3,
  "number_of_trials": 3,
  "successful_trials": 3,
  "failed_trials": 0,
  "complete": true,
  "accuracy_target": 0.75,
  "run_error": null,
  "mean_accuracy": 0.7551666666666667,
  "accuracy_std": 0.003056686659331196,
  "mean_training_time": 5.885562021666071,
  "training_time_std": 0.0844124474031338,
  "mean_evaluation_time": 0.3292380496665525,
  "evaluation_time_std": 0.3216138831602063,
  "qualified": true,
  "official": false,
  "dataset": "CIFAR-100",
  "run_id": "20261003T214722Z-8e751e6d"
}
Results: /home/jovyan/work/arena3/hypothesis-dr/results/arena/20261003T214722Z-8e751e6d
