trial 1/3: accuracy=75.18% training=5.984s inference=0.740s
trial 2/3: accuracy=75.14% training=5.896s inference=0.145s
trial 3/3: accuracy=74.99% training=5.817s inference=0.142s
{
  "requested_trials": 3,
  "number_of_trials": 3,
  "successful_trials": 3,
  "failed_trials": 0,
  "complete": true,
  "accuracy_target": 0.75,
  "run_error": null,
  "mean_accuracy": 0.7510333333333333,
  "accuracy_std": 0.0010016652800877762,
  "mean_training_time": 5.89889374133539,
  "training_time_std": 0.08366041963369739,
  "mean_evaluation_time": 0.3423363883315081,
  "evaluation_time_std": 0.3441644441320771,
  "qualified": true,
  "official": false,
  "dataset": "CIFAR-100",
  "run_id": "20261003T214843Z-f36bc69d"
}
Results: /home/jovyan/work/arena3/hypothesis-dr/results/arena/20261003T214843Z-f36bc69d
