W1003 21:57:41.090000 130051232597824 torch/fx/experimental/symbolic_shapes.py:4449] [0/2] ps0 is not in var_ranges, defaulting to unknown range.
W1003 21:57:41.091000 130051232597824 torch/fx/experimental/symbolic_shapes.py:4449] [0/2] ps2 is not in var_ranges, defaulting to unknown range.
W1003 21:57:41.668000 130051232597824 torch/fx/experimental/symbolic_shapes.py:4449] [0/2] ps6 is not in var_ranges, defaulting to unknown range.
W1003 21:57:41.669000 130051232597824 torch/fx/experimental/symbolic_shapes.py:4449] [0/2] ps4 is not in var_ranges, defaulting to unknown range.
W1003 21:57:42.161000 130051232597824 torch/fx/experimental/symbolic_shapes.py:4449] [0/2] ps8 is not in var_ranges, defaulting to unknown range.
W1003 21:57:42.162000 130051232597824 torch/fx/experimental/symbolic_shapes.py:4449] [0/2] ps10 is not in var_ranges, defaulting to unknown range.
W1003 21:58:01.073000 130051232597824 torch/fx/experimental/symbolic_shapes.py:4449] [0/2] ps1 is not in var_ranges, defaulting to unknown range.
W1003 21:58:06.075000 130051232597824 torch/fx/experimental/symbolic_shapes.py:4449] [0/2] ps4 is not in var_ranges, defaulting to unknown range.
W1003 21:58:06.093000 130051232597824 torch/fx/experimental/symbolic_shapes.py:4449] [0/2] ps6 is not in var_ranges, defaulting to unknown range.
W1003 21:58:06.093000 130051232597824 torch/fx/experimental/symbolic_shapes.py:4449] [0/2] ps4 is not in var_ranges, defaulting to unknown range.
W1003 21:58:10.084000 130051232597824 torch/fx/experimental/symbolic_shapes.py:4449] [0/2] ps9 is not in var_ranges, defaulting to unknown range.
W1003 21:58:10.100000 130051232597824 torch/fx/experimental/symbolic_shapes.py:4449] [0/2] ps9 is not in var_ranges, defaulting to unknown range.
W1003 21:58:10.100000 130051232597824 torch/fx/experimental/symbolic_shapes.py:4449] [0/2] ps11 is not in var_ranges, defaulting to unknown range.
W1003 21:58:13.084000 130051232597824 torch/fx/experimental/symbolic_shapes.py:4449] [0/2] ps14 is not in var_ranges, defaulting to unknown range.
W1003 21:58:13.084000 130051232597824 torch/fx/experimental/symbolic_shapes.py:4449] [0/2] ps16 is not in var_ranges, defaulting to unknown range.
W1003 21:58:13.114000 130051232597824 torch/fx/experimental/symbolic_shapes.py:4449] [0/2] ps14 is not in var_ranges, defaulting to unknown range.
W1003 21:58:28.310000 130051232597824 torch/fx/experimental/symbolic_shapes.py:4449] [0/3] ps0 is not in var_ranges, defaulting to unknown range.
W1003 21:58:28.311000 130051232597824 torch/fx/experimental/symbolic_shapes.py:4449] [0/3] ps2 is not in var_ranges, defaulting to unknown range.
W1003 21:58:28.862000 130051232597824 torch/fx/experimental/symbolic_shapes.py:4449] [0/3] ps6 is not in var_ranges, defaulting to unknown range.
W1003 21:58:28.862000 130051232597824 torch/fx/experimental/symbolic_shapes.py:4449] [0/3] ps4 is not in var_ranges, defaulting to unknown range.
W1003 21:58:29.325000 130051232597824 torch/fx/experimental/symbolic_shapes.py:4449] [0/3] ps8 is not in var_ranges, defaulting to unknown range.
W1003 21:58:29.325000 130051232597824 torch/fx/experimental/symbolic_shapes.py:4449] [0/3] ps10 is not in var_ranges, defaulting to unknown range.
W1003 21:58:44.292000 130051232597824 torch/fx/experimental/symbolic_shapes.py:4449] [0/3] ps1 is not in var_ranges, defaulting to unknown range.
W1003 21:58:48.732000 130051232597824 torch/fx/experimental/symbolic_shapes.py:4449] [0/3] ps4 is not in var_ranges, defaulting to unknown range.
W1003 21:58:48.750000 130051232597824 torch/fx/experimental/symbolic_shapes.py:4449] [0/3] ps6 is not in var_ranges, defaulting to unknown range.
W1003 21:58:48.750000 130051232597824 torch/fx/experimental/symbolic_shapes.py:4449] [0/3] ps4 is not in var_ranges, defaulting to unknown range.
W1003 21:58:52.352000 130051232597824 torch/fx/experimental/symbolic_shapes.py:4449] [0/3] ps9 is not in var_ranges, defaulting to unknown range.
W1003 21:58:52.368000 130051232597824 torch/fx/experimental/symbolic_shapes.py:4449] [0/3] ps9 is not in var_ranges, defaulting to unknown range.
W1003 21:58:52.368000 130051232597824 torch/fx/experimental/symbolic_shapes.py:4449] [0/3] ps11 is not in var_ranges, defaulting to unknown range.
trial 1/3: accuracy=75.59% training=5.799s inference=0.673s
trial 2/3: accuracy=75.33% training=5.717s inference=0.146s
trial 3/3: accuracy=75.85% training=5.639s inference=0.143s
{
  "requested_trials": 3,
  "number_of_trials": 3,
  "successful_trials": 3,
  "failed_trials": 0,
  "complete": true,
  "accuracy_target": 0.75,
  "run_error": null,
  "mean_accuracy": 0.7559,
  "accuracy_std": 0.002599999999999991,
  "mean_training_time": 5.718205952665206,
  "training_time_std": 0.07969775813357403,
  "mean_evaluation_time": 0.32047699066849117,
  "evaluation_time_std": 0.3053993694178494,
  "qualified": true,
  "official": false,
  "dataset": "CIFAR-100",
  "run_id": "20261003T215651Z-f2ff8261"
}
Results: /home/jovyan/work/arena3/hypothesis-dr/results/arena/20261003T215651Z-f2ff8261
