W1003 22:05:22.045000 135769659393856 torch/fx/experimental/symbolic_shapes.py:4449] [0/2] ps2 is not in var_ranges, defaulting to unknown range.
W1003 22:05:22.045000 135769659393856 torch/fx/experimental/symbolic_shapes.py:4449] [0/2] ps0 is not in var_ranges, defaulting to unknown range.
W1003 22:05:22.643000 135769659393856 torch/fx/experimental/symbolic_shapes.py:4449] [0/2] ps4 is not in var_ranges, defaulting to unknown range.
W1003 22:05:22.643000 135769659393856 torch/fx/experimental/symbolic_shapes.py:4449] [0/2] ps6 is not in var_ranges, defaulting to unknown range.
W1003 22:05:23.600000 135769659393856 torch/fx/experimental/symbolic_shapes.py:4449] [0/2] ps10 is not in var_ranges, defaulting to unknown range.
W1003 22:05:23.600000 135769659393856 torch/fx/experimental/symbolic_shapes.py:4449] [0/2] ps8 is not in var_ranges, defaulting to unknown range.
W1003 22:05:42.374000 135769659393856 torch/fx/experimental/symbolic_shapes.py:4449] [0/2] ps1 is not in var_ranges, defaulting to unknown range.
W1003 22:05:47.346000 135769659393856 torch/fx/experimental/symbolic_shapes.py:4449] [0/2] ps4 is not in var_ranges, defaulting to unknown range.
W1003 22:05:47.364000 135769659393856 torch/fx/experimental/symbolic_shapes.py:4449] [0/2] ps6 is not in var_ranges, defaulting to unknown range.
W1003 22:05:47.364000 135769659393856 torch/fx/experimental/symbolic_shapes.py:4449] [0/2] ps4 is not in var_ranges, defaulting to unknown range.
W1003 22:05:51.330000 135769659393856 torch/fx/experimental/symbolic_shapes.py:4449] [0/2] ps9 is not in var_ranges, defaulting to unknown range.
W1003 22:05:51.344000 135769659393856 torch/fx/experimental/symbolic_shapes.py:4449] [0/2] ps9 is not in var_ranges, defaulting to unknown range.
W1003 22:05:51.345000 135769659393856 torch/fx/experimental/symbolic_shapes.py:4449] [0/2] ps11 is not in var_ranges, defaulting to unknown range.
W1003 22:05:54.343000 135769659393856 torch/fx/experimental/symbolic_shapes.py:4449] [0/2] ps16 is not in var_ranges, defaulting to unknown range.
W1003 22:05:54.343000 135769659393856 torch/fx/experimental/symbolic_shapes.py:4449] [0/2] ps14 is not in var_ranges, defaulting to unknown range.
W1003 22:05:54.372000 135769659393856 torch/fx/experimental/symbolic_shapes.py:4449] [0/2] ps14 is not in var_ranges, defaulting to unknown range.
W1003 22:06:10.221000 135769659393856 torch/fx/experimental/symbolic_shapes.py:4449] [0/3] ps2 is not in var_ranges, defaulting to unknown range.
W1003 22:06:10.221000 135769659393856 torch/fx/experimental/symbolic_shapes.py:4449] [0/3] ps0 is not in var_ranges, defaulting to unknown range.
W1003 22:06:10.798000 135769659393856 torch/fx/experimental/symbolic_shapes.py:4449] [0/3] ps4 is not in var_ranges, defaulting to unknown range.
W1003 22:06:10.798000 135769659393856 torch/fx/experimental/symbolic_shapes.py:4449] [0/3] ps6 is not in var_ranges, defaulting to unknown range.
W1003 22:06:11.350000 135769659393856 torch/fx/experimental/symbolic_shapes.py:4449] [0/3] ps10 is not in var_ranges, defaulting to unknown range.
W1003 22:06:11.350000 135769659393856 torch/fx/experimental/symbolic_shapes.py:4449] [0/3] ps8 is not in var_ranges, defaulting to unknown range.
W1003 22:06:26.195000 135769659393856 torch/fx/experimental/symbolic_shapes.py:4449] [0/3] ps1 is not in var_ranges, defaulting to unknown range.
W1003 22:06:30.682000 135769659393856 torch/fx/experimental/symbolic_shapes.py:4449] [0/3] ps4 is not in var_ranges, defaulting to unknown range.
W1003 22:06:30.701000 135769659393856 torch/fx/experimental/symbolic_shapes.py:4449] [0/3] ps6 is not in var_ranges, defaulting to unknown range.
W1003 22:06:30.701000 135769659393856 torch/fx/experimental/symbolic_shapes.py:4449] [0/3] ps4 is not in var_ranges, defaulting to unknown range.
W1003 22:06:34.315000 135769659393856 torch/fx/experimental/symbolic_shapes.py:4449] [0/3] ps9 is not in var_ranges, defaulting to unknown range.
W1003 22:06:34.330000 135769659393856 torch/fx/experimental/symbolic_shapes.py:4449] [0/3] ps9 is not in var_ranges, defaulting to unknown range.
W1003 22:06:34.330000 135769659393856 torch/fx/experimental/symbolic_shapes.py:4449] [0/3] ps11 is not in var_ranges, defaulting to unknown range.
trial 1/3: accuracy=75.23% training=5.467s inference=0.670s
trial 2/3: accuracy=75.54% training=5.428s inference=0.146s
trial 3/3: accuracy=75.22% training=5.370s inference=0.142s
{
  "requested_trials": 3,
  "number_of_trials": 3,
  "successful_trials": 3,
  "failed_trials": 0,
  "complete": true,
  "accuracy_target": 0.75,
  "run_error": null,
  "mean_accuracy": 0.7533,
  "accuracy_std": 0.0018193405398660171,
  "mean_training_time": 5.421605435001159,
  "training_time_std": 0.04875355313980164,
  "mean_evaluation_time": 0.31922136633268866,
  "evaluation_time_std": 0.3037108015307445,
  "qualified": true,
  "official": false,
  "dataset": "CIFAR-100",
  "run_id": "20261003T220431Z-279015aa"
}
Results: /home/jovyan/work/arena3/hypothesis-dr/results/arena/20261003T220431Z-279015aa
