W1003 22:13:47.602000 138169457735488 torch/fx/experimental/symbolic_shapes.py:4449] [0/2] ps0 is not in var_ranges, defaulting to unknown range.
W1003 22:13:47.602000 138169457735488 torch/fx/experimental/symbolic_shapes.py:4449] [0/2] ps2 is not in var_ranges, defaulting to unknown range.
W1003 22:13:48.372000 138169457735488 torch/fx/experimental/symbolic_shapes.py:4449] [0/2] ps4 is not in var_ranges, defaulting to unknown range.
W1003 22:13:48.373000 138169457735488 torch/fx/experimental/symbolic_shapes.py:4449] [0/2] ps6 is not in var_ranges, defaulting to unknown range.
W1003 22:13:49.640000 138169457735488 torch/fx/experimental/symbolic_shapes.py:4449] [0/2] ps8 is not in var_ranges, defaulting to unknown range.
W1003 22:13:49.640000 138169457735488 torch/fx/experimental/symbolic_shapes.py:4449] [0/2] ps10 is not in var_ranges, defaulting to unknown range.
W1003 22:14:14.076000 138169457735488 torch/fx/experimental/symbolic_shapes.py:4449] [0/2] ps1 is not in var_ranges, defaulting to unknown range.
W1003 22:14:20.343000 138169457735488 torch/fx/experimental/symbolic_shapes.py:4449] [0/2] ps4 is not in var_ranges, defaulting to unknown range.
W1003 22:14:20.361000 138169457735488 torch/fx/experimental/symbolic_shapes.py:4449] [0/2] ps4 is not in var_ranges, defaulting to unknown range.
W1003 22:14:20.361000 138169457735488 torch/fx/experimental/symbolic_shapes.py:4449] [0/2] ps6 is not in var_ranges, defaulting to unknown range.
W1003 22:14:24.412000 138169457735488 torch/fx/experimental/symbolic_shapes.py:4449] [0/2] ps9 is not in var_ranges, defaulting to unknown range.
W1003 22:14:24.424000 138169457735488 torch/fx/experimental/symbolic_shapes.py:4449] [0/2] ps9 is not in var_ranges, defaulting to unknown range.
W1003 22:14:24.424000 138169457735488 torch/fx/experimental/symbolic_shapes.py:4449] [0/2] ps11 is not in var_ranges, defaulting to unknown range.
W1003 22:14:27.456000 138169457735488 torch/fx/experimental/symbolic_shapes.py:4449] [0/2] ps14 is not in var_ranges, defaulting to unknown range.
W1003 22:14:27.456000 138169457735488 torch/fx/experimental/symbolic_shapes.py:4449] [0/2] ps16 is not in var_ranges, defaulting to unknown range.
W1003 22:14:27.487000 138169457735488 torch/fx/experimental/symbolic_shapes.py:4449] [0/2] ps14 is not in var_ranges, defaulting to unknown range.
W1003 22:14:43.361000 138169457735488 torch/fx/experimental/symbolic_shapes.py:4449] [0/3] ps0 is not in var_ranges, defaulting to unknown range.
W1003 22:14:43.361000 138169457735488 torch/fx/experimental/symbolic_shapes.py:4449] [0/3] ps2 is not in var_ranges, defaulting to unknown range.
W1003 22:14:43.938000 138169457735488 torch/fx/experimental/symbolic_shapes.py:4449] [0/3] ps4 is not in var_ranges, defaulting to unknown range.
W1003 22:14:43.938000 138169457735488 torch/fx/experimental/symbolic_shapes.py:4449] [0/3] ps6 is not in var_ranges, defaulting to unknown range.
W1003 22:14:44.500000 138169457735488 torch/fx/experimental/symbolic_shapes.py:4449] [0/3] ps8 is not in var_ranges, defaulting to unknown range.
W1003 22:14:44.500000 138169457735488 torch/fx/experimental/symbolic_shapes.py:4449] [0/3] ps10 is not in var_ranges, defaulting to unknown range.
W1003 22:14:59.710000 138169457735488 torch/fx/experimental/symbolic_shapes.py:4449] [0/3] ps1 is not in var_ranges, defaulting to unknown range.
W1003 22:15:04.215000 138169457735488 torch/fx/experimental/symbolic_shapes.py:4449] [0/3] ps4 is not in var_ranges, defaulting to unknown range.
W1003 22:15:04.234000 138169457735488 torch/fx/experimental/symbolic_shapes.py:4449] [0/3] ps4 is not in var_ranges, defaulting to unknown range.
W1003 22:15:04.234000 138169457735488 torch/fx/experimental/symbolic_shapes.py:4449] [0/3] ps6 is not in var_ranges, defaulting to unknown range.
W1003 22:15:08.469000 138169457735488 torch/fx/experimental/symbolic_shapes.py:4449] [0/3] ps9 is not in var_ranges, defaulting to unknown range.
W1003 22:15:08.481000 138169457735488 torch/fx/experimental/symbolic_shapes.py:4449] [0/3] ps9 is not in var_ranges, defaulting to unknown range.
W1003 22:15:08.481000 138169457735488 torch/fx/experimental/symbolic_shapes.py:4449] [0/3] ps11 is not in var_ranges, defaulting to unknown range.
trial 1/3: accuracy=75.38% training=5.489s inference=0.683s
trial 2/3: accuracy=75.76% training=5.458s inference=0.147s
trial 3/3: accuracy=75.34% training=5.400s inference=0.144s
{
  "requested_trials": 3,
  "number_of_trials": 3,
  "successful_trials": 3,
  "failed_trials": 0,
  "complete": true,
  "accuracy_target": 0.75,
  "run_error": null,
  "mean_accuracy": 0.7549333333333333,
  "accuracy_std": 0.0023180451534285315,
  "mean_training_time": 5.449109408330211,
  "training_time_std": 0.045019793665198676,
  "mean_evaluation_time": 0.3246061040020625,
  "evaluation_time_std": 0.31028444923861864,
  "qualified": true,
  "official": false,
  "dataset": "CIFAR-100",
  "run_id": "20261003T221252Z-42774431"
}
Results: /home/jovyan/work/arena3/hypothesis-dr/results/arena/20261003T221252Z-42774431
