W1003 22:16:53.880000 139798843967296 torch/fx/experimental/symbolic_shapes.py:4449] [0/2] ps2 is not in var_ranges, defaulting to unknown range.
W1003 22:16:53.880000 139798843967296 torch/fx/experimental/symbolic_shapes.py:4449] [0/2] ps0 is not in var_ranges, defaulting to unknown range.
W1003 22:16:54.737000 139798843967296 torch/fx/experimental/symbolic_shapes.py:4449] [0/2] ps6 is not in var_ranges, defaulting to unknown range.
W1003 22:16:54.738000 139798843967296 torch/fx/experimental/symbolic_shapes.py:4449] [0/2] ps4 is not in var_ranges, defaulting to unknown range.
W1003 22:16:56.015000 139798843967296 torch/fx/experimental/symbolic_shapes.py:4449] [0/2] ps8 is not in var_ranges, defaulting to unknown range.
W1003 22:16:56.016000 139798843967296 torch/fx/experimental/symbolic_shapes.py:4449] [0/2] ps10 is not in var_ranges, defaulting to unknown range.
W1003 22:17:20.809000 139798843967296 torch/fx/experimental/symbolic_shapes.py:4449] [0/2] ps1 is not in var_ranges, defaulting to unknown range.
W1003 22:17:27.371000 139798843967296 torch/fx/experimental/symbolic_shapes.py:4449] [0/2] ps4 is not in var_ranges, defaulting to unknown range.
W1003 22:17:27.389000 139798843967296 torch/fx/experimental/symbolic_shapes.py:4449] [0/2] ps4 is not in var_ranges, defaulting to unknown range.
W1003 22:17:27.390000 139798843967296 torch/fx/experimental/symbolic_shapes.py:4449] [0/2] ps6 is not in var_ranges, defaulting to unknown range.
W1003 22:17:32.652000 139798843967296 torch/fx/experimental/symbolic_shapes.py:4449] [0/2] ps9 is not in var_ranges, defaulting to unknown range.
W1003 22:17:32.669000 139798843967296 torch/fx/experimental/symbolic_shapes.py:4449] [0/2] ps11 is not in var_ranges, defaulting to unknown range.
W1003 22:17:32.669000 139798843967296 torch/fx/experimental/symbolic_shapes.py:4449] [0/2] ps9 is not in var_ranges, defaulting to unknown range.
W1003 22:17:36.613000 139798843967296 torch/fx/experimental/symbolic_shapes.py:4449] [0/2] ps16 is not in var_ranges, defaulting to unknown range.
W1003 22:17:36.613000 139798843967296 torch/fx/experimental/symbolic_shapes.py:4449] [0/2] ps14 is not in var_ranges, defaulting to unknown range.
W1003 22:17:36.654000 139798843967296 torch/fx/experimental/symbolic_shapes.py:4449] [0/2] ps14 is not in var_ranges, defaulting to unknown range.
W1003 22:17:56.327000 139798843967296 torch/fx/experimental/symbolic_shapes.py:4449] [0/3] ps2 is not in var_ranges, defaulting to unknown range.
W1003 22:17:56.327000 139798843967296 torch/fx/experimental/symbolic_shapes.py:4449] [0/3] ps0 is not in var_ranges, defaulting to unknown range.
W1003 22:17:57.080000 139798843967296 torch/fx/experimental/symbolic_shapes.py:4449] [0/3] ps6 is not in var_ranges, defaulting to unknown range.
W1003 22:17:57.080000 139798843967296 torch/fx/experimental/symbolic_shapes.py:4449] [0/3] ps4 is not in var_ranges, defaulting to unknown range.
W1003 22:17:57.798000 139798843967296 torch/fx/experimental/symbolic_shapes.py:4449] [0/3] ps8 is not in var_ranges, defaulting to unknown range.
W1003 22:17:57.798000 139798843967296 torch/fx/experimental/symbolic_shapes.py:4449] [0/3] ps10 is not in var_ranges, defaulting to unknown range.
W1003 22:18:15.738000 139798843967296 torch/fx/experimental/symbolic_shapes.py:4449] [0/3] ps1 is not in var_ranges, defaulting to unknown range.
W1003 22:18:20.218000 139798843967296 torch/fx/experimental/symbolic_shapes.py:4449] [0/3] ps4 is not in var_ranges, defaulting to unknown range.
W1003 22:18:20.233000 139798843967296 torch/fx/experimental/symbolic_shapes.py:4449] [0/3] ps4 is not in var_ranges, defaulting to unknown range.
W1003 22:18:20.233000 139798843967296 torch/fx/experimental/symbolic_shapes.py:4449] [0/3] ps6 is not in var_ranges, defaulting to unknown range.
W1003 22:18:23.867000 139798843967296 torch/fx/experimental/symbolic_shapes.py:4449] [0/3] ps9 is not in var_ranges, defaulting to unknown range.
W1003 22:18:23.879000 139798843967296 torch/fx/experimental/symbolic_shapes.py:4449] [0/3] ps11 is not in var_ranges, defaulting to unknown range.
W1003 22:18:23.879000 139798843967296 torch/fx/experimental/symbolic_shapes.py:4449] [0/3] ps9 is not in var_ranges, defaulting to unknown range.
trial 1/3: accuracy=75.22% training=5.231s inference=0.691s
trial 2/3: accuracy=75.17% training=5.185s inference=0.144s
trial 3/3: accuracy=74.95% training=5.118s inference=0.142s
{
  "requested_trials": 3,
  "number_of_trials": 3,
  "successful_trials": 3,
  "failed_trials": 0,
  "complete": true,
  "accuracy_target": 0.75,
  "run_error": null,
  "mean_accuracy": 0.7511333333333333,
  "accuracy_std": 0.0014364307617609842,
  "mean_training_time": 5.178028846336626,
  "training_time_std": 0.05660409281025332,
  "mean_evaluation_time": 0.32565057833077543,
  "evaluation_time_std": 0.3160071724259861,
  "qualified": true,
  "official": false,
  "dataset": "CIFAR-100",
  "run_id": "20261003T221556Z-bf2d43c2"
}
Results: /home/jovyan/work/arena3/hypothesis-dr/results/arena/20261003T221556Z-bf2d43c2
