W1003 22:25:06.320000 133538768635712 torch/fx/experimental/symbolic_shapes.py:4449] [0/2] ps2 is not in var_ranges, defaulting to unknown range.
W1003 22:25:06.321000 133538768635712 torch/fx/experimental/symbolic_shapes.py:4449] [0/2] ps0 is not in var_ranges, defaulting to unknown range.
W1003 22:25:06.922000 133538768635712 torch/fx/experimental/symbolic_shapes.py:4449] [0/2] ps6 is not in var_ranges, defaulting to unknown range.
W1003 22:25:06.922000 133538768635712 torch/fx/experimental/symbolic_shapes.py:4449] [0/2] ps4 is not in var_ranges, defaulting to unknown range.
W1003 22:25:07.496000 133538768635712 torch/fx/experimental/symbolic_shapes.py:4449] [0/2] ps8 is not in var_ranges, defaulting to unknown range.
W1003 22:25:07.497000 133538768635712 torch/fx/experimental/symbolic_shapes.py:4449] [0/2] ps10 is not in var_ranges, defaulting to unknown range.
W1003 22:25:28.231000 133538768635712 torch/fx/experimental/symbolic_shapes.py:4449] [0/2] ps0 is not in var_ranges, defaulting to unknown range.
W1003 22:25:28.260000 133538768635712 torch/fx/experimental/symbolic_shapes.py:4449] [0/2] ps2 is not in var_ranges, defaulting to unknown range.
W1003 22:25:28.260000 133538768635712 torch/fx/experimental/symbolic_shapes.py:4449] [0/2] ps0 is not in var_ranges, defaulting to unknown range.
W1003 22:25:33.354000 133538768635712 torch/fx/experimental/symbolic_shapes.py:4449] [0/2] ps5 is not in var_ranges, defaulting to unknown range.
W1003 22:25:33.372000 133538768635712 torch/fx/experimental/symbolic_shapes.py:4449] [0/2] ps7 is not in var_ranges, defaulting to unknown range.
W1003 22:25:33.372000 133538768635712 torch/fx/experimental/symbolic_shapes.py:4449] [0/2] ps5 is not in var_ranges, defaulting to unknown range.
W1003 22:25:37.356000 133538768635712 torch/fx/experimental/symbolic_shapes.py:4449] [0/2] ps10 is not in var_ranges, defaulting to unknown range.
W1003 22:25:37.373000 133538768635712 torch/fx/experimental/symbolic_shapes.py:4449] [0/2] ps10 is not in var_ranges, defaulting to unknown range.
W1003 22:25:37.373000 133538768635712 torch/fx/experimental/symbolic_shapes.py:4449] [0/2] ps12 is not in var_ranges, defaulting to unknown range.
W1003 22:25:41.776000 133538768635712 torch/fx/experimental/symbolic_shapes.py:4449] [0/2] ps15 is not in var_ranges, defaulting to unknown range.
W1003 22:25:41.777000 133538768635712 torch/fx/experimental/symbolic_shapes.py:4449] [0/2] ps17 is not in var_ranges, defaulting to unknown range.
W1003 22:25:41.816000 133538768635712 torch/fx/experimental/symbolic_shapes.py:4449] [0/2] ps15 is not in var_ranges, defaulting to unknown range.
W1003 22:26:02.847000 133538768635712 torch/fx/experimental/symbolic_shapes.py:4449] [0/3] ps2 is not in var_ranges, defaulting to unknown range.
W1003 22:26:02.848000 133538768635712 torch/fx/experimental/symbolic_shapes.py:4449] [0/3] ps0 is not in var_ranges, defaulting to unknown range.
W1003 22:26:03.566000 133538768635712 torch/fx/experimental/symbolic_shapes.py:4449] [0/3] ps6 is not in var_ranges, defaulting to unknown range.
W1003 22:26:03.566000 133538768635712 torch/fx/experimental/symbolic_shapes.py:4449] [0/3] ps4 is not in var_ranges, defaulting to unknown range.
W1003 22:26:04.127000 133538768635712 torch/fx/experimental/symbolic_shapes.py:4449] [0/3] ps8 is not in var_ranges, defaulting to unknown range.
W1003 22:26:04.127000 133538768635712 torch/fx/experimental/symbolic_shapes.py:4449] [0/3] ps10 is not in var_ranges, defaulting to unknown range.
W1003 22:26:23.716000 133538768635712 torch/fx/experimental/symbolic_shapes.py:4449] [0/3] ps0 is not in var_ranges, defaulting to unknown range.
W1003 22:26:23.750000 133538768635712 torch/fx/experimental/symbolic_shapes.py:4449] [0/3] ps2 is not in var_ranges, defaulting to unknown range.
W1003 22:26:23.750000 133538768635712 torch/fx/experimental/symbolic_shapes.py:4449] [0/3] ps0 is not in var_ranges, defaulting to unknown range.
W1003 22:26:29.774000 133538768635712 torch/fx/experimental/symbolic_shapes.py:4449] [0/3] ps5 is not in var_ranges, defaulting to unknown range.
W1003 22:26:29.799000 133538768635712 torch/fx/experimental/symbolic_shapes.py:4449] [0/3] ps7 is not in var_ranges, defaulting to unknown range.
W1003 22:26:29.799000 133538768635712 torch/fx/experimental/symbolic_shapes.py:4449] [0/3] ps5 is not in var_ranges, defaulting to unknown range.
W1003 22:26:34.498000 133538768635712 torch/fx/experimental/symbolic_shapes.py:4449] [0/3] ps10 is not in var_ranges, defaulting to unknown range.
W1003 22:26:34.517000 133538768635712 torch/fx/experimental/symbolic_shapes.py:4449] [0/3] ps10 is not in var_ranges, defaulting to unknown range.
W1003 22:26:34.517000 133538768635712 torch/fx/experimental/symbolic_shapes.py:4449] [0/3] ps12 is not in var_ranges, defaulting to unknown range.
W1003 22:26:55.720000 133538768635712 torch/fx/experimental/symbolic_shapes.py:4449] [0/4] ps2 is not in var_ranges, defaulting to unknown range.
W1003 22:26:55.720000 133538768635712 torch/fx/experimental/symbolic_shapes.py:4449] [0/4] ps0 is not in var_ranges, defaulting to unknown range.
W1003 22:26:56.488000 133538768635712 torch/fx/experimental/symbolic_shapes.py:4449] [0/4] ps6 is not in var_ranges, defaulting to unknown range.
W1003 22:26:56.489000 133538768635712 torch/fx/experimental/symbolic_shapes.py:4449] [0/4] ps4 is not in var_ranges, defaulting to unknown range.
W1003 22:26:57.196000 133538768635712 torch/fx/experimental/symbolic_shapes.py:4449] [0/4] ps8 is not in var_ranges, defaulting to unknown range.
W1003 22:26:57.196000 133538768635712 torch/fx/experimental/symbolic_shapes.py:4449] [0/4] ps10 is not in var_ranges, defaulting to unknown range.
W1003 22:27:15.368000 133538768635712 torch/fx/experimental/symbolic_shapes.py:4449] [0/4] ps1 is not in var_ranges, defaulting to unknown range.
W1003 22:27:20.346000 133538768635712 torch/fx/experimental/symbolic_shapes.py:4449] [0/4] ps4 is not in var_ranges, defaulting to unknown range.
W1003 22:27:20.365000 133538768635712 torch/fx/experimental/symbolic_shapes.py:4449] [0/4] ps6 is not in var_ranges, defaulting to unknown range.
W1003 22:27:20.365000 133538768635712 torch/fx/experimental/symbolic_shapes.py:4449] [0/4] ps4 is not in var_ranges, defaulting to unknown range.
W1003 22:27:24.349000 133538768635712 torch/fx/experimental/symbolic_shapes.py:4449] [0/4] ps9 is not in var_ranges, defaulting to unknown range.
W1003 22:27:24.364000 133538768635712 torch/fx/experimental/symbolic_shapes.py:4449] [0/4] ps9 is not in var_ranges, defaulting to unknown range.
W1003 22:27:24.364000 133538768635712 torch/fx/experimental/symbolic_shapes.py:4449] [0/4] ps11 is not in var_ranges, defaulting to unknown range.
W1003 22:27:27.354000 133538768635712 torch/fx/experimental/symbolic_shapes.py:4449] [0/4] ps16 is not in var_ranges, defaulting to unknown range.
W1003 22:27:27.354000 133538768635712 torch/fx/experimental/symbolic_shapes.py:4449] [0/4] ps14 is not in var_ranges, defaulting to unknown range.
W1003 22:27:27.383000 133538768635712 torch/fx/experimental/symbolic_shapes.py:4449] [0/4] ps14 is not in var_ranges, defaulting to unknown range.
W1003 22:27:42.377000 133538768635712 torch/fx/experimental/symbolic_shapes.py:4449] [0/5] ps2 is not in var_ranges, defaulting to unknown range.
W1003 22:27:42.377000 133538768635712 torch/fx/experimental/symbolic_shapes.py:4449] [0/5] ps0 is not in var_ranges, defaulting to unknown range.
W1003 22:27:42.956000 133538768635712 torch/fx/experimental/symbolic_shapes.py:4449] [0/5] ps6 is not in var_ranges, defaulting to unknown range.
W1003 22:27:42.956000 133538768635712 torch/fx/experimental/symbolic_shapes.py:4449] [0/5] ps4 is not in var_ranges, defaulting to unknown range.
W1003 22:27:43.513000 133538768635712 torch/fx/experimental/symbolic_shapes.py:4449] [0/5] ps8 is not in var_ranges, defaulting to unknown range.
W1003 22:27:43.513000 133538768635712 torch/fx/experimental/symbolic_shapes.py:4449] [0/5] ps10 is not in var_ranges, defaulting to unknown range.
W1003 22:27:59.242000 133538768635712 torch/fx/experimental/symbolic_shapes.py:4449] [0/5] ps1 is not in var_ranges, defaulting to unknown range.
W1003 22:28:03.761000 133538768635712 torch/fx/experimental/symbolic_shapes.py:4449] [0/5] ps4 is not in var_ranges, defaulting to unknown range.
W1003 22:28:03.780000 133538768635712 torch/fx/experimental/symbolic_shapes.py:4449] [0/5] ps6 is not in var_ranges, defaulting to unknown range.
W1003 22:28:03.781000 133538768635712 torch/fx/experimental/symbolic_shapes.py:4449] [0/5] ps4 is not in var_ranges, defaulting to unknown range.
W1003 22:28:07.409000 133538768635712 torch/fx/experimental/symbolic_shapes.py:4449] [0/5] ps9 is not in var_ranges, defaulting to unknown range.
W1003 22:28:07.424000 133538768635712 torch/fx/experimental/symbolic_shapes.py:4449] [0/5] ps9 is not in var_ranges, defaulting to unknown range.
W1003 22:28:07.424000 133538768635712 torch/fx/experimental/symbolic_shapes.py:4449] [0/5] ps11 is not in var_ranges, defaulting to unknown range.
trial 1/3: accuracy=75.07% training=5.261s inference=0.718s
trial 2/3: accuracy=75.41% training=5.221s inference=0.166s
trial 3/3: accuracy=75.32% training=5.147s inference=0.143s
{
  "requested_trials": 3,
  "number_of_trials": 3,
  "successful_trials": 3,
  "failed_trials": 0,
  "complete": true,
  "accuracy_target": 0.75,
  "run_error": null,
  "mean_accuracy": 0.7526666666666667,
  "accuracy_std": 0.0017616280348964834,
  "mean_training_time": 5.2093691256668535,
  "training_time_std": 0.05797721089683396,
  "mean_evaluation_time": 0.34226527899833553,
  "evaluation_time_std": 0.32561498713832526,
  "qualified": true,
  "official": false,
  "dataset": "CIFAR-100",
  "run_id": "20261003T222416Z-00e936dd"
}
Results: /home/jovyan/work/arena3/hypothesis-dr/results/arena/20261003T222416Z-00e936dd
