W1003 22:45:23.072000 127062948947776 torch/fx/experimental/symbolic_shapes.py:4449] [0/2] ps2 is not in var_ranges, defaulting to unknown range.
W1003 22:45:23.072000 127062948947776 torch/fx/experimental/symbolic_shapes.py:4449] [0/2] ps0 is not in var_ranges, defaulting to unknown range.
W1003 22:45:23.666000 127062948947776 torch/fx/experimental/symbolic_shapes.py:4449] [0/2] ps4 is not in var_ranges, defaulting to unknown range.
W1003 22:45:23.666000 127062948947776 torch/fx/experimental/symbolic_shapes.py:4449] [0/2] ps6 is not in var_ranges, defaulting to unknown range.
W1003 22:45:24.229000 127062948947776 torch/fx/experimental/symbolic_shapes.py:4449] [0/2] ps8 is not in var_ranges, defaulting to unknown range.
W1003 22:45:24.230000 127062948947776 torch/fx/experimental/symbolic_shapes.py:4449] [0/2] ps10 is not in var_ranges, defaulting to unknown range.
W1003 22:45:44.669000 127062948947776 torch/fx/experimental/symbolic_shapes.py:4449] [0/2] ps0 is not in var_ranges, defaulting to unknown range.
W1003 22:45:44.687000 127062948947776 torch/fx/experimental/symbolic_shapes.py:4449] [0/2] ps2 is not in var_ranges, defaulting to unknown range.
W1003 22:45:44.687000 127062948947776 torch/fx/experimental/symbolic_shapes.py:4449] [0/2] ps0 is not in var_ranges, defaulting to unknown range.
W1003 22:45:50.193000 127062948947776 torch/fx/experimental/symbolic_shapes.py:4449] [0/2] ps5 is not in var_ranges, defaulting to unknown range.
W1003 22:45:50.212000 127062948947776 torch/fx/experimental/symbolic_shapes.py:4449] [0/2] ps7 is not in var_ranges, defaulting to unknown range.
W1003 22:45:50.212000 127062948947776 torch/fx/experimental/symbolic_shapes.py:4449] [0/2] ps5 is not in var_ranges, defaulting to unknown range.
W1003 22:45:54.209000 127062948947776 torch/fx/experimental/symbolic_shapes.py:4449] [0/2] ps10 is not in var_ranges, defaulting to unknown range.
W1003 22:45:54.220000 127062948947776 torch/fx/experimental/symbolic_shapes.py:4449] [0/2] ps12 is not in var_ranges, defaulting to unknown range.
W1003 22:45:54.221000 127062948947776 torch/fx/experimental/symbolic_shapes.py:4449] [0/2] ps10 is not in var_ranges, defaulting to unknown range.
W1003 22:45:57.252000 127062948947776 torch/fx/experimental/symbolic_shapes.py:4449] [0/2] ps17 is not in var_ranges, defaulting to unknown range.
W1003 22:45:57.253000 127062948947776 torch/fx/experimental/symbolic_shapes.py:4449] [0/2] ps15 is not in var_ranges, defaulting to unknown range.
W1003 22:45:57.282000 127062948947776 torch/fx/experimental/symbolic_shapes.py:4449] [0/2] ps15 is not in var_ranges, defaulting to unknown range.
W1003 22:46:12.717000 127062948947776 torch/fx/experimental/symbolic_shapes.py:4449] [0/3] ps2 is not in var_ranges, defaulting to unknown range.
W1003 22:46:12.717000 127062948947776 torch/fx/experimental/symbolic_shapes.py:4449] [0/3] ps0 is not in var_ranges, defaulting to unknown range.
W1003 22:46:13.295000 127062948947776 torch/fx/experimental/symbolic_shapes.py:4449] [0/3] ps4 is not in var_ranges, defaulting to unknown range.
W1003 22:46:13.295000 127062948947776 torch/fx/experimental/symbolic_shapes.py:4449] [0/3] ps6 is not in var_ranges, defaulting to unknown range.
W1003 22:46:13.857000 127062948947776 torch/fx/experimental/symbolic_shapes.py:4449] [0/3] ps8 is not in var_ranges, defaulting to unknown range.
W1003 22:46:13.857000 127062948947776 torch/fx/experimental/symbolic_shapes.py:4449] [0/3] ps10 is not in var_ranges, defaulting to unknown range.
W1003 22:46:33.745000 127062948947776 torch/fx/experimental/symbolic_shapes.py:4449] [0/3] ps0 is not in var_ranges, defaulting to unknown range.
W1003 22:46:33.773000 127062948947776 torch/fx/experimental/symbolic_shapes.py:4449] [0/3] ps2 is not in var_ranges, defaulting to unknown range.
W1003 22:46:33.773000 127062948947776 torch/fx/experimental/symbolic_shapes.py:4449] [0/3] ps0 is not in var_ranges, defaulting to unknown range.
W1003 22:46:40.851000 127062948947776 torch/fx/experimental/symbolic_shapes.py:4449] [0/3] ps5 is not in var_ranges, defaulting to unknown range.
W1003 22:46:40.879000 127062948947776 torch/fx/experimental/symbolic_shapes.py:4449] [0/3] ps7 is not in var_ranges, defaulting to unknown range.
W1003 22:46:40.880000 127062948947776 torch/fx/experimental/symbolic_shapes.py:4449] [0/3] ps5 is not in var_ranges, defaulting to unknown range.
W1003 22:46:46.306000 127062948947776 torch/fx/experimental/symbolic_shapes.py:4449] [0/3] ps10 is not in var_ranges, defaulting to unknown range.
W1003 22:46:46.323000 127062948947776 torch/fx/experimental/symbolic_shapes.py:4449] [0/3] ps12 is not in var_ranges, defaulting to unknown range.
W1003 22:46:46.323000 127062948947776 torch/fx/experimental/symbolic_shapes.py:4449] [0/3] ps10 is not in var_ranges, defaulting to unknown range.
W1003 22:47:06.617000 127062948947776 torch/fx/experimental/symbolic_shapes.py:4449] [0/4] ps2 is not in var_ranges, defaulting to unknown range.
W1003 22:47:06.618000 127062948947776 torch/fx/experimental/symbolic_shapes.py:4449] [0/4] ps0 is not in var_ranges, defaulting to unknown range.
W1003 22:47:07.211000 127062948947776 torch/fx/experimental/symbolic_shapes.py:4449] [0/4] ps4 is not in var_ranges, defaulting to unknown range.
W1003 22:47:07.211000 127062948947776 torch/fx/experimental/symbolic_shapes.py:4449] [0/4] ps6 is not in var_ranges, defaulting to unknown range.
W1003 22:47:07.772000 127062948947776 torch/fx/experimental/symbolic_shapes.py:4449] [0/4] ps8 is not in var_ranges, defaulting to unknown range.
W1003 22:47:07.772000 127062948947776 torch/fx/experimental/symbolic_shapes.py:4449] [0/4] ps10 is not in var_ranges, defaulting to unknown range.
W1003 22:47:25.006000 127062948947776 torch/fx/experimental/symbolic_shapes.py:4449] [0/4] ps1 is not in var_ranges, defaulting to unknown range.
W1003 22:47:30.017000 127062948947776 torch/fx/experimental/symbolic_shapes.py:4449] [0/4] ps4 is not in var_ranges, defaulting to unknown range.
W1003 22:47:30.036000 127062948947776 torch/fx/experimental/symbolic_shapes.py:4449] [0/4] ps4 is not in var_ranges, defaulting to unknown range.
W1003 22:47:30.036000 127062948947776 torch/fx/experimental/symbolic_shapes.py:4449] [0/4] ps6 is not in var_ranges, defaulting to unknown range.
W1003 22:47:34.027000 127062948947776 torch/fx/experimental/symbolic_shapes.py:4449] [0/4] ps9 is not in var_ranges, defaulting to unknown range.
W1003 22:47:34.038000 127062948947776 torch/fx/experimental/symbolic_shapes.py:4449] [0/4] ps11 is not in var_ranges, defaulting to unknown range.
W1003 22:47:34.038000 127062948947776 torch/fx/experimental/symbolic_shapes.py:4449] [0/4] ps9 is not in var_ranges, defaulting to unknown range.
W1003 22:47:37.031000 127062948947776 torch/fx/experimental/symbolic_shapes.py:4449] [0/4] ps14 is not in var_ranges, defaulting to unknown range.
W1003 22:47:37.031000 127062948947776 torch/fx/experimental/symbolic_shapes.py:4449] [0/4] ps16 is not in var_ranges, defaulting to unknown range.
W1003 22:47:37.060000 127062948947776 torch/fx/experimental/symbolic_shapes.py:4449] [0/4] ps14 is not in var_ranges, defaulting to unknown range.
W1003 22:47:52.131000 127062948947776 torch/fx/experimental/symbolic_shapes.py:4449] [0/5] ps2 is not in var_ranges, defaulting to unknown range.
W1003 22:47:52.131000 127062948947776 torch/fx/experimental/symbolic_shapes.py:4449] [0/5] ps0 is not in var_ranges, defaulting to unknown range.
W1003 22:47:52.703000 127062948947776 torch/fx/experimental/symbolic_shapes.py:4449] [0/5] ps4 is not in var_ranges, defaulting to unknown range.
W1003 22:47:52.703000 127062948947776 torch/fx/experimental/symbolic_shapes.py:4449] [0/5] ps6 is not in var_ranges, defaulting to unknown range.
W1003 22:47:53.250000 127062948947776 torch/fx/experimental/symbolic_shapes.py:4449] [0/5] ps8 is not in var_ranges, defaulting to unknown range.
W1003 22:47:53.250000 127062948947776 torch/fx/experimental/symbolic_shapes.py:4449] [0/5] ps10 is not in var_ranges, defaulting to unknown range.
W1003 22:48:09.012000 127062948947776 torch/fx/experimental/symbolic_shapes.py:4449] [0/5] ps1 is not in var_ranges, defaulting to unknown range.
W1003 22:48:13.502000 127062948947776 torch/fx/experimental/symbolic_shapes.py:4449] [0/5] ps4 is not in var_ranges, defaulting to unknown range.
W1003 22:48:13.522000 127062948947776 torch/fx/experimental/symbolic_shapes.py:4449] [0/5] ps4 is not in var_ranges, defaulting to unknown range.
W1003 22:48:13.522000 127062948947776 torch/fx/experimental/symbolic_shapes.py:4449] [0/5] ps6 is not in var_ranges, defaulting to unknown range.
W1003 22:48:17.155000 127062948947776 torch/fx/experimental/symbolic_shapes.py:4449] [0/5] ps9 is not in var_ranges, defaulting to unknown range.
W1003 22:48:17.166000 127062948947776 torch/fx/experimental/symbolic_shapes.py:4449] [0/5] ps11 is not in var_ranges, defaulting to unknown range.
W1003 22:48:17.166000 127062948947776 torch/fx/experimental/symbolic_shapes.py:4449] [0/5] ps9 is not in var_ranges, defaulting to unknown range.
trial 1/3: accuracy=75.27% training=5.048s inference=0.673s
trial 2/3: accuracy=75.39% training=5.007s inference=0.144s
trial 3/3: accuracy=75.89% training=4.946s inference=0.142s
{
  "requested_trials": 3,
  "number_of_trials": 3,
  "successful_trials": 3,
  "failed_trials": 0,
  "complete": true,
  "accuracy_target": 0.75,
  "run_error": null,
  "mean_accuracy": 0.7551666666666667,
  "accuracy_std": 0.0032883633213702675,
  "mean_training_time": 5.0003490616679,
  "training_time_std": 0.05161803355423692,
  "mean_evaluation_time": 0.3196489813368923,
  "evaluation_time_std": 0.3061557639535387,
  "qualified": true,
  "official": false,
  "dataset": "CIFAR-100",
  "run_id": "20261003T224429Z-91ab3dc9"
}
Results: /home/jovyan/work/arena3/hypothesis-dr/results/arena/20261003T224429Z-91ab3dc9
