W1003 23:11:53.514000 131355599689536 torch/fx/experimental/symbolic_shapes.py:4449] [0/2] ps2 is not in var_ranges, defaulting to unknown range.
W1003 23:11:53.514000 131355599689536 torch/fx/experimental/symbolic_shapes.py:4449] [0/2] ps0 is not in var_ranges, defaulting to unknown range.
W1003 23:11:54.283000 131355599689536 torch/fx/experimental/symbolic_shapes.py:4449] [0/2] ps4 is not in var_ranges, defaulting to unknown range.
W1003 23:11:54.284000 131355599689536 torch/fx/experimental/symbolic_shapes.py:4449] [0/2] ps6 is not in var_ranges, defaulting to unknown range.
W1003 23:11:54.860000 131355599689536 torch/fx/experimental/symbolic_shapes.py:4449] [0/2] ps10 is not in var_ranges, defaulting to unknown range.
W1003 23:11:54.860000 131355599689536 torch/fx/experimental/symbolic_shapes.py:4449] [0/2] ps8 is not in var_ranges, defaulting to unknown range.
W1003 23:12:16.706000 131355599689536 torch/fx/experimental/symbolic_shapes.py:4449] [0/2] ps0 is not in var_ranges, defaulting to unknown range.
W1003 23:12:16.725000 131355599689536 torch/fx/experimental/symbolic_shapes.py:4449] [0/2] ps2 is not in var_ranges, defaulting to unknown range.
W1003 23:12:16.725000 131355599689536 torch/fx/experimental/symbolic_shapes.py:4449] [0/2] ps0 is not in var_ranges, defaulting to unknown range.
W1003 23:12:21.853000 131355599689536 torch/fx/experimental/symbolic_shapes.py:4449] [0/2] ps5 is not in var_ranges, defaulting to unknown range.
W1003 23:12:21.874000 131355599689536 torch/fx/experimental/symbolic_shapes.py:4449] [0/2] ps7 is not in var_ranges, defaulting to unknown range.
W1003 23:12:21.874000 131355599689536 torch/fx/experimental/symbolic_shapes.py:4449] [0/2] ps5 is not in var_ranges, defaulting to unknown range.
W1003 23:12:25.883000 131355599689536 torch/fx/experimental/symbolic_shapes.py:4449] [0/2] ps10 is not in var_ranges, defaulting to unknown range.
W1003 23:12:25.898000 131355599689536 torch/fx/experimental/symbolic_shapes.py:4449] [0/2] ps12 is not in var_ranges, defaulting to unknown range.
W1003 23:12:25.898000 131355599689536 torch/fx/experimental/symbolic_shapes.py:4449] [0/2] ps10 is not in var_ranges, defaulting to unknown range.
W1003 23:12:28.907000 131355599689536 torch/fx/experimental/symbolic_shapes.py:4449] [0/2] ps15 is not in var_ranges, defaulting to unknown range.
W1003 23:12:28.907000 131355599689536 torch/fx/experimental/symbolic_shapes.py:4449] [0/2] ps17 is not in var_ranges, defaulting to unknown range.
W1003 23:12:28.917000 131355599689536 torch/fx/experimental/symbolic_shapes.py:4449] [0/2] ps15 is not in var_ranges, defaulting to unknown range.
W1003 23:12:44.396000 131355599689536 torch/fx/experimental/symbolic_shapes.py:4449] [0/3] ps2 is not in var_ranges, defaulting to unknown range.
W1003 23:12:44.396000 131355599689536 torch/fx/experimental/symbolic_shapes.py:4449] [0/3] ps0 is not in var_ranges, defaulting to unknown range.
W1003 23:12:44.975000 131355599689536 torch/fx/experimental/symbolic_shapes.py:4449] [0/3] ps4 is not in var_ranges, defaulting to unknown range.
W1003 23:12:44.976000 131355599689536 torch/fx/experimental/symbolic_shapes.py:4449] [0/3] ps6 is not in var_ranges, defaulting to unknown range.
W1003 23:12:45.543000 131355599689536 torch/fx/experimental/symbolic_shapes.py:4449] [0/3] ps10 is not in var_ranges, defaulting to unknown range.
W1003 23:12:45.543000 131355599689536 torch/fx/experimental/symbolic_shapes.py:4449] [0/3] ps8 is not in var_ranges, defaulting to unknown range.
W1003 23:13:02.706000 131355599689536 torch/fx/experimental/symbolic_shapes.py:4449] [0/3] ps0 is not in var_ranges, defaulting to unknown range.
W1003 23:13:02.724000 131355599689536 torch/fx/experimental/symbolic_shapes.py:4449] [0/3] ps2 is not in var_ranges, defaulting to unknown range.
W1003 23:13:02.724000 131355599689536 torch/fx/experimental/symbolic_shapes.py:4449] [0/3] ps0 is not in var_ranges, defaulting to unknown range.
W1003 23:13:07.381000 131355599689536 torch/fx/experimental/symbolic_shapes.py:4449] [0/3] ps5 is not in var_ranges, defaulting to unknown range.
W1003 23:13:07.401000 131355599689536 torch/fx/experimental/symbolic_shapes.py:4449] [0/3] ps7 is not in var_ranges, defaulting to unknown range.
W1003 23:13:07.402000 131355599689536 torch/fx/experimental/symbolic_shapes.py:4449] [0/3] ps5 is not in var_ranges, defaulting to unknown range.
W1003 23:13:10.997000 131355599689536 torch/fx/experimental/symbolic_shapes.py:4449] [0/3] ps10 is not in var_ranges, defaulting to unknown range.
W1003 23:13:11.013000 131355599689536 torch/fx/experimental/symbolic_shapes.py:4449] [0/3] ps12 is not in var_ranges, defaulting to unknown range.
W1003 23:13:11.013000 131355599689536 torch/fx/experimental/symbolic_shapes.py:4449] [0/3] ps10 is not in var_ranges, defaulting to unknown range.
W1003 23:13:27.960000 131355599689536 torch/fx/experimental/symbolic_shapes.py:4449] [0/4] ps2 is not in var_ranges, defaulting to unknown range.
W1003 23:13:27.960000 131355599689536 torch/fx/experimental/symbolic_shapes.py:4449] [0/4] ps0 is not in var_ranges, defaulting to unknown range.
W1003 23:13:28.562000 131355599689536 torch/fx/experimental/symbolic_shapes.py:4449] [0/4] ps4 is not in var_ranges, defaulting to unknown range.
W1003 23:13:28.562000 131355599689536 torch/fx/experimental/symbolic_shapes.py:4449] [0/4] ps6 is not in var_ranges, defaulting to unknown range.
W1003 23:13:29.124000 131355599689536 torch/fx/experimental/symbolic_shapes.py:4449] [0/4] ps10 is not in var_ranges, defaulting to unknown range.
W1003 23:13:29.124000 131355599689536 torch/fx/experimental/symbolic_shapes.py:4449] [0/4] ps8 is not in var_ranges, defaulting to unknown range.
W1003 23:13:46.584000 131355599689536 torch/fx/experimental/symbolic_shapes.py:4449] [0/4] ps1 is not in var_ranges, defaulting to unknown range.
W1003 23:13:51.624000 131355599689536 torch/fx/experimental/symbolic_shapes.py:4449] [0/4] ps4 is not in var_ranges, defaulting to unknown range.
W1003 23:13:51.645000 131355599689536 torch/fx/experimental/symbolic_shapes.py:4449] [0/4] ps4 is not in var_ranges, defaulting to unknown range.
W1003 23:13:51.645000 131355599689536 torch/fx/experimental/symbolic_shapes.py:4449] [0/4] ps6 is not in var_ranges, defaulting to unknown range.
W1003 23:13:55.701000 131355599689536 torch/fx/experimental/symbolic_shapes.py:4449] [0/4] ps9 is not in var_ranges, defaulting to unknown range.
W1003 23:13:55.715000 131355599689536 torch/fx/experimental/symbolic_shapes.py:4449] [0/4] ps9 is not in var_ranges, defaulting to unknown range.
W1003 23:13:55.716000 131355599689536 torch/fx/experimental/symbolic_shapes.py:4449] [0/4] ps11 is not in var_ranges, defaulting to unknown range.
W1003 23:13:58.707000 131355599689536 torch/fx/experimental/symbolic_shapes.py:4449] [0/4] ps16 is not in var_ranges, defaulting to unknown range.
W1003 23:13:58.707000 131355599689536 torch/fx/experimental/symbolic_shapes.py:4449] [0/4] ps14 is not in var_ranges, defaulting to unknown range.
W1003 23:13:58.719000 131355599689536 torch/fx/experimental/symbolic_shapes.py:4449] [0/4] ps14 is not in var_ranges, defaulting to unknown range.
W1003 23:14:14.000000 131355599689536 torch/fx/experimental/symbolic_shapes.py:4449] [0/5] ps2 is not in var_ranges, defaulting to unknown range.
W1003 23:14:14.000000 131355599689536 torch/fx/experimental/symbolic_shapes.py:4449] [0/5] ps0 is not in var_ranges, defaulting to unknown range.
W1003 23:14:14.580000 131355599689536 torch/fx/experimental/symbolic_shapes.py:4449] [0/5] ps4 is not in var_ranges, defaulting to unknown range.
W1003 23:14:14.581000 131355599689536 torch/fx/experimental/symbolic_shapes.py:4449] [0/5] ps6 is not in var_ranges, defaulting to unknown range.
W1003 23:14:15.141000 131355599689536 torch/fx/experimental/symbolic_shapes.py:4449] [0/5] ps10 is not in var_ranges, defaulting to unknown range.
W1003 23:14:15.141000 131355599689536 torch/fx/experimental/symbolic_shapes.py:4449] [0/5] ps8 is not in var_ranges, defaulting to unknown range.
W1003 23:14:30.974000 131355599689536 torch/fx/experimental/symbolic_shapes.py:4449] [0/5] ps1 is not in var_ranges, defaulting to unknown range.
W1003 23:14:35.433000 131355599689536 torch/fx/experimental/symbolic_shapes.py:4449] [0/5] ps4 is not in var_ranges, defaulting to unknown range.
W1003 23:14:35.454000 131355599689536 torch/fx/experimental/symbolic_shapes.py:4449] [0/5] ps4 is not in var_ranges, defaulting to unknown range.
W1003 23:14:35.454000 131355599689536 torch/fx/experimental/symbolic_shapes.py:4449] [0/5] ps6 is not in var_ranges, defaulting to unknown range.
W1003 23:14:39.052000 131355599689536 torch/fx/experimental/symbolic_shapes.py:4449] [0/5] ps9 is not in var_ranges, defaulting to unknown range.
W1003 23:14:39.068000 131355599689536 torch/fx/experimental/symbolic_shapes.py:4449] [0/5] ps9 is not in var_ranges, defaulting to unknown range.
W1003 23:14:39.068000 131355599689536 torch/fx/experimental/symbolic_shapes.py:4449] [0/5] ps11 is not in var_ranges, defaulting to unknown range.
trial 1/3: accuracy=75.50% training=4.969s inference=0.709s
trial 2/3: accuracy=75.32% training=4.940s inference=0.175s
trial 3/3: accuracy=75.55% training=4.875s inference=0.144s
{
  "requested_trials": 3,
  "number_of_trials": 3,
  "successful_trials": 3,
  "failed_trials": 0,
  "complete": true,
  "accuracy_target": 0.75,
  "run_error": null,
  "mean_accuracy": 0.7545666666666666,
  "accuracy_std": 0.0012096831541082626,
  "mean_training_time": 4.928187876665713,
  "training_time_std": 0.04816867871160915,
  "mean_evaluation_time": 0.34256481033420033,
  "evaluation_time_std": 0.31749305669855893,
  "qualified": true,
  "official": false,
  "dataset": "CIFAR-100",
  "run_id": "20261003T231100Z-efce8783"
}
Results: /home/jovyan/work/arena3/hypothesis-dr/results/arena/20261003T231100Z-efce8783
