W1003 23:36:06.998000 130801319556928 torch/fx/experimental/symbolic_shapes.py:4449] [0/1] ps2 is not in var_ranges, defaulting to unknown range.
W1003 23:36:06.998000 130801319556928 torch/fx/experimental/symbolic_shapes.py:4449] [0/1] ps0 is not in var_ranges, defaulting to unknown range.
W1003 23:36:07.647000 130801319556928 torch/fx/experimental/symbolic_shapes.py:4449] [0/1] ps6 is not in var_ranges, defaulting to unknown range.
W1003 23:36:07.647000 130801319556928 torch/fx/experimental/symbolic_shapes.py:4449] [0/1] ps4 is not in var_ranges, defaulting to unknown range.
W1003 23:36:08.263000 130801319556928 torch/fx/experimental/symbolic_shapes.py:4449] [0/1] ps10 is not in var_ranges, defaulting to unknown range.
W1003 23:36:08.263000 130801319556928 torch/fx/experimental/symbolic_shapes.py:4449] [0/1] ps8 is not in var_ranges, defaulting to unknown range.
W1003 23:36:09.328000 130801319556928 torch/fx/experimental/symbolic_shapes.py:4449] [0/1] ps12 is not in var_ranges, defaulting to unknown range.
W1003 23:36:09.353000 130801319556928 torch/fx/experimental/symbolic_shapes.py:4449] [0/1] ps12 is not in var_ranges, defaulting to unknown range.
W1003 23:36:09.353000 130801319556928 torch/fx/experimental/symbolic_shapes.py:4449] [0/1] ps14 is not in var_ranges, defaulting to unknown range.
W1003 23:36:09.369000 130801319556928 torch/fx/experimental/symbolic_shapes.py:4449] [0/1] ps12 is not in var_ranges, defaulting to unknown range.
W1003 23:36:09.383000 130801319556928 torch/fx/experimental/symbolic_shapes.py:4449] [0/1] ps12 is not in var_ranges, defaulting to unknown range.
W1003 23:36:09.384000 130801319556928 torch/fx/experimental/symbolic_shapes.py:4449] [0/1] ps14 is not in var_ranges, defaulting to unknown range.
W1003 23:36:09.399000 130801319556928 torch/fx/experimental/symbolic_shapes.py:4449] [0/1] ps12 is not in var_ranges, defaulting to unknown range.
W1003 23:36:09.399000 130801319556928 torch/fx/experimental/symbolic_shapes.py:4449] [0/1] ps14 is not in var_ranges, defaulting to unknown range.
W1003 23:36:29.419000 130801319556928 torch/fx/experimental/symbolic_shapes.py:4449] [0/1] ps0 is not in var_ranges, defaulting to unknown range.
W1003 23:36:29.464000 130801319556928 torch/fx/experimental/symbolic_shapes.py:4449] [0/1] ps2 is not in var_ranges, defaulting to unknown range.
W1003 23:36:29.464000 130801319556928 torch/fx/experimental/symbolic_shapes.py:4449] [0/1] ps0 is not in var_ranges, defaulting to unknown range.
W1003 23:36:34.898000 130801319556928 torch/fx/experimental/symbolic_shapes.py:4449] [0/1] ps5 is not in var_ranges, defaulting to unknown range.
W1003 23:36:34.933000 130801319556928 torch/fx/experimental/symbolic_shapes.py:4449] [0/1] ps7 is not in var_ranges, defaulting to unknown range.
W1003 23:36:34.933000 130801319556928 torch/fx/experimental/symbolic_shapes.py:4449] [0/1] ps5 is not in var_ranges, defaulting to unknown range.
W1003 23:36:39.346000 130801319556928 torch/fx/experimental/symbolic_shapes.py:4449] [0/1] ps10 is not in var_ranges, defaulting to unknown range.
W1003 23:36:39.375000 130801319556928 torch/fx/experimental/symbolic_shapes.py:4449] [0/1] ps10 is not in var_ranges, defaulting to unknown range.
W1003 23:36:39.376000 130801319556928 torch/fx/experimental/symbolic_shapes.py:4449] [0/1] ps12 is not in var_ranges, defaulting to unknown range.
W1003 23:36:59.307000 130801319556928 torch/fx/experimental/symbolic_shapes.py:4449] [0/2] ps2 is not in var_ranges, defaulting to unknown range.
W1003 23:36:59.308000 130801319556928 torch/fx/experimental/symbolic_shapes.py:4449] [0/2] ps0 is not in var_ranges, defaulting to unknown range.
W1003 23:36:59.943000 130801319556928 torch/fx/experimental/symbolic_shapes.py:4449] [0/2] ps6 is not in var_ranges, defaulting to unknown range.
W1003 23:36:59.943000 130801319556928 torch/fx/experimental/symbolic_shapes.py:4449] [0/2] ps4 is not in var_ranges, defaulting to unknown range.
W1003 23:37:00.537000 130801319556928 torch/fx/experimental/symbolic_shapes.py:4449] [0/2] ps10 is not in var_ranges, defaulting to unknown range.
W1003 23:37:00.537000 130801319556928 torch/fx/experimental/symbolic_shapes.py:4449] [0/2] ps8 is not in var_ranges, defaulting to unknown range.
W1003 23:37:01.542000 130801319556928 torch/fx/experimental/symbolic_shapes.py:4449] [0/2] ps12 is not in var_ranges, defaulting to unknown range.
W1003 23:37:01.564000 130801319556928 torch/fx/experimental/symbolic_shapes.py:4449] [0/2] ps12 is not in var_ranges, defaulting to unknown range.
W1003 23:37:01.564000 130801319556928 torch/fx/experimental/symbolic_shapes.py:4449] [0/2] ps14 is not in var_ranges, defaulting to unknown range.
W1003 23:37:01.579000 130801319556928 torch/fx/experimental/symbolic_shapes.py:4449] [0/2] ps12 is not in var_ranges, defaulting to unknown range.
W1003 23:37:01.592000 130801319556928 torch/fx/experimental/symbolic_shapes.py:4449] [0/2] ps12 is not in var_ranges, defaulting to unknown range.
W1003 23:37:01.592000 130801319556928 torch/fx/experimental/symbolic_shapes.py:4449] [0/2] ps14 is not in var_ranges, defaulting to unknown range.
W1003 23:37:01.607000 130801319556928 torch/fx/experimental/symbolic_shapes.py:4449] [0/2] ps12 is not in var_ranges, defaulting to unknown range.
W1003 23:37:01.607000 130801319556928 torch/fx/experimental/symbolic_shapes.py:4449] [0/2] ps14 is not in var_ranges, defaulting to unknown range.
W1003 23:37:19.847000 130801319556928 torch/fx/experimental/symbolic_shapes.py:4449] [0/2] ps0 is not in var_ranges, defaulting to unknown range.
W1003 23:37:19.888000 130801319556928 torch/fx/experimental/symbolic_shapes.py:4449] [0/2] ps2 is not in var_ranges, defaulting to unknown range.
W1003 23:37:19.888000 130801319556928 torch/fx/experimental/symbolic_shapes.py:4449] [0/2] ps0 is not in var_ranges, defaulting to unknown range.
W1003 23:37:24.790000 130801319556928 torch/fx/experimental/symbolic_shapes.py:4449] [0/2] ps5 is not in var_ranges, defaulting to unknown range.
W1003 23:37:24.824000 130801319556928 torch/fx/experimental/symbolic_shapes.py:4449] [0/2] ps7 is not in var_ranges, defaulting to unknown range.
W1003 23:37:24.824000 130801319556928 torch/fx/experimental/symbolic_shapes.py:4449] [0/2] ps5 is not in var_ranges, defaulting to unknown range.
W1003 23:37:28.838000 130801319556928 torch/fx/experimental/symbolic_shapes.py:4449] [0/2] ps10 is not in var_ranges, defaulting to unknown range.
W1003 23:37:28.867000 130801319556928 torch/fx/experimental/symbolic_shapes.py:4449] [0/2] ps10 is not in var_ranges, defaulting to unknown range.
W1003 23:37:28.867000 130801319556928 torch/fx/experimental/symbolic_shapes.py:4449] [0/2] ps12 is not in var_ranges, defaulting to unknown range.
W1003 23:37:32.035000 130801319556928 torch/fx/experimental/symbolic_shapes.py:4449] [0/2] ps15 is not in var_ranges, defaulting to unknown range.
W1003 23:37:32.035000 130801319556928 torch/fx/experimental/symbolic_shapes.py:4449] [0/2] ps17 is not in var_ranges, defaulting to unknown range.
W1003 23:37:32.064000 130801319556928 torch/fx/experimental/symbolic_shapes.py:4449] [0/2] ps15 is not in var_ranges, defaulting to unknown range.
W1003 23:37:49.428000 130801319556928 torch/fx/experimental/symbolic_shapes.py:4449] [0/3] ps2 is not in var_ranges, defaulting to unknown range.
W1003 23:37:49.428000 130801319556928 torch/fx/experimental/symbolic_shapes.py:4449] [0/3] ps0 is not in var_ranges, defaulting to unknown range.
W1003 23:37:50.092000 130801319556928 torch/fx/experimental/symbolic_shapes.py:4449] [0/3] ps6 is not in var_ranges, defaulting to unknown range.
W1003 23:37:50.092000 130801319556928 torch/fx/experimental/symbolic_shapes.py:4449] [0/3] ps4 is not in var_ranges, defaulting to unknown range.
W1003 23:37:50.722000 130801319556928 torch/fx/experimental/symbolic_shapes.py:4449] [0/3] ps10 is not in var_ranges, defaulting to unknown range.
W1003 23:37:50.722000 130801319556928 torch/fx/experimental/symbolic_shapes.py:4449] [0/3] ps8 is not in var_ranges, defaulting to unknown range.
W1003 23:38:11.293000 130801319556928 torch/fx/experimental/symbolic_shapes.py:4449] [0/3] ps0 is not in var_ranges, defaulting to unknown range.
W1003 23:38:11.340000 130801319556928 torch/fx/experimental/symbolic_shapes.py:4449] [0/3] ps2 is not in var_ranges, defaulting to unknown range.
W1003 23:38:11.340000 130801319556928 torch/fx/experimental/symbolic_shapes.py:4449] [0/3] ps0 is not in var_ranges, defaulting to unknown range.
W1003 23:38:16.725000 130801319556928 torch/fx/experimental/symbolic_shapes.py:4449] [0/3] ps5 is not in var_ranges, defaulting to unknown range.
W1003 23:38:16.760000 130801319556928 torch/fx/experimental/symbolic_shapes.py:4449] [0/3] ps7 is not in var_ranges, defaulting to unknown range.
W1003 23:38:16.760000 130801319556928 torch/fx/experimental/symbolic_shapes.py:4449] [0/3] ps5 is not in var_ranges, defaulting to unknown range.
W1003 23:38:21.116000 130801319556928 torch/fx/experimental/symbolic_shapes.py:4449] [0/3] ps10 is not in var_ranges, defaulting to unknown range.
W1003 23:38:21.145000 130801319556928 torch/fx/experimental/symbolic_shapes.py:4449] [0/3] ps10 is not in var_ranges, defaulting to unknown range.
W1003 23:38:21.145000 130801319556928 torch/fx/experimental/symbolic_shapes.py:4449] [0/3] ps12 is not in var_ranges, defaulting to unknown range.
trial 1/3: accuracy=74.81% training=4.864s inference=0.653s
trial 2/3: accuracy=75.15% training=4.847s inference=0.147s
trial 3/3: accuracy=74.95% training=4.769s inference=0.143s
{
  "requested_trials": 3,
  "number_of_trials": 3,
  "successful_trials": 3,
  "failed_trials": 0,
  "complete": true,
  "accuracy_target": 0.75,
  "run_error": null,
  "mean_accuracy": 0.7497,
  "accuracy_std": 0.0017088007490634804,
  "mean_training_time": 4.826594700331043,
  "training_time_std": 0.050482671310358634,
  "mean_evaluation_time": 0.3145225709983303,
  "evaluation_time_std": 0.293458668683375,
  "qualified": false,
  "official": false,
  "dataset": "CIFAR-100",
  "run_id": "20261003T233524Z-1d29c7d9"
}
Results: /home/jovyan/work/arena3/hypothesis-dr/results/arena/20261003T233524Z-1d29c7d9
