AUTOTUNE mm(1536x576, 576x100)
  triton_mm_73 0.0113 ms 100.0%
  triton_mm_72 0.0123 ms 91.7%
  triton_mm_77 0.0123 ms 91.7%
  triton_mm_70 0.0133 ms 84.6%
  triton_mm_71 0.0133 ms 84.6%
  triton_mm_76 0.0133 ms 84.6%
  triton_mm_79 0.0154 ms 73.3%
  triton_mm_80 0.0154 ms 73.3%
  triton_mm_83 0.0154 ms 73.3%
  triton_mm_81 0.0164 ms 68.8%
SingleProcess AUTOTUNE benchmarking takes 2.2347 seconds and 0.0026 seconds precompiling
AUTOTUNE convolution(1536x3x20x20, 24x3x2x2)
  triton_convolution_2 0.0891 ms 100.0%
  triton_convolution_4 0.0901 ms 98.9%
  convolution 0.1004 ms 88.8%
  triton_convolution_0 0.1024 ms 87.0%
  triton_convolution_3 0.1116 ms 79.8%
  triton_convolution_5 0.1434 ms 62.1%
  triton_convolution_1 0.1843 ms 48.3%
SingleProcess AUTOTUNE benchmarking takes 0.9527 seconds and 0.0010 seconds precompiling
AUTOTUNE convolution(1536x24x19x19, 128x24x3x3)
  convolution 0.2908 ms 100.0%
  triton_convolution_9 0.4321 ms 67.3%
  triton_convolution_7 0.5018 ms 58.0%
  triton_convolution_12 0.5335 ms 54.5%
  triton_convolution_11 0.7035 ms 41.3%
  triton_convolution_6 0.8059 ms 36.1%
  triton_convolution_10 0.9441 ms 30.8%
  triton_convolution_8 1.1469 ms 25.4%
SingleProcess AUTOTUNE benchmarking takes 1.0296 seconds and 0.0014 seconds precompiling
AUTOTUNE convolution(1536x128x9x9, 128x128x3x3)
  convolution 0.1556 ms 100.0%
  triton_convolution_18 0.2796 ms 55.7%
  triton_convolution_17 0.3052 ms 51.0%
  triton_convolution_16 0.3308 ms 47.1%
  triton_convolution_14 0.3379 ms 46.1%
  triton_convolution_19 0.3533 ms 44.1%
  triton_convolution_13 0.4178 ms 37.3%
  triton_convolution_15 1.2769 ms 12.2%
SingleProcess AUTOTUNE benchmarking takes 0.9957 seconds and 0.0011 seconds precompiling
AUTOTUNE convolution(1536x128x9x9, 384x128x3x3)
  convolution 0.4557 ms 100.0%
  triton_convolution_31 0.8632 ms 52.8%
  triton_convolution_28 0.9134 ms 49.9%
  triton_convolution_30 0.9503 ms 48.0%
  triton_convolution_33 1.0097 ms 45.1%
  triton_convolution_32 1.1643 ms 39.1%
  triton_convolution_27 1.2329 ms 37.0%
  triton_convolution_29 3.7345 ms 12.2%
SingleProcess AUTOTUNE benchmarking takes 1.0635 seconds and 0.0013 seconds precompiling
AUTOTUNE convolution(1536x384x4x4, 384x384x3x3)
  convolution 0.2714 ms 100.0%
  triton_convolution_38 0.4659 ms 58.2%
  triton_convolution_35 0.5448 ms 49.8%
  triton_convolution_37 0.6113 ms 44.4%
  triton_convolution_40 0.6431 ms 42.2%
  triton_convolution_39 0.7782 ms 34.9%
  triton_convolution_34 0.7793 ms 34.8%
  triton_convolution_36 2.1647 ms 12.5%
SingleProcess AUTOTUNE benchmarking takes 1.0279 seconds and 0.0011 seconds precompiling
AUTOTUNE convolution(1536x384x4x4, 576x384x3x3)
  convolution 0.3697 ms 100.0%
  triton_convolution_52 0.6697 ms 55.2%
  triton_convolution_49 0.7393 ms 50.0%
  triton_convolution_54 0.8653 ms 42.7%
  triton_convolution_51 0.9032 ms 40.9%
  triton_convolution_53 1.0752 ms 34.4%
  triton_convolution_48 1.1146 ms 33.2%
  triton_convolution_50 2.9010 ms 12.7%
SingleProcess AUTOTUNE benchmarking takes 1.0508 seconds and 0.0010 seconds precompiling
AUTOTUNE convolution(1536x576x2x2, 576x576x3x3)
  convolution 0.1372 ms 100.0%
  triton_convolution_59 0.2785 ms 49.3%
  triton_convolution_56 0.2806 ms 48.9%
  triton_convolution_61 0.3430 ms 40.0%
  triton_convolution_58 0.4372 ms 31.4%
  triton_convolution_60 0.4547 ms 30.2%
  triton_convolution_55 0.5427 ms 25.3%
  triton_convolution_57 1.6302 ms 8.4%
SingleProcess AUTOTUNE benchmarking takes 0.9894 seconds and 0.0010 seconds precompiling
AUTOTUNE mm(100x1536, 1536x576)
  triton_mm_90 0.0184 ms 100.0%
  triton_mm_96 0.0195 ms 94.7%
  triton_mm_92 0.0205 ms 90.0%
  triton_mm_89 0.0215 ms 85.7%
  triton_mm_91 0.0215 ms 85.7%
  triton_mm_95 0.0225 ms 81.8%
  triton_mm_99 0.0225 ms 81.8%
  triton_mm_100 0.0236 ms 78.3%
  triton_mm_98 0.0256 ms 72.0%
  mm 0.0266 ms 69.2%
SingleProcess AUTOTUNE benchmarking takes 2.2884 seconds and 0.0044 seconds precompiling
AUTOTUNE mm(1536x100, 100x576)
  triton_mm_114 0.0113 ms 100.0%
  triton_mm_116 0.0113 ms 100.0%
  triton_mm_120 0.0113 ms 100.0%
  triton_mm_121 0.0113 ms 100.0%
  triton_mm_123 0.0113 ms 100.0%
  triton_mm_109 0.0123 ms 91.7%
  triton_mm_111 0.0123 ms 91.7%
  triton_mm_113 0.0123 ms 91.7%
  triton_mm_115 0.0123 ms 91.7%
  triton_mm_117 0.0123 ms 91.7%
SingleProcess AUTOTUNE benchmarking takes 2.2750 seconds and 0.0034 seconds precompiling
AUTOTUNE mm(1536x576, 576x100)
  triton_mm_323 0.0123 ms 100.0%
  triton_mm_324 0.0123 ms 100.0%
  triton_mm_325 0.0123 ms 100.0%
  triton_mm_329 0.0123 ms 100.0%
  triton_mm_322 0.0133 ms 92.3%
  triton_mm_328 0.0133 ms 92.3%
  triton_mm_331 0.0143 ms 85.7%
  triton_mm_332 0.0143 ms 85.7%
  triton_mm_333 0.0143 ms 85.7%
  triton_mm_335 0.0154 ms 80.0%
SingleProcess AUTOTUNE benchmarking takes 10.1164 seconds and 0.0000 seconds precompiling
AUTOTUNE convolution(1536x3x28x28, 24x3x2x2)
  convolution 0.1782 ms 100.0%
  triton_convolution_252 0.2099 ms 84.9%
  triton_convolution_256 0.2202 ms 80.9%
  triton_convolution_255 0.2243 ms 79.5%
  triton_convolution_254 0.2540 ms 70.2%
  triton_convolution_257 0.3236 ms 55.1%
  triton_convolution_253 0.4977 ms 35.8%
SingleProcess AUTOTUNE benchmarking takes 0.8681 seconds and 0.0013 seconds precompiling
AUTOTUNE convolution(1536x24x27x27, 128x24x3x3)
  convolution 0.5734 ms 100.0%
  triton_convolution_259 0.9830 ms 58.3%
  triton_convolution_261 1.0342 ms 55.4%
  triton_convolution_264 1.0762 ms 53.3%
  triton_convolution_263 1.5739 ms 36.4%
  triton_convolution_258 1.7961 ms 31.9%
  triton_convolution_262 1.9210 ms 29.9%
  triton_convolution_260 2.8867 ms 19.9%
SingleProcess AUTOTUNE benchmarking takes 1.0797 seconds and 0.0015 seconds precompiling
AUTOTUNE convolution(1536x128x13x13, 128x128x3x3)
  convolution 0.3256 ms 100.0%
  triton_convolution_269 0.5857 ms 55.6%
  triton_convolution_270 0.6144 ms 53.0%
  triton_convolution_268 0.6595 ms 49.4%
  triton_convolution_266 0.6810 ms 47.8%
  triton_convolution_271 0.7219 ms 45.1%
  triton_convolution_265 0.7916 ms 41.1%
  triton_convolution_267 3.9368 ms 8.3%
SingleProcess AUTOTUNE benchmarking takes 1.0444 seconds and 0.0009 seconds precompiling
AUTOTUNE convolution(1536x128x13x13, 384x128x3x3)
  convolution 0.9738 ms 100.0%
  triton_convolution_283 1.7859 ms 54.5%
  triton_convolution_282 1.9333 ms 50.4%
  triton_convolution_280 1.9487 ms 50.0%
  triton_convolution_285 2.1064 ms 46.2%
  triton_convolution_279 2.4402 ms 39.9%
  triton_convolution_284 2.5078 ms 38.8%
  triton_convolution_281 11.9721 ms 8.1%
SingleProcess AUTOTUNE benchmarking takes 1.1752 seconds and 0.0015 seconds precompiling
AUTOTUNE convolution(1536x384x6x6, 384x384x3x3)
  convolution 0.5499 ms 100.0%
  triton_convolution_290 1.0486 ms 52.4%
  triton_convolution_289 1.3527 ms 40.7%
  triton_convolution_292 1.4131 ms 38.9%
  triton_convolution_286 1.4592 ms 37.7%
  triton_convolution_287 1.4766 ms 37.2%
  triton_convolution_291 1.6189 ms 34.0%
  triton_convolution_288 9.0107 ms 6.1%
SingleProcess AUTOTUNE benchmarking takes 1.1089 seconds and 0.0017 seconds precompiling
AUTOTUNE convolution(1536x384x6x6, 576x384x3x3)
  convolution 0.8561 ms 100.0%
  triton_convolution_304 1.5718 ms 54.5%
  triton_convolution_306 2.1187 ms 40.4%
  triton_convolution_301 2.1965 ms 39.0%
  triton_convolution_303 2.2098 ms 38.7%
  triton_convolution_300 2.2661 ms 37.8%
  triton_convolution_305 2.4115 ms 35.5%
  triton_convolution_302 13.4533 ms 6.4%
SingleProcess AUTOTUNE benchmarking takes 1.1685 seconds and 0.0019 seconds precompiling
AUTOTUNE convolution(1536x576x3x3, 576x576x3x3)
  convolution 0.3277 ms 100.0%
  triton_convolution_311 0.5519 ms 59.4%
  triton_convolution_308 0.8212 ms 39.9%
  triton_convolution_313 0.8550 ms 38.3%
  triton_convolution_307 0.8724 ms 37.6%
  triton_convolution_310 0.9165 ms 35.8%
  triton_convolution_312 0.9677 ms 33.9%
  triton_convolution_309 3.8687 ms 8.5%
SingleProcess AUTOTUNE benchmarking takes 1.0547 seconds and 0.0016 seconds precompiling
W1003 23:49:00.188000 124937983985472 torch/fx/experimental/symbolic_shapes.py:4449] [0/2] ps0 is not in var_ranges, defaulting to unknown range.
W1003 23:49:00.188000 124937983985472 torch/fx/experimental/symbolic_shapes.py:4449] [0/2] ps2 is not in var_ranges, defaulting to unknown range.
W1003 23:49:00.786000 124937983985472 torch/fx/experimental/symbolic_shapes.py:4449] [0/2] ps6 is not in var_ranges, defaulting to unknown range.
W1003 23:49:00.786000 124937983985472 torch/fx/experimental/symbolic_shapes.py:4449] [0/2] ps4 is not in var_ranges, defaulting to unknown range.
W1003 23:49:01.372000 124937983985472 torch/fx/experimental/symbolic_shapes.py:4449] [0/2] ps8 is not in var_ranges, defaulting to unknown range.
W1003 23:49:01.373000 124937983985472 torch/fx/experimental/symbolic_shapes.py:4449] [0/2] ps10 is not in var_ranges, defaulting to unknown range.
AUTOTUNE mm(100x1536, 1536x576)
  triton_mm_344 0.0195 ms 100.0%
  triton_mm_342 0.0205 ms 95.0%
  triton_mm_348 0.0205 ms 95.0%
  triton_mm_347 0.0215 ms 90.5%
  triton_mm_352 0.0225 ms 86.4%
  triton_mm_341 0.0256 ms 76.0%
  triton_mm_343 0.0256 ms 76.0%
  triton_mm_350 0.0256 ms 76.0%
  triton_mm_351 0.0256 ms 76.0%
  mm 0.0266 ms 73.1%
SingleProcess AUTOTUNE benchmarking takes 10.7545 seconds and 0.0000 seconds precompiling
W1003 23:49:37.713000 124937983985472 torch/fx/experimental/symbolic_shapes.py:4449] [0/2] ps0 is not in var_ranges, defaulting to unknown range.
W1003 23:49:37.740000 124937983985472 torch/fx/experimental/symbolic_shapes.py:4449] [0/2] ps2 is not in var_ranges, defaulting to unknown range.
W1003 23:49:37.740000 124937983985472 torch/fx/experimental/symbolic_shapes.py:4449] [0/2] ps0 is not in var_ranges, defaulting to unknown range.
W1003 23:49:42.844000 124937983985472 torch/fx/experimental/symbolic_shapes.py:4449] [0/2] ps5 is not in var_ranges, defaulting to unknown range.
W1003 23:49:42.864000 124937983985472 torch/fx/experimental/symbolic_shapes.py:4449] [0/2] ps5 is not in var_ranges, defaulting to unknown range.
W1003 23:49:42.864000 124937983985472 torch/fx/experimental/symbolic_shapes.py:4449] [0/2] ps7 is not in var_ranges, defaulting to unknown range.
W1003 23:49:46.908000 124937983985472 torch/fx/experimental/symbolic_shapes.py:4449] [0/2] ps10 is not in var_ranges, defaulting to unknown range.
W1003 23:49:46.924000 124937983985472 torch/fx/experimental/symbolic_shapes.py:4449] [0/2] ps10 is not in var_ranges, defaulting to unknown range.
W1003 23:49:46.924000 124937983985472 torch/fx/experimental/symbolic_shapes.py:4449] [0/2] ps12 is not in var_ranges, defaulting to unknown range.
W1003 23:49:50.048000 124937983985472 torch/fx/experimental/symbolic_shapes.py:4449] [0/2] ps17 is not in var_ranges, defaulting to unknown range.
W1003 23:49:50.048000 124937983985472 torch/fx/experimental/symbolic_shapes.py:4449] [0/2] ps15 is not in var_ranges, defaulting to unknown range.
W1003 23:49:50.084000 124937983985472 torch/fx/experimental/symbolic_shapes.py:4449] [0/2] ps15 is not in var_ranges, defaulting to unknown range.
W1003 23:50:29.167000 124937983985472 torch/fx/experimental/symbolic_shapes.py:4449] [0/3] ps0 is not in var_ranges, defaulting to unknown range.
W1003 23:50:29.167000 124937983985472 torch/fx/experimental/symbolic_shapes.py:4449] [0/3] ps2 is not in var_ranges, defaulting to unknown range.
W1003 23:50:29.752000 124937983985472 torch/fx/experimental/symbolic_shapes.py:4449] [0/3] ps6 is not in var_ranges, defaulting to unknown range.
W1003 23:50:29.753000 124937983985472 torch/fx/experimental/symbolic_shapes.py:4449] [0/3] ps4 is not in var_ranges, defaulting to unknown range.
W1003 23:50:30.320000 124937983985472 torch/fx/experimental/symbolic_shapes.py:4449] [0/3] ps8 is not in var_ranges, defaulting to unknown range.
W1003 23:50:30.320000 124937983985472 torch/fx/experimental/symbolic_shapes.py:4449] [0/3] ps10 is not in var_ranges, defaulting to unknown range.
W1003 23:50:47.199000 124937983985472 torch/fx/experimental/symbolic_shapes.py:4449] [0/3] ps0 is not in var_ranges, defaulting to unknown range.
W1003 23:50:47.224000 124937983985472 torch/fx/experimental/symbolic_shapes.py:4449] [0/3] ps2 is not in var_ranges, defaulting to unknown range.
W1003 23:50:47.224000 124937983985472 torch/fx/experimental/symbolic_shapes.py:4449] [0/3] ps0 is not in var_ranges, defaulting to unknown range.
W1003 23:50:51.793000 124937983985472 torch/fx/experimental/symbolic_shapes.py:4449] [0/3] ps5 is not in var_ranges, defaulting to unknown range.
W1003 23:50:51.811000 124937983985472 torch/fx/experimental/symbolic_shapes.py:4449] [0/3] ps5 is not in var_ranges, defaulting to unknown range.
W1003 23:50:51.811000 124937983985472 torch/fx/experimental/symbolic_shapes.py:4449] [0/3] ps7 is not in var_ranges, defaulting to unknown range.
W1003 23:50:55.411000 124937983985472 torch/fx/experimental/symbolic_shapes.py:4449] [0/3] ps10 is not in var_ranges, defaulting to unknown range.
W1003 23:50:55.426000 124937983985472 torch/fx/experimental/symbolic_shapes.py:4449] [0/3] ps10 is not in var_ranges, defaulting to unknown range.
W1003 23:50:55.426000 124937983985472 torch/fx/experimental/symbolic_shapes.py:4449] [0/3] ps12 is not in var_ranges, defaulting to unknown range.
AUTOTUNE convolution(1536x3x32x32, 24x3x2x2)
  convolution 0.2294 ms 100.0%
  triton_convolution_504 0.2765 ms 83.0%
  triton_convolution_508 0.2867 ms 80.0%
  triton_convolution_507 0.2929 ms 78.3%
  triton_convolution_506 0.3277 ms 70.0%
  triton_convolution_509 0.4239 ms 54.1%
  triton_convolution_505 0.6492 ms 35.3%
SingleProcess AUTOTUNE benchmarking takes 0.8788 seconds and 0.0005 seconds precompiling
AUTOTUNE convolution(1536x24x31x31, 128x24x3x3)
  convolution 0.7496 ms 100.0%
  triton_convolution_511 1.2913 ms 58.0%
  triton_convolution_513 1.3507 ms 55.5%
  triton_convolution_516 1.4131 ms 53.0%
  triton_convolution_515 2.0716 ms 36.2%
  triton_convolution_510 2.3644 ms 31.7%
  triton_convolution_514 2.5293 ms 29.6%
  triton_convolution_512 3.7806 ms 19.8%
SingleProcess AUTOTUNE benchmarking takes 1.1022 seconds and 0.0003 seconds precompiling
AUTOTUNE convolution(1536x128x15x15, 128x128x3x3)
  convolution 0.4291 ms 100.0%
  triton_convolution_521 0.7803 ms 55.0%
  triton_convolution_522 0.8090 ms 53.0%
  triton_convolution_520 0.8653 ms 49.6%
  triton_convolution_518 0.8837 ms 48.6%
  triton_convolution_523 0.9492 ms 45.2%
  triton_convolution_517 0.9964 ms 43.1%
  triton_convolution_519 5.2475 ms 8.2%
SingleProcess AUTOTUNE benchmarking takes 1.0664 seconds and 0.0003 seconds precompiling
AUTOTUNE convolution(1536x128x15x15, 384x128x3x3)
  convolution 1.2759 ms 100.0%
  triton_convolution_535 2.3941 ms 53.3%
  triton_convolution_534 2.5467 ms 50.1%
  triton_convolution_532 2.5825 ms 49.4%
  triton_convolution_537 2.7848 ms 45.8%
  triton_convolution_531 3.2456 ms 39.3%
  triton_convolution_536 3.3060 ms 38.6%
  triton_convolution_533 16.0077 ms 8.0%
SingleProcess AUTOTUNE benchmarking takes 1.2138 seconds and 0.0003 seconds precompiling
AUTOTUNE convolution(1536x384x7x7, 384x384x3x3)
  convolution 0.7731 ms 100.0%
  triton_convolution_542 1.4234 ms 54.3%
  triton_convolution_541 1.8299 ms 42.2%
  triton_convolution_538 1.9333 ms 40.0%
  triton_convolution_544 1.9907 ms 38.8%
  triton_convolution_543 2.1857 ms 35.4%
  triton_convolution_539 2.2129 ms 34.9%
  triton_convolution_540 13.6110 ms 5.7%
SingleProcess AUTOTUNE benchmarking takes 1.1589 seconds and 0.0004 seconds precompiling
AUTOTUNE convolution(1536x384x7x7, 576x384x3x3)
  convolution 1.1837 ms 100.0%
  triton_convolution_556 2.1258 ms 55.7%
  triton_convolution_558 2.9363 ms 40.3%
  triton_convolution_555 2.9496 ms 40.1%
  triton_convolution_552 3.0111 ms 39.3%
  triton_convolution_557 3.2584 ms 36.3%
  triton_convolution_553 3.2829 ms 36.1%
  triton_convolution_554 20.2870 ms 5.8%
SingleProcess AUTOTUNE benchmarking takes 1.2444 seconds and 0.0004 seconds precompiling
W1003 23:51:19.592000 124937983985472 torch/fx/experimental/symbolic_shapes.py:4449] [0/4] ps0 is not in var_ranges, defaulting to unknown range.
W1003 23:51:19.593000 124937983985472 torch/fx/experimental/symbolic_shapes.py:4449] [0/4] ps2 is not in var_ranges, defaulting to unknown range.
W1003 23:51:20.192000 124937983985472 torch/fx/experimental/symbolic_shapes.py:4449] [0/4] ps6 is not in var_ranges, defaulting to unknown range.
W1003 23:51:20.193000 124937983985472 torch/fx/experimental/symbolic_shapes.py:4449] [0/4] ps4 is not in var_ranges, defaulting to unknown range.
W1003 23:51:20.752000 124937983985472 torch/fx/experimental/symbolic_shapes.py:4449] [0/4] ps8 is not in var_ranges, defaulting to unknown range.
W1003 23:51:20.752000 124937983985472 torch/fx/experimental/symbolic_shapes.py:4449] [0/4] ps10 is not in var_ranges, defaulting to unknown range.
W1003 23:51:40.790000 124937983985472 torch/fx/experimental/symbolic_shapes.py:4449] [0/4] ps1 is not in var_ranges, defaulting to unknown range.
W1003 23:51:45.740000 124937983985472 torch/fx/experimental/symbolic_shapes.py:4449] [0/4] ps4 is not in var_ranges, defaulting to unknown range.
W1003 23:51:45.759000 124937983985472 torch/fx/experimental/symbolic_shapes.py:4449] [0/4] ps6 is not in var_ranges, defaulting to unknown range.
W1003 23:51:45.759000 124937983985472 torch/fx/experimental/symbolic_shapes.py:4449] [0/4] ps4 is not in var_ranges, defaulting to unknown range.
W1003 23:51:49.731000 124937983985472 torch/fx/experimental/symbolic_shapes.py:4449] [0/4] ps9 is not in var_ranges, defaulting to unknown range.
W1003 23:51:49.745000 124937983985472 torch/fx/experimental/symbolic_shapes.py:4449] [0/4] ps11 is not in var_ranges, defaulting to unknown range.
W1003 23:51:49.745000 124937983985472 torch/fx/experimental/symbolic_shapes.py:4449] [0/4] ps9 is not in var_ranges, defaulting to unknown range.
W1003 23:51:52.735000 124937983985472 torch/fx/experimental/symbolic_shapes.py:4449] [0/4] ps16 is not in var_ranges, defaulting to unknown range.
W1003 23:51:52.735000 124937983985472 torch/fx/experimental/symbolic_shapes.py:4449] [0/4] ps14 is not in var_ranges, defaulting to unknown range.
W1003 23:51:52.765000 124937983985472 torch/fx/experimental/symbolic_shapes.py:4449] [0/4] ps14 is not in var_ranges, defaulting to unknown range.
W1003 23:52:25.078000 124937983985472 torch/fx/experimental/symbolic_shapes.py:4449] [0/5] ps0 is not in var_ranges, defaulting to unknown range.
W1003 23:52:25.078000 124937983985472 torch/fx/experimental/symbolic_shapes.py:4449] [0/5] ps2 is not in var_ranges, defaulting to unknown range.
W1003 23:52:25.654000 124937983985472 torch/fx/experimental/symbolic_shapes.py:4449] [0/5] ps6 is not in var_ranges, defaulting to unknown range.
W1003 23:52:25.655000 124937983985472 torch/fx/experimental/symbolic_shapes.py:4449] [0/5] ps4 is not in var_ranges, defaulting to unknown range.
W1003 23:52:26.212000 124937983985472 torch/fx/experimental/symbolic_shapes.py:4449] [0/5] ps8 is not in var_ranges, defaulting to unknown range.
W1003 23:52:26.213000 124937983985472 torch/fx/experimental/symbolic_shapes.py:4449] [0/5] ps10 is not in var_ranges, defaulting to unknown range.
W1003 23:52:41.923000 124937983985472 torch/fx/experimental/symbolic_shapes.py:4449] [0/5] ps1 is not in var_ranges, defaulting to unknown range.
W1003 23:52:46.363000 124937983985472 torch/fx/experimental/symbolic_shapes.py:4449] [0/5] ps4 is not in var_ranges, defaulting to unknown range.
W1003 23:52:46.381000 124937983985472 torch/fx/experimental/symbolic_shapes.py:4449] [0/5] ps6 is not in var_ranges, defaulting to unknown range.
W1003 23:52:46.382000 124937983985472 torch/fx/experimental/symbolic_shapes.py:4449] [0/5] ps4 is not in var_ranges, defaulting to unknown range.
W1003 23:52:49.962000 124937983985472 torch/fx/experimental/symbolic_shapes.py:4449] [0/5] ps9 is not in var_ranges, defaulting to unknown range.
W1003 23:52:49.977000 124937983985472 torch/fx/experimental/symbolic_shapes.py:4449] [0/5] ps11 is not in var_ranges, defaulting to unknown range.
W1003 23:52:49.977000 124937983985472 torch/fx/experimental/symbolic_shapes.py:4449] [0/5] ps9 is not in var_ranges, defaulting to unknown range.
trial 1/3: accuracy=75.44% training=4.857s inference=0.680s
trial 2/3: accuracy=75.08% training=4.833s inference=0.146s
trial 3/3: accuracy=75.20% training=4.758s inference=0.143s
{
  "requested_trials": 3,
  "number_of_trials": 3,
  "successful_trials": 3,
  "failed_trials": 0,
  "complete": true,
  "accuracy_target": 0.75,
  "run_error": null,
  "mean_accuracy": 0.7524,
  "accuracy_std": 0.0018330302779823037,
  "mean_training_time": 4.81566614399829,
  "training_time_std": 0.05153834309521439,
  "mean_evaluation_time": 0.32315201733338955,
  "evaluation_time_std": 0.30908228181375225,
  "qualified": true,
  "official": false,
  "dataset": "CIFAR-100",
  "run_id": "20261003T234619Z-4e0fb35f"
}
Results: /home/jovyan/work/arena3/hypothesis-dr/results/arena/20261003T234619Z-4e0fb35f
