W1004 00:01:35.854000 134342184519488 torch/fx/experimental/symbolic_shapes.py:4449] [0/2] ps2 is not in var_ranges, defaulting to unknown range.
W1004 00:01:35.855000 134342184519488 torch/fx/experimental/symbolic_shapes.py:4449] [0/2] ps0 is not in var_ranges, defaulting to unknown range.
W1004 00:01:36.445000 134342184519488 torch/fx/experimental/symbolic_shapes.py:4449] [0/2] ps4 is not in var_ranges, defaulting to unknown range.
W1004 00:01:36.445000 134342184519488 torch/fx/experimental/symbolic_shapes.py:4449] [0/2] ps6 is not in var_ranges, defaulting to unknown range.
W1004 00:01:37.008000 134342184519488 torch/fx/experimental/symbolic_shapes.py:4449] [0/2] ps10 is not in var_ranges, defaulting to unknown range.
W1004 00:01:37.008000 134342184519488 torch/fx/experimental/symbolic_shapes.py:4449] [0/2] ps8 is not in var_ranges, defaulting to unknown range.
W1004 00:01:57.921000 134342184519488 torch/fx/experimental/symbolic_shapes.py:4449] [0/2] ps0 is not in var_ranges, defaulting to unknown range.
W1004 00:01:57.939000 134342184519488 torch/fx/experimental/symbolic_shapes.py:4449] [0/2] ps2 is not in var_ranges, defaulting to unknown range.
W1004 00:01:57.940000 134342184519488 torch/fx/experimental/symbolic_shapes.py:4449] [0/2] ps0 is not in var_ranges, defaulting to unknown range.
W1004 00:02:03.054000 134342184519488 torch/fx/experimental/symbolic_shapes.py:4449] [0/2] ps5 is not in var_ranges, defaulting to unknown range.
W1004 00:02:03.075000 134342184519488 torch/fx/experimental/symbolic_shapes.py:4449] [0/2] ps7 is not in var_ranges, defaulting to unknown range.
W1004 00:02:03.075000 134342184519488 torch/fx/experimental/symbolic_shapes.py:4449] [0/2] ps5 is not in var_ranges, defaulting to unknown range.
W1004 00:02:07.058000 134342184519488 torch/fx/experimental/symbolic_shapes.py:4449] [0/2] ps10 is not in var_ranges, defaulting to unknown range.
W1004 00:02:07.073000 134342184519488 torch/fx/experimental/symbolic_shapes.py:4449] [0/2] ps10 is not in var_ranges, defaulting to unknown range.
W1004 00:02:07.073000 134342184519488 torch/fx/experimental/symbolic_shapes.py:4449] [0/2] ps12 is not in var_ranges, defaulting to unknown range.
W1004 00:02:10.144000 134342184519488 torch/fx/experimental/symbolic_shapes.py:4449] [0/2] ps15 is not in var_ranges, defaulting to unknown range.
W1004 00:02:10.145000 134342184519488 torch/fx/experimental/symbolic_shapes.py:4449] [0/2] ps17 is not in var_ranges, defaulting to unknown range.
W1004 00:02:10.171000 134342184519488 torch/fx/experimental/symbolic_shapes.py:4449] [0/2] ps15 is not in var_ranges, defaulting to unknown range.
W1004 00:02:25.727000 134342184519488 torch/fx/experimental/symbolic_shapes.py:4449] [0/3] ps2 is not in var_ranges, defaulting to unknown range.
W1004 00:02:25.728000 134342184519488 torch/fx/experimental/symbolic_shapes.py:4449] [0/3] ps0 is not in var_ranges, defaulting to unknown range.
W1004 00:02:26.303000 134342184519488 torch/fx/experimental/symbolic_shapes.py:4449] [0/3] ps4 is not in var_ranges, defaulting to unknown range.
W1004 00:02:26.303000 134342184519488 torch/fx/experimental/symbolic_shapes.py:4449] [0/3] ps6 is not in var_ranges, defaulting to unknown range.
W1004 00:02:26.852000 134342184519488 torch/fx/experimental/symbolic_shapes.py:4449] [0/3] ps10 is not in var_ranges, defaulting to unknown range.
W1004 00:02:26.852000 134342184519488 torch/fx/experimental/symbolic_shapes.py:4449] [0/3] ps8 is not in var_ranges, defaulting to unknown range.
W1004 00:02:43.947000 134342184519488 torch/fx/experimental/symbolic_shapes.py:4449] [0/3] ps0 is not in var_ranges, defaulting to unknown range.
W1004 00:02:43.966000 134342184519488 torch/fx/experimental/symbolic_shapes.py:4449] [0/3] ps2 is not in var_ranges, defaulting to unknown range.
W1004 00:02:43.966000 134342184519488 torch/fx/experimental/symbolic_shapes.py:4449] [0/3] ps0 is not in var_ranges, defaulting to unknown range.
W1004 00:02:48.568000 134342184519488 torch/fx/experimental/symbolic_shapes.py:4449] [0/3] ps5 is not in var_ranges, defaulting to unknown range.
W1004 00:02:48.588000 134342184519488 torch/fx/experimental/symbolic_shapes.py:4449] [0/3] ps7 is not in var_ranges, defaulting to unknown range.
W1004 00:02:48.588000 134342184519488 torch/fx/experimental/symbolic_shapes.py:4449] [0/3] ps5 is not in var_ranges, defaulting to unknown range.
W1004 00:02:52.187000 134342184519488 torch/fx/experimental/symbolic_shapes.py:4449] [0/3] ps10 is not in var_ranges, defaulting to unknown range.
W1004 00:02:52.203000 134342184519488 torch/fx/experimental/symbolic_shapes.py:4449] [0/3] ps10 is not in var_ranges, defaulting to unknown range.
W1004 00:02:52.203000 134342184519488 torch/fx/experimental/symbolic_shapes.py:4449] [0/3] ps12 is not in var_ranges, defaulting to unknown range.
W1004 00:03:08.899000 134342184519488 torch/fx/experimental/symbolic_shapes.py:4449] [0/4] ps2 is not in var_ranges, defaulting to unknown range.
W1004 00:03:08.899000 134342184519488 torch/fx/experimental/symbolic_shapes.py:4449] [0/4] ps0 is not in var_ranges, defaulting to unknown range.
W1004 00:03:09.470000 134342184519488 torch/fx/experimental/symbolic_shapes.py:4449] [0/4] ps4 is not in var_ranges, defaulting to unknown range.
W1004 00:03:09.471000 134342184519488 torch/fx/experimental/symbolic_shapes.py:4449] [0/4] ps6 is not in var_ranges, defaulting to unknown range.
W1004 00:03:09.932000 134342184519488 torch/fx/experimental/symbolic_shapes.py:4449] [0/4] ps10 is not in var_ranges, defaulting to unknown range.
W1004 00:03:09.932000 134342184519488 torch/fx/experimental/symbolic_shapes.py:4449] [0/4] ps8 is not in var_ranges, defaulting to unknown range.
W1004 00:03:26.741000 134342184519488 torch/fx/experimental/symbolic_shapes.py:4449] [0/4] ps1 is not in var_ranges, defaulting to unknown range.
W1004 00:03:31.669000 134342184519488 torch/fx/experimental/symbolic_shapes.py:4449] [0/4] ps4 is not in var_ranges, defaulting to unknown range.
W1004 00:03:31.688000 134342184519488 torch/fx/experimental/symbolic_shapes.py:4449] [0/4] ps4 is not in var_ranges, defaulting to unknown range.
W1004 00:03:31.688000 134342184519488 torch/fx/experimental/symbolic_shapes.py:4449] [0/4] ps6 is not in var_ranges, defaulting to unknown range.
W1004 00:03:35.637000 134342184519488 torch/fx/experimental/symbolic_shapes.py:4449] [0/4] ps9 is not in var_ranges, defaulting to unknown range.
W1004 00:03:35.648000 134342184519488 torch/fx/experimental/symbolic_shapes.py:4449] [0/4] ps11 is not in var_ranges, defaulting to unknown range.
W1004 00:03:35.649000 134342184519488 torch/fx/experimental/symbolic_shapes.py:4449] [0/4] ps9 is not in var_ranges, defaulting to unknown range.
W1004 00:03:38.488000 134342184519488 torch/fx/experimental/symbolic_shapes.py:4449] [0/4] ps16 is not in var_ranges, defaulting to unknown range.
W1004 00:03:38.488000 134342184519488 torch/fx/experimental/symbolic_shapes.py:4449] [0/4] ps14 is not in var_ranges, defaulting to unknown range.
W1004 00:03:38.514000 134342184519488 torch/fx/experimental/symbolic_shapes.py:4449] [0/4] ps14 is not in var_ranges, defaulting to unknown range.
W1004 00:03:53.541000 134342184519488 torch/fx/experimental/symbolic_shapes.py:4449] [0/5] ps2 is not in var_ranges, defaulting to unknown range.
W1004 00:03:53.542000 134342184519488 torch/fx/experimental/symbolic_shapes.py:4449] [0/5] ps0 is not in var_ranges, defaulting to unknown range.
W1004 00:03:54.093000 134342184519488 torch/fx/experimental/symbolic_shapes.py:4449] [0/5] ps4 is not in var_ranges, defaulting to unknown range.
W1004 00:03:54.093000 134342184519488 torch/fx/experimental/symbolic_shapes.py:4449] [0/5] ps6 is not in var_ranges, defaulting to unknown range.
W1004 00:03:54.552000 134342184519488 torch/fx/experimental/symbolic_shapes.py:4449] [0/5] ps10 is not in var_ranges, defaulting to unknown range.
W1004 00:03:54.552000 134342184519488 torch/fx/experimental/symbolic_shapes.py:4449] [0/5] ps8 is not in var_ranges, defaulting to unknown range.
W1004 00:04:10.138000 134342184519488 torch/fx/experimental/symbolic_shapes.py:4449] [0/5] ps1 is not in var_ranges, defaulting to unknown range.
W1004 00:04:14.635000 134342184519488 torch/fx/experimental/symbolic_shapes.py:4449] [0/5] ps4 is not in var_ranges, defaulting to unknown range.
W1004 00:04:14.654000 134342184519488 torch/fx/experimental/symbolic_shapes.py:4449] [0/5] ps4 is not in var_ranges, defaulting to unknown range.
W1004 00:04:14.654000 134342184519488 torch/fx/experimental/symbolic_shapes.py:4449] [0/5] ps6 is not in var_ranges, defaulting to unknown range.
W1004 00:04:18.213000 134342184519488 torch/fx/experimental/symbolic_shapes.py:4449] [0/5] ps9 is not in var_ranges, defaulting to unknown range.
W1004 00:04:18.224000 134342184519488 torch/fx/experimental/symbolic_shapes.py:4449] [0/5] ps11 is not in var_ranges, defaulting to unknown range.
W1004 00:04:18.224000 134342184519488 torch/fx/experimental/symbolic_shapes.py:4449] [0/5] ps9 is not in var_ranges, defaulting to unknown range.
trial 1/3: accuracy=75.36% training=4.794s inference=0.686s
trial 2/3: accuracy=74.71% training=4.771s inference=0.157s
trial 3/3: accuracy=74.95% training=4.699s inference=0.143s
{
  "requested_trials": 3,
  "number_of_trials": 3,
  "successful_trials": 3,
  "failed_trials": 0,
  "complete": true,
  "accuracy_target": 0.75,
  "run_error": null,
  "mean_accuracy": 0.7500666666666667,
  "accuracy_std": 0.0032868424564212856,
  "mean_training_time": 4.75466302666852,
  "training_time_std": 0.04935991363286615,
  "mean_evaluation_time": 0.3287372576693694,
  "evaluation_time_std": 0.30931813792004687,
  "qualified": true,
  "official": false,
  "dataset": "CIFAR-100",
  "run_id": "20261004T000045Z-4d33ea72"
}
Results: /home/jovyan/work/arena3/hypothesis-dr/results/arena/20261004T000045Z-4d33ea72
