W1004 00:10:30.271000 136428108724032 torch/fx/experimental/symbolic_shapes.py:4449] [0/2] ps2 is not in var_ranges, defaulting to unknown range.
W1004 00:10:30.271000 136428108724032 torch/fx/experimental/symbolic_shapes.py:4449] [0/2] ps0 is not in var_ranges, defaulting to unknown range.
W1004 00:10:30.873000 136428108724032 torch/fx/experimental/symbolic_shapes.py:4449] [0/2] ps6 is not in var_ranges, defaulting to unknown range.
W1004 00:10:30.873000 136428108724032 torch/fx/experimental/symbolic_shapes.py:4449] [0/2] ps4 is not in var_ranges, defaulting to unknown range.
W1004 00:10:31.445000 136428108724032 torch/fx/experimental/symbolic_shapes.py:4449] [0/2] ps8 is not in var_ranges, defaulting to unknown range.
W1004 00:10:31.445000 136428108724032 torch/fx/experimental/symbolic_shapes.py:4449] [0/2] ps10 is not in var_ranges, defaulting to unknown range.
W1004 00:10:52.688000 136428108724032 torch/fx/experimental/symbolic_shapes.py:4449] [0/2] ps0 is not in var_ranges, defaulting to unknown range.
W1004 00:10:52.706000 136428108724032 torch/fx/experimental/symbolic_shapes.py:4449] [0/2] ps2 is not in var_ranges, defaulting to unknown range.
W1004 00:10:52.706000 136428108724032 torch/fx/experimental/symbolic_shapes.py:4449] [0/2] ps0 is not in var_ranges, defaulting to unknown range.
W1004 00:10:58.211000 136428108724032 torch/fx/experimental/symbolic_shapes.py:4449] [0/2] ps5 is not in var_ranges, defaulting to unknown range.
W1004 00:10:58.230000 136428108724032 torch/fx/experimental/symbolic_shapes.py:4449] [0/2] ps5 is not in var_ranges, defaulting to unknown range.
W1004 00:10:58.231000 136428108724032 torch/fx/experimental/symbolic_shapes.py:4449] [0/2] ps7 is not in var_ranges, defaulting to unknown range.
W1004 00:11:02.239000 136428108724032 torch/fx/experimental/symbolic_shapes.py:4449] [0/2] ps10 is not in var_ranges, defaulting to unknown range.
W1004 00:11:02.251000 136428108724032 torch/fx/experimental/symbolic_shapes.py:4449] [0/2] ps12 is not in var_ranges, defaulting to unknown range.
W1004 00:11:02.251000 136428108724032 torch/fx/experimental/symbolic_shapes.py:4449] [0/2] ps10 is not in var_ranges, defaulting to unknown range.
W1004 00:11:05.309000 136428108724032 torch/fx/experimental/symbolic_shapes.py:4449] [0/2] ps15 is not in var_ranges, defaulting to unknown range.
W1004 00:11:05.309000 136428108724032 torch/fx/experimental/symbolic_shapes.py:4449] [0/2] ps17 is not in var_ranges, defaulting to unknown range.
W1004 00:11:05.337000 136428108724032 torch/fx/experimental/symbolic_shapes.py:4449] [0/2] ps15 is not in var_ranges, defaulting to unknown range.
W1004 00:11:20.714000 136428108724032 torch/fx/experimental/symbolic_shapes.py:4449] [0/3] ps2 is not in var_ranges, defaulting to unknown range.
W1004 00:11:20.714000 136428108724032 torch/fx/experimental/symbolic_shapes.py:4449] [0/3] ps0 is not in var_ranges, defaulting to unknown range.
W1004 00:11:21.296000 136428108724032 torch/fx/experimental/symbolic_shapes.py:4449] [0/3] ps6 is not in var_ranges, defaulting to unknown range.
W1004 00:11:21.297000 136428108724032 torch/fx/experimental/symbolic_shapes.py:4449] [0/3] ps4 is not in var_ranges, defaulting to unknown range.
W1004 00:11:21.853000 136428108724032 torch/fx/experimental/symbolic_shapes.py:4449] [0/3] ps8 is not in var_ranges, defaulting to unknown range.
W1004 00:11:21.853000 136428108724032 torch/fx/experimental/symbolic_shapes.py:4449] [0/3] ps10 is not in var_ranges, defaulting to unknown range.
W1004 00:11:38.493000 136428108724032 torch/fx/experimental/symbolic_shapes.py:4449] [0/3] ps0 is not in var_ranges, defaulting to unknown range.
W1004 00:11:38.511000 136428108724032 torch/fx/experimental/symbolic_shapes.py:4449] [0/3] ps2 is not in var_ranges, defaulting to unknown range.
W1004 00:11:38.511000 136428108724032 torch/fx/experimental/symbolic_shapes.py:4449] [0/3] ps0 is not in var_ranges, defaulting to unknown range.
W1004 00:11:43.055000 136428108724032 torch/fx/experimental/symbolic_shapes.py:4449] [0/3] ps5 is not in var_ranges, defaulting to unknown range.
W1004 00:11:43.074000 136428108724032 torch/fx/experimental/symbolic_shapes.py:4449] [0/3] ps5 is not in var_ranges, defaulting to unknown range.
W1004 00:11:43.074000 136428108724032 torch/fx/experimental/symbolic_shapes.py:4449] [0/3] ps7 is not in var_ranges, defaulting to unknown range.
W1004 00:11:47.214000 136428108724032 torch/fx/experimental/symbolic_shapes.py:4449] [0/3] ps10 is not in var_ranges, defaulting to unknown range.
W1004 00:11:47.226000 136428108724032 torch/fx/experimental/symbolic_shapes.py:4449] [0/3] ps12 is not in var_ranges, defaulting to unknown range.
W1004 00:11:47.226000 136428108724032 torch/fx/experimental/symbolic_shapes.py:4449] [0/3] ps10 is not in var_ranges, defaulting to unknown range.
W1004 00:12:04.027000 136428108724032 torch/fx/experimental/symbolic_shapes.py:4449] [0/4] ps2 is not in var_ranges, defaulting to unknown range.
W1004 00:12:04.027000 136428108724032 torch/fx/experimental/symbolic_shapes.py:4449] [0/4] ps0 is not in var_ranges, defaulting to unknown range.
W1004 00:12:04.652000 136428108724032 torch/fx/experimental/symbolic_shapes.py:4449] [0/4] ps6 is not in var_ranges, defaulting to unknown range.
W1004 00:12:04.652000 136428108724032 torch/fx/experimental/symbolic_shapes.py:4449] [0/4] ps4 is not in var_ranges, defaulting to unknown range.
W1004 00:12:05.229000 136428108724032 torch/fx/experimental/symbolic_shapes.py:4449] [0/4] ps8 is not in var_ranges, defaulting to unknown range.
W1004 00:12:05.229000 136428108724032 torch/fx/experimental/symbolic_shapes.py:4449] [0/4] ps10 is not in var_ranges, defaulting to unknown range.
W1004 00:12:22.549000 136428108724032 torch/fx/experimental/symbolic_shapes.py:4449] [0/4] ps1 is not in var_ranges, defaulting to unknown range.
W1004 00:12:27.484000 136428108724032 torch/fx/experimental/symbolic_shapes.py:4449] [0/4] ps4 is not in var_ranges, defaulting to unknown range.
W1004 00:12:27.504000 136428108724032 torch/fx/experimental/symbolic_shapes.py:4449] [0/4] ps6 is not in var_ranges, defaulting to unknown range.
W1004 00:12:27.504000 136428108724032 torch/fx/experimental/symbolic_shapes.py:4449] [0/4] ps4 is not in var_ranges, defaulting to unknown range.
W1004 00:12:31.513000 136428108724032 torch/fx/experimental/symbolic_shapes.py:4449] [0/4] ps9 is not in var_ranges, defaulting to unknown range.
W1004 00:12:31.528000 136428108724032 torch/fx/experimental/symbolic_shapes.py:4449] [0/4] ps9 is not in var_ranges, defaulting to unknown range.
W1004 00:12:31.528000 136428108724032 torch/fx/experimental/symbolic_shapes.py:4449] [0/4] ps11 is not in var_ranges, defaulting to unknown range.
W1004 00:12:34.541000 136428108724032 torch/fx/experimental/symbolic_shapes.py:4449] [0/4] ps14 is not in var_ranges, defaulting to unknown range.
W1004 00:12:34.541000 136428108724032 torch/fx/experimental/symbolic_shapes.py:4449] [0/4] ps16 is not in var_ranges, defaulting to unknown range.
W1004 00:12:34.552000 136428108724032 torch/fx/experimental/symbolic_shapes.py:4449] [0/4] ps14 is not in var_ranges, defaulting to unknown range.
W1004 00:12:49.710000 136428108724032 torch/fx/experimental/symbolic_shapes.py:4449] [0/5] ps2 is not in var_ranges, defaulting to unknown range.
W1004 00:12:49.710000 136428108724032 torch/fx/experimental/symbolic_shapes.py:4449] [0/5] ps0 is not in var_ranges, defaulting to unknown range.
W1004 00:12:50.293000 136428108724032 torch/fx/experimental/symbolic_shapes.py:4449] [0/5] ps6 is not in var_ranges, defaulting to unknown range.
W1004 00:12:50.294000 136428108724032 torch/fx/experimental/symbolic_shapes.py:4449] [0/5] ps4 is not in var_ranges, defaulting to unknown range.
W1004 00:12:50.855000 136428108724032 torch/fx/experimental/symbolic_shapes.py:4449] [0/5] ps8 is not in var_ranges, defaulting to unknown range.
W1004 00:12:50.855000 136428108724032 torch/fx/experimental/symbolic_shapes.py:4449] [0/5] ps10 is not in var_ranges, defaulting to unknown range.
W1004 00:13:06.570000 136428108724032 torch/fx/experimental/symbolic_shapes.py:4449] [0/5] ps1 is not in var_ranges, defaulting to unknown range.
W1004 00:13:11.042000 136428108724032 torch/fx/experimental/symbolic_shapes.py:4449] [0/5] ps4 is not in var_ranges, defaulting to unknown range.
W1004 00:13:11.062000 136428108724032 torch/fx/experimental/symbolic_shapes.py:4449] [0/5] ps6 is not in var_ranges, defaulting to unknown range.
W1004 00:13:11.063000 136428108724032 torch/fx/experimental/symbolic_shapes.py:4449] [0/5] ps4 is not in var_ranges, defaulting to unknown range.
W1004 00:13:14.659000 136428108724032 torch/fx/experimental/symbolic_shapes.py:4449] [0/5] ps9 is not in var_ranges, defaulting to unknown range.
W1004 00:13:14.673000 136428108724032 torch/fx/experimental/symbolic_shapes.py:4449] [0/5] ps9 is not in var_ranges, defaulting to unknown range.
W1004 00:13:14.674000 136428108724032 torch/fx/experimental/symbolic_shapes.py:4449] [0/5] ps11 is not in var_ranges, defaulting to unknown range.
trial 1/3: accuracy=75.43% training=4.984s inference=0.687s
trial 2/3: accuracy=75.44% training=4.951s inference=0.147s
trial 3/3: accuracy=75.64% training=4.859s inference=0.144s
{
  "requested_trials": 3,
  "number_of_trials": 3,
  "successful_trials": 3,
  "failed_trials": 0,
  "complete": true,
  "accuracy_target": 0.75,
  "run_error": null,
  "mean_accuracy": 0.7550333333333333,
  "accuracy_std": 0.001184623709594455,
  "mean_training_time": 4.931250012001935,
  "training_time_std": 0.06511538178068535,
  "mean_evaluation_time": 0.32611990566753474,
  "evaluation_time_std": 0.31246808949884947,
  "qualified": true,
  "official": false,
  "dataset": "CIFAR-100",
  "run_id": "20261004T000939Z-e16decdb"
}
Results: /home/jovyan/work/arena3/hypothesis-dr/results/arena/20261004T000939Z-e16decdb
