W1004 00:37:31.489000 135882689165120 torch/fx/experimental/symbolic_shapes.py:4449] [0/1] ps0 is not in var_ranges, defaulting to unknown range.
W1004 00:37:31.489000 135882689165120 torch/fx/experimental/symbolic_shapes.py:4449] [0/1] ps2 is not in var_ranges, defaulting to unknown range.
W1004 00:37:32.091000 135882689165120 torch/fx/experimental/symbolic_shapes.py:4449] [0/1] ps6 is not in var_ranges, defaulting to unknown range.
W1004 00:37:32.091000 135882689165120 torch/fx/experimental/symbolic_shapes.py:4449] [0/1] ps4 is not in var_ranges, defaulting to unknown range.
W1004 00:37:32.661000 135882689165120 torch/fx/experimental/symbolic_shapes.py:4449] [0/1] ps10 is not in var_ranges, defaulting to unknown range.
W1004 00:37:32.661000 135882689165120 torch/fx/experimental/symbolic_shapes.py:4449] [0/1] ps8 is not in var_ranges, defaulting to unknown range.
W1004 00:37:52.566000 135882689165120 torch/fx/experimental/symbolic_shapes.py:4449] [0/1] ps0 is not in var_ranges, defaulting to unknown range.
W1004 00:37:52.593000 135882689165120 torch/fx/experimental/symbolic_shapes.py:4449] [0/1] ps0 is not in var_ranges, defaulting to unknown range.
W1004 00:37:52.593000 135882689165120 torch/fx/experimental/symbolic_shapes.py:4449] [0/1] ps2 is not in var_ranges, defaulting to unknown range.
W1004 00:37:58.071000 135882689165120 torch/fx/experimental/symbolic_shapes.py:4449] [0/1] ps5 is not in var_ranges, defaulting to unknown range.
W1004 00:37:58.085000 135882689165120 torch/fx/experimental/symbolic_shapes.py:4449] [0/1] ps7 is not in var_ranges, defaulting to unknown range.
W1004 00:37:58.085000 135882689165120 torch/fx/experimental/symbolic_shapes.py:4449] [0/1] ps5 is not in var_ranges, defaulting to unknown range.
W1004 00:38:02.093000 135882689165120 torch/fx/experimental/symbolic_shapes.py:4449] [0/1] ps10 is not in var_ranges, defaulting to unknown range.
W1004 00:38:02.108000 135882689165120 torch/fx/experimental/symbolic_shapes.py:4449] [0/1] ps10 is not in var_ranges, defaulting to unknown range.
W1004 00:38:02.108000 135882689165120 torch/fx/experimental/symbolic_shapes.py:4449] [0/1] ps12 is not in var_ranges, defaulting to unknown range.
W1004 00:38:05.141000 135882689165120 torch/fx/experimental/symbolic_shapes.py:4449] [0/1] ps17 is not in var_ranges, defaulting to unknown range.
W1004 00:38:05.141000 135882689165120 torch/fx/experimental/symbolic_shapes.py:4449] [0/1] ps15 is not in var_ranges, defaulting to unknown range.
W1004 00:38:05.168000 135882689165120 torch/fx/experimental/symbolic_shapes.py:4449] [0/1] ps15 is not in var_ranges, defaulting to unknown range.
W1004 00:38:19.980000 135882689165120 torch/fx/experimental/symbolic_shapes.py:4449] [0/2] ps0 is not in var_ranges, defaulting to unknown range.
W1004 00:38:19.980000 135882689165120 torch/fx/experimental/symbolic_shapes.py:4449] [0/2] ps2 is not in var_ranges, defaulting to unknown range.
W1004 00:38:20.585000 135882689165120 torch/fx/experimental/symbolic_shapes.py:4449] [0/2] ps6 is not in var_ranges, defaulting to unknown range.
W1004 00:38:20.585000 135882689165120 torch/fx/experimental/symbolic_shapes.py:4449] [0/2] ps4 is not in var_ranges, defaulting to unknown range.
W1004 00:38:21.143000 135882689165120 torch/fx/experimental/symbolic_shapes.py:4449] [0/2] ps10 is not in var_ranges, defaulting to unknown range.
W1004 00:38:21.143000 135882689165120 torch/fx/experimental/symbolic_shapes.py:4449] [0/2] ps8 is not in var_ranges, defaulting to unknown range.
W1004 00:38:37.821000 135882689165120 torch/fx/experimental/symbolic_shapes.py:4449] [0/2] ps1 is not in var_ranges, defaulting to unknown range.
W1004 00:38:42.866000 135882689165120 torch/fx/experimental/symbolic_shapes.py:4449] [0/2] ps4 is not in var_ranges, defaulting to unknown range.
W1004 00:38:42.880000 135882689165120 torch/fx/experimental/symbolic_shapes.py:4449] [0/2] ps6 is not in var_ranges, defaulting to unknown range.
W1004 00:38:42.881000 135882689165120 torch/fx/experimental/symbolic_shapes.py:4449] [0/2] ps4 is not in var_ranges, defaulting to unknown range.
W1004 00:38:46.905000 135882689165120 torch/fx/experimental/symbolic_shapes.py:4449] [0/2] ps9 is not in var_ranges, defaulting to unknown range.
W1004 00:38:46.917000 135882689165120 torch/fx/experimental/symbolic_shapes.py:4449] [0/2] ps11 is not in var_ranges, defaulting to unknown range.
W1004 00:38:46.917000 135882689165120 torch/fx/experimental/symbolic_shapes.py:4449] [0/2] ps9 is not in var_ranges, defaulting to unknown range.
W1004 00:39:05.587000 135882689165120 torch/fx/experimental/symbolic_shapes.py:4449] [0/3] ps0 is not in var_ranges, defaulting to unknown range.
W1004 00:39:05.588000 135882689165120 torch/fx/experimental/symbolic_shapes.py:4449] [0/3] ps2 is not in var_ranges, defaulting to unknown range.
W1004 00:39:06.014000 135882689165120 torch/fx/experimental/symbolic_shapes.py:4449] [0/3] ps6 is not in var_ranges, defaulting to unknown range.
W1004 00:39:06.015000 135882689165120 torch/fx/experimental/symbolic_shapes.py:4449] [0/3] ps4 is not in var_ranges, defaulting to unknown range.
W1004 00:39:06.565000 135882689165120 torch/fx/experimental/symbolic_shapes.py:4449] [0/3] ps10 is not in var_ranges, defaulting to unknown range.
W1004 00:39:06.565000 135882689165120 torch/fx/experimental/symbolic_shapes.py:4449] [0/3] ps8 is not in var_ranges, defaulting to unknown range.
W1004 00:39:18.744000 135882689165120 torch/fx/experimental/symbolic_shapes.py:4449] [0/3] ps1 is not in var_ranges, defaulting to unknown range.
W1004 00:39:23.230000 135882689165120 torch/fx/experimental/symbolic_shapes.py:4449] [0/3] ps4 is not in var_ranges, defaulting to unknown range.
W1004 00:39:23.244000 135882689165120 torch/fx/experimental/symbolic_shapes.py:4449] [0/3] ps6 is not in var_ranges, defaulting to unknown range.
W1004 00:39:23.244000 135882689165120 torch/fx/experimental/symbolic_shapes.py:4449] [0/3] ps4 is not in var_ranges, defaulting to unknown range.
trial 1/3: accuracy=75.58% training=4.775s inference=0.679s
trial 2/3: accuracy=74.98% training=4.735s inference=0.180s
trial 3/3: accuracy=75.14% training=4.645s inference=0.152s
{
  "requested_trials": 3,
  "number_of_trials": 3,
  "successful_trials": 3,
  "failed_trials": 0,
  "complete": true,
  "accuracy_target": 0.75,
  "run_error": null,
  "mean_accuracy": 0.7523333333333333,
  "accuracy_std": 0.0031069813860616245,
  "mean_training_time": 4.718076077998073,
  "training_time_std": 0.0664289599280659,
  "mean_evaluation_time": 0.3370375119993696,
  "evaluation_time_std": 0.296524756499857,
  "qualified": true,
  "official": false,
  "dataset": "CIFAR-100",
  "run_id": "20261004T003649Z-a14ab416"
}
Results: /home/jovyan/work/arena3/hypothesis-dr/results/arena/20261004T003649Z-a14ab416
