W1004 03:09:03.223000 129498326533952 torch/fx/experimental/symbolic_shapes.py:4449] [0/2] ps2 is not in var_ranges, defaulting to unknown range.
W1004 03:09:03.223000 129498326533952 torch/fx/experimental/symbolic_shapes.py:4449] [0/2] ps0 is not in var_ranges, defaulting to unknown range.
W1004 03:09:03.819000 129498326533952 torch/fx/experimental/symbolic_shapes.py:4449] [0/2] ps4 is not in var_ranges, defaulting to unknown range.
W1004 03:09:03.820000 129498326533952 torch/fx/experimental/symbolic_shapes.py:4449] [0/2] ps6 is not in var_ranges, defaulting to unknown range.
W1004 03:09:04.383000 129498326533952 torch/fx/experimental/symbolic_shapes.py:4449] [0/2] ps10 is not in var_ranges, defaulting to unknown range.
W1004 03:09:04.383000 129498326533952 torch/fx/experimental/symbolic_shapes.py:4449] [0/2] ps8 is not in var_ranges, defaulting to unknown range.
W1004 03:09:23.540000 129498326533952 torch/fx/experimental/symbolic_shapes.py:4449] [0/2] ps0 is not in var_ranges, defaulting to unknown range.
W1004 03:09:23.567000 129498326533952 torch/fx/experimental/symbolic_shapes.py:4449] [0/2] ps2 is not in var_ranges, defaulting to unknown range.
W1004 03:09:23.567000 129498326533952 torch/fx/experimental/symbolic_shapes.py:4449] [0/2] ps0 is not in var_ranges, defaulting to unknown range.
W1004 03:09:28.625000 129498326533952 torch/fx/experimental/symbolic_shapes.py:4449] [0/2] ps5 is not in var_ranges, defaulting to unknown range.
W1004 03:09:28.639000 129498326533952 torch/fx/experimental/symbolic_shapes.py:4449] [0/2] ps5 is not in var_ranges, defaulting to unknown range.
W1004 03:09:28.639000 129498326533952 torch/fx/experimental/symbolic_shapes.py:4449] [0/2] ps7 is not in var_ranges, defaulting to unknown range.
W1004 03:09:32.574000 129498326533952 torch/fx/experimental/symbolic_shapes.py:4449] [0/2] ps10 is not in var_ranges, defaulting to unknown range.
W1004 03:09:32.590000 129498326533952 torch/fx/experimental/symbolic_shapes.py:4449] [0/2] ps10 is not in var_ranges, defaulting to unknown range.
W1004 03:09:32.590000 129498326533952 torch/fx/experimental/symbolic_shapes.py:4449] [0/2] ps12 is not in var_ranges, defaulting to unknown range.
W1004 03:09:50.222000 129498326533952 torch/fx/experimental/symbolic_shapes.py:4449] [0/3] ps2 is not in var_ranges, defaulting to unknown range.
W1004 03:09:50.222000 129498326533952 torch/fx/experimental/symbolic_shapes.py:4449] [0/3] ps0 is not in var_ranges, defaulting to unknown range.
W1004 03:09:50.848000 129498326533952 torch/fx/experimental/symbolic_shapes.py:4449] [0/3] ps4 is not in var_ranges, defaulting to unknown range.
W1004 03:09:50.848000 129498326533952 torch/fx/experimental/symbolic_shapes.py:4449] [0/3] ps6 is not in var_ranges, defaulting to unknown range.
W1004 03:09:51.407000 129498326533952 torch/fx/experimental/symbolic_shapes.py:4449] [0/3] ps10 is not in var_ranges, defaulting to unknown range.
W1004 03:09:51.407000 129498326533952 torch/fx/experimental/symbolic_shapes.py:4449] [0/3] ps8 is not in var_ranges, defaulting to unknown range.
W1004 03:10:07.996000 129498326533952 torch/fx/experimental/symbolic_shapes.py:4449] [0/3] ps1 is not in var_ranges, defaulting to unknown range.
W1004 03:10:12.939000 129498326533952 torch/fx/experimental/symbolic_shapes.py:4449] [0/3] ps4 is not in var_ranges, defaulting to unknown range.
W1004 03:10:12.953000 129498326533952 torch/fx/experimental/symbolic_shapes.py:4449] [0/3] ps4 is not in var_ranges, defaulting to unknown range.
W1004 03:10:12.954000 129498326533952 torch/fx/experimental/symbolic_shapes.py:4449] [0/3] ps6 is not in var_ranges, defaulting to unknown range.
W1004 03:10:16.891000 129498326533952 torch/fx/experimental/symbolic_shapes.py:4449] [0/3] ps9 is not in var_ranges, defaulting to unknown range.
W1004 03:10:16.903000 129498326533952 torch/fx/experimental/symbolic_shapes.py:4449] [0/3] ps9 is not in var_ranges, defaulting to unknown range.
W1004 03:10:16.903000 129498326533952 torch/fx/experimental/symbolic_shapes.py:4449] [0/3] ps11 is not in var_ranges, defaulting to unknown range.
W1004 03:10:32.509000 129498326533952 torch/fx/experimental/symbolic_shapes.py:4449] [0/4] ps4 is not in var_ranges, defaulting to unknown range.
W1004 03:10:32.509000 129498326533952 torch/fx/experimental/symbolic_shapes.py:4449] [0/4] ps6 is not in var_ranges, defaulting to unknown range.
W1004 03:10:33.046000 129498326533952 torch/fx/experimental/symbolic_shapes.py:4449] [0/4] ps10 is not in var_ranges, defaulting to unknown range.
W1004 03:10:33.046000 129498326533952 torch/fx/experimental/symbolic_shapes.py:4449] [0/4] ps8 is not in var_ranges, defaulting to unknown range.
W1004 03:10:44.947000 129498326533952 torch/fx/experimental/symbolic_shapes.py:4449] [0/4] ps1 is not in var_ranges, defaulting to unknown range.
W1004 03:10:49.000000 129498326533952 torch/fx/experimental/symbolic_shapes.py:4449] [0/4] ps4 is not in var_ranges, defaulting to unknown range.
W1004 03:10:49.015000 129498326533952 torch/fx/experimental/symbolic_shapes.py:4449] [0/4] ps4 is not in var_ranges, defaulting to unknown range.
W1004 03:10:49.015000 129498326533952 torch/fx/experimental/symbolic_shapes.py:4449] [0/4] ps6 is not in var_ranges, defaulting to unknown range.
trial 1/3: accuracy=74.98% training=4.707s inference=0.708s
trial 2/3: accuracy=75.09% training=4.685s inference=0.149s
trial 3/3: accuracy=75.14% training=4.607s inference=0.144s
{
  "requested_trials": 3,
  "number_of_trials": 3,
  "successful_trials": 3,
  "failed_trials": 0,
  "complete": true,
  "accuracy_target": 0.75,
  "run_error": null,
  "mean_accuracy": 0.7507,
  "accuracy_std": 0.0008185352771872159,
  "mean_training_time": 4.666763829998672,
  "training_time_std": 0.052561614130504516,
  "mean_evaluation_time": 0.3336696166661568,
  "evaluation_time_std": 0.3237842813508113,
  "qualified": true,
  "official": false,
  "dataset": "CIFAR-100",
  "run_id": "20261004T030812Z-975348a4"
}
Results: /home/jovyan/work/arena3/hypothesis-dr/results/arena/20261004T030812Z-975348a4
