W1004 04:52:15.844000 137261244933952 torch/fx/experimental/symbolic_shapes.py:4449] [0/2] ps2 is not in var_ranges, defaulting to unknown range.
W1004 04:52:15.845000 137261244933952 torch/fx/experimental/symbolic_shapes.py:4449] [0/2] ps0 is not in var_ranges, defaulting to unknown range.
W1004 04:52:16.450000 137261244933952 torch/fx/experimental/symbolic_shapes.py:4449] [0/2] ps4 is not in var_ranges, defaulting to unknown range.
W1004 04:52:16.450000 137261244933952 torch/fx/experimental/symbolic_shapes.py:4449] [0/2] ps6 is not in var_ranges, defaulting to unknown range.
W1004 04:52:17.023000 137261244933952 torch/fx/experimental/symbolic_shapes.py:4449] [0/2] ps10 is not in var_ranges, defaulting to unknown range.
W1004 04:52:17.023000 137261244933952 torch/fx/experimental/symbolic_shapes.py:4449] [0/2] ps8 is not in var_ranges, defaulting to unknown range.
W1004 04:52:36.092000 137261244933952 torch/fx/experimental/symbolic_shapes.py:4449] [0/2] ps0 is not in var_ranges, defaulting to unknown range.
W1004 04:52:36.120000 137261244933952 torch/fx/experimental/symbolic_shapes.py:4449] [0/2] ps2 is not in var_ranges, defaulting to unknown range.
W1004 04:52:36.120000 137261244933952 torch/fx/experimental/symbolic_shapes.py:4449] [0/2] ps0 is not in var_ranges, defaulting to unknown range.
W1004 04:52:41.223000 137261244933952 torch/fx/experimental/symbolic_shapes.py:4449] [0/2] ps5 is not in var_ranges, defaulting to unknown range.
W1004 04:52:41.241000 137261244933952 torch/fx/experimental/symbolic_shapes.py:4449] [0/2] ps5 is not in var_ranges, defaulting to unknown range.
W1004 04:52:41.241000 137261244933952 torch/fx/experimental/symbolic_shapes.py:4449] [0/2] ps7 is not in var_ranges, defaulting to unknown range.
W1004 04:52:45.234000 137261244933952 torch/fx/experimental/symbolic_shapes.py:4449] [0/2] ps10 is not in var_ranges, defaulting to unknown range.
W1004 04:52:45.249000 137261244933952 torch/fx/experimental/symbolic_shapes.py:4449] [0/2] ps10 is not in var_ranges, defaulting to unknown range.
W1004 04:52:45.250000 137261244933952 torch/fx/experimental/symbolic_shapes.py:4449] [0/2] ps12 is not in var_ranges, defaulting to unknown range.
W1004 04:53:02.672000 137261244933952 torch/fx/experimental/symbolic_shapes.py:4449] [0/3] ps2 is not in var_ranges, defaulting to unknown range.
W1004 04:53:02.673000 137261244933952 torch/fx/experimental/symbolic_shapes.py:4449] [0/3] ps0 is not in var_ranges, defaulting to unknown range.
W1004 04:53:03.322000 137261244933952 torch/fx/experimental/symbolic_shapes.py:4449] [0/3] ps4 is not in var_ranges, defaulting to unknown range.
W1004 04:53:03.322000 137261244933952 torch/fx/experimental/symbolic_shapes.py:4449] [0/3] ps6 is not in var_ranges, defaulting to unknown range.
W1004 04:53:03.875000 137261244933952 torch/fx/experimental/symbolic_shapes.py:4449] [0/3] ps10 is not in var_ranges, defaulting to unknown range.
W1004 04:53:03.875000 137261244933952 torch/fx/experimental/symbolic_shapes.py:4449] [0/3] ps8 is not in var_ranges, defaulting to unknown range.
W1004 04:53:19.970000 137261244933952 torch/fx/experimental/symbolic_shapes.py:4449] [0/3] ps1 is not in var_ranges, defaulting to unknown range.
W1004 04:53:25.024000 137261244933952 torch/fx/experimental/symbolic_shapes.py:4449] [0/3] ps4 is not in var_ranges, defaulting to unknown range.
W1004 04:53:25.043000 137261244933952 torch/fx/experimental/symbolic_shapes.py:4449] [0/3] ps4 is not in var_ranges, defaulting to unknown range.
W1004 04:53:25.043000 137261244933952 torch/fx/experimental/symbolic_shapes.py:4449] [0/3] ps6 is not in var_ranges, defaulting to unknown range.
W1004 04:53:29.046000 137261244933952 torch/fx/experimental/symbolic_shapes.py:4449] [0/3] ps9 is not in var_ranges, defaulting to unknown range.
W1004 04:53:29.061000 137261244933952 torch/fx/experimental/symbolic_shapes.py:4449] [0/3] ps9 is not in var_ranges, defaulting to unknown range.
W1004 04:53:29.061000 137261244933952 torch/fx/experimental/symbolic_shapes.py:4449] [0/3] ps11 is not in var_ranges, defaulting to unknown range.
W1004 04:53:48.287000 137261244933952 torch/fx/experimental/symbolic_shapes.py:4449] [0/4] ps2 is not in var_ranges, defaulting to unknown range.
W1004 04:53:48.288000 137261244933952 torch/fx/experimental/symbolic_shapes.py:4449] [0/4] ps0 is not in var_ranges, defaulting to unknown range.
W1004 04:53:48.721000 137261244933952 torch/fx/experimental/symbolic_shapes.py:4449] [0/4] ps4 is not in var_ranges, defaulting to unknown range.
W1004 04:53:48.721000 137261244933952 torch/fx/experimental/symbolic_shapes.py:4449] [0/4] ps6 is not in var_ranges, defaulting to unknown range.
W1004 04:53:49.273000 137261244933952 torch/fx/experimental/symbolic_shapes.py:4449] [0/4] ps10 is not in var_ranges, defaulting to unknown range.
W1004 04:53:49.273000 137261244933952 torch/fx/experimental/symbolic_shapes.py:4449] [0/4] ps8 is not in var_ranges, defaulting to unknown range.
W1004 04:54:01.481000 137261244933952 torch/fx/experimental/symbolic_shapes.py:4449] [0/4] ps1 is not in var_ranges, defaulting to unknown range.
W1004 04:54:05.944000 137261244933952 torch/fx/experimental/symbolic_shapes.py:4449] [0/4] ps4 is not in var_ranges, defaulting to unknown range.
W1004 04:54:05.963000 137261244933952 torch/fx/experimental/symbolic_shapes.py:4449] [0/4] ps4 is not in var_ranges, defaulting to unknown range.
W1004 04:54:05.963000 137261244933952 torch/fx/experimental/symbolic_shapes.py:4449] [0/4] ps6 is not in var_ranges, defaulting to unknown range.
trial 1/3: accuracy=75.08% training=4.732s inference=0.700s
trial 2/3: accuracy=75.26% training=4.675s inference=0.147s
trial 3/3: accuracy=75.35% training=4.586s inference=0.143s
{
  "requested_trials": 3,
  "number_of_trials": 3,
  "successful_trials": 3,
  "failed_trials": 0,
  "complete": true,
  "accuracy_target": 0.75,
  "run_error": null,
  "mean_accuracy": 0.7523,
  "accuracy_std": 0.0013747727084867218,
  "mean_training_time": 4.6641797843331005,
  "training_time_std": 0.07355311305249362,
  "mean_evaluation_time": 0.32994213366570574,
  "evaluation_time_std": 0.3201386536025919,
  "qualified": true,
  "official": false,
  "dataset": "CIFAR-100",
  "run_id": "20261004T045125Z-01d2a7dd"
}
Results: /home/jovyan/work/arena3/hypothesis-dr/results/arena/20261004T045125Z-01d2a7dd
