Vocab size: 8,192
Model config: {'sequence_len': 2048, 'vocab_size': 8192, 'n_layer': 10, 'n_head': 5, 'n_kv_head': 5, 'n_embd': 640, 'window_pattern': 'SSSL'}
Parameter counts:
  wte                     : 5,242,880
  value_embeds            : 26,214,400
  lm_head                 : 5,242,880
  transformer_matrices    : 49,152,800
  scalars                 : 20
  total                   : 85,852,980
Estimated FLOPs per token: 4.286102e+08
Scaling AdamW LRs by 1/sqrt(640/768) = 1.095445
Time budget: 300s
Gradient accumulation steps: 2

step 00000 (0.0%) | loss: 9.011301 | lrm: 1.00 | dt: 18827ms | tok/sec: 27,847 | mfu: 1.2% | epoch: 1 | remaining: 300s    
step 00001 (0.0%) | loss: 9.212152 | lrm: 1.00 | dt: 1045ms | tok/sec: 501,812 | mfu: 21.7% | epoch: 1 | remaining: 300s    
step 00002 (0.0%) | loss: 8.979123 | lrm: 1.00 | dt: 1029ms | tok/sec: 509,756 | mfu: 22.1% | epoch: 1 | remaining: 300s    
step 00003 (0.0%) | loss: 8.541266 | lrm: 1.00 | dt: 1026ms | tok/sec: 510,955 | mfu: 22.1% | epoch: 1 | remaining: 300s    
step 00004 (0.0%) | loss: 8.111649 | lrm: 1.00 | dt: 1026ms | tok/sec: 510,898 | mfu: 22.1% | epoch: 1 | remaining: 300s    
step 00005 (0.0%) | loss: 7.721935 | lrm: 1.00 | dt: 1026ms | tok/sec: 510,843 | mfu: 22.1% | epoch: 1 | remaining: 300s    
step 00006 (0.0%) | loss: 7.417243 | lrm: 1.00 | dt: 1027ms | tok/sec: 510,670 | mfu: 22.1% | epoch: 1 | remaining: 300s    
step 00007 (0.0%) | loss: 7.168751 | lrm: 1.00 | dt: 1027ms | tok/sec: 510,275 | mfu: 22.1% | epoch: 1 | remaining: 300s    
step 00008 (0.0%) | loss: 6.956747 | lrm: 1.00 | dt: 1028ms | tok/sec: 510,144 | mfu: 22.1% | epoch: 1 | remaining: 300s    
step 00009 (0.0%) | loss: 6.772815 | lrm: 1.00 | dt: 1027ms | tok/sec: 510,278 | mfu: 22.1% | epoch: 1 | remaining: 300s    
step 00010 (0.0%) | loss: 6.619020 | lrm: 1.00 | dt: 1028ms | tok/sec: 510,064 | mfu: 22.1% | epoch: 1 | remaining: 300s    
step 00011 (0.0%) | loss: 6.486116 | lrm: 1.00 | dt: 1029ms | tok/sec: 509,593 | mfu: 22.1% | epoch: 1 | remaining: 299s    
step 00012 (0.3%) | loss: 6.369716 | lrm: 1.00 | dt: 1029ms | tok/sec: 509,752 | mfu: 22.1% | epoch: 1 | remaining: 298s    
step 00013 (0.7%) | loss: 6.271206 | lrm: 1.00 | dt: 1029ms | tok/sec: 509,392 | mfu: 22.1% | epoch: 1 | remaining: 297s    
step 00014 (1.0%) | loss: 6.178360 | lrm: 1.00 | dt: 1029ms | tok/sec: 509,552 | mfu: 22.1% | epoch: 1 | remaining: 296s    
step 00015 (1.4%) | loss: 6.099355 | lrm: 1.00 | dt: 1030ms | tok/sec: 508,999 | mfu: 22.0% | epoch: 1 | remaining: 295s    
step 00016 (1.7%) | loss: 6.027585 | lrm: 1.00 | dt: 1030ms | tok/sec: 509,227 | mfu: 22.1% | epoch: 1 | remaining: 294s    
step 00017 (2.1%) | loss: 5.962403 | lrm: 1.00 | dt: 1030ms | tok/sec: 508,990 | mfu: 22.0% | epoch: 1 | remaining: 293s    
step 00018 (2.4%) | loss: 5.903670 | lrm: 1.00 | dt: 1030ms | tok/sec: 509,050 | mfu: 22.0% | epoch: 1 | remaining: 292s    
step 00019 (2.7%) | loss: 5.853489 | lrm: 1.00 | dt: 1031ms | tok/sec: 508,743 | mfu: 22.0% | epoch: 1 | remaining: 291s    
step 00020 (3.1%) | loss: 5.807210 | lrm: 1.00 | dt: 1030ms | tok/sec: 509,010 | mfu: 22.0% | epoch: 1 | remaining: 290s    
step 00021 (3.4%) | loss: 5.762584 | lrm: 1.00 | dt: 1031ms | tok/sec: 508,596 | mfu: 22.0% | epoch: 1 | remaining: 289s    
step 00022 (3.8%) | loss: 5.720896 | lrm: 1.00 | dt: 1031ms | tok/sec: 508,402 | mfu: 22.0% | epoch: 1 | remaining: 288s    
step 00023 (4.1%) | loss: 5.684591 | lrm: 1.00 | dt: 1031ms | tok/sec: 508,331 | mfu: 22.0% | epoch: 1 | remaining: 287s    
step 00024 (4.5%) | loss: 5.648938 | lrm: 1.00 | dt: 1031ms | tok/sec: 508,280 | mfu: 22.0% | epoch: 1 | remaining: 286s    
step 00025 (4.8%) | loss: 5.615173 | lrm: 1.00 | dt: 1031ms | tok/sec: 508,405 | mfu: 22.0% | epoch: 1 | remaining: 285s    
step 00026 (5.2%) | loss: 5.579303 | lrm: 1.00 | dt: 1032ms | tok/sec: 508,142 | mfu: 22.0% | epoch: 1 | remaining: 284s    
step 00027 (5.5%) | loss: 5.548743 | lrm: 1.00 | dt: 1032ms | tok/sec: 508,132 | mfu: 22.0% | epoch: 1 | remaining: 282s    
step 00028 (5.8%) | loss: 5.518710 | lrm: 1.00 | dt: 1032ms | tok/sec: 508,095 | mfu: 22.0% | epoch: 1 | remaining: 281s    
step 00029 (6.2%) | loss: 5.491181 | lrm: 1.00 | dt: 1032ms | tok/sec: 507,974 | mfu: 22.0% | epoch: 1 | remaining: 280s    
step 00030 (6.5%) | loss: 5.462314 | lrm: 1.00 | dt: 1032ms | tok/sec: 508,199 | mfu: 22.0% | epoch: 1 | remaining: 279s    
step 00031 (6.9%) | loss: 5.432173 | lrm: 1.00 | dt: 1032ms | tok/sec: 507,979 | mfu: 22.0% | epoch: 1 | remaining: 278s    
step 00032 (7.2%) | loss: 5.405033 | lrm: 1.00 | dt: 1033ms | tok/sec: 507,700 | mfu: 22.0% | epoch: 1 | remaining: 277s    
step 00033 (7.6%) | loss: 5.375770 | lrm: 1.00 | dt: 1033ms | tok/sec: 507,467 | mfu: 22.0% | epoch: 1 | remaining: 276s    
step 00034 (7.9%) | loss: 5.344681 | lrm: 1.00 | dt: 1033ms | tok/sec: 507,467 | mfu: 22.0% | epoch: 1 | remaining: 275s    
step 00035 (8.2%) | loss: 5.316998 | lrm: 1.00 | dt: 1034ms | tok/sec: 507,244 | mfu: 22.0% | epoch: 1 | remaining: 274s    
step 00036 (8.6%) | loss: 5.292832 | lrm: 1.00 | dt: 1034ms | tok/sec: 506,914 | mfu: 22.0% | epoch: 1 | remaining: 273s    
step 00037 (8.9%) | loss: 5.266814 | lrm: 1.00 | dt: 1034ms | tok/sec: 507,291 | mfu: 22.0% | epoch: 1 | remaining: 272s    
step 00038 (9.3%) | loss: 5.241845 | lrm: 1.00 | dt: 1033ms | tok/sec: 507,326 | mfu: 22.0% | epoch: 1 | remaining: 271s    
step 00039 (9.6%) | loss: 5.212898 | lrm: 1.00 | dt: 1034ms | tok/sec: 507,218 | mfu: 22.0% | epoch: 1 | remaining: 270s    
step 00040 (10.0%) | loss: 5.185214 | lrm: 1.00 | dt: 1034ms | tok/sec: 507,155 | mfu: 22.0% | epoch: 1 | remaining: 269s    
step 00041 (10.3%) | loss: 5.161189 | lrm: 1.00 | dt: 1035ms | tok/sec: 506,487 | mfu: 21.9% | epoch: 1 | remaining: 268s    
step 00042 (10.7%) | loss: 5.138589 | lrm: 1.00 | dt: 1034ms | tok/sec: 507,027 | mfu: 22.0% | epoch: 1 | remaining: 267s    
step 00043 (11.0%) | loss: 5.110423 | lrm: 1.00 | dt: 1034ms | tok/sec: 507,161 | mfu: 22.0% | epoch: 1 | remaining: 266s    
step 00044 (11.3%) | loss: 5.084529 | lrm: 1.00 | dt: 1035ms | tok/sec: 506,429 | mfu: 21.9% | epoch: 1 | remaining: 265s    
step 00045 (11.7%) | loss: 5.058575 | lrm: 1.00 | dt: 1034ms | tok/sec: 506,816 | mfu: 22.0% | epoch: 1 | remaining: 264s    
step 00046 (12.0%) | loss: 5.033532 | lrm: 1.00 | dt: 1034ms | tok/sec: 506,979 | mfu: 22.0% | epoch: 1 | remaining: 263s    
step 00047 (12.4%) | loss: 5.006240 | lrm: 1.00 | dt: 1034ms | tok/sec: 507,183 | mfu: 22.0% | epoch: 1 | remaining: 262s    
step 00048 (12.7%) | loss: 4.985292 | lrm: 1.00 | dt: 1035ms | tok/sec: 506,700 | mfu: 21.9% | epoch: 1 | remaining: 261s    
step 00049 (13.1%) | loss: 4.961398 | lrm: 1.00 | dt: 1036ms | tok/sec: 506,101 | mfu: 21.9% | epoch: 1 | remaining: 260s    
step 00050 (13.4%) | loss: 4.935522 | lrm: 1.00 | dt: 1035ms | tok/sec: 506,685 | mfu: 21.9% | epoch: 1 | remaining: 259s    
step 00051 (13.8%) | loss: 4.914630 | lrm: 1.00 | dt: 1034ms | tok/sec: 506,973 | mfu: 22.0% | epoch: 1 | remaining: 258s    
step 00052 (14.1%) | loss: 4.889765 | lrm: 1.00 | dt: 1035ms | tok/sec: 506,593 | mfu: 21.9% | epoch: 1 | remaining: 257s    
step 00053 (14.5%) | loss: 4.866326 | lrm: 1.00 | dt: 1036ms | tok/sec: 506,175 | mfu: 21.9% | epoch: 1 | remaining: 256s    
step 00054 (14.8%) | loss: 4.843087 | lrm: 1.00 | dt: 1035ms | tok/sec: 506,440 | mfu: 21.9% | epoch: 1 | remaining: 255s    
step 00055 (15.1%) | loss: 4.817804 | lrm: 1.00 | dt: 1035ms | tok/sec: 506,356 | mfu: 21.9% | epoch: 1 | remaining: 254s    
step 00056 (15.5%) | loss: 4.796456 | lrm: 1.00 | dt: 1035ms | tok/sec: 506,352 | mfu: 21.9% | epoch: 1 | remaining: 252s    
step 00057 (15.8%) | loss: 4.773663 | lrm: 1.00 | dt: 1035ms | tok/sec: 506,702 | mfu: 21.9% | epoch: 1 | remaining: 251s    
step 00058 (16.2%) | loss: 4.752709 | lrm: 1.00 | dt: 1035ms | tok/sec: 506,445 | mfu: 21.9% | epoch: 1 | remaining: 250s    
step 00059 (16.5%) | loss: 4.725444 | lrm: 1.00 | dt: 1035ms | tok/sec: 506,471 | mfu: 21.9% | epoch: 1 | remaining: 249s    
step 00060 (16.9%) | loss: 4.702208 | lrm: 1.00 | dt: 1036ms | tok/sec: 506,238 | mfu: 21.9% | epoch: 1 | remaining: 248s    
step 00061 (17.2%) | loss: 4.681391 | lrm: 1.00 | dt: 1036ms | tok/sec: 506,023 | mfu: 21.9% | epoch: 1 | remaining: 247s    
step 00062 (17.6%) | loss: 4.656536 | lrm: 1.00 | dt: 1036ms | tok/sec: 506,214 | mfu: 21.9% | epoch: 1 | remaining: 246s    
step 00063 (17.9%) | loss: 4.631178 | lrm: 1.00 | dt: 1036ms | tok/sec: 506,122 | mfu: 21.9% | epoch: 1 | remaining: 245s    
step 00064 (18.2%) | loss: 4.608663 | lrm: 1.00 | dt: 1036ms | tok/sec: 506,077 | mfu: 21.9% | epoch: 1 | remaining: 244s    
step 00065 (18.6%) | loss: 4.587325 | lrm: 1.00 | dt: 1036ms | tok/sec: 506,226 | mfu: 21.9% | epoch: 1 | remaining: 243s    
step 00066 (18.9%) | loss: 4.567652 | lrm: 1.00 | dt: 1036ms | tok/sec: 506,015 | mfu: 21.9% | epoch: 1 | remaining: 242s    
step 00067 (19.3%) | loss: 4.547470 | lrm: 1.00 | dt: 1036ms | tok/sec: 505,872 | mfu: 21.9% | epoch: 1 | remaining: 241s    
step 00068 (19.6%) | loss: 4.526955 | lrm: 1.00 | dt: 1035ms | tok/sec: 506,399 | mfu: 21.9% | epoch: 1 | remaining: 240s    
step 00069 (20.0%) | loss: 4.503969 | lrm: 1.00 | dt: 1034ms | tok/sec: 506,805 | mfu: 22.0% | epoch: 1 | remaining: 239s    
step 00070 (20.3%) | loss: 4.479002 | lrm: 1.00 | dt: 1035ms | tok/sec: 506,318 | mfu: 21.9% | epoch: 1 | remaining: 238s    
step 00071 (20.7%) | loss: 4.448510 | lrm: 1.00 | dt: 1035ms | tok/sec: 506,350 | mfu: 21.9% | epoch: 1 | remaining: 237s    
step 00072 (21.0%) | loss: 4.431612 | lrm: 1.00 | dt: 1035ms | tok/sec: 506,725 | mfu: 21.9% | epoch: 1 | remaining: 236s    
step 00073 (21.4%) | loss: 4.410631 | lrm: 1.00 | dt: 1035ms | tok/sec: 506,373 | mfu: 21.9% | epoch: 1 | remaining: 235s    
step 00074 (21.7%) | loss: 4.385162 | lrm: 1.00 | dt: 1035ms | tok/sec: 506,483 | mfu: 21.9% | epoch: 1 | remaining: 234s    
step 00075 (22.0%) | loss: 4.362474 | lrm: 1.00 | dt: 1035ms | tok/sec: 506,531 | mfu: 21.9% | epoch: 1 | remaining: 233s    
step 00076 (22.4%) | loss: 4.342213 | lrm: 1.00 | dt: 1035ms | tok/sec: 506,409 | mfu: 21.9% | epoch: 1 | remaining: 232s    
step 00077 (22.7%) | loss: 4.324143 | lrm: 1.00 | dt: 1035ms | tok/sec: 506,413 | mfu: 21.9% | epoch: 1 | remaining: 231s    
step 00078 (23.1%) | loss: 4.298928 | lrm: 1.00 | dt: 1036ms | tok/sec: 506,259 | mfu: 21.9% | epoch: 1 | remaining: 230s    
step 00079 (23.4%) | loss: 4.276867 | lrm: 1.00 | dt: 1036ms | tok/sec: 505,984 | mfu: 21.9% | epoch: 1 | remaining: 229s    
step 00080 (23.8%) | loss: 4.256352 | lrm: 1.00 | dt: 1036ms | tok/sec: 505,991 | mfu: 21.9% | epoch: 1 | remaining: 228s    
step 00081 (24.1%) | loss: 4.235601 | lrm: 1.00 | dt: 1035ms | tok/sec: 506,347 | mfu: 21.9% | epoch: 1 | remaining: 227s    
step 00082 (24.5%) | loss: 4.217583 | lrm: 1.00 | dt: 1035ms | tok/sec: 506,483 | mfu: 21.9% | epoch: 1 | remaining: 226s    
step 00083 (24.8%) | loss: 4.194583 | lrm: 1.00 | dt: 1036ms | tok/sec: 506,096 | mfu: 21.9% | epoch: 1 | remaining: 225s    
step 00084 (25.2%) | loss: 4.171684 | lrm: 1.00 | dt: 1036ms | tok/sec: 506,228 | mfu: 21.9% | epoch: 1 | remaining: 224s    
step 00085 (25.5%) | loss: 4.153730 | lrm: 1.00 | dt: 1037ms | tok/sec: 505,505 | mfu: 21.9% | epoch: 1 | remaining: 222s    
step 00086 (25.8%) | loss: 4.133952 | lrm: 1.00 | dt: 1036ms | tok/sec: 506,145 | mfu: 21.9% | epoch: 1 | remaining: 221s    
step 00087 (26.2%) | loss: 4.118035 | lrm: 1.00 | dt: 1036ms | tok/sec: 506,296 | mfu: 21.9% | epoch: 1 | remaining: 220s    
step 00088 (26.5%) | loss: 4.102447 | lrm: 1.00 | dt: 1036ms | tok/sec: 506,084 | mfu: 21.9% | epoch: 1 | remaining: 219s    
step 00089 (26.9%) | loss: 4.083222 | lrm: 1.00 | dt: 1036ms | tok/sec: 505,992 | mfu: 21.9% | epoch: 1 | remaining: 218s    
step 00090 (27.2%) | loss: 4.066967 | lrm: 1.00 | dt: 1037ms | tok/sec: 505,728 | mfu: 21.9% | epoch: 1 | remaining: 217s    
step 00091 (27.6%) | loss: 4.045977 | lrm: 1.00 | dt: 1035ms | tok/sec: 506,366 | mfu: 21.9% | epoch: 1 | remaining: 216s    
step 00092 (27.9%) | loss: 4.029772 | lrm: 1.00 | dt: 1036ms | tok/sec: 506,168 | mfu: 21.9% | epoch: 1 | remaining: 215s    
step 00093 (28.3%) | loss: 4.012049 | lrm: 1.00 | dt: 1036ms | tok/sec: 506,199 | mfu: 21.9% | epoch: 1 | remaining: 214s    
step 00094 (28.6%) | loss: 3.997934 | lrm: 1.00 | dt: 1036ms | tok/sec: 506,091 | mfu: 21.9% | epoch: 1 | remaining: 213s    
step 00095 (29.0%) | loss: 3.984715 | lrm: 1.00 | dt: 1037ms | tok/sec: 505,721 | mfu: 21.9% | epoch: 1 | remaining: 212s    
step 00096 (29.3%) | loss: 3.965965 | lrm: 1.00 | dt: 1036ms | tok/sec: 506,150 | mfu: 21.9% | epoch: 1 | remaining: 211s    
step 00097 (29.6%) | loss: 3.951827 | lrm: 1.00 | dt: 1036ms | tok/sec: 506,036 | mfu: 21.9% | epoch: 1 | remaining: 210s    
step 00098 (30.0%) | loss: 3.934946 | lrm: 1.00 | dt: 1036ms | tok/sec: 505,862 | mfu: 21.9% | epoch: 1 | remaining: 209s    
step 00099 (30.3%) | loss: 3.920311 | lrm: 1.00 | dt: 1036ms | tok/sec: 506,041 | mfu: 21.9% | epoch: 1 | remaining: 208s    
step 00100 (30.7%) | loss: 3.906577 | lrm: 1.00 | dt: 1036ms | tok/sec: 505,956 | mfu: 21.9% | epoch: 1 | remaining: 207s    
step 00101 (31.0%) | loss: 3.889712 | lrm: 1.00 | dt: 1035ms | tok/sec: 506,314 | mfu: 21.9% | epoch: 1 | remaining: 206s    
step 00102 (31.4%) | loss: 3.874346 | lrm: 1.00 | dt: 1035ms | tok/sec: 506,408 | mfu: 21.9% | epoch: 1 | remaining: 205s    
step 00103 (31.7%) | loss: 3.853552 | lrm: 1.00 | dt: 1036ms | tok/sec: 506,169 | mfu: 21.9% | epoch: 1 | remaining: 204s    
step 00104 (32.1%) | loss: 3.838676 | lrm: 1.00 | dt: 1036ms | tok/sec: 506,094 | mfu: 21.9% | epoch: 1 | remaining: 203s    
step 00105 (32.4%) | loss: 3.824879 | lrm: 1.00 | dt: 1036ms | tok/sec: 506,058 | mfu: 21.9% | epoch: 1 | remaining: 202s    
step 00106 (32.8%) | loss: 3.813074 | lrm: 1.00 | dt: 1036ms | tok/sec: 506,166 | mfu: 21.9% | epoch: 1 | remaining: 201s    
step 00107 (33.1%) | loss: 3.804511 | lrm: 1.00 | dt: 1036ms | tok/sec: 506,045 | mfu: 21.9% | epoch: 1 | remaining: 200s    
step 00108 (33.4%) | loss: 3.796298 | lrm: 1.00 | dt: 1036ms | tok/sec: 506,014 | mfu: 21.9% | epoch: 1 | remaining: 199s    
step 00109 (33.8%) | loss: 3.787613 | lrm: 1.00 | dt: 1036ms | tok/sec: 506,280 | mfu: 21.9% | epoch: 1 | remaining: 198s    
step 00110 (34.1%) | loss: 3.776182 | lrm: 1.00 | dt: 1036ms | tok/sec: 506,187 | mfu: 21.9% | epoch: 1 | remaining: 197s    
step 00111 (34.5%) | loss: 3.772215 | lrm: 1.00 | dt: 1036ms | tok/sec: 506,279 | mfu: 21.9% | epoch: 1 | remaining: 196s    
step 00112 (34.8%) | loss: 3.764317 | lrm: 1.00 | dt: 1036ms | tok/sec: 506,306 | mfu: 21.9% | epoch: 1 | remaining: 194s    
step 00113 (35.2%) | loss: 3.760585 | lrm: 1.00 | dt: 1036ms | tok/sec: 506,201 | mfu: 21.9% | epoch: 1 | remaining: 193s    
step 00114 (35.5%) | loss: 3.757292 | lrm: 1.00 | dt: 1036ms | tok/sec: 506,259 | mfu: 21.9% | epoch: 1 | remaining: 192s    
step 00115 (35.9%) | loss: 3.749206 | lrm: 1.00 | dt: 1035ms | tok/sec: 506,654 | mfu: 21.9% | epoch: 1 | remaining: 191s    
step 00116 (36.2%) | loss: 3.737522 | lrm: 1.00 | dt: 1035ms | tok/sec: 506,546 | mfu: 21.9% | epoch: 1 | remaining: 190s    
step 00117 (36.5%) | loss: 3.734301 | lrm: 1.00 | dt: 1036ms | tok/sec: 506,243 | mfu: 21.9% | epoch: 1 | remaining: 189s    
step 00118 (36.9%) | loss: 3.724041 | lrm: 1.00 | dt: 1036ms | tok/sec: 505,963 | mfu: 21.9% | epoch: 1 | remaining: 188s    
step 00119 (37.2%) | loss: 3.717619 | lrm: 1.00 | dt: 1036ms | tok/sec: 505,972 | mfu: 21.9% | epoch: 1 | remaining: 187s    
step 00120 (37.6%) | loss: 3.713241 | lrm: 1.00 | dt: 1036ms | tok/sec: 506,310 | mfu: 21.9% | epoch: 1 | remaining: 186s    
step 00121 (37.9%) | loss: 3.697782 | lrm: 1.00 | dt: 1036ms | tok/sec: 506,061 | mfu: 21.9% | epoch: 1 | remaining: 185s    
step 00122 (38.3%) | loss: 3.689643 | lrm: 1.00 | dt: 1036ms | tok/sec: 506,292 | mfu: 21.9% | epoch: 1 | remaining: 184s    
step 00123 (38.6%) | loss: 3.682649 | lrm: 1.00 | dt: 1036ms | tok/sec: 505,833 | mfu: 21.9% | epoch: 1 | remaining: 183s    
step 00124 (39.0%) | loss: 3.677219 | lrm: 1.00 | dt: 1036ms | tok/sec: 506,134 | mfu: 21.9% | epoch: 1 | remaining: 182s    
step 00125 (39.3%) | loss: 3.667164 | lrm: 1.00 | dt: 1036ms | tok/sec: 506,245 | mfu: 21.9% | epoch: 1 | remaining: 181s    
step 00126 (39.7%) | loss: 3.658468 | lrm: 1.00 | dt: 1035ms | tok/sec: 506,325 | mfu: 21.9% | epoch: 1 | remaining: 180s    
step 00127 (40.0%) | loss: 3.648708 | lrm: 1.00 | dt: 1036ms | tok/sec: 505,842 | mfu: 21.9% | epoch: 1 | remaining: 179s    
step 00128 (40.3%) | loss: 3.646818 | lrm: 1.00 | dt: 1036ms | tok/sec: 506,134 | mfu: 21.9% | epoch: 1 | remaining: 178s    
step 00129 (40.7%) | loss: 3.640060 | lrm: 1.00 | dt: 1036ms | tok/sec: 505,971 | mfu: 21.9% | epoch: 1 | remaining: 177s    
step 00130 (41.0%) | loss: 3.636279 | lrm: 1.00 | dt: 1036ms | tok/sec: 506,237 | mfu: 21.9% | epoch: 1 | remaining: 176s    
step 00131 (41.4%) | loss: 3.629582 | lrm: 1.00 | dt: 1035ms | tok/sec: 506,343 | mfu: 21.9% | epoch: 1 | remaining: 175s    
step 00132 (41.7%) | loss: 3.623344 | lrm: 1.00 | dt: 1036ms | tok/sec: 506,249 | mfu: 21.9% | epoch: 1 | remaining: 174s    
step 00133 (42.1%) | loss: 3.622614 | lrm: 1.00 | dt: 1036ms | tok/sec: 505,995 | mfu: 21.9% | epoch: 1 | remaining: 173s    
step 00134 (42.4%) | loss: 3.612181 | lrm: 1.00 | dt: 1037ms | tok/sec: 505,768 | mfu: 21.9% | epoch: 1 | remaining: 172s    
step 00135 (42.8%) | loss: 3.604778 | lrm: 1.00 | dt: 1035ms | tok/sec: 506,617 | mfu: 21.9% | epoch: 1 | remaining: 171s    
step 00136 (43.1%) | loss: 3.596071 | lrm: 1.00 | dt: 1035ms | tok/sec: 506,695 | mfu: 21.9% | epoch: 1 | remaining: 170s    
step 00137 (43.5%) | loss: 3.592669 | lrm: 1.00 | dt: 1035ms | tok/sec: 506,697 | mfu: 21.9% | epoch: 1 | remaining: 169s    
step 00138 (43.8%) | loss: 3.593506 | lrm: 1.00 | dt: 1035ms | tok/sec: 506,486 | mfu: 21.9% | epoch: 1 | remaining: 168s    
step 00139 (44.1%) | loss: 3.583362 | lrm: 1.00 | dt: 1035ms | tok/sec: 506,343 | mfu: 21.9% | epoch: 1 | remaining: 167s    
step 00140 (44.5%) | loss: 3.575317 | lrm: 1.00 | dt: 1036ms | tok/sec: 506,143 | mfu: 21.9% | epoch: 1 | remaining: 165s    
step 00141 (44.8%) | loss: 3.571415 | lrm: 1.00 | dt: 1036ms | tok/sec: 505,999 | mfu: 21.9% | epoch: 1 | remaining: 164s    
step 00142 (45.2%) | loss: 3.567639 | lrm: 1.00 | dt: 1036ms | tok/sec: 505,879 | mfu: 21.9% | epoch: 1 | remaining: 163s    
step 00143 (45.5%) | loss: 3.561564 | lrm: 1.00 | dt: 1036ms | tok/sec: 506,089 | mfu: 21.9% | epoch: 1 | remaining: 162s    
step 00144 (45.9%) | loss: 3.565078 | lrm: 1.00 | dt: 1036ms | tok/sec: 506,271 | mfu: 21.9% | epoch: 1 | remaining: 161s    
step 00145 (46.2%) | loss: 3.559987 | lrm: 1.00 | dt: 1035ms | tok/sec: 506,371 | mfu: 21.9% | epoch: 1 | remaining: 160s    
step 00146 (46.6%) | loss: 3.555074 | lrm: 1.00 | dt: 1036ms | tok/sec: 506,139 | mfu: 21.9% | epoch: 1 | remaining: 159s    
step 00147 (46.9%) | loss: 3.554295 | lrm: 1.00 | dt: 1036ms | tok/sec: 506,169 | mfu: 21.9% | epoch: 1 | remaining: 158s    
step 00148 (47.3%) | loss: 3.547402 | lrm: 1.00 | dt: 1037ms | tok/sec: 505,597 | mfu: 21.9% | epoch: 1 | remaining: 157s    
step 00149 (47.6%) | loss: 3.537274 | lrm: 1.00 | dt: 1036ms | tok/sec: 506,191 | mfu: 21.9% | epoch: 1 | remaining: 156s    
step 00150 (47.9%) | loss: 3.535048 | lrm: 1.00 | dt: 1036ms | tok/sec: 506,023 | mfu: 21.9% | epoch: 1 | remaining: 155s    
step 00151 (48.3%) | loss: 3.534006 | lrm: 1.00 | dt: 1036ms | tok/sec: 506,176 | mfu: 21.9% | epoch: 1 | remaining: 154s    
step 00152 (48.6%) | loss: 3.529034 | lrm: 1.00 | dt: 1036ms | tok/sec: 506,112 | mfu: 21.9% | epoch: 1 | remaining: 153s    
step 00153 (49.0%) | loss: 3.531562 | lrm: 1.00 | dt: 1036ms | tok/sec: 505,995 | mfu: 21.9% | epoch: 1 | remaining: 152s    
step 00154 (49.3%) | loss: 3.531019 | lrm: 1.00 | dt: 1036ms | tok/sec: 506,196 | mfu: 21.9% | epoch: 1 | remaining: 151s    
step 00155 (49.7%) | loss: 3.527195 | lrm: 1.00 | dt: 1036ms | tok/sec: 506,090 | mfu: 21.9% | epoch: 1 | remaining: 150s    
step 00156 (50.0%) | loss: 3.521658 | lrm: 1.00 | dt: 1036ms | tok/sec: 506,153 | mfu: 21.9% | epoch: 1 | remaining: 149s    
step 00157 (50.4%) | loss: 3.515634 | lrm: 0.99 | dt: 1035ms | tok/sec: 506,720 | mfu: 21.9% | epoch: 1 | remaining: 148s    
step 00158 (50.7%) | loss: 3.514079 | lrm: 0.99 | dt: 1035ms | tok/sec: 506,741 | mfu: 21.9% | epoch: 1 | remaining: 147s    
step 00159 (51.0%) | loss: 3.506914 | lrm: 0.98 | dt: 1035ms | tok/sec: 506,543 | mfu: 21.9% | epoch: 1 | remaining: 146s    
step 00160 (51.4%) | loss: 3.505712 | lrm: 0.97 | dt: 1035ms | tok/sec: 506,490 | mfu: 21.9% | epoch: 1 | remaining: 145s    
step 00161 (51.7%) | loss: 3.503071 | lrm: 0.97 | dt: 1036ms | tok/sec: 506,071 | mfu: 21.9% | epoch: 1 | remaining: 144s    
step 00162 (52.1%) | loss: 3.503422 | lrm: 0.96 | dt: 1037ms | tok/sec: 505,714 | mfu: 21.9% | epoch: 1 | remaining: 143s    
step 00163 (52.4%) | loss: 3.497419 | lrm: 0.95 | dt: 1035ms | tok/sec: 506,515 | mfu: 21.9% | epoch: 1 | remaining: 142s    
step 00164 (52.8%) | loss: 3.496387 | lrm: 0.94 | dt: 1035ms | tok/sec: 506,349 | mfu: 21.9% | epoch: 1 | remaining: 141s    
step 00165 (53.1%) | loss: 3.493648 | lrm: 0.94 | dt: 1036ms | tok/sec: 506,290 | mfu: 21.9% | epoch: 1 | remaining: 140s    
step 00166 (53.5%) | loss: 3.488566 | lrm: 0.93 | dt: 1034ms | tok/sec: 506,940 | mfu: 22.0% | epoch: 1 | remaining: 139s    
step 00167 (53.8%) | loss: 3.484432 | lrm: 0.92 | dt: 1035ms | tok/sec: 506,469 | mfu: 21.9% | epoch: 1 | remaining: 138s    
step 00168 (54.2%) | loss: 3.481240 | lrm: 0.92 | dt: 1036ms | tok/sec: 506,261 | mfu: 21.9% | epoch: 1 | remaining: 137s    
step 00169 (54.5%) | loss: 3.475214 | lrm: 0.91 | dt: 1035ms | tok/sec: 506,416 | mfu: 21.9% | epoch: 1 | remaining: 135s    
step 00170 (54.8%) | loss: 3.467815 | lrm: 0.90 | dt: 1036ms | tok/sec: 505,971 | mfu: 21.9% | epoch: 1 | remaining: 134s    
step 00171 (55.2%) | loss: 3.466166 | lrm: 0.90 | dt: 1036ms | tok/sec: 506,179 | mfu: 21.9% | epoch: 1 | remaining: 133s    
step 00172 (55.5%) | loss: 3.464082 | lrm: 0.89 | dt: 1036ms | tok/sec: 506,203 | mfu: 21.9% | epoch: 1 | remaining: 132s    
step 00173 (55.9%) | loss: 3.459539 | lrm: 0.88 | dt: 1034ms | tok/sec: 506,989 | mfu: 22.0% | epoch: 1 | remaining: 131s    
step 00174 (56.2%) | loss: 3.458103 | lrm: 0.88 | dt: 1035ms | tok/sec: 506,428 | mfu: 21.9% | epoch: 1 | remaining: 130s    
step 00175 (56.6%) | loss: 3.453683 | lrm: 0.87 | dt: 1035ms | tok/sec: 506,330 | mfu: 21.9% | epoch: 1 | remaining: 129s    
step 00176 (56.9%) | loss: 3.450657 | lrm: 0.86 | dt: 1036ms | tok/sec: 506,296 | mfu: 21.9% | epoch: 1 | remaining: 128s    
step 00177 (57.3%) | loss: 3.447204 | lrm: 0.85 | dt: 1035ms | tok/sec: 506,400 | mfu: 21.9% | epoch: 1 | remaining: 127s    
step 00178 (57.6%) | loss: 3.445931 | lrm: 0.85 | dt: 1035ms | tok/sec: 506,711 | mfu: 21.9% | epoch: 1 | remaining: 126s    
step 00179 (58.0%) | loss: 3.441694 | lrm: 0.84 | dt: 1034ms | tok/sec: 506,854 | mfu: 22.0% | epoch: 1 | remaining: 125s    
step 00180 (58.3%) | loss: 3.438839 | lrm: 0.83 | dt: 1035ms | tok/sec: 506,610 | mfu: 21.9% | epoch: 1 | remaining: 124s    
step 00181 (58.6%) | loss: 3.433607 | lrm: 0.83 | dt: 1034ms | tok/sec: 507,006 | mfu: 22.0% | epoch: 1 | remaining: 123s    
step 00182 (59.0%) | loss: 3.424562 | lrm: 0.82 | dt: 1035ms | tok/sec: 506,347 | mfu: 21.9% | epoch: 1 | remaining: 122s    
step 00183 (59.3%) | loss: 3.416859 | lrm: 0.81 | dt: 1035ms | tok/sec: 506,634 | mfu: 21.9% | epoch: 1 | remaining: 121s    
step 00184 (59.7%) | loss: 3.414366 | lrm: 0.81 | dt: 1035ms | tok/sec: 506,349 | mfu: 21.9% | epoch: 1 | remaining: 120s    
step 00185 (60.0%) | loss: 3.409264 | lrm: 0.80 | dt: 1034ms | tok/sec: 506,818 | mfu: 22.0% | epoch: 1 | remaining: 119s    
step 00186 (60.4%) | loss: 3.402793 | lrm: 0.79 | dt: 1034ms | tok/sec: 506,836 | mfu: 22.0% | epoch: 1 | remaining: 118s    
step 00187 (60.7%) | loss: 3.398109 | lrm: 0.79 | dt: 1035ms | tok/sec: 506,320 | mfu: 21.9% | epoch: 1 | remaining: 117s    
step 00188 (61.1%) | loss: 3.396600 | lrm: 0.78 | dt: 1036ms | tok/sec: 506,263 | mfu: 21.9% | epoch: 1 | remaining: 116s    
step 00189 (61.4%) | loss: 3.392885 | lrm: 0.77 | dt: 1034ms | tok/sec: 507,054 | mfu: 22.0% | epoch: 1 | remaining: 115s    
step 00190 (61.7%) | loss: 3.391217 | lrm: 0.77 | dt: 1035ms | tok/sec: 506,747 | mfu: 22.0% | epoch: 1 | remaining: 114s    
step 00191 (62.1%) | loss: 3.390150 | lrm: 0.76 | dt: 1036ms | tok/sec: 506,043 | mfu: 21.9% | epoch: 1 | remaining: 113s    
step 00192 (62.4%) | loss: 3.382485 | lrm: 0.75 | dt: 1035ms | tok/sec: 506,562 | mfu: 21.9% | epoch: 1 | remaining: 112s    
step 00193 (62.8%) | loss: 3.376394 | lrm: 0.74 | dt: 1034ms | tok/sec: 506,827 | mfu: 22.0% | epoch: 1 | remaining: 111s    
step 00194 (63.1%) | loss: 3.375312 | lrm: 0.74 | dt: 1035ms | tok/sec: 506,658 | mfu: 21.9% | epoch: 1 | remaining: 110s    
step 00195 (63.5%) | loss: 3.371270 | lrm: 0.73 | dt: 1035ms | tok/sec: 506,492 | mfu: 21.9% | epoch: 1 | remaining: 109s    
step 00196 (63.8%) | loss: 3.369395 | lrm: 0.72 | dt: 1035ms | tok/sec: 506,335 | mfu: 21.9% | epoch: 1 | remaining: 108s    
step 00197 (64.2%) | loss: 3.370082 | lrm: 0.72 | dt: 1034ms | tok/sec: 506,944 | mfu: 22.0% | epoch: 1 | remaining: 106s    
step 00198 (64.5%) | loss: 3.363973 | lrm: 0.71 | dt: 1034ms | tok/sec: 506,902 | mfu: 22.0% | epoch: 1 | remaining: 105s    
step 00199 (64.8%) | loss: 3.359120 | lrm: 0.70 | dt: 1034ms | tok/sec: 507,015 | mfu: 22.0% | epoch: 1 | remaining: 104s    
step 00200 (65.2%) | loss: 3.358066 | lrm: 0.70 | dt: 1034ms | tok/sec: 506,999 | mfu: 22.0% | epoch: 1 | remaining: 103s    
step 00201 (65.5%) | loss: 3.355360 | lrm: 0.69 | dt: 1035ms | tok/sec: 506,579 | mfu: 21.9% | epoch: 1 | remaining: 102s    
step 00202 (65.9%) | loss: 3.350780 | lrm: 0.68 | dt: 1034ms | tok/sec: 507,124 | mfu: 22.0% | epoch: 1 | remaining: 101s    
step 00203 (66.2%) | loss: 3.347381 | lrm: 0.68 | dt: 1034ms | tok/sec: 507,118 | mfu: 22.0% | epoch: 1 | remaining: 100s    
step 00204 (66.6%) | loss: 3.344317 | lrm: 0.67 | dt: 1034ms | tok/sec: 507,136 | mfu: 22.0% | epoch: 1 | remaining: 99s    
step 00205 (66.9%) | loss: 3.342887 | lrm: 0.66 | dt: 1035ms | tok/sec: 506,740 | mfu: 21.9% | epoch: 1 | remaining: 98s    
step 00206 (67.3%) | loss: 3.338385 | lrm: 0.65 | dt: 1035ms | tok/sec: 506,616 | mfu: 21.9% | epoch: 1 | remaining: 97s    
step 00207 (67.6%) | loss: 3.334604 | lrm: 0.65 | dt: 1035ms | tok/sec: 506,783 | mfu: 22.0% | epoch: 1 | remaining: 96s    
step 00208 (68.0%) | loss: 3.331701 | lrm: 0.64 | dt: 1034ms | tok/sec: 506,992 | mfu: 22.0% | epoch: 1 | remaining: 95s    
step 00209 (68.3%) | loss: 3.329974 | lrm: 0.63 | dt: 1034ms | tok/sec: 507,084 | mfu: 22.0% | epoch: 1 | remaining: 94s    
step 00210 (68.6%) | loss: 3.326206 | lrm: 0.63 | dt: 1034ms | tok/sec: 506,995 | mfu: 22.0% | epoch: 1 | remaining: 93s    
step 00211 (69.0%) | loss: 3.325842 | lrm: 0.62 | dt: 1034ms | tok/sec: 506,947 | mfu: 22.0% | epoch: 1 | remaining: 92s    
step 00212 (69.3%) | loss: 3.322655 | lrm: 0.61 | dt: 1035ms | tok/sec: 506,737 | mfu: 21.9% | epoch: 1 | remaining: 91s    
step 00213 (69.7%) | loss: 3.315535 | lrm: 0.61 | dt: 1035ms | tok/sec: 506,540 | mfu: 21.9% | epoch: 1 | remaining: 90s    
step 00214 (70.0%) | loss: 3.315368 | lrm: 0.60 | dt: 1035ms | tok/sec: 506,507 | mfu: 21.9% | epoch: 1 | remaining: 89s    
step 00215 (70.4%) | loss: 3.308186 | lrm: 0.59 | dt: 1034ms | tok/sec: 507,043 | mfu: 22.0% | epoch: 1 | remaining: 88s    
step 00216 (70.7%) | loss: 3.309088 | lrm: 0.59 | dt: 1035ms | tok/sec: 506,726 | mfu: 21.9% | epoch: 1 | remaining: 87s    
step 00217 (71.1%) | loss: 3.305614 | lrm: 0.58 | dt: 1034ms | tok/sec: 506,846 | mfu: 22.0% | epoch: 1 | remaining: 86s    
step 00218 (71.4%) | loss: 3.303594 | lrm: 0.57 | dt: 1034ms | tok/sec: 507,003 | mfu: 22.0% | epoch: 1 | remaining: 85s    
step 00219 (71.7%) | loss: 3.301035 | lrm: 0.57 | dt: 1035ms | tok/sec: 506,548 | mfu: 21.9% | epoch: 1 | remaining: 84s    
step 00220 (72.1%) | loss: 3.300297 | lrm: 0.56 | dt: 1034ms | tok/sec: 507,211 | mfu: 22.0% | epoch: 1 | remaining: 83s    
step 00221 (72.4%) | loss: 3.288298 | lrm: 0.55 | dt: 1034ms | tok/sec: 507,261 | mfu: 22.0% | epoch: 1 | remaining: 82s    
step 00222 (72.8%) | loss: 3.284577 | lrm: 0.54 | dt: 1034ms | tok/sec: 507,292 | mfu: 22.0% | epoch: 1 | remaining: 81s    
step 00223 (73.1%) | loss: 3.282221 | lrm: 0.54 | dt: 1035ms | tok/sec: 506,406 | mfu: 21.9% | epoch: 1 | remaining: 80s    
step 00224 (73.5%) | loss: 3.281599 | lrm: 0.53 | dt: 1035ms | tok/sec: 506,765 | mfu: 22.0% | epoch: 1 | remaining: 79s    
step 00225 (73.8%) | loss: 3.283568 | lrm: 0.52 | dt: 1035ms | tok/sec: 506,744 | mfu: 22.0% | epoch: 1 | remaining: 78s    
step 00226 (74.2%) | loss: 3.279448 | lrm: 0.52 | dt: 1034ms | tok/sec: 506,933 | mfu: 22.0% | epoch: 1 | remaining: 76s    
step 00227 (74.5%) | loss: 3.280466 | lrm: 0.51 | dt: 1034ms | tok/sec: 507,119 | mfu: 22.0% | epoch: 1 | remaining: 75s    
step 00228 (74.8%) | loss: 3.279150 | lrm: 0.50 | dt: 1034ms | tok/sec: 506,898 | mfu: 22.0% | epoch: 1 | remaining: 74s    
step 00229 (75.2%) | loss: 3.277704 | lrm: 0.50 | dt: 1034ms | tok/sec: 507,064 | mfu: 22.0% | epoch: 1 | remaining: 73s    
step 00230 (75.5%) | loss: 3.278308 | lrm: 0.49 | dt: 1034ms | tok/sec: 507,048 | mfu: 22.0% | epoch: 1 | remaining: 72s    
step 00231 (75.9%) | loss: 3.271444 | lrm: 0.48 | dt: 1035ms | tok/sec: 506,629 | mfu: 21.9% | epoch: 1 | remaining: 71s    
step 00232 (76.2%) | loss: 3.268998 | lrm: 0.48 | dt: 1036ms | tok/sec: 506,281 | mfu: 21.9% | epoch: 1 | remaining: 70s    
step 00233 (76.6%) | loss: 3.271406 | lrm: 0.47 | dt: 1034ms | tok/sec: 507,101 | mfu: 22.0% | epoch: 1 | remaining: 69s    
step 00234 (76.9%) | loss: 3.269229 | lrm: 0.46 | dt: 1035ms | tok/sec: 506,538 | mfu: 21.9% | epoch: 1 | remaining: 68s    
step 00235 (77.3%) | loss: 3.264752 | lrm: 0.45 | dt: 1035ms | tok/sec: 506,698 | mfu: 21.9% | epoch: 1 | remaining: 67s    
step 00236 (77.6%) | loss: 3.267640 | lrm: 0.45 | dt: 1034ms | tok/sec: 507,088 | mfu: 22.0% | epoch: 1 | remaining: 66s    
step 00237 (78.0%) | loss: 3.266178 | lrm: 0.44 | dt: 1035ms | tok/sec: 506,617 | mfu: 21.9% | epoch: 1 | remaining: 65s    
step 00238 (78.3%) | loss: 3.266729 | lrm: 0.43 | dt: 1034ms | tok/sec: 507,096 | mfu: 22.0% | epoch: 1 | remaining: 64s    
step 00239 (78.6%) | loss: 3.259419 | lrm: 0.43 | dt: 1034ms | tok/sec: 507,088 | mfu: 22.0% | epoch: 1 | remaining: 63s    
step 00240 (79.0%) | loss: 3.248983 | lrm: 0.42 | dt: 1034ms | tok/sec: 507,070 | mfu: 22.0% | epoch: 1 | remaining: 62s    
step 00241 (79.3%) | loss: 3.244344 | lrm: 0.41 | dt: 1034ms | tok/sec: 506,876 | mfu: 22.0% | epoch: 1 | remaining: 61s    
step 00242 (79.7%) | loss: 3.245156 | lrm: 0.41 | dt: 1034ms | tok/sec: 507,066 | mfu: 22.0% | epoch: 1 | remaining: 60s    
step 00243 (80.0%) | loss: 3.246177 | lrm: 0.40 | dt: 1034ms | tok/sec: 507,144 | mfu: 22.0% | epoch: 1 | remaining: 59s    
step 00244 (80.4%) | loss: 3.245839 | lrm: 0.39 | dt: 1034ms | tok/sec: 506,937 | mfu: 22.0% | epoch: 1 | remaining: 58s    
step 00245 (80.7%) | loss: 3.239969 | lrm: 0.39 | dt: 1034ms | tok/sec: 507,030 | mfu: 22.0% | epoch: 1 | remaining: 57s    
step 00246 (81.1%) | loss: 3.240822 | lrm: 0.38 | dt: 1035ms | tok/sec: 506,771 | mfu: 22.0% | epoch: 1 | remaining: 56s    
step 00247 (81.4%) | loss: 3.235994 | lrm: 0.37 | dt: 1034ms | tok/sec: 507,266 | mfu: 22.0% | epoch: 1 | remaining: 55s    
step 00248 (81.7%) | loss: 3.235790 | lrm: 0.37 | dt: 1035ms | tok/sec: 506,772 | mfu: 22.0% | epoch: 1 | remaining: 54s    
step 00249 (82.1%) | loss: 3.227141 | lrm: 0.36 | dt: 1033ms | tok/sec: 507,465 | mfu: 22.0% | epoch: 1 | remaining: 53s    
step 00250 (82.4%) | loss: 3.222877 | lrm: 0.35 | dt: 1034ms | tok/sec: 506,848 | mfu: 22.0% | epoch: 1 | remaining: 52s    
step 00251 (82.8%) | loss: 3.219863 | lrm: 0.34 | dt: 1034ms | tok/sec: 507,213 | mfu: 22.0% | epoch: 1 | remaining: 51s    
step 00252 (83.1%) | loss: 3.217167 | lrm: 0.34 | dt: 1035ms | tok/sec: 506,604 | mfu: 21.9% | epoch: 1 | remaining: 50s    
step 00253 (83.5%) | loss: 3.206635 | lrm: 0.33 | dt: 1035ms | tok/sec: 506,488 | mfu: 21.9% | epoch: 1 | remaining: 49s    
step 00254 (83.8%) | loss: 3.202249 | lrm: 0.32 | dt: 1034ms | tok/sec: 507,115 | mfu: 22.0% | epoch: 1 | remaining: 48s    
step 00255 (84.2%) | loss: 3.200803 | lrm: 0.32 | dt: 1034ms | tok/sec: 506,938 | mfu: 22.0% | epoch: 1 | remaining: 46s    
step 00256 (84.5%) | loss: 3.196182 | lrm: 0.31 | dt: 1033ms | tok/sec: 507,351 | mfu: 22.0% | epoch: 1 | remaining: 45s    
step 00257 (84.8%) | loss: 3.194852 | lrm: 0.30 | dt: 1034ms | tok/sec: 506,819 | mfu: 22.0% | epoch: 1 | remaining: 44s    
step 00258 (85.2%) | loss: 3.195787 | lrm: 0.30 | dt: 1034ms | tok/sec: 507,265 | mfu: 22.0% | epoch: 1 | remaining: 43s    
step 00259 (85.5%) | loss: 3.195699 | lrm: 0.29 | dt: 1034ms | tok/sec: 507,140 | mfu: 22.0% | epoch: 1 | remaining: 42s    
step 00260 (85.9%) | loss: 3.193690 | lrm: 0.28 | dt: 1034ms | tok/sec: 507,230 | mfu: 22.0% | epoch: 1 | remaining: 41s    
step 00261 (86.2%) | loss: 3.194955 | lrm: 0.28 | dt: 1034ms | tok/sec: 506,982 | mfu: 22.0% | epoch: 1 | remaining: 40s    
step 00262 (86.6%) | loss: 3.190376 | lrm: 0.27 | dt: 1034ms | tok/sec: 506,956 | mfu: 22.0% | epoch: 1 | remaining: 39s    
step 00263 (86.9%) | loss: 3.186658 | lrm: 0.26 | dt: 1035ms | tok/sec: 506,568 | mfu: 21.9% | epoch: 1 | remaining: 38s    
step 00264 (87.3%) | loss: 3.183714 | lrm: 0.25 | dt: 1034ms | tok/sec: 507,157 | mfu: 22.0% | epoch: 1 | remaining: 37s    
step 00265 (87.6%) | loss: 3.182982 | lrm: 0.25 | dt: 1035ms | tok/sec: 506,742 | mfu: 21.9% | epoch: 1 | remaining: 36s    
step 00266 (87.9%) | loss: 3.179711 | lrm: 0.24 | dt: 1035ms | tok/sec: 506,795 | mfu: 22.0% | epoch: 1 | remaining: 35s    
step 00267 (88.3%) | loss: 3.173908 | lrm: 0.23 | dt: 1034ms | tok/sec: 507,175 | mfu: 22.0% | epoch: 1 | remaining: 34s    
step 00268 (88.6%) | loss: 3.174963 | lrm: 0.23 | dt: 1034ms | tok/sec: 507,197 | mfu: 22.0% | epoch: 1 | remaining: 33s    
step 00269 (89.0%) | loss: 3.174775 | lrm: 0.22 | dt: 1034ms | tok/sec: 506,906 | mfu: 22.0% | epoch: 1 | remaining: 32s    
step 00270 (89.3%) | loss: 3.170121 | lrm: 0.21 | dt: 1034ms | tok/sec: 506,816 | mfu: 22.0% | epoch: 1 | remaining: 31s    
step 00271 (89.7%) | loss: 3.171097 | lrm: 0.21 | dt: 1034ms | tok/sec: 507,272 | mfu: 22.0% | epoch: 1 | remaining: 30s    
step 00272 (90.0%) | loss: 3.169859 | lrm: 0.20 | dt: 1035ms | tok/sec: 506,719 | mfu: 21.9% | epoch: 1 | remaining: 29s    
step 00273 (90.4%) | loss: 3.168546 | lrm: 0.19 | dt: 1035ms | tok/sec: 506,682 | mfu: 21.9% | epoch: 1 | remaining: 28s    
step 00274 (90.7%) | loss: 3.168613 | lrm: 0.19 | dt: 1034ms | tok/sec: 506,990 | mfu: 22.0% | epoch: 1 | remaining: 27s    
step 00275 (91.1%) | loss: 3.166233 | lrm: 0.18 | dt: 1035ms | tok/sec: 506,488 | mfu: 21.9% | epoch: 1 | remaining: 26s    
step 00276 (91.4%) | loss: 3.163433 | lrm: 0.17 | dt: 1034ms | tok/sec: 506,805 | mfu: 22.0% | epoch: 1 | remaining: 25s    
step 00277 (91.7%) | loss: 3.164868 | lrm: 0.17 | dt: 1034ms | tok/sec: 507,287 | mfu: 22.0% | epoch: 1 | remaining: 24s    
step 00278 (92.1%) | loss: 3.164074 | lrm: 0.16 | dt: 1034ms | tok/sec: 507,152 | mfu: 22.0% | epoch: 1 | remaining: 23s    
step 00279 (92.4%) | loss: 3.160994 | lrm: 0.15 | dt: 1034ms | tok/sec: 506,940 | mfu: 22.0% | epoch: 1 | remaining: 22s    
step 00280 (92.8%) | loss: 3.161655 | lrm: 0.14 | dt: 1035ms | tok/sec: 506,489 | mfu: 21.9% | epoch: 1 | remaining: 21s    
step 00281 (93.1%) | loss: 3.164180 | lrm: 0.14 | dt: 1036ms | tok/sec: 506,307 | mfu: 21.9% | epoch: 1 | remaining: 20s    
step 00282 (93.5%) | loss: 3.161150 | lrm: 0.13 | dt: 1034ms | tok/sec: 507,130 | mfu: 22.0% | epoch: 1 | remaining: 19s    
step 00283 (93.8%) | loss: 3.160724 | lrm: 0.12 | dt: 1035ms | tok/sec: 506,731 | mfu: 21.9% | epoch: 1 | remaining: 18s    
step 00284 (94.2%) | loss: 3.158603 | lrm: 0.12 | dt: 1033ms | tok/sec: 507,358 | mfu: 22.0% | epoch: 1 | remaining: 17s    
step 00285 (94.5%) | loss: 3.159300 | lrm: 0.11 | dt: 1035ms | tok/sec: 506,699 | mfu: 21.9% | epoch: 1 | remaining: 15s    
step 00286 (94.8%) | loss: 3.154491 | lrm: 0.10 | dt: 1034ms | tok/sec: 507,178 | mfu: 22.0% | epoch: 1 | remaining: 14s    
step 00287 (95.2%) | loss: 3.152680 | lrm: 0.10 | dt: 1034ms | tok/sec: 506,827 | mfu: 22.0% | epoch: 1 | remaining: 13s    
step 00288 (95.5%) | loss: 3.154913 | lrm: 0.09 | dt: 1035ms | tok/sec: 506,736 | mfu: 21.9% | epoch: 1 | remaining: 12s    
step 00289 (95.9%) | loss: 3.151778 | lrm: 0.08 | dt: 1034ms | tok/sec: 506,956 | mfu: 22.0% | epoch: 1 | remaining: 11s    
step 00290 (96.2%) | loss: 3.154394 | lrm: 0.08 | dt: 1035ms | tok/sec: 506,642 | mfu: 21.9% | epoch: 1 | remaining: 10s    
step 00291 (96.6%) | loss: 3.145542 | lrm: 0.07 | dt: 1034ms | tok/sec: 507,284 | mfu: 22.0% | epoch: 1 | remaining: 9s    
step 00292 (96.9%) | loss: 3.138859 | lrm: 0.06 | dt: 1035ms | tok/sec: 506,762 | mfu: 22.0% | epoch: 1 | remaining: 8s    
step 00293 (97.3%) | loss: 3.138741 | lrm: 0.05 | dt: 1035ms | tok/sec: 506,595 | mfu: 21.9% | epoch: 1 | remaining: 7s    
step 00294 (97.6%) | loss: 3.138787 | lrm: 0.05 | dt: 1034ms | tok/sec: 507,088 | mfu: 22.0% | epoch: 1 | remaining: 6s    
step 00295 (97.9%) | loss: 3.138851 | lrm: 0.04 | dt: 1034ms | tok/sec: 506,964 | mfu: 22.0% | epoch: 1 | remaining: 5s    
step 00296 (98.3%) | loss: 3.133244 | lrm: 0.03 | dt: 1033ms | tok/sec: 507,357 | mfu: 22.0% | epoch: 1 | remaining: 4s    
step 00297 (98.6%) | loss: 3.134305 | lrm: 0.03 | dt: 1034ms | tok/sec: 506,820 | mfu: 22.0% | epoch: 1 | remaining: 3s    
step 00298 (99.0%) | loss: 3.131852 | lrm: 0.02 | dt: 1033ms | tok/sec: 507,531 | mfu: 22.0% | epoch: 1 | remaining: 2s    
step 00299 (99.3%) | loss: 3.132343 | lrm: 0.01 | dt: 1035ms | tok/sec: 506,800 | mfu: 22.0% | epoch: 1 | remaining: 1s    
step 00300 (99.7%) | loss: 3.130516 | lrm: 0.01 | dt: 1034ms | tok/sec: 507,129 | mfu: 22.0% | epoch: 1 | remaining: 0s    
---
val_bpb:          1.113336
training_seconds: 300.0
total_seconds:    359.0
peak_vram_mb:     68034.9
mfu_percent:      22.03
total_tokens_M:   157.8
num_steps:        301
num_params_M:     85.9
depth:            10
[W1004 10:47:50.156632145 CudaIPCTypes.cpp:16] Producer process has been terminated before all shared CUDA tensors released. See Note [Sharing CUDA tensors]
