W1004 05:53:42.492000 126978755839808 torch/fx/experimental/symbolic_shapes.py:4449] [0/2] ps2 is not in var_ranges, defaulting to unknown range.
W1004 05:53:42.492000 126978755839808 torch/fx/experimental/symbolic_shapes.py:4449] [0/2] ps0 is not in var_ranges, defaulting to unknown range.
W1004 05:53:43.204000 126978755839808 torch/fx/experimental/symbolic_shapes.py:4449] [0/2] ps6 is not in var_ranges, defaulting to unknown range.
W1004 05:53:43.204000 126978755839808 torch/fx/experimental/symbolic_shapes.py:4449] [0/2] ps4 is not in var_ranges, defaulting to unknown range.
W1004 05:53:43.884000 126978755839808 torch/fx/experimental/symbolic_shapes.py:4449] [0/2] ps8 is not in var_ranges, defaulting to unknown range.
W1004 05:53:43.884000 126978755839808 torch/fx/experimental/symbolic_shapes.py:4449] [0/2] ps10 is not in var_ranges, defaulting to unknown range.
W1004 05:54:03.688000 126978755839808 torch/fx/experimental/symbolic_shapes.py:4449] [0/2] ps0 is not in var_ranges, defaulting to unknown range.
W1004 05:54:03.707000 126978755839808 torch/fx/experimental/symbolic_shapes.py:4449] [0/2] ps0 is not in var_ranges, defaulting to unknown range.
W1004 05:54:03.707000 126978755839808 torch/fx/experimental/symbolic_shapes.py:4449] [0/2] ps2 is not in var_ranges, defaulting to unknown range.
W1004 05:54:08.822000 126978755839808 torch/fx/experimental/symbolic_shapes.py:4449] [0/2] ps5 is not in var_ranges, defaulting to unknown range.
W1004 05:54:08.837000 126978755839808 torch/fx/experimental/symbolic_shapes.py:4449] [0/2] ps5 is not in var_ranges, defaulting to unknown range.
W1004 05:54:08.837000 126978755839808 torch/fx/experimental/symbolic_shapes.py:4449] [0/2] ps7 is not in var_ranges, defaulting to unknown range.
W1004 05:54:13.320000 126978755839808 torch/fx/experimental/symbolic_shapes.py:4449] [0/2] ps10 is not in var_ranges, defaulting to unknown range.
W1004 05:54:13.337000 126978755839808 torch/fx/experimental/symbolic_shapes.py:4449] [0/2] ps12 is not in var_ranges, defaulting to unknown range.
W1004 05:54:13.337000 126978755839808 torch/fx/experimental/symbolic_shapes.py:4449] [0/2] ps10 is not in var_ranges, defaulting to unknown range.
W1004 05:54:32.010000 126978755839808 torch/fx/experimental/symbolic_shapes.py:4449] [0/3] ps2 is not in var_ranges, defaulting to unknown range.
W1004 05:54:32.010000 126978755839808 torch/fx/experimental/symbolic_shapes.py:4449] [0/3] ps0 is not in var_ranges, defaulting to unknown range.
W1004 05:54:32.759000 126978755839808 torch/fx/experimental/symbolic_shapes.py:4449] [0/3] ps6 is not in var_ranges, defaulting to unknown range.
W1004 05:54:32.759000 126978755839808 torch/fx/experimental/symbolic_shapes.py:4449] [0/3] ps4 is not in var_ranges, defaulting to unknown range.
W1004 05:54:33.428000 126978755839808 torch/fx/experimental/symbolic_shapes.py:4449] [0/3] ps8 is not in var_ranges, defaulting to unknown range.
W1004 05:54:33.428000 126978755839808 torch/fx/experimental/symbolic_shapes.py:4449] [0/3] ps10 is not in var_ranges, defaulting to unknown range.
W1004 05:54:50.230000 126978755839808 torch/fx/experimental/symbolic_shapes.py:4449] [0/3] ps1 is not in var_ranges, defaulting to unknown range.
W1004 05:54:55.235000 126978755839808 torch/fx/experimental/symbolic_shapes.py:4449] [0/3] ps4 is not in var_ranges, defaulting to unknown range.
W1004 05:54:55.249000 126978755839808 torch/fx/experimental/symbolic_shapes.py:4449] [0/3] ps6 is not in var_ranges, defaulting to unknown range.
W1004 05:54:55.249000 126978755839808 torch/fx/experimental/symbolic_shapes.py:4449] [0/3] ps4 is not in var_ranges, defaulting to unknown range.
W1004 05:54:59.276000 126978755839808 torch/fx/experimental/symbolic_shapes.py:4449] [0/3] ps9 is not in var_ranges, defaulting to unknown range.
W1004 05:54:59.293000 126978755839808 torch/fx/experimental/symbolic_shapes.py:4449] [0/3] ps9 is not in var_ranges, defaulting to unknown range.
W1004 05:54:59.293000 126978755839808 torch/fx/experimental/symbolic_shapes.py:4449] [0/3] ps11 is not in var_ranges, defaulting to unknown range.
W1004 05:55:20.130000 126978755839808 torch/fx/experimental/symbolic_shapes.py:4449] [0/4] ps2 is not in var_ranges, defaulting to unknown range.
W1004 05:55:20.130000 126978755839808 torch/fx/experimental/symbolic_shapes.py:4449] [0/4] ps0 is not in var_ranges, defaulting to unknown range.
W1004 05:55:20.632000 126978755839808 torch/fx/experimental/symbolic_shapes.py:4449] [0/4] ps6 is not in var_ranges, defaulting to unknown range.
W1004 05:55:20.632000 126978755839808 torch/fx/experimental/symbolic_shapes.py:4449] [0/4] ps4 is not in var_ranges, defaulting to unknown range.
W1004 05:55:21.295000 126978755839808 torch/fx/experimental/symbolic_shapes.py:4449] [0/4] ps8 is not in var_ranges, defaulting to unknown range.
W1004 05:55:21.295000 126978755839808 torch/fx/experimental/symbolic_shapes.py:4449] [0/4] ps10 is not in var_ranges, defaulting to unknown range.
W1004 05:55:34.036000 126978755839808 torch/fx/experimental/symbolic_shapes.py:4449] [0/4] ps1 is not in var_ranges, defaulting to unknown range.
W1004 05:55:38.542000 126978755839808 torch/fx/experimental/symbolic_shapes.py:4449] [0/4] ps4 is not in var_ranges, defaulting to unknown range.
W1004 05:55:38.556000 126978755839808 torch/fx/experimental/symbolic_shapes.py:4449] [0/4] ps6 is not in var_ranges, defaulting to unknown range.
W1004 05:55:38.556000 126978755839808 torch/fx/experimental/symbolic_shapes.py:4449] [0/4] ps4 is not in var_ranges, defaulting to unknown range.
AUTOTUNE mm(1536x576, 576x100)
  triton_mm_703 0.0123 ms 100.0%
  triton_mm_707 0.0123 ms 100.0%
  triton_mm_701 0.0133 ms 92.3%
  triton_mm_702 0.0133 ms 92.3%
  triton_mm_706 0.0133 ms 92.3%
  triton_mm_710 0.0133 ms 92.3%
  triton_mm_700 0.0143 ms 85.7%
  triton_mm_709 0.0143 ms 85.7%
  triton_mm_711 0.0143 ms 85.7%
  triton_mm_713 0.0143 ms 85.7%
SingleProcess AUTOTUNE benchmarking takes 10.2371 seconds and 0.0000 seconds precompiling
AUTOTUNE convolution(1536x3x20x20, 24x3x2x2)
  convolution 0.1004 ms 100.0%
  triton_convolution_630 0.1096 ms 91.6%
  triton_convolution_634 0.1137 ms 88.3%
  triton_convolution_633 0.1167 ms 86.0%
  triton_convolution_632 0.1239 ms 81.0%
  triton_convolution_635 0.1690 ms 59.4%
  triton_convolution_631 0.2601 ms 38.6%
SingleProcess AUTOTUNE benchmarking takes 0.8777 seconds and 0.0000 seconds precompiling
AUTOTUNE convolution(1536x24x19x19, 128x24x3x3)
  convolution 0.2939 ms 100.0%
  triton_convolution_637 0.4977 ms 59.1%
  triton_convolution_639 0.5202 ms 56.5%
  triton_convolution_642 0.5356 ms 54.9%
  triton_convolution_641 0.7864 ms 37.4%
  triton_convolution_636 0.9001 ms 32.7%
  triton_convolution_640 0.9574 ms 30.7%
  triton_convolution_638 1.4920 ms 19.7%
SingleProcess AUTOTUNE benchmarking takes 1.0860 seconds and 0.0000 seconds precompiling
AUTOTUNE convolution(1536x128x9x9, 128x128x3x3)
  convolution 0.1567 ms 100.0%
  triton_convolution_647 0.3011 ms 52.0%
  triton_convolution_648 0.3062 ms 51.2%
  triton_convolution_646 0.3287 ms 47.7%
  triton_convolution_644 0.3492 ms 44.9%
  triton_convolution_649 0.3564 ms 44.0%
  triton_convolution_643 0.4229 ms 37.0%
  triton_convolution_645 1.8811 ms 8.3%
SingleProcess AUTOTUNE benchmarking takes 1.0499 seconds and 0.0000 seconds precompiling
AUTOTUNE convolution(1536x128x9x9, 384x128x3x3)
  convolution 0.4547 ms 100.0%
  triton_convolution_661 0.8571 ms 53.0%
  triton_convolution_660 0.9462 ms 48.1%
  triton_convolution_658 0.9595 ms 47.4%
  triton_convolution_663 1.0209 ms 44.5%
  triton_convolution_662 1.2124 ms 37.5%
  triton_convolution_657 1.2390 ms 36.7%
  triton_convolution_659 5.6832 ms 8.0%
SingleProcess AUTOTUNE benchmarking takes 1.1314 seconds and 0.0000 seconds precompiling
AUTOTUNE convolution(1536x384x4x4, 384x384x3x3)
  convolution 0.2673 ms 100.0%
  triton_convolution_668 0.4608 ms 58.0%
  triton_convolution_665 0.5837 ms 45.8%
  triton_convolution_670 0.6410 ms 41.7%
  triton_convolution_667 0.6533 ms 40.9%
  triton_convolution_664 0.7209 ms 37.1%
  triton_convolution_669 0.8028 ms 33.3%
  triton_convolution_666 3.0996 ms 8.6%
SingleProcess AUTOTUNE benchmarking takes 1.0776 seconds and 0.0000 seconds precompiling
AUTOTUNE convolution(1536x384x4x4, 576x384x3x3)
  convolution 0.3625 ms 100.0%
  triton_convolution_682 0.6518 ms 55.6%
  triton_convolution_679 0.7875 ms 46.0%
  triton_convolution_684 0.8714 ms 41.6%
  triton_convolution_681 0.9687 ms 37.4%
  triton_convolution_678 1.0752 ms 33.7%
  triton_convolution_683 1.1069 ms 32.7%
  triton_convolution_680 4.0970 ms 8.8%
SingleProcess AUTOTUNE benchmarking takes 1.0948 seconds and 0.0000 seconds precompiling
AUTOTUNE convolution(1536x576x2x2, 576x576x3x3)
  convolution 0.1362 ms 100.0%
  triton_convolution_689 0.2714 ms 50.2%
  triton_convolution_686 0.2877 ms 47.3%
  triton_convolution_691 0.3430 ms 39.7%
  triton_convolution_690 0.4721 ms 28.9%
  triton_convolution_688 0.4731 ms 28.8%
  triton_convolution_685 0.4997 ms 27.3%
  triton_convolution_687 1.6865 ms 8.1%
SingleProcess AUTOTUNE benchmarking takes 1.0339 seconds and 0.0000 seconds precompiling
W1004 05:56:23.244000 126978755839808 torch/fx/experimental/symbolic_shapes.py:4449] [0/5] ps2 is not in var_ranges, defaulting to unknown range.
W1004 05:56:23.244000 126978755839808 torch/fx/experimental/symbolic_shapes.py:4449] [0/5] ps0 is not in var_ranges, defaulting to unknown range.
W1004 05:56:23.982000 126978755839808 torch/fx/experimental/symbolic_shapes.py:4449] [0/5] ps6 is not in var_ranges, defaulting to unknown range.
W1004 05:56:23.982000 126978755839808 torch/fx/experimental/symbolic_shapes.py:4449] [0/5] ps4 is not in var_ranges, defaulting to unknown range.
W1004 05:56:24.578000 126978755839808 torch/fx/experimental/symbolic_shapes.py:4449] [0/5] ps8 is not in var_ranges, defaulting to unknown range.
W1004 05:56:24.578000 126978755839808 torch/fx/experimental/symbolic_shapes.py:4449] [0/5] ps10 is not in var_ranges, defaulting to unknown range.
W1004 05:56:25.407000 126978755839808 torch/fx/experimental/symbolic_shapes.py:4449] [0/5] ps12 is not in var_ranges, defaulting to unknown range.
W1004 05:56:25.433000 126978755839808 torch/fx/experimental/symbolic_shapes.py:4449] [0/5] ps12 is not in var_ranges, defaulting to unknown range.
W1004 05:56:25.433000 126978755839808 torch/fx/experimental/symbolic_shapes.py:4449] [0/5] ps14 is not in var_ranges, defaulting to unknown range.
W1004 05:56:25.454000 126978755839808 torch/fx/experimental/symbolic_shapes.py:4449] [0/5] ps12 is not in var_ranges, defaulting to unknown range.
W1004 05:56:25.467000 126978755839808 torch/fx/experimental/symbolic_shapes.py:4449] [0/5] ps17 is not in var_ranges, defaulting to unknown range.
W1004 05:56:25.483000 126978755839808 torch/fx/experimental/symbolic_shapes.py:4449] [0/5] ps17 is not in var_ranges, defaulting to unknown range.
AUTOTUNE mm(100x1536, 1536x576)
  triton_mm_720 0.0184 ms 100.0%
  triton_mm_722 0.0184 ms 100.0%
  triton_mm_726 0.0195 ms 94.7%
  triton_mm_719 0.0215 ms 85.7%
  triton_mm_721 0.0225 ms 81.8%
  triton_mm_725 0.0225 ms 81.8%
  triton_mm_730 0.0225 ms 81.8%
  triton_mm_728 0.0256 ms 72.0%
  triton_mm_729 0.0256 ms 72.0%
  mm 0.0266 ms 69.2%
SingleProcess AUTOTUNE benchmarking takes 10.5770 seconds and 0.0000 seconds precompiling
W1004 05:57:00.293000 126978755839808 torch/fx/experimental/symbolic_shapes.py:4449] [0/5] ps0 is not in var_ranges, defaulting to unknown range.
W1004 05:57:00.312000 126978755839808 torch/fx/experimental/symbolic_shapes.py:4449] [0/5] ps0 is not in var_ranges, defaulting to unknown range.
W1004 05:57:00.312000 126978755839808 torch/fx/experimental/symbolic_shapes.py:4449] [0/5] ps2 is not in var_ranges, defaulting to unknown range.
W1004 05:57:05.480000 126978755839808 torch/fx/experimental/symbolic_shapes.py:4449] [0/5] ps5 is not in var_ranges, defaulting to unknown range.
W1004 05:57:05.494000 126978755839808 torch/fx/experimental/symbolic_shapes.py:4449] [0/5] ps5 is not in var_ranges, defaulting to unknown range.
W1004 05:57:05.494000 126978755839808 torch/fx/experimental/symbolic_shapes.py:4449] [0/5] ps7 is not in var_ranges, defaulting to unknown range.
W1004 05:57:09.410000 126978755839808 torch/fx/experimental/symbolic_shapes.py:4449] [0/5] ps10 is not in var_ranges, defaulting to unknown range.
W1004 05:57:09.425000 126978755839808 torch/fx/experimental/symbolic_shapes.py:4449] [0/5] ps12 is not in var_ranges, defaulting to unknown range.
W1004 05:57:09.425000 126978755839808 torch/fx/experimental/symbolic_shapes.py:4449] [0/5] ps10 is not in var_ranges, defaulting to unknown range.
W1004 05:57:12.530000 126978755839808 torch/fx/experimental/symbolic_shapes.py:4449] [0/5] ps15 is not in var_ranges, defaulting to unknown range.
W1004 05:57:12.530000 126978755839808 torch/fx/experimental/symbolic_shapes.py:4449] [0/5] ps17 is not in var_ranges, defaulting to unknown range.
W1004 05:57:12.553000 126978755839808 torch/fx/experimental/symbolic_shapes.py:4449] [0/5] ps15 is not in var_ranges, defaulting to unknown range.
W1004 05:57:43.397000 126978755839808 torch/fx/experimental/symbolic_shapes.py:4449] [0/6] ps2 is not in var_ranges, defaulting to unknown range.
W1004 05:57:43.397000 126978755839808 torch/fx/experimental/symbolic_shapes.py:4449] [0/6] ps0 is not in var_ranges, defaulting to unknown range.
W1004 05:57:44.103000 126978755839808 torch/fx/experimental/symbolic_shapes.py:4449] [0/6] ps6 is not in var_ranges, defaulting to unknown range.
W1004 05:57:44.103000 126978755839808 torch/fx/experimental/symbolic_shapes.py:4449] [0/6] ps4 is not in var_ranges, defaulting to unknown range.
W1004 05:57:44.675000 126978755839808 torch/fx/experimental/symbolic_shapes.py:4449] [0/6] ps8 is not in var_ranges, defaulting to unknown range.
W1004 05:57:44.676000 126978755839808 torch/fx/experimental/symbolic_shapes.py:4449] [0/6] ps10 is not in var_ranges, defaulting to unknown range.
W1004 05:57:45.456000 126978755839808 torch/fx/experimental/symbolic_shapes.py:4449] [0/6] ps12 is not in var_ranges, defaulting to unknown range.
W1004 05:57:45.480000 126978755839808 torch/fx/experimental/symbolic_shapes.py:4449] [0/6] ps12 is not in var_ranges, defaulting to unknown range.
W1004 05:57:45.480000 126978755839808 torch/fx/experimental/symbolic_shapes.py:4449] [0/6] ps14 is not in var_ranges, defaulting to unknown range.
W1004 05:57:45.500000 126978755839808 torch/fx/experimental/symbolic_shapes.py:4449] [0/6] ps12 is not in var_ranges, defaulting to unknown range.
W1004 05:57:45.513000 126978755839808 torch/fx/experimental/symbolic_shapes.py:4449] [0/6] ps17 is not in var_ranges, defaulting to unknown range.
W1004 05:57:45.528000 126978755839808 torch/fx/experimental/symbolic_shapes.py:4449] [0/6] ps17 is not in var_ranges, defaulting to unknown range.
W1004 05:58:02.042000 126978755839808 torch/fx/experimental/symbolic_shapes.py:4449] [0/6] ps0 is not in var_ranges, defaulting to unknown range.
W1004 05:58:02.061000 126978755839808 torch/fx/experimental/symbolic_shapes.py:4449] [0/6] ps0 is not in var_ranges, defaulting to unknown range.
W1004 05:58:02.061000 126978755839808 torch/fx/experimental/symbolic_shapes.py:4449] [0/6] ps2 is not in var_ranges, defaulting to unknown range.
W1004 05:58:06.726000 126978755839808 torch/fx/experimental/symbolic_shapes.py:4449] [0/6] ps5 is not in var_ranges, defaulting to unknown range.
W1004 05:58:06.740000 126978755839808 torch/fx/experimental/symbolic_shapes.py:4449] [0/6] ps5 is not in var_ranges, defaulting to unknown range.
W1004 05:58:06.740000 126978755839808 torch/fx/experimental/symbolic_shapes.py:4449] [0/6] ps7 is not in var_ranges, defaulting to unknown range.
W1004 05:58:10.470000 126978755839808 torch/fx/experimental/symbolic_shapes.py:4449] [0/6] ps10 is not in var_ranges, defaulting to unknown range.
W1004 05:58:10.486000 126978755839808 torch/fx/experimental/symbolic_shapes.py:4449] [0/6] ps12 is not in var_ranges, defaulting to unknown range.
W1004 05:58:10.486000 126978755839808 torch/fx/experimental/symbolic_shapes.py:4449] [0/6] ps10 is not in var_ranges, defaulting to unknown range.
build 323s
seed 3: cfg0 0.7536 4.543s  cfg1 0.7558 4.623s
seed 4: cfg0 0.7533 4.497s  cfg1 0.7521 4.554s
seed 5: cfg0 0.7504 4.511s  cfg1 0.7517 4.565s
seed 6: cfg0 0.7555 4.511s  cfg1 0.7556 4.565s
seed 7: cfg0 0.7510 4.507s  cfg1 0.7531 4.560s
seed 8: cfg0 0.7527 4.505s  cfg1 0.7567 4.554s
seed 9: cfg0 0.7504 4.506s  cfg1 0.7495 4.557s
seed 10: cfg0 0.7525 4.503s  cfg1 0.7572 4.556s
seed 11: cfg0 0.7485 4.506s  cfg1 0.7559 4.562s
seed 12: cfg0 0.7531 4.507s  cfg1 0.7513 4.566s
seed 13: cfg0 0.7547 4.512s  cfg1 0.7529 4.561s
seed 14: cfg0 0.7535 4.512s  cfg1 0.7556 4.566s
seed 15: cfg0 0.7484 4.513s  cfg1 0.7564 4.571s
seed 16: cfg0 0.7508 4.515s  cfg1 0.7576 4.571s
seed 17: cfg0 0.7487 4.520s  cfg1 0.7501 4.577s
seed 18: cfg0 0.7535 4.526s  cfg1 0.7546 4.583s
seed 19: cfg0 0.7523 4.528s  cfg1 0.7523 4.582s
seed 20: cfg0 0.7570 4.528s  cfg1 0.7522 4.577s
seed 21: cfg0 0.7562 4.523s  cfg1 0.7528 4.577s
seed 22: cfg0 0.7516 4.522s  cfg1 0.7535 4.582s
cfg0 {"res_schedule": [[1.5, 20], [3.5, 28]]}: mean acc 0.75238, mean time 4.515s
cfg1 {"res_schedule": [[1.5, 18], [3.5, 28]], "epochs": 6.875, "freeze_block1_after": 5.5}: mean acc 0.75384, mean time 4.570s
  paired vs cfg0: +0.146 pp (sd 0.345, SE 0.077); time +1.23%
