W1004 06:02:43.828000 126009694152512 torch/fx/experimental/symbolic_shapes.py:4449] [0/2] ps2 is not in var_ranges, defaulting to unknown range.
W1004 06:02:43.828000 126009694152512 torch/fx/experimental/symbolic_shapes.py:4449] [0/2] ps0 is not in var_ranges, defaulting to unknown range.
W1004 06:02:44.526000 126009694152512 torch/fx/experimental/symbolic_shapes.py:4449] [0/2] ps4 is not in var_ranges, defaulting to unknown range.
W1004 06:02:44.527000 126009694152512 torch/fx/experimental/symbolic_shapes.py:4449] [0/2] ps6 is not in var_ranges, defaulting to unknown range.
W1004 06:02:45.195000 126009694152512 torch/fx/experimental/symbolic_shapes.py:4449] [0/2] ps8 is not in var_ranges, defaulting to unknown range.
W1004 06:02:45.195000 126009694152512 torch/fx/experimental/symbolic_shapes.py:4449] [0/2] ps10 is not in var_ranges, defaulting to unknown range.
W1004 06:03:05.249000 126009694152512 torch/fx/experimental/symbolic_shapes.py:4449] [0/2] ps0 is not in var_ranges, defaulting to unknown range.
W1004 06:03:05.268000 126009694152512 torch/fx/experimental/symbolic_shapes.py:4449] [0/2] ps0 is not in var_ranges, defaulting to unknown range.
W1004 06:03:05.268000 126009694152512 torch/fx/experimental/symbolic_shapes.py:4449] [0/2] ps2 is not in var_ranges, defaulting to unknown range.
W1004 06:03:10.796000 126009694152512 torch/fx/experimental/symbolic_shapes.py:4449] [0/2] ps5 is not in var_ranges, defaulting to unknown range.
W1004 06:03:10.814000 126009694152512 torch/fx/experimental/symbolic_shapes.py:4449] [0/2] ps7 is not in var_ranges, defaulting to unknown range.
W1004 06:03:10.814000 126009694152512 torch/fx/experimental/symbolic_shapes.py:4449] [0/2] ps5 is not in var_ranges, defaulting to unknown range.
W1004 06:03:14.854000 126009694152512 torch/fx/experimental/symbolic_shapes.py:4449] [0/2] ps10 is not in var_ranges, defaulting to unknown range.
W1004 06:03:14.870000 126009694152512 torch/fx/experimental/symbolic_shapes.py:4449] [0/2] ps10 is not in var_ranges, defaulting to unknown range.
W1004 06:03:14.871000 126009694152512 torch/fx/experimental/symbolic_shapes.py:4449] [0/2] ps12 is not in var_ranges, defaulting to unknown range.
W1004 06:03:33.561000 126009694152512 torch/fx/experimental/symbolic_shapes.py:4449] [0/3] ps2 is not in var_ranges, defaulting to unknown range.
W1004 06:03:33.561000 126009694152512 torch/fx/experimental/symbolic_shapes.py:4449] [0/3] ps0 is not in var_ranges, defaulting to unknown range.
W1004 06:03:34.261000 126009694152512 torch/fx/experimental/symbolic_shapes.py:4449] [0/3] ps4 is not in var_ranges, defaulting to unknown range.
W1004 06:03:34.261000 126009694152512 torch/fx/experimental/symbolic_shapes.py:4449] [0/3] ps6 is not in var_ranges, defaulting to unknown range.
W1004 06:03:34.912000 126009694152512 torch/fx/experimental/symbolic_shapes.py:4449] [0/3] ps8 is not in var_ranges, defaulting to unknown range.
W1004 06:03:34.912000 126009694152512 torch/fx/experimental/symbolic_shapes.py:4449] [0/3] ps10 is not in var_ranges, defaulting to unknown range.
W1004 06:03:51.759000 126009694152512 torch/fx/experimental/symbolic_shapes.py:4449] [0/3] ps1 is not in var_ranges, defaulting to unknown range.
W1004 06:03:57.312000 126009694152512 torch/fx/experimental/symbolic_shapes.py:4449] [0/3] ps4 is not in var_ranges, defaulting to unknown range.
W1004 06:03:57.331000 126009694152512 torch/fx/experimental/symbolic_shapes.py:4449] [0/3] ps4 is not in var_ranges, defaulting to unknown range.
W1004 06:03:57.331000 126009694152512 torch/fx/experimental/symbolic_shapes.py:4449] [0/3] ps6 is not in var_ranges, defaulting to unknown range.
W1004 06:04:01.376000 126009694152512 torch/fx/experimental/symbolic_shapes.py:4449] [0/3] ps9 is not in var_ranges, defaulting to unknown range.
W1004 06:04:01.387000 126009694152512 torch/fx/experimental/symbolic_shapes.py:4449] [0/3] ps11 is not in var_ranges, defaulting to unknown range.
W1004 06:04:01.387000 126009694152512 torch/fx/experimental/symbolic_shapes.py:4449] [0/3] ps9 is not in var_ranges, defaulting to unknown range.
W1004 06:04:22.115000 126009694152512 torch/fx/experimental/symbolic_shapes.py:4449] [0/4] ps2 is not in var_ranges, defaulting to unknown range.
W1004 06:04:22.115000 126009694152512 torch/fx/experimental/symbolic_shapes.py:4449] [0/4] ps0 is not in var_ranges, defaulting to unknown range.
W1004 06:04:22.611000 126009694152512 torch/fx/experimental/symbolic_shapes.py:4449] [0/4] ps4 is not in var_ranges, defaulting to unknown range.
W1004 06:04:22.611000 126009694152512 torch/fx/experimental/symbolic_shapes.py:4449] [0/4] ps6 is not in var_ranges, defaulting to unknown range.
W1004 06:04:23.260000 126009694152512 torch/fx/experimental/symbolic_shapes.py:4449] [0/4] ps8 is not in var_ranges, defaulting to unknown range.
W1004 06:04:23.260000 126009694152512 torch/fx/experimental/symbolic_shapes.py:4449] [0/4] ps10 is not in var_ranges, defaulting to unknown range.
W1004 06:04:36.016000 126009694152512 torch/fx/experimental/symbolic_shapes.py:4449] [0/4] ps1 is not in var_ranges, defaulting to unknown range.
W1004 06:04:40.511000 126009694152512 torch/fx/experimental/symbolic_shapes.py:4449] [0/4] ps4 is not in var_ranges, defaulting to unknown range.
W1004 06:04:40.532000 126009694152512 torch/fx/experimental/symbolic_shapes.py:4449] [0/4] ps4 is not in var_ranges, defaulting to unknown range.
W1004 06:04:40.532000 126009694152512 torch/fx/experimental/symbolic_shapes.py:4449] [0/4] ps6 is not in var_ranges, defaulting to unknown range.
build 178s
W1004 06:05:12.372000 126009694152512 torch/fx/experimental/symbolic_shapes.py:4449] [0/5] ps2 is not in var_ranges, defaulting to unknown range.
W1004 06:05:12.372000 126009694152512 torch/fx/experimental/symbolic_shapes.py:4449] [0/5] ps0 is not in var_ranges, defaulting to unknown range.
W1004 06:05:13.061000 126009694152512 torch/fx/experimental/symbolic_shapes.py:4449] [0/5] ps4 is not in var_ranges, defaulting to unknown range.
W1004 06:05:13.061000 126009694152512 torch/fx/experimental/symbolic_shapes.py:4449] [0/5] ps6 is not in var_ranges, defaulting to unknown range.
W1004 06:05:13.645000 126009694152512 torch/fx/experimental/symbolic_shapes.py:4449] [0/5] ps8 is not in var_ranges, defaulting to unknown range.
W1004 06:05:13.646000 126009694152512 torch/fx/experimental/symbolic_shapes.py:4449] [0/5] ps10 is not in var_ranges, defaulting to unknown range.
W1004 06:05:14.567000 126009694152512 torch/fx/experimental/symbolic_shapes.py:4449] [0/5] ps12 is not in var_ranges, defaulting to unknown range.
W1004 06:05:14.586000 126009694152512 torch/fx/experimental/symbolic_shapes.py:4449] [0/5] ps14 is not in var_ranges, defaulting to unknown range.
W1004 06:05:14.587000 126009694152512 torch/fx/experimental/symbolic_shapes.py:4449] [0/5] ps12 is not in var_ranges, defaulting to unknown range.
W1004 06:05:14.602000 126009694152512 torch/fx/experimental/symbolic_shapes.py:4449] [0/5] ps12 is not in var_ranges, defaulting to unknown range.
W1004 06:05:14.616000 126009694152512 torch/fx/experimental/symbolic_shapes.py:4449] [0/5] ps14 is not in var_ranges, defaulting to unknown range.
W1004 06:05:14.616000 126009694152512 torch/fx/experimental/symbolic_shapes.py:4449] [0/5] ps12 is not in var_ranges, defaulting to unknown range.
W1004 06:05:14.631000 126009694152512 torch/fx/experimental/symbolic_shapes.py:4449] [0/5] ps14 is not in var_ranges, defaulting to unknown range.
W1004 06:05:14.631000 126009694152512 torch/fx/experimental/symbolic_shapes.py:4449] [0/5] ps12 is not in var_ranges, defaulting to unknown range.
W1004 06:05:35.554000 126009694152512 torch/fx/experimental/symbolic_shapes.py:4449] [0/5] ps0 is not in var_ranges, defaulting to unknown range.
W1004 06:05:35.572000 126009694152512 torch/fx/experimental/symbolic_shapes.py:4449] [0/5] ps0 is not in var_ranges, defaulting to unknown range.
W1004 06:05:35.572000 126009694152512 torch/fx/experimental/symbolic_shapes.py:4449] [0/5] ps2 is not in var_ranges, defaulting to unknown range.
W1004 06:05:40.917000 126009694152512 torch/fx/experimental/symbolic_shapes.py:4449] [0/5] ps5 is not in var_ranges, defaulting to unknown range.
W1004 06:05:40.937000 126009694152512 torch/fx/experimental/symbolic_shapes.py:4449] [0/5] ps7 is not in var_ranges, defaulting to unknown range.
W1004 06:05:40.937000 126009694152512 torch/fx/experimental/symbolic_shapes.py:4449] [0/5] ps5 is not in var_ranges, defaulting to unknown range.
W1004 06:05:44.771000 126009694152512 torch/fx/experimental/symbolic_shapes.py:4449] [0/5] ps10 is not in var_ranges, defaulting to unknown range.
W1004 06:05:44.786000 126009694152512 torch/fx/experimental/symbolic_shapes.py:4449] [0/5] ps10 is not in var_ranges, defaulting to unknown range.
W1004 06:05:44.786000 126009694152512 torch/fx/experimental/symbolic_shapes.py:4449] [0/5] ps12 is not in var_ranges, defaulting to unknown range.
W1004 06:05:47.832000 126009694152512 torch/fx/experimental/symbolic_shapes.py:4449] [0/5] ps17 is not in var_ranges, defaulting to unknown range.
W1004 06:05:47.833000 126009694152512 torch/fx/experimental/symbolic_shapes.py:4449] [0/5] ps15 is not in var_ranges, defaulting to unknown range.
W1004 06:05:47.859000 126009694152512 torch/fx/experimental/symbolic_shapes.py:4449] [0/5] ps15 is not in var_ranges, defaulting to unknown range.
W1004 06:06:04.810000 126009694152512 torch/fx/experimental/symbolic_shapes.py:4449] [0/6] ps2 is not in var_ranges, defaulting to unknown range.
W1004 06:06:04.810000 126009694152512 torch/fx/experimental/symbolic_shapes.py:4449] [0/6] ps0 is not in var_ranges, defaulting to unknown range.
W1004 06:06:05.490000 126009694152512 torch/fx/experimental/symbolic_shapes.py:4449] [0/6] ps4 is not in var_ranges, defaulting to unknown range.
W1004 06:06:05.490000 126009694152512 torch/fx/experimental/symbolic_shapes.py:4449] [0/6] ps6 is not in var_ranges, defaulting to unknown range.
W1004 06:06:06.038000 126009694152512 torch/fx/experimental/symbolic_shapes.py:4449] [0/6] ps8 is not in var_ranges, defaulting to unknown range.
W1004 06:06:06.038000 126009694152512 torch/fx/experimental/symbolic_shapes.py:4449] [0/6] ps10 is not in var_ranges, defaulting to unknown range.
W1004 06:06:06.877000 126009694152512 torch/fx/experimental/symbolic_shapes.py:4449] [0/6] ps12 is not in var_ranges, defaulting to unknown range.
W1004 06:06:06.898000 126009694152512 torch/fx/experimental/symbolic_shapes.py:4449] [0/6] ps14 is not in var_ranges, defaulting to unknown range.
W1004 06:06:06.898000 126009694152512 torch/fx/experimental/symbolic_shapes.py:4449] [0/6] ps12 is not in var_ranges, defaulting to unknown range.
W1004 06:06:06.914000 126009694152512 torch/fx/experimental/symbolic_shapes.py:4449] [0/6] ps12 is not in var_ranges, defaulting to unknown range.
W1004 06:06:06.928000 126009694152512 torch/fx/experimental/symbolic_shapes.py:4449] [0/6] ps14 is not in var_ranges, defaulting to unknown range.
W1004 06:06:06.928000 126009694152512 torch/fx/experimental/symbolic_shapes.py:4449] [0/6] ps12 is not in var_ranges, defaulting to unknown range.
W1004 06:06:06.944000 126009694152512 torch/fx/experimental/symbolic_shapes.py:4449] [0/6] ps14 is not in var_ranges, defaulting to unknown range.
W1004 06:06:06.944000 126009694152512 torch/fx/experimental/symbolic_shapes.py:4449] [0/6] ps12 is not in var_ranges, defaulting to unknown range.
W1004 06:06:25.320000 126009694152512 torch/fx/experimental/symbolic_shapes.py:4449] [0/6] ps0 is not in var_ranges, defaulting to unknown range.
W1004 06:06:25.342000 126009694152512 torch/fx/experimental/symbolic_shapes.py:4449] [0/6] ps0 is not in var_ranges, defaulting to unknown range.
W1004 06:06:25.342000 126009694152512 torch/fx/experimental/symbolic_shapes.py:4449] [0/6] ps2 is not in var_ranges, defaulting to unknown range.
W1004 06:06:30.739000 126009694152512 torch/fx/experimental/symbolic_shapes.py:4449] [0/6] ps5 is not in var_ranges, defaulting to unknown range.
W1004 06:06:30.761000 126009694152512 torch/fx/experimental/symbolic_shapes.py:4449] [0/6] ps7 is not in var_ranges, defaulting to unknown range.
W1004 06:06:30.762000 126009694152512 torch/fx/experimental/symbolic_shapes.py:4449] [0/6] ps5 is not in var_ranges, defaulting to unknown range.
W1004 06:06:35.054000 126009694152512 torch/fx/experimental/symbolic_shapes.py:4449] [0/6] ps10 is not in var_ranges, defaulting to unknown range.
W1004 06:06:35.072000 126009694152512 torch/fx/experimental/symbolic_shapes.py:4449] [0/6] ps10 is not in var_ranges, defaulting to unknown range.
W1004 06:06:35.073000 126009694152512 torch/fx/experimental/symbolic_shapes.py:4449] [0/6] ps12 is not in var_ranges, defaulting to unknown range.
W1004 06:06:56.294000 126009694152512 torch/fx/experimental/symbolic_shapes.py:4449] [0/7] ps2 is not in var_ranges, defaulting to unknown range.
W1004 06:06:56.294000 126009694152512 torch/fx/experimental/symbolic_shapes.py:4449] [0/7] ps0 is not in var_ranges, defaulting to unknown range.
W1004 06:06:56.983000 126009694152512 torch/fx/experimental/symbolic_shapes.py:4449] [0/7] ps4 is not in var_ranges, defaulting to unknown range.
W1004 06:06:56.984000 126009694152512 torch/fx/experimental/symbolic_shapes.py:4449] [0/7] ps6 is not in var_ranges, defaulting to unknown range.
W1004 06:06:57.648000 126009694152512 torch/fx/experimental/symbolic_shapes.py:4449] [0/7] ps8 is not in var_ranges, defaulting to unknown range.
W1004 06:06:57.648000 126009694152512 torch/fx/experimental/symbolic_shapes.py:4449] [0/7] ps10 is not in var_ranges, defaulting to unknown range.
W1004 06:07:16.333000 126009694152512 torch/fx/experimental/symbolic_shapes.py:4449] [0/7] ps0 is not in var_ranges, defaulting to unknown range.
W1004 06:07:16.352000 126009694152512 torch/fx/experimental/symbolic_shapes.py:4449] [0/7] ps0 is not in var_ranges, defaulting to unknown range.
W1004 06:07:16.352000 126009694152512 torch/fx/experimental/symbolic_shapes.py:4449] [0/7] ps2 is not in var_ranges, defaulting to unknown range.
W1004 06:07:22.084000 126009694152512 torch/fx/experimental/symbolic_shapes.py:4449] [0/7] ps5 is not in var_ranges, defaulting to unknown range.
W1004 06:07:22.102000 126009694152512 torch/fx/experimental/symbolic_shapes.py:4449] [0/7] ps7 is not in var_ranges, defaulting to unknown range.
W1004 06:07:22.102000 126009694152512 torch/fx/experimental/symbolic_shapes.py:4449] [0/7] ps5 is not in var_ranges, defaulting to unknown range.
W1004 06:07:25.963000 126009694152512 torch/fx/experimental/symbolic_shapes.py:4449] [0/7] ps10 is not in var_ranges, defaulting to unknown range.
W1004 06:07:25.979000 126009694152512 torch/fx/experimental/symbolic_shapes.py:4449] [0/7] ps10 is not in var_ranges, defaulting to unknown range.
W1004 06:07:25.979000 126009694152512 torch/fx/experimental/symbolic_shapes.py:4449] [0/7] ps12 is not in var_ranges, defaulting to unknown range.
W1004 06:07:45.151000 126009694152512 torch/fx/experimental/symbolic_shapes.py:4449] [0/8] ps2 is not in var_ranges, defaulting to unknown range.
W1004 06:07:45.151000 126009694152512 torch/fx/experimental/symbolic_shapes.py:4449] [0/8] ps0 is not in var_ranges, defaulting to unknown range.
W1004 06:07:45.842000 126009694152512 torch/fx/experimental/symbolic_shapes.py:4449] [0/8] ps4 is not in var_ranges, defaulting to unknown range.
W1004 06:07:45.842000 126009694152512 torch/fx/experimental/symbolic_shapes.py:4449] [0/8] ps6 is not in var_ranges, defaulting to unknown range.
W1004 06:07:46.521000 126009694152512 torch/fx/experimental/symbolic_shapes.py:4449] [0/8] ps8 is not in var_ranges, defaulting to unknown range.
W1004 06:07:46.521000 126009694152512 torch/fx/experimental/symbolic_shapes.py:4449] [0/8] ps10 is not in var_ranges, defaulting to unknown range.
W1004 06:08:03.121000 126009694152512 torch/fx/experimental/symbolic_shapes.py:4449] [0/8] ps1 is not in var_ranges, defaulting to unknown range.
W1004 06:08:07.649000 126009694152512 torch/fx/experimental/symbolic_shapes.py:4449] [0/8] ps4 is not in var_ranges, defaulting to unknown range.
W1004 06:08:07.668000 126009694152512 torch/fx/experimental/symbolic_shapes.py:4449] [0/8] ps4 is not in var_ranges, defaulting to unknown range.
W1004 06:08:07.668000 126009694152512 torch/fx/experimental/symbolic_shapes.py:4449] [0/8] ps6 is not in var_ranges, defaulting to unknown range.
W1004 06:08:11.351000 126009694152512 torch/fx/experimental/symbolic_shapes.py:4449] [0/8] ps9 is not in var_ranges, defaulting to unknown range.
W1004 06:08:11.363000 126009694152512 torch/fx/experimental/symbolic_shapes.py:4449] [0/8] ps11 is not in var_ranges, defaulting to unknown range.
W1004 06:08:11.363000 126009694152512 torch/fx/experimental/symbolic_shapes.py:4449] [0/8] ps9 is not in var_ranges, defaulting to unknown range.
W1004 06:08:29.050000 126009694152512 torch/fx/experimental/symbolic_shapes.py:4449] [0/9] ps2 is not in var_ranges, defaulting to unknown range.
W1004 06:08:29.050000 126009694152512 torch/fx/experimental/symbolic_shapes.py:4449] [0/9] ps0 is not in var_ranges, defaulting to unknown range.
W1004 06:08:29.738000 126009694152512 torch/fx/experimental/symbolic_shapes.py:4449] [0/9] ps4 is not in var_ranges, defaulting to unknown range.
W1004 06:08:29.738000 126009694152512 torch/fx/experimental/symbolic_shapes.py:4449] [0/9] ps6 is not in var_ranges, defaulting to unknown range.
W1004 06:08:30.416000 126009694152512 torch/fx/experimental/symbolic_shapes.py:4449] [0/9] ps8 is not in var_ranges, defaulting to unknown range.
W1004 06:08:30.416000 126009694152512 torch/fx/experimental/symbolic_shapes.py:4449] [0/9] ps10 is not in var_ranges, defaulting to unknown range.
W1004 06:08:47.075000 126009694152512 torch/fx/experimental/symbolic_shapes.py:4449] [0/9] ps1 is not in var_ranges, defaulting to unknown range.
W1004 06:08:51.629000 126009694152512 torch/fx/experimental/symbolic_shapes.py:4449] [0/9] ps4 is not in var_ranges, defaulting to unknown range.
W1004 06:08:51.648000 126009694152512 torch/fx/experimental/symbolic_shapes.py:4449] [0/9] ps4 is not in var_ranges, defaulting to unknown range.
W1004 06:08:51.648000 126009694152512 torch/fx/experimental/symbolic_shapes.py:4449] [0/9] ps6 is not in var_ranges, defaulting to unknown range.
W1004 06:08:55.343000 126009694152512 torch/fx/experimental/symbolic_shapes.py:4449] [0/9] ps9 is not in var_ranges, defaulting to unknown range.
W1004 06:08:55.355000 126009694152512 torch/fx/experimental/symbolic_shapes.py:4449] [0/9] ps11 is not in var_ranges, defaulting to unknown range.
W1004 06:08:55.355000 126009694152512 torch/fx/experimental/symbolic_shapes.py:4449] [0/9] ps9 is not in var_ranges, defaulting to unknown range.
W1004 06:09:14.281000 126009694152512 torch/fx/experimental/symbolic_shapes.py:4449] [0/10] ps2 is not in var_ranges, defaulting to unknown range.
W1004 06:09:14.282000 126009694152512 torch/fx/experimental/symbolic_shapes.py:4449] [0/10] ps0 is not in var_ranges, defaulting to unknown range.
W1004 06:09:14.787000 126009694152512 torch/fx/experimental/symbolic_shapes.py:4449] [0/10] ps4 is not in var_ranges, defaulting to unknown range.
W1004 06:09:14.787000 126009694152512 torch/fx/experimental/symbolic_shapes.py:4449] [0/10] ps6 is not in var_ranges, defaulting to unknown range.
W1004 06:09:15.448000 126009694152512 torch/fx/experimental/symbolic_shapes.py:4449] [0/10] ps8 is not in var_ranges, defaulting to unknown range.
W1004 06:09:15.448000 126009694152512 torch/fx/experimental/symbolic_shapes.py:4449] [0/10] ps10 is not in var_ranges, defaulting to unknown range.
W1004 06:09:28.128000 126009694152512 torch/fx/experimental/symbolic_shapes.py:4449] [0/10] ps1 is not in var_ranges, defaulting to unknown range.
W1004 06:09:33.779000 126009694152512 torch/fx/experimental/symbolic_shapes.py:4449] [0/10] ps4 is not in var_ranges, defaulting to unknown range.
W1004 06:09:33.799000 126009694152512 torch/fx/experimental/symbolic_shapes.py:4449] [0/10] ps4 is not in var_ranges, defaulting to unknown range.
W1004 06:09:33.799000 126009694152512 torch/fx/experimental/symbolic_shapes.py:4449] [0/10] ps6 is not in var_ranges, defaulting to unknown range.
W1004 06:09:52.398000 126009694152512 torch/fx/experimental/symbolic_shapes.py:4449] [0/11] ps2 is not in var_ranges, defaulting to unknown range.
W1004 06:09:52.398000 126009694152512 torch/fx/experimental/symbolic_shapes.py:4449] [0/11] ps0 is not in var_ranges, defaulting to unknown range.
W1004 06:09:52.883000 126009694152512 torch/fx/experimental/symbolic_shapes.py:4449] [0/11] ps4 is not in var_ranges, defaulting to unknown range.
W1004 06:09:52.883000 126009694152512 torch/fx/experimental/symbolic_shapes.py:4449] [0/11] ps6 is not in var_ranges, defaulting to unknown range.
W1004 06:09:53.535000 126009694152512 torch/fx/experimental/symbolic_shapes.py:4449] [0/11] ps8 is not in var_ranges, defaulting to unknown range.
W1004 06:09:53.535000 126009694152512 torch/fx/experimental/symbolic_shapes.py:4449] [0/11] ps10 is not in var_ranges, defaulting to unknown range.
W1004 06:10:05.982000 126009694152512 torch/fx/experimental/symbolic_shapes.py:4449] [0/11] ps1 is not in var_ranges, defaulting to unknown range.
W1004 06:10:10.252000 126009694152512 torch/fx/experimental/symbolic_shapes.py:4449] [0/11] ps4 is not in var_ranges, defaulting to unknown range.
W1004 06:10:10.269000 126009694152512 torch/fx/experimental/symbolic_shapes.py:4449] [0/11] ps4 is not in var_ranges, defaulting to unknown range.
W1004 06:10:10.269000 126009694152512 torch/fx/experimental/symbolic_shapes.py:4449] [0/11] ps6 is not in var_ranges, defaulting to unknown range.
W1004 06:10:31.347000 126009694152512 torch/fx/experimental/symbolic_shapes.py:4449] [0/12] ps2 is not in var_ranges, defaulting to unknown range.
W1004 06:10:31.347000 126009694152512 torch/fx/experimental/symbolic_shapes.py:4449] [0/12] ps0 is not in var_ranges, defaulting to unknown range.
W1004 06:10:32.015000 126009694152512 torch/fx/experimental/symbolic_shapes.py:4449] [0/12] ps4 is not in var_ranges, defaulting to unknown range.
W1004 06:10:32.015000 126009694152512 torch/fx/experimental/symbolic_shapes.py:4449] [0/12] ps6 is not in var_ranges, defaulting to unknown range.
W1004 06:10:32.559000 126009694152512 torch/fx/experimental/symbolic_shapes.py:4449] [0/12] ps8 is not in var_ranges, defaulting to unknown range.
W1004 06:10:32.559000 126009694152512 torch/fx/experimental/symbolic_shapes.py:4449] [0/12] ps10 is not in var_ranges, defaulting to unknown range.
W1004 06:10:33.398000 126009694152512 torch/fx/experimental/symbolic_shapes.py:4449] [0/12] ps12 is not in var_ranges, defaulting to unknown range.
W1004 06:10:33.418000 126009694152512 torch/fx/experimental/symbolic_shapes.py:4449] [0/12] ps14 is not in var_ranges, defaulting to unknown range.
W1004 06:10:33.418000 126009694152512 torch/fx/experimental/symbolic_shapes.py:4449] [0/12] ps12 is not in var_ranges, defaulting to unknown range.
W1004 06:10:33.433000 126009694152512 torch/fx/experimental/symbolic_shapes.py:4449] [0/12] ps12 is not in var_ranges, defaulting to unknown range.
W1004 06:10:33.447000 126009694152512 torch/fx/experimental/symbolic_shapes.py:4449] [0/12] ps14 is not in var_ranges, defaulting to unknown range.
W1004 06:10:33.447000 126009694152512 torch/fx/experimental/symbolic_shapes.py:4449] [0/12] ps12 is not in var_ranges, defaulting to unknown range.
W1004 06:10:33.463000 126009694152512 torch/fx/experimental/symbolic_shapes.py:4449] [0/12] ps14 is not in var_ranges, defaulting to unknown range.
W1004 06:10:33.463000 126009694152512 torch/fx/experimental/symbolic_shapes.py:4449] [0/12] ps12 is not in var_ranges, defaulting to unknown range.
W1004 06:10:50.578000 126009694152512 torch/fx/experimental/symbolic_shapes.py:4449] [0/12] ps0 is not in var_ranges, defaulting to unknown range.
W1004 06:10:50.597000 126009694152512 torch/fx/experimental/symbolic_shapes.py:4449] [0/12] ps0 is not in var_ranges, defaulting to unknown range.
W1004 06:10:50.597000 126009694152512 torch/fx/experimental/symbolic_shapes.py:4449] [0/12] ps2 is not in var_ranges, defaulting to unknown range.
W1004 06:10:55.208000 126009694152512 torch/fx/experimental/symbolic_shapes.py:4449] [0/12] ps5 is not in var_ranges, defaulting to unknown range.
W1004 06:10:55.227000 126009694152512 torch/fx/experimental/symbolic_shapes.py:4449] [0/12] ps7 is not in var_ranges, defaulting to unknown range.
W1004 06:10:55.227000 126009694152512 torch/fx/experimental/symbolic_shapes.py:4449] [0/12] ps5 is not in var_ranges, defaulting to unknown range.
W1004 06:10:58.889000 126009694152512 torch/fx/experimental/symbolic_shapes.py:4449] [0/12] ps10 is not in var_ranges, defaulting to unknown range.
W1004 06:10:58.905000 126009694152512 torch/fx/experimental/symbolic_shapes.py:4449] [0/12] ps10 is not in var_ranges, defaulting to unknown range.
W1004 06:10:58.905000 126009694152512 torch/fx/experimental/symbolic_shapes.py:4449] [0/12] ps12 is not in var_ranges, defaulting to unknown range.
W1004 06:11:01.628000 126009694152512 torch/fx/experimental/symbolic_shapes.py:4449] [0/12] ps17 is not in var_ranges, defaulting to unknown range.
W1004 06:11:01.628000 126009694152512 torch/fx/experimental/symbolic_shapes.py:4449] [0/12] ps15 is not in var_ranges, defaulting to unknown range.
W1004 06:11:01.652000 126009694152512 torch/fx/experimental/symbolic_shapes.py:4449] [0/12] ps15 is not in var_ranges, defaulting to unknown range.
W1004 06:11:18.356000 126009694152512 torch/fx/experimental/symbolic_shapes.py:4449] [0/13] ps2 is not in var_ranges, defaulting to unknown range.
W1004 06:11:18.356000 126009694152512 torch/fx/experimental/symbolic_shapes.py:4449] [0/13] ps0 is not in var_ranges, defaulting to unknown range.
W1004 06:11:19.029000 126009694152512 torch/fx/experimental/symbolic_shapes.py:4449] [0/13] ps4 is not in var_ranges, defaulting to unknown range.
W1004 06:11:19.030000 126009694152512 torch/fx/experimental/symbolic_shapes.py:4449] [0/13] ps6 is not in var_ranges, defaulting to unknown range.
W1004 06:11:19.580000 126009694152512 torch/fx/experimental/symbolic_shapes.py:4449] [0/13] ps8 is not in var_ranges, defaulting to unknown range.
W1004 06:11:19.580000 126009694152512 torch/fx/experimental/symbolic_shapes.py:4449] [0/13] ps10 is not in var_ranges, defaulting to unknown range.
W1004 06:11:20.413000 126009694152512 torch/fx/experimental/symbolic_shapes.py:4449] [0/13] ps12 is not in var_ranges, defaulting to unknown range.
W1004 06:11:20.433000 126009694152512 torch/fx/experimental/symbolic_shapes.py:4449] [0/13] ps14 is not in var_ranges, defaulting to unknown range.
W1004 06:11:20.433000 126009694152512 torch/fx/experimental/symbolic_shapes.py:4449] [0/13] ps12 is not in var_ranges, defaulting to unknown range.
W1004 06:11:20.449000 126009694152512 torch/fx/experimental/symbolic_shapes.py:4449] [0/13] ps12 is not in var_ranges, defaulting to unknown range.
W1004 06:11:20.462000 126009694152512 torch/fx/experimental/symbolic_shapes.py:4449] [0/13] ps14 is not in var_ranges, defaulting to unknown range.
W1004 06:11:20.462000 126009694152512 torch/fx/experimental/symbolic_shapes.py:4449] [0/13] ps12 is not in var_ranges, defaulting to unknown range.
W1004 06:11:20.478000 126009694152512 torch/fx/experimental/symbolic_shapes.py:4449] [0/13] ps14 is not in var_ranges, defaulting to unknown range.
W1004 06:11:20.478000 126009694152512 torch/fx/experimental/symbolic_shapes.py:4449] [0/13] ps12 is not in var_ranges, defaulting to unknown range.
W1004 06:11:37.244000 126009694152512 torch/fx/experimental/symbolic_shapes.py:4449] [0/13] ps0 is not in var_ranges, defaulting to unknown range.
W1004 06:11:37.264000 126009694152512 torch/fx/experimental/symbolic_shapes.py:4449] [0/13] ps0 is not in var_ranges, defaulting to unknown range.
W1004 06:11:37.264000 126009694152512 torch/fx/experimental/symbolic_shapes.py:4449] [0/13] ps2 is not in var_ranges, defaulting to unknown range.
W1004 06:11:42.474000 126009694152512 torch/fx/experimental/symbolic_shapes.py:4449] [0/13] ps5 is not in var_ranges, defaulting to unknown range.
W1004 06:11:42.493000 126009694152512 torch/fx/experimental/symbolic_shapes.py:4449] [0/13] ps7 is not in var_ranges, defaulting to unknown range.
W1004 06:11:42.494000 126009694152512 torch/fx/experimental/symbolic_shapes.py:4449] [0/13] ps5 is not in var_ranges, defaulting to unknown range.
W1004 06:11:46.552000 126009694152512 torch/fx/experimental/symbolic_shapes.py:4449] [0/13] ps10 is not in var_ranges, defaulting to unknown range.
W1004 06:11:46.568000 126009694152512 torch/fx/experimental/symbolic_shapes.py:4449] [0/13] ps10 is not in var_ranges, defaulting to unknown range.
W1004 06:11:46.568000 126009694152512 torch/fx/experimental/symbolic_shapes.py:4449] [0/13] ps12 is not in var_ranges, defaulting to unknown range.
W1004 06:12:07.139000 126009694152512 torch/fx/experimental/symbolic_shapes.py:4449] [0/14] ps2 is not in var_ranges, defaulting to unknown range.
W1004 06:12:07.140000 126009694152512 torch/fx/experimental/symbolic_shapes.py:4449] [0/14] ps0 is not in var_ranges, defaulting to unknown range.
W1004 06:12:07.834000 126009694152512 torch/fx/experimental/symbolic_shapes.py:4449] [0/14] ps4 is not in var_ranges, defaulting to unknown range.
W1004 06:12:07.834000 126009694152512 torch/fx/experimental/symbolic_shapes.py:4449] [0/14] ps6 is not in var_ranges, defaulting to unknown range.
W1004 06:12:08.502000 126009694152512 torch/fx/experimental/symbolic_shapes.py:4449] [0/14] ps8 is not in var_ranges, defaulting to unknown range.
W1004 06:12:08.502000 126009694152512 torch/fx/experimental/symbolic_shapes.py:4449] [0/14] ps10 is not in var_ranges, defaulting to unknown range.
W1004 06:12:27.309000 126009694152512 torch/fx/experimental/symbolic_shapes.py:4449] [0/14] ps0 is not in var_ranges, defaulting to unknown range.
W1004 06:12:27.328000 126009694152512 torch/fx/experimental/symbolic_shapes.py:4449] [0/14] ps0 is not in var_ranges, defaulting to unknown range.
W1004 06:12:27.328000 126009694152512 torch/fx/experimental/symbolic_shapes.py:4449] [0/14] ps2 is not in var_ranges, defaulting to unknown range.
W1004 06:12:32.370000 126009694152512 torch/fx/experimental/symbolic_shapes.py:4449] [0/14] ps5 is not in var_ranges, defaulting to unknown range.
W1004 06:12:32.388000 126009694152512 torch/fx/experimental/symbolic_shapes.py:4449] [0/14] ps7 is not in var_ranges, defaulting to unknown range.
W1004 06:12:32.388000 126009694152512 torch/fx/experimental/symbolic_shapes.py:4449] [0/14] ps5 is not in var_ranges, defaulting to unknown range.
W1004 06:12:36.011000 126009694152512 torch/fx/experimental/symbolic_shapes.py:4449] [0/14] ps10 is not in var_ranges, defaulting to unknown range.
W1004 06:12:36.027000 126009694152512 torch/fx/experimental/symbolic_shapes.py:4449] [0/14] ps10 is not in var_ranges, defaulting to unknown range.
W1004 06:12:36.028000 126009694152512 torch/fx/experimental/symbolic_shapes.py:4449] [0/14] ps12 is not in var_ranges, defaulting to unknown range.
W1004 06:12:55.480000 126009694152512 torch/fx/experimental/symbolic_shapes.py:4449] [0/15] ps2 is not in var_ranges, defaulting to unknown range.
W1004 06:12:55.480000 126009694152512 torch/fx/experimental/symbolic_shapes.py:4449] [0/15] ps0 is not in var_ranges, defaulting to unknown range.
W1004 06:12:56.174000 126009694152512 torch/fx/experimental/symbolic_shapes.py:4449] [0/15] ps4 is not in var_ranges, defaulting to unknown range.
W1004 06:12:56.174000 126009694152512 torch/fx/experimental/symbolic_shapes.py:4449] [0/15] ps6 is not in var_ranges, defaulting to unknown range.
W1004 06:12:56.863000 126009694152512 torch/fx/experimental/symbolic_shapes.py:4449] [0/15] ps8 is not in var_ranges, defaulting to unknown range.
W1004 06:12:56.863000 126009694152512 torch/fx/experimental/symbolic_shapes.py:4449] [0/15] ps10 is not in var_ranges, defaulting to unknown range.
W1004 06:13:13.955000 126009694152512 torch/fx/experimental/symbolic_shapes.py:4449] [0/15] ps1 is not in var_ranges, defaulting to unknown range.
W1004 06:13:18.455000 126009694152512 torch/fx/experimental/symbolic_shapes.py:4449] [0/15] ps4 is not in var_ranges, defaulting to unknown range.
W1004 06:13:18.478000 126009694152512 torch/fx/experimental/symbolic_shapes.py:4449] [0/15] ps4 is not in var_ranges, defaulting to unknown range.
W1004 06:13:18.478000 126009694152512 torch/fx/experimental/symbolic_shapes.py:4449] [0/15] ps6 is not in var_ranges, defaulting to unknown range.
W1004 06:13:22.238000 126009694152512 torch/fx/experimental/symbolic_shapes.py:4449] [0/15] ps9 is not in var_ranges, defaulting to unknown range.
W1004 06:13:22.254000 126009694152512 torch/fx/experimental/symbolic_shapes.py:4449] [0/15] ps11 is not in var_ranges, defaulting to unknown range.
W1004 06:13:22.255000 126009694152512 torch/fx/experimental/symbolic_shapes.py:4449] [0/15] ps9 is not in var_ranges, defaulting to unknown range.
W1004 06:13:40.189000 126009694152512 torch/fx/experimental/symbolic_shapes.py:4449] [0/16] ps2 is not in var_ranges, defaulting to unknown range.
W1004 06:13:40.189000 126009694152512 torch/fx/experimental/symbolic_shapes.py:4449] [0/16] ps0 is not in var_ranges, defaulting to unknown range.
W1004 06:13:40.885000 126009694152512 torch/fx/experimental/symbolic_shapes.py:4449] [0/16] ps4 is not in var_ranges, defaulting to unknown range.
W1004 06:13:40.886000 126009694152512 torch/fx/experimental/symbolic_shapes.py:4449] [0/16] ps6 is not in var_ranges, defaulting to unknown range.
W1004 06:13:41.546000 126009694152512 torch/fx/experimental/symbolic_shapes.py:4449] [0/16] ps8 is not in var_ranges, defaulting to unknown range.
W1004 06:13:41.546000 126009694152512 torch/fx/experimental/symbolic_shapes.py:4449] [0/16] ps10 is not in var_ranges, defaulting to unknown range.
W1004 06:13:57.006000 126009694152512 torch/fx/experimental/symbolic_shapes.py:4449] [0/16] ps1 is not in var_ranges, defaulting to unknown range.
W1004 06:14:01.508000 126009694152512 torch/fx/experimental/symbolic_shapes.py:4449] [0/16] ps4 is not in var_ranges, defaulting to unknown range.
W1004 06:14:01.527000 126009694152512 torch/fx/experimental/symbolic_shapes.py:4449] [0/16] ps4 is not in var_ranges, defaulting to unknown range.
W1004 06:14:01.528000 126009694152512 torch/fx/experimental/symbolic_shapes.py:4449] [0/16] ps6 is not in var_ranges, defaulting to unknown range.
W1004 06:14:05.186000 126009694152512 torch/fx/experimental/symbolic_shapes.py:4449] [0/16] ps9 is not in var_ranges, defaulting to unknown range.
W1004 06:14:05.199000 126009694152512 torch/fx/experimental/symbolic_shapes.py:4449] [0/16] ps11 is not in var_ranges, defaulting to unknown range.
W1004 06:14:05.199000 126009694152512 torch/fx/experimental/symbolic_shapes.py:4449] [0/16] ps9 is not in var_ranges, defaulting to unknown range.
W1004 06:14:25.441000 126009694152512 torch/fx/experimental/symbolic_shapes.py:4449] [0/17] ps2 is not in var_ranges, defaulting to unknown range.
W1004 06:14:25.441000 126009694152512 torch/fx/experimental/symbolic_shapes.py:4449] [0/17] ps0 is not in var_ranges, defaulting to unknown range.
W1004 06:14:25.951000 126009694152512 torch/fx/experimental/symbolic_shapes.py:4449] [0/17] ps4 is not in var_ranges, defaulting to unknown range.
W1004 06:14:25.951000 126009694152512 torch/fx/experimental/symbolic_shapes.py:4449] [0/17] ps6 is not in var_ranges, defaulting to unknown range.
W1004 06:14:26.620000 126009694152512 torch/fx/experimental/symbolic_shapes.py:4449] [0/17] ps8 is not in var_ranges, defaulting to unknown range.
W1004 06:14:26.620000 126009694152512 torch/fx/experimental/symbolic_shapes.py:4449] [0/17] ps10 is not in var_ranges, defaulting to unknown range.
W1004 06:14:39.291000 126009694152512 torch/fx/experimental/symbolic_shapes.py:4449] [0/17] ps1 is not in var_ranges, defaulting to unknown range.
W1004 06:14:43.814000 126009694152512 torch/fx/experimental/symbolic_shapes.py:4449] [0/17] ps4 is not in var_ranges, defaulting to unknown range.
W1004 06:14:43.836000 126009694152512 torch/fx/experimental/symbolic_shapes.py:4449] [0/17] ps4 is not in var_ranges, defaulting to unknown range.
W1004 06:14:43.837000 126009694152512 torch/fx/experimental/symbolic_shapes.py:4449] [0/17] ps6 is not in var_ranges, defaulting to unknown range.
W1004 06:15:06.040000 126009694152512 torch/fx/experimental/symbolic_shapes.py:4449] [0/18] ps2 is not in var_ranges, defaulting to unknown range.
W1004 06:15:06.040000 126009694152512 torch/fx/experimental/symbolic_shapes.py:4449] [0/18] ps0 is not in var_ranges, defaulting to unknown range.
W1004 06:15:06.606000 126009694152512 torch/fx/experimental/symbolic_shapes.py:4449] [0/18] ps4 is not in var_ranges, defaulting to unknown range.
W1004 06:15:06.607000 126009694152512 torch/fx/experimental/symbolic_shapes.py:4449] [0/18] ps6 is not in var_ranges, defaulting to unknown range.
W1004 06:15:07.322000 126009694152512 torch/fx/experimental/symbolic_shapes.py:4449] [0/18] ps8 is not in var_ranges, defaulting to unknown range.
W1004 06:15:07.322000 126009694152512 torch/fx/experimental/symbolic_shapes.py:4449] [0/18] ps10 is not in var_ranges, defaulting to unknown range.
W1004 06:15:21.523000 126009694152512 torch/fx/experimental/symbolic_shapes.py:4449] [0/18] ps1 is not in var_ranges, defaulting to unknown range.
W1004 06:15:25.632000 126009694152512 torch/fx/experimental/symbolic_shapes.py:4449] [0/18] ps4 is not in var_ranges, defaulting to unknown range.
W1004 06:15:25.648000 126009694152512 torch/fx/experimental/symbolic_shapes.py:4449] [0/18] ps4 is not in var_ranges, defaulting to unknown range.
W1004 06:15:25.648000 126009694152512 torch/fx/experimental/symbolic_shapes.py:4449] [0/18] ps6 is not in var_ranges, defaulting to unknown range.
seed 3: cfg0 0.7560 4.537s  cfg1 0.7510 318.008s  cfg2 0.7511 316.058s
seed 4: cfg0 0.7545 4.492s  cfg1 0.7530 4.487s  cfg2 0.7545 4.505s
seed 5: cfg0 0.7515 4.508s  cfg1 0.7520 4.515s  cfg2 0.7515 4.518s
seed 6: cfg0 0.7520 4.577s  cfg1 0.7538 4.525s  cfg2 0.7520 4.528s
seed 7: cfg0 0.7498 4.523s  cfg1 0.7521 4.516s  cfg2 0.7498 4.513s
seed 8: cfg0 0.7505 4.513s  cfg1 0.7512 4.514s  cfg2 0.7505 4.517s
seed 9: cfg0 0.7503 4.514s  cfg1 0.7497 4.563s  cfg2 0.7503 4.517s
seed 10: cfg0 0.7511 4.520s  cfg1 0.7497 4.526s  cfg2 0.7511 4.527s
seed 11: cfg0 0.7543 4.532s  cfg1 0.7484 4.536s  cfg2 0.7543 4.528s
seed 12: cfg0 0.7546 4.526s  cfg1 0.7489 4.530s  cfg2 0.7546 4.531s
seed 13: cfg0 0.7539 4.528s  cfg1 0.7481 4.535s  cfg2 0.7539 4.531s
seed 14: cfg0 0.7535 4.536s  cfg1 0.7509 4.537s  cfg2 0.7535 4.539s
seed 15: cfg0 0.7500 4.542s  cfg1 0.7495 4.545s  cfg2 0.7500 4.546s
seed 16: cfg0 0.7527 4.551s  cfg1 0.7520 4.550s  cfg2 0.7527 4.548s
seed 17: cfg0 0.7489 4.547s  cfg1 0.7500 4.546s  cfg2 0.7489 4.545s
seed 18: cfg0 0.7497 4.543s  cfg1 0.7549 4.546s  cfg2 0.7497 4.544s
seed 19: cfg0 0.7484 4.537s  cfg1 0.7513 4.542s  cfg2 0.7484 4.535s
seed 20: cfg0 0.7491 4.534s  cfg1 0.7531 4.537s  cfg2 0.7491 4.535s
seed 21: cfg0 0.7524 4.536s  cfg1 0.7500 4.539s  cfg2 0.7524 4.533s
seed 22: cfg0 0.7529 4.533s  cfg1 0.7502 4.536s  cfg2 0.7529 4.531s
cfg0 {}: mean acc 0.75180, mean time 4.531s
cfg1 {"_model_scale": 0.16666666666666666}: mean acc 0.75099, mean time 20.207s
  paired vs cfg0: -0.081 pp (sd 0.324, SE 0.072); time +345.92%
cfg2 {"_model_scale": 0.08333333333333333}: mean acc 0.75156, mean time 20.106s
  paired vs cfg0: -0.025 pp (sd 0.110, SE 0.025); time +343.71%
