W1004 06:25:22.399000 126854666516288 torch/fx/experimental/symbolic_shapes.py:4449] [0/2] ps0 is not in var_ranges, defaulting to unknown range.
W1004 06:25:22.400000 126854666516288 torch/fx/experimental/symbolic_shapes.py:4449] [0/2] ps2 is not in var_ranges, defaulting to unknown range.
W1004 06:25:23.108000 126854666516288 torch/fx/experimental/symbolic_shapes.py:4449] [0/2] ps4 is not in var_ranges, defaulting to unknown range.
W1004 06:25:23.108000 126854666516288 torch/fx/experimental/symbolic_shapes.py:4449] [0/2] ps6 is not in var_ranges, defaulting to unknown range.
W1004 06:25:23.788000 126854666516288 torch/fx/experimental/symbolic_shapes.py:4449] [0/2] ps10 is not in var_ranges, defaulting to unknown range.
W1004 06:25:23.788000 126854666516288 torch/fx/experimental/symbolic_shapes.py:4449] [0/2] ps8 is not in var_ranges, defaulting to unknown range.
W1004 06:25:43.931000 126854666516288 torch/fx/experimental/symbolic_shapes.py:4449] [0/2] ps0 is not in var_ranges, defaulting to unknown range.
W1004 06:25:43.950000 126854666516288 torch/fx/experimental/symbolic_shapes.py:4449] [0/2] ps0 is not in var_ranges, defaulting to unknown range.
W1004 06:25:43.950000 126854666516288 torch/fx/experimental/symbolic_shapes.py:4449] [0/2] ps2 is not in var_ranges, defaulting to unknown range.
W1004 06:25:49.505000 126854666516288 torch/fx/experimental/symbolic_shapes.py:4449] [0/2] ps5 is not in var_ranges, defaulting to unknown range.
W1004 06:25:49.519000 126854666516288 torch/fx/experimental/symbolic_shapes.py:4449] [0/2] ps7 is not in var_ranges, defaulting to unknown range.
W1004 06:25:49.519000 126854666516288 torch/fx/experimental/symbolic_shapes.py:4449] [0/2] ps5 is not in var_ranges, defaulting to unknown range.
W1004 06:25:53.585000 126854666516288 torch/fx/experimental/symbolic_shapes.py:4449] [0/2] ps10 is not in var_ranges, defaulting to unknown range.
W1004 06:25:53.601000 126854666516288 torch/fx/experimental/symbolic_shapes.py:4449] [0/2] ps10 is not in var_ranges, defaulting to unknown range.
W1004 06:25:53.601000 126854666516288 torch/fx/experimental/symbolic_shapes.py:4449] [0/2] ps12 is not in var_ranges, defaulting to unknown range.
W1004 06:26:12.349000 126854666516288 torch/fx/experimental/symbolic_shapes.py:4449] [0/3] ps0 is not in var_ranges, defaulting to unknown range.
W1004 06:26:12.349000 126854666516288 torch/fx/experimental/symbolic_shapes.py:4449] [0/3] ps2 is not in var_ranges, defaulting to unknown range.
W1004 06:26:13.057000 126854666516288 torch/fx/experimental/symbolic_shapes.py:4449] [0/3] ps4 is not in var_ranges, defaulting to unknown range.
W1004 06:26:13.058000 126854666516288 torch/fx/experimental/symbolic_shapes.py:4449] [0/3] ps6 is not in var_ranges, defaulting to unknown range.
W1004 06:26:13.727000 126854666516288 torch/fx/experimental/symbolic_shapes.py:4449] [0/3] ps10 is not in var_ranges, defaulting to unknown range.
W1004 06:26:13.727000 126854666516288 torch/fx/experimental/symbolic_shapes.py:4449] [0/3] ps8 is not in var_ranges, defaulting to unknown range.
W1004 06:26:30.442000 126854666516288 torch/fx/experimental/symbolic_shapes.py:4449] [0/3] ps1 is not in var_ranges, defaulting to unknown range.
W1004 06:26:35.455000 126854666516288 torch/fx/experimental/symbolic_shapes.py:4449] [0/3] ps4 is not in var_ranges, defaulting to unknown range.
W1004 06:26:35.473000 126854666516288 torch/fx/experimental/symbolic_shapes.py:4449] [0/3] ps4 is not in var_ranges, defaulting to unknown range.
W1004 06:26:35.473000 126854666516288 torch/fx/experimental/symbolic_shapes.py:4449] [0/3] ps6 is not in var_ranges, defaulting to unknown range.
W1004 06:26:40.059000 126854666516288 torch/fx/experimental/symbolic_shapes.py:4449] [0/3] ps9 is not in var_ranges, defaulting to unknown range.
W1004 06:26:40.074000 126854666516288 torch/fx/experimental/symbolic_shapes.py:4449] [0/3] ps9 is not in var_ranges, defaulting to unknown range.
W1004 06:26:40.075000 126854666516288 torch/fx/experimental/symbolic_shapes.py:4449] [0/3] ps11 is not in var_ranges, defaulting to unknown range.
W1004 06:27:00.349000 126854666516288 torch/fx/experimental/symbolic_shapes.py:4449] [0/4] ps0 is not in var_ranges, defaulting to unknown range.
W1004 06:27:00.349000 126854666516288 torch/fx/experimental/symbolic_shapes.py:4449] [0/4] ps2 is not in var_ranges, defaulting to unknown range.
W1004 06:27:00.850000 126854666516288 torch/fx/experimental/symbolic_shapes.py:4449] [0/4] ps4 is not in var_ranges, defaulting to unknown range.
W1004 06:27:00.850000 126854666516288 torch/fx/experimental/symbolic_shapes.py:4449] [0/4] ps6 is not in var_ranges, defaulting to unknown range.
W1004 06:27:01.515000 126854666516288 torch/fx/experimental/symbolic_shapes.py:4449] [0/4] ps10 is not in var_ranges, defaulting to unknown range.
W1004 06:27:01.516000 126854666516288 torch/fx/experimental/symbolic_shapes.py:4449] [0/4] ps8 is not in var_ranges, defaulting to unknown range.
W1004 06:27:14.070000 126854666516288 torch/fx/experimental/symbolic_shapes.py:4449] [0/4] ps1 is not in var_ranges, defaulting to unknown range.
W1004 06:27:18.574000 126854666516288 torch/fx/experimental/symbolic_shapes.py:4449] [0/4] ps4 is not in var_ranges, defaulting to unknown range.
W1004 06:27:18.593000 126854666516288 torch/fx/experimental/symbolic_shapes.py:4449] [0/4] ps4 is not in var_ranges, defaulting to unknown range.
W1004 06:27:18.593000 126854666516288 torch/fx/experimental/symbolic_shapes.py:4449] [0/4] ps6 is not in var_ranges, defaulting to unknown range.
build 177s
seed 3: cfg0 0.7555 4.533s  cfg1 0.7540 4.547s  cfg2 0.7539 4.487s
seed 4: cfg0 0.7528 4.493s  cfg1 0.7484 4.500s  cfg2 0.7526 4.504s
seed 5: cfg0 0.7546 4.508s  cfg1 0.7524 4.512s  cfg2 0.7539 4.515s
seed 6: cfg0 0.7557 4.516s  cfg1 0.7546 4.518s  cfg2 0.7533 4.515s
seed 7: cfg0 0.7517 4.519s  cfg1 0.7523 4.509s  cfg2 0.7489 4.506s
seed 8: cfg0 0.7567 4.503s  cfg1 0.7556 4.500s  cfg2 0.7562 4.499s
seed 9: cfg0 0.7548 4.495s  cfg1 0.7546 4.497s  cfg2 0.7496 4.495s
seed 10: cfg0 0.7559 4.496s  cfg1 0.7538 4.497s  cfg2 0.7481 4.497s
seed 11: cfg0 0.7514 4.496s  cfg1 0.7532 4.499s  cfg2 0.7512 4.510s
seed 12: cfg0 0.7543 4.502s  cfg1 0.7577 4.532s  cfg2 0.7532 4.511s
seed 13: cfg0 0.7557 4.530s  cfg1 0.7537 4.535s  cfg2 0.7469 4.507s
seed 14: cfg0 0.7535 4.507s  cfg1 0.7540 4.506s  cfg2 0.7550 4.508s
seed 15: cfg0 0.7504 4.508s  cfg1 0.7539 4.508s  cfg2 0.7508 4.508s
seed 16: cfg0 0.7564 4.509s  cfg1 0.7518 4.505s  cfg2 0.7477 4.505s
seed 17: cfg0 0.7485 4.506s  cfg1 0.7502 4.508s  cfg2 0.7529 4.507s
seed 18: cfg0 0.7545 4.506s  cfg1 0.7530 4.511s  cfg2 0.7561 4.514s
seed 19: cfg0 0.7500 4.515s  cfg1 0.7498 4.516s  cfg2 0.7517 4.522s
seed 20: cfg0 0.7545 4.523s  cfg1 0.7492 4.528s  cfg2 0.7492 4.522s
seed 21: cfg0 0.7539 4.522s  cfg1 0.7561 4.524s  cfg2 0.7533 4.525s
seed 22: cfg0 0.7532 4.523s  cfg1 0.7522 4.525s  cfg2 0.7557 4.525s
cfg0 {}: mean acc 0.75370, mean time 4.510s
cfg1 {"warmup_frac": 0.15}: mean acc 0.75303, mean time 4.514s
  paired vs cfg0: -0.067 pp (sd 0.247, SE 0.055); time +0.08%
cfg2 {"warmup_frac": 0.3}: mean acc 0.75201, mean time 4.509s
  paired vs cfg0: -0.169 pp (sd 0.373, SE 0.083); time -0.03%
