W1004 06:33:51.361000 125731418416960 torch/fx/experimental/symbolic_shapes.py:4449] [0/2] ps2 is not in var_ranges, defaulting to unknown range.
W1004 06:33:51.361000 125731418416960 torch/fx/experimental/symbolic_shapes.py:4449] [0/2] ps0 is not in var_ranges, defaulting to unknown range.
W1004 06:33:52.073000 125731418416960 torch/fx/experimental/symbolic_shapes.py:4449] [0/2] ps4 is not in var_ranges, defaulting to unknown range.
W1004 06:33:52.073000 125731418416960 torch/fx/experimental/symbolic_shapes.py:4449] [0/2] ps6 is not in var_ranges, defaulting to unknown range.
W1004 06:33:52.761000 125731418416960 torch/fx/experimental/symbolic_shapes.py:4449] [0/2] ps8 is not in var_ranges, defaulting to unknown range.
W1004 06:33:52.761000 125731418416960 torch/fx/experimental/symbolic_shapes.py:4449] [0/2] ps10 is not in var_ranges, defaulting to unknown range.
W1004 06:34:12.512000 125731418416960 torch/fx/experimental/symbolic_shapes.py:4449] [0/2] ps0 is not in var_ranges, defaulting to unknown range.
W1004 06:34:12.530000 125731418416960 torch/fx/experimental/symbolic_shapes.py:4449] [0/2] ps2 is not in var_ranges, defaulting to unknown range.
W1004 06:34:12.530000 125731418416960 torch/fx/experimental/symbolic_shapes.py:4449] [0/2] ps0 is not in var_ranges, defaulting to unknown range.
W1004 06:34:17.627000 125731418416960 torch/fx/experimental/symbolic_shapes.py:4449] [0/2] ps5 is not in var_ranges, defaulting to unknown range.
W1004 06:34:17.641000 125731418416960 torch/fx/experimental/symbolic_shapes.py:4449] [0/2] ps7 is not in var_ranges, defaulting to unknown range.
W1004 06:34:17.641000 125731418416960 torch/fx/experimental/symbolic_shapes.py:4449] [0/2] ps5 is not in var_ranges, defaulting to unknown range.
W1004 06:34:22.076000 125731418416960 torch/fx/experimental/symbolic_shapes.py:4449] [0/2] ps10 is not in var_ranges, defaulting to unknown range.
W1004 06:34:22.087000 125731418416960 torch/fx/experimental/symbolic_shapes.py:4449] [0/2] ps12 is not in var_ranges, defaulting to unknown range.
W1004 06:34:22.088000 125731418416960 torch/fx/experimental/symbolic_shapes.py:4449] [0/2] ps10 is not in var_ranges, defaulting to unknown range.
W1004 06:34:40.976000 125731418416960 torch/fx/experimental/symbolic_shapes.py:4449] [0/3] ps2 is not in var_ranges, defaulting to unknown range.
W1004 06:34:40.976000 125731418416960 torch/fx/experimental/symbolic_shapes.py:4449] [0/3] ps0 is not in var_ranges, defaulting to unknown range.
W1004 06:34:41.687000 125731418416960 torch/fx/experimental/symbolic_shapes.py:4449] [0/3] ps4 is not in var_ranges, defaulting to unknown range.
W1004 06:34:41.688000 125731418416960 torch/fx/experimental/symbolic_shapes.py:4449] [0/3] ps6 is not in var_ranges, defaulting to unknown range.
W1004 06:34:42.355000 125731418416960 torch/fx/experimental/symbolic_shapes.py:4449] [0/3] ps8 is not in var_ranges, defaulting to unknown range.
W1004 06:34:42.355000 125731418416960 torch/fx/experimental/symbolic_shapes.py:4449] [0/3] ps10 is not in var_ranges, defaulting to unknown range.
W1004 06:34:59.139000 125731418416960 torch/fx/experimental/symbolic_shapes.py:4449] [0/3] ps1 is not in var_ranges, defaulting to unknown range.
W1004 06:35:04.121000 125731418416960 torch/fx/experimental/symbolic_shapes.py:4449] [0/3] ps4 is not in var_ranges, defaulting to unknown range.
W1004 06:35:04.143000 125731418416960 torch/fx/experimental/symbolic_shapes.py:4449] [0/3] ps4 is not in var_ranges, defaulting to unknown range.
W1004 06:35:04.143000 125731418416960 torch/fx/experimental/symbolic_shapes.py:4449] [0/3] ps6 is not in var_ranges, defaulting to unknown range.
W1004 06:35:08.153000 125731418416960 torch/fx/experimental/symbolic_shapes.py:4449] [0/3] ps9 is not in var_ranges, defaulting to unknown range.
W1004 06:35:08.165000 125731418416960 torch/fx/experimental/symbolic_shapes.py:4449] [0/3] ps11 is not in var_ranges, defaulting to unknown range.
W1004 06:35:08.165000 125731418416960 torch/fx/experimental/symbolic_shapes.py:4449] [0/3] ps9 is not in var_ranges, defaulting to unknown range.
W1004 06:35:29.278000 125731418416960 torch/fx/experimental/symbolic_shapes.py:4449] [0/4] ps2 is not in var_ranges, defaulting to unknown range.
W1004 06:35:29.278000 125731418416960 torch/fx/experimental/symbolic_shapes.py:4449] [0/4] ps0 is not in var_ranges, defaulting to unknown range.
W1004 06:35:29.779000 125731418416960 torch/fx/experimental/symbolic_shapes.py:4449] [0/4] ps4 is not in var_ranges, defaulting to unknown range.
W1004 06:35:29.779000 125731418416960 torch/fx/experimental/symbolic_shapes.py:4449] [0/4] ps6 is not in var_ranges, defaulting to unknown range.
W1004 06:35:30.440000 125731418416960 torch/fx/experimental/symbolic_shapes.py:4449] [0/4] ps8 is not in var_ranges, defaulting to unknown range.
W1004 06:35:30.441000 125731418416960 torch/fx/experimental/symbolic_shapes.py:4449] [0/4] ps10 is not in var_ranges, defaulting to unknown range.
W1004 06:35:43.176000 125731418416960 torch/fx/experimental/symbolic_shapes.py:4449] [0/4] ps1 is not in var_ranges, defaulting to unknown range.
W1004 06:35:47.667000 125731418416960 torch/fx/experimental/symbolic_shapes.py:4449] [0/4] ps4 is not in var_ranges, defaulting to unknown range.
W1004 06:35:47.687000 125731418416960 torch/fx/experimental/symbolic_shapes.py:4449] [0/4] ps4 is not in var_ranges, defaulting to unknown range.
W1004 06:35:47.687000 125731418416960 torch/fx/experimental/symbolic_shapes.py:4449] [0/4] ps6 is not in var_ranges, defaulting to unknown range.
W1004 06:36:14.448000 125731418416960 torch/fx/experimental/symbolic_shapes.py:4449] [0/5] ps2 is not in var_ranges, defaulting to unknown range.
W1004 06:36:14.448000 125731418416960 torch/fx/experimental/symbolic_shapes.py:4449] [0/5] ps0 is not in var_ranges, defaulting to unknown range.
W1004 06:36:15.219000 125731418416960 torch/fx/experimental/symbolic_shapes.py:4449] [0/5] ps4 is not in var_ranges, defaulting to unknown range.
W1004 06:36:15.219000 125731418416960 torch/fx/experimental/symbolic_shapes.py:4449] [0/5] ps6 is not in var_ranges, defaulting to unknown range.
W1004 06:36:15.844000 125731418416960 torch/fx/experimental/symbolic_shapes.py:4449] [0/5] ps8 is not in var_ranges, defaulting to unknown range.
W1004 06:36:15.844000 125731418416960 torch/fx/experimental/symbolic_shapes.py:4449] [0/5] ps10 is not in var_ranges, defaulting to unknown range.
W1004 06:36:16.639000 125731418416960 torch/fx/experimental/symbolic_shapes.py:4449] [0/5] ps12 is not in var_ranges, defaulting to unknown range.
W1004 06:36:16.658000 125731418416960 torch/fx/experimental/symbolic_shapes.py:4449] [0/5] ps12 is not in var_ranges, defaulting to unknown range.
W1004 06:36:16.658000 125731418416960 torch/fx/experimental/symbolic_shapes.py:4449] [0/5] ps14 is not in var_ranges, defaulting to unknown range.
W1004 06:36:16.674000 125731418416960 torch/fx/experimental/symbolic_shapes.py:4449] [0/5] ps12 is not in var_ranges, defaulting to unknown range.
W1004 06:36:16.687000 125731418416960 torch/fx/experimental/symbolic_shapes.py:4449] [0/5] ps12 is not in var_ranges, defaulting to unknown range.
W1004 06:36:16.687000 125731418416960 torch/fx/experimental/symbolic_shapes.py:4449] [0/5] ps14 is not in var_ranges, defaulting to unknown range.
W1004 06:36:16.703000 125731418416960 torch/fx/experimental/symbolic_shapes.py:4449] [0/5] ps12 is not in var_ranges, defaulting to unknown range.
W1004 06:36:16.703000 125731418416960 torch/fx/experimental/symbolic_shapes.py:4449] [0/5] ps14 is not in var_ranges, defaulting to unknown range.
W1004 06:36:37.276000 125731418416960 torch/fx/experimental/symbolic_shapes.py:4449] [0/5] ps0 is not in var_ranges, defaulting to unknown range.
W1004 06:36:37.295000 125731418416960 torch/fx/experimental/symbolic_shapes.py:4449] [0/5] ps2 is not in var_ranges, defaulting to unknown range.
W1004 06:36:37.295000 125731418416960 torch/fx/experimental/symbolic_shapes.py:4449] [0/5] ps0 is not in var_ranges, defaulting to unknown range.
W1004 06:36:42.492000 125731418416960 torch/fx/experimental/symbolic_shapes.py:4449] [0/5] ps5 is not in var_ranges, defaulting to unknown range.
W1004 06:36:42.506000 125731418416960 torch/fx/experimental/symbolic_shapes.py:4449] [0/5] ps7 is not in var_ranges, defaulting to unknown range.
W1004 06:36:42.506000 125731418416960 torch/fx/experimental/symbolic_shapes.py:4449] [0/5] ps5 is not in var_ranges, defaulting to unknown range.
W1004 06:36:46.396000 125731418416960 torch/fx/experimental/symbolic_shapes.py:4449] [0/5] ps10 is not in var_ranges, defaulting to unknown range.
W1004 06:36:46.407000 125731418416960 torch/fx/experimental/symbolic_shapes.py:4449] [0/5] ps12 is not in var_ranges, defaulting to unknown range.
W1004 06:36:46.407000 125731418416960 torch/fx/experimental/symbolic_shapes.py:4449] [0/5] ps10 is not in var_ranges, defaulting to unknown range.
W1004 06:36:49.486000 125731418416960 torch/fx/experimental/symbolic_shapes.py:4449] [0/5] ps15 is not in var_ranges, defaulting to unknown range.
W1004 06:36:49.486000 125731418416960 torch/fx/experimental/symbolic_shapes.py:4449] [0/5] ps17 is not in var_ranges, defaulting to unknown range.
W1004 06:36:49.509000 125731418416960 torch/fx/experimental/symbolic_shapes.py:4449] [0/5] ps15 is not in var_ranges, defaulting to unknown range.
W1004 06:37:06.986000 125731418416960 torch/fx/experimental/symbolic_shapes.py:4449] [0/6] ps2 is not in var_ranges, defaulting to unknown range.
W1004 06:37:06.986000 125731418416960 torch/fx/experimental/symbolic_shapes.py:4449] [0/6] ps0 is not in var_ranges, defaulting to unknown range.
W1004 06:37:07.724000 125731418416960 torch/fx/experimental/symbolic_shapes.py:4449] [0/6] ps4 is not in var_ranges, defaulting to unknown range.
W1004 06:37:07.724000 125731418416960 torch/fx/experimental/symbolic_shapes.py:4449] [0/6] ps6 is not in var_ranges, defaulting to unknown range.
W1004 06:37:08.345000 125731418416960 torch/fx/experimental/symbolic_shapes.py:4449] [0/6] ps8 is not in var_ranges, defaulting to unknown range.
W1004 06:37:08.345000 125731418416960 torch/fx/experimental/symbolic_shapes.py:4449] [0/6] ps10 is not in var_ranges, defaulting to unknown range.
W1004 06:37:09.117000 125731418416960 torch/fx/experimental/symbolic_shapes.py:4449] [0/6] ps12 is not in var_ranges, defaulting to unknown range.
W1004 06:37:09.137000 125731418416960 torch/fx/experimental/symbolic_shapes.py:4449] [0/6] ps12 is not in var_ranges, defaulting to unknown range.
W1004 06:37:09.137000 125731418416960 torch/fx/experimental/symbolic_shapes.py:4449] [0/6] ps14 is not in var_ranges, defaulting to unknown range.
W1004 06:37:09.152000 125731418416960 torch/fx/experimental/symbolic_shapes.py:4449] [0/6] ps12 is not in var_ranges, defaulting to unknown range.
W1004 06:37:09.166000 125731418416960 torch/fx/experimental/symbolic_shapes.py:4449] [0/6] ps12 is not in var_ranges, defaulting to unknown range.
W1004 06:37:09.166000 125731418416960 torch/fx/experimental/symbolic_shapes.py:4449] [0/6] ps14 is not in var_ranges, defaulting to unknown range.
W1004 06:37:09.182000 125731418416960 torch/fx/experimental/symbolic_shapes.py:4449] [0/6] ps12 is not in var_ranges, defaulting to unknown range.
W1004 06:37:09.182000 125731418416960 torch/fx/experimental/symbolic_shapes.py:4449] [0/6] ps14 is not in var_ranges, defaulting to unknown range.
W1004 06:37:25.994000 125731418416960 torch/fx/experimental/symbolic_shapes.py:4449] [0/6] ps0 is not in var_ranges, defaulting to unknown range.
W1004 06:37:26.013000 125731418416960 torch/fx/experimental/symbolic_shapes.py:4449] [0/6] ps2 is not in var_ranges, defaulting to unknown range.
W1004 06:37:26.013000 125731418416960 torch/fx/experimental/symbolic_shapes.py:4449] [0/6] ps0 is not in var_ranges, defaulting to unknown range.
W1004 06:37:30.662000 125731418416960 torch/fx/experimental/symbolic_shapes.py:4449] [0/6] ps5 is not in var_ranges, defaulting to unknown range.
W1004 06:37:30.676000 125731418416960 torch/fx/experimental/symbolic_shapes.py:4449] [0/6] ps7 is not in var_ranges, defaulting to unknown range.
W1004 06:37:30.677000 125731418416960 torch/fx/experimental/symbolic_shapes.py:4449] [0/6] ps5 is not in var_ranges, defaulting to unknown range.
W1004 06:37:34.354000 125731418416960 torch/fx/experimental/symbolic_shapes.py:4449] [0/6] ps10 is not in var_ranges, defaulting to unknown range.
W1004 06:37:34.366000 125731418416960 torch/fx/experimental/symbolic_shapes.py:4449] [0/6] ps12 is not in var_ranges, defaulting to unknown range.
W1004 06:37:34.366000 125731418416960 torch/fx/experimental/symbolic_shapes.py:4449] [0/6] ps10 is not in var_ranges, defaulting to unknown range.
build 275s
seed 3: cfg0 0.7548 4.581s  cfg1 0.7551 4.633s  cfg2 0.7527 4.587s
seed 4: cfg0 0.7525 4.491s  cfg1 0.7497 4.554s  cfg2 0.7534 4.610s
seed 5: cfg0 0.7498 4.507s  cfg1 0.7514 4.566s  cfg2 0.7569 4.620s
seed 6: cfg0 0.7551 4.524s  cfg1 0.7578 4.576s  cfg2 0.7587 4.629s
seed 7: cfg0 0.7530 4.533s  cfg1 0.7529 4.590s  cfg2 0.7513 4.640s
seed 8: cfg0 0.7579 4.729s  cfg1 0.7547 4.818s  cfg2 0.7566 4.858s
seed 9: cfg0 0.7514 4.727s  cfg1 0.7493 4.806s  cfg2 0.7509 4.866s
seed 10: cfg0 0.7534 4.536s  cfg1 0.7512 4.696s  cfg2 0.7543 4.637s
seed 11: cfg0 0.7558 4.528s  cfg1 0.7560 4.734s  cfg2 0.7556 4.698s
seed 12: cfg0 0.7554 4.530s  cfg1 0.7583 4.748s  cfg2 0.7527 4.629s
seed 13: cfg0 0.7532 4.531s  cfg1 0.7514 4.583s  cfg2 0.7549 4.624s
seed 14: cfg0 0.7568 4.526s  cfg1 0.7551 4.583s  cfg2 0.7538 4.634s
seed 15: cfg0 0.7512 4.525s  cfg1 0.7524 4.632s  cfg2 0.7548 4.633s
seed 16: cfg0 0.7530 4.526s  cfg1 0.7543 4.622s  cfg2 0.7584 4.790s
seed 17: cfg0 0.7542 4.690s  cfg1 0.7525 4.576s  cfg2 0.7521 4.783s
seed 18: cfg0 0.7547 4.693s  cfg1 0.7573 4.572s  cfg2 0.7558 4.619s
seed 19: cfg0 0.7547 4.523s  cfg1 0.7537 4.573s  cfg2 0.7542 4.625s
seed 20: cfg0 0.7540 4.524s  cfg1 0.7598 4.583s  cfg2 0.7541 4.616s
seed 21: cfg0 0.7516 4.517s  cfg1 0.7588 4.573s  cfg2 0.7535 4.624s
seed 22: cfg0 0.7541 4.518s  cfg1 0.7537 4.573s  cfg2 0.7577 4.624s
seed 23: cfg0 0.7570 4.527s  cfg1 0.7553 4.601s  cfg2 0.7553 4.626s
seed 24: cfg0 0.7515 4.525s  cfg1 0.7593 4.578s  cfg2 0.7564 4.623s
seed 25: cfg0 0.7576 4.520s  cfg1 0.7548 4.568s  cfg2 0.7549 4.612s
seed 26: cfg0 0.7541 4.506s  cfg1 0.7518 4.636s  cfg2 0.7543 4.658s
seed 27: cfg0 0.7550 4.520s  cfg1 0.7542 4.609s  cfg2 0.7558 4.658s
seed 28: cfg0 0.7506 4.525s  cfg1 0.7512 4.623s  cfg2 0.7530 4.653s
seed 29: cfg0 0.7536 4.569s  cfg1 0.7531 4.606s  cfg2 0.7527 4.619s
seed 30: cfg0 0.7494 4.557s  cfg1 0.7529 4.600s  cfg2 0.7555 4.622s
seed 31: cfg0 0.7544 4.536s  cfg1 0.7490 4.594s  cfg2 0.7557 4.623s
seed 32: cfg0 0.7539 4.526s  cfg1 0.7559 4.674s  cfg2 0.7592 4.748s
cfg0 {"res_schedule": [[1.5, 20], [3.5, 28]]}: mean acc 0.75379, mean time 4.552s
cfg1 {"res_schedule": [[1.5, 18], [3.5, 28]], "epochs": 6.875, "freeze_block1_after": 5.5}: mean acc 0.75410, mean time 4.623s
  paired vs cfg0: +0.031 pp (sd 0.306, SE 0.056); time +1.55%
cfg2 {"res_schedule": [[1.5, 18], [3.5, 28]], "epochs": 6.9375, "freeze_block1_after": 5.55}: mean acc 0.75484, mean time 4.660s
  paired vs cfg0: +0.105 pp (sd 0.284, SE 0.052); time +2.36%
