W1004 07:04:23.423000 128358162728768 torch/fx/experimental/symbolic_shapes.py:4449] [0/2] ps2 is not in var_ranges, defaulting to unknown range.
W1004 07:04:23.423000 128358162728768 torch/fx/experimental/symbolic_shapes.py:4449] [0/2] ps0 is not in var_ranges, defaulting to unknown range.
W1004 07:04:24.137000 128358162728768 torch/fx/experimental/symbolic_shapes.py:4449] [0/2] ps6 is not in var_ranges, defaulting to unknown range.
W1004 07:04:24.137000 128358162728768 torch/fx/experimental/symbolic_shapes.py:4449] [0/2] ps4 is not in var_ranges, defaulting to unknown range.
W1004 07:04:24.818000 128358162728768 torch/fx/experimental/symbolic_shapes.py:4449] [0/2] ps10 is not in var_ranges, defaulting to unknown range.
W1004 07:04:24.818000 128358162728768 torch/fx/experimental/symbolic_shapes.py:4449] [0/2] ps8 is not in var_ranges, defaulting to unknown range.
W1004 07:04:44.580000 128358162728768 torch/fx/experimental/symbolic_shapes.py:4449] [0/2] ps0 is not in var_ranges, defaulting to unknown range.
W1004 07:04:44.607000 128358162728768 torch/fx/experimental/symbolic_shapes.py:4449] [0/2] ps2 is not in var_ranges, defaulting to unknown range.
W1004 07:04:44.607000 128358162728768 torch/fx/experimental/symbolic_shapes.py:4449] [0/2] ps0 is not in var_ranges, defaulting to unknown range.
W1004 07:04:49.746000 128358162728768 torch/fx/experimental/symbolic_shapes.py:4449] [0/2] ps5 is not in var_ranges, defaulting to unknown range.
W1004 07:04:49.764000 128358162728768 torch/fx/experimental/symbolic_shapes.py:4449] [0/2] ps7 is not in var_ranges, defaulting to unknown range.
W1004 07:04:49.764000 128358162728768 torch/fx/experimental/symbolic_shapes.py:4449] [0/2] ps5 is not in var_ranges, defaulting to unknown range.
W1004 07:04:54.205000 128358162728768 torch/fx/experimental/symbolic_shapes.py:4449] [0/2] ps10 is not in var_ranges, defaulting to unknown range.
W1004 07:04:54.220000 128358162728768 torch/fx/experimental/symbolic_shapes.py:4449] [0/2] ps12 is not in var_ranges, defaulting to unknown range.
W1004 07:04:54.220000 128358162728768 torch/fx/experimental/symbolic_shapes.py:4449] [0/2] ps10 is not in var_ranges, defaulting to unknown range.
W1004 07:05:13.172000 128358162728768 torch/fx/experimental/symbolic_shapes.py:4449] [0/3] ps2 is not in var_ranges, defaulting to unknown range.
W1004 07:05:13.172000 128358162728768 torch/fx/experimental/symbolic_shapes.py:4449] [0/3] ps0 is not in var_ranges, defaulting to unknown range.
W1004 07:05:13.879000 128358162728768 torch/fx/experimental/symbolic_shapes.py:4449] [0/3] ps6 is not in var_ranges, defaulting to unknown range.
W1004 07:05:13.880000 128358162728768 torch/fx/experimental/symbolic_shapes.py:4449] [0/3] ps4 is not in var_ranges, defaulting to unknown range.
W1004 07:05:14.539000 128358162728768 torch/fx/experimental/symbolic_shapes.py:4449] [0/3] ps10 is not in var_ranges, defaulting to unknown range.
W1004 07:05:14.540000 128358162728768 torch/fx/experimental/symbolic_shapes.py:4449] [0/3] ps8 is not in var_ranges, defaulting to unknown range.
W1004 07:05:33.700000 128358162728768 torch/fx/experimental/symbolic_shapes.py:4449] [0/3] ps1 is not in var_ranges, defaulting to unknown range.
W1004 07:05:38.857000 128358162728768 torch/fx/experimental/symbolic_shapes.py:4449] [0/3] ps4 is not in var_ranges, defaulting to unknown range.
W1004 07:05:38.871000 128358162728768 torch/fx/experimental/symbolic_shapes.py:4449] [0/3] ps6 is not in var_ranges, defaulting to unknown range.
W1004 07:05:38.871000 128358162728768 torch/fx/experimental/symbolic_shapes.py:4449] [0/3] ps4 is not in var_ranges, defaulting to unknown range.
W1004 07:05:43.479000 128358162728768 torch/fx/experimental/symbolic_shapes.py:4449] [0/3] ps9 is not in var_ranges, defaulting to unknown range.
W1004 07:05:43.495000 128358162728768 torch/fx/experimental/symbolic_shapes.py:4449] [0/3] ps11 is not in var_ranges, defaulting to unknown range.
W1004 07:05:43.496000 128358162728768 torch/fx/experimental/symbolic_shapes.py:4449] [0/3] ps9 is not in var_ranges, defaulting to unknown range.
W1004 07:06:08.740000 128358162728768 torch/fx/experimental/symbolic_shapes.py:4449] [0/4] ps2 is not in var_ranges, defaulting to unknown range.
W1004 07:06:08.740000 128358162728768 torch/fx/experimental/symbolic_shapes.py:4449] [0/4] ps0 is not in var_ranges, defaulting to unknown range.
W1004 07:06:09.331000 128358162728768 torch/fx/experimental/symbolic_shapes.py:4449] [0/4] ps6 is not in var_ranges, defaulting to unknown range.
W1004 07:06:09.331000 128358162728768 torch/fx/experimental/symbolic_shapes.py:4449] [0/4] ps4 is not in var_ranges, defaulting to unknown range.
W1004 07:06:10.108000 128358162728768 torch/fx/experimental/symbolic_shapes.py:4449] [0/4] ps10 is not in var_ranges, defaulting to unknown range.
W1004 07:06:10.108000 128358162728768 torch/fx/experimental/symbolic_shapes.py:4449] [0/4] ps8 is not in var_ranges, defaulting to unknown range.
W1004 07:06:25.165000 128358162728768 torch/fx/experimental/symbolic_shapes.py:4449] [0/4] ps1 is not in var_ranges, defaulting to unknown range.
W1004 07:06:30.576000 128358162728768 torch/fx/experimental/symbolic_shapes.py:4449] [0/4] ps4 is not in var_ranges, defaulting to unknown range.
W1004 07:06:30.594000 128358162728768 torch/fx/experimental/symbolic_shapes.py:4449] [0/4] ps6 is not in var_ranges, defaulting to unknown range.
W1004 07:06:30.594000 128358162728768 torch/fx/experimental/symbolic_shapes.py:4449] [0/4] ps4 is not in var_ranges, defaulting to unknown range.
build 189s
seed 3: cfg0 0.7533 4.648s  cfg1 0.7515 17.673s  cfg2 0.7515 16.965s
seed 4: cfg0 0.7530 4.549s  cfg1 0.7524 4.563s  cfg2 0.7493 4.571s
seed 5: cfg0 0.7531 4.569s  cfg1 0.7515 4.571s  cfg2 0.7497 4.574s
seed 6: cfg0 0.7561 4.574s  cfg1 0.7513 4.579s  cfg2 0.7511 4.581s
seed 7: cfg0 0.7538 4.583s  cfg1 0.7518 4.588s  cfg2 0.7480 4.591s
seed 8: cfg0 0.7573 4.593s  cfg1 0.7585 4.600s  cfg2 0.7533 4.602s
seed 9: cfg0 0.7553 4.604s  cfg1 0.7485 4.599s  cfg2 0.7510 4.600s
seed 10: cfg0 0.7514 4.597s  cfg1 0.7511 4.599s  cfg2 0.7456 4.593s
seed 11: cfg0 0.7532 4.592s  cfg1 0.7525 4.591s  cfg2 0.7509 4.588s
seed 12: cfg0 0.7512 4.588s  cfg1 0.7560 4.587s  cfg2 0.7488 4.587s
seed 13: cfg0 0.7553 4.586s  cfg1 0.7530 4.580s  cfg2 0.7466 4.580s
seed 14: cfg0 0.7556 4.576s  cfg1 0.7534 4.576s  cfg2 0.7488 4.573s
seed 15: cfg0 0.7526 4.577s  cfg1 0.7501 4.576s  cfg2 0.7501 4.572s
seed 16: cfg0 0.7543 4.575s  cfg1 0.7551 4.576s  cfg2 0.7518 4.578s
seed 17: cfg0 0.7521 4.583s  cfg1 0.7455 4.577s  cfg2 0.7472 4.573s
seed 18: cfg0 0.7580 4.572s  cfg1 0.7559 4.571s  cfg2 0.7504 4.568s
seed 19: cfg0 0.7521 4.567s  cfg1 0.7497 4.568s  cfg2 0.7477 4.570s
seed 20: cfg0 0.7552 4.570s  cfg1 0.7516 4.575s  cfg2 0.7433 4.575s
seed 21: cfg0 0.7522 4.575s  cfg1 0.7507 4.578s  cfg2 0.7462 4.577s
seed 22: cfg0 0.7596 4.577s  cfg1 0.7553 4.581s  cfg2 0.7496 4.581s
cfg0 {}: mean acc 0.75423, mean time 4.583s
cfg1 {"muon_momentum": 0.7}: mean acc 0.75227, mean time 5.235s
  paired vs cfg0: -0.197 pp (sd 0.263, SE 0.059); time +14.24%
cfg2 {"muon_momentum": 0.9}: mean acc 0.74904, mean time 5.200s
  paired vs cfg0: -0.519 pp (sd 0.272, SE 0.061); time +13.47%
