W1004 07:13:22.320000 130907001378624 torch/fx/experimental/symbolic_shapes.py:4449] [0/2] ps0 is not in var_ranges, defaulting to unknown range.
W1004 07:13:22.321000 130907001378624 torch/fx/experimental/symbolic_shapes.py:4449] [0/2] ps2 is not in var_ranges, defaulting to unknown range.
W1004 07:13:23.034000 130907001378624 torch/fx/experimental/symbolic_shapes.py:4449] [0/2] ps4 is not in var_ranges, defaulting to unknown range.
W1004 07:13:23.034000 130907001378624 torch/fx/experimental/symbolic_shapes.py:4449] [0/2] ps6 is not in var_ranges, defaulting to unknown range.
W1004 07:13:23.708000 130907001378624 torch/fx/experimental/symbolic_shapes.py:4449] [0/2] ps10 is not in var_ranges, defaulting to unknown range.
W1004 07:13:23.708000 130907001378624 torch/fx/experimental/symbolic_shapes.py:4449] [0/2] ps8 is not in var_ranges, defaulting to unknown range.
W1004 07:13:43.913000 130907001378624 torch/fx/experimental/symbolic_shapes.py:4449] [0/2] ps0 is not in var_ranges, defaulting to unknown range.
W1004 07:13:43.940000 130907001378624 torch/fx/experimental/symbolic_shapes.py:4449] [0/2] ps0 is not in var_ranges, defaulting to unknown range.
W1004 07:13:43.940000 130907001378624 torch/fx/experimental/symbolic_shapes.py:4449] [0/2] ps2 is not in var_ranges, defaulting to unknown range.
W1004 07:13:49.049000 130907001378624 torch/fx/experimental/symbolic_shapes.py:4449] [0/2] ps5 is not in var_ranges, defaulting to unknown range.
W1004 07:13:49.067000 130907001378624 torch/fx/experimental/symbolic_shapes.py:4449] [0/2] ps7 is not in var_ranges, defaulting to unknown range.
W1004 07:13:49.068000 130907001378624 torch/fx/experimental/symbolic_shapes.py:4449] [0/2] ps5 is not in var_ranges, defaulting to unknown range.
W1004 07:13:53.548000 130907001378624 torch/fx/experimental/symbolic_shapes.py:4449] [0/2] ps10 is not in var_ranges, defaulting to unknown range.
W1004 07:13:53.564000 130907001378624 torch/fx/experimental/symbolic_shapes.py:4449] [0/2] ps10 is not in var_ranges, defaulting to unknown range.
W1004 07:13:53.564000 130907001378624 torch/fx/experimental/symbolic_shapes.py:4449] [0/2] ps12 is not in var_ranges, defaulting to unknown range.
W1004 07:14:12.261000 130907001378624 torch/fx/experimental/symbolic_shapes.py:4449] [0/3] ps0 is not in var_ranges, defaulting to unknown range.
W1004 07:14:12.261000 130907001378624 torch/fx/experimental/symbolic_shapes.py:4449] [0/3] ps2 is not in var_ranges, defaulting to unknown range.
W1004 07:14:12.959000 130907001378624 torch/fx/experimental/symbolic_shapes.py:4449] [0/3] ps4 is not in var_ranges, defaulting to unknown range.
W1004 07:14:12.959000 130907001378624 torch/fx/experimental/symbolic_shapes.py:4449] [0/3] ps6 is not in var_ranges, defaulting to unknown range.
W1004 07:14:13.614000 130907001378624 torch/fx/experimental/symbolic_shapes.py:4449] [0/3] ps10 is not in var_ranges, defaulting to unknown range.
W1004 07:14:13.614000 130907001378624 torch/fx/experimental/symbolic_shapes.py:4449] [0/3] ps8 is not in var_ranges, defaulting to unknown range.
W1004 07:14:30.455000 130907001378624 torch/fx/experimental/symbolic_shapes.py:4449] [0/3] ps1 is not in var_ranges, defaulting to unknown range.
W1004 07:14:35.424000 130907001378624 torch/fx/experimental/symbolic_shapes.py:4449] [0/3] ps4 is not in var_ranges, defaulting to unknown range.
W1004 07:14:35.443000 130907001378624 torch/fx/experimental/symbolic_shapes.py:4449] [0/3] ps6 is not in var_ranges, defaulting to unknown range.
W1004 07:14:35.443000 130907001378624 torch/fx/experimental/symbolic_shapes.py:4449] [0/3] ps4 is not in var_ranges, defaulting to unknown range.
W1004 07:14:39.969000 130907001378624 torch/fx/experimental/symbolic_shapes.py:4449] [0/3] ps9 is not in var_ranges, defaulting to unknown range.
W1004 07:14:39.983000 130907001378624 torch/fx/experimental/symbolic_shapes.py:4449] [0/3] ps9 is not in var_ranges, defaulting to unknown range.
W1004 07:14:39.983000 130907001378624 torch/fx/experimental/symbolic_shapes.py:4449] [0/3] ps11 is not in var_ranges, defaulting to unknown range.
W1004 07:15:02.755000 130907001378624 torch/fx/experimental/symbolic_shapes.py:4449] [0/4] ps0 is not in var_ranges, defaulting to unknown range.
W1004 07:15:02.755000 130907001378624 torch/fx/experimental/symbolic_shapes.py:4449] [0/4] ps2 is not in var_ranges, defaulting to unknown range.
W1004 07:15:03.310000 130907001378624 torch/fx/experimental/symbolic_shapes.py:4449] [0/4] ps4 is not in var_ranges, defaulting to unknown range.
W1004 07:15:03.311000 130907001378624 torch/fx/experimental/symbolic_shapes.py:4449] [0/4] ps6 is not in var_ranges, defaulting to unknown range.
W1004 07:15:04.042000 130907001378624 torch/fx/experimental/symbolic_shapes.py:4449] [0/4] ps10 is not in var_ranges, defaulting to unknown range.
W1004 07:15:04.042000 130907001378624 torch/fx/experimental/symbolic_shapes.py:4449] [0/4] ps8 is not in var_ranges, defaulting to unknown range.
W1004 07:15:17.369000 130907001378624 torch/fx/experimental/symbolic_shapes.py:4449] [0/4] ps1 is not in var_ranges, defaulting to unknown range.
W1004 07:15:22.804000 130907001378624 torch/fx/experimental/symbolic_shapes.py:4449] [0/4] ps4 is not in var_ranges, defaulting to unknown range.
W1004 07:15:22.831000 130907001378624 torch/fx/experimental/symbolic_shapes.py:4449] [0/4] ps6 is not in var_ranges, defaulting to unknown range.
W1004 07:15:22.831000 130907001378624 torch/fx/experimental/symbolic_shapes.py:4449] [0/4] ps4 is not in var_ranges, defaulting to unknown range.
build 192s
seed 3: cfg0 0.7558 4.650s  cfg1 0.7550 7.849s  cfg2 0.7573 4.575s  cfg3 0.7515 4.624s
seed 4: cfg0 0.7521 4.589s  cfg1 0.7529 4.606s  cfg2 0.7497 4.607s  cfg3 0.7558 4.604s
seed 5: cfg0 0.7517 4.603s  cfg1 0.7494 4.599s  cfg2 0.7516 4.606s  cfg3 0.7487 4.616s
seed 6: cfg0 0.7556 4.601s  cfg1 0.7461 4.603s  cfg2 0.7584 4.592s  cfg3 0.7549 4.588s
seed 7: cfg0 0.7531 4.582s  cfg1 0.7506 4.578s  cfg2 0.7559 4.576s  cfg3 0.7587 4.581s
seed 8: cfg0 0.7567 4.610s  cfg1 0.7594 4.743s  cfg2 0.7528 4.681s  cfg3 0.7537 4.625s
seed 9: cfg0 0.7495 4.594s  cfg1 0.7467 4.651s  cfg2 0.7522 4.601s  cfg3 0.7530 4.580s
seed 10: cfg0 0.7572 4.601s  cfg1 0.7541 4.590s  cfg2 0.7512 4.587s  cfg3 0.7504 4.603s
seed 11: cfg0 0.7559 4.588s  cfg1 0.7558 4.593s  cfg2 0.7528 4.603s  cfg3 0.7550 4.601s
seed 12: cfg0 0.7513 4.607s  cfg1 0.7504 4.592s  cfg2 0.7513 4.612s  cfg3 0.7572 4.622s
seed 13: cfg0 0.7529 4.606s  cfg1 0.7524 4.635s  cfg2 0.7572 4.587s  cfg3 0.7563 4.605s
seed 14: cfg0 0.7556 4.766s  cfg1 0.7512 4.715s  cfg2 0.7583 4.599s  cfg3 0.7561 4.750s
seed 15: cfg0 0.7564 4.595s  cfg1 0.7556 4.621s  cfg2 0.7523 4.838s  cfg3 0.7502 4.628s
seed 16: cfg0 0.7576 4.646s  cfg1 0.7550 4.633s  cfg2 0.7547 4.651s  cfg3 0.7558 4.642s
seed 17: cfg0 0.7501 4.627s  cfg1 0.7517 4.632s  cfg2 0.7523 4.628s  cfg3 0.7525 4.636s
seed 18: cfg0 0.7546 4.601s  cfg1 0.7558 4.616s  cfg2 0.7547 4.595s  cfg3 0.7588 4.654s
seed 19: cfg0 0.7523 4.656s  cfg1 0.7523 4.801s  cfg2 0.7534 4.596s  cfg3 0.7510 4.607s
seed 20: cfg0 0.7522 4.642s  cfg1 0.7497 4.681s  cfg2 0.7554 4.604s  cfg3 0.7548 4.606s
seed 21: cfg0 0.7528 4.605s  cfg1 0.7464 4.630s  cfg2 0.7535 4.600s  cfg3 0.7513 4.598s
seed 22: cfg0 0.7535 4.598s  cfg1 0.7535 4.670s  cfg2 0.7567 4.614s  cfg3 0.7472 4.604s
cfg0 {}: mean acc 0.75384, mean time 4.618s
cfg1 {"translate": 3}: mean acc 0.75220, mean time 4.802s
  paired vs cfg0: -0.165 pp (sd 0.284, SE 0.063); time +3.97%
cfg2 {"muon_block_mult": [0.8125, 1.0]}: mean acc 0.75409, mean time 4.617s
  paired vs cfg0: +0.024 pp (sd 0.298, SE 0.067); time -0.02%
cfg3 {"muon_block_mult": [1.0, 1.1875]}: mean acc 0.75365, mean time 4.619s
  paired vs cfg0: -0.020 pp (sd 0.399, SE 0.089); time +0.01%
