W1004 07:24:42.448000 139211182155584 torch/fx/experimental/symbolic_shapes.py:4449] [0/2] ps0 is not in var_ranges, defaulting to unknown range.
W1004 07:24:42.448000 139211182155584 torch/fx/experimental/symbolic_shapes.py:4449] [0/2] ps2 is not in var_ranges, defaulting to unknown range.
W1004 07:24:43.150000 139211182155584 torch/fx/experimental/symbolic_shapes.py:4449] [0/2] ps4 is not in var_ranges, defaulting to unknown range.
W1004 07:24:43.150000 139211182155584 torch/fx/experimental/symbolic_shapes.py:4449] [0/2] ps6 is not in var_ranges, defaulting to unknown range.
W1004 07:24:43.822000 139211182155584 torch/fx/experimental/symbolic_shapes.py:4449] [0/2] ps8 is not in var_ranges, defaulting to unknown range.
W1004 07:24:43.822000 139211182155584 torch/fx/experimental/symbolic_shapes.py:4449] [0/2] ps10 is not in var_ranges, defaulting to unknown range.
W1004 07:25:03.419000 139211182155584 torch/fx/experimental/symbolic_shapes.py:4449] [0/2] ps0 is not in var_ranges, defaulting to unknown range.
W1004 07:25:03.445000 139211182155584 torch/fx/experimental/symbolic_shapes.py:4449] [0/2] ps2 is not in var_ranges, defaulting to unknown range.
W1004 07:25:03.445000 139211182155584 torch/fx/experimental/symbolic_shapes.py:4449] [0/2] ps0 is not in var_ranges, defaulting to unknown range.
W1004 07:25:08.555000 139211182155584 torch/fx/experimental/symbolic_shapes.py:4449] [0/2] ps5 is not in var_ranges, defaulting to unknown range.
W1004 07:25:08.574000 139211182155584 torch/fx/experimental/symbolic_shapes.py:4449] [0/2] ps5 is not in var_ranges, defaulting to unknown range.
W1004 07:25:08.574000 139211182155584 torch/fx/experimental/symbolic_shapes.py:4449] [0/2] ps7 is not in var_ranges, defaulting to unknown range.
W1004 07:25:13.005000 139211182155584 torch/fx/experimental/symbolic_shapes.py:4449] [0/2] ps10 is not in var_ranges, defaulting to unknown range.
W1004 07:25:13.016000 139211182155584 torch/fx/experimental/symbolic_shapes.py:4449] [0/2] ps12 is not in var_ranges, defaulting to unknown range.
W1004 07:25:13.016000 139211182155584 torch/fx/experimental/symbolic_shapes.py:4449] [0/2] ps10 is not in var_ranges, defaulting to unknown range.
W1004 07:25:31.670000 139211182155584 torch/fx/experimental/symbolic_shapes.py:4449] [0/3] ps0 is not in var_ranges, defaulting to unknown range.
W1004 07:25:31.670000 139211182155584 torch/fx/experimental/symbolic_shapes.py:4449] [0/3] ps2 is not in var_ranges, defaulting to unknown range.
W1004 07:25:32.373000 139211182155584 torch/fx/experimental/symbolic_shapes.py:4449] [0/3] ps4 is not in var_ranges, defaulting to unknown range.
W1004 07:25:32.373000 139211182155584 torch/fx/experimental/symbolic_shapes.py:4449] [0/3] ps6 is not in var_ranges, defaulting to unknown range.
W1004 07:25:33.031000 139211182155584 torch/fx/experimental/symbolic_shapes.py:4449] [0/3] ps8 is not in var_ranges, defaulting to unknown range.
W1004 07:25:33.031000 139211182155584 torch/fx/experimental/symbolic_shapes.py:4449] [0/3] ps10 is not in var_ranges, defaulting to unknown range.
W1004 07:25:49.608000 139211182155584 torch/fx/experimental/symbolic_shapes.py:4449] [0/3] ps1 is not in var_ranges, defaulting to unknown range.
W1004 07:25:54.620000 139211182155584 torch/fx/experimental/symbolic_shapes.py:4449] [0/3] ps4 is not in var_ranges, defaulting to unknown range.
W1004 07:25:54.638000 139211182155584 torch/fx/experimental/symbolic_shapes.py:4449] [0/3] ps4 is not in var_ranges, defaulting to unknown range.
W1004 07:25:54.638000 139211182155584 torch/fx/experimental/symbolic_shapes.py:4449] [0/3] ps6 is not in var_ranges, defaulting to unknown range.
W1004 07:25:58.659000 139211182155584 torch/fx/experimental/symbolic_shapes.py:4449] [0/3] ps9 is not in var_ranges, defaulting to unknown range.
W1004 07:25:58.674000 139211182155584 torch/fx/experimental/symbolic_shapes.py:4449] [0/3] ps9 is not in var_ranges, defaulting to unknown range.
W1004 07:25:58.674000 139211182155584 torch/fx/experimental/symbolic_shapes.py:4449] [0/3] ps11 is not in var_ranges, defaulting to unknown range.
W1004 07:26:18.879000 139211182155584 torch/fx/experimental/symbolic_shapes.py:4449] [0/4] ps0 is not in var_ranges, defaulting to unknown range.
W1004 07:26:18.879000 139211182155584 torch/fx/experimental/symbolic_shapes.py:4449] [0/4] ps2 is not in var_ranges, defaulting to unknown range.
W1004 07:26:19.971000 139211182155584 torch/fx/experimental/symbolic_shapes.py:4449] [0/4] ps4 is not in var_ranges, defaulting to unknown range.
W1004 07:26:19.972000 139211182155584 torch/fx/experimental/symbolic_shapes.py:4449] [0/4] ps6 is not in var_ranges, defaulting to unknown range.
W1004 07:26:20.628000 139211182155584 torch/fx/experimental/symbolic_shapes.py:4449] [0/4] ps8 is not in var_ranges, defaulting to unknown range.
W1004 07:26:20.628000 139211182155584 torch/fx/experimental/symbolic_shapes.py:4449] [0/4] ps10 is not in var_ranges, defaulting to unknown range.
W1004 07:26:33.191000 139211182155584 torch/fx/experimental/symbolic_shapes.py:4449] [0/4] ps1 is not in var_ranges, defaulting to unknown range.
W1004 07:26:37.693000 139211182155584 torch/fx/experimental/symbolic_shapes.py:4449] [0/4] ps4 is not in var_ranges, defaulting to unknown range.
W1004 07:26:37.712000 139211182155584 torch/fx/experimental/symbolic_shapes.py:4449] [0/4] ps4 is not in var_ranges, defaulting to unknown range.
W1004 07:26:37.713000 139211182155584 torch/fx/experimental/symbolic_shapes.py:4449] [0/4] ps6 is not in var_ranges, defaulting to unknown range.
build 192s
seed 3: cfg0 0.7549 4.615s  cfg1 0.7526 4.625s
seed 4: cfg0 0.7526 4.619s  cfg1 0.7546 4.608s
seed 5: cfg0 0.7564 4.581s  cfg1 0.7529 4.573s
seed 6: cfg0 0.7543 4.594s  cfg1 0.7550 4.606s
seed 7: cfg0 0.7552 4.604s  cfg1 0.7494 4.575s
seed 8: cfg0 0.7564 4.642s  cfg1 0.7583 4.667s
seed 9: cfg0 0.7526 4.585s  cfg1 0.7525 4.566s
seed 10: cfg0 0.7529 4.583s  cfg1 0.7479 4.557s
seed 11: cfg0 0.7582 4.581s  cfg1 0.7525 4.559s
seed 12: cfg0 0.7536 4.579s  cfg1 0.7520 4.566s
seed 13: cfg0 0.7484 4.588s  cfg1 0.7544 4.560s
seed 14: cfg0 0.7570 4.589s  cfg1 0.7569 4.572s
seed 15: cfg0 0.7544 4.590s  cfg1 0.7583 4.570s
seed 16: cfg0 0.7536 4.592s  cfg1 0.7553 4.611s
seed 17: cfg0 0.7497 4.644s  cfg1 0.7505 4.586s
seed 18: cfg0 0.7572 4.590s  cfg1 0.7534 4.577s
seed 19: cfg0 0.7559 4.601s  cfg1 0.7519 4.578s
seed 20: cfg0 0.7540 4.687s  cfg1 0.7575 4.586s
seed 21: cfg0 0.7522 4.694s  cfg1 0.7543 4.640s
seed 22: cfg0 0.7571 4.610s  cfg1 0.7546 4.670s
cfg0 {}: mean acc 0.75433, mean time 4.608s
cfg1 {"proj_thin": true}: mean acc 0.75374, mean time 4.593s
  paired vs cfg0: -0.059 pp (sd 0.341, SE 0.076); time -0.34%
