W1004 07:31:37.663000 130939308611392 torch/fx/experimental/symbolic_shapes.py:4449] [0/2] ps2 is not in var_ranges, defaulting to unknown range.
W1004 07:31:37.663000 130939308611392 torch/fx/experimental/symbolic_shapes.py:4449] [0/2] ps0 is not in var_ranges, defaulting to unknown range.
W1004 07:31:38.367000 130939308611392 torch/fx/experimental/symbolic_shapes.py:4449] [0/2] ps4 is not in var_ranges, defaulting to unknown range.
W1004 07:31:38.367000 130939308611392 torch/fx/experimental/symbolic_shapes.py:4449] [0/2] ps6 is not in var_ranges, defaulting to unknown range.
W1004 07:31:39.048000 130939308611392 torch/fx/experimental/symbolic_shapes.py:4449] [0/2] ps8 is not in var_ranges, defaulting to unknown range.
W1004 07:31:39.049000 130939308611392 torch/fx/experimental/symbolic_shapes.py:4449] [0/2] ps10 is not in var_ranges, defaulting to unknown range.
W1004 07:31:58.698000 130939308611392 torch/fx/experimental/symbolic_shapes.py:4449] [0/2] ps0 is not in var_ranges, defaulting to unknown range.
W1004 07:31:58.718000 130939308611392 torch/fx/experimental/symbolic_shapes.py:4449] [0/2] ps2 is not in var_ranges, defaulting to unknown range.
W1004 07:31:58.718000 130939308611392 torch/fx/experimental/symbolic_shapes.py:4449] [0/2] ps0 is not in var_ranges, defaulting to unknown range.
W1004 07:32:03.862000 130939308611392 torch/fx/experimental/symbolic_shapes.py:4449] [0/2] ps5 is not in var_ranges, defaulting to unknown range.
W1004 07:32:03.882000 130939308611392 torch/fx/experimental/symbolic_shapes.py:4449] [0/2] ps7 is not in var_ranges, defaulting to unknown range.
W1004 07:32:03.882000 130939308611392 torch/fx/experimental/symbolic_shapes.py:4449] [0/2] ps5 is not in var_ranges, defaulting to unknown range.
W1004 07:32:08.570000 130939308611392 torch/fx/experimental/symbolic_shapes.py:4449] [0/2] ps10 is not in var_ranges, defaulting to unknown range.
W1004 07:32:08.587000 130939308611392 torch/fx/experimental/symbolic_shapes.py:4449] [0/2] ps10 is not in var_ranges, defaulting to unknown range.
W1004 07:32:08.587000 130939308611392 torch/fx/experimental/symbolic_shapes.py:4449] [0/2] ps12 is not in var_ranges, defaulting to unknown range.
W1004 07:32:28.317000 130939308611392 torch/fx/experimental/symbolic_shapes.py:4449] [0/3] ps2 is not in var_ranges, defaulting to unknown range.
W1004 07:32:28.317000 130939308611392 torch/fx/experimental/symbolic_shapes.py:4449] [0/3] ps0 is not in var_ranges, defaulting to unknown range.
W1004 07:32:29.017000 130939308611392 torch/fx/experimental/symbolic_shapes.py:4449] [0/3] ps4 is not in var_ranges, defaulting to unknown range.
W1004 07:32:29.017000 130939308611392 torch/fx/experimental/symbolic_shapes.py:4449] [0/3] ps6 is not in var_ranges, defaulting to unknown range.
W1004 07:32:29.672000 130939308611392 torch/fx/experimental/symbolic_shapes.py:4449] [0/3] ps8 is not in var_ranges, defaulting to unknown range.
W1004 07:32:29.672000 130939308611392 torch/fx/experimental/symbolic_shapes.py:4449] [0/3] ps10 is not in var_ranges, defaulting to unknown range.
W1004 07:32:46.747000 130939308611392 torch/fx/experimental/symbolic_shapes.py:4449] [0/3] ps1 is not in var_ranges, defaulting to unknown range.
W1004 07:32:51.713000 130939308611392 torch/fx/experimental/symbolic_shapes.py:4449] [0/3] ps4 is not in var_ranges, defaulting to unknown range.
W1004 07:32:51.731000 130939308611392 torch/fx/experimental/symbolic_shapes.py:4449] [0/3] ps4 is not in var_ranges, defaulting to unknown range.
W1004 07:32:51.731000 130939308611392 torch/fx/experimental/symbolic_shapes.py:4449] [0/3] ps6 is not in var_ranges, defaulting to unknown range.
W1004 07:32:55.771000 130939308611392 torch/fx/experimental/symbolic_shapes.py:4449] [0/3] ps9 is not in var_ranges, defaulting to unknown range.
W1004 07:32:55.786000 130939308611392 torch/fx/experimental/symbolic_shapes.py:4449] [0/3] ps11 is not in var_ranges, defaulting to unknown range.
W1004 07:32:55.787000 130939308611392 torch/fx/experimental/symbolic_shapes.py:4449] [0/3] ps9 is not in var_ranges, defaulting to unknown range.
W1004 07:33:16.724000 130939308611392 torch/fx/experimental/symbolic_shapes.py:4449] [0/4] ps2 is not in var_ranges, defaulting to unknown range.
W1004 07:33:16.724000 130939308611392 torch/fx/experimental/symbolic_shapes.py:4449] [0/4] ps0 is not in var_ranges, defaulting to unknown range.
W1004 07:33:17.243000 130939308611392 torch/fx/experimental/symbolic_shapes.py:4449] [0/4] ps4 is not in var_ranges, defaulting to unknown range.
W1004 07:33:17.243000 130939308611392 torch/fx/experimental/symbolic_shapes.py:4449] [0/4] ps6 is not in var_ranges, defaulting to unknown range.
W1004 07:33:17.895000 130939308611392 torch/fx/experimental/symbolic_shapes.py:4449] [0/4] ps8 is not in var_ranges, defaulting to unknown range.
W1004 07:33:17.896000 130939308611392 torch/fx/experimental/symbolic_shapes.py:4449] [0/4] ps10 is not in var_ranges, defaulting to unknown range.
W1004 07:33:30.476000 130939308611392 torch/fx/experimental/symbolic_shapes.py:4449] [0/4] ps1 is not in var_ranges, defaulting to unknown range.
W1004 07:33:34.978000 130939308611392 torch/fx/experimental/symbolic_shapes.py:4449] [0/4] ps4 is not in var_ranges, defaulting to unknown range.
W1004 07:33:34.998000 130939308611392 torch/fx/experimental/symbolic_shapes.py:4449] [0/4] ps4 is not in var_ranges, defaulting to unknown range.
W1004 07:33:34.998000 130939308611392 torch/fx/experimental/symbolic_shapes.py:4449] [0/4] ps6 is not in var_ranges, defaulting to unknown range.
W1004 07:34:03.590000 130939308611392 torch/fx/experimental/symbolic_shapes.py:4449] [0/5] ps2 is not in var_ranges, defaulting to unknown range.
W1004 07:34:03.590000 130939308611392 torch/fx/experimental/symbolic_shapes.py:4449] [0/5] ps0 is not in var_ranges, defaulting to unknown range.
W1004 07:34:04.343000 130939308611392 torch/fx/experimental/symbolic_shapes.py:4449] [0/5] ps4 is not in var_ranges, defaulting to unknown range.
W1004 07:34:04.343000 130939308611392 torch/fx/experimental/symbolic_shapes.py:4449] [0/5] ps6 is not in var_ranges, defaulting to unknown range.
W1004 07:34:05.078000 130939308611392 torch/fx/experimental/symbolic_shapes.py:4449] [0/5] ps8 is not in var_ranges, defaulting to unknown range.
W1004 07:34:05.078000 130939308611392 torch/fx/experimental/symbolic_shapes.py:4449] [0/5] ps10 is not in var_ranges, defaulting to unknown range.
W1004 07:34:25.672000 130939308611392 torch/fx/experimental/symbolic_shapes.py:4449] [0/5] ps0 is not in var_ranges, defaulting to unknown range.
W1004 07:34:25.691000 130939308611392 torch/fx/experimental/symbolic_shapes.py:4449] [0/5] ps2 is not in var_ranges, defaulting to unknown range.
W1004 07:34:25.691000 130939308611392 torch/fx/experimental/symbolic_shapes.py:4449] [0/5] ps0 is not in var_ranges, defaulting to unknown range.
W1004 07:34:31.501000 130939308611392 torch/fx/experimental/symbolic_shapes.py:4449] [0/5] ps5 is not in var_ranges, defaulting to unknown range.
W1004 07:34:31.524000 130939308611392 torch/fx/experimental/symbolic_shapes.py:4449] [0/5] ps7 is not in var_ranges, defaulting to unknown range.
W1004 07:34:31.524000 130939308611392 torch/fx/experimental/symbolic_shapes.py:4449] [0/5] ps5 is not in var_ranges, defaulting to unknown range.
W1004 07:34:35.488000 130939308611392 torch/fx/experimental/symbolic_shapes.py:4449] [0/5] ps10 is not in var_ranges, defaulting to unknown range.
W1004 07:34:35.505000 130939308611392 torch/fx/experimental/symbolic_shapes.py:4449] [0/5] ps10 is not in var_ranges, defaulting to unknown range.
W1004 07:34:35.505000 130939308611392 torch/fx/experimental/symbolic_shapes.py:4449] [0/5] ps12 is not in var_ranges, defaulting to unknown range.
W1004 07:34:38.590000 130939308611392 torch/fx/experimental/symbolic_shapes.py:4449] [0/5] ps17 is not in var_ranges, defaulting to unknown range.
W1004 07:34:38.591000 130939308611392 torch/fx/experimental/symbolic_shapes.py:4449] [0/5] ps15 is not in var_ranges, defaulting to unknown range.
W1004 07:34:38.616000 130939308611392 torch/fx/experimental/symbolic_shapes.py:4449] [0/5] ps15 is not in var_ranges, defaulting to unknown range.
W1004 07:34:57.497000 130939308611392 torch/fx/experimental/symbolic_shapes.py:4449] [0/6] ps2 is not in var_ranges, defaulting to unknown range.
W1004 07:34:57.497000 130939308611392 torch/fx/experimental/symbolic_shapes.py:4449] [0/6] ps0 is not in var_ranges, defaulting to unknown range.
W1004 07:34:58.254000 130939308611392 torch/fx/experimental/symbolic_shapes.py:4449] [0/6] ps4 is not in var_ranges, defaulting to unknown range.
W1004 07:34:58.254000 130939308611392 torch/fx/experimental/symbolic_shapes.py:4449] [0/6] ps6 is not in var_ranges, defaulting to unknown range.
W1004 07:34:58.965000 130939308611392 torch/fx/experimental/symbolic_shapes.py:4449] [0/6] ps8 is not in var_ranges, defaulting to unknown range.
W1004 07:34:58.965000 130939308611392 torch/fx/experimental/symbolic_shapes.py:4449] [0/6] ps10 is not in var_ranges, defaulting to unknown range.
W1004 07:35:17.721000 130939308611392 torch/fx/experimental/symbolic_shapes.py:4449] [0/6] ps0 is not in var_ranges, defaulting to unknown range.
W1004 07:35:17.740000 130939308611392 torch/fx/experimental/symbolic_shapes.py:4449] [0/6] ps2 is not in var_ranges, defaulting to unknown range.
W1004 07:35:17.740000 130939308611392 torch/fx/experimental/symbolic_shapes.py:4449] [0/6] ps0 is not in var_ranges, defaulting to unknown range.
W1004 07:35:22.528000 130939308611392 torch/fx/experimental/symbolic_shapes.py:4449] [0/6] ps5 is not in var_ranges, defaulting to unknown range.
W1004 07:35:22.552000 130939308611392 torch/fx/experimental/symbolic_shapes.py:4449] [0/6] ps7 is not in var_ranges, defaulting to unknown range.
W1004 07:35:22.552000 130939308611392 torch/fx/experimental/symbolic_shapes.py:4449] [0/6] ps5 is not in var_ranges, defaulting to unknown range.
W1004 07:35:26.923000 130939308611392 torch/fx/experimental/symbolic_shapes.py:4449] [0/6] ps10 is not in var_ranges, defaulting to unknown range.
W1004 07:35:26.944000 130939308611392 torch/fx/experimental/symbolic_shapes.py:4449] [0/6] ps10 is not in var_ranges, defaulting to unknown range.
W1004 07:35:26.944000 130939308611392 torch/fx/experimental/symbolic_shapes.py:4449] [0/6] ps12 is not in var_ranges, defaulting to unknown range.
build 285s
seed 3: cfg0 0.7553 4.665s  cfg1 0.7572 4.588s  cfg2 0.7514 4.479s  cfg3 0.7505 4.481s
seed 4: cfg0 0.7539 4.584s  cfg1 0.7537 4.562s  cfg2 0.7483 4.505s  cfg3 0.7487 4.449s
seed 5: cfg0 0.7544 4.607s  cfg1 0.7525 4.534s  cfg2 0.7481 4.529s  cfg3 0.7473 4.457s
seed 6: cfg0 0.7605 4.733s  cfg1 0.7584 4.519s  cfg2 0.7531 4.519s  cfg3 0.7539 4.444s
seed 7: cfg0 0.7562 4.670s  cfg1 0.7537 4.579s  cfg2 0.7516 4.504s  cfg3 0.7514 4.471s
seed 8: cfg0 0.7549 4.722s  cfg1 0.7548 4.534s  cfg2 0.7523 4.516s  cfg3 0.7535 4.464s
seed 9: cfg0 0.7537 4.607s  cfg1 0.7506 4.542s  cfg2 0.7502 4.514s  cfg3 0.7510 4.441s
seed 10: cfg0 0.7511 4.612s  cfg1 0.7499 4.542s  cfg2 0.7518 4.515s  cfg3 0.7493 4.449s
seed 11: cfg0 0.7516 4.613s  cfg1 0.7515 4.531s  cfg2 0.7526 4.507s  cfg3 0.7522 4.464s
seed 12: cfg0 0.7520 4.603s  cfg1 0.7505 4.528s  cfg2 0.7497 4.514s  cfg3 0.7491 4.443s
seed 13: cfg0 0.7568 4.591s  cfg1 0.7579 4.529s  cfg2 0.7546 4.638s  cfg3 0.7513 4.593s
seed 14: cfg0 0.7502 4.766s  cfg1 0.7521 4.540s  cfg2 0.7523 4.576s  cfg3 0.7537 4.495s
seed 15: cfg0 0.7540 4.647s  cfg1 0.7526 4.602s  cfg2 0.7551 4.575s  cfg3 0.7551 4.483s
seed 16: cfg0 0.7514 4.653s  cfg1 0.7522 4.595s  cfg2 0.7488 4.561s  cfg3 0.7488 4.447s
seed 17: cfg0 0.7537 4.611s  cfg1 0.7517 4.559s  cfg2 0.7509 4.529s  cfg3 0.7497 4.613s
seed 18: cfg0 0.7532 4.665s  cfg1 0.7528 4.563s  cfg2 0.7526 4.674s  cfg3 0.7550 4.591s
seed 19: cfg0 0.7536 4.625s  cfg1 0.7502 4.567s  cfg2 0.7530 4.527s  cfg3 0.7500 4.474s
seed 20: cfg0 0.7545 4.622s  cfg1 0.7498 4.556s  cfg2 0.7518 4.530s  cfg3 0.7499 4.460s
seed 21: cfg0 0.7513 4.609s  cfg1 0.7517 4.544s  cfg2 0.7457 4.519s  cfg3 0.7465 4.453s
seed 22: cfg0 0.7534 4.597s  cfg1 0.7547 4.537s  cfg2 0.7496 4.555s  cfg3 0.7507 4.442s
seed 23: cfg0 0.7547 4.613s  cfg1 0.7559 4.545s  cfg2 0.7548 4.512s  cfg3 0.7532 4.451s
seed 24: cfg0 0.7506 4.589s  cfg1 0.7487 4.533s  cfg2 0.7514 4.514s  cfg3 0.7523 4.445s
seed 25: cfg0 0.7557 4.591s  cfg1 0.7540 4.527s  cfg2 0.7536 4.504s  cfg3 0.7512 4.442s
seed 26: cfg0 0.7521 4.597s  cfg1 0.7529 4.547s  cfg2 0.7567 4.509s  cfg3 0.7593 4.450s
seed 27: cfg0 0.7537 4.593s  cfg1 0.7522 4.537s  cfg2 0.7518 4.526s  cfg3 0.7492 4.478s
seed 28: cfg0 0.7517 4.674s  cfg1 0.7508 4.714s  cfg2 0.7529 4.523s  cfg3 0.7504 4.586s
seed 29: cfg0 0.7512 4.757s  cfg1 0.7530 4.560s  cfg2 0.7505 4.693s  cfg3 0.7492 4.491s
seed 30: cfg0 0.7595 4.656s  cfg1 0.7564 4.585s  cfg2 0.7525 4.572s  cfg3 0.7519 4.491s
seed 31: cfg0 0.7495 4.635s  cfg1 0.7529 4.588s  cfg2 0.7543 4.579s  cfg3 0.7539 4.514s
seed 32: cfg0 0.7537 4.689s  cfg1 0.7505 4.527s  cfg2 0.7483 4.514s  cfg3 0.7490 4.437s
seed 33: cfg0 0.7527 4.579s  cfg1 0.7526 4.542s  cfg2 0.7585 4.518s  cfg3 0.7566 4.436s
seed 34: cfg0 0.7502 4.606s  cfg1 0.7498 4.514s  cfg2 0.7510 4.495s  cfg3 0.7530 4.436s
seed 35: cfg0 0.7546 4.587s  cfg1 0.7525 4.531s  cfg2 0.7506 4.530s  cfg3 0.7510 4.467s
seed 36: cfg0 0.7521 4.596s  cfg1 0.7510 4.536s  cfg2 0.7547 4.505s  cfg3 0.7535 4.445s
seed 37: cfg0 0.7517 4.598s  cfg1 0.7488 4.541s  cfg2 0.7553 4.507s  cfg3 0.7511 4.451s
seed 38: cfg0 0.7542 4.618s  cfg1 0.7557 4.549s  cfg2 0.7558 4.583s  cfg3 0.7565 4.459s
seed 39: cfg0 0.7527 4.647s  cfg1 0.7524 4.623s  cfg2 0.7511 4.543s  cfg3 0.7504 4.523s
seed 40: cfg0 0.7509 4.604s  cfg1 0.7516 4.549s  cfg2 0.7502 4.525s  cfg3 0.7501 4.469s
seed 41: cfg0 0.7566 4.643s  cfg1 0.7562 4.598s  cfg2 0.7527 4.515s  cfg3 0.7514 4.452s
seed 42: cfg0 0.7524 4.767s  cfg1 0.7534 4.595s  cfg2 0.7533 4.522s  cfg3 0.7508 4.531s
cfg0 {}: mean acc 0.75340, mean time 4.636s
cfg1 {"freeze_block1_after": 5.15625}: mean acc 0.75274, mean time 4.557s
  paired vs cfg0: -0.066 pp (sd 0.179, SE 0.028); time -1.70%
cfg2 {"res_schedule": [[1.5, 18], [3.5, 25]]}: mean acc 0.75209, mean time 4.537s
  paired vs cfg0: -0.132 pp (sd 0.329, SE 0.052); time -2.14%
cfg3 {"freeze_block1_after": 5.15625, "res_schedule": [[1.5, 18], [3.5, 25]]}: mean acc 0.75154, mean time 4.477s
  paired vs cfg0: -0.187 pp (sd 0.345, SE 0.055); time -3.44%
