W1004 08:08:20.488000 127135250921280 torch/fx/experimental/symbolic_shapes.py:4449] [0/2] ps2 is not in var_ranges, defaulting to unknown range.
W1004 08:08:20.488000 127135250921280 torch/fx/experimental/symbolic_shapes.py:4449] [0/2] ps0 is not in var_ranges, defaulting to unknown range.
W1004 08:08:21.190000 127135250921280 torch/fx/experimental/symbolic_shapes.py:4449] [0/2] ps4 is not in var_ranges, defaulting to unknown range.
W1004 08:08:21.190000 127135250921280 torch/fx/experimental/symbolic_shapes.py:4449] [0/2] ps6 is not in var_ranges, defaulting to unknown range.
W1004 08:08:21.864000 127135250921280 torch/fx/experimental/symbolic_shapes.py:4449] [0/2] ps10 is not in var_ranges, defaulting to unknown range.
W1004 08:08:21.864000 127135250921280 torch/fx/experimental/symbolic_shapes.py:4449] [0/2] ps8 is not in var_ranges, defaulting to unknown range.
W1004 08:08:42.331000 127135250921280 torch/fx/experimental/symbolic_shapes.py:4449] [0/2] ps0 is not in var_ranges, defaulting to unknown range.
W1004 08:08:42.349000 127135250921280 torch/fx/experimental/symbolic_shapes.py:4449] [0/2] ps2 is not in var_ranges, defaulting to unknown range.
W1004 08:08:42.349000 127135250921280 torch/fx/experimental/symbolic_shapes.py:4449] [0/2] ps0 is not in var_ranges, defaulting to unknown range.
W1004 08:08:47.489000 127135250921280 torch/fx/experimental/symbolic_shapes.py:4449] [0/2] ps5 is not in var_ranges, defaulting to unknown range.
W1004 08:08:47.503000 127135250921280 torch/fx/experimental/symbolic_shapes.py:4449] [0/2] ps7 is not in var_ranges, defaulting to unknown range.
W1004 08:08:47.504000 127135250921280 torch/fx/experimental/symbolic_shapes.py:4449] [0/2] ps5 is not in var_ranges, defaulting to unknown range.
W1004 08:08:51.974000 127135250921280 torch/fx/experimental/symbolic_shapes.py:4449] [0/2] ps10 is not in var_ranges, defaulting to unknown range.
W1004 08:08:51.990000 127135250921280 torch/fx/experimental/symbolic_shapes.py:4449] [0/2] ps10 is not in var_ranges, defaulting to unknown range.
W1004 08:08:51.990000 127135250921280 torch/fx/experimental/symbolic_shapes.py:4449] [0/2] ps12 is not in var_ranges, defaulting to unknown range.
W1004 08:09:10.787000 127135250921280 torch/fx/experimental/symbolic_shapes.py:4449] [0/3] ps2 is not in var_ranges, defaulting to unknown range.
W1004 08:09:10.788000 127135250921280 torch/fx/experimental/symbolic_shapes.py:4449] [0/3] ps0 is not in var_ranges, defaulting to unknown range.
W1004 08:09:11.490000 127135250921280 torch/fx/experimental/symbolic_shapes.py:4449] [0/3] ps4 is not in var_ranges, defaulting to unknown range.
W1004 08:09:11.490000 127135250921280 torch/fx/experimental/symbolic_shapes.py:4449] [0/3] ps6 is not in var_ranges, defaulting to unknown range.
W1004 08:09:12.153000 127135250921280 torch/fx/experimental/symbolic_shapes.py:4449] [0/3] ps10 is not in var_ranges, defaulting to unknown range.
W1004 08:09:12.153000 127135250921280 torch/fx/experimental/symbolic_shapes.py:4449] [0/3] ps8 is not in var_ranges, defaulting to unknown range.
W1004 08:09:29.176000 127135250921280 torch/fx/experimental/symbolic_shapes.py:4449] [0/3] ps1 is not in var_ranges, defaulting to unknown range.
W1004 08:09:34.195000 127135250921280 torch/fx/experimental/symbolic_shapes.py:4449] [0/3] ps4 is not in var_ranges, defaulting to unknown range.
W1004 08:09:34.214000 127135250921280 torch/fx/experimental/symbolic_shapes.py:4449] [0/3] ps4 is not in var_ranges, defaulting to unknown range.
W1004 08:09:34.214000 127135250921280 torch/fx/experimental/symbolic_shapes.py:4449] [0/3] ps6 is not in var_ranges, defaulting to unknown range.
W1004 08:09:38.769000 127135250921280 torch/fx/experimental/symbolic_shapes.py:4449] [0/3] ps9 is not in var_ranges, defaulting to unknown range.
W1004 08:09:38.785000 127135250921280 torch/fx/experimental/symbolic_shapes.py:4449] [0/3] ps9 is not in var_ranges, defaulting to unknown range.
W1004 08:09:38.785000 127135250921280 torch/fx/experimental/symbolic_shapes.py:4449] [0/3] ps11 is not in var_ranges, defaulting to unknown range.
W1004 08:09:59.149000 127135250921280 torch/fx/experimental/symbolic_shapes.py:4449] [0/4] ps2 is not in var_ranges, defaulting to unknown range.
W1004 08:09:59.149000 127135250921280 torch/fx/experimental/symbolic_shapes.py:4449] [0/4] ps0 is not in var_ranges, defaulting to unknown range.
W1004 08:09:59.648000 127135250921280 torch/fx/experimental/symbolic_shapes.py:4449] [0/4] ps4 is not in var_ranges, defaulting to unknown range.
W1004 08:09:59.649000 127135250921280 torch/fx/experimental/symbolic_shapes.py:4449] [0/4] ps6 is not in var_ranges, defaulting to unknown range.
W1004 08:10:00.305000 127135250921280 torch/fx/experimental/symbolic_shapes.py:4449] [0/4] ps10 is not in var_ranges, defaulting to unknown range.
W1004 08:10:00.306000 127135250921280 torch/fx/experimental/symbolic_shapes.py:4449] [0/4] ps8 is not in var_ranges, defaulting to unknown range.
W1004 08:10:13.310000 127135250921280 torch/fx/experimental/symbolic_shapes.py:4449] [0/4] ps1 is not in var_ranges, defaulting to unknown range.
W1004 08:10:17.855000 127135250921280 torch/fx/experimental/symbolic_shapes.py:4449] [0/4] ps4 is not in var_ranges, defaulting to unknown range.
W1004 08:10:17.874000 127135250921280 torch/fx/experimental/symbolic_shapes.py:4449] [0/4] ps4 is not in var_ranges, defaulting to unknown range.
W1004 08:10:17.874000 127135250921280 torch/fx/experimental/symbolic_shapes.py:4449] [0/4] ps6 is not in var_ranges, defaulting to unknown range.
build 180s
seed 3: cfg0 0.7533 4.560s  cfg1 0.7533 4.588s  cfg2 0.7551 4.584s  cfg3 0.7544 4.588s  cfg4 0.7527 4.594s
seed 4: cfg0 0.7530 4.594s  cfg1 0.7522 4.596s  cfg2 0.7585 4.594s  cfg3 0.7555 4.593s  cfg4 0.7494 4.590s
seed 5: cfg0 0.7531 4.589s  cfg1 0.7510 4.590s  cfg2 0.7507 4.589s  cfg3 0.7567 4.588s  cfg4 0.7521 4.590s
seed 6: cfg0 0.7561 4.590s  cfg1 0.7575 4.590s  cfg2 0.7535 4.593s  cfg3 0.7530 4.594s  cfg4 0.7549 4.594s
seed 7: cfg0 0.7538 4.595s  cfg1 0.7555 4.598s  cfg2 0.7555 4.598s  cfg3 0.7502 4.598s  cfg4 0.7494 4.598s
seed 8: cfg0 0.7573 4.601s  cfg1 0.7527 4.603s  cfg2 0.7511 4.610s  cfg3 0.7579 4.606s  cfg4 0.7551 4.607s
seed 9: cfg0 0.7553 4.611s  cfg1 0.7523 4.613s  cfg2 0.7483 4.611s  cfg3 0.7554 4.609s  cfg4 0.7524 4.608s
seed 10: cfg0 0.7514 4.608s  cfg1 0.7557 4.608s  cfg2 0.7503 4.605s  cfg3 0.7521 4.607s  cfg4 0.7508 4.607s
seed 11: cfg0 0.7532 4.605s  cfg1 0.7531 4.609s  cfg2 0.7502 4.604s  cfg3 0.7555 4.606s  cfg4 0.7557 4.603s
seed 12: cfg0 0.7512 4.606s  cfg1 0.7516 4.603s  cfg2 0.7530 4.599s  cfg3 0.7545 4.601s  cfg4 0.7565 4.602s
seed 13: cfg0 0.7553 4.597s  cfg1 0.7552 4.599s  cfg2 0.7541 4.597s  cfg3 0.7547 4.600s  cfg4 0.7530 4.598s
seed 14: cfg0 0.7556 4.602s  cfg1 0.7574 4.601s  cfg2 0.7504 4.602s  cfg3 0.7540 4.608s  cfg4 0.7535 4.605s
seed 15: cfg0 0.7526 4.599s  cfg1 0.7543 4.605s  cfg2 0.7561 4.603s  cfg3 0.7549 4.600s  cfg4 0.7531 4.597s
seed 16: cfg0 0.7543 4.597s  cfg1 0.7508 4.598s  cfg2 0.7576 4.597s  cfg3 0.7547 4.601s  cfg4 0.7564 4.601s
seed 17: cfg0 0.7521 4.608s  cfg1 0.7504 4.603s  cfg2 0.7508 4.603s  cfg3 0.7547 4.603s  cfg4 0.7521 4.607s
seed 18: cfg0 0.7580 4.604s  cfg1 0.7565 4.606s  cfg2 0.7542 4.606s  cfg3 0.7543 4.607s  cfg4 0.7518 4.606s
seed 19: cfg0 0.7521 4.603s  cfg1 0.7539 4.605s  cfg2 0.7526 4.605s  cfg3 0.7518 4.605s  cfg4 0.7540 4.604s
seed 20: cfg0 0.7552 4.604s  cfg1 0.7513 4.596s  cfg2 0.7536 4.593s  cfg3 0.7564 4.593s  cfg4 0.7524 4.593s
seed 21: cfg0 0.7522 4.592s  cfg1 0.7546 4.592s  cfg2 0.7535 4.600s  cfg3 0.7565 4.593s  cfg4 0.7582 4.599s
seed 22: cfg0 0.7596 4.599s  cfg1 0.7519 4.593s  cfg2 0.7568 4.596s  cfg3 0.7558 4.599s  cfg4 0.7565 4.601s
cfg0 {}: mean acc 0.75423, mean time 4.598s
cfg1 {"weight_decay": 0.006}: mean acc 0.75356, mean time 4.600s
  paired vs cfg0: -0.068 pp (sd 0.287, SE 0.064); time +0.04%
cfg2 {"weight_decay": 0.024}: mean acc 0.75330, mean time 4.600s
  paired vs cfg0: -0.094 pp (sd 0.334, SE 0.075); time +0.03%
cfg3 {"sgd_momentum": 0.8}: mean acc 0.75465, mean time 4.600s
  paired vs cfg0: +0.041 pp (sd 0.251, SE 0.056); time +0.04%
cfg4 {"sgd_momentum": 0.9}: mean acc 0.75350, mean time 4.600s
  paired vs cfg0: -0.074 pp (sd 0.310, SE 0.069); time +0.05%
