W1004 08:20:20.298000 135335955855168 torch/fx/experimental/symbolic_shapes.py:4449] [0/2] ps0 is not in var_ranges, defaulting to unknown range.
W1004 08:20:20.298000 135335955855168 torch/fx/experimental/symbolic_shapes.py:4449] [0/2] ps2 is not in var_ranges, defaulting to unknown range.
W1004 08:20:21.000000 135335955855168 torch/fx/experimental/symbolic_shapes.py:4449] [0/2] ps6 is not in var_ranges, defaulting to unknown range.
W1004 08:20:21.001000 135335955855168 torch/fx/experimental/symbolic_shapes.py:4449] [0/2] ps4 is not in var_ranges, defaulting to unknown range.
W1004 08:20:21.678000 135335955855168 torch/fx/experimental/symbolic_shapes.py:4449] [0/2] ps10 is not in var_ranges, defaulting to unknown range.
W1004 08:20:21.678000 135335955855168 torch/fx/experimental/symbolic_shapes.py:4449] [0/2] ps8 is not in var_ranges, defaulting to unknown range.
W1004 08:20:41.206000 135335955855168 torch/fx/experimental/symbolic_shapes.py:4449] [0/2] ps0 is not in var_ranges, defaulting to unknown range.
W1004 08:20:41.233000 135335955855168 torch/fx/experimental/symbolic_shapes.py:4449] [0/2] ps0 is not in var_ranges, defaulting to unknown range.
W1004 08:20:41.233000 135335955855168 torch/fx/experimental/symbolic_shapes.py:4449] [0/2] ps2 is not in var_ranges, defaulting to unknown range.
W1004 08:20:46.301000 135335955855168 torch/fx/experimental/symbolic_shapes.py:4449] [0/2] ps5 is not in var_ranges, defaulting to unknown range.
W1004 08:20:46.315000 135335955855168 torch/fx/experimental/symbolic_shapes.py:4449] [0/2] ps5 is not in var_ranges, defaulting to unknown range.
W1004 08:20:46.315000 135335955855168 torch/fx/experimental/symbolic_shapes.py:4449] [0/2] ps7 is not in var_ranges, defaulting to unknown range.
W1004 08:20:50.338000 135335955855168 torch/fx/experimental/symbolic_shapes.py:4449] [0/2] ps10 is not in var_ranges, defaulting to unknown range.
W1004 08:20:50.354000 135335955855168 torch/fx/experimental/symbolic_shapes.py:4449] [0/2] ps10 is not in var_ranges, defaulting to unknown range.
W1004 08:20:50.354000 135335955855168 torch/fx/experimental/symbolic_shapes.py:4449] [0/2] ps12 is not in var_ranges, defaulting to unknown range.
W1004 08:21:09.183000 135335955855168 torch/fx/experimental/symbolic_shapes.py:4449] [0/3] ps0 is not in var_ranges, defaulting to unknown range.
W1004 08:21:09.184000 135335955855168 torch/fx/experimental/symbolic_shapes.py:4449] [0/3] ps2 is not in var_ranges, defaulting to unknown range.
W1004 08:21:09.877000 135335955855168 torch/fx/experimental/symbolic_shapes.py:4449] [0/3] ps6 is not in var_ranges, defaulting to unknown range.
W1004 08:21:09.877000 135335955855168 torch/fx/experimental/symbolic_shapes.py:4449] [0/3] ps4 is not in var_ranges, defaulting to unknown range.
W1004 08:21:10.525000 135335955855168 torch/fx/experimental/symbolic_shapes.py:4449] [0/3] ps10 is not in var_ranges, defaulting to unknown range.
W1004 08:21:10.525000 135335955855168 torch/fx/experimental/symbolic_shapes.py:4449] [0/3] ps8 is not in var_ranges, defaulting to unknown range.
W1004 08:21:27.145000 135335955855168 torch/fx/experimental/symbolic_shapes.py:4449] [0/3] ps1 is not in var_ranges, defaulting to unknown range.
W1004 08:21:32.139000 135335955855168 torch/fx/experimental/symbolic_shapes.py:4449] [0/3] ps4 is not in var_ranges, defaulting to unknown range.
W1004 08:21:32.160000 135335955855168 torch/fx/experimental/symbolic_shapes.py:4449] [0/3] ps6 is not in var_ranges, defaulting to unknown range.
W1004 08:21:32.160000 135335955855168 torch/fx/experimental/symbolic_shapes.py:4449] [0/3] ps4 is not in var_ranges, defaulting to unknown range.
W1004 08:21:36.142000 135335955855168 torch/fx/experimental/symbolic_shapes.py:4449] [0/3] ps9 is not in var_ranges, defaulting to unknown range.
W1004 08:21:36.157000 135335955855168 torch/fx/experimental/symbolic_shapes.py:4449] [0/3] ps9 is not in var_ranges, defaulting to unknown range.
W1004 08:21:36.158000 135335955855168 torch/fx/experimental/symbolic_shapes.py:4449] [0/3] ps11 is not in var_ranges, defaulting to unknown range.
W1004 08:21:56.721000 135335955855168 torch/fx/experimental/symbolic_shapes.py:4449] [0/4] ps0 is not in var_ranges, defaulting to unknown range.
W1004 08:21:56.721000 135335955855168 torch/fx/experimental/symbolic_shapes.py:4449] [0/4] ps2 is not in var_ranges, defaulting to unknown range.
W1004 08:21:57.209000 135335955855168 torch/fx/experimental/symbolic_shapes.py:4449] [0/4] ps6 is not in var_ranges, defaulting to unknown range.
W1004 08:21:57.209000 135335955855168 torch/fx/experimental/symbolic_shapes.py:4449] [0/4] ps4 is not in var_ranges, defaulting to unknown range.
W1004 08:21:57.858000 135335955855168 torch/fx/experimental/symbolic_shapes.py:4449] [0/4] ps10 is not in var_ranges, defaulting to unknown range.
W1004 08:21:57.858000 135335955855168 torch/fx/experimental/symbolic_shapes.py:4449] [0/4] ps8 is not in var_ranges, defaulting to unknown range.
W1004 08:22:10.350000 135335955855168 torch/fx/experimental/symbolic_shapes.py:4449] [0/4] ps1 is not in var_ranges, defaulting to unknown range.
W1004 08:22:14.797000 135335955855168 torch/fx/experimental/symbolic_shapes.py:4449] [0/4] ps4 is not in var_ranges, defaulting to unknown range.
W1004 08:22:14.816000 135335955855168 torch/fx/experimental/symbolic_shapes.py:4449] [0/4] ps6 is not in var_ranges, defaulting to unknown range.
W1004 08:22:14.817000 135335955855168 torch/fx/experimental/symbolic_shapes.py:4449] [0/4] ps4 is not in var_ranges, defaulting to unknown range.
build 177s
seed 3: cfg0 0.7541 4.527s  cfg1 0.7552 4.583s
seed 4: cfg0 0.7535 4.553s  cfg1 0.7570 4.563s
seed 5: cfg0 0.7543 4.564s  cfg1 0.7532 4.568s
seed 6: cfg0 0.7599 4.569s  cfg1 0.7569 4.570s
seed 7: cfg0 0.7550 4.571s  cfg1 0.7538 4.576s
seed 8: cfg0 0.7564 4.580s  cfg1 0.7549 4.584s
seed 9: cfg0 0.7508 4.577s  cfg1 0.7507 4.578s
seed 10: cfg0 0.7524 4.576s  cfg1 0.7512 4.573s
seed 11: cfg0 0.7543 4.573s  cfg1 0.7534 4.573s
seed 12: cfg0 0.7515 4.570s  cfg1 0.7504 4.575s
seed 13: cfg0 0.7550 4.573s  cfg1 0.7534 4.578s
seed 14: cfg0 0.7527 4.575s  cfg1 0.7529 4.579s
seed 15: cfg0 0.7538 4.575s  cfg1 0.7508 4.580s
seed 16: cfg0 0.7519 4.577s  cfg1 0.7527 4.578s
seed 17: cfg0 0.7524 4.576s  cfg1 0.7528 4.577s
seed 18: cfg0 0.7539 4.574s  cfg1 0.7555 4.576s
seed 19: cfg0 0.7510 4.573s  cfg1 0.7503 4.575s
seed 20: cfg0 0.7520 4.573s  cfg1 0.7542 4.579s
seed 21: cfg0 0.7541 4.576s  cfg1 0.7533 4.580s
seed 22: cfg0 0.7530 4.576s  cfg1 0.7553 4.579s
cfg0 {}: mean acc 0.75360, mean time 4.570s
cfg1 {"stratified": true}: mean acc 0.75340, mean time 4.576s
  paired vs cfg0: -0.020 pp (sd 0.172, SE 0.038); time +0.13%
