W1004 08:37:18.826000 126182892300096 torch/fx/experimental/symbolic_shapes.py:4449] [0/2] ps0 is not in var_ranges, defaulting to unknown range.
W1004 08:37:18.827000 126182892300096 torch/fx/experimental/symbolic_shapes.py:4449] [0/2] ps2 is not in var_ranges, defaulting to unknown range.
W1004 08:37:19.527000 126182892300096 torch/fx/experimental/symbolic_shapes.py:4449] [0/2] ps6 is not in var_ranges, defaulting to unknown range.
W1004 08:37:19.527000 126182892300096 torch/fx/experimental/symbolic_shapes.py:4449] [0/2] ps4 is not in var_ranges, defaulting to unknown range.
W1004 08:37:20.200000 126182892300096 torch/fx/experimental/symbolic_shapes.py:4449] [0/2] ps10 is not in var_ranges, defaulting to unknown range.
W1004 08:37:20.200000 126182892300096 torch/fx/experimental/symbolic_shapes.py:4449] [0/2] ps8 is not in var_ranges, defaulting to unknown range.
W1004 08:37:39.840000 126182892300096 torch/fx/experimental/symbolic_shapes.py:4449] [0/2] ps0 is not in var_ranges, defaulting to unknown range.
W1004 08:37:39.866000 126182892300096 torch/fx/experimental/symbolic_shapes.py:4449] [0/2] ps2 is not in var_ranges, defaulting to unknown range.
W1004 08:37:39.866000 126182892300096 torch/fx/experimental/symbolic_shapes.py:4449] [0/2] ps0 is not in var_ranges, defaulting to unknown range.
W1004 08:37:44.977000 126182892300096 torch/fx/experimental/symbolic_shapes.py:4449] [0/2] ps5 is not in var_ranges, defaulting to unknown range.
W1004 08:37:44.995000 126182892300096 torch/fx/experimental/symbolic_shapes.py:4449] [0/2] ps5 is not in var_ranges, defaulting to unknown range.
W1004 08:37:44.995000 126182892300096 torch/fx/experimental/symbolic_shapes.py:4449] [0/2] ps7 is not in var_ranges, defaulting to unknown range.
W1004 08:37:49.426000 126182892300096 torch/fx/experimental/symbolic_shapes.py:4449] [0/2] ps10 is not in var_ranges, defaulting to unknown range.
W1004 08:37:49.441000 126182892300096 torch/fx/experimental/symbolic_shapes.py:4449] [0/2] ps10 is not in var_ranges, defaulting to unknown range.
W1004 08:37:49.441000 126182892300096 torch/fx/experimental/symbolic_shapes.py:4449] [0/2] ps12 is not in var_ranges, defaulting to unknown range.
W1004 08:38:07.981000 126182892300096 torch/fx/experimental/symbolic_shapes.py:4449] [0/3] ps0 is not in var_ranges, defaulting to unknown range.
W1004 08:38:07.981000 126182892300096 torch/fx/experimental/symbolic_shapes.py:4449] [0/3] ps2 is not in var_ranges, defaulting to unknown range.
W1004 08:38:08.683000 126182892300096 torch/fx/experimental/symbolic_shapes.py:4449] [0/3] ps6 is not in var_ranges, defaulting to unknown range.
W1004 08:38:08.683000 126182892300096 torch/fx/experimental/symbolic_shapes.py:4449] [0/3] ps4 is not in var_ranges, defaulting to unknown range.
W1004 08:38:09.342000 126182892300096 torch/fx/experimental/symbolic_shapes.py:4449] [0/3] ps10 is not in var_ranges, defaulting to unknown range.
W1004 08:38:09.342000 126182892300096 torch/fx/experimental/symbolic_shapes.py:4449] [0/3] ps8 is not in var_ranges, defaulting to unknown range.
W1004 08:38:25.991000 126182892300096 torch/fx/experimental/symbolic_shapes.py:4449] [0/3] ps1 is not in var_ranges, defaulting to unknown range.
W1004 08:38:30.975000 126182892300096 torch/fx/experimental/symbolic_shapes.py:4449] [0/3] ps4 is not in var_ranges, defaulting to unknown range.
W1004 08:38:30.989000 126182892300096 torch/fx/experimental/symbolic_shapes.py:4449] [0/3] ps6 is not in var_ranges, defaulting to unknown range.
W1004 08:38:30.989000 126182892300096 torch/fx/experimental/symbolic_shapes.py:4449] [0/3] ps4 is not in var_ranges, defaulting to unknown range.
W1004 08:38:35.513000 126182892300096 torch/fx/experimental/symbolic_shapes.py:4449] [0/3] ps9 is not in var_ranges, defaulting to unknown range.
W1004 08:38:35.525000 126182892300096 torch/fx/experimental/symbolic_shapes.py:4449] [0/3] ps11 is not in var_ranges, defaulting to unknown range.
W1004 08:38:35.525000 126182892300096 torch/fx/experimental/symbolic_shapes.py:4449] [0/3] ps9 is not in var_ranges, defaulting to unknown range.
W1004 08:38:55.798000 126182892300096 torch/fx/experimental/symbolic_shapes.py:4449] [0/4] ps0 is not in var_ranges, defaulting to unknown range.
W1004 08:38:55.798000 126182892300096 torch/fx/experimental/symbolic_shapes.py:4449] [0/4] ps2 is not in var_ranges, defaulting to unknown range.
W1004 08:38:56.295000 126182892300096 torch/fx/experimental/symbolic_shapes.py:4449] [0/4] ps6 is not in var_ranges, defaulting to unknown range.
W1004 08:38:56.295000 126182892300096 torch/fx/experimental/symbolic_shapes.py:4449] [0/4] ps4 is not in var_ranges, defaulting to unknown range.
W1004 08:38:56.947000 126182892300096 torch/fx/experimental/symbolic_shapes.py:4449] [0/4] ps10 is not in var_ranges, defaulting to unknown range.
W1004 08:38:56.948000 126182892300096 torch/fx/experimental/symbolic_shapes.py:4449] [0/4] ps8 is not in var_ranges, defaulting to unknown range.
W1004 08:39:09.570000 126182892300096 torch/fx/experimental/symbolic_shapes.py:4449] [0/4] ps1 is not in var_ranges, defaulting to unknown range.
W1004 08:39:14.070000 126182892300096 torch/fx/experimental/symbolic_shapes.py:4449] [0/4] ps4 is not in var_ranges, defaulting to unknown range.
W1004 08:39:14.084000 126182892300096 torch/fx/experimental/symbolic_shapes.py:4449] [0/4] ps6 is not in var_ranges, defaulting to unknown range.
W1004 08:39:14.084000 126182892300096 torch/fx/experimental/symbolic_shapes.py:4449] [0/4] ps4 is not in var_ranges, defaulting to unknown range.
build 179s
AUTOTUNE convolution(1536x3x18x18, 24x3x2x2)
  convolution 0.0840 ms 100.0%
  triton_convolution_630 0.0891 ms 94.3%
  triton_convolution_634 0.0922 ms 91.1%
  triton_convolution_633 0.0942 ms 89.1%
  triton_convolution_632 0.0993 ms 84.5%
  triton_convolution_635 0.1382 ms 60.7%
  triton_convolution_631 0.2130 ms 39.4%
SingleProcess AUTOTUNE benchmarking takes 0.8715 seconds and 0.0000 seconds precompiling
AUTOTUNE convolution(1536x24x17x17, 128x24x3x3)
  convolution 0.2386 ms 100.0%
  triton_convolution_637 0.4014 ms 59.4%
  triton_convolution_639 0.4168 ms 57.2%
  triton_convolution_642 0.4332 ms 55.1%
  triton_convolution_641 0.6287 ms 37.9%
  triton_convolution_636 0.7240 ms 33.0%
  triton_convolution_640 0.7649 ms 31.2%
  triton_convolution_638 1.2088 ms 19.7%
SingleProcess AUTOTUNE benchmarking takes 1.0560 seconds and 0.0000 seconds precompiling
AUTOTUNE convolution(1536x128x8x8, 128x128x3x3)
  convolution 0.1372 ms 100.0%
  triton_convolution_648 0.2540 ms 54.0%
  triton_convolution_647 0.2550 ms 53.8%
  triton_convolution_644 0.2796 ms 49.1%
  triton_convolution_646 0.2826 ms 48.6%
  triton_convolution_649 0.3041 ms 45.1%
  triton_convolution_643 0.3461 ms 39.6%
  triton_convolution_645 1.4193 ms 9.7%
SingleProcess AUTOTUNE benchmarking takes 1.0696 seconds and 0.0000 seconds precompiling
AUTOTUNE convolution(1536x128x8x8, 384x128x3x3)
  convolution 0.3604 ms 100.0%
  triton_convolution_661 0.6881 ms 52.4%
  triton_convolution_658 0.7537 ms 47.8%
  triton_convolution_660 0.7670 ms 47.0%
  triton_convolution_663 0.8212 ms 43.9%
  triton_convolution_662 0.9759 ms 36.9%
  triton_convolution_657 0.9861 ms 36.6%
  triton_convolution_659 4.0724 ms 8.9%
SingleProcess AUTOTUNE benchmarking takes 1.0894 seconds and 0.0000 seconds precompiling
W1004 08:39:49.992000 126182892300096 torch/fx/experimental/symbolic_shapes.py:4449] [0/5] ps0 is not in var_ranges, defaulting to unknown range.
W1004 08:39:49.992000 126182892300096 torch/fx/experimental/symbolic_shapes.py:4449] [0/5] ps2 is not in var_ranges, defaulting to unknown range.
W1004 08:39:50.529000 126182892300096 torch/fx/experimental/symbolic_shapes.py:4449] [0/5] ps6 is not in var_ranges, defaulting to unknown range.
W1004 08:39:50.529000 126182892300096 torch/fx/experimental/symbolic_shapes.py:4449] [0/5] ps4 is not in var_ranges, defaulting to unknown range.
W1004 08:39:51.084000 126182892300096 torch/fx/experimental/symbolic_shapes.py:4449] [0/5] ps10 is not in var_ranges, defaulting to unknown range.
W1004 08:39:51.085000 126182892300096 torch/fx/experimental/symbolic_shapes.py:4449] [0/5] ps8 is not in var_ranges, defaulting to unknown range.
W1004 08:39:51.866000 126182892300096 torch/fx/experimental/symbolic_shapes.py:4449] [0/5] ps12 is not in var_ranges, defaulting to unknown range.
W1004 08:39:51.889000 126182892300096 torch/fx/experimental/symbolic_shapes.py:4449] [0/5] ps14 is not in var_ranges, defaulting to unknown range.
W1004 08:39:51.889000 126182892300096 torch/fx/experimental/symbolic_shapes.py:4449] [0/5] ps12 is not in var_ranges, defaulting to unknown range.
W1004 08:39:51.910000 126182892300096 torch/fx/experimental/symbolic_shapes.py:4449] [0/5] ps12 is not in var_ranges, defaulting to unknown range.
W1004 08:39:51.924000 126182892300096 torch/fx/experimental/symbolic_shapes.py:4449] [0/5] ps14 is not in var_ranges, defaulting to unknown range.
W1004 08:39:51.924000 126182892300096 torch/fx/experimental/symbolic_shapes.py:4449] [0/5] ps12 is not in var_ranges, defaulting to unknown range.
W1004 08:39:51.941000 126182892300096 torch/fx/experimental/symbolic_shapes.py:4449] [0/5] ps14 is not in var_ranges, defaulting to unknown range.
W1004 08:39:51.941000 126182892300096 torch/fx/experimental/symbolic_shapes.py:4449] [0/5] ps12 is not in var_ranges, defaulting to unknown range.
W1004 08:40:13.449000 126182892300096 torch/fx/experimental/symbolic_shapes.py:4449] [0/5] ps0 is not in var_ranges, defaulting to unknown range.
W1004 08:40:13.474000 126182892300096 torch/fx/experimental/symbolic_shapes.py:4449] [0/5] ps2 is not in var_ranges, defaulting to unknown range.
W1004 08:40:13.475000 126182892300096 torch/fx/experimental/symbolic_shapes.py:4449] [0/5] ps0 is not in var_ranges, defaulting to unknown range.
W1004 08:40:18.057000 126182892300096 torch/fx/experimental/symbolic_shapes.py:4449] [0/5] ps5 is not in var_ranges, defaulting to unknown range.
W1004 08:40:18.078000 126182892300096 torch/fx/experimental/symbolic_shapes.py:4449] [0/5] ps5 is not in var_ranges, defaulting to unknown range.
W1004 08:40:18.078000 126182892300096 torch/fx/experimental/symbolic_shapes.py:4449] [0/5] ps7 is not in var_ranges, defaulting to unknown range.
W1004 08:40:21.652000 126182892300096 torch/fx/experimental/symbolic_shapes.py:4449] [0/5] ps10 is not in var_ranges, defaulting to unknown range.
W1004 08:40:21.667000 126182892300096 torch/fx/experimental/symbolic_shapes.py:4449] [0/5] ps10 is not in var_ranges, defaulting to unknown range.
W1004 08:40:21.667000 126182892300096 torch/fx/experimental/symbolic_shapes.py:4449] [0/5] ps12 is not in var_ranges, defaulting to unknown range.
W1004 08:40:24.399000 126182892300096 torch/fx/experimental/symbolic_shapes.py:4449] [0/5] ps17 is not in var_ranges, defaulting to unknown range.
W1004 08:40:24.399000 126182892300096 torch/fx/experimental/symbolic_shapes.py:4449] [0/5] ps15 is not in var_ranges, defaulting to unknown range.
W1004 08:40:24.428000 126182892300096 torch/fx/experimental/symbolic_shapes.py:4449] [0/5] ps15 is not in var_ranges, defaulting to unknown range.
W1004 08:40:53.939000 126182892300096 torch/fx/experimental/symbolic_shapes.py:4449] [0/6] ps0 is not in var_ranges, defaulting to unknown range.
W1004 08:40:53.940000 126182892300096 torch/fx/experimental/symbolic_shapes.py:4449] [0/6] ps2 is not in var_ranges, defaulting to unknown range.
W1004 08:40:54.456000 126182892300096 torch/fx/experimental/symbolic_shapes.py:4449] [0/6] ps6 is not in var_ranges, defaulting to unknown range.
W1004 08:40:54.456000 126182892300096 torch/fx/experimental/symbolic_shapes.py:4449] [0/6] ps4 is not in var_ranges, defaulting to unknown range.
W1004 08:40:54.994000 126182892300096 torch/fx/experimental/symbolic_shapes.py:4449] [0/6] ps10 is not in var_ranges, defaulting to unknown range.
W1004 08:40:54.995000 126182892300096 torch/fx/experimental/symbolic_shapes.py:4449] [0/6] ps8 is not in var_ranges, defaulting to unknown range.
W1004 08:40:55.738000 126182892300096 torch/fx/experimental/symbolic_shapes.py:4449] [0/6] ps12 is not in var_ranges, defaulting to unknown range.
W1004 08:40:55.759000 126182892300096 torch/fx/experimental/symbolic_shapes.py:4449] [0/6] ps14 is not in var_ranges, defaulting to unknown range.
W1004 08:40:55.759000 126182892300096 torch/fx/experimental/symbolic_shapes.py:4449] [0/6] ps12 is not in var_ranges, defaulting to unknown range.
W1004 08:40:55.777000 126182892300096 torch/fx/experimental/symbolic_shapes.py:4449] [0/6] ps12 is not in var_ranges, defaulting to unknown range.
W1004 08:40:55.791000 126182892300096 torch/fx/experimental/symbolic_shapes.py:4449] [0/6] ps14 is not in var_ranges, defaulting to unknown range.
W1004 08:40:55.791000 126182892300096 torch/fx/experimental/symbolic_shapes.py:4449] [0/6] ps12 is not in var_ranges, defaulting to unknown range.
W1004 08:40:55.808000 126182892300096 torch/fx/experimental/symbolic_shapes.py:4449] [0/6] ps14 is not in var_ranges, defaulting to unknown range.
W1004 08:40:55.808000 126182892300096 torch/fx/experimental/symbolic_shapes.py:4449] [0/6] ps12 is not in var_ranges, defaulting to unknown range.
W1004 08:41:10.781000 126182892300096 torch/fx/experimental/symbolic_shapes.py:4449] [0/6] ps0 is not in var_ranges, defaulting to unknown range.
W1004 08:41:10.805000 126182892300096 torch/fx/experimental/symbolic_shapes.py:4449] [0/6] ps2 is not in var_ranges, defaulting to unknown range.
W1004 08:41:10.805000 126182892300096 torch/fx/experimental/symbolic_shapes.py:4449] [0/6] ps0 is not in var_ranges, defaulting to unknown range.
W1004 08:41:14.879000 126182892300096 torch/fx/experimental/symbolic_shapes.py:4449] [0/6] ps5 is not in var_ranges, defaulting to unknown range.
W1004 08:41:14.899000 126182892300096 torch/fx/experimental/symbolic_shapes.py:4449] [0/6] ps5 is not in var_ranges, defaulting to unknown range.
W1004 08:41:14.899000 126182892300096 torch/fx/experimental/symbolic_shapes.py:4449] [0/6] ps7 is not in var_ranges, defaulting to unknown range.
W1004 08:41:18.072000 126182892300096 torch/fx/experimental/symbolic_shapes.py:4449] [0/6] ps10 is not in var_ranges, defaulting to unknown range.
W1004 08:41:18.087000 126182892300096 torch/fx/experimental/symbolic_shapes.py:4449] [0/6] ps10 is not in var_ranges, defaulting to unknown range.
W1004 08:41:18.087000 126182892300096 torch/fx/experimental/symbolic_shapes.py:4449] [0/6] ps12 is not in var_ranges, defaulting to unknown range.
W1004 08:41:34.688000 126182892300096 torch/fx/experimental/symbolic_shapes.py:4449] [0/7] ps0 is not in var_ranges, defaulting to unknown range.
W1004 08:41:34.688000 126182892300096 torch/fx/experimental/symbolic_shapes.py:4449] [0/7] ps2 is not in var_ranges, defaulting to unknown range.
W1004 08:41:35.359000 126182892300096 torch/fx/experimental/symbolic_shapes.py:4449] [0/7] ps6 is not in var_ranges, defaulting to unknown range.
W1004 08:41:35.359000 126182892300096 torch/fx/experimental/symbolic_shapes.py:4449] [0/7] ps4 is not in var_ranges, defaulting to unknown range.
W1004 08:41:36.009000 126182892300096 torch/fx/experimental/symbolic_shapes.py:4449] [0/7] ps10 is not in var_ranges, defaulting to unknown range.
W1004 08:41:36.009000 126182892300096 torch/fx/experimental/symbolic_shapes.py:4449] [0/7] ps8 is not in var_ranges, defaulting to unknown range.
W1004 08:41:52.113000 126182892300096 torch/fx/experimental/symbolic_shapes.py:4449] [0/7] ps0 is not in var_ranges, defaulting to unknown range.
W1004 08:41:52.140000 126182892300096 torch/fx/experimental/symbolic_shapes.py:4449] [0/7] ps2 is not in var_ranges, defaulting to unknown range.
W1004 08:41:52.140000 126182892300096 torch/fx/experimental/symbolic_shapes.py:4449] [0/7] ps0 is not in var_ranges, defaulting to unknown range.
W1004 08:41:56.145000 126182892300096 torch/fx/experimental/symbolic_shapes.py:4449] [0/7] ps5 is not in var_ranges, defaulting to unknown range.
W1004 08:41:56.164000 126182892300096 torch/fx/experimental/symbolic_shapes.py:4449] [0/7] ps5 is not in var_ranges, defaulting to unknown range.
W1004 08:41:56.165000 126182892300096 torch/fx/experimental/symbolic_shapes.py:4449] [0/7] ps7 is not in var_ranges, defaulting to unknown range.
W1004 08:41:59.350000 126182892300096 torch/fx/experimental/symbolic_shapes.py:4449] [0/7] ps10 is not in var_ranges, defaulting to unknown range.
W1004 08:41:59.365000 126182892300096 torch/fx/experimental/symbolic_shapes.py:4449] [0/7] ps10 is not in var_ranges, defaulting to unknown range.
W1004 08:41:59.365000 126182892300096 torch/fx/experimental/symbolic_shapes.py:4449] [0/7] ps12 is not in var_ranges, defaulting to unknown range.
W1004 08:42:34.225000 126182892300096 torch/fx/experimental/symbolic_shapes.py:4449] [0/8] ps0 is not in var_ranges, defaulting to unknown range.
W1004 08:42:34.225000 126182892300096 torch/fx/experimental/symbolic_shapes.py:4449] [0/8] ps2 is not in var_ranges, defaulting to unknown range.
W1004 08:42:34.920000 126182892300096 torch/fx/experimental/symbolic_shapes.py:4449] [0/8] ps6 is not in var_ranges, defaulting to unknown range.
W1004 08:42:34.920000 126182892300096 torch/fx/experimental/symbolic_shapes.py:4449] [0/8] ps4 is not in var_ranges, defaulting to unknown range.
W1004 08:42:35.584000 126182892300096 torch/fx/experimental/symbolic_shapes.py:4449] [0/8] ps10 is not in var_ranges, defaulting to unknown range.
W1004 08:42:35.584000 126182892300096 torch/fx/experimental/symbolic_shapes.py:4449] [0/8] ps8 is not in var_ranges, defaulting to unknown range.
W1004 08:42:53.425000 126182892300096 torch/fx/experimental/symbolic_shapes.py:4449] [0/8] ps1 is not in var_ranges, defaulting to unknown range.
W1004 08:42:57.904000 126182892300096 torch/fx/experimental/symbolic_shapes.py:4449] [0/8] ps4 is not in var_ranges, defaulting to unknown range.
W1004 08:42:57.918000 126182892300096 torch/fx/experimental/symbolic_shapes.py:4449] [0/8] ps6 is not in var_ranges, defaulting to unknown range.
W1004 08:42:57.918000 126182892300096 torch/fx/experimental/symbolic_shapes.py:4449] [0/8] ps4 is not in var_ranges, defaulting to unknown range.
W1004 08:43:01.549000 126182892300096 torch/fx/experimental/symbolic_shapes.py:4449] [0/8] ps9 is not in var_ranges, defaulting to unknown range.
W1004 08:43:01.560000 126182892300096 torch/fx/experimental/symbolic_shapes.py:4449] [0/8] ps11 is not in var_ranges, defaulting to unknown range.
W1004 08:43:01.560000 126182892300096 torch/fx/experimental/symbolic_shapes.py:4449] [0/8] ps9 is not in var_ranges, defaulting to unknown range.
W1004 08:43:28.913000 126182892300096 torch/fx/experimental/symbolic_shapes.py:4449] [0/9] ps0 is not in var_ranges, defaulting to unknown range.
W1004 08:43:28.914000 126182892300096 torch/fx/experimental/symbolic_shapes.py:4449] [0/9] ps2 is not in var_ranges, defaulting to unknown range.
W1004 08:43:29.592000 126182892300096 torch/fx/experimental/symbolic_shapes.py:4449] [0/9] ps6 is not in var_ranges, defaulting to unknown range.
W1004 08:43:29.592000 126182892300096 torch/fx/experimental/symbolic_shapes.py:4449] [0/9] ps4 is not in var_ranges, defaulting to unknown range.
W1004 08:43:30.245000 126182892300096 torch/fx/experimental/symbolic_shapes.py:4449] [0/9] ps10 is not in var_ranges, defaulting to unknown range.
W1004 08:43:30.246000 126182892300096 torch/fx/experimental/symbolic_shapes.py:4449] [0/9] ps8 is not in var_ranges, defaulting to unknown range.
W1004 08:43:45.318000 126182892300096 torch/fx/experimental/symbolic_shapes.py:4449] [0/9] ps1 is not in var_ranges, defaulting to unknown range.
W1004 08:43:49.207000 126182892300096 torch/fx/experimental/symbolic_shapes.py:4449] [0/9] ps4 is not in var_ranges, defaulting to unknown range.
W1004 08:43:49.221000 126182892300096 torch/fx/experimental/symbolic_shapes.py:4449] [0/9] ps6 is not in var_ranges, defaulting to unknown range.
W1004 08:43:49.221000 126182892300096 torch/fx/experimental/symbolic_shapes.py:4449] [0/9] ps4 is not in var_ranges, defaulting to unknown range.
W1004 08:43:52.426000 126182892300096 torch/fx/experimental/symbolic_shapes.py:4449] [0/9] ps9 is not in var_ranges, defaulting to unknown range.
W1004 08:43:52.438000 126182892300096 torch/fx/experimental/symbolic_shapes.py:4449] [0/9] ps11 is not in var_ranges, defaulting to unknown range.
W1004 08:43:52.438000 126182892300096 torch/fx/experimental/symbolic_shapes.py:4449] [0/9] ps9 is not in var_ranges, defaulting to unknown range.
W1004 08:44:11.113000 126182892300096 torch/fx/experimental/symbolic_shapes.py:4449] [0/10] ps0 is not in var_ranges, defaulting to unknown range.
W1004 08:44:11.114000 126182892300096 torch/fx/experimental/symbolic_shapes.py:4449] [0/10] ps2 is not in var_ranges, defaulting to unknown range.
W1004 08:44:11.608000 126182892300096 torch/fx/experimental/symbolic_shapes.py:4449] [0/10] ps6 is not in var_ranges, defaulting to unknown range.
W1004 08:44:11.608000 126182892300096 torch/fx/experimental/symbolic_shapes.py:4449] [0/10] ps4 is not in var_ranges, defaulting to unknown range.
W1004 08:44:12.263000 126182892300096 torch/fx/experimental/symbolic_shapes.py:4449] [0/10] ps10 is not in var_ranges, defaulting to unknown range.
W1004 08:44:12.263000 126182892300096 torch/fx/experimental/symbolic_shapes.py:4449] [0/10] ps8 is not in var_ranges, defaulting to unknown range.
W1004 08:44:24.470000 126182892300096 torch/fx/experimental/symbolic_shapes.py:4449] [0/10] ps1 is not in var_ranges, defaulting to unknown range.
W1004 08:44:28.333000 126182892300096 torch/fx/experimental/symbolic_shapes.py:4449] [0/10] ps4 is not in var_ranges, defaulting to unknown range.
W1004 08:44:28.347000 126182892300096 torch/fx/experimental/symbolic_shapes.py:4449] [0/10] ps6 is not in var_ranges, defaulting to unknown range.
W1004 08:44:28.347000 126182892300096 torch/fx/experimental/symbolic_shapes.py:4449] [0/10] ps4 is not in var_ranges, defaulting to unknown range.
W1004 08:44:46.925000 126182892300096 torch/fx/experimental/symbolic_shapes.py:4449] [0/11] ps0 is not in var_ranges, defaulting to unknown range.
W1004 08:44:46.925000 126182892300096 torch/fx/experimental/symbolic_shapes.py:4449] [0/11] ps2 is not in var_ranges, defaulting to unknown range.
W1004 08:44:47.402000 126182892300096 torch/fx/experimental/symbolic_shapes.py:4449] [0/11] ps6 is not in var_ranges, defaulting to unknown range.
W1004 08:44:47.403000 126182892300096 torch/fx/experimental/symbolic_shapes.py:4449] [0/11] ps4 is not in var_ranges, defaulting to unknown range.
W1004 08:44:48.039000 126182892300096 torch/fx/experimental/symbolic_shapes.py:4449] [0/11] ps10 is not in var_ranges, defaulting to unknown range.
W1004 08:44:48.039000 126182892300096 torch/fx/experimental/symbolic_shapes.py:4449] [0/11] ps8 is not in var_ranges, defaulting to unknown range.
W1004 08:44:58.718000 126182892300096 torch/fx/experimental/symbolic_shapes.py:4449] [0/11] ps1 is not in var_ranges, defaulting to unknown range.
W1004 08:45:02.223000 126182892300096 torch/fx/experimental/symbolic_shapes.py:4449] [0/11] ps4 is not in var_ranges, defaulting to unknown range.
W1004 08:45:02.237000 126182892300096 torch/fx/experimental/symbolic_shapes.py:4449] [0/11] ps6 is not in var_ranges, defaulting to unknown range.
W1004 08:45:02.237000 126182892300096 torch/fx/experimental/symbolic_shapes.py:4449] [0/11] ps4 is not in var_ranges, defaulting to unknown range.
seed 3: cfg0 0.7522 4.537s  cfg1 0.7507 332.785s
seed 4: cfg0 0.7565 4.536s  cfg1 0.7448 4.442s
seed 5: cfg0 0.7519 4.571s  cfg1 0.7405 4.453s
seed 6: cfg0 0.7573 4.569s  cfg1 0.7465 4.464s
seed 7: cfg0 0.7538 4.577s  cfg1 0.7493 4.469s
seed 8: cfg0 0.7568 4.585s  cfg1 0.7481 4.472s
seed 9: cfg0 0.7538 4.589s  cfg1 0.7483 4.479s
seed 10: cfg0 0.7532 4.593s  cfg1 0.7473 4.479s
seed 11: cfg0 0.7540 4.590s  cfg1 0.7466 4.475s
seed 12: cfg0 0.7524 4.587s  cfg1 0.7464 4.474s
seed 13: cfg0 0.7547 4.586s  cfg1 0.7487 4.485s
seed 14: cfg0 0.7535 4.590s  cfg1 0.7522 4.487s
seed 15: cfg0 0.7521 4.598s  cfg1 0.7453 4.494s
seed 16: cfg0 0.7558 4.594s  cfg1 0.7457 4.487s
seed 17: cfg0 0.7506 4.602s  cfg1 0.7465 4.488s
seed 18: cfg0 0.7579 4.596s  cfg1 0.7490 4.486s
seed 19: cfg0 0.7491 4.597s  cfg1 0.7460 4.505s
seed 20: cfg0 0.7539 4.599s  cfg1 0.7486 4.481s
seed 21: cfg0 0.7539 4.595s  cfg1 0.7462 4.482s
seed 22: cfg0 0.7589 4.594s  cfg1 0.7539 4.489s
cfg0 {"_all_use_relu": false}: mean acc 0.75411, mean time 4.584s, median time 4.590s
cfg1 {"_all_use_relu": true}: mean acc 0.74753, mean time 20.894s, median time 4.481s
  paired vs cfg0: -0.658 pp (sd 0.303, SE 0.068); time +355.77% (median -2.38%)
