Vocab size: 8,192
Model config: {'sequence_len': 2048, 'vocab_size': 8192, 'n_layer': 8, 'n_head': 5, 'n_kv_head': 5, 'n_embd': 640, 'window_pattern': 'L'}
Parameter counts:
  wte                     : 5,242,880
  value_embeds            : 20,971,520
  lm_head                 : 5,242,880
  transformer_matrices    : 39,322,240
  scalars                 : 16
  total                   : 70,779,536
Estimated FLOPs per token: 3.932198e+08
Scaling AdamW LRs by 1/sqrt(640/768) = 1.095445
Time budget: 300s
Gradient accumulation steps: 2

step 00000 (0.0%) | loss: 9.011301 | lrm: 1.00 | dt: 14532ms | tok/sec: 36,079 | mfu: 1.4% | epoch: 1 | remaining: 300s    
step 00001 (0.0%) | loss: 9.212739 | lrm: 1.00 | dt: 811ms | tok/sec: 646,783 | mfu: 25.7% | epoch: 1 | remaining: 300s    
step 00002 (0.0%) | loss: 8.971946 | lrm: 1.00 | dt: 809ms | tok/sec: 647,710 | mfu: 25.7% | epoch: 1 | remaining: 300s    
step 00003 (0.0%) | loss: 8.830489 | lrm: 1.00 | dt: 810ms | tok/sec: 647,101 | mfu: 25.7% | epoch: 1 | remaining: 300s    
step 00004 (0.0%) | loss: 8.446798 | lrm: 1.00 | dt: 809ms | tok/sec: 647,712 | mfu: 25.7% | epoch: 1 | remaining: 300s    
step 00005 (0.0%) | loss: 8.074853 | lrm: 1.00 | dt: 811ms | tok/sec: 646,867 | mfu: 25.7% | epoch: 1 | remaining: 300s    
step 00006 (0.0%) | loss: 7.773019 | lrm: 1.00 | dt: 809ms | tok/sec: 647,952 | mfu: 25.7% | epoch: 1 | remaining: 300s    
step 00007 (0.0%) | loss: 7.515654 | lrm: 1.00 | dt: 811ms | tok/sec: 646,575 | mfu: 25.7% | epoch: 1 | remaining: 300s    
step 00008 (0.0%) | loss: 7.288390 | lrm: 1.00 | dt: 810ms | tok/sec: 647,467 | mfu: 25.7% | epoch: 1 | remaining: 300s    
step 00009 (0.0%) | loss: 7.085850 | lrm: 1.00 | dt: 811ms | tok/sec: 646,462 | mfu: 25.7% | epoch: 1 | remaining: 300s    
step 00010 (0.0%) | loss: 6.909250 | lrm: 1.00 | dt: 810ms | tok/sec: 646,892 | mfu: 25.7% | epoch: 1 | remaining: 300s    
step 00011 (0.0%) | loss: 6.752928 | lrm: 1.00 | dt: 811ms | tok/sec: 646,388 | mfu: 25.7% | epoch: 1 | remaining: 299s    
step 00012 (0.3%) | loss: 6.614588 | lrm: 1.00 | dt: 811ms | tok/sec: 646,380 | mfu: 25.7% | epoch: 1 | remaining: 298s    
step 00013 (0.5%) | loss: 6.495489 | lrm: 1.00 | dt: 812ms | tok/sec: 646,048 | mfu: 25.7% | epoch: 1 | remaining: 298s    
step 00014 (0.8%) | loss: 6.383442 | lrm: 1.00 | dt: 813ms | tok/sec: 644,866 | mfu: 25.6% | epoch: 1 | remaining: 297s    
step 00015 (1.1%) | loss: 6.287603 | lrm: 1.00 | dt: 811ms | tok/sec: 646,134 | mfu: 25.7% | epoch: 1 | remaining: 296s    
step 00016 (1.4%) | loss: 6.201436 | lrm: 1.00 | dt: 813ms | tok/sec: 645,069 | mfu: 25.6% | epoch: 1 | remaining: 295s    
step 00017 (1.6%) | loss: 6.124276 | lrm: 1.00 | dt: 812ms | tok/sec: 645,508 | mfu: 25.7% | epoch: 1 | remaining: 294s    
step 00018 (1.9%) | loss: 6.053989 | lrm: 1.00 | dt: 813ms | tok/sec: 645,189 | mfu: 25.6% | epoch: 1 | remaining: 294s    
step 00019 (2.2%) | loss: 5.993139 | lrm: 1.00 | dt: 815ms | tok/sec: 643,669 | mfu: 25.6% | epoch: 1 | remaining: 293s    
step 00020 (2.4%) | loss: 5.938239 | lrm: 1.00 | dt: 815ms | tok/sec: 643,195 | mfu: 25.6% | epoch: 1 | remaining: 292s    
step 00021 (2.7%) | loss: 5.887164 | lrm: 1.00 | dt: 815ms | tok/sec: 643,386 | mfu: 25.6% | epoch: 1 | remaining: 291s    
step 00022 (3.0%) | loss: 5.839145 | lrm: 1.00 | dt: 815ms | tok/sec: 643,386 | mfu: 25.6% | epoch: 1 | remaining: 290s    
step 00023 (3.3%) | loss: 5.797033 | lrm: 1.00 | dt: 816ms | tok/sec: 642,626 | mfu: 25.5% | epoch: 1 | remaining: 289s    
step 00024 (3.5%) | loss: 5.757657 | lrm: 1.00 | dt: 816ms | tok/sec: 642,508 | mfu: 25.5% | epoch: 1 | remaining: 289s    
step 00025 (3.8%) | loss: 5.722080 | lrm: 1.00 | dt: 816ms | tok/sec: 642,809 | mfu: 25.5% | epoch: 1 | remaining: 288s    
step 00026 (4.1%) | loss: 5.685557 | lrm: 1.00 | dt: 815ms | tok/sec: 643,042 | mfu: 25.6% | epoch: 1 | remaining: 287s    
step 00027 (4.3%) | loss: 5.654723 | lrm: 1.00 | dt: 816ms | tok/sec: 642,359 | mfu: 25.5% | epoch: 1 | remaining: 286s    
step 00028 (4.6%) | loss: 5.625516 | lrm: 1.00 | dt: 817ms | tok/sec: 641,828 | mfu: 25.5% | epoch: 1 | remaining: 285s    
step 00029 (4.9%) | loss: 5.599786 | lrm: 1.00 | dt: 817ms | tok/sec: 641,834 | mfu: 25.5% | epoch: 1 | remaining: 285s    
step 00030 (5.2%) | loss: 5.573458 | lrm: 1.00 | dt: 816ms | tok/sec: 642,616 | mfu: 25.5% | epoch: 1 | remaining: 284s    
step 00031 (5.4%) | loss: 5.546558 | lrm: 1.00 | dt: 816ms | tok/sec: 642,638 | mfu: 25.5% | epoch: 1 | remaining: 283s    
step 00032 (5.7%) | loss: 5.522505 | lrm: 1.00 | dt: 816ms | tok/sec: 642,514 | mfu: 25.5% | epoch: 1 | remaining: 282s    
step 00033 (6.0%) | loss: 5.498440 | lrm: 1.00 | dt: 817ms | tok/sec: 642,026 | mfu: 25.5% | epoch: 1 | remaining: 281s    
step 00034 (6.2%) | loss: 5.472393 | lrm: 1.00 | dt: 817ms | tok/sec: 641,381 | mfu: 25.5% | epoch: 1 | remaining: 280s    
step 00035 (6.5%) | loss: 5.448789 | lrm: 1.00 | dt: 817ms | tok/sec: 641,410 | mfu: 25.5% | epoch: 1 | remaining: 280s    
step 00036 (6.8%) | loss: 5.429017 | lrm: 1.00 | dt: 817ms | tok/sec: 641,969 | mfu: 25.5% | epoch: 1 | remaining: 279s    
step 00037 (7.1%) | loss: 5.407302 | lrm: 1.00 | dt: 816ms | tok/sec: 642,135 | mfu: 25.5% | epoch: 1 | remaining: 278s    
step 00038 (7.3%) | loss: 5.386186 | lrm: 1.00 | dt: 817ms | tok/sec: 642,095 | mfu: 25.5% | epoch: 1 | remaining: 277s    
step 00039 (7.6%) | loss: 5.361750 | lrm: 1.00 | dt: 817ms | tok/sec: 641,743 | mfu: 25.5% | epoch: 1 | remaining: 276s    
step 00040 (7.9%) | loss: 5.339054 | lrm: 1.00 | dt: 817ms | tok/sec: 641,388 | mfu: 25.5% | epoch: 1 | remaining: 276s    
step 00041 (8.2%) | loss: 5.319989 | lrm: 1.00 | dt: 818ms | tok/sec: 640,969 | mfu: 25.5% | epoch: 1 | remaining: 275s    
step 00042 (8.4%) | loss: 5.300554 | lrm: 1.00 | dt: 818ms | tok/sec: 641,115 | mfu: 25.5% | epoch: 1 | remaining: 274s    
step 00043 (8.7%) | loss: 5.276919 | lrm: 1.00 | dt: 817ms | tok/sec: 641,378 | mfu: 25.5% | epoch: 1 | remaining: 273s    
step 00044 (9.0%) | loss: 5.256196 | lrm: 1.00 | dt: 817ms | tok/sec: 641,612 | mfu: 25.5% | epoch: 1 | remaining: 272s    
step 00045 (9.2%) | loss: 5.236264 | lrm: 1.00 | dt: 817ms | tok/sec: 641,861 | mfu: 25.5% | epoch: 1 | remaining: 271s    
step 00046 (9.5%) | loss: 5.216989 | lrm: 1.00 | dt: 817ms | tok/sec: 641,779 | mfu: 25.5% | epoch: 1 | remaining: 271s    
step 00047 (9.8%) | loss: 5.194811 | lrm: 1.00 | dt: 818ms | tok/sec: 641,249 | mfu: 25.5% | epoch: 1 | remaining: 270s    
step 00048 (10.1%) | loss: 5.176866 | lrm: 1.00 | dt: 818ms | tok/sec: 641,190 | mfu: 25.5% | epoch: 1 | remaining: 269s    
step 00049 (10.3%) | loss: 5.156353 | lrm: 1.00 | dt: 818ms | tok/sec: 641,007 | mfu: 25.5% | epoch: 1 | remaining: 268s    
step 00050 (10.6%) | loss: 5.134011 | lrm: 1.00 | dt: 818ms | tok/sec: 641,186 | mfu: 25.5% | epoch: 1 | remaining: 267s    
step 00051 (10.9%) | loss: 5.117981 | lrm: 1.00 | dt: 816ms | tok/sec: 642,882 | mfu: 25.5% | epoch: 1 | remaining: 267s    
step 00052 (11.1%) | loss: 5.098411 | lrm: 1.00 | dt: 816ms | tok/sec: 642,688 | mfu: 25.5% | epoch: 1 | remaining: 266s    
step 00053 (11.4%) | loss: 5.079533 | lrm: 1.00 | dt: 817ms | tok/sec: 641,723 | mfu: 25.5% | epoch: 1 | remaining: 265s    
step 00054 (11.7%) | loss: 5.059207 | lrm: 1.00 | dt: 817ms | tok/sec: 641,501 | mfu: 25.5% | epoch: 1 | remaining: 264s    
step 00055 (12.0%) | loss: 5.038548 | lrm: 1.00 | dt: 818ms | tok/sec: 640,660 | mfu: 25.5% | epoch: 1 | remaining: 263s    
step 00056 (12.2%) | loss: 5.021749 | lrm: 1.00 | dt: 818ms | tok/sec: 641,004 | mfu: 25.5% | epoch: 1 | remaining: 262s    
step 00057 (12.5%) | loss: 5.002999 | lrm: 1.00 | dt: 818ms | tok/sec: 640,920 | mfu: 25.5% | epoch: 1 | remaining: 262s    
step 00058 (12.8%) | loss: 4.984283 | lrm: 1.00 | dt: 818ms | tok/sec: 640,970 | mfu: 25.5% | epoch: 1 | remaining: 261s    
step 00059 (13.1%) | loss: 4.960716 | lrm: 1.00 | dt: 818ms | tok/sec: 641,270 | mfu: 25.5% | epoch: 1 | remaining: 260s    
step 00060 (13.3%) | loss: 4.943238 | lrm: 1.00 | dt: 817ms | tok/sec: 641,786 | mfu: 25.5% | epoch: 1 | remaining: 259s    
step 00061 (13.6%) | loss: 4.926896 | lrm: 1.00 | dt: 817ms | tok/sec: 641,471 | mfu: 25.5% | epoch: 1 | remaining: 258s    
step 00062 (13.9%) | loss: 4.906714 | lrm: 1.00 | dt: 817ms | tok/sec: 641,592 | mfu: 25.5% | epoch: 1 | remaining: 258s    
step 00063 (14.1%) | loss: 4.886251 | lrm: 1.00 | dt: 818ms | tok/sec: 641,150 | mfu: 25.5% | epoch: 1 | remaining: 257s    
step 00064 (14.4%) | loss: 4.866990 | lrm: 1.00 | dt: 819ms | tok/sec: 640,330 | mfu: 25.4% | epoch: 1 | remaining: 256s    
step 00065 (14.7%) | loss: 4.849698 | lrm: 1.00 | dt: 819ms | tok/sec: 640,371 | mfu: 25.4% | epoch: 1 | remaining: 255s    
step 00066 (15.0%) | loss: 4.833878 | lrm: 1.00 | dt: 818ms | tok/sec: 640,557 | mfu: 25.5% | epoch: 1 | remaining: 254s    
step 00067 (15.2%) | loss: 4.818184 | lrm: 1.00 | dt: 819ms | tok/sec: 640,259 | mfu: 25.4% | epoch: 1 | remaining: 253s    
step 00068 (15.5%) | loss: 4.801808 | lrm: 1.00 | dt: 818ms | tok/sec: 640,728 | mfu: 25.5% | epoch: 1 | remaining: 253s    
step 00069 (15.8%) | loss: 4.782002 | lrm: 1.00 | dt: 818ms | tok/sec: 641,050 | mfu: 25.5% | epoch: 1 | remaining: 252s    
step 00070 (16.1%) | loss: 4.763219 | lrm: 1.00 | dt: 817ms | tok/sec: 641,437 | mfu: 25.5% | epoch: 1 | remaining: 251s    
step 00071 (16.3%) | loss: 4.738509 | lrm: 1.00 | dt: 817ms | tok/sec: 641,522 | mfu: 25.5% | epoch: 1 | remaining: 250s    
step 00072 (16.6%) | loss: 4.725210 | lrm: 1.00 | dt: 817ms | tok/sec: 641,638 | mfu: 25.5% | epoch: 1 | remaining: 249s    
step 00073 (16.9%) | loss: 4.709403 | lrm: 1.00 | dt: 818ms | tok/sec: 640,965 | mfu: 25.5% | epoch: 1 | remaining: 249s    
step 00074 (17.1%) | loss: 4.691009 | lrm: 1.00 | dt: 818ms | tok/sec: 640,868 | mfu: 25.5% | epoch: 1 | remaining: 248s    
step 00075 (17.4%) | loss: 4.673979 | lrm: 1.00 | dt: 819ms | tok/sec: 640,017 | mfu: 25.4% | epoch: 1 | remaining: 247s    
step 00076 (17.7%) | loss: 4.658720 | lrm: 1.00 | dt: 819ms | tok/sec: 640,007 | mfu: 25.4% | epoch: 1 | remaining: 246s    
step 00077 (18.0%) | loss: 4.644555 | lrm: 1.00 | dt: 819ms | tok/sec: 640,479 | mfu: 25.5% | epoch: 1 | remaining: 245s    
step 00078 (18.2%) | loss: 4.624491 | lrm: 1.00 | dt: 819ms | tok/sec: 640,268 | mfu: 25.4% | epoch: 1 | remaining: 244s    
step 00079 (18.5%) | loss: 4.604651 | lrm: 1.00 | dt: 819ms | tok/sec: 640,464 | mfu: 25.5% | epoch: 1 | remaining: 244s    
step 00080 (18.8%) | loss: 4.588126 | lrm: 1.00 | dt: 818ms | tok/sec: 640,891 | mfu: 25.5% | epoch: 1 | remaining: 243s    
step 00081 (19.1%) | loss: 4.570367 | lrm: 1.00 | dt: 818ms | tok/sec: 641,144 | mfu: 25.5% | epoch: 1 | remaining: 242s    
step 00082 (19.3%) | loss: 4.554899 | lrm: 1.00 | dt: 817ms | tok/sec: 641,673 | mfu: 25.5% | epoch: 1 | remaining: 241s    
step 00083 (19.6%) | loss: 4.533475 | lrm: 1.00 | dt: 818ms | tok/sec: 641,077 | mfu: 25.5% | epoch: 1 | remaining: 240s    
step 00084 (19.9%) | loss: 4.512403 | lrm: 1.00 | dt: 818ms | tok/sec: 641,177 | mfu: 25.5% | epoch: 1 | remaining: 240s    
step 00085 (20.1%) | loss: 4.497525 | lrm: 1.00 | dt: 818ms | tok/sec: 640,836 | mfu: 25.5% | epoch: 1 | remaining: 239s    
step 00086 (20.4%) | loss: 4.479566 | lrm: 1.00 | dt: 819ms | tok/sec: 640,373 | mfu: 25.4% | epoch: 1 | remaining: 238s    
step 00087 (20.7%) | loss: 4.463391 | lrm: 1.00 | dt: 819ms | tok/sec: 640,449 | mfu: 25.5% | epoch: 1 | remaining: 237s    
step 00088 (21.0%) | loss: 4.448022 | lrm: 1.00 | dt: 817ms | tok/sec: 641,881 | mfu: 25.5% | epoch: 1 | remaining: 236s    
step 00089 (21.2%) | loss: 4.430158 | lrm: 1.00 | dt: 817ms | tok/sec: 641,434 | mfu: 25.5% | epoch: 1 | remaining: 235s    
step 00090 (21.5%) | loss: 4.414035 | lrm: 1.00 | dt: 817ms | tok/sec: 641,426 | mfu: 25.5% | epoch: 1 | remaining: 235s    
step 00091 (21.8%) | loss: 4.393517 | lrm: 1.00 | dt: 817ms | tok/sec: 641,503 | mfu: 25.5% | epoch: 1 | remaining: 234s    
step 00092 (22.1%) | loss: 4.378862 | lrm: 1.00 | dt: 818ms | tok/sec: 640,936 | mfu: 25.5% | epoch: 1 | remaining: 233s    
step 00093 (22.3%) | loss: 4.361009 | lrm: 1.00 | dt: 818ms | tok/sec: 641,278 | mfu: 25.5% | epoch: 1 | remaining: 232s    
step 00094 (22.6%) | loss: 4.345989 | lrm: 1.00 | dt: 818ms | tok/sec: 640,629 | mfu: 25.5% | epoch: 1 | remaining: 231s    
step 00095 (22.9%) | loss: 4.329794 | lrm: 1.00 | dt: 819ms | tok/sec: 640,516 | mfu: 25.5% | epoch: 1 | remaining: 231s    
step 00096 (23.1%) | loss: 4.311447 | lrm: 1.00 | dt: 819ms | tok/sec: 639,953 | mfu: 25.4% | epoch: 1 | remaining: 230s    
step 00097 (23.4%) | loss: 4.296314 | lrm: 1.00 | dt: 819ms | tok/sec: 639,789 | mfu: 25.4% | epoch: 1 | remaining: 229s    
step 00098 (23.7%) | loss: 4.278884 | lrm: 1.00 | dt: 820ms | tok/sec: 639,640 | mfu: 25.4% | epoch: 1 | remaining: 228s    
step 00099 (24.0%) | loss: 4.262024 | lrm: 1.00 | dt: 819ms | tok/sec: 640,050 | mfu: 25.4% | epoch: 1 | remaining: 227s    
step 00100 (24.2%) | loss: 4.246989 | lrm: 1.00 | dt: 819ms | tok/sec: 640,408 | mfu: 25.4% | epoch: 1 | remaining: 226s    
step 00101 (24.5%) | loss: 4.228660 | lrm: 1.00 | dt: 819ms | tok/sec: 640,256 | mfu: 25.4% | epoch: 1 | remaining: 226s    
step 00102 (24.8%) | loss: 4.211425 | lrm: 1.00 | dt: 819ms | tok/sec: 640,254 | mfu: 25.4% | epoch: 1 | remaining: 225s    
step 00103 (25.1%) | loss: 4.188320 | lrm: 1.00 | dt: 819ms | tok/sec: 640,347 | mfu: 25.4% | epoch: 1 | remaining: 224s    
step 00104 (25.3%) | loss: 4.171749 | lrm: 1.00 | dt: 818ms | tok/sec: 640,626 | mfu: 25.5% | epoch: 1 | remaining: 223s    
step 00105 (25.6%) | loss: 4.156093 | lrm: 1.00 | dt: 819ms | tok/sec: 640,398 | mfu: 25.4% | epoch: 1 | remaining: 222s    
step 00106 (25.9%) | loss: 4.141032 | lrm: 1.00 | dt: 818ms | tok/sec: 641,059 | mfu: 25.5% | epoch: 1 | remaining: 222s    
step 00107 (26.1%) | loss: 4.129272 | lrm: 1.00 | dt: 818ms | tok/sec: 641,043 | mfu: 25.5% | epoch: 1 | remaining: 221s    
step 00108 (26.4%) | loss: 4.116324 | lrm: 1.00 | dt: 818ms | tok/sec: 641,255 | mfu: 25.5% | epoch: 1 | remaining: 220s    
step 00109 (26.7%) | loss: 4.102159 | lrm: 1.00 | dt: 818ms | tok/sec: 640,882 | mfu: 25.5% | epoch: 1 | remaining: 219s    
step 00110 (27.0%) | loss: 4.085604 | lrm: 1.00 | dt: 818ms | tok/sec: 640,674 | mfu: 25.5% | epoch: 1 | remaining: 218s    
step 00111 (27.2%) | loss: 4.075046 | lrm: 1.00 | dt: 819ms | tok/sec: 640,346 | mfu: 25.4% | epoch: 1 | remaining: 217s    
step 00112 (27.5%) | loss: 4.061864 | lrm: 1.00 | dt: 819ms | tok/sec: 640,048 | mfu: 25.4% | epoch: 1 | remaining: 217s    
step 00113 (27.8%) | loss: 4.051521 | lrm: 1.00 | dt: 819ms | tok/sec: 640,073 | mfu: 25.4% | epoch: 1 | remaining: 216s    
step 00114 (28.1%) | loss: 4.042933 | lrm: 1.00 | dt: 819ms | tok/sec: 640,005 | mfu: 25.4% | epoch: 1 | remaining: 215s    
step 00115 (28.3%) | loss: 4.029844 | lrm: 1.00 | dt: 819ms | tok/sec: 640,483 | mfu: 25.5% | epoch: 1 | remaining: 214s    
step 00116 (28.6%) | loss: 4.014858 | lrm: 1.00 | dt: 819ms | tok/sec: 640,140 | mfu: 25.4% | epoch: 1 | remaining: 213s    
step 00117 (28.9%) | loss: 4.006867 | lrm: 1.00 | dt: 819ms | tok/sec: 640,258 | mfu: 25.4% | epoch: 1 | remaining: 213s    
step 00118 (29.1%) | loss: 3.990791 | lrm: 1.00 | dt: 819ms | tok/sec: 640,471 | mfu: 25.5% | epoch: 1 | remaining: 212s    
step 00119 (29.4%) | loss: 3.980198 | lrm: 1.00 | dt: 818ms | tok/sec: 640,699 | mfu: 25.5% | epoch: 1 | remaining: 211s    
step 00120 (29.7%) | loss: 3.970003 | lrm: 1.00 | dt: 818ms | tok/sec: 641,116 | mfu: 25.5% | epoch: 1 | remaining: 210s    
step 00121 (30.0%) | loss: 3.949999 | lrm: 1.00 | dt: 817ms | tok/sec: 641,424 | mfu: 25.5% | epoch: 1 | remaining: 209s    
step 00122 (30.2%) | loss: 3.936670 | lrm: 1.00 | dt: 817ms | tok/sec: 641,475 | mfu: 25.5% | epoch: 1 | remaining: 208s    
step 00123 (30.5%) | loss: 3.925337 | lrm: 1.00 | dt: 817ms | tok/sec: 641,473 | mfu: 25.5% | epoch: 1 | remaining: 208s    
step 00124 (30.8%) | loss: 3.915322 | lrm: 1.00 | dt: 818ms | tok/sec: 640,936 | mfu: 25.5% | epoch: 1 | remaining: 207s    
step 00125 (31.1%) | loss: 3.901259 | lrm: 1.00 | dt: 818ms | tok/sec: 641,180 | mfu: 25.5% | epoch: 1 | remaining: 206s    
step 00126 (31.3%) | loss: 3.888326 | lrm: 1.00 | dt: 818ms | tok/sec: 641,133 | mfu: 25.5% | epoch: 1 | remaining: 205s    
step 00127 (31.6%) | loss: 3.873948 | lrm: 1.00 | dt: 816ms | tok/sec: 642,428 | mfu: 25.5% | epoch: 1 | remaining: 204s    
step 00128 (31.9%) | loss: 3.865268 | lrm: 1.00 | dt: 816ms | tok/sec: 642,642 | mfu: 25.5% | epoch: 1 | remaining: 204s    
step 00129 (32.1%) | loss: 3.853730 | lrm: 1.00 | dt: 816ms | tok/sec: 642,834 | mfu: 25.5% | epoch: 1 | remaining: 203s    
step 00130 (32.4%) | loss: 3.845293 | lrm: 1.00 | dt: 817ms | tok/sec: 641,538 | mfu: 25.5% | epoch: 1 | remaining: 202s    
step 00131 (32.7%) | loss: 3.834037 | lrm: 1.00 | dt: 819ms | tok/sec: 640,323 | mfu: 25.4% | epoch: 1 | remaining: 201s    
step 00132 (33.0%) | loss: 3.823722 | lrm: 1.00 | dt: 817ms | tok/sec: 641,627 | mfu: 25.5% | epoch: 1 | remaining: 200s    
step 00133 (33.2%) | loss: 3.817931 | lrm: 1.00 | dt: 819ms | tok/sec: 640,331 | mfu: 25.4% | epoch: 1 | remaining: 199s    
step 00134 (33.5%) | loss: 3.804458 | lrm: 1.00 | dt: 816ms | tok/sec: 642,762 | mfu: 25.5% | epoch: 1 | remaining: 199s    
step 00135 (33.8%) | loss: 3.794104 | lrm: 1.00 | dt: 815ms | tok/sec: 643,341 | mfu: 25.6% | epoch: 1 | remaining: 198s    
step 00136 (34.1%) | loss: 3.782348 | lrm: 1.00 | dt: 816ms | tok/sec: 642,299 | mfu: 25.5% | epoch: 1 | remaining: 197s    
step 00137 (34.3%) | loss: 3.773637 | lrm: 1.00 | dt: 817ms | tok/sec: 641,706 | mfu: 25.5% | epoch: 1 | remaining: 196s    
step 00138 (34.6%) | loss: 3.770336 | lrm: 1.00 | dt: 817ms | tok/sec: 641,982 | mfu: 25.5% | epoch: 1 | remaining: 195s    
step 00139 (34.9%) | loss: 3.757683 | lrm: 1.00 | dt: 818ms | tok/sec: 641,177 | mfu: 25.5% | epoch: 1 | remaining: 195s    
step 00140 (35.1%) | loss: 3.747787 | lrm: 1.00 | dt: 816ms | tok/sec: 642,128 | mfu: 25.5% | epoch: 1 | remaining: 194s    
step 00141 (35.4%) | loss: 3.741933 | lrm: 1.00 | dt: 815ms | tok/sec: 643,398 | mfu: 25.6% | epoch: 1 | remaining: 193s    
step 00142 (35.7%) | loss: 3.735866 | lrm: 1.00 | dt: 817ms | tok/sec: 641,965 | mfu: 25.5% | epoch: 1 | remaining: 192s    
step 00143 (36.0%) | loss: 3.726152 | lrm: 1.00 | dt: 817ms | tok/sec: 641,525 | mfu: 25.5% | epoch: 1 | remaining: 191s    
step 00144 (36.2%) | loss: 3.725457 | lrm: 1.00 | dt: 818ms | tok/sec: 641,277 | mfu: 25.5% | epoch: 1 | remaining: 190s    
step 00145 (36.5%) | loss: 3.717103 | lrm: 1.00 | dt: 818ms | tok/sec: 640,930 | mfu: 25.5% | epoch: 1 | remaining: 190s    
step 00146 (36.8%) | loss: 3.709367 | lrm: 1.00 | dt: 816ms | tok/sec: 642,608 | mfu: 25.5% | epoch: 1 | remaining: 189s    
step 00147 (37.0%) | loss: 3.705445 | lrm: 1.00 | dt: 815ms | tok/sec: 643,309 | mfu: 25.6% | epoch: 1 | remaining: 188s    
step 00148 (37.3%) | loss: 3.695338 | lrm: 1.00 | dt: 816ms | tok/sec: 642,498 | mfu: 25.5% | epoch: 1 | remaining: 187s    
step 00149 (37.6%) | loss: 3.682385 | lrm: 1.00 | dt: 817ms | tok/sec: 641,781 | mfu: 25.5% | epoch: 1 | remaining: 186s    
step 00150 (37.9%) | loss: 3.677766 | lrm: 1.00 | dt: 817ms | tok/sec: 641,830 | mfu: 25.5% | epoch: 1 | remaining: 186s    
step 00151 (38.1%) | loss: 3.675115 | lrm: 1.00 | dt: 818ms | tok/sec: 640,784 | mfu: 25.5% | epoch: 1 | remaining: 185s    
step 00152 (38.4%) | loss: 3.667545 | lrm: 1.00 | dt: 816ms | tok/sec: 642,227 | mfu: 25.5% | epoch: 1 | remaining: 184s    
step 00153 (38.7%) | loss: 3.666940 | lrm: 1.00 | dt: 815ms | tok/sec: 643,615 | mfu: 25.6% | epoch: 1 | remaining: 183s    
step 00154 (38.9%) | loss: 3.663477 | lrm: 1.00 | dt: 817ms | tok/sec: 642,081 | mfu: 25.5% | epoch: 1 | remaining: 182s    
step 00155 (39.2%) | loss: 3.656122 | lrm: 1.00 | dt: 817ms | tok/sec: 641,643 | mfu: 25.5% | epoch: 1 | remaining: 182s    
step 00156 (39.5%) | loss: 3.647519 | lrm: 1.00 | dt: 817ms | tok/sec: 641,517 | mfu: 25.5% | epoch: 1 | remaining: 181s    
step 00157 (39.8%) | loss: 3.639708 | lrm: 1.00 | dt: 818ms | tok/sec: 640,573 | mfu: 25.5% | epoch: 1 | remaining: 180s    
step 00158 (40.0%) | loss: 3.635838 | lrm: 1.00 | dt: 816ms | tok/sec: 642,518 | mfu: 25.5% | epoch: 1 | remaining: 179s    
step 00159 (40.3%) | loss: 3.626987 | lrm: 1.00 | dt: 815ms | tok/sec: 643,673 | mfu: 25.6% | epoch: 1 | remaining: 178s    
step 00160 (40.6%) | loss: 3.623480 | lrm: 1.00 | dt: 816ms | tok/sec: 642,319 | mfu: 25.5% | epoch: 1 | remaining: 177s    
step 00161 (40.9%) | loss: 3.618584 | lrm: 1.00 | dt: 817ms | tok/sec: 641,908 | mfu: 25.5% | epoch: 1 | remaining: 177s    
step 00162 (41.1%) | loss: 3.616766 | lrm: 1.00 | dt: 817ms | tok/sec: 642,087 | mfu: 25.5% | epoch: 1 | remaining: 176s    
step 00163 (41.4%) | loss: 3.608881 | lrm: 1.00 | dt: 816ms | tok/sec: 642,443 | mfu: 25.5% | epoch: 1 | remaining: 175s    
step 00164 (41.7%) | loss: 3.605716 | lrm: 1.00 | dt: 815ms | tok/sec: 643,210 | mfu: 25.6% | epoch: 1 | remaining: 174s    
step 00165 (41.9%) | loss: 3.601370 | lrm: 1.00 | dt: 816ms | tok/sec: 642,867 | mfu: 25.5% | epoch: 1 | remaining: 173s    
step 00166 (42.2%) | loss: 3.595552 | lrm: 1.00 | dt: 817ms | tok/sec: 641,995 | mfu: 25.5% | epoch: 1 | remaining: 173s    
step 00167 (42.5%) | loss: 3.591715 | lrm: 1.00 | dt: 817ms | tok/sec: 641,986 | mfu: 25.5% | epoch: 1 | remaining: 172s    
step 00168 (42.8%) | loss: 3.588104 | lrm: 1.00 | dt: 816ms | tok/sec: 642,779 | mfu: 25.5% | epoch: 1 | remaining: 171s    
step 00169 (43.0%) | loss: 3.582037 | lrm: 1.00 | dt: 815ms | tok/sec: 643,446 | mfu: 25.6% | epoch: 1 | remaining: 170s    
step 00170 (43.3%) | loss: 3.574288 | lrm: 1.00 | dt: 816ms | tok/sec: 642,877 | mfu: 25.5% | epoch: 1 | remaining: 169s    
step 00171 (43.6%) | loss: 3.572434 | lrm: 1.00 | dt: 817ms | tok/sec: 641,597 | mfu: 25.5% | epoch: 1 | remaining: 168s    
step 00172 (43.8%) | loss: 3.570474 | lrm: 1.00 | dt: 816ms | tok/sec: 642,348 | mfu: 25.5% | epoch: 1 | remaining: 168s    
step 00173 (44.1%) | loss: 3.565485 | lrm: 1.00 | dt: 815ms | tok/sec: 642,979 | mfu: 25.6% | epoch: 1 | remaining: 167s    
step 00174 (44.4%) | loss: 3.563591 | lrm: 1.00 | dt: 814ms | tok/sec: 643,739 | mfu: 25.6% | epoch: 1 | remaining: 166s    
step 00175 (44.7%) | loss: 3.560184 | lrm: 1.00 | dt: 817ms | tok/sec: 641,972 | mfu: 25.5% | epoch: 1 | remaining: 165s    
step 00176 (44.9%) | loss: 3.557590 | lrm: 1.00 | dt: 817ms | tok/sec: 641,761 | mfu: 25.5% | epoch: 1 | remaining: 164s    
step 00177 (45.2%) | loss: 3.554252 | lrm: 1.00 | dt: 817ms | tok/sec: 642,050 | mfu: 25.5% | epoch: 1 | remaining: 164s    
step 00178 (45.5%) | loss: 3.552266 | lrm: 1.00 | dt: 816ms | tok/sec: 642,193 | mfu: 25.5% | epoch: 1 | remaining: 163s    
step 00179 (45.8%) | loss: 3.547843 | lrm: 1.00 | dt: 816ms | tok/sec: 642,681 | mfu: 25.5% | epoch: 1 | remaining: 162s    
step 00180 (46.0%) | loss: 3.544750 | lrm: 1.00 | dt: 815ms | tok/sec: 643,066 | mfu: 25.6% | epoch: 1 | remaining: 161s    
step 00181 (46.3%) | loss: 3.538828 | lrm: 1.00 | dt: 816ms | tok/sec: 642,777 | mfu: 25.5% | epoch: 1 | remaining: 160s    
step 00182 (46.6%) | loss: 3.530622 | lrm: 1.00 | dt: 816ms | tok/sec: 642,336 | mfu: 25.5% | epoch: 1 | remaining: 159s    
step 00183 (46.8%) | loss: 3.522548 | lrm: 1.00 | dt: 816ms | tok/sec: 642,708 | mfu: 25.5% | epoch: 1 | remaining: 159s    
step 00184 (47.1%) | loss: 3.520212 | lrm: 1.00 | dt: 815ms | tok/sec: 643,309 | mfu: 25.6% | epoch: 1 | remaining: 158s    
step 00185 (47.4%) | loss: 3.514734 | lrm: 1.00 | dt: 816ms | tok/sec: 642,537 | mfu: 25.5% | epoch: 1 | remaining: 157s    
step 00186 (47.7%) | loss: 3.508055 | lrm: 1.00 | dt: 817ms | tok/sec: 641,874 | mfu: 25.5% | epoch: 1 | remaining: 156s    
step 00187 (47.9%) | loss: 3.503144 | lrm: 1.00 | dt: 816ms | tok/sec: 642,217 | mfu: 25.5% | epoch: 1 | remaining: 155s    
step 00188 (48.2%) | loss: 3.501720 | lrm: 1.00 | dt: 816ms | tok/sec: 642,242 | mfu: 25.5% | epoch: 1 | remaining: 155s    
step 00189 (48.5%) | loss: 3.498266 | lrm: 1.00 | dt: 815ms | tok/sec: 643,005 | mfu: 25.6% | epoch: 1 | remaining: 154s    
step 00190 (48.7%) | loss: 3.496762 | lrm: 1.00 | dt: 815ms | tok/sec: 643,026 | mfu: 25.6% | epoch: 1 | remaining: 153s    
step 00191 (49.0%) | loss: 3.495985 | lrm: 1.00 | dt: 816ms | tok/sec: 642,583 | mfu: 25.5% | epoch: 1 | remaining: 152s    
step 00192 (49.3%) | loss: 3.489179 | lrm: 1.00 | dt: 816ms | tok/sec: 642,191 | mfu: 25.5% | epoch: 1 | remaining: 151s    
step 00193 (49.6%) | loss: 3.483964 | lrm: 1.00 | dt: 816ms | tok/sec: 642,888 | mfu: 25.5% | epoch: 1 | remaining: 151s    
step 00194 (49.8%) | loss: 3.483228 | lrm: 1.00 | dt: 814ms | tok/sec: 643,978 | mfu: 25.6% | epoch: 1 | remaining: 150s    
step 00195 (50.1%) | loss: 3.479258 | lrm: 1.00 | dt: 816ms | tok/sec: 642,637 | mfu: 25.5% | epoch: 1 | remaining: 149s    
step 00196 (50.4%) | loss: 3.477249 | lrm: 0.99 | dt: 817ms | tok/sec: 641,401 | mfu: 25.5% | epoch: 1 | remaining: 148s    
step 00197 (50.6%) | loss: 3.477686 | lrm: 0.99 | dt: 816ms | tok/sec: 642,225 | mfu: 25.5% | epoch: 1 | remaining: 147s    
step 00198 (50.9%) | loss: 3.471768 | lrm: 0.98 | dt: 815ms | tok/sec: 643,130 | mfu: 25.6% | epoch: 1 | remaining: 146s    
step 00199 (51.2%) | loss: 3.467016 | lrm: 0.98 | dt: 814ms | tok/sec: 644,061 | mfu: 25.6% | epoch: 1 | remaining: 146s    
step 00200 (51.5%) | loss: 3.466734 | lrm: 0.97 | dt: 816ms | tok/sec: 642,364 | mfu: 25.5% | epoch: 1 | remaining: 145s    
step 00201 (51.7%) | loss: 3.464230 | lrm: 0.97 | dt: 817ms | tok/sec: 641,396 | mfu: 25.5% | epoch: 1 | remaining: 144s    
step 00202 (52.0%) | loss: 3.460338 | lrm: 0.96 | dt: 817ms | tok/sec: 642,040 | mfu: 25.5% | epoch: 1 | remaining: 143s    
step 00203 (52.3%) | loss: 3.458245 | lrm: 0.95 | dt: 815ms | tok/sec: 643,092 | mfu: 25.6% | epoch: 1 | remaining: 142s    
step 00204 (52.6%) | loss: 3.454927 | lrm: 0.95 | dt: 814ms | tok/sec: 643,819 | mfu: 25.6% | epoch: 1 | remaining: 142s    
step 00205 (52.8%) | loss: 3.453103 | lrm: 0.94 | dt: 815ms | tok/sec: 643,164 | mfu: 25.6% | epoch: 1 | remaining: 141s    
step 00206 (53.1%) | loss: 3.448818 | lrm: 0.94 | dt: 816ms | tok/sec: 642,895 | mfu: 25.5% | epoch: 1 | remaining: 140s    
step 00207 (53.4%) | loss: 3.445415 | lrm: 0.93 | dt: 815ms | tok/sec: 643,334 | mfu: 25.6% | epoch: 1 | remaining: 139s    
step 00208 (53.6%) | loss: 3.442971 | lrm: 0.93 | dt: 814ms | tok/sec: 643,890 | mfu: 25.6% | epoch: 1 | remaining: 138s    
step 00209 (53.9%) | loss: 3.441235 | lrm: 0.92 | dt: 816ms | tok/sec: 642,786 | mfu: 25.5% | epoch: 1 | remaining: 137s    
step 00210 (54.2%) | loss: 3.437401 | lrm: 0.92 | dt: 816ms | tok/sec: 642,417 | mfu: 25.5% | epoch: 1 | remaining: 137s    
step 00211 (54.5%) | loss: 3.437091 | lrm: 0.91 | dt: 815ms | tok/sec: 643,342 | mfu: 25.6% | epoch: 1 | remaining: 136s    
step 00212 (54.7%) | loss: 3.433508 | lrm: 0.91 | dt: 814ms | tok/sec: 644,129 | mfu: 25.6% | epoch: 1 | remaining: 135s    
step 00213 (55.0%) | loss: 3.427182 | lrm: 0.90 | dt: 816ms | tok/sec: 642,516 | mfu: 25.5% | epoch: 1 | remaining: 134s    
step 00214 (55.3%) | loss: 3.427654 | lrm: 0.89 | dt: 817ms | tok/sec: 641,918 | mfu: 25.5% | epoch: 1 | remaining: 133s    
step 00215 (55.5%) | loss: 3.420032 | lrm: 0.89 | dt: 816ms | tok/sec: 642,452 | mfu: 25.5% | epoch: 1 | remaining: 133s    
step 00216 (55.8%) | loss: 3.420536 | lrm: 0.88 | dt: 815ms | tok/sec: 643,037 | mfu: 25.6% | epoch: 1 | remaining: 132s    
step 00217 (56.1%) | loss: 3.416260 | lrm: 0.88 | dt: 814ms | tok/sec: 643,928 | mfu: 25.6% | epoch: 1 | remaining: 131s    
step 00218 (56.4%) | loss: 3.413980 | lrm: 0.87 | dt: 816ms | tok/sec: 642,866 | mfu: 25.5% | epoch: 1 | remaining: 130s    
step 00219 (56.6%) | loss: 3.411089 | lrm: 0.87 | dt: 816ms | tok/sec: 642,691 | mfu: 25.5% | epoch: 1 | remaining: 129s    
step 00220 (56.9%) | loss: 3.410368 | lrm: 0.86 | dt: 815ms | tok/sec: 643,506 | mfu: 25.6% | epoch: 1 | remaining: 128s    
step 00221 (57.2%) | loss: 3.398502 | lrm: 0.86 | dt: 814ms | tok/sec: 644,442 | mfu: 25.6% | epoch: 1 | remaining: 128s    
step 00222 (57.4%) | loss: 3.394509 | lrm: 0.85 | dt: 815ms | tok/sec: 643,189 | mfu: 25.6% | epoch: 1 | remaining: 127s    
step 00223 (57.7%) | loss: 3.391745 | lrm: 0.85 | dt: 815ms | tok/sec: 642,999 | mfu: 25.6% | epoch: 1 | remaining: 126s    
step 00224 (58.0%) | loss: 3.390836 | lrm: 0.84 | dt: 815ms | tok/sec: 643,169 | mfu: 25.6% | epoch: 1 | remaining: 125s    
step 00225 (58.3%) | loss: 3.393051 | lrm: 0.83 | dt: 814ms | tok/sec: 643,995 | mfu: 25.6% | epoch: 1 | remaining: 124s    
step 00226 (58.5%) | loss: 3.388688 | lrm: 0.83 | dt: 815ms | tok/sec: 643,345 | mfu: 25.6% | epoch: 1 | remaining: 124s    
step 00227 (58.8%) | loss: 3.389695 | lrm: 0.82 | dt: 816ms | tok/sec: 642,548 | mfu: 25.5% | epoch: 1 | remaining: 123s    
step 00228 (59.1%) | loss: 3.387751 | lrm: 0.82 | dt: 815ms | tok/sec: 643,413 | mfu: 25.6% | epoch: 1 | remaining: 122s    
step 00229 (59.3%) | loss: 3.386707 | lrm: 0.81 | dt: 814ms | tok/sec: 644,412 | mfu: 25.6% | epoch: 1 | remaining: 121s    
step 00230 (59.6%) | loss: 3.387130 | lrm: 0.81 | dt: 815ms | tok/sec: 643,339 | mfu: 25.6% | epoch: 1 | remaining: 120s    
step 00231 (59.9%) | loss: 3.380197 | lrm: 0.80 | dt: 816ms | tok/sec: 642,698 | mfu: 25.5% | epoch: 1 | remaining: 120s    
step 00232 (60.2%) | loss: 3.376856 | lrm: 0.80 | dt: 815ms | tok/sec: 643,326 | mfu: 25.6% | epoch: 1 | remaining: 119s    
step 00233 (60.4%) | loss: 3.379406 | lrm: 0.79 | dt: 814ms | tok/sec: 644,013 | mfu: 25.6% | epoch: 1 | remaining: 118s    
step 00234 (60.7%) | loss: 3.376918 | lrm: 0.79 | dt: 815ms | tok/sec: 643,384 | mfu: 25.6% | epoch: 1 | remaining: 117s    
step 00235 (61.0%) | loss: 3.372349 | lrm: 0.78 | dt: 816ms | tok/sec: 642,465 | mfu: 25.5% | epoch: 1 | remaining: 116s    
step 00236 (61.2%) | loss: 3.374763 | lrm: 0.78 | dt: 815ms | tok/sec: 643,292 | mfu: 25.6% | epoch: 1 | remaining: 115s    
step 00237 (61.5%) | loss: 3.373425 | lrm: 0.77 | dt: 814ms | tok/sec: 644,420 | mfu: 25.6% | epoch: 1 | remaining: 115s    
step 00238 (61.8%) | loss: 3.373778 | lrm: 0.76 | dt: 815ms | tok/sec: 643,187 | mfu: 25.6% | epoch: 1 | remaining: 114s    
step 00239 (62.1%) | loss: 3.366602 | lrm: 0.76 | dt: 816ms | tok/sec: 642,558 | mfu: 25.5% | epoch: 1 | remaining: 113s    
step 00240 (62.3%) | loss: 3.356625 | lrm: 0.75 | dt: 815ms | tok/sec: 643,125 | mfu: 25.6% | epoch: 1 | remaining: 112s    
step 00241 (62.6%) | loss: 3.351865 | lrm: 0.75 | dt: 813ms | tok/sec: 644,585 | mfu: 25.6% | epoch: 1 | remaining: 111s    
step 00242 (62.9%) | loss: 3.352324 | lrm: 0.74 | dt: 815ms | tok/sec: 643,102 | mfu: 25.6% | epoch: 1 | remaining: 111s    
step 00243 (63.1%) | loss: 3.353409 | lrm: 0.74 | dt: 816ms | tok/sec: 642,659 | mfu: 25.5% | epoch: 1 | remaining: 110s    
step 00244 (63.4%) | loss: 3.353105 | lrm: 0.73 | dt: 815ms | tok/sec: 642,971 | mfu: 25.6% | epoch: 1 | remaining: 109s    
step 00245 (63.7%) | loss: 3.346943 | lrm: 0.73 | dt: 813ms | tok/sec: 644,678 | mfu: 25.6% | epoch: 1 | remaining: 108s    
step 00246 (64.0%) | loss: 3.348020 | lrm: 0.72 | dt: 815ms | tok/sec: 643,189 | mfu: 25.6% | epoch: 1 | remaining: 107s    
step 00247 (64.2%) | loss: 3.343270 | lrm: 0.72 | dt: 816ms | tok/sec: 642,833 | mfu: 25.5% | epoch: 1 | remaining: 106s    
step 00248 (64.5%) | loss: 3.343088 | lrm: 0.71 | dt: 815ms | tok/sec: 643,405 | mfu: 25.6% | epoch: 1 | remaining: 106s    
step 00249 (64.8%) | loss: 3.334371 | lrm: 0.70 | dt: 814ms | tok/sec: 644,369 | mfu: 25.6% | epoch: 1 | remaining: 105s    
step 00250 (65.0%) | loss: 3.330001 | lrm: 0.70 | dt: 816ms | tok/sec: 642,693 | mfu: 25.5% | epoch: 1 | remaining: 104s    
step 00251 (65.3%) | loss: 3.326677 | lrm: 0.69 | dt: 815ms | tok/sec: 642,959 | mfu: 25.6% | epoch: 1 | remaining: 103s    
step 00252 (65.6%) | loss: 3.323499 | lrm: 0.69 | dt: 816ms | tok/sec: 642,721 | mfu: 25.5% | epoch: 1 | remaining: 102s    
step 00253 (65.9%) | loss: 3.312865 | lrm: 0.68 | dt: 813ms | tok/sec: 644,521 | mfu: 25.6% | epoch: 1 | remaining: 102s    
step 00254 (66.1%) | loss: 3.308060 | lrm: 0.68 | dt: 815ms | tok/sec: 643,219 | mfu: 25.6% | epoch: 1 | remaining: 101s    
step 00255 (66.4%) | loss: 3.305992 | lrm: 0.67 | dt: 816ms | tok/sec: 642,633 | mfu: 25.5% | epoch: 1 | remaining: 100s    
step 00256 (66.7%) | loss: 3.301197 | lrm: 0.67 | dt: 815ms | tok/sec: 643,574 | mfu: 25.6% | epoch: 1 | remaining: 99s    
step 00257 (66.9%) | loss: 3.299701 | lrm: 0.66 | dt: 814ms | tok/sec: 644,303 | mfu: 25.6% | epoch: 1 | remaining: 98s    
step 00258 (67.2%) | loss: 3.300547 | lrm: 0.66 | dt: 815ms | tok/sec: 643,023 | mfu: 25.6% | epoch: 1 | remaining: 98s    
step 00259 (67.5%) | loss: 3.300500 | lrm: 0.65 | dt: 816ms | tok/sec: 642,769 | mfu: 25.5% | epoch: 1 | remaining: 97s    
step 00260 (67.8%) | loss: 3.298194 | lrm: 0.64 | dt: 815ms | tok/sec: 642,995 | mfu: 25.6% | epoch: 1 | remaining: 96s    
step 00261 (68.0%) | loss: 3.299185 | lrm: 0.64 | dt: 813ms | tok/sec: 644,751 | mfu: 25.6% | epoch: 1 | remaining: 95s    
step 00262 (68.3%) | loss: 3.294045 | lrm: 0.63 | dt: 816ms | tok/sec: 642,595 | mfu: 25.5% | epoch: 1 | remaining: 94s    
step 00263 (68.6%) | loss: 3.289975 | lrm: 0.63 | dt: 816ms | tok/sec: 642,826 | mfu: 25.5% | epoch: 1 | remaining: 93s    
step 00264 (68.9%) | loss: 3.286588 | lrm: 0.62 | dt: 815ms | tok/sec: 643,637 | mfu: 25.6% | epoch: 1 | remaining: 93s    
step 00265 (69.1%) | loss: 3.285749 | lrm: 0.62 | dt: 814ms | tok/sec: 644,297 | mfu: 25.6% | epoch: 1 | remaining: 92s    
step 00266 (69.4%) | loss: 3.282279 | lrm: 0.61 | dt: 816ms | tok/sec: 642,896 | mfu: 25.5% | epoch: 1 | remaining: 91s    
step 00267 (69.7%) | loss: 3.276388 | lrm: 0.61 | dt: 816ms | tok/sec: 642,718 | mfu: 25.5% | epoch: 1 | remaining: 90s    
step 00268 (69.9%) | loss: 3.277665 | lrm: 0.60 | dt: 815ms | tok/sec: 643,651 | mfu: 25.6% | epoch: 1 | remaining: 89s    
step 00269 (70.2%) | loss: 3.277184 | lrm: 0.60 | dt: 814ms | tok/sec: 644,245 | mfu: 25.6% | epoch: 1 | remaining: 89s    
step 00270 (70.5%) | loss: 3.272317 | lrm: 0.59 | dt: 816ms | tok/sec: 642,782 | mfu: 25.5% | epoch: 1 | remaining: 88s    
step 00271 (70.8%) | loss: 3.272991 | lrm: 0.58 | dt: 816ms | tok/sec: 642,485 | mfu: 25.5% | epoch: 1 | remaining: 87s    
step 00272 (71.0%) | loss: 3.271313 | lrm: 0.58 | dt: 815ms | tok/sec: 643,550 | mfu: 25.6% | epoch: 1 | remaining: 86s    
step 00273 (71.3%) | loss: 3.269303 | lrm: 0.57 | dt: 813ms | tok/sec: 644,629 | mfu: 25.6% | epoch: 1 | remaining: 85s    
step 00274 (71.6%) | loss: 3.269017 | lrm: 0.57 | dt: 816ms | tok/sec: 642,783 | mfu: 25.5% | epoch: 1 | remaining: 84s    
step 00275 (71.8%) | loss: 3.266102 | lrm: 0.56 | dt: 816ms | tok/sec: 642,580 | mfu: 25.5% | epoch: 1 | remaining: 84s    
step 00276 (72.1%) | loss: 3.262945 | lrm: 0.56 | dt: 815ms | tok/sec: 643,454 | mfu: 25.6% | epoch: 1 | remaining: 83s    
step 00277 (72.4%) | loss: 3.264432 | lrm: 0.55 | dt: 813ms | tok/sec: 644,594 | mfu: 25.6% | epoch: 1 | remaining: 82s    
step 00278 (72.7%) | loss: 3.263257 | lrm: 0.55 | dt: 816ms | tok/sec: 642,838 | mfu: 25.5% | epoch: 1 | remaining: 81s    
step 00279 (72.9%) | loss: 3.260203 | lrm: 0.54 | dt: 816ms | tok/sec: 642,489 | mfu: 25.5% | epoch: 1 | remaining: 80s    
step 00280 (73.2%) | loss: 3.260446 | lrm: 0.54 | dt: 815ms | tok/sec: 643,578 | mfu: 25.6% | epoch: 1 | remaining: 80s    
step 00281 (73.5%) | loss: 3.262619 | lrm: 0.53 | dt: 814ms | tok/sec: 644,435 | mfu: 25.6% | epoch: 1 | remaining: 79s    
step 00282 (73.7%) | loss: 3.259119 | lrm: 0.53 | dt: 816ms | tok/sec: 642,876 | mfu: 25.5% | epoch: 1 | remaining: 78s    
step 00283 (74.0%) | loss: 3.258365 | lrm: 0.52 | dt: 816ms | tok/sec: 642,616 | mfu: 25.5% | epoch: 1 | remaining: 77s    
step 00284 (74.3%) | loss: 3.255868 | lrm: 0.51 | dt: 815ms | tok/sec: 643,537 | mfu: 25.6% | epoch: 1 | remaining: 76s    
step 00285 (74.6%) | loss: 3.256301 | lrm: 0.51 | dt: 813ms | tok/sec: 644,761 | mfu: 25.6% | epoch: 1 | remaining: 76s    
step 00286 (74.8%) | loss: 3.251292 | lrm: 0.50 | dt: 816ms | tok/sec: 642,699 | mfu: 25.5% | epoch: 1 | remaining: 75s    
step 00287 (75.1%) | loss: 3.248570 | lrm: 0.50 | dt: 816ms | tok/sec: 642,812 | mfu: 25.5% | epoch: 1 | remaining: 74s    
step 00288 (75.4%) | loss: 3.250652 | lrm: 0.49 | dt: 815ms | tok/sec: 642,988 | mfu: 25.6% | epoch: 1 | remaining: 73s    
step 00289 (75.6%) | loss: 3.247085 | lrm: 0.49 | dt: 813ms | tok/sec: 644,507 | mfu: 25.6% | epoch: 1 | remaining: 72s    
step 00290 (75.9%) | loss: 3.249109 | lrm: 0.48 | dt: 815ms | tok/sec: 643,039 | mfu: 25.6% | epoch: 1 | remaining: 71s    
step 00291 (76.2%) | loss: 3.239838 | lrm: 0.48 | dt: 816ms | tok/sec: 642,559 | mfu: 25.5% | epoch: 1 | remaining: 71s    
step 00292 (76.5%) | loss: 3.232523 | lrm: 0.47 | dt: 815ms | tok/sec: 643,458 | mfu: 25.6% | epoch: 1 | remaining: 70s    
step 00293 (76.7%) | loss: 3.231956 | lrm: 0.47 | dt: 814ms | tok/sec: 644,250 | mfu: 25.6% | epoch: 1 | remaining: 69s    
step 00294 (77.0%) | loss: 3.230888 | lrm: 0.46 | dt: 815ms | tok/sec: 643,284 | mfu: 25.6% | epoch: 1 | remaining: 68s    
step 00295 (77.3%) | loss: 3.230433 | lrm: 0.45 | dt: 815ms | tok/sec: 643,223 | mfu: 25.6% | epoch: 1 | remaining: 67s    
step 00296 (77.5%) | loss: 3.224104 | lrm: 0.45 | dt: 814ms | tok/sec: 644,162 | mfu: 25.6% | epoch: 1 | remaining: 67s    
step 00297 (77.8%) | loss: 3.224060 | lrm: 0.44 | dt: 814ms | tok/sec: 643,797 | mfu: 25.6% | epoch: 1 | remaining: 66s    
step 00298 (78.1%) | loss: 3.220537 | lrm: 0.44 | dt: 816ms | tok/sec: 642,754 | mfu: 25.5% | epoch: 1 | remaining: 65s    
step 00299 (78.4%) | loss: 3.220160 | lrm: 0.43 | dt: 816ms | tok/sec: 642,802 | mfu: 25.5% | epoch: 1 | remaining: 64s    
step 00300 (78.6%) | loss: 3.217489 | lrm: 0.43 | dt: 814ms | tok/sec: 644,031 | mfu: 25.6% | epoch: 1 | remaining: 63s    
step 00301 (78.9%) | loss: 3.213421 | lrm: 0.42 | dt: 814ms | tok/sec: 643,882 | mfu: 25.6% | epoch: 1 | remaining: 62s    
step 00302 (79.2%) | loss: 3.214029 | lrm: 0.42 | dt: 816ms | tok/sec: 642,745 | mfu: 25.5% | epoch: 1 | remaining: 62s    
step 00303 (79.4%) | loss: 3.212336 | lrm: 0.41 | dt: 815ms | tok/sec: 643,407 | mfu: 25.6% | epoch: 1 | remaining: 61s    
step 00304 (79.7%) | loss: 3.211371 | lrm: 0.41 | dt: 814ms | tok/sec: 644,222 | mfu: 25.6% | epoch: 1 | remaining: 60s    
step 00305 (80.0%) | loss: 3.208131 | lrm: 0.40 | dt: 815ms | tok/sec: 643,167 | mfu: 25.6% | epoch: 1 | remaining: 59s    
step 00306 (80.3%) | loss: 3.203201 | lrm: 0.39 | dt: 816ms | tok/sec: 642,456 | mfu: 25.5% | epoch: 1 | remaining: 58s    
step 00307 (80.5%) | loss: 3.199262 | lrm: 0.39 | dt: 815ms | tok/sec: 643,494 | mfu: 25.6% | epoch: 1 | remaining: 58s    
step 00308 (80.8%) | loss: 3.192722 | lrm: 0.38 | dt: 814ms | tok/sec: 644,248 | mfu: 25.6% | epoch: 1 | remaining: 57s    
step 00309 (81.1%) | loss: 3.187699 | lrm: 0.38 | dt: 815ms | tok/sec: 643,243 | mfu: 25.6% | epoch: 1 | remaining: 56s    
step 00310 (81.3%) | loss: 3.182848 | lrm: 0.37 | dt: 816ms | tok/sec: 642,708 | mfu: 25.5% | epoch: 1 | remaining: 55s    
step 00311 (81.6%) | loss: 3.182338 | lrm: 0.37 | dt: 814ms | tok/sec: 643,790 | mfu: 25.6% | epoch: 1 | remaining: 54s    
step 00312 (81.9%) | loss: 3.182873 | lrm: 0.36 | dt: 813ms | tok/sec: 645,145 | mfu: 25.6% | epoch: 1 | remaining: 54s    
step 00313 (82.2%) | loss: 3.175897 | lrm: 0.36 | dt: 814ms | tok/sec: 643,720 | mfu: 25.6% | epoch: 1 | remaining: 53s    
step 00314 (82.4%) | loss: 3.175014 | lrm: 0.35 | dt: 815ms | tok/sec: 643,101 | mfu: 25.6% | epoch: 1 | remaining: 52s    
step 00315 (82.7%) | loss: 3.180412 | lrm: 0.35 | dt: 814ms | tok/sec: 643,726 | mfu: 25.6% | epoch: 1 | remaining: 51s    
step 00316 (83.0%) | loss: 3.178070 | lrm: 0.34 | dt: 813ms | tok/sec: 644,503 | mfu: 25.6% | epoch: 1 | remaining: 50s    
step 00317 (83.2%) | loss: 3.179371 | lrm: 0.34 | dt: 816ms | tok/sec: 642,695 | mfu: 25.5% | epoch: 1 | remaining: 49s    
step 00318 (83.5%) | loss: 3.179855 | lrm: 0.33 | dt: 816ms | tok/sec: 642,412 | mfu: 25.5% | epoch: 1 | remaining: 49s    
step 00319 (83.8%) | loss: 3.175720 | lrm: 0.32 | dt: 815ms | tok/sec: 643,492 | mfu: 25.6% | epoch: 1 | remaining: 48s    
step 00320 (84.1%) | loss: 3.175820 | lrm: 0.32 | dt: 813ms | tok/sec: 644,777 | mfu: 25.6% | epoch: 1 | remaining: 47s    
step 00321 (84.3%) | loss: 3.171983 | lrm: 0.31 | dt: 816ms | tok/sec: 642,741 | mfu: 25.5% | epoch: 1 | remaining: 46s    
step 00322 (84.6%) | loss: 3.172449 | lrm: 0.31 | dt: 815ms | tok/sec: 643,343 | mfu: 25.6% | epoch: 1 | remaining: 45s    
step 00323 (84.9%) | loss: 3.168394 | lrm: 0.30 | dt: 814ms | tok/sec: 644,176 | mfu: 25.6% | epoch: 1 | remaining: 45s    
step 00324 (85.1%) | loss: 3.163057 | lrm: 0.30 | dt: 814ms | tok/sec: 643,883 | mfu: 25.6% | epoch: 1 | remaining: 44s    
step 00325 (85.4%) | loss: 3.157249 | lrm: 0.29 | dt: 816ms | tok/sec: 642,552 | mfu: 25.5% | epoch: 1 | remaining: 43s    
step 00326 (85.7%) | loss: 3.159012 | lrm: 0.29 | dt: 815ms | tok/sec: 643,095 | mfu: 25.6% | epoch: 1 | remaining: 42s    
step 00327 (86.0%) | loss: 3.154093 | lrm: 0.28 | dt: 814ms | tok/sec: 643,947 | mfu: 25.6% | epoch: 1 | remaining: 41s    
step 00328 (86.2%) | loss: 3.153545 | lrm: 0.28 | dt: 814ms | tok/sec: 643,955 | mfu: 25.6% | epoch: 1 | remaining: 40s    
step 00329 (86.5%) | loss: 3.155215 | lrm: 0.27 | dt: 816ms | tok/sec: 642,716 | mfu: 25.5% | epoch: 1 | remaining: 40s    
step 00330 (86.8%) | loss: 3.154507 | lrm: 0.26 | dt: 814ms | tok/sec: 644,258 | mfu: 25.6% | epoch: 1 | remaining: 39s    
step 00331 (87.0%) | loss: 3.156974 | lrm: 0.26 | dt: 812ms | tok/sec: 645,330 | mfu: 25.6% | epoch: 1 | remaining: 38s    
step 00332 (87.3%) | loss: 3.157791 | lrm: 0.25 | dt: 815ms | tok/sec: 643,384 | mfu: 25.6% | epoch: 1 | remaining: 37s    
step 00333 (87.6%) | loss: 3.156279 | lrm: 0.25 | dt: 816ms | tok/sec: 642,555 | mfu: 25.5% | epoch: 1 | remaining: 36s    
step 00334 (87.9%) | loss: 3.156722 | lrm: 0.24 | dt: 815ms | tok/sec: 643,663 | mfu: 25.6% | epoch: 1 | remaining: 36s    
step 00335 (88.1%) | loss: 3.147105 | lrm: 0.24 | dt: 813ms | tok/sec: 644,556 | mfu: 25.6% | epoch: 1 | remaining: 35s    
step 00336 (88.4%) | loss: 3.147101 | lrm: 0.23 | dt: 816ms | tok/sec: 642,677 | mfu: 25.5% | epoch: 1 | remaining: 34s    
step 00337 (88.7%) | loss: 3.143971 | lrm: 0.23 | dt: 815ms | tok/sec: 643,580 | mfu: 25.6% | epoch: 1 | remaining: 33s    
step 00338 (88.9%) | loss: 3.143621 | lrm: 0.22 | dt: 814ms | tok/sec: 644,030 | mfu: 25.6% | epoch: 1 | remaining: 32s    
step 00339 (89.2%) | loss: 3.136425 | lrm: 0.22 | dt: 814ms | tok/sec: 644,044 | mfu: 25.6% | epoch: 1 | remaining: 32s    
step 00340 (89.5%) | loss: 3.139100 | lrm: 0.21 | dt: 815ms | tok/sec: 642,968 | mfu: 25.6% | epoch: 1 | remaining: 31s    
step 00341 (89.8%) | loss: 3.136262 | lrm: 0.20 | dt: 815ms | tok/sec: 643,490 | mfu: 25.6% | epoch: 1 | remaining: 30s    
step 00342 (90.0%) | loss: 3.139790 | lrm: 0.20 | dt: 813ms | tok/sec: 644,683 | mfu: 25.6% | epoch: 1 | remaining: 29s    
step 00343 (90.3%) | loss: 3.144188 | lrm: 0.19 | dt: 815ms | tok/sec: 643,602 | mfu: 25.6% | epoch: 1 | remaining: 28s    
step 00344 (90.6%) | loss: 3.143577 | lrm: 0.19 | dt: 815ms | tok/sec: 643,097 | mfu: 25.6% | epoch: 1 | remaining: 27s    
step 00345 (90.8%) | loss: 3.141180 | lrm: 0.18 | dt: 815ms | tok/sec: 643,631 | mfu: 25.6% | epoch: 1 | remaining: 27s    
step 00346 (91.1%) | loss: 3.140576 | lrm: 0.18 | dt: 813ms | tok/sec: 645,017 | mfu: 25.6% | epoch: 1 | remaining: 26s    
step 00347 (91.4%) | loss: 3.139317 | lrm: 0.17 | dt: 816ms | tok/sec: 642,636 | mfu: 25.5% | epoch: 1 | remaining: 25s    
step 00348 (91.7%) | loss: 3.134826 | lrm: 0.17 | dt: 815ms | tok/sec: 643,007 | mfu: 25.6% | epoch: 1 | remaining: 24s    
step 00349 (91.9%) | loss: 3.133768 | lrm: 0.16 | dt: 815ms | tok/sec: 642,938 | mfu: 25.5% | epoch: 1 | remaining: 23s    
step 00350 (92.2%) | loss: 3.132474 | lrm: 0.16 | dt: 813ms | tok/sec: 644,845 | mfu: 25.6% | epoch: 1 | remaining: 23s    
step 00351 (92.5%) | loss: 3.128591 | lrm: 0.15 | dt: 816ms | tok/sec: 642,696 | mfu: 25.5% | epoch: 1 | remaining: 22s    
step 00352 (92.7%) | loss: 3.131462 | lrm: 0.15 | dt: 816ms | tok/sec: 642,650 | mfu: 25.5% | epoch: 1 | remaining: 21s    
step 00353 (93.0%) | loss: 3.126982 | lrm: 0.14 | dt: 815ms | tok/sec: 643,461 | mfu: 25.6% | epoch: 1 | remaining: 20s    
step 00354 (93.3%) | loss: 3.128603 | lrm: 0.13 | dt: 813ms | tok/sec: 644,582 | mfu: 25.6% | epoch: 1 | remaining: 19s    
step 00355 (93.6%) | loss: 3.127398 | lrm: 0.13 | dt: 816ms | tok/sec: 642,562 | mfu: 25.5% | epoch: 1 | remaining: 18s    
step 00356 (93.8%) | loss: 3.120516 | lrm: 0.12 | dt: 816ms | tok/sec: 642,554 | mfu: 25.5% | epoch: 1 | remaining: 18s    
step 00357 (94.1%) | loss: 3.115645 | lrm: 0.12 | dt: 815ms | tok/sec: 643,375 | mfu: 25.6% | epoch: 1 | remaining: 17s    
step 00358 (94.4%) | loss: 3.112718 | lrm: 0.11 | dt: 814ms | tok/sec: 644,312 | mfu: 25.6% | epoch: 1 | remaining: 16s    
step 00359 (94.7%) | loss: 3.111907 | lrm: 0.11 | dt: 815ms | tok/sec: 643,114 | mfu: 25.6% | epoch: 1 | remaining: 15s    
step 00360 (94.9%) | loss: 3.110667 | lrm: 0.10 | dt: 816ms | tok/sec: 642,670 | mfu: 25.5% | epoch: 1 | remaining: 14s    
step 00361 (95.2%) | loss: 3.104050 | lrm: 0.10 | dt: 815ms | tok/sec: 643,379 | mfu: 25.6% | epoch: 1 | remaining: 14s    
step 00362 (95.5%) | loss: 3.111738 | lrm: 0.09 | dt: 814ms | tok/sec: 644,264 | mfu: 25.6% | epoch: 1 | remaining: 13s    
step 00363 (95.7%) | loss: 3.111978 | lrm: 0.09 | dt: 815ms | tok/sec: 642,920 | mfu: 25.5% | epoch: 1 | remaining: 12s    
step 00364 (96.0%) | loss: 3.113638 | lrm: 0.08 | dt: 815ms | tok/sec: 642,937 | mfu: 25.5% | epoch: 1 | remaining: 11s    
step 00365 (96.3%) | loss: 3.106915 | lrm: 0.07 | dt: 814ms | tok/sec: 643,958 | mfu: 25.6% | epoch: 1 | remaining: 10s    
step 00366 (96.6%) | loss: 3.107575 | lrm: 0.07 | dt: 813ms | tok/sec: 644,830 | mfu: 25.6% | epoch: 1 | remaining: 10s    
step 00367 (96.8%) | loss: 3.106865 | lrm: 0.06 | dt: 816ms | tok/sec: 642,480 | mfu: 25.5% | epoch: 1 | remaining: 9s    
step 00368 (97.1%) | loss: 3.100517 | lrm: 0.06 | dt: 816ms | tok/sec: 642,419 | mfu: 25.5% | epoch: 1 | remaining: 8s    
step 00369 (97.4%) | loss: 3.098791 | lrm: 0.05 | dt: 814ms | tok/sec: 644,130 | mfu: 25.6% | epoch: 1 | remaining: 7s    
step 00370 (97.6%) | loss: 3.096659 | lrm: 0.05 | dt: 814ms | tok/sec: 644,273 | mfu: 25.6% | epoch: 1 | remaining: 6s    
step 00371 (97.9%) | loss: 3.094330 | lrm: 0.04 | dt: 816ms | tok/sec: 642,165 | mfu: 25.5% | epoch: 1 | remaining: 5s    
step 00372 (98.2%) | loss: 3.090909 | lrm: 0.04 | dt: 815ms | tok/sec: 643,515 | mfu: 25.6% | epoch: 1 | remaining: 5s    
step 00373 (98.5%) | loss: 3.096230 | lrm: 0.03 | dt: 814ms | tok/sec: 644,111 | mfu: 25.6% | epoch: 1 | remaining: 4s    
step 00374 (98.7%) | loss: 3.092469 | lrm: 0.03 | dt: 814ms | tok/sec: 643,905 | mfu: 25.6% | epoch: 1 | remaining: 3s    
step 00375 (99.0%) | loss: 3.089481 | lrm: 0.02 | dt: 816ms | tok/sec: 642,796 | mfu: 25.5% | epoch: 1 | remaining: 2s    
step 00376 (99.3%) | loss: 3.092091 | lrm: 0.01 | dt: 815ms | tok/sec: 643,581 | mfu: 25.6% | epoch: 1 | remaining: 1s    
step 00377 (99.5%) | loss: 3.095404 | lrm: 0.01 | dt: 813ms | tok/sec: 645,243 | mfu: 25.6% | epoch: 1 | remaining: 1s    
step 00378 (99.8%) | loss: 3.099176 | lrm: 0.00 | dt: 815ms | tok/sec: 643,457 | mfu: 25.6% | epoch: 1 | remaining: 0s    
---
val_bpb:          1.103383
training_seconds: 300.2
total_seconds:    349.5
peak_vram_mb:     55345.4
mfu_percent:      25.61
total_tokens_M:   198.7
num_steps:        379
num_params_M:     70.8
depth:            8
[W1004 02:26:16.967265898 CudaIPCTypes.cpp:16] Producer process has been terminated before all shared CUDA tensors released. See Note [Sharing CUDA tensors]
