Vocab size: 8,192
Model config: {'sequence_len': 2048, 'vocab_size': 8192, 'n_layer': 8, 'n_head': 4, 'n_kv_head': 4, 'n_embd': 512, 'window_pattern': 'SSSL'}
Parameter counts:
  wte                     : 4,194,304
  value_embeds            : 16,777,216
  lm_head                 : 4,194,304
  transformer_matrices    : 25,166,336
  scalars                 : 16
  total                   : 50,332,176
Estimated FLOPs per token: 2.390784e+08
Scaling AdamW LRs by 1/sqrt(512/768) = 1.224745
Time budget: 300s
Gradient accumulation steps: 2

step 00000 (0.0%) | loss: 9.011380 | lrm: 1.00 | dt: 16192ms | tok/sec: 32,380 | mfu: 0.8% | epoch: 1 | remaining: 300s    
step 00001 (0.0%) | loss: 8.854874 | lrm: 1.00 | dt: 611ms | tok/sec: 858,718 | mfu: 20.7% | epoch: 1 | remaining: 300s    
step 00002 (0.0%) | loss: 8.446522 | lrm: 1.00 | dt: 605ms | tok/sec: 865,910 | mfu: 20.9% | epoch: 1 | remaining: 300s    
step 00003 (0.0%) | loss: 7.985248 | lrm: 1.00 | dt: 605ms | tok/sec: 866,232 | mfu: 20.9% | epoch: 1 | remaining: 300s    
step 00004 (0.0%) | loss: 7.595142 | lrm: 1.00 | dt: 605ms | tok/sec: 866,008 | mfu: 20.9% | epoch: 1 | remaining: 300s    
step 00005 (0.0%) | loss: 7.261389 | lrm: 1.00 | dt: 606ms | tok/sec: 865,721 | mfu: 20.9% | epoch: 1 | remaining: 300s    
step 00006 (0.0%) | loss: 7.011636 | lrm: 1.00 | dt: 606ms | tok/sec: 865,735 | mfu: 20.9% | epoch: 1 | remaining: 300s    
step 00007 (0.0%) | loss: 6.805065 | lrm: 1.00 | dt: 606ms | tok/sec: 865,463 | mfu: 20.9% | epoch: 1 | remaining: 300s    
step 00008 (0.0%) | loss: 6.629439 | lrm: 1.00 | dt: 606ms | tok/sec: 865,567 | mfu: 20.9% | epoch: 1 | remaining: 300s    
step 00009 (0.0%) | loss: 6.479257 | lrm: 1.00 | dt: 606ms | tok/sec: 865,425 | mfu: 20.9% | epoch: 1 | remaining: 300s    
step 00010 (0.0%) | loss: 6.355390 | lrm: 1.00 | dt: 606ms | tok/sec: 865,387 | mfu: 20.9% | epoch: 1 | remaining: 300s    
step 00011 (0.0%) | loss: 6.248916 | lrm: 1.00 | dt: 606ms | tok/sec: 865,599 | mfu: 20.9% | epoch: 1 | remaining: 299s    
step 00012 (0.2%) | loss: 6.156074 | lrm: 1.00 | dt: 606ms | tok/sec: 865,783 | mfu: 20.9% | epoch: 1 | remaining: 299s    
step 00013 (0.4%) | loss: 6.078871 | lrm: 1.00 | dt: 606ms | tok/sec: 865,653 | mfu: 20.9% | epoch: 1 | remaining: 298s    
step 00014 (0.6%) | loss: 6.005174 | lrm: 1.00 | dt: 606ms | tok/sec: 865,713 | mfu: 20.9% | epoch: 1 | remaining: 298s    
step 00015 (0.8%) | loss: 5.942884 | lrm: 1.00 | dt: 606ms | tok/sec: 865,473 | mfu: 20.9% | epoch: 1 | remaining: 297s    
step 00016 (1.0%) | loss: 5.884536 | lrm: 1.00 | dt: 606ms | tok/sec: 865,335 | mfu: 20.9% | epoch: 1 | remaining: 296s    
step 00017 (1.2%) | loss: 5.831623 | lrm: 1.00 | dt: 606ms | tok/sec: 864,898 | mfu: 20.9% | epoch: 1 | remaining: 296s    
step 00018 (1.4%) | loss: 5.783355 | lrm: 1.00 | dt: 606ms | tok/sec: 864,819 | mfu: 20.9% | epoch: 1 | remaining: 295s    
step 00019 (1.6%) | loss: 5.742427 | lrm: 1.00 | dt: 606ms | tok/sec: 864,716 | mfu: 20.9% | epoch: 1 | remaining: 295s    
step 00020 (1.8%) | loss: 5.703973 | lrm: 1.00 | dt: 607ms | tok/sec: 864,076 | mfu: 20.9% | epoch: 1 | remaining: 294s    
step 00021 (2.0%) | loss: 5.665489 | lrm: 1.00 | dt: 607ms | tok/sec: 863,974 | mfu: 20.9% | epoch: 1 | remaining: 293s    
step 00022 (2.2%) | loss: 5.627707 | lrm: 1.00 | dt: 607ms | tok/sec: 864,052 | mfu: 20.9% | epoch: 1 | remaining: 293s    
step 00023 (2.4%) | loss: 5.592979 | lrm: 1.00 | dt: 607ms | tok/sec: 863,866 | mfu: 20.9% | epoch: 1 | remaining: 292s    
step 00024 (2.6%) | loss: 5.559973 | lrm: 1.00 | dt: 607ms | tok/sec: 863,972 | mfu: 20.9% | epoch: 1 | remaining: 292s    
step 00025 (2.8%) | loss: 5.527850 | lrm: 1.00 | dt: 607ms | tok/sec: 863,905 | mfu: 20.9% | epoch: 1 | remaining: 291s    
step 00026 (3.0%) | loss: 5.492921 | lrm: 1.00 | dt: 607ms | tok/sec: 863,864 | mfu: 20.9% | epoch: 1 | remaining: 290s    
step 00027 (3.2%) | loss: 5.462943 | lrm: 1.00 | dt: 607ms | tok/sec: 863,766 | mfu: 20.9% | epoch: 1 | remaining: 290s    
step 00028 (3.4%) | loss: 5.433483 | lrm: 1.00 | dt: 607ms | tok/sec: 863,638 | mfu: 20.9% | epoch: 1 | remaining: 289s    
step 00029 (3.6%) | loss: 5.406187 | lrm: 1.00 | dt: 607ms | tok/sec: 863,731 | mfu: 20.9% | epoch: 1 | remaining: 288s    
step 00030 (3.8%) | loss: 5.377252 | lrm: 1.00 | dt: 607ms | tok/sec: 863,656 | mfu: 20.9% | epoch: 1 | remaining: 288s    
step 00031 (4.0%) | loss: 5.346679 | lrm: 1.00 | dt: 607ms | tok/sec: 863,602 | mfu: 20.9% | epoch: 1 | remaining: 287s    
step 00032 (4.2%) | loss: 5.318991 | lrm: 1.00 | dt: 607ms | tok/sec: 863,777 | mfu: 20.9% | epoch: 1 | remaining: 287s    
step 00033 (4.4%) | loss: 5.289607 | lrm: 1.00 | dt: 607ms | tok/sec: 863,732 | mfu: 20.9% | epoch: 1 | remaining: 286s    
step 00034 (4.7%) | loss: 5.257817 | lrm: 1.00 | dt: 607ms | tok/sec: 863,770 | mfu: 20.9% | epoch: 1 | remaining: 285s    
step 00035 (4.9%) | loss: 5.228457 | lrm: 1.00 | dt: 607ms | tok/sec: 863,708 | mfu: 20.9% | epoch: 1 | remaining: 285s    
step 00036 (5.1%) | loss: 5.201829 | lrm: 1.00 | dt: 607ms | tok/sec: 863,698 | mfu: 20.9% | epoch: 1 | remaining: 284s    
step 00037 (5.3%) | loss: 5.173646 | lrm: 1.00 | dt: 607ms | tok/sec: 863,555 | mfu: 20.9% | epoch: 1 | remaining: 284s    
step 00038 (5.5%) | loss: 5.146457 | lrm: 1.00 | dt: 607ms | tok/sec: 863,650 | mfu: 20.9% | epoch: 1 | remaining: 283s    
step 00039 (5.7%) | loss: 5.114794 | lrm: 1.00 | dt: 607ms | tok/sec: 863,776 | mfu: 20.9% | epoch: 1 | remaining: 282s    
step 00040 (5.9%) | loss: 5.086074 | lrm: 1.00 | dt: 607ms | tok/sec: 863,491 | mfu: 20.9% | epoch: 1 | remaining: 282s    
step 00041 (6.1%) | loss: 5.061104 | lrm: 1.00 | dt: 607ms | tok/sec: 863,069 | mfu: 20.9% | epoch: 1 | remaining: 281s    
step 00042 (6.3%) | loss: 5.036950 | lrm: 1.00 | dt: 607ms | tok/sec: 863,468 | mfu: 20.9% | epoch: 1 | remaining: 281s    
step 00043 (6.5%) | loss: 5.006937 | lrm: 1.00 | dt: 607ms | tok/sec: 863,641 | mfu: 20.9% | epoch: 1 | remaining: 280s    
step 00044 (6.7%) | loss: 4.981474 | lrm: 1.00 | dt: 607ms | tok/sec: 863,414 | mfu: 20.9% | epoch: 1 | remaining: 279s    
step 00045 (6.9%) | loss: 4.955474 | lrm: 1.00 | dt: 607ms | tok/sec: 863,594 | mfu: 20.9% | epoch: 1 | remaining: 279s    
step 00046 (7.1%) | loss: 4.928913 | lrm: 1.00 | dt: 607ms | tok/sec: 863,422 | mfu: 20.9% | epoch: 1 | remaining: 278s    
step 00047 (7.3%) | loss: 4.899109 | lrm: 1.00 | dt: 607ms | tok/sec: 863,635 | mfu: 20.9% | epoch: 1 | remaining: 278s    
step 00048 (7.5%) | loss: 4.874746 | lrm: 1.00 | dt: 607ms | tok/sec: 863,472 | mfu: 20.9% | epoch: 1 | remaining: 277s    
step 00049 (7.7%) | loss: 4.848899 | lrm: 1.00 | dt: 607ms | tok/sec: 863,484 | mfu: 20.9% | epoch: 1 | remaining: 276s    
step 00050 (7.9%) | loss: 4.821842 | lrm: 1.00 | dt: 607ms | tok/sec: 863,418 | mfu: 20.9% | epoch: 1 | remaining: 276s    
step 00051 (8.1%) | loss: 4.798346 | lrm: 1.00 | dt: 607ms | tok/sec: 863,477 | mfu: 20.9% | epoch: 1 | remaining: 275s    
step 00052 (8.3%) | loss: 4.771594 | lrm: 1.00 | dt: 607ms | tok/sec: 863,086 | mfu: 20.9% | epoch: 1 | remaining: 275s    
step 00053 (8.5%) | loss: 4.745504 | lrm: 1.00 | dt: 607ms | tok/sec: 863,178 | mfu: 20.9% | epoch: 1 | remaining: 274s    
step 00054 (8.7%) | loss: 4.721146 | lrm: 1.00 | dt: 607ms | tok/sec: 863,480 | mfu: 20.9% | epoch: 1 | remaining: 273s    
step 00055 (8.9%) | loss: 4.694366 | lrm: 1.00 | dt: 607ms | tok/sec: 863,460 | mfu: 20.9% | epoch: 1 | remaining: 273s    
step 00056 (9.1%) | loss: 4.670710 | lrm: 1.00 | dt: 607ms | tok/sec: 863,249 | mfu: 20.9% | epoch: 1 | remaining: 272s    
step 00057 (9.3%) | loss: 4.645294 | lrm: 1.00 | dt: 607ms | tok/sec: 863,172 | mfu: 20.9% | epoch: 1 | remaining: 271s    
step 00058 (9.5%) | loss: 4.621713 | lrm: 1.00 | dt: 607ms | tok/sec: 863,230 | mfu: 20.9% | epoch: 1 | remaining: 271s    
step 00059 (9.7%) | loss: 4.592726 | lrm: 1.00 | dt: 607ms | tok/sec: 863,543 | mfu: 20.9% | epoch: 1 | remaining: 270s    
step 00060 (9.9%) | loss: 4.568456 | lrm: 1.00 | dt: 607ms | tok/sec: 863,198 | mfu: 20.9% | epoch: 1 | remaining: 270s    
step 00061 (10.1%) | loss: 4.547122 | lrm: 1.00 | dt: 607ms | tok/sec: 863,032 | mfu: 20.9% | epoch: 1 | remaining: 269s    
step 00062 (10.3%) | loss: 4.521857 | lrm: 1.00 | dt: 608ms | tok/sec: 863,001 | mfu: 20.9% | epoch: 1 | remaining: 268s    
step 00063 (10.5%) | loss: 4.495127 | lrm: 1.00 | dt: 607ms | tok/sec: 863,110 | mfu: 20.9% | epoch: 1 | remaining: 268s    
step 00064 (10.7%) | loss: 4.471069 | lrm: 1.00 | dt: 607ms | tok/sec: 863,215 | mfu: 20.9% | epoch: 1 | remaining: 267s    
step 00065 (10.9%) | loss: 4.448809 | lrm: 1.00 | dt: 607ms | tok/sec: 863,058 | mfu: 20.9% | epoch: 1 | remaining: 267s    
step 00066 (11.1%) | loss: 4.428866 | lrm: 1.00 | dt: 607ms | tok/sec: 863,065 | mfu: 20.9% | epoch: 1 | remaining: 266s    
step 00067 (11.3%) | loss: 4.406971 | lrm: 1.00 | dt: 607ms | tok/sec: 863,264 | mfu: 20.9% | epoch: 1 | remaining: 265s    
step 00068 (11.5%) | loss: 4.386177 | lrm: 1.00 | dt: 607ms | tok/sec: 863,282 | mfu: 20.9% | epoch: 1 | remaining: 265s    
step 00069 (11.7%) | loss: 4.364419 | lrm: 1.00 | dt: 607ms | tok/sec: 863,114 | mfu: 20.9% | epoch: 1 | remaining: 264s    
step 00070 (11.9%) | loss: 4.343287 | lrm: 1.00 | dt: 608ms | tok/sec: 862,984 | mfu: 20.9% | epoch: 1 | remaining: 264s    
step 00071 (12.1%) | loss: 4.316235 | lrm: 1.00 | dt: 607ms | tok/sec: 863,087 | mfu: 20.9% | epoch: 1 | remaining: 263s    
step 00072 (12.3%) | loss: 4.301970 | lrm: 1.00 | dt: 607ms | tok/sec: 863,174 | mfu: 20.9% | epoch: 1 | remaining: 262s    
step 00073 (12.5%) | loss: 4.283636 | lrm: 1.00 | dt: 607ms | tok/sec: 863,102 | mfu: 20.9% | epoch: 1 | remaining: 262s    
step 00074 (12.7%) | loss: 4.263185 | lrm: 1.00 | dt: 608ms | tok/sec: 862,944 | mfu: 20.9% | epoch: 1 | remaining: 261s    
step 00075 (12.9%) | loss: 4.243768 | lrm: 1.00 | dt: 607ms | tok/sec: 863,350 | mfu: 20.9% | epoch: 1 | remaining: 261s    
step 00076 (13.2%) | loss: 4.226006 | lrm: 1.00 | dt: 607ms | tok/sec: 863,093 | mfu: 20.9% | epoch: 1 | remaining: 260s    
step 00077 (13.4%) | loss: 4.210672 | lrm: 1.00 | dt: 607ms | tok/sec: 863,096 | mfu: 20.9% | epoch: 1 | remaining: 259s    
step 00078 (13.6%) | loss: 4.189483 | lrm: 1.00 | dt: 607ms | tok/sec: 863,172 | mfu: 20.9% | epoch: 1 | remaining: 259s    
step 00079 (13.8%) | loss: 4.170155 | lrm: 1.00 | dt: 607ms | tok/sec: 863,184 | mfu: 20.9% | epoch: 1 | remaining: 258s    
step 00080 (14.0%) | loss: 4.151576 | lrm: 1.00 | dt: 607ms | tok/sec: 863,277 | mfu: 20.9% | epoch: 1 | remaining: 258s    
step 00081 (14.2%) | loss: 4.135233 | lrm: 1.00 | dt: 607ms | tok/sec: 863,150 | mfu: 20.9% | epoch: 1 | remaining: 257s    
step 00082 (14.4%) | loss: 4.119795 | lrm: 1.00 | dt: 607ms | tok/sec: 863,084 | mfu: 20.9% | epoch: 1 | remaining: 256s    
step 00083 (14.6%) | loss: 4.099967 | lrm: 1.00 | dt: 608ms | tok/sec: 863,005 | mfu: 20.9% | epoch: 1 | remaining: 256s    
step 00084 (14.8%) | loss: 4.080496 | lrm: 1.00 | dt: 608ms | tok/sec: 862,980 | mfu: 20.9% | epoch: 1 | remaining: 255s    
step 00085 (15.0%) | loss: 4.067237 | lrm: 1.00 | dt: 607ms | tok/sec: 863,223 | mfu: 20.9% | epoch: 1 | remaining: 254s    
step 00086 (15.2%) | loss: 4.052449 | lrm: 1.00 | dt: 607ms | tok/sec: 863,242 | mfu: 20.9% | epoch: 1 | remaining: 254s    
step 00087 (15.4%) | loss: 4.039773 | lrm: 1.00 | dt: 608ms | tok/sec: 862,842 | mfu: 20.8% | epoch: 1 | remaining: 253s    
step 00088 (15.6%) | loss: 4.026399 | lrm: 1.00 | dt: 607ms | tok/sec: 863,064 | mfu: 20.9% | epoch: 1 | remaining: 253s    
step 00089 (15.8%) | loss: 4.008969 | lrm: 1.00 | dt: 607ms | tok/sec: 863,116 | mfu: 20.9% | epoch: 1 | remaining: 252s    
step 00090 (16.0%) | loss: 3.996013 | lrm: 1.00 | dt: 608ms | tok/sec: 862,723 | mfu: 20.8% | epoch: 1 | remaining: 251s    
step 00091 (16.2%) | loss: 3.980226 | lrm: 1.00 | dt: 607ms | tok/sec: 863,038 | mfu: 20.9% | epoch: 1 | remaining: 251s    
step 00092 (16.4%) | loss: 3.967902 | lrm: 1.00 | dt: 608ms | tok/sec: 862,866 | mfu: 20.8% | epoch: 1 | remaining: 250s    
step 00093 (16.6%) | loss: 3.955780 | lrm: 1.00 | dt: 607ms | tok/sec: 863,031 | mfu: 20.9% | epoch: 1 | remaining: 250s    
step 00094 (16.8%) | loss: 3.947528 | lrm: 1.00 | dt: 608ms | tok/sec: 862,780 | mfu: 20.8% | epoch: 1 | remaining: 249s    
step 00095 (17.0%) | loss: 3.938601 | lrm: 1.00 | dt: 607ms | tok/sec: 863,169 | mfu: 20.9% | epoch: 1 | remaining: 248s    
step 00096 (17.2%) | loss: 3.922802 | lrm: 1.00 | dt: 607ms | tok/sec: 863,084 | mfu: 20.9% | epoch: 1 | remaining: 248s    
step 00097 (17.4%) | loss: 3.911195 | lrm: 1.00 | dt: 608ms | tok/sec: 862,951 | mfu: 20.9% | epoch: 1 | remaining: 247s    
step 00098 (17.6%) | loss: 3.897461 | lrm: 1.00 | dt: 608ms | tok/sec: 862,980 | mfu: 20.9% | epoch: 1 | remaining: 247s    
step 00099 (17.8%) | loss: 3.886466 | lrm: 1.00 | dt: 607ms | tok/sec: 863,081 | mfu: 20.9% | epoch: 1 | remaining: 246s    
step 00100 (18.0%) | loss: 3.874944 | lrm: 1.00 | dt: 608ms | tok/sec: 862,802 | mfu: 20.8% | epoch: 1 | remaining: 245s    
step 00101 (18.2%) | loss: 3.860284 | lrm: 1.00 | dt: 608ms | tok/sec: 862,947 | mfu: 20.9% | epoch: 1 | remaining: 245s    
step 00102 (18.4%) | loss: 3.847047 | lrm: 1.00 | dt: 608ms | tok/sec: 862,616 | mfu: 20.8% | epoch: 1 | remaining: 244s    
step 00103 (18.6%) | loss: 3.828077 | lrm: 1.00 | dt: 607ms | tok/sec: 863,153 | mfu: 20.9% | epoch: 1 | remaining: 244s    
step 00104 (18.8%) | loss: 3.815934 | lrm: 1.00 | dt: 607ms | tok/sec: 863,084 | mfu: 20.9% | epoch: 1 | remaining: 243s    
step 00105 (19.0%) | loss: 3.804865 | lrm: 1.00 | dt: 608ms | tok/sec: 863,011 | mfu: 20.9% | epoch: 1 | remaining: 242s    
step 00106 (19.2%) | loss: 3.796194 | lrm: 1.00 | dt: 607ms | tok/sec: 863,110 | mfu: 20.9% | epoch: 1 | remaining: 242s    
step 00107 (19.4%) | loss: 3.790816 | lrm: 1.00 | dt: 607ms | tok/sec: 863,083 | mfu: 20.9% | epoch: 1 | remaining: 241s    
step 00108 (19.6%) | loss: 3.784892 | lrm: 1.00 | dt: 607ms | tok/sec: 863,065 | mfu: 20.9% | epoch: 1 | remaining: 240s    
step 00109 (19.8%) | loss: 3.776977 | lrm: 1.00 | dt: 608ms | tok/sec: 862,866 | mfu: 20.8% | epoch: 1 | remaining: 240s    
step 00110 (20.0%) | loss: 3.767527 | lrm: 1.00 | dt: 607ms | tok/sec: 863,027 | mfu: 20.9% | epoch: 1 | remaining: 239s    
step 00111 (20.2%) | loss: 3.764567 | lrm: 1.00 | dt: 608ms | tok/sec: 862,852 | mfu: 20.8% | epoch: 1 | remaining: 239s    
step 00112 (20.4%) | loss: 3.758663 | lrm: 1.00 | dt: 608ms | tok/sec: 862,986 | mfu: 20.9% | epoch: 1 | remaining: 238s    
step 00113 (20.6%) | loss: 3.755929 | lrm: 1.00 | dt: 608ms | tok/sec: 862,734 | mfu: 20.8% | epoch: 1 | remaining: 237s    
step 00114 (20.8%) | loss: 3.755959 | lrm: 1.00 | dt: 608ms | tok/sec: 862,746 | mfu: 20.8% | epoch: 1 | remaining: 237s    
step 00115 (21.0%) | loss: 3.750870 | lrm: 1.00 | dt: 607ms | tok/sec: 863,042 | mfu: 20.9% | epoch: 1 | remaining: 236s    
step 00116 (21.3%) | loss: 3.741141 | lrm: 1.00 | dt: 608ms | tok/sec: 862,926 | mfu: 20.8% | epoch: 1 | remaining: 236s    
step 00117 (21.5%) | loss: 3.739504 | lrm: 1.00 | dt: 608ms | tok/sec: 863,007 | mfu: 20.9% | epoch: 1 | remaining: 235s    
step 00118 (21.7%) | loss: 3.729671 | lrm: 1.00 | dt: 608ms | tok/sec: 862,764 | mfu: 20.8% | epoch: 1 | remaining: 234s    
step 00119 (21.9%) | loss: 3.725256 | lrm: 1.00 | dt: 608ms | tok/sec: 862,830 | mfu: 20.8% | epoch: 1 | remaining: 234s    
step 00120 (22.1%) | loss: 3.721909 | lrm: 1.00 | dt: 607ms | tok/sec: 863,093 | mfu: 20.9% | epoch: 1 | remaining: 233s    
step 00121 (22.3%) | loss: 3.708497 | lrm: 1.00 | dt: 608ms | tok/sec: 862,879 | mfu: 20.8% | epoch: 1 | remaining: 233s    
step 00122 (22.5%) | loss: 3.701246 | lrm: 1.00 | dt: 608ms | tok/sec: 862,912 | mfu: 20.8% | epoch: 1 | remaining: 232s    
step 00123 (22.7%) | loss: 3.695714 | lrm: 1.00 | dt: 608ms | tok/sec: 862,862 | mfu: 20.8% | epoch: 1 | remaining: 231s    
step 00124 (22.9%) | loss: 3.691898 | lrm: 1.00 | dt: 608ms | tok/sec: 862,935 | mfu: 20.8% | epoch: 1 | remaining: 231s    
step 00125 (23.1%) | loss: 3.684763 | lrm: 1.00 | dt: 608ms | tok/sec: 862,974 | mfu: 20.9% | epoch: 1 | remaining: 230s    
step 00126 (23.3%) | loss: 3.677348 | lrm: 1.00 | dt: 608ms | tok/sec: 862,915 | mfu: 20.8% | epoch: 1 | remaining: 230s    
step 00127 (23.5%) | loss: 3.668488 | lrm: 1.00 | dt: 608ms | tok/sec: 862,843 | mfu: 20.8% | epoch: 1 | remaining: 229s    
step 00128 (23.7%) | loss: 3.666893 | lrm: 1.00 | dt: 608ms | tok/sec: 863,018 | mfu: 20.9% | epoch: 1 | remaining: 228s    
step 00129 (23.9%) | loss: 3.659663 | lrm: 1.00 | dt: 608ms | tok/sec: 862,830 | mfu: 20.8% | epoch: 1 | remaining: 228s    
step 00130 (24.1%) | loss: 3.655893 | lrm: 1.00 | dt: 608ms | tok/sec: 862,449 | mfu: 20.8% | epoch: 1 | remaining: 227s    
step 00131 (24.3%) | loss: 3.650159 | lrm: 1.00 | dt: 608ms | tok/sec: 862,989 | mfu: 20.9% | epoch: 1 | remaining: 227s    
step 00132 (24.5%) | loss: 3.645282 | lrm: 1.00 | dt: 607ms | tok/sec: 863,100 | mfu: 20.9% | epoch: 1 | remaining: 226s    
step 00133 (24.7%) | loss: 3.644919 | lrm: 1.00 | dt: 607ms | tok/sec: 863,068 | mfu: 20.9% | epoch: 1 | remaining: 225s    
step 00134 (24.9%) | loss: 3.635447 | lrm: 1.00 | dt: 607ms | tok/sec: 863,046 | mfu: 20.9% | epoch: 1 | remaining: 225s    
step 00135 (25.1%) | loss: 3.629581 | lrm: 1.00 | dt: 608ms | tok/sec: 862,832 | mfu: 20.8% | epoch: 1 | remaining: 224s    
step 00136 (25.3%) | loss: 3.621102 | lrm: 1.00 | dt: 607ms | tok/sec: 863,179 | mfu: 20.9% | epoch: 1 | remaining: 223s    
step 00137 (25.5%) | loss: 3.616413 | lrm: 1.00 | dt: 608ms | tok/sec: 862,861 | mfu: 20.8% | epoch: 1 | remaining: 223s    
step 00138 (25.7%) | loss: 3.617909 | lrm: 1.00 | dt: 608ms | tok/sec: 862,963 | mfu: 20.9% | epoch: 1 | remaining: 222s    
step 00139 (25.9%) | loss: 3.608938 | lrm: 1.00 | dt: 607ms | tok/sec: 863,036 | mfu: 20.9% | epoch: 1 | remaining: 222s    
step 00140 (26.1%) | loss: 3.603020 | lrm: 1.00 | dt: 608ms | tok/sec: 862,644 | mfu: 20.8% | epoch: 1 | remaining: 221s    
step 00141 (26.3%) | loss: 3.600214 | lrm: 1.00 | dt: 608ms | tok/sec: 862,770 | mfu: 20.8% | epoch: 1 | remaining: 220s    
step 00142 (26.5%) | loss: 3.596769 | lrm: 1.00 | dt: 607ms | tok/sec: 863,042 | mfu: 20.9% | epoch: 1 | remaining: 220s    
step 00143 (26.7%) | loss: 3.591798 | lrm: 1.00 | dt: 607ms | tok/sec: 863,142 | mfu: 20.9% | epoch: 1 | remaining: 219s    
step 00144 (26.9%) | loss: 3.595396 | lrm: 1.00 | dt: 607ms | tok/sec: 863,142 | mfu: 20.9% | epoch: 1 | remaining: 219s    
step 00145 (27.1%) | loss: 3.590768 | lrm: 1.00 | dt: 608ms | tok/sec: 862,782 | mfu: 20.8% | epoch: 1 | remaining: 218s    
step 00146 (27.3%) | loss: 3.587238 | lrm: 1.00 | dt: 607ms | tok/sec: 863,161 | mfu: 20.9% | epoch: 1 | remaining: 217s    
step 00147 (27.5%) | loss: 3.587879 | lrm: 1.00 | dt: 608ms | tok/sec: 862,885 | mfu: 20.8% | epoch: 1 | remaining: 217s    
step 00148 (27.7%) | loss: 3.582594 | lrm: 1.00 | dt: 608ms | tok/sec: 862,869 | mfu: 20.8% | epoch: 1 | remaining: 216s    
step 00149 (27.9%) | loss: 3.573095 | lrm: 1.00 | dt: 607ms | tok/sec: 863,094 | mfu: 20.9% | epoch: 1 | remaining: 216s    
step 00150 (28.1%) | loss: 3.572871 | lrm: 1.00 | dt: 607ms | tok/sec: 863,039 | mfu: 20.9% | epoch: 1 | remaining: 215s    
step 00151 (28.3%) | loss: 3.573274 | lrm: 1.00 | dt: 608ms | tok/sec: 862,905 | mfu: 20.8% | epoch: 1 | remaining: 214s    
step 00152 (28.5%) | loss: 3.567864 | lrm: 1.00 | dt: 608ms | tok/sec: 862,815 | mfu: 20.8% | epoch: 1 | remaining: 214s    
step 00153 (28.7%) | loss: 3.570577 | lrm: 1.00 | dt: 607ms | tok/sec: 863,118 | mfu: 20.9% | epoch: 1 | remaining: 213s    
step 00154 (28.9%) | loss: 3.569695 | lrm: 1.00 | dt: 608ms | tok/sec: 862,577 | mfu: 20.8% | epoch: 1 | remaining: 213s    
step 00155 (29.2%) | loss: 3.565506 | lrm: 1.00 | dt: 608ms | tok/sec: 863,004 | mfu: 20.9% | epoch: 1 | remaining: 212s    
step 00156 (29.4%) | loss: 3.558752 | lrm: 1.00 | dt: 607ms | tok/sec: 863,054 | mfu: 20.9% | epoch: 1 | remaining: 211s    
step 00157 (29.6%) | loss: 3.553471 | lrm: 1.00 | dt: 608ms | tok/sec: 862,983 | mfu: 20.9% | epoch: 1 | remaining: 211s    
step 00158 (29.8%) | loss: 3.551675 | lrm: 1.00 | dt: 608ms | tok/sec: 862,987 | mfu: 20.9% | epoch: 1 | remaining: 210s    
step 00159 (30.0%) | loss: 3.545119 | lrm: 1.00 | dt: 608ms | tok/sec: 862,976 | mfu: 20.9% | epoch: 1 | remaining: 210s    
step 00160 (30.2%) | loss: 3.544041 | lrm: 1.00 | dt: 607ms | tok/sec: 863,038 | mfu: 20.9% | epoch: 1 | remaining: 209s    
step 00161 (30.4%) | loss: 3.541738 | lrm: 1.00 | dt: 607ms | tok/sec: 863,169 | mfu: 20.9% | epoch: 1 | remaining: 208s    
step 00162 (30.6%) | loss: 3.542439 | lrm: 1.00 | dt: 608ms | tok/sec: 863,009 | mfu: 20.9% | epoch: 1 | remaining: 208s    
step 00163 (30.8%) | loss: 3.536680 | lrm: 1.00 | dt: 608ms | tok/sec: 862,940 | mfu: 20.8% | epoch: 1 | remaining: 207s    
step 00164 (31.0%) | loss: 3.536228 | lrm: 1.00 | dt: 608ms | tok/sec: 862,965 | mfu: 20.9% | epoch: 1 | remaining: 206s    
step 00165 (31.2%) | loss: 3.534296 | lrm: 1.00 | dt: 607ms | tok/sec: 863,101 | mfu: 20.9% | epoch: 1 | remaining: 206s    
step 00166 (31.4%) | loss: 3.530588 | lrm: 1.00 | dt: 608ms | tok/sec: 862,996 | mfu: 20.9% | epoch: 1 | remaining: 205s    
step 00167 (31.6%) | loss: 3.528063 | lrm: 1.00 | dt: 607ms | tok/sec: 863,082 | mfu: 20.9% | epoch: 1 | remaining: 205s    
step 00168 (31.8%) | loss: 3.525793 | lrm: 1.00 | dt: 607ms | tok/sec: 863,293 | mfu: 20.9% | epoch: 1 | remaining: 204s    
step 00169 (32.0%) | loss: 3.521393 | lrm: 1.00 | dt: 607ms | tok/sec: 863,039 | mfu: 20.9% | epoch: 1 | remaining: 203s    
step 00170 (32.2%) | loss: 3.514746 | lrm: 1.00 | dt: 608ms | tok/sec: 862,977 | mfu: 20.9% | epoch: 1 | remaining: 203s    
step 00171 (32.4%) | loss: 3.513760 | lrm: 1.00 | dt: 608ms | tok/sec: 862,652 | mfu: 20.8% | epoch: 1 | remaining: 202s    
step 00172 (32.6%) | loss: 3.513760 | lrm: 1.00 | dt: 608ms | tok/sec: 862,898 | mfu: 20.8% | epoch: 1 | remaining: 202s    
step 00173 (32.8%) | loss: 3.510576 | lrm: 1.00 | dt: 607ms | tok/sec: 863,094 | mfu: 20.9% | epoch: 1 | remaining: 201s    
step 00174 (33.0%) | loss: 3.510209 | lrm: 1.00 | dt: 608ms | tok/sec: 862,808 | mfu: 20.8% | epoch: 1 | remaining: 200s    
step 00175 (33.2%) | loss: 3.507025 | lrm: 1.00 | dt: 607ms | tok/sec: 863,143 | mfu: 20.9% | epoch: 1 | remaining: 200s    
step 00176 (33.4%) | loss: 3.505182 | lrm: 1.00 | dt: 608ms | tok/sec: 862,955 | mfu: 20.9% | epoch: 1 | remaining: 199s    
step 00177 (33.6%) | loss: 3.503215 | lrm: 1.00 | dt: 608ms | tok/sec: 862,981 | mfu: 20.9% | epoch: 1 | remaining: 199s    
step 00178 (33.8%) | loss: 3.503351 | lrm: 1.00 | dt: 607ms | tok/sec: 863,179 | mfu: 20.9% | epoch: 1 | remaining: 198s    
step 00179 (34.0%) | loss: 3.500163 | lrm: 1.00 | dt: 608ms | tok/sec: 862,925 | mfu: 20.8% | epoch: 1 | remaining: 197s    
step 00180 (34.2%) | loss: 3.497907 | lrm: 1.00 | dt: 608ms | tok/sec: 862,955 | mfu: 20.9% | epoch: 1 | remaining: 197s    
step 00181 (34.4%) | loss: 3.494013 | lrm: 1.00 | dt: 608ms | tok/sec: 862,772 | mfu: 20.8% | epoch: 1 | remaining: 196s    
step 00182 (34.6%) | loss: 3.487721 | lrm: 1.00 | dt: 607ms | tok/sec: 863,142 | mfu: 20.9% | epoch: 1 | remaining: 196s    
step 00183 (34.8%) | loss: 3.481448 | lrm: 1.00 | dt: 607ms | tok/sec: 863,077 | mfu: 20.9% | epoch: 1 | remaining: 195s    
step 00184 (35.0%) | loss: 3.480795 | lrm: 1.00 | dt: 608ms | tok/sec: 862,715 | mfu: 20.8% | epoch: 1 | remaining: 194s    
step 00185 (35.2%) | loss: 3.476844 | lrm: 1.00 | dt: 608ms | tok/sec: 862,975 | mfu: 20.9% | epoch: 1 | remaining: 194s    
step 00186 (35.4%) | loss: 3.471986 | lrm: 1.00 | dt: 607ms | tok/sec: 863,045 | mfu: 20.9% | epoch: 1 | remaining: 193s    
step 00187 (35.6%) | loss: 3.468375 | lrm: 1.00 | dt: 607ms | tok/sec: 863,201 | mfu: 20.9% | epoch: 1 | remaining: 193s    
step 00188 (35.8%) | loss: 3.468351 | lrm: 1.00 | dt: 608ms | tok/sec: 862,977 | mfu: 20.9% | epoch: 1 | remaining: 192s    
step 00189 (36.0%) | loss: 3.466275 | lrm: 1.00 | dt: 607ms | tok/sec: 863,051 | mfu: 20.9% | epoch: 1 | remaining: 191s    
step 00190 (36.2%) | loss: 3.466549 | lrm: 1.00 | dt: 607ms | tok/sec: 863,060 | mfu: 20.9% | epoch: 1 | remaining: 191s    
step 00191 (36.4%) | loss: 3.467039 | lrm: 1.00 | dt: 608ms | tok/sec: 862,773 | mfu: 20.8% | epoch: 1 | remaining: 190s    
step 00192 (36.6%) | loss: 3.461273 | lrm: 1.00 | dt: 608ms | tok/sec: 862,990 | mfu: 20.9% | epoch: 1 | remaining: 189s    
step 00193 (36.8%) | loss: 3.455643 | lrm: 1.00 | dt: 607ms | tok/sec: 863,054 | mfu: 20.9% | epoch: 1 | remaining: 189s    
step 00194 (37.0%) | loss: 3.455978 | lrm: 1.00 | dt: 607ms | tok/sec: 863,125 | mfu: 20.9% | epoch: 1 | remaining: 188s    
step 00195 (37.3%) | loss: 3.453081 | lrm: 1.00 | dt: 608ms | tok/sec: 862,870 | mfu: 20.8% | epoch: 1 | remaining: 188s    
step 00196 (37.5%) | loss: 3.452134 | lrm: 1.00 | dt: 608ms | tok/sec: 862,968 | mfu: 20.9% | epoch: 1 | remaining: 187s    
step 00197 (37.7%) | loss: 3.453947 | lrm: 1.00 | dt: 608ms | tok/sec: 862,743 | mfu: 20.8% | epoch: 1 | remaining: 186s    
step 00198 (37.9%) | loss: 3.448671 | lrm: 1.00 | dt: 607ms | tok/sec: 863,097 | mfu: 20.9% | epoch: 1 | remaining: 186s    
step 00199 (38.1%) | loss: 3.445037 | lrm: 1.00 | dt: 608ms | tok/sec: 862,988 | mfu: 20.9% | epoch: 1 | remaining: 185s    
step 00200 (38.3%) | loss: 3.446628 | lrm: 1.00 | dt: 607ms | tok/sec: 863,250 | mfu: 20.9% | epoch: 1 | remaining: 185s    
step 00201 (38.5%) | loss: 3.446717 | lrm: 1.00 | dt: 608ms | tok/sec: 862,811 | mfu: 20.8% | epoch: 1 | remaining: 184s    
step 00202 (38.7%) | loss: 3.444433 | lrm: 1.00 | dt: 607ms | tok/sec: 863,141 | mfu: 20.9% | epoch: 1 | remaining: 183s    
step 00203 (38.9%) | loss: 3.442488 | lrm: 1.00 | dt: 607ms | tok/sec: 863,126 | mfu: 20.9% | epoch: 1 | remaining: 183s    
step 00204 (39.1%) | loss: 3.440391 | lrm: 1.00 | dt: 607ms | tok/sec: 863,160 | mfu: 20.9% | epoch: 1 | remaining: 182s    
step 00205 (39.3%) | loss: 3.439809 | lrm: 1.00 | dt: 607ms | tok/sec: 863,107 | mfu: 20.9% | epoch: 1 | remaining: 182s    
step 00206 (39.5%) | loss: 3.436126 | lrm: 1.00 | dt: 607ms | tok/sec: 863,163 | mfu: 20.9% | epoch: 1 | remaining: 181s    
step 00207 (39.7%) | loss: 3.433020 | lrm: 1.00 | dt: 607ms | tok/sec: 863,112 | mfu: 20.9% | epoch: 1 | remaining: 180s    
step 00208 (39.9%) | loss: 3.431245 | lrm: 1.00 | dt: 608ms | tok/sec: 862,992 | mfu: 20.9% | epoch: 1 | remaining: 180s    
step 00209 (40.1%) | loss: 3.430620 | lrm: 1.00 | dt: 607ms | tok/sec: 863,206 | mfu: 20.9% | epoch: 1 | remaining: 179s    
step 00210 (40.3%) | loss: 3.428240 | lrm: 1.00 | dt: 607ms | tok/sec: 863,062 | mfu: 20.9% | epoch: 1 | remaining: 179s    
step 00211 (40.5%) | loss: 3.429265 | lrm: 1.00 | dt: 607ms | tok/sec: 863,191 | mfu: 20.9% | epoch: 1 | remaining: 178s    
step 00212 (40.7%) | loss: 3.427634 | lrm: 1.00 | dt: 607ms | tok/sec: 863,248 | mfu: 20.9% | epoch: 1 | remaining: 177s    
step 00213 (40.9%) | loss: 3.422683 | lrm: 1.00 | dt: 608ms | tok/sec: 862,905 | mfu: 20.8% | epoch: 1 | remaining: 177s    
step 00214 (41.1%) | loss: 3.423921 | lrm: 1.00 | dt: 607ms | tok/sec: 863,194 | mfu: 20.9% | epoch: 1 | remaining: 176s    
step 00215 (41.3%) | loss: 3.417840 | lrm: 1.00 | dt: 608ms | tok/sec: 862,987 | mfu: 20.9% | epoch: 1 | remaining: 175s    
step 00216 (41.5%) | loss: 3.419809 | lrm: 1.00 | dt: 608ms | tok/sec: 862,501 | mfu: 20.8% | epoch: 1 | remaining: 175s    
step 00217 (41.7%) | loss: 3.416761 | lrm: 1.00 | dt: 608ms | tok/sec: 863,022 | mfu: 20.9% | epoch: 1 | remaining: 174s    
step 00218 (41.9%) | loss: 3.415426 | lrm: 1.00 | dt: 608ms | tok/sec: 862,775 | mfu: 20.8% | epoch: 1 | remaining: 174s    
step 00219 (42.1%) | loss: 3.414188 | lrm: 1.00 | dt: 607ms | tok/sec: 863,274 | mfu: 20.9% | epoch: 1 | remaining: 173s    
step 00220 (42.3%) | loss: 3.414881 | lrm: 1.00 | dt: 607ms | tok/sec: 863,133 | mfu: 20.9% | epoch: 1 | remaining: 172s    
step 00221 (42.5%) | loss: 3.404405 | lrm: 1.00 | dt: 608ms | tok/sec: 863,011 | mfu: 20.9% | epoch: 1 | remaining: 172s    
step 00222 (42.7%) | loss: 3.402120 | lrm: 1.00 | dt: 607ms | tok/sec: 863,104 | mfu: 20.9% | epoch: 1 | remaining: 171s    
step 00223 (42.9%) | loss: 3.401031 | lrm: 1.00 | dt: 608ms | tok/sec: 862,966 | mfu: 20.9% | epoch: 1 | remaining: 171s    
step 00224 (43.1%) | loss: 3.401296 | lrm: 1.00 | dt: 607ms | tok/sec: 863,073 | mfu: 20.9% | epoch: 1 | remaining: 170s    
step 00225 (43.3%) | loss: 3.404143 | lrm: 1.00 | dt: 607ms | tok/sec: 863,087 | mfu: 20.9% | epoch: 1 | remaining: 169s    
step 00226 (43.5%) | loss: 3.400925 | lrm: 1.00 | dt: 607ms | tok/sec: 863,134 | mfu: 20.9% | epoch: 1 | remaining: 169s    
step 00227 (43.7%) | loss: 3.402933 | lrm: 1.00 | dt: 607ms | tok/sec: 863,393 | mfu: 20.9% | epoch: 1 | remaining: 168s    
step 00228 (43.9%) | loss: 3.403232 | lrm: 1.00 | dt: 608ms | tok/sec: 862,678 | mfu: 20.8% | epoch: 1 | remaining: 168s    
step 00229 (44.1%) | loss: 3.402689 | lrm: 1.00 | dt: 607ms | tok/sec: 863,102 | mfu: 20.9% | epoch: 1 | remaining: 167s    
step 00230 (44.3%) | loss: 3.405020 | lrm: 1.00 | dt: 607ms | tok/sec: 863,035 | mfu: 20.9% | epoch: 1 | remaining: 166s    
step 00231 (44.5%) | loss: 3.399218 | lrm: 1.00 | dt: 607ms | tok/sec: 863,280 | mfu: 20.9% | epoch: 1 | remaining: 166s    
step 00232 (44.7%) | loss: 3.398070 | lrm: 1.00 | dt: 608ms | tok/sec: 862,980 | mfu: 20.9% | epoch: 1 | remaining: 165s    
step 00233 (44.9%) | loss: 3.402308 | lrm: 1.00 | dt: 607ms | tok/sec: 863,114 | mfu: 20.9% | epoch: 1 | remaining: 165s    
step 00234 (45.1%) | loss: 3.402143 | lrm: 1.00 | dt: 607ms | tok/sec: 863,065 | mfu: 20.9% | epoch: 1 | remaining: 164s    
step 00235 (45.4%) | loss: 3.399105 | lrm: 1.00 | dt: 607ms | tok/sec: 863,205 | mfu: 20.9% | epoch: 1 | remaining: 163s    
step 00236 (45.6%) | loss: 3.402946 | lrm: 1.00 | dt: 607ms | tok/sec: 863,191 | mfu: 20.9% | epoch: 1 | remaining: 163s    
step 00237 (45.8%) | loss: 3.402914 | lrm: 1.00 | dt: 608ms | tok/sec: 863,023 | mfu: 20.9% | epoch: 1 | remaining: 162s    
step 00238 (46.0%) | loss: 3.404437 | lrm: 1.00 | dt: 607ms | tok/sec: 863,389 | mfu: 20.9% | epoch: 1 | remaining: 162s    
step 00239 (46.2%) | loss: 3.398317 | lrm: 1.00 | dt: 607ms | tok/sec: 863,089 | mfu: 20.9% | epoch: 1 | remaining: 161s    
step 00240 (46.4%) | loss: 3.388419 | lrm: 1.00 | dt: 607ms | tok/sec: 863,165 | mfu: 20.9% | epoch: 1 | remaining: 160s    
step 00241 (46.6%) | loss: 3.384858 | lrm: 1.00 | dt: 607ms | tok/sec: 863,204 | mfu: 20.9% | epoch: 1 | remaining: 160s    
step 00242 (46.8%) | loss: 3.386130 | lrm: 1.00 | dt: 607ms | tok/sec: 863,162 | mfu: 20.9% | epoch: 1 | remaining: 159s    
step 00243 (47.0%) | loss: 3.388398 | lrm: 1.00 | dt: 607ms | tok/sec: 863,219 | mfu: 20.9% | epoch: 1 | remaining: 158s    
step 00244 (47.2%) | loss: 3.389072 | lrm: 1.00 | dt: 608ms | tok/sec: 862,900 | mfu: 20.8% | epoch: 1 | remaining: 158s    
step 00245 (47.4%) | loss: 3.384613 | lrm: 1.00 | dt: 607ms | tok/sec: 863,153 | mfu: 20.9% | epoch: 1 | remaining: 157s    
step 00246 (47.6%) | loss: 3.386487 | lrm: 1.00 | dt: 608ms | tok/sec: 862,786 | mfu: 20.8% | epoch: 1 | remaining: 157s    
step 00247 (47.8%) | loss: 3.382444 | lrm: 1.00 | dt: 607ms | tok/sec: 863,093 | mfu: 20.9% | epoch: 1 | remaining: 156s    
step 00248 (48.0%) | loss: 3.383593 | lrm: 1.00 | dt: 607ms | tok/sec: 863,134 | mfu: 20.9% | epoch: 1 | remaining: 155s    
step 00249 (48.2%) | loss: 3.376731 | lrm: 1.00 | dt: 608ms | tok/sec: 862,983 | mfu: 20.9% | epoch: 1 | remaining: 155s    
step 00250 (48.4%) | loss: 3.373201 | lrm: 1.00 | dt: 608ms | tok/sec: 862,920 | mfu: 20.8% | epoch: 1 | remaining: 154s    
step 00251 (48.6%) | loss: 3.371092 | lrm: 1.00 | dt: 607ms | tok/sec: 863,200 | mfu: 20.9% | epoch: 1 | remaining: 154s    
step 00252 (48.8%) | loss: 3.369745 | lrm: 1.00 | dt: 607ms | tok/sec: 863,195 | mfu: 20.9% | epoch: 1 | remaining: 153s    
step 00253 (49.0%) | loss: 3.361053 | lrm: 1.00 | dt: 607ms | tok/sec: 863,182 | mfu: 20.9% | epoch: 1 | remaining: 152s    
step 00254 (49.2%) | loss: 3.357428 | lrm: 1.00 | dt: 608ms | tok/sec: 862,819 | mfu: 20.8% | epoch: 1 | remaining: 152s    
step 00255 (49.4%) | loss: 3.356229 | lrm: 1.00 | dt: 607ms | tok/sec: 863,028 | mfu: 20.9% | epoch: 1 | remaining: 151s    
step 00256 (49.6%) | loss: 3.352578 | lrm: 1.00 | dt: 607ms | tok/sec: 863,415 | mfu: 20.9% | epoch: 1 | remaining: 151s    
step 00257 (49.8%) | loss: 3.352072 | lrm: 1.00 | dt: 608ms | tok/sec: 862,875 | mfu: 20.8% | epoch: 1 | remaining: 150s    
step 00258 (50.0%) | loss: 3.354588 | lrm: 1.00 | dt: 607ms | tok/sec: 863,219 | mfu: 20.9% | epoch: 1 | remaining: 149s    
step 00259 (50.2%) | loss: 3.355925 | lrm: 1.00 | dt: 607ms | tok/sec: 863,141 | mfu: 20.9% | epoch: 1 | remaining: 149s    
step 00260 (50.4%) | loss: 3.354687 | lrm: 0.99 | dt: 607ms | tok/sec: 863,427 | mfu: 20.9% | epoch: 1 | remaining: 148s    
step 00261 (50.6%) | loss: 3.356618 | lrm: 0.99 | dt: 607ms | tok/sec: 863,286 | mfu: 20.9% | epoch: 1 | remaining: 148s    
step 00262 (50.8%) | loss: 3.352603 | lrm: 0.98 | dt: 607ms | tok/sec: 863,300 | mfu: 20.9% | epoch: 1 | remaining: 147s    
step 00263 (51.0%) | loss: 3.349317 | lrm: 0.98 | dt: 607ms | tok/sec: 863,205 | mfu: 20.9% | epoch: 1 | remaining: 146s    
step 00264 (51.2%) | loss: 3.346919 | lrm: 0.98 | dt: 607ms | tok/sec: 863,192 | mfu: 20.9% | epoch: 1 | remaining: 146s    
step 00265 (51.4%) | loss: 3.346512 | lrm: 0.97 | dt: 607ms | tok/sec: 863,214 | mfu: 20.9% | epoch: 1 | remaining: 145s    
step 00266 (51.6%) | loss: 3.343948 | lrm: 0.97 | dt: 607ms | tok/sec: 863,232 | mfu: 20.9% | epoch: 1 | remaining: 145s    
step 00267 (51.8%) | loss: 3.339644 | lrm: 0.96 | dt: 607ms | tok/sec: 863,045 | mfu: 20.9% | epoch: 1 | remaining: 144s    
step 00268 (52.0%) | loss: 3.341923 | lrm: 0.96 | dt: 608ms | tok/sec: 862,838 | mfu: 20.8% | epoch: 1 | remaining: 143s    
step 00269 (52.2%) | loss: 3.341774 | lrm: 0.96 | dt: 607ms | tok/sec: 863,441 | mfu: 20.9% | epoch: 1 | remaining: 143s    
step 00270 (52.4%) | loss: 3.337820 | lrm: 0.95 | dt: 607ms | tok/sec: 863,160 | mfu: 20.9% | epoch: 1 | remaining: 142s    
step 00271 (52.6%) | loss: 3.339111 | lrm: 0.95 | dt: 607ms | tok/sec: 863,209 | mfu: 20.9% | epoch: 1 | remaining: 141s    
step 00272 (52.8%) | loss: 3.337901 | lrm: 0.94 | dt: 607ms | tok/sec: 863,096 | mfu: 20.9% | epoch: 1 | remaining: 141s    
step 00273 (53.0%) | loss: 3.336738 | lrm: 0.94 | dt: 607ms | tok/sec: 863,190 | mfu: 20.9% | epoch: 1 | remaining: 140s    
step 00274 (53.2%) | loss: 3.337206 | lrm: 0.94 | dt: 607ms | tok/sec: 863,098 | mfu: 20.9% | epoch: 1 | remaining: 140s    
step 00275 (53.4%) | loss: 3.335274 | lrm: 0.93 | dt: 608ms | tok/sec: 862,841 | mfu: 20.8% | epoch: 1 | remaining: 139s    
step 00276 (53.7%) | loss: 3.333525 | lrm: 0.93 | dt: 607ms | tok/sec: 863,339 | mfu: 20.9% | epoch: 1 | remaining: 138s    
step 00277 (53.9%) | loss: 3.335712 | lrm: 0.92 | dt: 607ms | tok/sec: 863,325 | mfu: 20.9% | epoch: 1 | remaining: 138s    
step 00278 (54.1%) | loss: 3.335470 | lrm: 0.92 | dt: 607ms | tok/sec: 863,251 | mfu: 20.9% | epoch: 1 | remaining: 137s    
step 00279 (54.3%) | loss: 3.332273 | lrm: 0.91 | dt: 607ms | tok/sec: 863,378 | mfu: 20.9% | epoch: 1 | remaining: 137s    
step 00280 (54.5%) | loss: 3.333886 | lrm: 0.91 | dt: 608ms | tok/sec: 862,946 | mfu: 20.9% | epoch: 1 | remaining: 136s    
step 00281 (54.7%) | loss: 3.336742 | lrm: 0.91 | dt: 607ms | tok/sec: 863,355 | mfu: 20.9% | epoch: 1 | remaining: 135s    
step 00282 (54.9%) | loss: 3.334009 | lrm: 0.90 | dt: 607ms | tok/sec: 863,298 | mfu: 20.9% | epoch: 1 | remaining: 135s    
step 00283 (55.1%) | loss: 3.333574 | lrm: 0.90 | dt: 607ms | tok/sec: 863,226 | mfu: 20.9% | epoch: 1 | remaining: 134s    
step 00284 (55.3%) | loss: 3.331381 | lrm: 0.89 | dt: 607ms | tok/sec: 863,154 | mfu: 20.9% | epoch: 1 | remaining: 134s    
step 00285 (55.5%) | loss: 3.331264 | lrm: 0.89 | dt: 607ms | tok/sec: 863,393 | mfu: 20.9% | epoch: 1 | remaining: 133s    
step 00286 (55.7%) | loss: 3.326106 | lrm: 0.89 | dt: 607ms | tok/sec: 863,581 | mfu: 20.9% | epoch: 1 | remaining: 132s    
step 00287 (55.9%) | loss: 3.323849 | lrm: 0.88 | dt: 607ms | tok/sec: 863,321 | mfu: 20.9% | epoch: 1 | remaining: 132s    
step 00288 (56.1%) | loss: 3.326441 | lrm: 0.88 | dt: 607ms | tok/sec: 863,243 | mfu: 20.9% | epoch: 1 | remaining: 131s    
step 00289 (56.3%) | loss: 3.323027 | lrm: 0.87 | dt: 607ms | tok/sec: 863,092 | mfu: 20.9% | epoch: 1 | remaining: 131s    
step 00290 (56.5%) | loss: 3.325217 | lrm: 0.87 | dt: 607ms | tok/sec: 863,116 | mfu: 20.9% | epoch: 1 | remaining: 130s    
step 00291 (56.7%) | loss: 3.316040 | lrm: 0.87 | dt: 607ms | tok/sec: 863,585 | mfu: 20.9% | epoch: 1 | remaining: 129s    
step 00292 (56.9%) | loss: 3.309051 | lrm: 0.86 | dt: 607ms | tok/sec: 863,282 | mfu: 20.9% | epoch: 1 | remaining: 129s    
step 00293 (57.1%) | loss: 3.308461 | lrm: 0.86 | dt: 607ms | tok/sec: 863,341 | mfu: 20.9% | epoch: 1 | remaining: 128s    
step 00294 (57.3%) | loss: 3.307871 | lrm: 0.85 | dt: 607ms | tok/sec: 863,119 | mfu: 20.9% | epoch: 1 | remaining: 128s    
step 00295 (57.5%) | loss: 3.307760 | lrm: 0.85 | dt: 607ms | tok/sec: 863,373 | mfu: 20.9% | epoch: 1 | remaining: 127s    
step 00296 (57.7%) | loss: 3.301912 | lrm: 0.85 | dt: 607ms | tok/sec: 863,384 | mfu: 20.9% | epoch: 1 | remaining: 126s    
step 00297 (57.9%) | loss: 3.301581 | lrm: 0.84 | dt: 607ms | tok/sec: 863,418 | mfu: 20.9% | epoch: 1 | remaining: 126s    
step 00298 (58.1%) | loss: 3.298575 | lrm: 0.84 | dt: 607ms | tok/sec: 863,167 | mfu: 20.9% | epoch: 1 | remaining: 125s    
step 00299 (58.3%) | loss: 3.298029 | lrm: 0.83 | dt: 607ms | tok/sec: 863,315 | mfu: 20.9% | epoch: 1 | remaining: 124s    
step 00300 (58.5%) | loss: 3.295523 | lrm: 0.83 | dt: 607ms | tok/sec: 863,408 | mfu: 20.9% | epoch: 1 | remaining: 124s    
step 00301 (58.7%) | loss: 3.291769 | lrm: 0.83 | dt: 607ms | tok/sec: 863,239 | mfu: 20.9% | epoch: 1 | remaining: 123s    
step 00302 (58.9%) | loss: 3.292617 | lrm: 0.82 | dt: 607ms | tok/sec: 863,229 | mfu: 20.9% | epoch: 1 | remaining: 123s    
step 00303 (59.1%) | loss: 3.291256 | lrm: 0.82 | dt: 607ms | tok/sec: 863,400 | mfu: 20.9% | epoch: 1 | remaining: 122s    
step 00304 (59.3%) | loss: 3.290906 | lrm: 0.81 | dt: 607ms | tok/sec: 863,216 | mfu: 20.9% | epoch: 1 | remaining: 121s    
step 00305 (59.5%) | loss: 3.288260 | lrm: 0.81 | dt: 607ms | tok/sec: 863,231 | mfu: 20.9% | epoch: 1 | remaining: 121s    
step 00306 (59.7%) | loss: 3.283447 | lrm: 0.81 | dt: 607ms | tok/sec: 863,204 | mfu: 20.9% | epoch: 1 | remaining: 120s    
step 00307 (59.9%) | loss: 3.279582 | lrm: 0.80 | dt: 607ms | tok/sec: 863,277 | mfu: 20.9% | epoch: 1 | remaining: 120s    
step 00308 (60.1%) | loss: 3.273073 | lrm: 0.80 | dt: 607ms | tok/sec: 863,203 | mfu: 20.9% | epoch: 1 | remaining: 119s    
step 00309 (60.3%) | loss: 3.268127 | lrm: 0.79 | dt: 607ms | tok/sec: 863,421 | mfu: 20.9% | epoch: 1 | remaining: 118s    
step 00310 (60.5%) | loss: 3.263377 | lrm: 0.79 | dt: 607ms | tok/sec: 863,226 | mfu: 20.9% | epoch: 1 | remaining: 118s    
step 00311 (60.7%) | loss: 3.263363 | lrm: 0.79 | dt: 607ms | tok/sec: 863,385 | mfu: 20.9% | epoch: 1 | remaining: 117s    
step 00312 (60.9%) | loss: 3.264006 | lrm: 0.78 | dt: 607ms | tok/sec: 863,470 | mfu: 20.9% | epoch: 1 | remaining: 117s    
step 00313 (61.1%) | loss: 3.257031 | lrm: 0.78 | dt: 607ms | tok/sec: 863,317 | mfu: 20.9% | epoch: 1 | remaining: 116s    
step 00314 (61.3%) | loss: 3.255921 | lrm: 0.77 | dt: 607ms | tok/sec: 863,431 | mfu: 20.9% | epoch: 1 | remaining: 115s    
step 00315 (61.5%) | loss: 3.261242 | lrm: 0.77 | dt: 607ms | tok/sec: 863,333 | mfu: 20.9% | epoch: 1 | remaining: 115s    
step 00316 (61.7%) | loss: 3.259256 | lrm: 0.77 | dt: 607ms | tok/sec: 863,425 | mfu: 20.9% | epoch: 1 | remaining: 114s    
step 00317 (62.0%) | loss: 3.260532 | lrm: 0.76 | dt: 607ms | tok/sec: 863,425 | mfu: 20.9% | epoch: 1 | remaining: 114s    
step 00318 (62.2%) | loss: 3.261709 | lrm: 0.76 | dt: 607ms | tok/sec: 863,243 | mfu: 20.9% | epoch: 1 | remaining: 113s    
step 00319 (62.4%) | loss: 3.257529 | lrm: 0.75 | dt: 607ms | tok/sec: 863,328 | mfu: 20.9% | epoch: 1 | remaining: 112s    
step 00320 (62.6%) | loss: 3.258056 | lrm: 0.75 | dt: 607ms | tok/sec: 863,332 | mfu: 20.9% | epoch: 1 | remaining: 112s    
step 00321 (62.8%) | loss: 3.254371 | lrm: 0.74 | dt: 607ms | tok/sec: 863,609 | mfu: 20.9% | epoch: 1 | remaining: 111s    
step 00322 (63.0%) | loss: 3.254988 | lrm: 0.74 | dt: 607ms | tok/sec: 863,276 | mfu: 20.9% | epoch: 1 | remaining: 111s    
step 00323 (63.2%) | loss: 3.250898 | lrm: 0.74 | dt: 607ms | tok/sec: 863,801 | mfu: 20.9% | epoch: 1 | remaining: 110s    
step 00324 (63.4%) | loss: 3.245969 | lrm: 0.73 | dt: 607ms | tok/sec: 863,440 | mfu: 20.9% | epoch: 1 | remaining: 109s    
step 00325 (63.6%) | loss: 3.240255 | lrm: 0.73 | dt: 607ms | tok/sec: 863,338 | mfu: 20.9% | epoch: 1 | remaining: 109s    
step 00326 (63.8%) | loss: 3.242265 | lrm: 0.72 | dt: 607ms | tok/sec: 863,281 | mfu: 20.9% | epoch: 1 | remaining: 108s    
step 00327 (64.0%) | loss: 3.237427 | lrm: 0.72 | dt: 607ms | tok/sec: 863,578 | mfu: 20.9% | epoch: 1 | remaining: 107s    
step 00328 (64.2%) | loss: 3.237121 | lrm: 0.72 | dt: 607ms | tok/sec: 863,313 | mfu: 20.9% | epoch: 1 | remaining: 107s    
step 00329 (64.4%) | loss: 3.238880 | lrm: 0.71 | dt: 607ms | tok/sec: 863,282 | mfu: 20.9% | epoch: 1 | remaining: 106s    
step 00330 (64.6%) | loss: 3.237944 | lrm: 0.71 | dt: 607ms | tok/sec: 863,302 | mfu: 20.9% | epoch: 1 | remaining: 106s    
step 00331 (64.8%) | loss: 3.240499 | lrm: 0.70 | dt: 607ms | tok/sec: 863,287 | mfu: 20.9% | epoch: 1 | remaining: 105s    
step 00332 (65.0%) | loss: 3.241419 | lrm: 0.70 | dt: 607ms | tok/sec: 863,218 | mfu: 20.9% | epoch: 1 | remaining: 104s    
step 00333 (65.2%) | loss: 3.240059 | lrm: 0.70 | dt: 607ms | tok/sec: 863,589 | mfu: 20.9% | epoch: 1 | remaining: 104s    
step 00334 (65.4%) | loss: 3.240380 | lrm: 0.69 | dt: 607ms | tok/sec: 863,212 | mfu: 20.9% | epoch: 1 | remaining: 103s    
step 00335 (65.6%) | loss: 3.230983 | lrm: 0.69 | dt: 607ms | tok/sec: 863,423 | mfu: 20.9% | epoch: 1 | remaining: 103s    
step 00336 (65.8%) | loss: 3.230671 | lrm: 0.68 | dt: 607ms | tok/sec: 863,466 | mfu: 20.9% | epoch: 1 | remaining: 102s    
step 00337 (66.0%) | loss: 3.227706 | lrm: 0.68 | dt: 607ms | tok/sec: 863,052 | mfu: 20.9% | epoch: 1 | remaining: 101s    
step 00338 (66.2%) | loss: 3.227253 | lrm: 0.68 | dt: 607ms | tok/sec: 863,486 | mfu: 20.9% | epoch: 1 | remaining: 101s    
step 00339 (66.4%) | loss: 3.219909 | lrm: 0.67 | dt: 607ms | tok/sec: 863,446 | mfu: 20.9% | epoch: 1 | remaining: 100s    
step 00340 (66.6%) | loss: 3.222126 | lrm: 0.67 | dt: 607ms | tok/sec: 863,432 | mfu: 20.9% | epoch: 1 | remaining: 100s    
step 00341 (66.8%) | loss: 3.219249 | lrm: 0.66 | dt: 607ms | tok/sec: 863,371 | mfu: 20.9% | epoch: 1 | remaining: 99s    
step 00342 (67.0%) | loss: 3.222608 | lrm: 0.66 | dt: 607ms | tok/sec: 863,358 | mfu: 20.9% | epoch: 1 | remaining: 98s    
step 00343 (67.2%) | loss: 3.226762 | lrm: 0.66 | dt: 607ms | tok/sec: 863,200 | mfu: 20.9% | epoch: 1 | remaining: 98s    
step 00344 (67.4%) | loss: 3.226111 | lrm: 0.65 | dt: 607ms | tok/sec: 863,301 | mfu: 20.9% | epoch: 1 | remaining: 97s    
step 00345 (67.6%) | loss: 3.223714 | lrm: 0.65 | dt: 607ms | tok/sec: 863,393 | mfu: 20.9% | epoch: 1 | remaining: 97s    
step 00346 (67.8%) | loss: 3.223364 | lrm: 0.64 | dt: 607ms | tok/sec: 863,164 | mfu: 20.9% | epoch: 1 | remaining: 96s    
step 00347 (68.0%) | loss: 3.222120 | lrm: 0.64 | dt: 607ms | tok/sec: 863,530 | mfu: 20.9% | epoch: 1 | remaining: 95s    
step 00348 (68.2%) | loss: 3.217385 | lrm: 0.64 | dt: 607ms | tok/sec: 863,233 | mfu: 20.9% | epoch: 1 | remaining: 95s    
step 00349 (68.4%) | loss: 3.216278 | lrm: 0.63 | dt: 607ms | tok/sec: 863,461 | mfu: 20.9% | epoch: 1 | remaining: 94s    
step 00350 (68.6%) | loss: 3.215032 | lrm: 0.63 | dt: 607ms | tok/sec: 863,429 | mfu: 20.9% | epoch: 1 | remaining: 93s    
step 00351 (68.8%) | loss: 3.210904 | lrm: 0.62 | dt: 607ms | tok/sec: 863,381 | mfu: 20.9% | epoch: 1 | remaining: 93s    
step 00352 (69.0%) | loss: 3.213587 | lrm: 0.62 | dt: 607ms | tok/sec: 863,246 | mfu: 20.9% | epoch: 1 | remaining: 92s    
step 00353 (69.2%) | loss: 3.208841 | lrm: 0.62 | dt: 607ms | tok/sec: 863,423 | mfu: 20.9% | epoch: 1 | remaining: 92s    
step 00354 (69.4%) | loss: 3.210392 | lrm: 0.61 | dt: 607ms | tok/sec: 863,466 | mfu: 20.9% | epoch: 1 | remaining: 91s    
step 00355 (69.6%) | loss: 3.208893 | lrm: 0.61 | dt: 607ms | tok/sec: 863,496 | mfu: 20.9% | epoch: 1 | remaining: 90s    
step 00356 (69.8%) | loss: 3.201713 | lrm: 0.60 | dt: 607ms | tok/sec: 863,352 | mfu: 20.9% | epoch: 1 | remaining: 90s    
step 00357 (70.0%) | loss: 3.196160 | lrm: 0.60 | dt: 607ms | tok/sec: 863,642 | mfu: 20.9% | epoch: 1 | remaining: 89s    
step 00358 (70.3%) | loss: 3.193009 | lrm: 0.59 | dt: 607ms | tok/sec: 863,424 | mfu: 20.9% | epoch: 1 | remaining: 89s    
step 00359 (70.5%) | loss: 3.191726 | lrm: 0.59 | dt: 607ms | tok/sec: 863,468 | mfu: 20.9% | epoch: 1 | remaining: 88s    
step 00360 (70.7%) | loss: 3.190397 | lrm: 0.59 | dt: 607ms | tok/sec: 863,482 | mfu: 20.9% | epoch: 1 | remaining: 87s    
step 00361 (70.9%) | loss: 3.183480 | lrm: 0.58 | dt: 607ms | tok/sec: 863,475 | mfu: 20.9% | epoch: 1 | remaining: 87s    
step 00362 (71.1%) | loss: 3.190782 | lrm: 0.58 | dt: 607ms | tok/sec: 863,313 | mfu: 20.9% | epoch: 1 | remaining: 86s    
step 00363 (71.3%) | loss: 3.190692 | lrm: 0.57 | dt: 607ms | tok/sec: 863,435 | mfu: 20.9% | epoch: 1 | remaining: 86s    
step 00364 (71.5%) | loss: 3.192219 | lrm: 0.57 | dt: 607ms | tok/sec: 863,566 | mfu: 20.9% | epoch: 1 | remaining: 85s    
step 00365 (71.7%) | loss: 3.185339 | lrm: 0.57 | dt: 607ms | tok/sec: 863,294 | mfu: 20.9% | epoch: 1 | remaining: 84s    
step 00366 (71.9%) | loss: 3.185339 | lrm: 0.56 | dt: 607ms | tok/sec: 863,272 | mfu: 20.9% | epoch: 1 | remaining: 84s    
step 00367 (72.1%) | loss: 3.184046 | lrm: 0.56 | dt: 607ms | tok/sec: 863,345 | mfu: 20.9% | epoch: 1 | remaining: 83s    
step 00368 (72.3%) | loss: 3.177265 | lrm: 0.55 | dt: 607ms | tok/sec: 863,234 | mfu: 20.9% | epoch: 1 | remaining: 83s    
step 00369 (72.5%) | loss: 3.175251 | lrm: 0.55 | dt: 607ms | tok/sec: 863,550 | mfu: 20.9% | epoch: 1 | remaining: 82s    
step 00370 (72.7%) | loss: 3.172245 | lrm: 0.55 | dt: 607ms | tok/sec: 863,325 | mfu: 20.9% | epoch: 1 | remaining: 81s    
step 00371 (72.9%) | loss: 3.169898 | lrm: 0.54 | dt: 607ms | tok/sec: 863,613 | mfu: 20.9% | epoch: 1 | remaining: 81s    
step 00372 (73.1%) | loss: 3.165813 | lrm: 0.54 | dt: 607ms | tok/sec: 863,463 | mfu: 20.9% | epoch: 1 | remaining: 80s    
step 00373 (73.3%) | loss: 3.170694 | lrm: 0.53 | dt: 607ms | tok/sec: 863,472 | mfu: 20.9% | epoch: 1 | remaining: 80s    
step 00374 (73.5%) | loss: 3.166159 | lrm: 0.53 | dt: 607ms | tok/sec: 863,302 | mfu: 20.9% | epoch: 1 | remaining: 79s    
step 00375 (73.7%) | loss: 3.162647 | lrm: 0.53 | dt: 607ms | tok/sec: 863,446 | mfu: 20.9% | epoch: 1 | remaining: 78s    
step 00376 (73.9%) | loss: 3.164486 | lrm: 0.52 | dt: 607ms | tok/sec: 863,438 | mfu: 20.9% | epoch: 1 | remaining: 78s    
step 00377 (74.1%) | loss: 3.167069 | lrm: 0.52 | dt: 607ms | tok/sec: 863,495 | mfu: 20.9% | epoch: 1 | remaining: 77s    
step 00378 (74.3%) | loss: 3.169735 | lrm: 0.51 | dt: 607ms | tok/sec: 863,446 | mfu: 20.9% | epoch: 1 | remaining: 76s    
step 00379 (74.5%) | loss: 3.164676 | lrm: 0.51 | dt: 607ms | tok/sec: 863,381 | mfu: 20.9% | epoch: 1 | remaining: 76s    
step 00380 (74.7%) | loss: 3.165571 | lrm: 0.51 | dt: 607ms | tok/sec: 863,596 | mfu: 20.9% | epoch: 1 | remaining: 75s    
step 00381 (74.9%) | loss: 3.163262 | lrm: 0.50 | dt: 607ms | tok/sec: 863,572 | mfu: 20.9% | epoch: 1 | remaining: 75s    
step 00382 (75.1%) | loss: 3.158668 | lrm: 0.50 | dt: 607ms | tok/sec: 863,541 | mfu: 20.9% | epoch: 1 | remaining: 74s    
step 00383 (75.3%) | loss: 3.161026 | lrm: 0.49 | dt: 607ms | tok/sec: 863,599 | mfu: 20.9% | epoch: 1 | remaining: 73s    
step 00384 (75.5%) | loss: 3.157334 | lrm: 0.49 | dt: 607ms | tok/sec: 863,832 | mfu: 20.9% | epoch: 1 | remaining: 73s    
step 00385 (75.7%) | loss: 3.156772 | lrm: 0.49 | dt: 607ms | tok/sec: 863,428 | mfu: 20.9% | epoch: 1 | remaining: 72s    
step 00386 (75.9%) | loss: 3.158671 | lrm: 0.48 | dt: 607ms | tok/sec: 863,359 | mfu: 20.9% | epoch: 1 | remaining: 72s    
step 00387 (76.1%) | loss: 3.152574 | lrm: 0.48 | dt: 607ms | tok/sec: 863,407 | mfu: 20.9% | epoch: 1 | remaining: 71s    
step 00388 (76.3%) | loss: 3.151554 | lrm: 0.47 | dt: 607ms | tok/sec: 863,609 | mfu: 20.9% | epoch: 1 | remaining: 70s    
step 00389 (76.5%) | loss: 3.148252 | lrm: 0.47 | dt: 607ms | tok/sec: 863,365 | mfu: 20.9% | epoch: 1 | remaining: 70s    
step 00390 (76.7%) | loss: 3.146374 | lrm: 0.47 | dt: 607ms | tok/sec: 863,839 | mfu: 20.9% | epoch: 1 | remaining: 69s    
step 00391 (76.9%) | loss: 3.143138 | lrm: 0.46 | dt: 607ms | tok/sec: 863,578 | mfu: 20.9% | epoch: 1 | remaining: 69s    
step 00392 (77.1%) | loss: 3.140625 | lrm: 0.46 | dt: 607ms | tok/sec: 863,496 | mfu: 20.9% | epoch: 1 | remaining: 68s    
step 00393 (77.3%) | loss: 3.142868 | lrm: 0.45 | dt: 607ms | tok/sec: 863,560 | mfu: 20.9% | epoch: 1 | remaining: 67s    
step 00394 (77.5%) | loss: 3.142550 | lrm: 0.45 | dt: 607ms | tok/sec: 863,462 | mfu: 20.9% | epoch: 1 | remaining: 67s    
step 00395 (77.7%) | loss: 3.146221 | lrm: 0.45 | dt: 607ms | tok/sec: 863,516 | mfu: 20.9% | epoch: 1 | remaining: 66s    
step 00396 (77.9%) | loss: 3.145841 | lrm: 0.44 | dt: 607ms | tok/sec: 863,522 | mfu: 20.9% | epoch: 1 | remaining: 66s    
step 00397 (78.1%) | loss: 3.142954 | lrm: 0.44 | dt: 607ms | tok/sec: 863,430 | mfu: 20.9% | epoch: 1 | remaining: 65s    
step 00398 (78.3%) | loss: 3.138389 | lrm: 0.43 | dt: 607ms | tok/sec: 863,631 | mfu: 20.9% | epoch: 1 | remaining: 64s    
step 00399 (78.5%) | loss: 3.138697 | lrm: 0.43 | dt: 607ms | tok/sec: 863,627 | mfu: 20.9% | epoch: 1 | remaining: 64s    
step 00400 (78.8%) | loss: 3.138392 | lrm: 0.42 | dt: 607ms | tok/sec: 863,281 | mfu: 20.9% | epoch: 1 | remaining: 63s    
step 00401 (79.0%) | loss: 3.134889 | lrm: 0.42 | dt: 607ms | tok/sec: 863,440 | mfu: 20.9% | epoch: 1 | remaining: 63s    
step 00402 (79.2%) | loss: 3.132323 | lrm: 0.42 | dt: 607ms | tok/sec: 863,498 | mfu: 20.9% | epoch: 1 | remaining: 62s    
step 00403 (79.4%) | loss: 3.131530 | lrm: 0.41 | dt: 607ms | tok/sec: 863,499 | mfu: 20.9% | epoch: 1 | remaining: 61s    
step 00404 (79.6%) | loss: 3.131952 | lrm: 0.41 | dt: 607ms | tok/sec: 863,448 | mfu: 20.9% | epoch: 1 | remaining: 61s    
step 00405 (79.8%) | loss: 3.126274 | lrm: 0.40 | dt: 607ms | tok/sec: 863,325 | mfu: 20.9% | epoch: 1 | remaining: 60s    
step 00406 (80.0%) | loss: 3.125233 | lrm: 0.40 | dt: 607ms | tok/sec: 863,314 | mfu: 20.9% | epoch: 1 | remaining: 59s    
step 00407 (80.2%) | loss: 3.125884 | lrm: 0.40 | dt: 607ms | tok/sec: 863,390 | mfu: 20.9% | epoch: 1 | remaining: 59s    
step 00408 (80.4%) | loss: 3.123078 | lrm: 0.39 | dt: 607ms | tok/sec: 863,662 | mfu: 20.9% | epoch: 1 | remaining: 58s    
step 00409 (80.6%) | loss: 3.122948 | lrm: 0.39 | dt: 607ms | tok/sec: 863,544 | mfu: 20.9% | epoch: 1 | remaining: 58s    
step 00410 (80.8%) | loss: 3.124679 | lrm: 0.38 | dt: 607ms | tok/sec: 863,641 | mfu: 20.9% | epoch: 1 | remaining: 57s    
step 00411 (81.0%) | loss: 3.123289 | lrm: 0.38 | dt: 607ms | tok/sec: 863,624 | mfu: 20.9% | epoch: 1 | remaining: 56s    
step 00412 (81.2%) | loss: 3.119551 | lrm: 0.38 | dt: 607ms | tok/sec: 863,534 | mfu: 20.9% | epoch: 1 | remaining: 56s    
step 00413 (81.4%) | loss: 3.121177 | lrm: 0.37 | dt: 607ms | tok/sec: 863,218 | mfu: 20.9% | epoch: 1 | remaining: 55s    
step 00414 (81.6%) | loss: 3.111904 | lrm: 0.37 | dt: 607ms | tok/sec: 863,630 | mfu: 20.9% | epoch: 1 | remaining: 55s    
step 00415 (81.8%) | loss: 3.112933 | lrm: 0.36 | dt: 607ms | tok/sec: 863,652 | mfu: 20.9% | epoch: 1 | remaining: 54s    
step 00416 (82.0%) | loss: 3.111104 | lrm: 0.36 | dt: 607ms | tok/sec: 863,698 | mfu: 20.9% | epoch: 1 | remaining: 53s    
step 00417 (82.2%) | loss: 3.113109 | lrm: 0.36 | dt: 607ms | tok/sec: 863,359 | mfu: 20.9% | epoch: 1 | remaining: 53s    
step 00418 (82.4%) | loss: 3.114316 | lrm: 0.35 | dt: 607ms | tok/sec: 863,533 | mfu: 20.9% | epoch: 1 | remaining: 52s    
step 00419 (82.6%) | loss: 3.112401 | lrm: 0.35 | dt: 607ms | tok/sec: 863,427 | mfu: 20.9% | epoch: 1 | remaining: 52s    
step 00420 (82.8%) | loss: 3.109193 | lrm: 0.34 | dt: 607ms | tok/sec: 863,688 | mfu: 20.9% | epoch: 1 | remaining: 51s    
step 00421 (83.0%) | loss: 3.109745 | lrm: 0.34 | dt: 607ms | tok/sec: 863,376 | mfu: 20.9% | epoch: 1 | remaining: 50s    
step 00422 (83.2%) | loss: 3.102939 | lrm: 0.34 | dt: 607ms | tok/sec: 863,495 | mfu: 20.9% | epoch: 1 | remaining: 50s    
step 00423 (83.4%) | loss: 3.100069 | lrm: 0.33 | dt: 607ms | tok/sec: 863,443 | mfu: 20.9% | epoch: 1 | remaining: 49s    
step 00424 (83.6%) | loss: 3.100516 | lrm: 0.33 | dt: 607ms | tok/sec: 863,516 | mfu: 20.9% | epoch: 1 | remaining: 49s    
step 00425 (83.8%) | loss: 3.097758 | lrm: 0.32 | dt: 607ms | tok/sec: 863,622 | mfu: 20.9% | epoch: 1 | remaining: 48s    
step 00426 (84.0%) | loss: 3.098619 | lrm: 0.32 | dt: 607ms | tok/sec: 863,143 | mfu: 20.9% | epoch: 1 | remaining: 47s    
step 00427 (84.2%) | loss: 3.097598 | lrm: 0.32 | dt: 607ms | tok/sec: 863,439 | mfu: 20.9% | epoch: 1 | remaining: 47s    
step 00428 (84.4%) | loss: 3.097745 | lrm: 0.31 | dt: 607ms | tok/sec: 863,525 | mfu: 20.9% | epoch: 1 | remaining: 46s    
step 00429 (84.6%) | loss: 3.093552 | lrm: 0.31 | dt: 607ms | tok/sec: 863,504 | mfu: 20.9% | epoch: 1 | remaining: 46s    
step 00430 (84.8%) | loss: 3.097417 | lrm: 0.30 | dt: 607ms | tok/sec: 863,239 | mfu: 20.9% | epoch: 1 | remaining: 45s    
step 00431 (85.0%) | loss: 3.096277 | lrm: 0.30 | dt: 607ms | tok/sec: 863,371 | mfu: 20.9% | epoch: 1 | remaining: 44s    
step 00432 (85.2%) | loss: 3.098232 | lrm: 0.30 | dt: 607ms | tok/sec: 863,593 | mfu: 20.9% | epoch: 1 | remaining: 44s    
step 00433 (85.4%) | loss: 3.097687 | lrm: 0.29 | dt: 607ms | tok/sec: 863,341 | mfu: 20.9% | epoch: 1 | remaining: 43s    
step 00434 (85.6%) | loss: 3.096772 | lrm: 0.29 | dt: 607ms | tok/sec: 863,598 | mfu: 20.9% | epoch: 1 | remaining: 42s    
step 00435 (85.8%) | loss: 3.098435 | lrm: 0.28 | dt: 607ms | tok/sec: 863,212 | mfu: 20.9% | epoch: 1 | remaining: 42s    
step 00436 (86.0%) | loss: 3.096346 | lrm: 0.28 | dt: 607ms | tok/sec: 863,432 | mfu: 20.9% | epoch: 1 | remaining: 41s    
step 00437 (86.2%) | loss: 3.091265 | lrm: 0.28 | dt: 607ms | tok/sec: 863,236 | mfu: 20.9% | epoch: 1 | remaining: 41s    
step 00438 (86.4%) | loss: 3.090313 | lrm: 0.27 | dt: 607ms | tok/sec: 863,183 | mfu: 20.9% | epoch: 1 | remaining: 40s    
step 00439 (86.6%) | loss: 3.088637 | lrm: 0.27 | dt: 607ms | tok/sec: 863,433 | mfu: 20.9% | epoch: 1 | remaining: 39s    
step 00440 (86.8%) | loss: 3.087115 | lrm: 0.26 | dt: 607ms | tok/sec: 863,515 | mfu: 20.9% | epoch: 1 | remaining: 39s    
step 00441 (87.0%) | loss: 3.085359 | lrm: 0.26 | dt: 607ms | tok/sec: 863,034 | mfu: 20.9% | epoch: 1 | remaining: 38s    
step 00442 (87.3%) | loss: 3.085587 | lrm: 0.25 | dt: 607ms | tok/sec: 863,535 | mfu: 20.9% | epoch: 1 | remaining: 38s    
step 00443 (87.5%) | loss: 3.087047 | lrm: 0.25 | dt: 607ms | tok/sec: 863,368 | mfu: 20.9% | epoch: 1 | remaining: 37s    
step 00444 (87.7%) | loss: 3.088509 | lrm: 0.25 | dt: 607ms | tok/sec: 863,458 | mfu: 20.9% | epoch: 1 | remaining: 36s    
step 00445 (87.9%) | loss: 3.086272 | lrm: 0.24 | dt: 607ms | tok/sec: 863,357 | mfu: 20.9% | epoch: 1 | remaining: 36s    
step 00446 (88.1%) | loss: 3.081280 | lrm: 0.24 | dt: 607ms | tok/sec: 863,434 | mfu: 20.9% | epoch: 1 | remaining: 35s    
step 00447 (88.3%) | loss: 3.083606 | lrm: 0.23 | dt: 607ms | tok/sec: 863,328 | mfu: 20.9% | epoch: 1 | remaining: 35s    
step 00448 (88.5%) | loss: 3.080748 | lrm: 0.23 | dt: 607ms | tok/sec: 863,224 | mfu: 20.9% | epoch: 1 | remaining: 34s    
step 00449 (88.7%) | loss: 3.075323 | lrm: 0.23 | dt: 607ms | tok/sec: 863,338 | mfu: 20.9% | epoch: 1 | remaining: 33s    
step 00450 (88.9%) | loss: 3.078649 | lrm: 0.22 | dt: 607ms | tok/sec: 863,466 | mfu: 20.9% | epoch: 1 | remaining: 33s    
step 00451 (89.1%) | loss: 3.081598 | lrm: 0.22 | dt: 607ms | tok/sec: 863,440 | mfu: 20.9% | epoch: 1 | remaining: 32s    
step 00452 (89.3%) | loss: 3.078066 | lrm: 0.21 | dt: 607ms | tok/sec: 863,504 | mfu: 20.9% | epoch: 1 | remaining: 32s    
step 00453 (89.5%) | loss: 3.074343 | lrm: 0.21 | dt: 607ms | tok/sec: 863,338 | mfu: 20.9% | epoch: 1 | remaining: 31s    
step 00454 (89.7%) | loss: 3.069972 | lrm: 0.21 | dt: 607ms | tok/sec: 863,381 | mfu: 20.9% | epoch: 1 | remaining: 30s    
step 00455 (89.9%) | loss: 3.069529 | lrm: 0.20 | dt: 607ms | tok/sec: 863,242 | mfu: 20.9% | epoch: 1 | remaining: 30s    
step 00456 (90.1%) | loss: 3.067237 | lrm: 0.20 | dt: 607ms | tok/sec: 863,511 | mfu: 20.9% | epoch: 1 | remaining: 29s    
step 00457 (90.3%) | loss: 3.062798 | lrm: 0.19 | dt: 607ms | tok/sec: 863,363 | mfu: 20.9% | epoch: 1 | remaining: 29s    
step 00458 (90.5%) | loss: 3.065703 | lrm: 0.19 | dt: 607ms | tok/sec: 863,373 | mfu: 20.9% | epoch: 1 | remaining: 28s    
step 00459 (90.7%) | loss: 3.067390 | lrm: 0.19 | dt: 607ms | tok/sec: 863,445 | mfu: 20.9% | epoch: 1 | remaining: 27s    
step 00460 (90.9%) | loss: 3.070373 | lrm: 0.18 | dt: 607ms | tok/sec: 863,624 | mfu: 20.9% | epoch: 1 | remaining: 27s    
step 00461 (91.1%) | loss: 3.071489 | lrm: 0.18 | dt: 607ms | tok/sec: 863,313 | mfu: 20.9% | epoch: 1 | remaining: 26s    
step 00462 (91.3%) | loss: 3.070785 | lrm: 0.17 | dt: 607ms | tok/sec: 863,364 | mfu: 20.9% | epoch: 1 | remaining: 25s    
step 00463 (91.5%) | loss: 3.072080 | lrm: 0.17 | dt: 607ms | tok/sec: 863,337 | mfu: 20.9% | epoch: 1 | remaining: 25s    
step 00464 (91.7%) | loss: 3.072209 | lrm: 0.17 | dt: 607ms | tok/sec: 863,415 | mfu: 20.9% | epoch: 1 | remaining: 24s    
step 00465 (91.9%) | loss: 3.068525 | lrm: 0.16 | dt: 607ms | tok/sec: 863,349 | mfu: 20.9% | epoch: 1 | remaining: 24s    
step 00466 (92.1%) | loss: 3.067290 | lrm: 0.16 | dt: 607ms | tok/sec: 863,242 | mfu: 20.9% | epoch: 1 | remaining: 23s    
step 00467 (92.3%) | loss: 3.068831 | lrm: 0.15 | dt: 607ms | tok/sec: 863,520 | mfu: 20.9% | epoch: 1 | remaining: 22s    
step 00468 (92.5%) | loss: 3.073417 | lrm: 0.15 | dt: 607ms | tok/sec: 863,528 | mfu: 20.9% | epoch: 1 | remaining: 22s    
step 00469 (92.7%) | loss: 3.073846 | lrm: 0.15 | dt: 607ms | tok/sec: 863,327 | mfu: 20.9% | epoch: 1 | remaining: 21s    
step 00470 (92.9%) | loss: 3.074742 | lrm: 0.14 | dt: 607ms | tok/sec: 863,544 | mfu: 20.9% | epoch: 1 | remaining: 21s    
step 00471 (93.1%) | loss: 3.074000 | lrm: 0.14 | dt: 607ms | tok/sec: 863,587 | mfu: 20.9% | epoch: 1 | remaining: 20s    
step 00472 (93.3%) | loss: 3.065256 | lrm: 0.13 | dt: 607ms | tok/sec: 863,580 | mfu: 20.9% | epoch: 1 | remaining: 19s    
step 00473 (93.5%) | loss: 3.061224 | lrm: 0.13 | dt: 607ms | tok/sec: 863,382 | mfu: 20.9% | epoch: 1 | remaining: 19s    
step 00474 (93.7%) | loss: 3.056980 | lrm: 0.13 | dt: 607ms | tok/sec: 863,457 | mfu: 20.9% | epoch: 1 | remaining: 18s    
step 00475 (93.9%) | loss: 3.062218 | lrm: 0.12 | dt: 607ms | tok/sec: 863,173 | mfu: 20.9% | epoch: 1 | remaining: 18s    
step 00476 (94.1%) | loss: 3.062631 | lrm: 0.12 | dt: 607ms | tok/sec: 863,313 | mfu: 20.9% | epoch: 1 | remaining: 17s    
step 00477 (94.3%) | loss: 3.060178 | lrm: 0.11 | dt: 607ms | tok/sec: 863,080 | mfu: 20.9% | epoch: 1 | remaining: 16s    
step 00478 (94.5%) | loss: 3.062650 | lrm: 0.11 | dt: 607ms | tok/sec: 863,300 | mfu: 20.9% | epoch: 1 | remaining: 16s    
step 00479 (94.7%) | loss: 3.060693 | lrm: 0.11 | dt: 607ms | tok/sec: 863,447 | mfu: 20.9% | epoch: 1 | remaining: 15s    
step 00480 (94.9%) | loss: 3.059051 | lrm: 0.10 | dt: 607ms | tok/sec: 863,433 | mfu: 20.9% | epoch: 1 | remaining: 15s    
step 00481 (95.1%) | loss: 3.056210 | lrm: 0.10 | dt: 607ms | tok/sec: 863,456 | mfu: 20.9% | epoch: 1 | remaining: 14s    
step 00482 (95.3%) | loss: 3.055018 | lrm: 0.09 | dt: 607ms | tok/sec: 863,393 | mfu: 20.9% | epoch: 1 | remaining: 13s    
step 00483 (95.6%) | loss: 3.050888 | lrm: 0.09 | dt: 607ms | tok/sec: 863,214 | mfu: 20.9% | epoch: 1 | remaining: 13s    
step 00484 (95.8%) | loss: 3.046215 | lrm: 0.08 | dt: 607ms | tok/sec: 863,440 | mfu: 20.9% | epoch: 1 | remaining: 12s    
step 00485 (96.0%) | loss: 3.039144 | lrm: 0.08 | dt: 607ms | tok/sec: 863,387 | mfu: 20.9% | epoch: 1 | remaining: 12s    
step 00486 (96.2%) | loss: 3.036221 | lrm: 0.08 | dt: 607ms | tok/sec: 863,414 | mfu: 20.9% | epoch: 1 | remaining: 11s    
step 00487 (96.4%) | loss: 3.033051 | lrm: 0.07 | dt: 607ms | tok/sec: 863,157 | mfu: 20.9% | epoch: 1 | remaining: 10s    
step 00488 (96.6%) | loss: 3.030020 | lrm: 0.07 | dt: 607ms | tok/sec: 863,422 | mfu: 20.9% | epoch: 1 | remaining: 10s    
step 00489 (96.8%) | loss: 3.026258 | lrm: 0.06 | dt: 607ms | tok/sec: 863,182 | mfu: 20.9% | epoch: 1 | remaining: 9s    
step 00490 (97.0%) | loss: 3.023487 | lrm: 0.06 | dt: 607ms | tok/sec: 863,123 | mfu: 20.9% | epoch: 1 | remaining: 8s    
step 00491 (97.2%) | loss: 3.020339 | lrm: 0.06 | dt: 607ms | tok/sec: 863,262 | mfu: 20.9% | epoch: 1 | remaining: 8s    
step 00492 (97.4%) | loss: 3.018953 | lrm: 0.05 | dt: 607ms | tok/sec: 863,546 | mfu: 20.9% | epoch: 1 | remaining: 7s    
step 00493 (97.6%) | loss: 3.022757 | lrm: 0.05 | dt: 607ms | tok/sec: 863,325 | mfu: 20.9% | epoch: 1 | remaining: 7s    
step 00494 (97.8%) | loss: 3.020141 | lrm: 0.04 | dt: 607ms | tok/sec: 863,579 | mfu: 20.9% | epoch: 1 | remaining: 6s    
step 00495 (98.0%) | loss: 3.017826 | lrm: 0.04 | dt: 607ms | tok/sec: 863,394 | mfu: 20.9% | epoch: 1 | remaining: 5s    
step 00496 (98.2%) | loss: 3.020088 | lrm: 0.04 | dt: 607ms | tok/sec: 863,327 | mfu: 20.9% | epoch: 1 | remaining: 5s    
step 00497 (98.4%) | loss: 3.021655 | lrm: 0.03 | dt: 607ms | tok/sec: 863,378 | mfu: 20.9% | epoch: 1 | remaining: 4s    
step 00498 (98.6%) | loss: 3.022678 | lrm: 0.03 | dt: 607ms | tok/sec: 863,612 | mfu: 20.9% | epoch: 1 | remaining: 4s    
step 00499 (98.8%) | loss: 3.022689 | lrm: 0.02 | dt: 607ms | tok/sec: 863,451 | mfu: 20.9% | epoch: 1 | remaining: 3s    
step 00500 (99.0%) | loss: 3.024320 | lrm: 0.02 | dt: 607ms | tok/sec: 863,307 | mfu: 20.9% | epoch: 1 | remaining: 2s    
step 00501 (99.2%) | loss: 3.022092 | lrm: 0.02 | dt: 607ms | tok/sec: 863,419 | mfu: 20.9% | epoch: 1 | remaining: 2s    
step 00502 (99.4%) | loss: 3.023059 | lrm: 0.01 | dt: 607ms | tok/sec: 863,310 | mfu: 20.9% | epoch: 1 | remaining: 1s    
step 00503 (99.6%) | loss: 3.015831 | lrm: 0.01 | dt: 607ms | tok/sec: 863,357 | mfu: 20.9% | epoch: 1 | remaining: 1s    
step 00504 (99.8%) | loss: 3.018039 | lrm: 0.00 | dt: 607ms | tok/sec: 863,446 | mfu: 20.9% | epoch: 1 | remaining: 0s    
---
val_bpb:          1.079849
training_seconds: 300.0
total_seconds:    346.5
peak_vram_mb:     45012.5
mfu_percent:      20.90
total_tokens_M:   264.8
num_steps:        505
num_params_M:     50.3
depth:            8
[W1004 10:34:40.878722327 CudaIPCTypes.cpp:16] Producer process has been terminated before all shared CUDA tensors released. See Note [Sharing CUDA tensors]
