trial 1/3: accuracy=1.41% training=0.333s inference=0.063s
trial 2/3: accuracy=1.19% training=0.003s inference=0.015s
trial 3/3: accuracy=1.05% training=0.003s inference=0.015s
{
  "requested_trials": 3,
  "number_of_trials": 3,
  "successful_trials": 3,
  "failed_trials": 0,
  "complete": true,
  "accuracy_target": 0.75,
  "run_error": null,
  "mean_accuracy": 0.012166666666666668,
  "accuracy_std": 0.0018147543451754928,
  "mean_training_time": 0.11316475533142996,
  "training_time_std": 0.190306872889244,
  "mean_evaluation_time": 0.030809965332688687,
  "evaluation_time_std": 0.027733834393803006,
  "qualified": false,
  "official": false,
  "dataset": "CIFAR-100",
  "run_id": "20261003T153141Z-b0a42402"
}
Results: /home/jovyan/work/arena3/hypothesis/results/arena/20261003T153141Z-b0a42402
