AUTOTUNE mm(1024x576, 576x100)
  triton_mm_73 0.0113 ms 100.0%
  triton_mm_77 0.0113 ms 100.0%
  triton_mm_71 0.0123 ms 91.7%
  triton_mm_72 0.0123 ms 91.7%
  triton_mm_70 0.0133 ms 84.6%
  triton_mm_76 0.0133 ms 84.6%
  triton_mm_79 0.0143 ms 78.6%
  triton_mm_80 0.0154 ms 73.3%
  triton_mm_83 0.0154 ms 73.3%
  triton_mm_78 0.0164 ms 68.8%
SingleProcess AUTOTUNE benchmarking takes 2.2260 seconds and 0.0026 seconds precompiling
AUTOTUNE convolution(1024x384x7x7, 576x384x3x3)
  convolution 0.8079 ms 100.0%
  triton_convolution_52 1.5022 ms 53.8%
  triton_convolution_51 1.8842 ms 42.9%
  triton_convolution_49 1.9348 ms 41.8%
  triton_convolution_54 1.9722 ms 41.0%
  triton_convolution_48 2.1591 ms 37.4%
  triton_convolution_53 2.1668 ms 37.3%
  triton_convolution_50 7.6851 ms 10.5%
SingleProcess AUTOTUNE benchmarking takes 1.2476 seconds and 0.0008 seconds precompiling
AUTOTUNE convolution(1024x576x3x3, 576x576x3x3)
  convolution 0.2038 ms 100.0%
  triton_convolution_59 0.4229 ms 48.2%
  triton_convolution_61 0.5161 ms 39.5%
  triton_convolution_56 0.5325 ms 38.3%
  triton_convolution_58 0.6144 ms 33.2%
  triton_convolution_55 0.6175 ms 33.0%
  triton_convolution_60 0.6482 ms 31.4%
  triton_convolution_57 2.4156 ms 8.4%
SingleProcess AUTOTUNE benchmarking takes 1.0212 seconds and 0.0012 seconds precompiling
AUTOTUNE mm(100x1024, 1024x576)
  triton_mm_90 0.0143 ms 100.0%
  triton_mm_89 0.0164 ms 87.5%
  triton_mm_92 0.0164 ms 87.5%
  triton_mm_96 0.0164 ms 87.5%
  triton_mm_91 0.0174 ms 82.4%
  triton_mm_95 0.0174 ms 82.4%
  triton_mm_99 0.0184 ms 77.8%
  triton_mm_100 0.0205 ms 70.0%
  triton_mm_98 0.0215 ms 66.7%
  triton_mm_102 0.0215 ms 66.7%
SingleProcess AUTOTUNE benchmarking takes 2.2636 seconds and 0.0022 seconds precompiling
AUTOTUNE mm(1024x100, 100x576)
  triton_mm_116 0.0092 ms 100.0%
  triton_mm_111 0.0102 ms 90.0%
  triton_mm_114 0.0102 ms 90.0%
  triton_mm_115 0.0102 ms 90.0%
  triton_mm_117 0.0102 ms 90.0%
  triton_mm_118 0.0102 ms 90.0%
  triton_mm_119 0.0102 ms 90.0%
  triton_mm_120 0.0102 ms 90.0%
  triton_mm_121 0.0102 ms 90.0%
  triton_mm_123 0.0102 ms 90.0%
SingleProcess AUTOTUNE benchmarking takes 2.2671 seconds and 0.0027 seconds precompiling
AUTOTUNE mm(100x1024, 1024x576)
  triton_mm_216 0.0154 ms 100.0%
  triton_mm_222 0.0154 ms 100.0%
  triton_mm_218 0.0164 ms 93.7%
  triton_mm_215 0.0174 ms 88.2%
  triton_mm_217 0.0174 ms 88.2%
  triton_mm_221 0.0174 ms 88.2%
  triton_mm_225 0.0184 ms 83.3%
  triton_mm_224 0.0205 ms 75.0%
  triton_mm_226 0.0205 ms 75.0%
  triton_mm_228 0.0215 ms 71.4%
SingleProcess AUTOTUNE benchmarking takes 2.2683 seconds and 0.0000 seconds precompiling
AUTOTUNE mm(1024x100, 100x576)
  triton_mm_237 0.0102 ms 100.0%
  triton_mm_240 0.0102 ms 100.0%
  triton_mm_241 0.0102 ms 100.0%
  triton_mm_242 0.0102 ms 100.0%
  triton_mm_243 0.0102 ms 100.0%
  triton_mm_244 0.0102 ms 100.0%
  triton_mm_245 0.0102 ms 100.0%
  triton_mm_246 0.0102 ms 100.0%
  triton_mm_234 0.0113 ms 90.9%
  triton_mm_235 0.0113 ms 90.9%
SingleProcess AUTOTUNE benchmarking takes 2.2641 seconds and 0.0000 seconds precompiling
trial 1/3: accuracy=75.31% training=7.255s inference=0.127s
trial 2/3: accuracy=75.56% training=7.203s inference=0.084s
trial 3/3: accuracy=75.61% training=7.207s inference=0.084s
{
  "requested_trials": 3,
  "number_of_trials": 3,
  "successful_trials": 3,
  "failed_trials": 0,
  "complete": true,
  "accuracy_target": 0.75,
  "run_error": null,
  "mean_accuracy": 0.7549333333333333,
  "accuracy_std": 0.0016072751268321722,
  "mean_training_time": 7.221864021665776,
  "training_time_std": 0.0290867920152079,
  "mean_evaluation_time": 0.0983963676650698,
  "evaluation_time_std": 0.02515621334531887,
  "qualified": true,
  "official": false,
  "dataset": "CIFAR-100",
  "run_id": "20261003T153702Z-758369ac"
}
Results: /home/jovyan/work/arena3/hypothesis/results/arena/20261003T153702Z-758369ac
