trial 1/3: accuracy=75.31% training=7.252s inference=0.094s
trial 2/3: accuracy=75.56% training=7.188s inference=0.083s
trial 3/3: accuracy=75.61% training=7.203s inference=0.084s
{
  "requested_trials": 3,
  "number_of_trials": 3,
  "successful_trials": 3,
  "failed_trials": 0,
  "complete": true,
  "accuracy_target": 0.75,
  "run_error": null,
  "mean_accuracy": 0.7549333333333333,
  "accuracy_std": 0.0016072751268321722,
  "mean_training_time": 7.214389562000481,
  "training_time_std": 0.03348535929580327,
  "mean_evaluation_time": 0.08702106366763473,
  "evaluation_time_std": 0.006035365193774391,
  "qualified": true,
  "official": false,
  "dataset": "CIFAR-100",
  "run_id": "20261003T153906Z-5638c9f4"
}
Results: /home/jovyan/work/arena3/hypothesis/results/arena/20261003T153906Z-5638c9f4
