trial 1/3: accuracy=75.00% training=7.093s inference=0.108s
trial 2/3: accuracy=74.83% training=7.034s inference=0.083s
trial 3/3: accuracy=74.83% training=7.055s inference=0.083s
{
  "requested_trials": 3,
  "number_of_trials": 3,
  "successful_trials": 3,
  "failed_trials": 0,
  "complete": true,
  "accuracy_target": 0.75,
  "run_error": null,
  "mean_accuracy": 0.7488666666666667,
  "accuracy_std": 0.000981495457622384,
  "mean_training_time": 7.060589627000202,
  "training_time_std": 0.029976281928518308,
  "mean_evaluation_time": 0.09146149000055932,
  "evaluation_time_std": 0.014642673389392114,
  "qualified": false,
  "official": false,
  "dataset": "CIFAR-100",
  "run_id": "20261003T154014Z-0c8be749"
}
Results: /home/jovyan/work/arena3/hypothesis/results/arena/20261003T154014Z-0c8be749
