trial 1/3: accuracy=75.19% training=7.257s inference=0.100s
trial 2/3: accuracy=75.11% training=7.194s inference=0.084s
trial 3/3: accuracy=75.58% training=7.207s inference=0.084s
{
  "requested_trials": 3,
  "number_of_trials": 3,
  "successful_trials": 3,
  "failed_trials": 0,
  "complete": true,
  "accuracy_target": 0.75,
  "run_error": null,
  "mean_accuracy": 0.7529333333333333,
  "accuracy_std": 0.002514623895005656,
  "mean_training_time": 7.219345287998294,
  "training_time_std": 0.03360676470830758,
  "mean_evaluation_time": 0.08933980466705786,
  "evaluation_time_std": 0.009500388237206468,
  "qualified": true,
  "official": false,
  "dataset": "CIFAR-100",
  "run_id": "20261003T155519Z-a62f5bd4"
}
Results: /home/jovyan/work/arena3/hypothesis/results/arena/20261003T155519Z-a62f5bd4
