AUTOTUNE mm(1024x768, 768x100)
  triton_mm_73 0.0113 ms 100.0%
  triton_mm_77 0.0133 ms 84.6%
  triton_mm_70 0.0143 ms 78.6%
  triton_mm_71 0.0143 ms 78.6%
  triton_mm_72 0.0143 ms 78.6%
  triton_mm_76 0.0143 ms 78.6%
  triton_mm_79 0.0174 ms 64.7%
  triton_mm_83 0.0174 ms 64.7%
  triton_mm_80 0.0184 ms 61.1%
  triton_mm_81 0.0184 ms 61.1%
SingleProcess AUTOTUNE benchmarking takes 2.2280 seconds and 0.0021 seconds precompiling
AUTOTUNE convolution(1024x384x7x7, 768x384x3x3)
  convolution 1.0312 ms 100.0%
  triton_convolution_52 1.9871 ms 51.9%
  triton_convolution_51 2.2272 ms 46.3%
  triton_convolution_53 2.2661 ms 45.5%
  triton_convolution_48 2.3578 ms 43.7%
  triton_convolution_49 2.4484 ms 42.1%
  triton_convolution_54 2.5610 ms 40.3%
  triton_convolution_50 10.0618 ms 10.2%
SingleProcess AUTOTUNE benchmarking takes 1.2555 seconds and 0.0010 seconds precompiling
AUTOTUNE convolution(1024x768x3x3, 768x768x3x3)
  convolution 0.3543 ms 100.0%
  triton_convolution_59 0.7229 ms 49.0%
  triton_convolution_56 0.7373 ms 48.1%
  triton_convolution_55 0.8806 ms 40.2%
  triton_convolution_58 0.8858 ms 40.0%
  triton_convolution_61 0.9052 ms 39.1%
  triton_convolution_60 0.9267 ms 38.2%
  triton_convolution_57 4.2271 ms 8.4%
SingleProcess AUTOTUNE benchmarking takes 1.0535 seconds and 0.0008 seconds precompiling
AUTOTUNE mm(100x1024, 1024x768)
  triton_mm_90 0.0154 ms 100.0%
  triton_mm_96 0.0164 ms 93.7%
  triton_mm_89 0.0174 ms 88.2%
  triton_mm_91 0.0174 ms 88.2%
  triton_mm_92 0.0174 ms 88.2%
  triton_mm_95 0.0174 ms 88.2%
  triton_mm_99 0.0195 ms 78.9%
  triton_mm_98 0.0205 ms 75.0%
  triton_mm_100 0.0215 ms 71.4%
  triton_mm_102 0.0215 ms 71.4%
SingleProcess AUTOTUNE benchmarking takes 2.2690 seconds and 0.0031 seconds precompiling
AUTOTUNE mm(1024x100, 100x768)
  triton_mm_116 0.0102 ms 100.0%
  triton_mm_117 0.0102 ms 100.0%
  triton_mm_118 0.0102 ms 100.0%
  triton_mm_119 0.0102 ms 100.0%
  triton_mm_120 0.0102 ms 100.0%
  triton_mm_121 0.0102 ms 100.0%
  triton_mm_123 0.0102 ms 100.0%
  triton_mm_111 0.0113 ms 90.9%
  triton_mm_113 0.0113 ms 90.9%
  triton_mm_114 0.0113 ms 90.9%
SingleProcess AUTOTUNE benchmarking takes 2.2638 seconds and 0.0018 seconds precompiling
trial 1/3: accuracy=75.50% training=7.046s inference=0.098s
trial 2/3: accuracy=75.14% training=6.988s inference=0.090s
trial 3/3: accuracy=74.76% training=7.006s inference=0.090s
{
  "requested_trials": 3,
  "number_of_trials": 3,
  "successful_trials": 3,
  "failed_trials": 0,
  "complete": true,
  "accuracy_target": 0.75,
  "run_error": null,
  "mean_accuracy": 0.7513333333333333,
  "accuracy_std": 0.003700450423034092,
  "mean_training_time": 7.013159338332723,
  "training_time_std": 0.02946142837017481,
  "mean_evaluation_time": 0.09250777233440506,
  "evaluation_time_std": 0.005137077892276331,
  "qualified": true,
  "official": false,
  "dataset": "CIFAR-100",
  "run_id": "20261003T155801Z-8cab5173"
}
Results: /home/jovyan/work/arena3/hypothesis/results/arena/20261003T155801Z-8cab5173
