AUTOTUNE convolution(1024x3x24x24, 24x3x2x2)
  convolution 0.0399 ms 100.0%
  triton_convolution_2 0.0881 ms 45.3%
  triton_convolution_4 0.0891 ms 44.8%
  triton_convolution_0 0.1024 ms 39.0%
  triton_convolution_3 0.1106 ms 36.1%
  triton_convolution_5 0.1393 ms 28.7%
  triton_convolution_1 0.2099 ms 19.0%
SingleProcess AUTOTUNE benchmarking takes 0.9582 seconds and 0.0009 seconds precompiling
AUTOTUNE convolution(1024x24x23x23, 128x24x3x3)
  convolution 0.2755 ms 100.0%
  triton_convolution_7 0.5069 ms 54.3%
  triton_convolution_9 0.5161 ms 53.4%
  triton_convolution_12 0.5304 ms 51.9%
  triton_convolution_11 0.7598 ms 36.3%
  triton_convolution_6 0.8817 ms 31.2%
  triton_convolution_10 0.9595 ms 28.7%
  triton_convolution_8 1.0998 ms 25.0%
SingleProcess AUTOTUNE benchmarking takes 1.0708 seconds and 0.0013 seconds precompiling
AUTOTUNE convolution(1024x128x11x11, 128x128x3x3)
  convolution 0.1536 ms 100.0%
  triton_convolution_18 0.2755 ms 55.8%
  triton_convolution_17 0.3154 ms 48.7%
  triton_convolution_16 0.3277 ms 46.9%
  triton_convolution_14 0.3369 ms 45.6%
  triton_convolution_19 0.3502 ms 43.9%
  triton_convolution_13 0.4178 ms 36.8%
  triton_convolution_15 1.2472 ms 12.3%
SingleProcess AUTOTUNE benchmarking takes 0.9917 seconds and 0.0010 seconds precompiling
AUTOTUNE convolution(1024x128x11x11, 384x128x3x3)
  convolution 0.4557 ms 100.0%
  triton_convolution_31 0.8673 ms 52.5%
  triton_convolution_28 0.9052 ms 50.3%
  triton_convolution_30 0.9462 ms 48.2%
  triton_convolution_33 1.0056 ms 45.3%
  triton_convolution_32 1.1674 ms 39.0%
  triton_convolution_27 1.2114 ms 37.6%
  triton_convolution_29 3.7094 ms 12.3%
SingleProcess AUTOTUNE benchmarking takes 1.0715 seconds and 0.0010 seconds precompiling
AUTOTUNE convolution(1024x384x5x5, 384x384x3x3)
  convolution 0.2662 ms 100.0%
  triton_convolution_38 0.4946 ms 53.8%
  triton_convolution_35 0.5704 ms 46.7%
  triton_convolution_37 0.6164 ms 43.2%
  triton_convolution_40 0.6461 ms 41.2%
  triton_convolution_34 0.7762 ms 34.3%
  triton_convolution_39 0.7864 ms 33.9%
  triton_convolution_36 2.0849 ms 12.8%
SingleProcess AUTOTUNE benchmarking takes 1.0323 seconds and 0.0009 seconds precompiling
AUTOTUNE convolution(1024x384x5x5, 576x384x3x3)
  convolution 0.4147 ms 100.0%
  triton_convolution_52 0.7229 ms 57.4%
  triton_convolution_49 0.9329 ms 44.5%
  triton_convolution_54 0.9359 ms 44.3%
  triton_convolution_51 0.9748 ms 42.5%
  triton_convolution_48 1.1397 ms 36.4%
  triton_convolution_53 1.1622 ms 35.7%
  triton_convolution_50 3.1283 ms 13.3%
SingleProcess AUTOTUNE benchmarking takes 1.0579 seconds and 0.0007 seconds precompiling
AUTOTUNE convolution(1024x576x2x2, 576x576x3x3)
  convolution 0.1157 ms 100.0%
  triton_convolution_59 0.2335 ms 49.6%
  triton_convolution_56 0.2785 ms 41.5%
  triton_convolution_55 0.3195 ms 36.2%
  triton_convolution_58 0.3287 ms 35.2%
  triton_convolution_60 0.3369 ms 34.3%
  triton_convolution_61 0.3379 ms 34.2%
  triton_convolution_57 1.6046 ms 7.2%
SingleProcess AUTOTUNE benchmarking takes 0.9730 seconds and 0.0010 seconds precompiling
AUTOTUNE convolution(1024x3x28x28, 24x3x2x2)
  convolution 0.0625 ms 100.0%
  triton_convolution_252 0.1444 ms 43.3%
  triton_convolution_256 0.1495 ms 41.8%
  triton_convolution_255 0.1526 ms 40.9%
  triton_convolution_254 0.1720 ms 36.3%
  triton_convolution_257 0.2222 ms 28.1%
  triton_convolution_253 0.3389 ms 18.4%
SingleProcess AUTOTUNE benchmarking takes 0.8386 seconds and 0.0011 seconds precompiling
AUTOTUNE convolution(1024x24x27x27, 128x24x3x3)
  convolution 0.3758 ms 100.0%
  triton_convolution_259 0.6656 ms 56.5%
  triton_convolution_261 0.6984 ms 53.8%
  triton_convolution_264 0.7383 ms 50.9%
  triton_convolution_263 1.0568 ms 35.6%
  triton_convolution_258 1.2022 ms 31.3%
  triton_convolution_262 1.2861 ms 29.2%
  triton_convolution_260 1.9415 ms 19.4%
SingleProcess AUTOTUNE benchmarking takes 1.0596 seconds and 0.0008 seconds precompiling
AUTOTUNE convolution(1024x128x13x13, 128x128x3x3)
  convolution 0.2181 ms 100.0%
  triton_convolution_269 0.4055 ms 53.8%
  triton_convolution_270 0.4188 ms 52.1%
  triton_convolution_268 0.4567 ms 47.8%
  triton_convolution_266 0.4731 ms 46.1%
  triton_convolution_271 0.5018 ms 43.5%
  triton_convolution_265 0.5632 ms 38.7%
  triton_convolution_267 2.6429 ms 8.3%
SingleProcess AUTOTUNE benchmarking takes 1.0201 seconds and 0.0015 seconds precompiling
AUTOTUNE convolution(1024x128x13x13, 384x128x3x3)
  convolution 0.6451 ms 100.0%
  triton_convolution_283 1.2237 ms 52.7%
  triton_convolution_282 1.3036 ms 49.5%
  triton_convolution_280 1.3281 ms 48.6%
  triton_convolution_285 1.4213 ms 45.4%
  triton_convolution_279 1.6701 ms 38.6%
  triton_convolution_284 1.6845 ms 38.3%
  triton_convolution_281 8.0538 ms 8.0%
SingleProcess AUTOTUNE benchmarking takes 1.1041 seconds and 0.0012 seconds precompiling
AUTOTUNE convolution(1024x384x6x6, 384x384x3x3)
  convolution 0.3656 ms 100.0%
  triton_convolution_290 0.6963 ms 52.5%
  triton_convolution_287 0.8264 ms 44.2%
  triton_convolution_289 0.9001 ms 40.6%
  triton_convolution_292 0.9236 ms 39.6%
  triton_convolution_286 1.0450 ms 35.0%
  triton_convolution_291 1.1203 ms 32.6%
  triton_convolution_288 5.4774 ms 6.7%
SingleProcess AUTOTUNE benchmarking takes 1.0664 seconds and 0.0009 seconds precompiling
AUTOTUNE convolution(1024x384x6x6, 576x384x3x3)
  convolution 0.5468 ms 100.0%
  triton_convolution_304 1.0209 ms 53.6%
  triton_convolution_301 1.2288 ms 44.5%
  triton_convolution_306 1.3711 ms 39.9%
  triton_convolution_303 1.4971 ms 36.5%
  triton_convolution_300 1.5667 ms 34.9%
  triton_convolution_305 1.6404 ms 33.3%
  triton_convolution_302 8.2616 ms 6.6%
SingleProcess AUTOTUNE benchmarking takes 1.0957 seconds and 0.0009 seconds precompiling
AUTOTUNE convolution(1024x576x3x3, 576x576x3x3)
  convolution 0.2058 ms 100.0%
  triton_convolution_311 0.3983 ms 51.7%
  triton_convolution_313 0.5161 ms 39.9%
  triton_convolution_308 0.5427 ms 37.9%
  triton_convolution_307 0.5745 ms 35.8%
  triton_convolution_310 0.6615 ms 31.1%
  triton_convolution_312 0.6656 ms 30.9%
  triton_convolution_309 2.4822 ms 8.3%
SingleProcess AUTOTUNE benchmarking takes 3.8913 seconds and 0.0000 seconds precompiling
W1003 16:01:30.054000 127116342232896 torch/fx/experimental/symbolic_shapes.py:4449] [0/2] ps0 is not in var_ranges, defaulting to unknown range.
W1003 16:01:30.054000 127116342232896 torch/fx/experimental/symbolic_shapes.py:4449] [0/2] ps2 is not in var_ranges, defaulting to unknown range.
W1003 16:01:30.620000 127116342232896 torch/fx/experimental/symbolic_shapes.py:4449] [0/2] ps4 is not in var_ranges, defaulting to unknown range.
W1003 16:01:30.620000 127116342232896 torch/fx/experimental/symbolic_shapes.py:4449] [0/2] ps6 is not in var_ranges, defaulting to unknown range.
W1003 16:01:31.164000 127116342232896 torch/fx/experimental/symbolic_shapes.py:4449] [0/2] ps8 is not in var_ranges, defaulting to unknown range.
W1003 16:01:31.164000 127116342232896 torch/fx/experimental/symbolic_shapes.py:4449] [0/2] ps10 is not in var_ranges, defaulting to unknown range.
W1003 16:01:55.425000 127116342232896 torch/fx/experimental/symbolic_shapes.py:4449] [0/2] ps0 is not in var_ranges, defaulting to unknown range.
W1003 16:01:55.446000 127116342232896 torch/fx/experimental/symbolic_shapes.py:4449] [0/2] ps0 is not in var_ranges, defaulting to unknown range.
W1003 16:01:55.446000 127116342232896 torch/fx/experimental/symbolic_shapes.py:4449] [0/2] ps2 is not in var_ranges, defaulting to unknown range.
W1003 16:01:59.290000 127116342232896 torch/fx/experimental/symbolic_shapes.py:4449] [0/2] ps5 is not in var_ranges, defaulting to unknown range.
W1003 16:01:59.306000 127116342232896 torch/fx/experimental/symbolic_shapes.py:4449] [0/2] ps7 is not in var_ranges, defaulting to unknown range.
W1003 16:01:59.306000 127116342232896 torch/fx/experimental/symbolic_shapes.py:4449] [0/2] ps5 is not in var_ranges, defaulting to unknown range.
W1003 16:02:02.179000 127116342232896 torch/fx/experimental/symbolic_shapes.py:4449] [0/2] ps10 is not in var_ranges, defaulting to unknown range.
W1003 16:02:02.179000 127116342232896 torch/fx/experimental/symbolic_shapes.py:4449] [0/2] ps12 is not in var_ranges, defaulting to unknown range.
W1003 16:02:02.206000 127116342232896 torch/fx/experimental/symbolic_shapes.py:4449] [0/2] ps10 is not in var_ranges, defaulting to unknown range.
W1003 16:02:37.116000 127116342232896 torch/fx/experimental/symbolic_shapes.py:4449] [0/3] ps0 is not in var_ranges, defaulting to unknown range.
W1003 16:02:37.116000 127116342232896 torch/fx/experimental/symbolic_shapes.py:4449] [0/3] ps2 is not in var_ranges, defaulting to unknown range.
W1003 16:02:37.663000 127116342232896 torch/fx/experimental/symbolic_shapes.py:4449] [0/3] ps4 is not in var_ranges, defaulting to unknown range.
W1003 16:02:37.663000 127116342232896 torch/fx/experimental/symbolic_shapes.py:4449] [0/3] ps6 is not in var_ranges, defaulting to unknown range.
W1003 16:02:38.186000 127116342232896 torch/fx/experimental/symbolic_shapes.py:4449] [0/3] ps8 is not in var_ranges, defaulting to unknown range.
W1003 16:02:38.186000 127116342232896 torch/fx/experimental/symbolic_shapes.py:4449] [0/3] ps10 is not in var_ranges, defaulting to unknown range.
W1003 16:02:54.377000 127116342232896 torch/fx/experimental/symbolic_shapes.py:4449] [0/3] ps0 is not in var_ranges, defaulting to unknown range.
W1003 16:02:54.396000 127116342232896 torch/fx/experimental/symbolic_shapes.py:4449] [0/3] ps0 is not in var_ranges, defaulting to unknown range.
W1003 16:02:54.397000 127116342232896 torch/fx/experimental/symbolic_shapes.py:4449] [0/3] ps2 is not in var_ranges, defaulting to unknown range.
W1003 16:02:57.849000 127116342232896 torch/fx/experimental/symbolic_shapes.py:4449] [0/3] ps5 is not in var_ranges, defaulting to unknown range.
W1003 16:02:57.865000 127116342232896 torch/fx/experimental/symbolic_shapes.py:4449] [0/3] ps7 is not in var_ranges, defaulting to unknown range.
W1003 16:02:57.865000 127116342232896 torch/fx/experimental/symbolic_shapes.py:4449] [0/3] ps5 is not in var_ranges, defaulting to unknown range.
AUTOTUNE convolution(1024x3x32x32, 24x3x2x2)
  convolution 0.0788 ms 100.0%
  triton_convolution_504 0.1884 ms 41.8%
  triton_convolution_508 0.1946 ms 40.5%
  triton_convolution_507 0.1987 ms 39.7%
  triton_convolution_506 0.2202 ms 35.8%
  triton_convolution_509 0.2877 ms 27.4%
  triton_convolution_505 0.4424 ms 17.8%
SingleProcess AUTOTUNE benchmarking takes 0.8497 seconds and 0.0000 seconds precompiling
AUTOTUNE convolution(1024x24x31x31, 128x24x3x3)
  convolution 0.4884 ms 100.0%
  triton_convolution_511 0.8714 ms 56.1%
  triton_convolution_513 0.9011 ms 54.2%
  triton_convolution_516 0.9615 ms 50.8%
  triton_convolution_515 1.3875 ms 35.2%
  triton_convolution_510 1.5903 ms 30.7%
  triton_convolution_514 1.6835 ms 29.0%
  triton_convolution_512 2.6010 ms 18.8%
SingleProcess AUTOTUNE benchmarking takes 1.0847 seconds and 0.0000 seconds precompiling
AUTOTUNE convolution(1024x128x15x15, 128x128x3x3)
  convolution 0.2888 ms 100.0%
  triton_convolution_522 0.5478 ms 52.7%
  triton_convolution_521 0.5612 ms 51.5%
  triton_convolution_520 0.5908 ms 48.9%
  triton_convolution_518 0.6144 ms 47.0%
  triton_convolution_523 0.6472 ms 44.6%
  triton_convolution_517 0.7127 ms 40.5%
  triton_convolution_519 3.4632 ms 8.3%
SingleProcess AUTOTUNE benchmarking takes 1.0385 seconds and 0.0000 seconds precompiling
AUTOTUNE convolution(1024x128x15x15, 384x128x3x3)
  convolution 0.8622 ms 100.0%
  triton_convolution_535 1.6200 ms 53.2%
  triton_convolution_534 1.7183 ms 50.2%
  triton_convolution_532 1.7449 ms 49.4%
  triton_convolution_537 1.8831 ms 45.8%
  triton_convolution_531 2.2118 ms 39.0%
  triton_convolution_536 2.2292 ms 38.7%
  triton_convolution_533 10.6783 ms 8.1%
SingleProcess AUTOTUNE benchmarking takes 1.1558 seconds and 0.0000 seconds precompiling
AUTOTUNE convolution(1024x384x7x7, 384x384x3x3)
  convolution 0.5079 ms 100.0%
  triton_convolution_542 0.9708 ms 52.3%
  triton_convolution_541 1.2134 ms 41.9%
  triton_convolution_544 1.2923 ms 39.3%
  triton_convolution_539 1.3025 ms 39.0%
  triton_convolution_538 1.3691 ms 37.1%
  triton_convolution_543 1.5114 ms 33.6%
  triton_convolution_540 8.2708 ms 6.1%
SingleProcess AUTOTUNE benchmarking takes 1.0956 seconds and 0.0000 seconds precompiling
AUTOTUNE convolution(1024x384x7x7, 576x384x3x3)
  convolution 0.8120 ms 100.0%
  triton_convolution_556 1.4459 ms 56.2%
  triton_convolution_553 1.9589 ms 41.5%
  triton_convolution_558 1.9814 ms 41.0%
  triton_convolution_555 1.9927 ms 40.8%
  triton_convolution_552 2.0966 ms 38.7%
  triton_convolution_557 2.2170 ms 36.6%
  triton_convolution_554 12.6106 ms 6.4%
SingleProcess AUTOTUNE benchmarking takes 1.1458 seconds and 0.0000 seconds precompiling
W1003 16:03:19.417000 127116342232896 torch/fx/experimental/symbolic_shapes.py:4449] [0/4] ps0 is not in var_ranges, defaulting to unknown range.
W1003 16:03:19.418000 127116342232896 torch/fx/experimental/symbolic_shapes.py:4449] [0/4] ps2 is not in var_ranges, defaulting to unknown range.
W1003 16:03:20.480000 127116342232896 torch/fx/experimental/symbolic_shapes.py:4449] [0/4] ps4 is not in var_ranges, defaulting to unknown range.
W1003 16:03:20.481000 127116342232896 torch/fx/experimental/symbolic_shapes.py:4449] [0/4] ps6 is not in var_ranges, defaulting to unknown range.
W1003 16:03:20.905000 127116342232896 torch/fx/experimental/symbolic_shapes.py:4449] [0/4] ps8 is not in var_ranges, defaulting to unknown range.
W1003 16:03:20.905000 127116342232896 torch/fx/experimental/symbolic_shapes.py:4449] [0/4] ps10 is not in var_ranges, defaulting to unknown range.
W1003 16:03:41.462000 127116342232896 torch/fx/experimental/symbolic_shapes.py:4449] [0/4] ps0 is not in var_ranges, defaulting to unknown range.
W1003 16:03:41.484000 127116342232896 torch/fx/experimental/symbolic_shapes.py:4449] [0/4] ps0 is not in var_ranges, defaulting to unknown range.
W1003 16:03:41.484000 127116342232896 torch/fx/experimental/symbolic_shapes.py:4449] [0/4] ps2 is not in var_ranges, defaulting to unknown range.
W1003 16:03:45.298000 127116342232896 torch/fx/experimental/symbolic_shapes.py:4449] [0/4] ps5 is not in var_ranges, defaulting to unknown range.
W1003 16:03:45.313000 127116342232896 torch/fx/experimental/symbolic_shapes.py:4449] [0/4] ps7 is not in var_ranges, defaulting to unknown range.
W1003 16:03:45.313000 127116342232896 torch/fx/experimental/symbolic_shapes.py:4449] [0/4] ps5 is not in var_ranges, defaulting to unknown range.
W1003 16:03:47.890000 127116342232896 torch/fx/experimental/symbolic_shapes.py:4449] [0/4] ps10 is not in var_ranges, defaulting to unknown range.
W1003 16:03:47.890000 127116342232896 torch/fx/experimental/symbolic_shapes.py:4449] [0/4] ps12 is not in var_ranges, defaulting to unknown range.
W1003 16:03:47.915000 127116342232896 torch/fx/experimental/symbolic_shapes.py:4449] [0/4] ps10 is not in var_ranges, defaulting to unknown range.
W1003 16:04:15.354000 127116342232896 torch/fx/experimental/symbolic_shapes.py:4449] [0/5] ps0 is not in var_ranges, defaulting to unknown range.
W1003 16:04:15.355000 127116342232896 torch/fx/experimental/symbolic_shapes.py:4449] [0/5] ps2 is not in var_ranges, defaulting to unknown range.
W1003 16:04:15.880000 127116342232896 torch/fx/experimental/symbolic_shapes.py:4449] [0/5] ps4 is not in var_ranges, defaulting to unknown range.
W1003 16:04:15.880000 127116342232896 torch/fx/experimental/symbolic_shapes.py:4449] [0/5] ps6 is not in var_ranges, defaulting to unknown range.
W1003 16:04:16.316000 127116342232896 torch/fx/experimental/symbolic_shapes.py:4449] [0/5] ps8 is not in var_ranges, defaulting to unknown range.
W1003 16:04:16.317000 127116342232896 torch/fx/experimental/symbolic_shapes.py:4449] [0/5] ps10 is not in var_ranges, defaulting to unknown range.
W1003 16:04:32.800000 127116342232896 torch/fx/experimental/symbolic_shapes.py:4449] [0/5] ps0 is not in var_ranges, defaulting to unknown range.
W1003 16:04:32.820000 127116342232896 torch/fx/experimental/symbolic_shapes.py:4449] [0/5] ps0 is not in var_ranges, defaulting to unknown range.
W1003 16:04:32.820000 127116342232896 torch/fx/experimental/symbolic_shapes.py:4449] [0/5] ps2 is not in var_ranges, defaulting to unknown range.
W1003 16:04:36.288000 127116342232896 torch/fx/experimental/symbolic_shapes.py:4449] [0/5] ps5 is not in var_ranges, defaulting to unknown range.
W1003 16:04:36.304000 127116342232896 torch/fx/experimental/symbolic_shapes.py:4449] [0/5] ps7 is not in var_ranges, defaulting to unknown range.
W1003 16:04:36.304000 127116342232896 torch/fx/experimental/symbolic_shapes.py:4449] [0/5] ps5 is not in var_ranges, defaulting to unknown range.
trial 1/3: accuracy=74.80% training=5.923s inference=0.140s
trial 2/3: accuracy=74.79% training=5.855s inference=0.099s
trial 3/3: accuracy=74.81% training=5.862s inference=0.098s
{
  "requested_trials": 3,
  "number_of_trials": 3,
  "successful_trials": 3,
  "failed_trials": 0,
  "complete": true,
  "accuracy_target": 0.75,
  "run_error": null,
  "mean_accuracy": 0.748,
  "accuracy_std": 9.999999999998899e-05,
  "mean_training_time": 5.880113841666268,
  "training_time_std": 0.03758550006865258,
  "mean_evaluation_time": 0.11215722900063459,
  "evaluation_time_std": 0.023722777589924686,
  "qualified": false,
  "official": false,
  "dataset": "CIFAR-100",
  "run_id": "20261003T155952Z-275c116a"
}
Results: /home/jovyan/work/arena3/hypothesis/results/arena/20261003T155952Z-275c116a
