trial 1/3: accuracy=75.15% training=6.844s inference=0.113s
trial 2/3: accuracy=74.99% training=6.782s inference=0.084s
trial 3/3: accuracy=74.91% training=6.786s inference=0.084s
{
  "requested_trials": 3,
  "number_of_trials": 3,
  "successful_trials": 3,
  "failed_trials": 0,
  "complete": true,
  "accuracy_target": 0.75,
  "run_error": null,
  "mean_accuracy": 0.7501666666666666,
  "accuracy_std": 0.0012220201853215319,
  "mean_training_time": 6.803906694000034,
  "training_time_std": 0.03446798421576978,
  "mean_evaluation_time": 0.09370225266684429,
  "evaluation_time_std": 0.017028151588427912,
  "qualified": true,
  "official": false,
  "dataset": "CIFAR-100",
  "run_id": "20261003T160530Z-cd378dbc"
}
Results: /home/jovyan/work/arena3/hypothesis/results/arena/20261003T160530Z-cd378dbc
