trial 1/3: accuracy=75.08% training=6.863s inference=0.094s
trial 2/3: accuracy=74.66% training=6.794s inference=0.084s
trial 3/3: accuracy=74.84% training=6.820s inference=0.085s
{
  "requested_trials": 3,
  "number_of_trials": 3,
  "successful_trials": 3,
  "failed_trials": 0,
  "complete": true,
  "accuracy_target": 0.75,
  "run_error": null,
  "mean_accuracy": 0.7486,
  "accuracy_std": 0.0021071307505705424,
  "mean_training_time": 6.8259721579985735,
  "training_time_std": 0.03484067842201544,
  "mean_evaluation_time": 0.08742428933328483,
  "evaluation_time_std": 0.005846491913622487,
  "qualified": false,
  "official": false,
  "dataset": "CIFAR-100",
  "run_id": "20261003T160636Z-d5078600"
}
Results: /home/jovyan/work/arena3/hypothesis/results/arena/20261003T160636Z-d5078600
