trial 1/3: accuracy=74.90% training=6.841s inference=0.134s
trial 2/3: accuracy=75.01% training=6.775s inference=0.094s
trial 3/3: accuracy=74.86% training=6.781s inference=0.094s
{
  "requested_trials": 3,
  "number_of_trials": 3,
  "successful_trials": 3,
  "failed_trials": 0,
  "complete": true,
  "accuracy_target": 0.75,
  "run_error": null,
  "mean_accuracy": 0.7492333333333333,
  "accuracy_std": 0.0007767453465153793,
  "mean_training_time": 6.798860971998995,
  "training_time_std": 0.03620606274518226,
  "mean_evaluation_time": 0.10713744233362377,
  "evaluation_time_std": 0.02303723385953286,
  "qualified": false,
  "official": false,
  "dataset": "CIFAR-100",
  "run_id": "20261003T160737Z-5af710b8"
}
Results: /home/jovyan/work/arena3/hypothesis/results/arena/20261003T160737Z-5af710b8
