AUTOTUNE mm(2000x576, 576x100)
  triton_mm_77 0.0133 ms 100.0%
  triton_mm_70 0.0143 ms 92.9%
  triton_mm_76 0.0143 ms 92.9%
  triton_mm_71 0.0154 ms 86.7%
  triton_mm_72 0.0154 ms 86.7%
  triton_mm_79 0.0154 ms 86.7%
  triton_mm_80 0.0154 ms 86.7%
  triton_mm_83 0.0154 ms 86.7%
  triton_mm_73 0.0164 ms 81.2%
  triton_mm_81 0.0164 ms 81.2%
SingleProcess AUTOTUNE benchmarking takes 2.2262 seconds and 0.0023 seconds precompiling
AUTOTUNE convolution(2000x3x32x32, 24x3x2x2)
  convolution 0.1198 ms 100.0%
  triton_convolution_2 0.2908 ms 41.2%
  triton_convolution_4 0.2980 ms 40.2%
  triton_convolution_0 0.3471 ms 34.5%
  triton_convolution_3 0.3645 ms 32.9%
  triton_convolution_5 0.4700 ms 25.5%
  triton_convolution_1 0.6697 ms 17.9%
SingleProcess AUTOTUNE benchmarking takes 1.0045 seconds and 0.0007 seconds precompiling
AUTOTUNE convolution(2000x24x31x31, 128x24x3x3)
  convolution 0.9472 ms 100.0%
  triton_convolution_7 1.7510 ms 54.1%
  triton_convolution_9 1.7961 ms 52.7%
  triton_convolution_12 1.8248 ms 51.9%
  triton_convolution_11 2.6716 ms 35.5%
  triton_convolution_6 3.0848 ms 30.7%
  triton_convolution_10 3.3987 ms 27.9%
  triton_convolution_8 3.7396 ms 25.3%
SingleProcess AUTOTUNE benchmarking takes 1.1975 seconds and 0.0015 seconds precompiling
AUTOTUNE convolution(2000x128x15x15, 128x128x3x3)
  convolution 0.5704 ms 100.0%
  triton_convolution_18 0.9646 ms 59.1%
  triton_convolution_17 1.0537 ms 54.1%
  triton_convolution_14 1.0936 ms 52.2%
  triton_convolution_16 1.0957 ms 52.1%
  triton_convolution_19 1.2083 ms 47.2%
  triton_convolution_13 1.3097 ms 43.5%
  triton_convolution_15 4.5609 ms 12.5%
SingleProcess AUTOTUNE benchmarking takes 1.0875 seconds and 0.0010 seconds precompiling
AUTOTUNE convolution(2000x128x15x15, 384x128x3x3)
  convolution 1.6876 ms 100.0%
  triton_convolution_31 3.1652 ms 53.3%
  triton_convolution_28 3.1683 ms 53.3%
  triton_convolution_30 3.2297 ms 52.3%
  triton_convolution_33 3.5471 ms 47.6%
  triton_convolution_32 4.1124 ms 41.0%
  triton_convolution_27 4.1411 ms 40.8%
  triton_convolution_29 13.9735 ms 12.1%
SingleProcess AUTOTUNE benchmarking takes 1.2472 seconds and 0.0011 seconds precompiling
AUTOTUNE convolution(2000x384x7x7, 384x384x3x3)
  convolution 1.0076 ms 100.0%
  triton_convolution_38 1.9712 ms 51.1%
  triton_convolution_37 2.2083 ms 45.6%
  triton_convolution_40 2.5702 ms 39.2%
  triton_convolution_35 2.7228 ms 37.0%
  triton_convolution_34 2.7679 ms 36.4%
  triton_convolution_39 2.7781 ms 36.3%
  triton_convolution_36 12.7580 ms 7.9%
SingleProcess AUTOTUNE benchmarking takes 1.1572 seconds and 0.0010 seconds precompiling
AUTOTUNE convolution(2000x384x7x7, 576x384x3x3)
  convolution 1.5596 ms 100.0%
  triton_convolution_52 2.9563 ms 52.8%
  triton_convolution_51 3.5707 ms 43.7%
  triton_convolution_54 3.7366 ms 41.7%
  triton_convolution_48 4.0724 ms 38.3%
  triton_convolution_49 4.0888 ms 38.1%
  triton_convolution_53 4.1400 ms 37.7%
  triton_convolution_50 19.2020 ms 8.1%
SingleProcess AUTOTUNE benchmarking takes 1.2570 seconds and 0.0009 seconds precompiling
AUTOTUNE convolution(2000x576x3x3, 576x576x3x3)
  convolution 0.4045 ms 100.0%
  triton_convolution_59 0.7608 ms 53.2%
  triton_convolution_56 0.8192 ms 49.4%
  triton_convolution_61 0.9999 ms 40.5%
  triton_convolution_58 1.0711 ms 37.8%
  triton_convolution_60 1.1889 ms 34.0%
  triton_convolution_55 1.2017 ms 33.7%
  triton_convolution_57 4.9500 ms 8.2%
SingleProcess AUTOTUNE benchmarking takes 1.0714 seconds and 0.0009 seconds precompiling
AUTOTUNE mm(100x2000, 2000x576)
  triton_mm_90 0.0215 ms 100.0%
  triton_mm_92 0.0215 ms 100.0%
  triton_mm_96 0.0225 ms 95.5%
  mm 0.0236 ms 91.3%
  triton_mm_91 0.0236 ms 91.3%
  triton_mm_95 0.0266 ms 80.8%
  triton_mm_89 0.0276 ms 77.8%
  triton_mm_99 0.0287 ms 75.0%
  triton_mm_100 0.0287 ms 75.0%
  triton_mm_98 0.0317 ms 67.7%
SingleProcess AUTOTUNE benchmarking takes 2.2573 seconds and 0.0027 seconds precompiling
AUTOTUNE mm(2000x100, 100x576)
  triton_mm_123 0.0113 ms 100.0%
  triton_mm_115 0.0123 ms 91.7%
  triton_mm_116 0.0123 ms 91.7%
  triton_mm_118 0.0123 ms 91.7%
  triton_mm_119 0.0123 ms 91.7%
  triton_mm_120 0.0123 ms 91.7%
  triton_mm_125 0.0123 ms 91.7%
  triton_mm_107 0.0133 ms 84.6%
  triton_mm_111 0.0133 ms 84.6%
  triton_mm_113 0.0133 ms 84.6%
SingleProcess AUTOTUNE benchmarking takes 2.2617 seconds and 0.0031 seconds precompiling
trial 1/3: accuracy=74.17% training=7.248s inference=0.095s
trial 2/3: accuracy=75.07% training=7.188s inference=0.084s
trial 3/3: accuracy=74.80% training=7.212s inference=0.084s
{
  "requested_trials": 3,
  "number_of_trials": 3,
  "successful_trials": 3,
  "failed_trials": 0,
  "complete": true,
  "accuracy_target": 0.75,
  "run_error": null,
  "mean_accuracy": 0.7468,
  "accuracy_std": 0.004618441295502196,
  "mean_training_time": 7.215764604000772,
  "training_time_std": 0.030450205847693486,
  "mean_evaluation_time": 0.0879779879990868,
  "evaluation_time_std": 0.006490215247061615,
  "qualified": false,
  "official": false,
  "dataset": "CIFAR-100",
  "run_id": "20261003T160842Z-0babd276"
}
Results: /home/jovyan/work/arena3/hypothesis/results/arena/20261003T160842Z-0babd276
