trial 1/3: accuracy=75.30% training=7.239s inference=0.094s
trial 2/3: accuracy=75.43% training=7.169s inference=0.084s
trial 3/3: accuracy=74.86% training=7.175s inference=0.084s
{
  "requested_trials": 3,
  "number_of_trials": 3,
  "successful_trials": 3,
  "failed_trials": 0,
  "complete": true,
  "accuracy_target": 0.75,
  "run_error": null,
  "mean_accuracy": 0.7519666666666667,
  "accuracy_std": 0.00298719489376457,
  "mean_training_time": 7.194323857666556,
  "training_time_std": 0.03864623665889399,
  "mean_evaluation_time": 0.08745768166530372,
  "evaluation_time_std": 0.005835711089298932,
  "qualified": true,
  "official": false,
  "dataset": "CIFAR-100",
  "run_id": "20261003T161053Z-3c5e1fa0"
}
Results: /home/jovyan/work/arena3/hypothesis/results/arena/20261003T161053Z-3c5e1fa0
