AUTOTUNE mm(614x576, 576x100)
  triton_mm_413 0.0102 ms 100.0%
  triton_mm_412 0.0113 ms 90.9%
  triton_mm_417 0.0113 ms 90.9%
  triton_mm_411 0.0123 ms 83.3%
  triton_mm_410 0.0133 ms 76.9%
  triton_mm_416 0.0133 ms 76.9%
  triton_mm_419 0.0143 ms 71.4%
  triton_mm_420 0.0154 ms 66.7%
  triton_mm_423 0.0154 ms 66.7%
  mm 0.0164 ms 62.5%
SingleProcess AUTOTUNE benchmarking takes 2.2155 seconds and 0.0025 seconds precompiling
AUTOTUNE convolution(614x3x32x32, 24x3x2x2)
  convolution 0.0430 ms 100.0%
  triton_convolution_344 0.0963 ms 44.7%
  triton_convolution_340 0.1126 ms 38.2%
  triton_convolution_342 0.1167 ms 36.8%
  triton_convolution_343 0.1188 ms 36.2%
  triton_convolution_345 0.1505 ms 28.6%
  triton_convolution_341 0.2386 ms 18.0%
SingleProcess AUTOTUNE benchmarking takes 0.8326 seconds and 0.0010 seconds precompiling
AUTOTUNE convolution(614x24x31x31, 128x24x3x3)
  convolution 0.2970 ms 100.0%
  triton_convolution_349 0.4577 ms 64.9%
  triton_convolution_347 0.5468 ms 54.3%
  triton_convolution_352 0.5898 ms 50.3%
  triton_convolution_351 0.7373 ms 40.3%
  triton_convolution_346 0.8417 ms 35.3%
  triton_convolution_350 1.0097 ms 29.4%
  triton_convolution_348 1.4889 ms 19.9%
SingleProcess AUTOTUNE benchmarking takes 1.0400 seconds and 0.0014 seconds precompiling
AUTOTUNE convolution(614x128x15x15, 128x128x3x3)
  convolution 0.1720 ms 100.0%
  triton_convolution_358 0.3072 ms 56.0%
  triton_convolution_357 0.3502 ms 49.1%
  triton_convolution_356 0.3594 ms 47.9%
  triton_convolution_354 0.3748 ms 45.9%
  triton_convolution_359 0.3901 ms 44.1%
  triton_convolution_353 0.4741 ms 36.3%
  triton_convolution_355 2.2600 ms 7.6%
SingleProcess AUTOTUNE benchmarking takes 1.0083 seconds and 0.0009 seconds precompiling
AUTOTUNE convolution(614x128x15x15, 384x128x3x3)
  convolution 0.5079 ms 100.0%
  triton_convolution_371 0.9892 ms 51.3%
  triton_convolution_370 1.0240 ms 49.6%
  triton_convolution_368 1.0353 ms 49.1%
  triton_convolution_373 1.1325 ms 44.8%
  triton_convolution_372 1.2954 ms 39.2%
  triton_convolution_367 1.4213 ms 35.7%
  triton_convolution_369 6.9765 ms 7.3%
SingleProcess AUTOTUNE benchmarking takes 1.1013 seconds and 0.0015 seconds precompiling
AUTOTUNE convolution(614x384x7x7, 384x384x3x3)
  convolution 0.3144 ms 100.0%
  triton_convolution_378 0.5960 ms 52.7%
  triton_convolution_377 0.7475 ms 42.1%
  triton_convolution_375 0.7557 ms 41.6%
  triton_convolution_380 0.8131 ms 38.7%
  triton_convolution_379 0.9011 ms 34.9%
  triton_convolution_374 0.9329 ms 33.7%
  triton_convolution_376 4.6316 ms 6.8%
SingleProcess AUTOTUNE benchmarking takes 1.0529 seconds and 0.0008 seconds precompiling
AUTOTUNE convolution(614x384x7x7, 576x384x3x3)
  convolution 0.4721 ms 100.0%
  triton_convolution_392 0.8684 ms 54.4%
  triton_convolution_389 0.9728 ms 48.5%
  triton_convolution_391 1.1520 ms 41.0%
  triton_convolution_394 1.1663 ms 40.5%
  triton_convolution_393 1.3435 ms 35.1%
  triton_convolution_388 1.3445 ms 35.1%
  triton_convolution_390 6.9212 ms 6.8%
SingleProcess AUTOTUNE benchmarking takes 1.0877 seconds and 0.0010 seconds precompiling
AUTOTUNE convolution(614x576x3x3, 576x576x3x3)
  convolution 0.1362 ms 100.0%
  triton_convolution_399 0.2796 ms 48.7%
  triton_convolution_396 0.2806 ms 48.5%
  triton_convolution_401 0.3430 ms 39.7%
  triton_convolution_398 0.4280 ms 31.8%
  triton_convolution_400 0.4547 ms 30.0%
  triton_convolution_395 0.5448 ms 25.0%
  triton_convolution_397 1.6118 ms 8.4%
SingleProcess AUTOTUNE benchmarking takes 0.9880 seconds and 0.0010 seconds precompiling
AUTOTUNE mm(100x614, 614x576)
  triton_mm_430 0.0113 ms 100.0%
  triton_mm_431 0.0123 ms 91.7%
  triton_mm_432 0.0133 ms 84.6%
  triton_mm_436 0.0133 ms 84.6%
  triton_mm_429 0.0143 ms 78.6%
  triton_mm_435 0.0143 ms 78.6%
  triton_mm_439 0.0143 ms 78.6%
  triton_mm_438 0.0154 ms 73.3%
  triton_mm_440 0.0154 ms 73.3%
  triton_mm_442 0.0154 ms 73.3%
SingleProcess AUTOTUNE benchmarking takes 2.2304 seconds and 0.0026 seconds precompiling
AUTOTUNE mm(614x100, 100x576)
  triton_mm_454 0.0092 ms 100.0%
  triton_mm_455 0.0092 ms 100.0%
  triton_mm_457 0.0092 ms 100.0%
  triton_mm_458 0.0092 ms 100.0%
  triton_mm_459 0.0092 ms 100.0%
  triton_mm_460 0.0092 ms 100.0%
  triton_mm_449 0.0102 ms 90.0%
  triton_mm_451 0.0102 ms 90.0%
  triton_mm_453 0.0102 ms 90.0%
  triton_mm_456 0.0102 ms 90.0%
SingleProcess AUTOTUNE benchmarking takes 2.2331 seconds and 0.0025 seconds precompiling
trial 1/3: accuracy=74.61% training=7.192s inference=0.108s
trial 2/3: accuracy=75.04% training=7.141s inference=0.094s
trial 3/3: accuracy=74.90% training=7.140s inference=0.094s
{
  "requested_trials": 3,
  "number_of_trials": 3,
  "successful_trials": 3,
  "failed_trials": 0,
  "complete": true,
  "accuracy_target": 0.75,
  "run_error": null,
  "mean_accuracy": 0.7484999999999999,
  "accuracy_std": 0.0021931712199461197,
  "mean_training_time": 7.157715299001818,
  "training_time_std": 0.02988052845723679,
  "mean_evaluation_time": 0.09859299333402305,
  "evaluation_time_std": 0.00797526967769658,
  "qualified": false,
  "official": false,
  "dataset": "CIFAR-100",
  "run_id": "20261003T161201Z-c3c9506a"
}
Results: /home/jovyan/work/arena3/hypothesis/results/arena/20261003T161201Z-c3c9506a
