AUTOTUNE convolution(1024x3x26x26, 24x3x2x2)
  convolution 0.0543 ms 100.0%
  triton_convolution_4 0.1024 ms 53.0%
  triton_convolution_2 0.1034 ms 52.5%
  triton_convolution_0 0.1198 ms 45.3%
  triton_convolution_3 0.1270 ms 42.7%
  triton_convolution_5 0.1628 ms 33.3%
  triton_convolution_1 0.2079 ms 26.1%
SingleProcess AUTOTUNE benchmarking takes 0.9639 seconds and 0.0010 seconds precompiling
AUTOTUNE convolution(1024x24x25x25, 128x24x3x3)
  convolution 0.3236 ms 100.0%
  triton_convolution_9 0.5325 ms 60.8%
  triton_convolution_7 0.5919 ms 54.7%
  triton_convolution_12 0.6216 ms 52.1%
  triton_convolution_11 0.8991 ms 36.0%
  triton_convolution_6 1.0373 ms 31.2%
  triton_convolution_10 1.1377 ms 28.4%
  triton_convolution_8 1.2954 ms 25.0%
SingleProcess AUTOTUNE benchmarking takes 1.0907 seconds and 0.0008 seconds precompiling
AUTOTUNE convolution(1024x128x12x12, 128x128x3x3)
  convolution 0.1884 ms 100.0%
  triton_convolution_18 0.3297 ms 57.1%
  triton_convolution_17 0.3738 ms 50.4%
  triton_convolution_16 0.3922 ms 48.0%
  triton_convolution_14 0.3942 ms 47.8%
  triton_convolution_19 0.4219 ms 44.7%
  triton_convolution_13 0.4925 ms 38.3%
  triton_convolution_15 1.4510 ms 13.0%
SingleProcess AUTOTUNE benchmarking takes 1.0077 seconds and 0.0009 seconds precompiling
AUTOTUNE convolution(1024x128x12x12, 384x128x3x3)
  convolution 0.5386 ms 100.0%
  triton_convolution_31 1.0312 ms 52.2%
  triton_convolution_28 1.0854 ms 49.6%
  triton_convolution_30 1.1182 ms 48.2%
  triton_convolution_33 1.1909 ms 45.2%
  triton_convolution_32 1.3732 ms 39.2%
  triton_convolution_27 1.4264 ms 37.8%
  triton_convolution_29 4.4923 ms 12.0%
SingleProcess AUTOTUNE benchmarking takes 1.0566 seconds and 0.0009 seconds precompiling
AUTOTUNE convolution(1024x384x6x6, 384x384x3x3)
  convolution 0.3656 ms 100.0%
  triton_convolution_38 0.7199 ms 50.8%
  triton_convolution_35 0.7936 ms 46.1%
  triton_convolution_37 0.8520 ms 42.9%
  triton_convolution_40 0.9201 ms 39.7%
  triton_convolution_39 1.0885 ms 33.6%
  triton_convolution_34 1.1090 ms 33.0%
  triton_convolution_36 3.3572 ms 10.9%
SingleProcess AUTOTUNE benchmarking takes 3.5872 seconds and 0.0000 seconds precompiling
AUTOTUNE convolution(1024x384x6x6, 576x384x3x3)
  convolution 0.5745 ms 100.0%
  triton_convolution_52 1.0808 ms 53.2%
  triton_convolution_49 1.1756 ms 48.9%
  triton_convolution_54 1.3732 ms 41.8%
  triton_convolution_51 1.4254 ms 40.3%
  triton_convolution_48 1.5734 ms 36.5%
  triton_convolution_53 1.5872 ms 36.2%
  triton_convolution_50 5.0586 ms 11.4%
SingleProcess AUTOTUNE benchmarking takes 3.6507 seconds and 0.0000 seconds precompiling
AUTOTUNE mm(1024x576, 576x100)
  triton_mm_325 0.0113 ms 100.0%
  triton_mm_324 0.0123 ms 91.7%
  triton_mm_329 0.0123 ms 91.7%
  triton_mm_322 0.0133 ms 84.6%
  triton_mm_323 0.0133 ms 84.6%
  triton_mm_328 0.0133 ms 84.6%
  triton_mm_332 0.0133 ms 84.6%
  triton_mm_333 0.0133 ms 84.6%
  triton_mm_331 0.0143 ms 78.6%
  triton_mm_335 0.0154 ms 73.3%
SingleProcess AUTOTUNE benchmarking takes 10.3942 seconds and 0.0000 seconds precompiling
W1003 16:16:43.272000 134290665908032 torch/fx/experimental/symbolic_shapes.py:4449] [0/2] ps0 is not in var_ranges, defaulting to unknown range.
W1003 16:16:43.272000 134290665908032 torch/fx/experimental/symbolic_shapes.py:4449] [0/2] ps2 is not in var_ranges, defaulting to unknown range.
W1003 16:16:43.849000 134290665908032 torch/fx/experimental/symbolic_shapes.py:4449] [0/2] ps4 is not in var_ranges, defaulting to unknown range.
W1003 16:16:43.849000 134290665908032 torch/fx/experimental/symbolic_shapes.py:4449] [0/2] ps6 is not in var_ranges, defaulting to unknown range.
W1003 16:16:44.395000 134290665908032 torch/fx/experimental/symbolic_shapes.py:4449] [0/2] ps10 is not in var_ranges, defaulting to unknown range.
W1003 16:16:44.395000 134290665908032 torch/fx/experimental/symbolic_shapes.py:4449] [0/2] ps8 is not in var_ranges, defaulting to unknown range.
AUTOTUNE mm(100x1024, 1024x576)
  triton_mm_342 0.0154 ms 100.0%
  triton_mm_344 0.0154 ms 100.0%
  triton_mm_348 0.0154 ms 100.0%
  triton_mm_343 0.0174 ms 88.2%
  triton_mm_347 0.0174 ms 88.2%
  triton_mm_351 0.0184 ms 83.3%
  triton_mm_341 0.0195 ms 78.9%
  triton_mm_352 0.0195 ms 78.9%
  triton_mm_350 0.0215 ms 71.4%
  triton_mm_354 0.0215 ms 71.4%
SingleProcess AUTOTUNE benchmarking takes 10.9003 seconds and 0.0000 seconds precompiling
W1003 16:17:16.758000 134290665908032 torch/fx/experimental/symbolic_shapes.py:4449] [0/2] ps0 is not in var_ranges, defaulting to unknown range.
W1003 16:17:16.786000 134290665908032 torch/fx/experimental/symbolic_shapes.py:4449] [0/2] ps0 is not in var_ranges, defaulting to unknown range.
W1003 16:17:16.786000 134290665908032 torch/fx/experimental/symbolic_shapes.py:4449] [0/2] ps2 is not in var_ranges, defaulting to unknown range.
W1003 16:17:21.676000 134290665908032 torch/fx/experimental/symbolic_shapes.py:4449] [0/2] ps5 is not in var_ranges, defaulting to unknown range.
W1003 16:17:21.694000 134290665908032 torch/fx/experimental/symbolic_shapes.py:4449] [0/2] ps5 is not in var_ranges, defaulting to unknown range.
W1003 16:17:21.694000 134290665908032 torch/fx/experimental/symbolic_shapes.py:4449] [0/2] ps7 is not in var_ranges, defaulting to unknown range.
W1003 16:17:25.512000 134290665908032 torch/fx/experimental/symbolic_shapes.py:4449] [0/2] ps10 is not in var_ranges, defaulting to unknown range.
W1003 16:17:25.526000 134290665908032 torch/fx/experimental/symbolic_shapes.py:4449] [0/2] ps10 is not in var_ranges, defaulting to unknown range.
W1003 16:17:25.526000 134290665908032 torch/fx/experimental/symbolic_shapes.py:4449] [0/2] ps12 is not in var_ranges, defaulting to unknown range.
W1003 16:17:28.414000 134290665908032 torch/fx/experimental/symbolic_shapes.py:4449] [0/2] ps15 is not in var_ranges, defaulting to unknown range.
W1003 16:17:28.415000 134290665908032 torch/fx/experimental/symbolic_shapes.py:4449] [0/2] ps17 is not in var_ranges, defaulting to unknown range.
W1003 16:17:28.439000 134290665908032 torch/fx/experimental/symbolic_shapes.py:4449] [0/2] ps15 is not in var_ranges, defaulting to unknown range.
W1003 16:17:55.043000 134290665908032 torch/fx/experimental/symbolic_shapes.py:4449] [0/3] ps0 is not in var_ranges, defaulting to unknown range.
W1003 16:17:55.044000 134290665908032 torch/fx/experimental/symbolic_shapes.py:4449] [0/3] ps2 is not in var_ranges, defaulting to unknown range.
W1003 16:17:55.593000 134290665908032 torch/fx/experimental/symbolic_shapes.py:4449] [0/3] ps4 is not in var_ranges, defaulting to unknown range.
W1003 16:17:55.593000 134290665908032 torch/fx/experimental/symbolic_shapes.py:4449] [0/3] ps6 is not in var_ranges, defaulting to unknown range.
W1003 16:17:56.126000 134290665908032 torch/fx/experimental/symbolic_shapes.py:4449] [0/3] ps10 is not in var_ranges, defaulting to unknown range.
W1003 16:17:56.126000 134290665908032 torch/fx/experimental/symbolic_shapes.py:4449] [0/3] ps8 is not in var_ranges, defaulting to unknown range.
W1003 16:18:13.344000 134290665908032 torch/fx/experimental/symbolic_shapes.py:4449] [0/3] ps0 is not in var_ranges, defaulting to unknown range.
W1003 16:18:13.368000 134290665908032 torch/fx/experimental/symbolic_shapes.py:4449] [0/3] ps0 is not in var_ranges, defaulting to unknown range.
W1003 16:18:13.368000 134290665908032 torch/fx/experimental/symbolic_shapes.py:4449] [0/3] ps2 is not in var_ranges, defaulting to unknown range.
W1003 16:18:17.751000 134290665908032 torch/fx/experimental/symbolic_shapes.py:4449] [0/3] ps5 is not in var_ranges, defaulting to unknown range.
W1003 16:18:17.769000 134290665908032 torch/fx/experimental/symbolic_shapes.py:4449] [0/3] ps5 is not in var_ranges, defaulting to unknown range.
W1003 16:18:17.770000 134290665908032 torch/fx/experimental/symbolic_shapes.py:4449] [0/3] ps7 is not in var_ranges, defaulting to unknown range.
W1003 16:18:21.231000 134290665908032 torch/fx/experimental/symbolic_shapes.py:4449] [0/3] ps10 is not in var_ranges, defaulting to unknown range.
W1003 16:18:21.247000 134290665908032 torch/fx/experimental/symbolic_shapes.py:4449] [0/3] ps10 is not in var_ranges, defaulting to unknown range.
W1003 16:18:21.247000 134290665908032 torch/fx/experimental/symbolic_shapes.py:4449] [0/3] ps12 is not in var_ranges, defaulting to unknown range.
W1003 16:18:38.613000 134290665908032 torch/fx/experimental/symbolic_shapes.py:4449] [0/4] ps0 is not in var_ranges, defaulting to unknown range.
W1003 16:18:38.613000 134290665908032 torch/fx/experimental/symbolic_shapes.py:4449] [0/4] ps2 is not in var_ranges, defaulting to unknown range.
W1003 16:18:39.171000 134290665908032 torch/fx/experimental/symbolic_shapes.py:4449] [0/4] ps4 is not in var_ranges, defaulting to unknown range.
W1003 16:18:39.171000 134290665908032 torch/fx/experimental/symbolic_shapes.py:4449] [0/4] ps6 is not in var_ranges, defaulting to unknown range.
W1003 16:18:39.614000 134290665908032 torch/fx/experimental/symbolic_shapes.py:4449] [0/4] ps10 is not in var_ranges, defaulting to unknown range.
W1003 16:18:39.615000 134290665908032 torch/fx/experimental/symbolic_shapes.py:4449] [0/4] ps8 is not in var_ranges, defaulting to unknown range.
W1003 16:18:58.343000 134290665908032 torch/fx/experimental/symbolic_shapes.py:4449] [0/4] ps0 is not in var_ranges, defaulting to unknown range.
W1003 16:18:58.367000 134290665908032 torch/fx/experimental/symbolic_shapes.py:4449] [0/4] ps0 is not in var_ranges, defaulting to unknown range.
W1003 16:18:58.368000 134290665908032 torch/fx/experimental/symbolic_shapes.py:4449] [0/4] ps2 is not in var_ranges, defaulting to unknown range.
W1003 16:19:03.214000 134290665908032 torch/fx/experimental/symbolic_shapes.py:4449] [0/4] ps5 is not in var_ranges, defaulting to unknown range.
W1003 16:19:03.232000 134290665908032 torch/fx/experimental/symbolic_shapes.py:4449] [0/4] ps5 is not in var_ranges, defaulting to unknown range.
W1003 16:19:03.232000 134290665908032 torch/fx/experimental/symbolic_shapes.py:4449] [0/4] ps7 is not in var_ranges, defaulting to unknown range.
W1003 16:19:07.091000 134290665908032 torch/fx/experimental/symbolic_shapes.py:4449] [0/4] ps10 is not in var_ranges, defaulting to unknown range.
W1003 16:19:07.106000 134290665908032 torch/fx/experimental/symbolic_shapes.py:4449] [0/4] ps10 is not in var_ranges, defaulting to unknown range.
W1003 16:19:07.106000 134290665908032 torch/fx/experimental/symbolic_shapes.py:4449] [0/4] ps12 is not in var_ranges, defaulting to unknown range.
W1003 16:19:09.731000 134290665908032 torch/fx/experimental/symbolic_shapes.py:4449] [0/4] ps15 is not in var_ranges, defaulting to unknown range.
W1003 16:19:09.731000 134290665908032 torch/fx/experimental/symbolic_shapes.py:4449] [0/4] ps17 is not in var_ranges, defaulting to unknown range.
W1003 16:19:09.756000 134290665908032 torch/fx/experimental/symbolic_shapes.py:4449] [0/4] ps15 is not in var_ranges, defaulting to unknown range.
W1003 16:19:28.272000 134290665908032 torch/fx/experimental/symbolic_shapes.py:4449] [0/5] ps0 is not in var_ranges, defaulting to unknown range.
W1003 16:19:28.272000 134290665908032 torch/fx/experimental/symbolic_shapes.py:4449] [0/5] ps2 is not in var_ranges, defaulting to unknown range.
W1003 16:19:28.796000 134290665908032 torch/fx/experimental/symbolic_shapes.py:4449] [0/5] ps4 is not in var_ranges, defaulting to unknown range.
W1003 16:19:28.796000 134290665908032 torch/fx/experimental/symbolic_shapes.py:4449] [0/5] ps6 is not in var_ranges, defaulting to unknown range.
W1003 16:19:29.233000 134290665908032 torch/fx/experimental/symbolic_shapes.py:4449] [0/5] ps10 is not in var_ranges, defaulting to unknown range.
W1003 16:19:29.233000 134290665908032 torch/fx/experimental/symbolic_shapes.py:4449] [0/5] ps8 is not in var_ranges, defaulting to unknown range.
W1003 16:19:46.759000 134290665908032 torch/fx/experimental/symbolic_shapes.py:4449] [0/5] ps0 is not in var_ranges, defaulting to unknown range.
W1003 16:19:46.783000 134290665908032 torch/fx/experimental/symbolic_shapes.py:4449] [0/5] ps0 is not in var_ranges, defaulting to unknown range.
W1003 16:19:46.783000 134290665908032 torch/fx/experimental/symbolic_shapes.py:4449] [0/5] ps2 is not in var_ranges, defaulting to unknown range.
W1003 16:19:51.109000 134290665908032 torch/fx/experimental/symbolic_shapes.py:4449] [0/5] ps5 is not in var_ranges, defaulting to unknown range.
W1003 16:19:51.127000 134290665908032 torch/fx/experimental/symbolic_shapes.py:4449] [0/5] ps5 is not in var_ranges, defaulting to unknown range.
W1003 16:19:51.127000 134290665908032 torch/fx/experimental/symbolic_shapes.py:4449] [0/5] ps7 is not in var_ranges, defaulting to unknown range.
W1003 16:19:54.592000 134290665908032 torch/fx/experimental/symbolic_shapes.py:4449] [0/5] ps10 is not in var_ranges, defaulting to unknown range.
W1003 16:19:54.608000 134290665908032 torch/fx/experimental/symbolic_shapes.py:4449] [0/5] ps10 is not in var_ranges, defaulting to unknown range.
W1003 16:19:54.608000 134290665908032 torch/fx/experimental/symbolic_shapes.py:4449] [0/5] ps12 is not in var_ranges, defaulting to unknown range.
first-batch hash: -5.539658e+03
trial 1/3: accuracy=75.25% training=6.702s inference=0.096s
first-batch hash: -2.251164e+04
trial 2/3: accuracy=74.89% training=6.640s inference=0.084s
first-batch hash: 5.748168e+03
trial 3/3: accuracy=75.03% training=6.653s inference=0.083s
{
  "requested_trials": 3,
  "number_of_trials": 3,
  "successful_trials": 3,
  "failed_trials": 0,
  "complete": true,
  "accuracy_target": 0.75,
  "run_error": null,
  "mean_accuracy": 0.7505666666666666,
  "accuracy_std": 0.0018147543451754627,
  "mean_training_time": 6.664866660000068,
  "training_time_std": 0.03266354673458854,
  "mean_evaluation_time": 0.08770228399953339,
  "evaluation_time_std": 0.007348107506685739,
  "qualified": true,
  "official": false,
  "dataset": "CIFAR-100",
  "run_id": "20261003T161520Z-70c38547"
}
Results: /home/jovyan/work/arena3/hypothesis/results/arena/20261003T161520Z-70c38547
