trial 1/3: accuracy=74.82% training=6.836s inference=0.095s
trial 2/3: accuracy=74.82% training=6.769s inference=0.084s
trial 3/3: accuracy=74.94% training=6.782s inference=0.083s
{
  "requested_trials": 3,
  "number_of_trials": 3,
  "successful_trials": 3,
  "failed_trials": 0,
  "complete": true,
  "accuracy_target": 0.75,
  "run_error": null,
  "mean_accuracy": 0.7485999999999999,
  "accuracy_std": 0.0006928203230275387,
  "mean_training_time": 6.79577468833304,
  "training_time_std": 0.035672050147047586,
  "mean_evaluation_time": 0.08737851733288456,
  "evaluation_time_std": 0.006538678904393112,
  "qualified": false,
  "official": false,
  "dataset": "CIFAR-100",
  "run_id": "20261003T163422Z-557b4bd1"
}
Results: /home/jovyan/work/arena3/hypothesis/results/arena/20261003T163422Z-557b4bd1
