AUTOTUNE convolution(1024x128x15x15, 320x128x3x3)
  convolution 0.7700 ms 100.0%
  triton_convolution_31 1.3619 ms 56.5%
  triton_convolution_28 1.4075 ms 54.7%
  triton_convolution_33 1.5380 ms 50.1%
  triton_convolution_30 1.6343 ms 47.1%
  triton_convolution_32 2.0925 ms 36.8%
  triton_convolution_27 2.2774 ms 33.8%
  triton_convolution_29 5.8778 ms 13.1%
SingleProcess AUTOTUNE benchmarking takes 1.2500 seconds and 0.0015 seconds precompiling
AUTOTUNE convolution(1024x320x7x7, 320x320x3x3)
  convolution 0.3901 ms 100.0%
  triton_convolution_38 0.7086 ms 55.1%
  triton_convolution_35 0.8120 ms 48.0%
  triton_convolution_37 0.9318 ms 41.9%
  triton_convolution_40 0.9503 ms 41.1%
  triton_convolution_39 1.1991 ms 32.5%
  triton_convolution_34 1.2022 ms 32.5%
  triton_convolution_36 3.5154 ms 11.1%
SingleProcess AUTOTUNE benchmarking takes 1.0612 seconds and 0.0009 seconds precompiling
AUTOTUNE convolution(1024x320x7x7, 576x320x3x3)
  convolution 0.6687 ms 100.0%
  triton_convolution_52 1.2431 ms 53.8%
  triton_convolution_49 1.4428 ms 46.3%
  triton_convolution_51 1.5514 ms 43.1%
  triton_convolution_54 1.6210 ms 41.3%
  triton_convolution_53 1.8135 ms 36.9%
  triton_convolution_48 1.8289 ms 36.6%
  triton_convolution_50 6.1338 ms 10.9%
SingleProcess AUTOTUNE benchmarking takes 1.1054 seconds and 0.0010 seconds precompiling
trial 1/3: accuracy=74.68% training=6.661s inference=0.089s
trial 2/3: accuracy=74.72% training=6.608s inference=0.079s
trial 3/3: accuracy=74.26% training=6.625s inference=0.079s
{
  "requested_trials": 3,
  "number_of_trials": 3,
  "successful_trials": 3,
  "failed_trials": 0,
  "complete": true,
  "accuracy_target": 0.75,
  "run_error": null,
  "mean_accuracy": 0.7455333333333334,
  "accuracy_std": 0.0025482019804821607,
  "mean_training_time": 6.631305061999835,
  "training_time_std": 0.027417019783896785,
  "mean_evaluation_time": 0.08211185733307502,
  "evaluation_time_std": 0.005665103826965853,
  "qualified": false,
  "official": false,
  "dataset": "CIFAR-100",
  "run_id": "20261003T163931Z-2aad5e68"
}
Results: /home/jovyan/work/arena3/hypothesis/results/arena/20261003T163931Z-2aad5e68
