trial 1/3: accuracy=76.58% training=8.071s inference=0.113s
trial 2/3: accuracy=76.93% training=8.012s inference=0.094s
trial 3/3: accuracy=76.39% training=8.041s inference=0.083s
{
  "requested_trials": 3,
  "number_of_trials": 3,
  "successful_trials": 3,
  "failed_trials": 0,
  "complete": true,
  "accuracy_target": 0.75,
  "run_error": null,
  "mean_accuracy": 0.7663333333333333,
  "accuracy_std": 0.0027392213005402117,
  "mean_training_time": 8.041070752666807,
  "training_time_std": 0.02955510015202617,
  "mean_evaluation_time": 0.09665714633229072,
  "evaluation_time_std": 0.015247493770522867,
  "qualified": true,
  "official": false,
  "dataset": "CIFAR-100",
  "run_id": "20261003T164426Z-7920ebd9"
}
Results: /home/jovyan/work/arena3/hypothesis/results/arena/20261003T164426Z-7920ebd9
