trial 1/3: accuracy=75.61% training=6.708s inference=0.094s
trial 2/3: accuracy=75.97% training=6.642s inference=0.083s
trial 3/3: accuracy=75.90% training=6.639s inference=0.083s
{
  "requested_trials": 3,
  "number_of_trials": 3,
  "successful_trials": 3,
  "failed_trials": 0,
  "complete": true,
  "accuracy_target": 0.75,
  "run_error": null,
  "mean_accuracy": 0.7582666666666666,
  "accuracy_std": 0.0019087517736294081,
  "mean_training_time": 6.663216723000612,
  "training_time_std": 0.03905386586072286,
  "mean_evaluation_time": 0.08664994733286828,
  "evaluation_time_std": 0.006001433352777807,
  "qualified": true,
  "official": false,
  "dataset": "CIFAR-100",
  "run_id": "20261003T165150Z-628c2686"
}
Results: /home/jovyan/work/arena3/hypothesis/results/arena/20261003T165150Z-628c2686
