trial 1/3: accuracy=76.19% training=7.667s inference=0.105s
trial 2/3: accuracy=76.62% training=7.611s inference=0.083s
trial 3/3: accuracy=76.33% training=7.633s inference=0.083s
{
  "requested_trials": 3,
  "number_of_trials": 3,
  "successful_trials": 3,
  "failed_trials": 0,
  "complete": true,
  "accuracy_target": 0.75,
  "run_error": null,
  "mean_accuracy": 0.7638,
  "accuracy_std": 0.0021931712199461197,
  "mean_training_time": 7.637028995667303,
  "training_time_std": 0.0284531242204183,
  "mean_evaluation_time": 0.09052463666497108,
  "evaluation_time_std": 0.012446895844324436,
  "qualified": true,
  "official": false,
  "dataset": "CIFAR-100",
  "run_id": "20261003T165530Z-0af3ee11"
}
Results: /home/jovyan/work/arena3/hypothesis/results/arena/20261003T165530Z-0af3ee11
