trial 1/3: accuracy=76.67% training=8.493s inference=0.094s
trial 2/3: accuracy=76.73% training=8.420s inference=0.083s
trial 3/3: accuracy=76.49% training=8.444s inference=0.083s
{
  "requested_trials": 3,
  "number_of_trials": 3,
  "successful_trials": 3,
  "failed_trials": 0,
  "complete": true,
  "accuracy_target": 0.75,
  "run_error": null,
  "mean_accuracy": 0.7663,
  "accuracy_std": 0.0012489995996796666,
  "mean_training_time": 8.4524903900007,
  "training_time_std": 0.037358469112536395,
  "mean_evaluation_time": 0.0865261079998163,
  "evaluation_time_std": 0.006159630689745995,
  "qualified": true,
  "official": false,
  "dataset": "CIFAR-100",
  "run_id": "20261003T165641Z-50b6d934"
}
Results: /home/jovyan/work/arena3/hypothesis/results/arena/20261003T165641Z-50b6d934
