W1003 17:48:28.476000 132091930064704 torch/fx/experimental/symbolic_shapes.py:4449] [1/0] idx_n is not in var_ranges, defaulting to unknown range.
W1003 17:49:10.260000 132091930064704 torch/fx/experimental/symbolic_shapes.py:4449] [0/2] ps2 is not in var_ranges, defaulting to unknown range.
W1003 17:49:10.260000 132091930064704 torch/fx/experimental/symbolic_shapes.py:4449] [0/2] ps0 is not in var_ranges, defaulting to unknown range.
W1003 17:49:10.801000 132091930064704 torch/fx/experimental/symbolic_shapes.py:4449] [0/2] ps4 is not in var_ranges, defaulting to unknown range.
W1003 17:49:10.802000 132091930064704 torch/fx/experimental/symbolic_shapes.py:4449] [0/2] ps6 is not in var_ranges, defaulting to unknown range.
W1003 17:49:11.330000 132091930064704 torch/fx/experimental/symbolic_shapes.py:4449] [0/2] ps8 is not in var_ranges, defaulting to unknown range.
W1003 17:49:11.330000 132091930064704 torch/fx/experimental/symbolic_shapes.py:4449] [0/2] ps10 is not in var_ranges, defaulting to unknown range.
W1003 17:49:11.836000 132091930064704 torch/fx/experimental/symbolic_shapes.py:4449] [0/2] ps12 is not in var_ranges, defaulting to unknown range.
W1003 17:49:11.839000 132091930064704 torch/fx/experimental/symbolic_shapes.py:4449] [0/2] ps12 is not in var_ranges, defaulting to unknown range.
W1003 17:49:11.839000 132091930064704 torch/fx/experimental/symbolic_shapes.py:4449] [0/2] ps14 is not in var_ranges, defaulting to unknown range.
W1003 17:49:11.842000 132091930064704 torch/fx/experimental/symbolic_shapes.py:4449] [0/2] ps12 is not in var_ranges, defaulting to unknown range.
W1003 17:49:11.844000 132091930064704 torch/fx/experimental/symbolic_shapes.py:4449] [0/2] ps12 is not in var_ranges, defaulting to unknown range.
W1003 17:49:11.845000 132091930064704 torch/fx/experimental/symbolic_shapes.py:4449] [0/2] ps14 is not in var_ranges, defaulting to unknown range.
W1003 17:49:30.913000 132091930064704 torch/fx/experimental/symbolic_shapes.py:4449] [0/2] ps0 is not in var_ranges, defaulting to unknown range.
W1003 17:49:30.934000 132091930064704 torch/fx/experimental/symbolic_shapes.py:4449] [0/2] ps2 is not in var_ranges, defaulting to unknown range.
W1003 17:49:30.934000 132091930064704 torch/fx/experimental/symbolic_shapes.py:4449] [0/2] ps0 is not in var_ranges, defaulting to unknown range.
W1003 17:49:35.323000 132091930064704 torch/fx/experimental/symbolic_shapes.py:4449] [0/2] ps5 is not in var_ranges, defaulting to unknown range.
W1003 17:49:35.340000 132091930064704 torch/fx/experimental/symbolic_shapes.py:4449] [0/2] ps5 is not in var_ranges, defaulting to unknown range.
W1003 17:49:35.340000 132091930064704 torch/fx/experimental/symbolic_shapes.py:4449] [0/2] ps7 is not in var_ranges, defaulting to unknown range.
W1003 17:49:38.269000 132091930064704 torch/fx/experimental/symbolic_shapes.py:4449] [0/2] ps10 is not in var_ranges, defaulting to unknown range.
W1003 17:49:38.269000 132091930064704 torch/fx/experimental/symbolic_shapes.py:4449] [0/2] ps12 is not in var_ranges, defaulting to unknown range.
W1003 17:49:38.299000 132091930064704 torch/fx/experimental/symbolic_shapes.py:4449] [0/2] ps10 is not in var_ranges, defaulting to unknown range.
W1003 17:49:53.465000 132091930064704 torch/fx/experimental/symbolic_shapes.py:4449] [0/3] ps2 is not in var_ranges, defaulting to unknown range.
W1003 17:49:53.465000 132091930064704 torch/fx/experimental/symbolic_shapes.py:4449] [0/3] ps0 is not in var_ranges, defaulting to unknown range.
W1003 17:49:54.488000 132091930064704 torch/fx/experimental/symbolic_shapes.py:4449] [0/3] ps4 is not in var_ranges, defaulting to unknown range.
W1003 17:49:54.489000 132091930064704 torch/fx/experimental/symbolic_shapes.py:4449] [0/3] ps6 is not in var_ranges, defaulting to unknown range.
W1003 17:49:54.998000 132091930064704 torch/fx/experimental/symbolic_shapes.py:4449] [0/3] ps8 is not in var_ranges, defaulting to unknown range.
W1003 17:49:54.999000 132091930064704 torch/fx/experimental/symbolic_shapes.py:4449] [0/3] ps10 is not in var_ranges, defaulting to unknown range.
W1003 17:49:55.482000 132091930064704 torch/fx/experimental/symbolic_shapes.py:4449] [0/3] ps12 is not in var_ranges, defaulting to unknown range.
W1003 17:49:55.484000 132091930064704 torch/fx/experimental/symbolic_shapes.py:4449] [0/3] ps12 is not in var_ranges, defaulting to unknown range.
W1003 17:49:55.484000 132091930064704 torch/fx/experimental/symbolic_shapes.py:4449] [0/3] ps14 is not in var_ranges, defaulting to unknown range.
W1003 17:49:55.487000 132091930064704 torch/fx/experimental/symbolic_shapes.py:4449] [0/3] ps12 is not in var_ranges, defaulting to unknown range.
W1003 17:49:55.489000 132091930064704 torch/fx/experimental/symbolic_shapes.py:4449] [0/3] ps12 is not in var_ranges, defaulting to unknown range.
W1003 17:49:55.490000 132091930064704 torch/fx/experimental/symbolic_shapes.py:4449] [0/3] ps14 is not in var_ranges, defaulting to unknown range.
W1003 17:50:10.718000 132091930064704 torch/fx/experimental/symbolic_shapes.py:4449] [0/3] ps0 is not in var_ranges, defaulting to unknown range.
W1003 17:50:10.739000 132091930064704 torch/fx/experimental/symbolic_shapes.py:4449] [0/3] ps2 is not in var_ranges, defaulting to unknown range.
W1003 17:50:10.739000 132091930064704 torch/fx/experimental/symbolic_shapes.py:4449] [0/3] ps0 is not in var_ranges, defaulting to unknown range.
W1003 17:50:14.201000 132091930064704 torch/fx/experimental/symbolic_shapes.py:4449] [0/3] ps5 is not in var_ranges, defaulting to unknown range.
W1003 17:50:14.216000 132091930064704 torch/fx/experimental/symbolic_shapes.py:4449] [0/3] ps5 is not in var_ranges, defaulting to unknown range.
W1003 17:50:14.216000 132091930064704 torch/fx/experimental/symbolic_shapes.py:4449] [0/3] ps7 is not in var_ranges, defaulting to unknown range.
W1003 17:50:29.360000 132091930064704 torch/fx/experimental/symbolic_shapes.py:4449] [0/4] ps2 is not in var_ranges, defaulting to unknown range.
W1003 17:50:29.360000 132091930064704 torch/fx/experimental/symbolic_shapes.py:4449] [0/4] ps0 is not in var_ranges, defaulting to unknown range.
W1003 17:50:29.917000 132091930064704 torch/fx/experimental/symbolic_shapes.py:4449] [0/4] ps4 is not in var_ranges, defaulting to unknown range.
W1003 17:50:29.917000 132091930064704 torch/fx/experimental/symbolic_shapes.py:4449] [0/4] ps6 is not in var_ranges, defaulting to unknown range.
W1003 17:50:30.377000 132091930064704 torch/fx/experimental/symbolic_shapes.py:4449] [0/4] ps8 is not in var_ranges, defaulting to unknown range.
W1003 17:50:30.378000 132091930064704 torch/fx/experimental/symbolic_shapes.py:4449] [0/4] ps10 is not in var_ranges, defaulting to unknown range.
W1003 17:50:50.812000 132091930064704 torch/fx/experimental/symbolic_shapes.py:4449] [0/4] ps0 is not in var_ranges, defaulting to unknown range.
W1003 17:50:50.833000 132091930064704 torch/fx/experimental/symbolic_shapes.py:4449] [0/4] ps2 is not in var_ranges, defaulting to unknown range.
W1003 17:50:50.833000 132091930064704 torch/fx/experimental/symbolic_shapes.py:4449] [0/4] ps0 is not in var_ranges, defaulting to unknown range.
W1003 17:50:54.681000 132091930064704 torch/fx/experimental/symbolic_shapes.py:4449] [0/4] ps5 is not in var_ranges, defaulting to unknown range.
W1003 17:50:54.696000 132091930064704 torch/fx/experimental/symbolic_shapes.py:4449] [0/4] ps5 is not in var_ranges, defaulting to unknown range.
W1003 17:50:54.696000 132091930064704 torch/fx/experimental/symbolic_shapes.py:4449] [0/4] ps7 is not in var_ranges, defaulting to unknown range.
W1003 17:50:57.568000 132091930064704 torch/fx/experimental/symbolic_shapes.py:4449] [0/4] ps10 is not in var_ranges, defaulting to unknown range.
W1003 17:50:57.568000 132091930064704 torch/fx/experimental/symbolic_shapes.py:4449] [0/4] ps12 is not in var_ranges, defaulting to unknown range.
W1003 17:50:57.594000 132091930064704 torch/fx/experimental/symbolic_shapes.py:4449] [0/4] ps10 is not in var_ranges, defaulting to unknown range.
W1003 17:51:11.749000 132091930064704 torch/fx/experimental/symbolic_shapes.py:4449] [0/5] ps2 is not in var_ranges, defaulting to unknown range.
W1003 17:51:11.749000 132091930064704 torch/fx/experimental/symbolic_shapes.py:4449] [0/5] ps0 is not in var_ranges, defaulting to unknown range.
W1003 17:51:12.287000 132091930064704 torch/fx/experimental/symbolic_shapes.py:4449] [0/5] ps4 is not in var_ranges, defaulting to unknown range.
W1003 17:51:12.287000 132091930064704 torch/fx/experimental/symbolic_shapes.py:4449] [0/5] ps6 is not in var_ranges, defaulting to unknown range.
W1003 17:51:12.727000 132091930064704 torch/fx/experimental/symbolic_shapes.py:4449] [0/5] ps8 is not in var_ranges, defaulting to unknown range.
W1003 17:51:12.727000 132091930064704 torch/fx/experimental/symbolic_shapes.py:4449] [0/5] ps10 is not in var_ranges, defaulting to unknown range.
W1003 17:51:29.297000 132091930064704 torch/fx/experimental/symbolic_shapes.py:4449] [0/5] ps0 is not in var_ranges, defaulting to unknown range.
W1003 17:51:29.317000 132091930064704 torch/fx/experimental/symbolic_shapes.py:4449] [0/5] ps2 is not in var_ranges, defaulting to unknown range.
W1003 17:51:29.317000 132091930064704 torch/fx/experimental/symbolic_shapes.py:4449] [0/5] ps0 is not in var_ranges, defaulting to unknown range.
W1003 17:51:32.802000 132091930064704 torch/fx/experimental/symbolic_shapes.py:4449] [0/5] ps5 is not in var_ranges, defaulting to unknown range.
W1003 17:51:32.818000 132091930064704 torch/fx/experimental/symbolic_shapes.py:4449] [0/5] ps5 is not in var_ranges, defaulting to unknown range.
W1003 17:51:32.818000 132091930064704 torch/fx/experimental/symbolic_shapes.py:4449] [0/5] ps7 is not in var_ranges, defaulting to unknown range.
trial 1/3: accuracy=74.97% training=5.681s inference=0.140s
trial 2/3: accuracy=75.90% training=5.608s inference=0.123s
trial 3/3: accuracy=75.42% training=5.624s inference=0.101s
{
  "requested_trials": 3,
  "number_of_trials": 3,
  "successful_trials": 3,
  "failed_trials": 0,
  "complete": true,
  "accuracy_target": 0.75,
  "run_error": null,
  "mean_accuracy": 0.7543,
  "accuracy_std": 0.004650806381693382,
  "mean_training_time": 5.637757967999884,
  "training_time_std": 0.03825899358141144,
  "mean_evaluation_time": 0.12109970166784478,
  "evaluation_time_std": 0.01969428644135303,
  "qualified": true,
  "official": false,
  "dataset": "CIFAR-100",
  "run_id": "20261003T174754Z-41244bac"
}
Results: /home/jovyan/work/arena3/hypothesis/results/arena/20261003T174754Z-41244bac
