AUTOTUNE mm(1536x576, 576x100)
  triton_mm_73 0.0113 ms 100.0%
  triton_mm_77 0.0123 ms 91.7%
  triton_mm_70 0.0133 ms 84.6%
  triton_mm_71 0.0133 ms 84.6%
  triton_mm_72 0.0133 ms 84.6%
  triton_mm_76 0.0133 ms 84.6%
  triton_mm_79 0.0154 ms 73.3%
  triton_mm_80 0.0154 ms 73.3%
  triton_mm_83 0.0154 ms 73.3%
  triton_mm_81 0.0164 ms 68.8%
SingleProcess AUTOTUNE benchmarking takes 2.2407 seconds and 0.0021 seconds precompiling
AUTOTUNE convolution(1536x3x16x16, 24x3x2x2)
  convolution 0.0297 ms 100.0%
  triton_convolution_2 0.0594 ms 50.0%
  triton_convolution_4 0.0614 ms 48.3%
  triton_convolution_0 0.0686 ms 43.3%
  triton_convolution_3 0.0748 ms 39.7%
  triton_convolution_5 0.0952 ms 31.2%
  triton_convolution_1 0.1352 ms 22.0%
SingleProcess AUTOTUNE benchmarking takes 0.9451 seconds and 0.0010 seconds precompiling
AUTOTUNE convolution(1536x24x15x15, 128x24x3x3)
  convolution 0.1833 ms 100.0%
  triton_convolution_7 0.3277 ms 55.9%
  triton_convolution_9 0.3420 ms 53.6%
  triton_convolution_12 0.3430 ms 53.4%
  triton_convolution_11 0.4966 ms 36.9%
  triton_convolution_6 0.5663 ms 32.4%
  triton_convolution_10 0.5919 ms 31.0%
  triton_convolution_8 0.7373 ms 24.9%
SingleProcess AUTOTUNE benchmarking takes 1.0144 seconds and 0.0010 seconds precompiling
AUTOTUNE convolution(1536x128x7x7, 128x128x3x3)
  convolution 0.1044 ms 100.0%
  triton_convolution_18 0.1802 ms 58.0%
  triton_convolution_17 0.1997 ms 52.3%
  triton_convolution_14 0.2079 ms 50.2%
  triton_convolution_16 0.2150 ms 48.6%
  triton_convolution_19 0.2324 ms 44.9%
  triton_convolution_13 0.3062 ms 34.1%
  triton_convolution_15 0.7240 ms 14.4%
SingleProcess AUTOTUNE benchmarking takes 1.0189 seconds and 0.0017 seconds precompiling
AUTOTUNE convolution(1536x128x7x7, 384x128x3x3)
  convolution 0.2775 ms 100.0%
  triton_convolution_31 0.5325 ms 52.1%
  triton_convolution_28 0.5591 ms 49.6%
  triton_convolution_30 0.5796 ms 47.9%
  triton_convolution_33 0.6236 ms 44.5%
  triton_convolution_32 0.7199 ms 38.5%
  triton_convolution_27 0.7905 ms 35.1%
  triton_convolution_29 2.0347 ms 13.6%
SingleProcess AUTOTUNE benchmarking takes 1.0364 seconds and 0.0008 seconds precompiling
AUTOTUNE convolution(1536x384x3x3, 576x384x3x3)
  convolution 0.2243 ms 100.0%
  triton_convolution_52 0.3963 ms 56.6%
  triton_convolution_49 0.5478 ms 40.9%
  triton_convolution_54 0.5755 ms 39.0%
  triton_convolution_51 0.5786 ms 38.8%
  triton_convolution_48 0.6011 ms 37.3%
  triton_convolution_53 0.6216 ms 36.1%
  triton_convolution_50 1.5299 ms 14.7%
SingleProcess AUTOTUNE benchmarking takes 1.0305 seconds and 0.0010 seconds precompiling
AUTOTUNE convolution(1536x576x1x1, 576x576x3x3)
  convolution 0.0532 ms 100.0%
  triton_convolution_59 0.1208 ms 44.1%
  triton_convolution_58 0.1618 ms 32.9%
  triton_convolution_61 0.1731 ms 30.8%
  triton_convolution_60 0.1853 ms 28.7%
  triton_convolution_56 0.2693 ms 19.8%
  triton_convolution_55 0.2970 ms 17.9%
  triton_convolution_57 0.3820 ms 13.9%
SingleProcess AUTOTUNE benchmarking takes 0.9487 seconds and 0.0011 seconds precompiling
AUTOTUNE mm(100x1536, 1536x576)
  triton_mm_90 0.0174 ms 100.0%
  triton_mm_92 0.0195 ms 89.5%
  triton_mm_89 0.0205 ms 85.0%
  triton_mm_96 0.0205 ms 85.0%
  mm 0.0215 ms 81.0%
  triton_mm_95 0.0215 ms 81.0%
  triton_mm_91 0.0225 ms 77.3%
  triton_mm_99 0.0225 ms 77.3%
  triton_mm_100 0.0225 ms 77.3%
  triton_mm_98 0.0266 ms 65.4%
SingleProcess AUTOTUNE benchmarking takes 2.2669 seconds and 0.0026 seconds precompiling
AUTOTUNE mm(1536x100, 100x576)
  triton_mm_114 0.0113 ms 100.0%
  triton_mm_115 0.0113 ms 100.0%
  triton_mm_116 0.0113 ms 100.0%
  triton_mm_120 0.0113 ms 100.0%
  triton_mm_121 0.0113 ms 100.0%
  triton_mm_123 0.0113 ms 100.0%
  triton_mm_108 0.0123 ms 91.7%
  triton_mm_111 0.0123 ms 91.7%
  triton_mm_113 0.0123 ms 91.7%
  triton_mm_117 0.0123 ms 91.7%
SingleProcess AUTOTUNE benchmarking takes 2.2684 seconds and 0.0038 seconds precompiling
W1003 18:15:40.336000 128272545109824 torch/fx/experimental/symbolic_shapes.py:4449] [1/0] idx_n is not in var_ranges, defaulting to unknown range.
W1003 18:15:51.835000 128272545109824 torch/fx/experimental/symbolic_shapes.py:4449] [1/1] idx_n is not in var_ranges, defaulting to unknown range.
AUTOTUNE convolution(1536x3x24x24, 24x3x2x2)
  convolution 0.0553 ms 100.0%
  triton_convolution_2304 0.1556 ms 35.5%
  triton_convolution_2308 0.1618 ms 34.2%
  triton_convolution_2307 0.1669 ms 33.1%
  triton_convolution_2306 0.1864 ms 29.7%
  triton_convolution_2309 0.2417 ms 22.9%
  triton_convolution_2305 0.3686 ms 15.0%
SingleProcess AUTOTUNE benchmarking takes 0.8482 seconds and 0.0011 seconds precompiling
AUTOTUNE convolution(1536x24x23x23, 128x24x3x3)
  convolution 0.4045 ms 100.0%
  triton_convolution_2311 0.7004 ms 57.7%
  triton_convolution_2313 0.7547 ms 53.6%
  triton_convolution_2316 0.7854 ms 51.5%
  triton_convolution_2315 1.1479 ms 35.2%
  triton_convolution_2314 1.2677 ms 31.9%
  triton_convolution_2310 1.3056 ms 31.0%
  triton_convolution_2312 2.1678 ms 18.7%
SingleProcess AUTOTUNE benchmarking takes 1.0676 seconds and 0.0013 seconds precompiling
AUTOTUNE convolution(1536x128x11x11, 128x128x3x3)
  convolution 0.2365 ms 100.0%
  triton_convolution_2321 0.4362 ms 54.2%
  triton_convolution_2322 0.4495 ms 52.6%
  triton_convolution_2318 0.4925 ms 48.0%
  triton_convolution_2320 0.4925 ms 48.0%
  triton_convolution_2323 0.5345 ms 44.3%
  triton_convolution_2317 0.5755 ms 41.1%
  triton_convolution_2319 2.8375 ms 8.3%
SingleProcess AUTOTUNE benchmarking takes 1.0293 seconds and 0.0011 seconds precompiling
AUTOTUNE convolution(1536x128x11x11, 384x128x3x3)
  convolution 0.6902 ms 100.0%
  triton_convolution_2335 1.2943 ms 53.3%
  triton_convolution_2334 1.4111 ms 48.9%
  triton_convolution_2332 1.4136 ms 48.8%
  triton_convolution_2337 1.5247 ms 45.3%
  triton_convolution_2331 1.7920 ms 38.5%
  triton_convolution_2336 1.8135 ms 38.1%
  triton_convolution_2333 8.6559 ms 8.0%
SingleProcess AUTOTUNE benchmarking takes 1.1221 seconds and 0.0012 seconds precompiling
AUTOTUNE convolution(1536x384x5x5, 384x384x3x3)
  convolution 0.4065 ms 100.0%
  triton_convolution_2342 0.7148 ms 56.9%
  triton_convolution_2339 0.9687 ms 42.0%
  triton_convolution_2341 0.9923 ms 41.0%
  triton_convolution_2344 1.0179 ms 39.9%
  triton_convolution_2338 1.0598 ms 38.4%
  triton_convolution_2343 1.1960 ms 34.0%
  triton_convolution_2340 6.0534 ms 6.7%
SingleProcess AUTOTUNE benchmarking takes 1.0855 seconds and 0.0009 seconds precompiling
AUTOTUNE convolution(1536x384x5x5, 576x384x3x3)
  convolution 0.6072 ms 100.0%
  triton_convolution_2356 1.0721 ms 56.6%
  triton_convolution_2353 1.3640 ms 44.5%
  triton_convolution_2358 1.4756 ms 41.2%
  triton_convolution_2355 1.5181 ms 40.0%
  triton_convolution_2352 1.6097 ms 37.7%
  triton_convolution_2357 1.7275 ms 35.2%
  triton_convolution_2354 9.0711 ms 6.7%
SingleProcess AUTOTUNE benchmarking takes 1.1167 seconds and 0.0011 seconds precompiling
AUTOTUNE convolution(1536x576x2x2, 576x576x3x3)
  convolution 0.1372 ms 100.0%
  triton_convolution_2363 0.2724 ms 50.4%
  triton_convolution_2360 0.2877 ms 47.7%
  triton_convolution_2365 0.3430 ms 40.0%
  triton_convolution_2364 0.4690 ms 29.3%
  triton_convolution_2362 0.4710 ms 29.1%
  triton_convolution_2359 0.4987 ms 27.5%
  triton_convolution_2361 1.6896 ms 8.1%
SingleProcess AUTOTUNE benchmarking takes 0.9953 seconds and 0.0009 seconds precompiling
W1003 18:16:36.638000 128272545109824 torch/fx/experimental/symbolic_shapes.py:4449] [0/2] ps2 is not in var_ranges, defaulting to unknown range.
W1003 18:16:36.639000 128272545109824 torch/fx/experimental/symbolic_shapes.py:4449] [0/2] ps0 is not in var_ranges, defaulting to unknown range.
W1003 18:16:37.177000 128272545109824 torch/fx/experimental/symbolic_shapes.py:4449] [0/2] ps4 is not in var_ranges, defaulting to unknown range.
W1003 18:16:37.177000 128272545109824 torch/fx/experimental/symbolic_shapes.py:4449] [0/2] ps6 is not in var_ranges, defaulting to unknown range.
W1003 18:16:37.706000 128272545109824 torch/fx/experimental/symbolic_shapes.py:4449] [0/2] ps10 is not in var_ranges, defaulting to unknown range.
W1003 18:16:37.706000 128272545109824 torch/fx/experimental/symbolic_shapes.py:4449] [0/2] ps8 is not in var_ranges, defaulting to unknown range.
W1003 18:16:38.299000 128272545109824 torch/fx/experimental/symbolic_shapes.py:4449] [0/2] ps12 is not in var_ranges, defaulting to unknown range.
W1003 18:16:38.301000 128272545109824 torch/fx/experimental/symbolic_shapes.py:4449] [0/2] ps14 is not in var_ranges, defaulting to unknown range.
W1003 18:16:38.302000 128272545109824 torch/fx/experimental/symbolic_shapes.py:4449] [0/2] ps12 is not in var_ranges, defaulting to unknown range.
W1003 18:16:38.305000 128272545109824 torch/fx/experimental/symbolic_shapes.py:4449] [0/2] ps12 is not in var_ranges, defaulting to unknown range.
W1003 18:16:38.308000 128272545109824 torch/fx/experimental/symbolic_shapes.py:4449] [0/2] ps14 is not in var_ranges, defaulting to unknown range.
W1003 18:16:38.308000 128272545109824 torch/fx/experimental/symbolic_shapes.py:4449] [0/2] ps12 is not in var_ranges, defaulting to unknown range.
W1003 18:17:00.698000 128272545109824 torch/fx/experimental/symbolic_shapes.py:4449] [0/2] ps0 is not in var_ranges, defaulting to unknown range.
W1003 18:17:00.719000 128272545109824 torch/fx/experimental/symbolic_shapes.py:4449] [0/2] ps0 is not in var_ranges, defaulting to unknown range.
W1003 18:17:00.719000 128272545109824 torch/fx/experimental/symbolic_shapes.py:4449] [0/2] ps2 is not in var_ranges, defaulting to unknown range.
W1003 18:17:04.554000 128272545109824 torch/fx/experimental/symbolic_shapes.py:4449] [0/2] ps5 is not in var_ranges, defaulting to unknown range.
W1003 18:17:04.570000 128272545109824 torch/fx/experimental/symbolic_shapes.py:4449] [0/2] ps5 is not in var_ranges, defaulting to unknown range.
W1003 18:17:04.570000 128272545109824 torch/fx/experimental/symbolic_shapes.py:4449] [0/2] ps7 is not in var_ranges, defaulting to unknown range.
W1003 18:17:07.994000 128272545109824 torch/fx/experimental/symbolic_shapes.py:4449] [0/2] ps10 is not in var_ranges, defaulting to unknown range.
W1003 18:17:07.994000 128272545109824 torch/fx/experimental/symbolic_shapes.py:4449] [0/2] ps12 is not in var_ranges, defaulting to unknown range.
W1003 18:17:08.020000 128272545109824 torch/fx/experimental/symbolic_shapes.py:4449] [0/2] ps10 is not in var_ranges, defaulting to unknown range.
W1003 18:17:39.258000 128272545109824 torch/fx/experimental/symbolic_shapes.py:4449] [0/3] ps2 is not in var_ranges, defaulting to unknown range.
W1003 18:17:39.259000 128272545109824 torch/fx/experimental/symbolic_shapes.py:4449] [0/3] ps0 is not in var_ranges, defaulting to unknown range.
W1003 18:17:39.775000 128272545109824 torch/fx/experimental/symbolic_shapes.py:4449] [0/3] ps4 is not in var_ranges, defaulting to unknown range.
W1003 18:17:39.775000 128272545109824 torch/fx/experimental/symbolic_shapes.py:4449] [0/3] ps6 is not in var_ranges, defaulting to unknown range.
W1003 18:17:40.280000 128272545109824 torch/fx/experimental/symbolic_shapes.py:4449] [0/3] ps10 is not in var_ranges, defaulting to unknown range.
W1003 18:17:40.280000 128272545109824 torch/fx/experimental/symbolic_shapes.py:4449] [0/3] ps8 is not in var_ranges, defaulting to unknown range.
W1003 18:17:40.829000 128272545109824 torch/fx/experimental/symbolic_shapes.py:4449] [0/3] ps12 is not in var_ranges, defaulting to unknown range.
W1003 18:17:40.831000 128272545109824 torch/fx/experimental/symbolic_shapes.py:4449] [0/3] ps14 is not in var_ranges, defaulting to unknown range.
W1003 18:17:40.831000 128272545109824 torch/fx/experimental/symbolic_shapes.py:4449] [0/3] ps12 is not in var_ranges, defaulting to unknown range.
W1003 18:17:40.834000 128272545109824 torch/fx/experimental/symbolic_shapes.py:4449] [0/3] ps12 is not in var_ranges, defaulting to unknown range.
W1003 18:17:40.836000 128272545109824 torch/fx/experimental/symbolic_shapes.py:4449] [0/3] ps14 is not in var_ranges, defaulting to unknown range.
W1003 18:17:40.837000 128272545109824 torch/fx/experimental/symbolic_shapes.py:4449] [0/3] ps12 is not in var_ranges, defaulting to unknown range.
W1003 18:17:56.732000 128272545109824 torch/fx/experimental/symbolic_shapes.py:4449] [0/3] ps0 is not in var_ranges, defaulting to unknown range.
W1003 18:17:56.752000 128272545109824 torch/fx/experimental/symbolic_shapes.py:4449] [0/3] ps0 is not in var_ranges, defaulting to unknown range.
W1003 18:17:56.752000 128272545109824 torch/fx/experimental/symbolic_shapes.py:4449] [0/3] ps2 is not in var_ranges, defaulting to unknown range.
W1003 18:18:00.209000 128272545109824 torch/fx/experimental/symbolic_shapes.py:4449] [0/3] ps5 is not in var_ranges, defaulting to unknown range.
W1003 18:18:00.225000 128272545109824 torch/fx/experimental/symbolic_shapes.py:4449] [0/3] ps5 is not in var_ranges, defaulting to unknown range.
W1003 18:18:00.225000 128272545109824 torch/fx/experimental/symbolic_shapes.py:4449] [0/3] ps7 is not in var_ranges, defaulting to unknown range.
AUTOTUNE convolution(1536x3x32x32, 24x3x2x2)
  convolution 0.0952 ms 100.0%
  triton_convolution_2556 0.2785 ms 34.2%
  triton_convolution_2560 0.2888 ms 33.0%
  triton_convolution_2559 0.2939 ms 32.4%
  triton_convolution_2558 0.3287 ms 29.0%
  triton_convolution_2561 0.4260 ms 22.4%
  triton_convolution_2557 0.6533 ms 14.6%
SingleProcess AUTOTUNE benchmarking takes 0.8761 seconds and 0.0000 seconds precompiling
AUTOTUNE convolution(1536x24x31x31, 128x24x3x3)
  convolution 0.7393 ms 100.0%
  triton_convolution_2563 1.2483 ms 59.2%
  triton_convolution_2565 1.3455 ms 54.9%
  triton_convolution_2568 1.4008 ms 52.8%
  triton_convolution_2567 2.0756 ms 35.6%
  triton_convolution_2566 2.3020 ms 32.1%
  triton_convolution_2562 2.3583 ms 31.4%
  triton_convolution_2564 3.7898 ms 19.5%
SingleProcess AUTOTUNE benchmarking takes 1.1334 seconds and 0.0000 seconds precompiling
AUTOTUNE convolution(1536x128x15x15, 128x128x3x3)
  convolution 0.4270 ms 100.0%
  triton_convolution_2573 0.7854 ms 54.4%
  triton_convolution_2574 0.8141 ms 52.5%
  triton_convolution_2572 0.8714 ms 49.0%
  triton_convolution_2570 0.8878 ms 48.1%
  triton_convolution_2575 0.9544 ms 44.7%
  triton_convolution_2569 1.0173 ms 42.0%
  triton_convolution_2571 5.2480 ms 8.1%
SingleProcess AUTOTUNE benchmarking takes 1.0652 seconds and 0.0000 seconds precompiling
AUTOTUNE convolution(1536x128x15x15, 384x128x3x3)
  convolution 1.2820 ms 100.0%
  triton_convolution_2587 2.4090 ms 53.2%
  triton_convolution_2586 2.5559 ms 50.2%
  triton_convolution_2584 2.5907 ms 49.5%
  triton_convolution_2589 2.8006 ms 45.8%
  triton_convolution_2583 3.2553 ms 39.4%
  triton_convolution_2588 3.3178 ms 38.6%
  triton_convolution_2585 16.0067 ms 8.0%
SingleProcess AUTOTUNE benchmarking takes 1.2205 seconds and 0.0000 seconds precompiling
AUTOTUNE convolution(1536x384x7x7, 384x384x3x3)
  convolution 0.7813 ms 100.0%
  triton_convolution_2594 1.4418 ms 54.2%
  triton_convolution_2593 1.8115 ms 43.1%
  triton_convolution_2590 1.9374 ms 40.3%
  triton_convolution_2596 1.9917 ms 39.2%
  triton_convolution_2595 2.1924 ms 35.6%
  triton_convolution_2591 2.2026 ms 35.5%
  triton_convolution_2592 13.6356 ms 5.7%
SingleProcess AUTOTUNE benchmarking takes 1.1684 seconds and 0.0000 seconds precompiling
AUTOTUNE convolution(1536x384x7x7, 576x384x3x3)
  convolution 1.1981 ms 100.0%
  triton_convolution_2608 2.1535 ms 55.6%
  triton_convolution_2607 2.8959 ms 41.4%
  triton_convolution_2610 2.9302 ms 40.9%
  triton_convolution_2604 3.0198 ms 39.7%
  triton_convolution_2605 3.2543 ms 36.8%
  triton_convolution_2609 3.2676 ms 36.7%
  triton_convolution_2606 20.3197 ms 5.9%
SingleProcess AUTOTUNE benchmarking takes 1.2517 seconds and 0.0004 seconds precompiling
AUTOTUNE convolution(1536x576x3x3, 576x576x3x3)
  convolution 0.3348 ms 100.0%
  triton_convolution_2615 0.5509 ms 60.8%
  triton_convolution_2612 0.8212 ms 40.8%
  triton_convolution_2617 0.8509 ms 39.4%
  triton_convolution_2611 0.8704 ms 38.5%
  triton_convolution_2614 0.9114 ms 36.7%
  triton_convolution_2616 0.9585 ms 34.9%
  triton_convolution_2613 3.8789 ms 8.6%
SingleProcess AUTOTUNE benchmarking takes 1.0583 seconds and 0.0003 seconds precompiling
W1003 18:18:23.713000 128272545109824 torch/fx/experimental/symbolic_shapes.py:4449] [0/4] ps2 is not in var_ranges, defaulting to unknown range.
W1003 18:18:23.713000 128272545109824 torch/fx/experimental/symbolic_shapes.py:4449] [0/4] ps0 is not in var_ranges, defaulting to unknown range.
W1003 18:18:24.290000 128272545109824 torch/fx/experimental/symbolic_shapes.py:4449] [0/4] ps4 is not in var_ranges, defaulting to unknown range.
W1003 18:18:24.290000 128272545109824 torch/fx/experimental/symbolic_shapes.py:4449] [0/4] ps6 is not in var_ranges, defaulting to unknown range.
W1003 18:18:24.838000 128272545109824 torch/fx/experimental/symbolic_shapes.py:4449] [0/4] ps10 is not in var_ranges, defaulting to unknown range.
W1003 18:18:24.838000 128272545109824 torch/fx/experimental/symbolic_shapes.py:4449] [0/4] ps8 is not in var_ranges, defaulting to unknown range.
W1003 18:18:48.097000 128272545109824 torch/fx/experimental/symbolic_shapes.py:4449] [0/4] ps0 is not in var_ranges, defaulting to unknown range.
W1003 18:18:48.117000 128272545109824 torch/fx/experimental/symbolic_shapes.py:4449] [0/4] ps0 is not in var_ranges, defaulting to unknown range.
W1003 18:18:48.117000 128272545109824 torch/fx/experimental/symbolic_shapes.py:4449] [0/4] ps2 is not in var_ranges, defaulting to unknown range.
W1003 18:18:51.951000 128272545109824 torch/fx/experimental/symbolic_shapes.py:4449] [0/4] ps5 is not in var_ranges, defaulting to unknown range.
W1003 18:18:51.966000 128272545109824 torch/fx/experimental/symbolic_shapes.py:4449] [0/4] ps5 is not in var_ranges, defaulting to unknown range.
W1003 18:18:51.966000 128272545109824 torch/fx/experimental/symbolic_shapes.py:4449] [0/4] ps7 is not in var_ranges, defaulting to unknown range.
W1003 18:18:54.809000 128272545109824 torch/fx/experimental/symbolic_shapes.py:4449] [0/4] ps10 is not in var_ranges, defaulting to unknown range.
W1003 18:18:54.809000 128272545109824 torch/fx/experimental/symbolic_shapes.py:4449] [0/4] ps12 is not in var_ranges, defaulting to unknown range.
W1003 18:18:54.836000 128272545109824 torch/fx/experimental/symbolic_shapes.py:4449] [0/4] ps10 is not in var_ranges, defaulting to unknown range.
W1003 18:19:28.935000 128272545109824 torch/fx/experimental/symbolic_shapes.py:4449] [0/5] ps2 is not in var_ranges, defaulting to unknown range.
W1003 18:19:28.935000 128272545109824 torch/fx/experimental/symbolic_shapes.py:4449] [0/5] ps0 is not in var_ranges, defaulting to unknown range.
W1003 18:19:29.493000 128272545109824 torch/fx/experimental/symbolic_shapes.py:4449] [0/5] ps4 is not in var_ranges, defaulting to unknown range.
W1003 18:19:29.493000 128272545109824 torch/fx/experimental/symbolic_shapes.py:4449] [0/5] ps6 is not in var_ranges, defaulting to unknown range.
W1003 18:19:30.018000 128272545109824 torch/fx/experimental/symbolic_shapes.py:4449] [0/5] ps10 is not in var_ranges, defaulting to unknown range.
W1003 18:19:30.019000 128272545109824 torch/fx/experimental/symbolic_shapes.py:4449] [0/5] ps8 is not in var_ranges, defaulting to unknown range.
W1003 18:19:46.659000 128272545109824 torch/fx/experimental/symbolic_shapes.py:4449] [0/5] ps0 is not in var_ranges, defaulting to unknown range.
W1003 18:19:46.679000 128272545109824 torch/fx/experimental/symbolic_shapes.py:4449] [0/5] ps0 is not in var_ranges, defaulting to unknown range.
W1003 18:19:46.680000 128272545109824 torch/fx/experimental/symbolic_shapes.py:4449] [0/5] ps2 is not in var_ranges, defaulting to unknown range.
W1003 18:19:50.185000 128272545109824 torch/fx/experimental/symbolic_shapes.py:4449] [0/5] ps5 is not in var_ranges, defaulting to unknown range.
W1003 18:19:50.200000 128272545109824 torch/fx/experimental/symbolic_shapes.py:4449] [0/5] ps5 is not in var_ranges, defaulting to unknown range.
W1003 18:19:50.200000 128272545109824 torch/fx/experimental/symbolic_shapes.py:4449] [0/5] ps7 is not in var_ranges, defaulting to unknown range.
trial 1/3: accuracy=75.74% training=5.263s inference=0.111s
trial 2/3: accuracy=75.22% training=5.184s inference=0.090s
trial 3/3: accuracy=75.29% training=5.200s inference=0.091s
{
  "requested_trials": 3,
  "number_of_trials": 3,
  "successful_trials": 3,
  "failed_trials": 0,
  "complete": true,
  "accuracy_target": 0.75,
  "run_error": null,
  "mean_accuracy": 0.7541666666666667,
  "accuracy_std": 0.0028219378684395647,
  "mean_training_time": 5.215509457334217,
  "training_time_std": 0.04166059562493644,
  "mean_evaluation_time": 0.09730019599858981,
  "evaluation_time_std": 0.01212816390400544,
  "qualified": true,
  "official": false,
  "dataset": "CIFAR-100",
  "run_id": "20261003T181415Z-1c7cfba8"
}
Results: /home/jovyan/work/arena3/hypothesis/results/arena/20261003T181415Z-1c7cfba8
