W1003 18:21:20.950000 123492926482240 torch/fx/experimental/symbolic_shapes.py:4449] [1/0] idx_n is not in var_ranges, defaulting to unknown range.
W1003 18:21:32.839000 123492926482240 torch/fx/experimental/symbolic_shapes.py:4449] [1/1] idx_n is not in var_ranges, defaulting to unknown range.
W1003 18:21:56.349000 123492926482240 torch/fx/experimental/symbolic_shapes.py:4449] [0/2] ps2 is not in var_ranges, defaulting to unknown range.
W1003 18:21:56.350000 123492926482240 torch/fx/experimental/symbolic_shapes.py:4449] [0/2] ps0 is not in var_ranges, defaulting to unknown range.
W1003 18:21:56.889000 123492926482240 torch/fx/experimental/symbolic_shapes.py:4449] [0/2] ps6 is not in var_ranges, defaulting to unknown range.
W1003 18:21:56.889000 123492926482240 torch/fx/experimental/symbolic_shapes.py:4449] [0/2] ps4 is not in var_ranges, defaulting to unknown range.
W1003 18:21:57.419000 123492926482240 torch/fx/experimental/symbolic_shapes.py:4449] [0/2] ps10 is not in var_ranges, defaulting to unknown range.
W1003 18:21:57.419000 123492926482240 torch/fx/experimental/symbolic_shapes.py:4449] [0/2] ps8 is not in var_ranges, defaulting to unknown range.
W1003 18:21:58.044000 123492926482240 torch/fx/experimental/symbolic_shapes.py:4449] [0/2] ps12 is not in var_ranges, defaulting to unknown range.
W1003 18:21:58.046000 123492926482240 torch/fx/experimental/symbolic_shapes.py:4449] [0/2] ps14 is not in var_ranges, defaulting to unknown range.
W1003 18:21:58.046000 123492926482240 torch/fx/experimental/symbolic_shapes.py:4449] [0/2] ps12 is not in var_ranges, defaulting to unknown range.
W1003 18:21:58.049000 123492926482240 torch/fx/experimental/symbolic_shapes.py:4449] [0/2] ps12 is not in var_ranges, defaulting to unknown range.
W1003 18:21:58.052000 123492926482240 torch/fx/experimental/symbolic_shapes.py:4449] [0/2] ps14 is not in var_ranges, defaulting to unknown range.
W1003 18:21:58.052000 123492926482240 torch/fx/experimental/symbolic_shapes.py:4449] [0/2] ps12 is not in var_ranges, defaulting to unknown range.
W1003 18:22:17.245000 123492926482240 torch/fx/experimental/symbolic_shapes.py:4449] [0/2] ps0 is not in var_ranges, defaulting to unknown range.
W1003 18:22:17.258000 123492926482240 torch/fx/experimental/symbolic_shapes.py:4449] [0/2] ps2 is not in var_ranges, defaulting to unknown range.
W1003 18:22:17.258000 123492926482240 torch/fx/experimental/symbolic_shapes.py:4449] [0/2] ps0 is not in var_ranges, defaulting to unknown range.
W1003 18:22:21.092000 123492926482240 torch/fx/experimental/symbolic_shapes.py:4449] [0/2] ps5 is not in var_ranges, defaulting to unknown range.
W1003 18:22:21.109000 123492926482240 torch/fx/experimental/symbolic_shapes.py:4449] [0/2] ps7 is not in var_ranges, defaulting to unknown range.
W1003 18:22:21.109000 123492926482240 torch/fx/experimental/symbolic_shapes.py:4449] [0/2] ps5 is not in var_ranges, defaulting to unknown range.
W1003 18:22:23.998000 123492926482240 torch/fx/experimental/symbolic_shapes.py:4449] [0/2] ps12 is not in var_ranges, defaulting to unknown range.
W1003 18:22:23.998000 123492926482240 torch/fx/experimental/symbolic_shapes.py:4449] [0/2] ps10 is not in var_ranges, defaulting to unknown range.
W1003 18:22:24.026000 123492926482240 torch/fx/experimental/symbolic_shapes.py:4449] [0/2] ps10 is not in var_ranges, defaulting to unknown range.
W1003 18:22:39.187000 123492926482240 torch/fx/experimental/symbolic_shapes.py:4449] [0/3] ps2 is not in var_ranges, defaulting to unknown range.
W1003 18:22:39.188000 123492926482240 torch/fx/experimental/symbolic_shapes.py:4449] [0/3] ps0 is not in var_ranges, defaulting to unknown range.
W1003 18:22:39.722000 123492926482240 torch/fx/experimental/symbolic_shapes.py:4449] [0/3] ps6 is not in var_ranges, defaulting to unknown range.
W1003 18:22:39.722000 123492926482240 torch/fx/experimental/symbolic_shapes.py:4449] [0/3] ps4 is not in var_ranges, defaulting to unknown range.
W1003 18:22:40.235000 123492926482240 torch/fx/experimental/symbolic_shapes.py:4449] [0/3] ps10 is not in var_ranges, defaulting to unknown range.
W1003 18:22:40.235000 123492926482240 torch/fx/experimental/symbolic_shapes.py:4449] [0/3] ps8 is not in var_ranges, defaulting to unknown range.
W1003 18:22:40.831000 123492926482240 torch/fx/experimental/symbolic_shapes.py:4449] [0/3] ps12 is not in var_ranges, defaulting to unknown range.
W1003 18:22:40.833000 123492926482240 torch/fx/experimental/symbolic_shapes.py:4449] [0/3] ps14 is not in var_ranges, defaulting to unknown range.
W1003 18:22:40.833000 123492926482240 torch/fx/experimental/symbolic_shapes.py:4449] [0/3] ps12 is not in var_ranges, defaulting to unknown range.
W1003 18:22:40.836000 123492926482240 torch/fx/experimental/symbolic_shapes.py:4449] [0/3] ps12 is not in var_ranges, defaulting to unknown range.
W1003 18:22:40.838000 123492926482240 torch/fx/experimental/symbolic_shapes.py:4449] [0/3] ps14 is not in var_ranges, defaulting to unknown range.
W1003 18:22:40.838000 123492926482240 torch/fx/experimental/symbolic_shapes.py:4449] [0/3] ps12 is not in var_ranges, defaulting to unknown range.
W1003 18:22:56.659000 123492926482240 torch/fx/experimental/symbolic_shapes.py:4449] [0/3] ps0 is not in var_ranges, defaulting to unknown range.
W1003 18:22:56.673000 123492926482240 torch/fx/experimental/symbolic_shapes.py:4449] [0/3] ps2 is not in var_ranges, defaulting to unknown range.
W1003 18:22:56.673000 123492926482240 torch/fx/experimental/symbolic_shapes.py:4449] [0/3] ps0 is not in var_ranges, defaulting to unknown range.
W1003 18:23:00.117000 123492926482240 torch/fx/experimental/symbolic_shapes.py:4449] [0/3] ps5 is not in var_ranges, defaulting to unknown range.
W1003 18:23:00.132000 123492926482240 torch/fx/experimental/symbolic_shapes.py:4449] [0/3] ps7 is not in var_ranges, defaulting to unknown range.
W1003 18:23:00.132000 123492926482240 torch/fx/experimental/symbolic_shapes.py:4449] [0/3] ps5 is not in var_ranges, defaulting to unknown range.
W1003 18:23:15.477000 123492926482240 torch/fx/experimental/symbolic_shapes.py:4449] [0/4] ps2 is not in var_ranges, defaulting to unknown range.
W1003 18:23:15.477000 123492926482240 torch/fx/experimental/symbolic_shapes.py:4449] [0/4] ps0 is not in var_ranges, defaulting to unknown range.
W1003 18:23:16.052000 123492926482240 torch/fx/experimental/symbolic_shapes.py:4449] [0/4] ps6 is not in var_ranges, defaulting to unknown range.
W1003 18:23:16.052000 123492926482240 torch/fx/experimental/symbolic_shapes.py:4449] [0/4] ps4 is not in var_ranges, defaulting to unknown range.
W1003 18:23:16.602000 123492926482240 torch/fx/experimental/symbolic_shapes.py:4449] [0/4] ps10 is not in var_ranges, defaulting to unknown range.
W1003 18:23:16.602000 123492926482240 torch/fx/experimental/symbolic_shapes.py:4449] [0/4] ps8 is not in var_ranges, defaulting to unknown range.
W1003 18:23:37.254000 123492926482240 torch/fx/experimental/symbolic_shapes.py:4449] [0/4] ps0 is not in var_ranges, defaulting to unknown range.
W1003 18:23:37.268000 123492926482240 torch/fx/experimental/symbolic_shapes.py:4449] [0/4] ps2 is not in var_ranges, defaulting to unknown range.
W1003 18:23:37.268000 123492926482240 torch/fx/experimental/symbolic_shapes.py:4449] [0/4] ps0 is not in var_ranges, defaulting to unknown range.
W1003 18:23:41.097000 123492926482240 torch/fx/experimental/symbolic_shapes.py:4449] [0/4] ps5 is not in var_ranges, defaulting to unknown range.
W1003 18:23:41.113000 123492926482240 torch/fx/experimental/symbolic_shapes.py:4449] [0/4] ps7 is not in var_ranges, defaulting to unknown range.
W1003 18:23:41.113000 123492926482240 torch/fx/experimental/symbolic_shapes.py:4449] [0/4] ps5 is not in var_ranges, defaulting to unknown range.
W1003 18:23:43.966000 123492926482240 torch/fx/experimental/symbolic_shapes.py:4449] [0/4] ps12 is not in var_ranges, defaulting to unknown range.
W1003 18:23:43.966000 123492926482240 torch/fx/experimental/symbolic_shapes.py:4449] [0/4] ps10 is not in var_ranges, defaulting to unknown range.
W1003 18:23:43.994000 123492926482240 torch/fx/experimental/symbolic_shapes.py:4449] [0/4] ps10 is not in var_ranges, defaulting to unknown range.
W1003 18:23:58.492000 123492926482240 torch/fx/experimental/symbolic_shapes.py:4449] [0/5] ps2 is not in var_ranges, defaulting to unknown range.
W1003 18:23:58.492000 123492926482240 torch/fx/experimental/symbolic_shapes.py:4449] [0/5] ps0 is not in var_ranges, defaulting to unknown range.
W1003 18:23:59.053000 123492926482240 torch/fx/experimental/symbolic_shapes.py:4449] [0/5] ps6 is not in var_ranges, defaulting to unknown range.
W1003 18:23:59.053000 123492926482240 torch/fx/experimental/symbolic_shapes.py:4449] [0/5] ps4 is not in var_ranges, defaulting to unknown range.
W1003 18:23:59.586000 123492926482240 torch/fx/experimental/symbolic_shapes.py:4449] [0/5] ps10 is not in var_ranges, defaulting to unknown range.
W1003 18:23:59.586000 123492926482240 torch/fx/experimental/symbolic_shapes.py:4449] [0/5] ps8 is not in var_ranges, defaulting to unknown range.
W1003 18:24:16.349000 123492926482240 torch/fx/experimental/symbolic_shapes.py:4449] [0/5] ps0 is not in var_ranges, defaulting to unknown range.
W1003 18:24:16.362000 123492926482240 torch/fx/experimental/symbolic_shapes.py:4449] [0/5] ps2 is not in var_ranges, defaulting to unknown range.
W1003 18:24:16.363000 123492926482240 torch/fx/experimental/symbolic_shapes.py:4449] [0/5] ps0 is not in var_ranges, defaulting to unknown range.
W1003 18:24:19.845000 123492926482240 torch/fx/experimental/symbolic_shapes.py:4449] [0/5] ps5 is not in var_ranges, defaulting to unknown range.
W1003 18:24:19.861000 123492926482240 torch/fx/experimental/symbolic_shapes.py:4449] [0/5] ps7 is not in var_ranges, defaulting to unknown range.
W1003 18:24:19.861000 123492926482240 torch/fx/experimental/symbolic_shapes.py:4449] [0/5] ps5 is not in var_ranges, defaulting to unknown range.
trial 1/3: accuracy=75.58% training=5.251s inference=0.100s
trial 2/3: accuracy=75.49% training=5.189s inference=0.090s
trial 3/3: accuracy=75.19% training=5.199s inference=0.090s
{
  "requested_trials": 3,
  "number_of_trials": 3,
  "successful_trials": 3,
  "failed_trials": 0,
  "complete": true,
  "accuracy_target": 0.75,
  "run_error": null,
  "mean_accuracy": 0.7542,
  "accuracy_std": 0.00204205778566622,
  "mean_training_time": 5.212863494999813,
  "training_time_std": 0.03304058724977686,
  "mean_evaluation_time": 0.09335104033137516,
  "evaluation_time_std": 0.005811874458066253,
  "qualified": true,
  "official": false,
  "dataset": "CIFAR-100",
  "run_id": "20261003T182052Z-64779a1e"
}
Results: /home/jovyan/work/arena3/hypothesis/results/arena/20261003T182052Z-64779a1e
