W1003 18:29:28.493000 133590870947648 torch/fx/experimental/symbolic_shapes.py:4449] [1/0] idx_n is not in var_ranges, defaulting to unknown range.
W1003 18:29:40.450000 133590870947648 torch/fx/experimental/symbolic_shapes.py:4449] [1/1] idx_n is not in var_ranges, defaulting to unknown range.
W1003 18:30:03.504000 133590870947648 torch/fx/experimental/symbolic_shapes.py:4449] [0/2] ps0 is not in var_ranges, defaulting to unknown range.
W1003 18:30:03.504000 133590870947648 torch/fx/experimental/symbolic_shapes.py:4449] [0/2] ps2 is not in var_ranges, defaulting to unknown range.
W1003 18:30:04.016000 133590870947648 torch/fx/experimental/symbolic_shapes.py:4449] [0/2] ps6 is not in var_ranges, defaulting to unknown range.
W1003 18:30:04.016000 133590870947648 torch/fx/experimental/symbolic_shapes.py:4449] [0/2] ps4 is not in var_ranges, defaulting to unknown range.
W1003 18:30:04.406000 133590870947648 torch/fx/experimental/symbolic_shapes.py:4449] [0/2] ps8 is not in var_ranges, defaulting to unknown range.
W1003 18:30:04.407000 133590870947648 torch/fx/experimental/symbolic_shapes.py:4449] [0/2] ps10 is not in var_ranges, defaulting to unknown range.
W1003 18:30:04.988000 133590870947648 torch/fx/experimental/symbolic_shapes.py:4449] [0/2] ps12 is not in var_ranges, defaulting to unknown range.
W1003 18:30:04.991000 133590870947648 torch/fx/experimental/symbolic_shapes.py:4449] [0/2] ps12 is not in var_ranges, defaulting to unknown range.
W1003 18:30:04.991000 133590870947648 torch/fx/experimental/symbolic_shapes.py:4449] [0/2] ps14 is not in var_ranges, defaulting to unknown range.
W1003 18:30:04.994000 133590870947648 torch/fx/experimental/symbolic_shapes.py:4449] [0/2] ps12 is not in var_ranges, defaulting to unknown range.
W1003 18:30:04.996000 133590870947648 torch/fx/experimental/symbolic_shapes.py:4449] [0/2] ps12 is not in var_ranges, defaulting to unknown range.
W1003 18:30:04.997000 133590870947648 torch/fx/experimental/symbolic_shapes.py:4449] [0/2] ps14 is not in var_ranges, defaulting to unknown range.
W1003 18:30:24.029000 133590870947648 torch/fx/experimental/symbolic_shapes.py:4449] [0/2] ps0 is not in var_ranges, defaulting to unknown range.
W1003 18:30:24.049000 133590870947648 torch/fx/experimental/symbolic_shapes.py:4449] [0/2] ps2 is not in var_ranges, defaulting to unknown range.
W1003 18:30:24.049000 133590870947648 torch/fx/experimental/symbolic_shapes.py:4449] [0/2] ps0 is not in var_ranges, defaulting to unknown range.
W1003 18:30:27.841000 133590870947648 torch/fx/experimental/symbolic_shapes.py:4449] [0/2] ps5 is not in var_ranges, defaulting to unknown range.
W1003 18:30:27.855000 133590870947648 torch/fx/experimental/symbolic_shapes.py:4449] [0/2] ps5 is not in var_ranges, defaulting to unknown range.
W1003 18:30:27.855000 133590870947648 torch/fx/experimental/symbolic_shapes.py:4449] [0/2] ps7 is not in var_ranges, defaulting to unknown range.
W1003 18:30:30.692000 133590870947648 torch/fx/experimental/symbolic_shapes.py:4449] [0/2] ps12 is not in var_ranges, defaulting to unknown range.
W1003 18:30:30.693000 133590870947648 torch/fx/experimental/symbolic_shapes.py:4449] [0/2] ps10 is not in var_ranges, defaulting to unknown range.
W1003 18:30:30.719000 133590870947648 torch/fx/experimental/symbolic_shapes.py:4449] [0/2] ps10 is not in var_ranges, defaulting to unknown range.
W1003 18:30:45.708000 133590870947648 torch/fx/experimental/symbolic_shapes.py:4449] [0/3] ps0 is not in var_ranges, defaulting to unknown range.
W1003 18:30:45.708000 133590870947648 torch/fx/experimental/symbolic_shapes.py:4449] [0/3] ps2 is not in var_ranges, defaulting to unknown range.
W1003 18:30:46.190000 133590870947648 torch/fx/experimental/symbolic_shapes.py:4449] [0/3] ps6 is not in var_ranges, defaulting to unknown range.
W1003 18:30:46.190000 133590870947648 torch/fx/experimental/symbolic_shapes.py:4449] [0/3] ps4 is not in var_ranges, defaulting to unknown range.
W1003 18:30:46.557000 133590870947648 torch/fx/experimental/symbolic_shapes.py:4449] [0/3] ps8 is not in var_ranges, defaulting to unknown range.
W1003 18:30:46.558000 133590870947648 torch/fx/experimental/symbolic_shapes.py:4449] [0/3] ps10 is not in var_ranges, defaulting to unknown range.
W1003 18:30:47.115000 133590870947648 torch/fx/experimental/symbolic_shapes.py:4449] [0/3] ps12 is not in var_ranges, defaulting to unknown range.
W1003 18:30:47.117000 133590870947648 torch/fx/experimental/symbolic_shapes.py:4449] [0/3] ps12 is not in var_ranges, defaulting to unknown range.
W1003 18:30:47.117000 133590870947648 torch/fx/experimental/symbolic_shapes.py:4449] [0/3] ps14 is not in var_ranges, defaulting to unknown range.
W1003 18:30:47.120000 133590870947648 torch/fx/experimental/symbolic_shapes.py:4449] [0/3] ps12 is not in var_ranges, defaulting to unknown range.
W1003 18:30:47.122000 133590870947648 torch/fx/experimental/symbolic_shapes.py:4449] [0/3] ps12 is not in var_ranges, defaulting to unknown range.
W1003 18:30:47.122000 133590870947648 torch/fx/experimental/symbolic_shapes.py:4449] [0/3] ps14 is not in var_ranges, defaulting to unknown range.
W1003 18:31:02.792000 133590870947648 torch/fx/experimental/symbolic_shapes.py:4449] [0/3] ps0 is not in var_ranges, defaulting to unknown range.
W1003 18:31:02.813000 133590870947648 torch/fx/experimental/symbolic_shapes.py:4449] [0/3] ps2 is not in var_ranges, defaulting to unknown range.
W1003 18:31:02.813000 133590870947648 torch/fx/experimental/symbolic_shapes.py:4449] [0/3] ps0 is not in var_ranges, defaulting to unknown range.
W1003 18:31:06.233000 133590870947648 torch/fx/experimental/symbolic_shapes.py:4449] [0/3] ps5 is not in var_ranges, defaulting to unknown range.
W1003 18:31:06.249000 133590870947648 torch/fx/experimental/symbolic_shapes.py:4449] [0/3] ps5 is not in var_ranges, defaulting to unknown range.
W1003 18:31:06.249000 133590870947648 torch/fx/experimental/symbolic_shapes.py:4449] [0/3] ps7 is not in var_ranges, defaulting to unknown range.
W1003 18:31:21.624000 133590870947648 torch/fx/experimental/symbolic_shapes.py:4449] [0/4] ps0 is not in var_ranges, defaulting to unknown range.
W1003 18:31:21.624000 133590870947648 torch/fx/experimental/symbolic_shapes.py:4449] [0/4] ps2 is not in var_ranges, defaulting to unknown range.
W1003 18:31:22.174000 133590870947648 torch/fx/experimental/symbolic_shapes.py:4449] [0/4] ps6 is not in var_ranges, defaulting to unknown range.
W1003 18:31:22.174000 133590870947648 torch/fx/experimental/symbolic_shapes.py:4449] [0/4] ps4 is not in var_ranges, defaulting to unknown range.
W1003 18:31:22.626000 133590870947648 torch/fx/experimental/symbolic_shapes.py:4449] [0/4] ps8 is not in var_ranges, defaulting to unknown range.
W1003 18:31:22.626000 133590870947648 torch/fx/experimental/symbolic_shapes.py:4449] [0/4] ps10 is not in var_ranges, defaulting to unknown range.
W1003 18:31:42.837000 133590870947648 torch/fx/experimental/symbolic_shapes.py:4449] [0/4] ps0 is not in var_ranges, defaulting to unknown range.
W1003 18:31:42.857000 133590870947648 torch/fx/experimental/symbolic_shapes.py:4449] [0/4] ps2 is not in var_ranges, defaulting to unknown range.
W1003 18:31:42.858000 133590870947648 torch/fx/experimental/symbolic_shapes.py:4449] [0/4] ps0 is not in var_ranges, defaulting to unknown range.
W1003 18:31:46.671000 133590870947648 torch/fx/experimental/symbolic_shapes.py:4449] [0/4] ps5 is not in var_ranges, defaulting to unknown range.
W1003 18:31:46.688000 133590870947648 torch/fx/experimental/symbolic_shapes.py:4449] [0/4] ps5 is not in var_ranges, defaulting to unknown range.
W1003 18:31:46.688000 133590870947648 torch/fx/experimental/symbolic_shapes.py:4449] [0/4] ps7 is not in var_ranges, defaulting to unknown range.
W1003 18:31:49.250000 133590870947648 torch/fx/experimental/symbolic_shapes.py:4449] [0/4] ps12 is not in var_ranges, defaulting to unknown range.
W1003 18:31:49.250000 133590870947648 torch/fx/experimental/symbolic_shapes.py:4449] [0/4] ps10 is not in var_ranges, defaulting to unknown range.
W1003 18:31:49.274000 133590870947648 torch/fx/experimental/symbolic_shapes.py:4449] [0/4] ps10 is not in var_ranges, defaulting to unknown range.
W1003 18:32:03.370000 133590870947648 torch/fx/experimental/symbolic_shapes.py:4449] [0/5] ps0 is not in var_ranges, defaulting to unknown range.
W1003 18:32:03.371000 133590870947648 torch/fx/experimental/symbolic_shapes.py:4449] [0/5] ps2 is not in var_ranges, defaulting to unknown range.
W1003 18:32:03.900000 133590870947648 torch/fx/experimental/symbolic_shapes.py:4449] [0/5] ps6 is not in var_ranges, defaulting to unknown range.
W1003 18:32:03.900000 133590870947648 torch/fx/experimental/symbolic_shapes.py:4449] [0/5] ps4 is not in var_ranges, defaulting to unknown range.
W1003 18:32:04.331000 133590870947648 torch/fx/experimental/symbolic_shapes.py:4449] [0/5] ps8 is not in var_ranges, defaulting to unknown range.
W1003 18:32:04.331000 133590870947648 torch/fx/experimental/symbolic_shapes.py:4449] [0/5] ps10 is not in var_ranges, defaulting to unknown range.
W1003 18:32:20.908000 133590870947648 torch/fx/experimental/symbolic_shapes.py:4449] [0/5] ps0 is not in var_ranges, defaulting to unknown range.
W1003 18:32:20.927000 133590870947648 torch/fx/experimental/symbolic_shapes.py:4449] [0/5] ps2 is not in var_ranges, defaulting to unknown range.
W1003 18:32:20.927000 133590870947648 torch/fx/experimental/symbolic_shapes.py:4449] [0/5] ps0 is not in var_ranges, defaulting to unknown range.
W1003 18:32:24.351000 133590870947648 torch/fx/experimental/symbolic_shapes.py:4449] [0/5] ps5 is not in var_ranges, defaulting to unknown range.
W1003 18:32:24.366000 133590870947648 torch/fx/experimental/symbolic_shapes.py:4449] [0/5] ps5 is not in var_ranges, defaulting to unknown range.
W1003 18:32:24.366000 133590870947648 torch/fx/experimental/symbolic_shapes.py:4449] [0/5] ps7 is not in var_ranges, defaulting to unknown range.
trial 1/3: accuracy=75.54% training=5.275s inference=0.101s
trial 2/3: accuracy=75.22% training=5.198s inference=0.090s
trial 3/3: accuracy=75.26% training=5.201s inference=0.090s
{
  "requested_trials": 3,
  "number_of_trials": 3,
  "successful_trials": 3,
  "failed_trials": 0,
  "complete": true,
  "accuracy_target": 0.75,
  "run_error": null,
  "mean_accuracy": 0.7534,
  "accuracy_std": 0.0017435595774162429,
  "mean_training_time": 5.224614841334794,
  "training_time_std": 0.04356973432424708,
  "mean_evaluation_time": 0.09342894966660727,
  "evaluation_time_std": 0.0062074826339123335,
  "qualified": true,
  "official": false,
  "dataset": "CIFAR-100",
  "run_id": "20261003T182859Z-f5daeee5"
}
Results: /home/jovyan/work/arena3/hypothesis/results/arena/20261003T182859Z-f5daeee5
