W1003 18:55:35.481000 128163462268736 torch/fx/experimental/symbolic_shapes.py:4449] [1/0] idx_n is not in var_ranges, defaulting to unknown range.
AUTOTUNE bmm(1x100x100, 1x100x576)
  triton_bmm_1192 0.0082 ms 100.0%
  triton_bmm_1197 0.0082 ms 100.0%
  triton_bmm_1193 0.0092 ms 88.9%
  triton_bmm_1194 0.0092 ms 88.9%
  triton_bmm_1198 0.0092 ms 88.9%
  triton_bmm_1199 0.0092 ms 88.9%
  triton_bmm_1200 0.0092 ms 88.9%
  triton_bmm_1201 0.0092 ms 88.9%
  triton_bmm_1202 0.0092 ms 88.9%
  triton_bmm_1203 0.0092 ms 88.9%
SingleProcess AUTOTUNE benchmarking takes 2.2052 seconds and 0.0143 seconds precompiling
AUTOTUNE bmm(1x100x576, 1x576x100)
  triton_bmm_1156 0.0102 ms 100.0%
  triton_bmm_1153 0.0113 ms 90.9%
  triton_bmm_1154 0.0113 ms 90.9%
  triton_bmm_1155 0.0113 ms 90.9%
  triton_bmm_1159 0.0123 ms 83.3%
  triton_bmm_1160 0.0123 ms 83.3%
  triton_bmm_1163 0.0123 ms 83.3%
  bmm 0.0133 ms 76.9%
  triton_bmm_1162 0.0143 ms 71.4%
  triton_bmm_1166 0.0143 ms 71.4%
SingleProcess AUTOTUNE benchmarking takes 2.2127 seconds and 0.0021 seconds precompiling
AUTOTUNE bmm(1x100x100, 1x100x100)
  triton_bmm_1172 0.0082 ms 100.0%
  triton_bmm_1173 0.0082 ms 100.0%
  triton_bmm_1174 0.0082 ms 100.0%
  triton_bmm_1175 0.0082 ms 100.0%
  bmm 0.0092 ms 88.9%
  triton_bmm_1178 0.0092 ms 88.9%
  triton_bmm_1179 0.0092 ms 88.9%
  triton_bmm_1180 0.0092 ms 88.9%
  triton_bmm_1181 0.0092 ms 88.9%
  triton_bmm_1182 0.0092 ms 88.9%
SingleProcess AUTOTUNE benchmarking takes 2.2446 seconds and 0.0029 seconds precompiling
AUTOTUNE bmm(1x100x576, 1x576x100)
  triton_bmm_1270 0.0102 ms 100.0%
  triton_bmm_1267 0.0113 ms 90.9%
  triton_bmm_1268 0.0113 ms 90.9%
  triton_bmm_1269 0.0113 ms 90.9%
  triton_bmm_1274 0.0113 ms 90.9%
  triton_bmm_1273 0.0123 ms 83.3%
  bmm 0.0133 ms 76.9%
  triton_bmm_1280 0.0133 ms 76.9%
  triton_bmm_1276 0.0143 ms 71.4%
  triton_bmm_1277 0.0143 ms 71.4%
SingleProcess AUTOTUNE benchmarking takes 2.2379 seconds and 0.0029 seconds precompiling
W1003 18:56:23.786000 128163462268736 torch/fx/experimental/symbolic_shapes.py:4449] [1/2] idx_n is not in var_ranges, defaulting to unknown range.
W1003 18:56:47.116000 128163462268736 torch/fx/experimental/symbolic_shapes.py:4449] [0/2] ps0 is not in var_ranges, defaulting to unknown range.
W1003 18:56:47.116000 128163462268736 torch/fx/experimental/symbolic_shapes.py:4449] [0/2] ps2 is not in var_ranges, defaulting to unknown range.
W1003 18:56:47.651000 128163462268736 torch/fx/experimental/symbolic_shapes.py:4449] [0/2] ps6 is not in var_ranges, defaulting to unknown range.
W1003 18:56:47.651000 128163462268736 torch/fx/experimental/symbolic_shapes.py:4449] [0/2] ps4 is not in var_ranges, defaulting to unknown range.
W1003 18:56:48.177000 128163462268736 torch/fx/experimental/symbolic_shapes.py:4449] [0/2] ps10 is not in var_ranges, defaulting to unknown range.
W1003 18:56:48.177000 128163462268736 torch/fx/experimental/symbolic_shapes.py:4449] [0/2] ps8 is not in var_ranges, defaulting to unknown range.
W1003 18:56:48.706000 128163462268736 torch/fx/experimental/symbolic_shapes.py:4449] [0/2] ps12 is not in var_ranges, defaulting to unknown range.
W1003 18:56:48.708000 128163462268736 torch/fx/experimental/symbolic_shapes.py:4449] [0/2] ps12 is not in var_ranges, defaulting to unknown range.
W1003 18:56:48.708000 128163462268736 torch/fx/experimental/symbolic_shapes.py:4449] [0/2] ps14 is not in var_ranges, defaulting to unknown range.
W1003 18:56:48.711000 128163462268736 torch/fx/experimental/symbolic_shapes.py:4449] [0/2] ps12 is not in var_ranges, defaulting to unknown range.
W1003 18:56:48.714000 128163462268736 torch/fx/experimental/symbolic_shapes.py:4449] [0/2] ps12 is not in var_ranges, defaulting to unknown range.
W1003 18:56:48.714000 128163462268736 torch/fx/experimental/symbolic_shapes.py:4449] [0/2] ps14 is not in var_ranges, defaulting to unknown range.
W1003 18:57:07.726000 128163462268736 torch/fx/experimental/symbolic_shapes.py:4449] [0/2] ps0 is not in var_ranges, defaulting to unknown range.
W1003 18:57:07.740000 128163462268736 torch/fx/experimental/symbolic_shapes.py:4449] [0/2] ps0 is not in var_ranges, defaulting to unknown range.
W1003 18:57:07.740000 128163462268736 torch/fx/experimental/symbolic_shapes.py:4449] [0/2] ps2 is not in var_ranges, defaulting to unknown range.
W1003 18:57:11.602000 128163462268736 torch/fx/experimental/symbolic_shapes.py:4449] [0/2] ps5 is not in var_ranges, defaulting to unknown range.
W1003 18:57:11.619000 128163462268736 torch/fx/experimental/symbolic_shapes.py:4449] [0/2] ps5 is not in var_ranges, defaulting to unknown range.
W1003 18:57:11.619000 128163462268736 torch/fx/experimental/symbolic_shapes.py:4449] [0/2] ps7 is not in var_ranges, defaulting to unknown range.
W1003 18:57:14.516000 128163462268736 torch/fx/experimental/symbolic_shapes.py:4449] [0/2] ps12 is not in var_ranges, defaulting to unknown range.
W1003 18:57:14.517000 128163462268736 torch/fx/experimental/symbolic_shapes.py:4449] [0/2] ps10 is not in var_ranges, defaulting to unknown range.
W1003 18:57:14.543000 128163462268736 torch/fx/experimental/symbolic_shapes.py:4449] [0/2] ps10 is not in var_ranges, defaulting to unknown range.
W1003 18:57:28.983000 128163462268736 torch/fx/experimental/symbolic_shapes.py:4449] [0/3] ps0 is not in var_ranges, defaulting to unknown range.
W1003 18:57:28.983000 128163462268736 torch/fx/experimental/symbolic_shapes.py:4449] [0/3] ps2 is not in var_ranges, defaulting to unknown range.
W1003 18:57:29.497000 128163462268736 torch/fx/experimental/symbolic_shapes.py:4449] [0/3] ps6 is not in var_ranges, defaulting to unknown range.
W1003 18:57:29.497000 128163462268736 torch/fx/experimental/symbolic_shapes.py:4449] [0/3] ps4 is not in var_ranges, defaulting to unknown range.
W1003 18:57:30.008000 128163462268736 torch/fx/experimental/symbolic_shapes.py:4449] [0/3] ps10 is not in var_ranges, defaulting to unknown range.
W1003 18:57:30.008000 128163462268736 torch/fx/experimental/symbolic_shapes.py:4449] [0/3] ps8 is not in var_ranges, defaulting to unknown range.
W1003 18:57:30.504000 128163462268736 torch/fx/experimental/symbolic_shapes.py:4449] [0/3] ps12 is not in var_ranges, defaulting to unknown range.
W1003 18:57:30.506000 128163462268736 torch/fx/experimental/symbolic_shapes.py:4449] [0/3] ps12 is not in var_ranges, defaulting to unknown range.
W1003 18:57:30.506000 128163462268736 torch/fx/experimental/symbolic_shapes.py:4449] [0/3] ps14 is not in var_ranges, defaulting to unknown range.
W1003 18:57:30.509000 128163462268736 torch/fx/experimental/symbolic_shapes.py:4449] [0/3] ps12 is not in var_ranges, defaulting to unknown range.
W1003 18:57:30.511000 128163462268736 torch/fx/experimental/symbolic_shapes.py:4449] [0/3] ps12 is not in var_ranges, defaulting to unknown range.
W1003 18:57:30.511000 128163462268736 torch/fx/experimental/symbolic_shapes.py:4449] [0/3] ps14 is not in var_ranges, defaulting to unknown range.
W1003 18:57:46.330000 128163462268736 torch/fx/experimental/symbolic_shapes.py:4449] [0/3] ps0 is not in var_ranges, defaulting to unknown range.
W1003 18:57:46.344000 128163462268736 torch/fx/experimental/symbolic_shapes.py:4449] [0/3] ps0 is not in var_ranges, defaulting to unknown range.
W1003 18:57:46.345000 128163462268736 torch/fx/experimental/symbolic_shapes.py:4449] [0/3] ps2 is not in var_ranges, defaulting to unknown range.
W1003 18:57:49.799000 128163462268736 torch/fx/experimental/symbolic_shapes.py:4449] [0/3] ps5 is not in var_ranges, defaulting to unknown range.
W1003 18:57:49.815000 128163462268736 torch/fx/experimental/symbolic_shapes.py:4449] [0/3] ps5 is not in var_ranges, defaulting to unknown range.
W1003 18:57:49.816000 128163462268736 torch/fx/experimental/symbolic_shapes.py:4449] [0/3] ps7 is not in var_ranges, defaulting to unknown range.
W1003 18:58:05.162000 128163462268736 torch/fx/experimental/symbolic_shapes.py:4449] [0/4] ps0 is not in var_ranges, defaulting to unknown range.
W1003 18:58:05.162000 128163462268736 torch/fx/experimental/symbolic_shapes.py:4449] [0/4] ps2 is not in var_ranges, defaulting to unknown range.
W1003 18:58:05.726000 128163462268736 torch/fx/experimental/symbolic_shapes.py:4449] [0/4] ps6 is not in var_ranges, defaulting to unknown range.
W1003 18:58:05.726000 128163462268736 torch/fx/experimental/symbolic_shapes.py:4449] [0/4] ps4 is not in var_ranges, defaulting to unknown range.
W1003 18:58:06.264000 128163462268736 torch/fx/experimental/symbolic_shapes.py:4449] [0/4] ps10 is not in var_ranges, defaulting to unknown range.
W1003 18:58:06.264000 128163462268736 torch/fx/experimental/symbolic_shapes.py:4449] [0/4] ps8 is not in var_ranges, defaulting to unknown range.
W1003 18:58:26.336000 128163462268736 torch/fx/experimental/symbolic_shapes.py:4449] [0/4] ps0 is not in var_ranges, defaulting to unknown range.
W1003 18:58:26.351000 128163462268736 torch/fx/experimental/symbolic_shapes.py:4449] [0/4] ps0 is not in var_ranges, defaulting to unknown range.
W1003 18:58:26.351000 128163462268736 torch/fx/experimental/symbolic_shapes.py:4449] [0/4] ps2 is not in var_ranges, defaulting to unknown range.
W1003 18:58:30.191000 128163462268736 torch/fx/experimental/symbolic_shapes.py:4449] [0/4] ps5 is not in var_ranges, defaulting to unknown range.
W1003 18:58:30.205000 128163462268736 torch/fx/experimental/symbolic_shapes.py:4449] [0/4] ps5 is not in var_ranges, defaulting to unknown range.
W1003 18:58:30.206000 128163462268736 torch/fx/experimental/symbolic_shapes.py:4449] [0/4] ps7 is not in var_ranges, defaulting to unknown range.
W1003 18:58:33.045000 128163462268736 torch/fx/experimental/symbolic_shapes.py:4449] [0/4] ps12 is not in var_ranges, defaulting to unknown range.
W1003 18:58:33.045000 128163462268736 torch/fx/experimental/symbolic_shapes.py:4449] [0/4] ps10 is not in var_ranges, defaulting to unknown range.
W1003 18:58:33.071000 128163462268736 torch/fx/experimental/symbolic_shapes.py:4449] [0/4] ps10 is not in var_ranges, defaulting to unknown range.
W1003 18:58:47.490000 128163462268736 torch/fx/experimental/symbolic_shapes.py:4449] [0/5] ps0 is not in var_ranges, defaulting to unknown range.
W1003 18:58:47.490000 128163462268736 torch/fx/experimental/symbolic_shapes.py:4449] [0/5] ps2 is not in var_ranges, defaulting to unknown range.
W1003 18:58:48.044000 128163462268736 torch/fx/experimental/symbolic_shapes.py:4449] [0/5] ps6 is not in var_ranges, defaulting to unknown range.
W1003 18:58:48.045000 128163462268736 torch/fx/experimental/symbolic_shapes.py:4449] [0/5] ps4 is not in var_ranges, defaulting to unknown range.
W1003 18:58:48.574000 128163462268736 torch/fx/experimental/symbolic_shapes.py:4449] [0/5] ps10 is not in var_ranges, defaulting to unknown range.
W1003 18:58:48.574000 128163462268736 torch/fx/experimental/symbolic_shapes.py:4449] [0/5] ps8 is not in var_ranges, defaulting to unknown range.
W1003 18:59:05.230000 128163462268736 torch/fx/experimental/symbolic_shapes.py:4449] [0/5] ps0 is not in var_ranges, defaulting to unknown range.
W1003 18:59:05.244000 128163462268736 torch/fx/experimental/symbolic_shapes.py:4449] [0/5] ps0 is not in var_ranges, defaulting to unknown range.
W1003 18:59:05.244000 128163462268736 torch/fx/experimental/symbolic_shapes.py:4449] [0/5] ps2 is not in var_ranges, defaulting to unknown range.
W1003 18:59:08.734000 128163462268736 torch/fx/experimental/symbolic_shapes.py:4449] [0/5] ps5 is not in var_ranges, defaulting to unknown range.
W1003 18:59:08.749000 128163462268736 torch/fx/experimental/symbolic_shapes.py:4449] [0/5] ps5 is not in var_ranges, defaulting to unknown range.
W1003 18:59:08.749000 128163462268736 torch/fx/experimental/symbolic_shapes.py:4449] [0/5] ps7 is not in var_ranges, defaulting to unknown range.
trial 1/3: accuracy=75.64% training=5.277s inference=0.106s
trial 2/3: accuracy=75.97% training=5.217s inference=0.091s
trial 3/3: accuracy=75.61% training=5.219s inference=0.090s
{
  "requested_trials": 3,
  "number_of_trials": 3,
  "successful_trials": 3,
  "failed_trials": 0,
  "complete": true,
  "accuracy_target": 0.75,
  "run_error": null,
  "mean_accuracy": 0.7574,
  "accuracy_std": 0.0019974984355438535,
  "mean_training_time": 5.237437466665142,
  "training_time_std": 0.03415320320392759,
  "mean_evaluation_time": 0.09557833399958326,
  "evaluation_time_std": 0.009041955066016063,
  "qualified": true,
  "official": false,
  "dataset": "CIFAR-100",
  "run_id": "20261003T185507Z-5d5c3d10"
}
Results: /home/jovyan/work/arena3/hypothesis/results/arena/20261003T185507Z-5d5c3d10
