W1003 19:02:27.466000 124073174787904 torch/fx/experimental/symbolic_shapes.py:4449] [1/0] idx_n is not in var_ranges, defaulting to unknown range.
W1003 19:02:40.964000 124073174787904 torch/fx/experimental/symbolic_shapes.py:4449] [1/2] idx_n is not in var_ranges, defaulting to unknown range.
W1003 19:03:03.862000 124073174787904 torch/fx/experimental/symbolic_shapes.py:4449] [0/2] ps0 is not in var_ranges, defaulting to unknown range.
W1003 19:03:03.862000 124073174787904 torch/fx/experimental/symbolic_shapes.py:4449] [0/2] ps2 is not in var_ranges, defaulting to unknown range.
W1003 19:03:04.394000 124073174787904 torch/fx/experimental/symbolic_shapes.py:4449] [0/2] ps4 is not in var_ranges, defaulting to unknown range.
W1003 19:03:04.394000 124073174787904 torch/fx/experimental/symbolic_shapes.py:4449] [0/2] ps6 is not in var_ranges, defaulting to unknown range.
W1003 19:03:04.915000 124073174787904 torch/fx/experimental/symbolic_shapes.py:4449] [0/2] ps10 is not in var_ranges, defaulting to unknown range.
W1003 19:03:04.915000 124073174787904 torch/fx/experimental/symbolic_shapes.py:4449] [0/2] ps8 is not in var_ranges, defaulting to unknown range.
W1003 19:03:05.377000 124073174787904 torch/fx/experimental/symbolic_shapes.py:4449] [0/2] ps12 is not in var_ranges, defaulting to unknown range.
W1003 19:03:05.379000 124073174787904 torch/fx/experimental/symbolic_shapes.py:4449] [0/2] ps14 is not in var_ranges, defaulting to unknown range.
W1003 19:03:05.379000 124073174787904 torch/fx/experimental/symbolic_shapes.py:4449] [0/2] ps12 is not in var_ranges, defaulting to unknown range.
W1003 19:03:05.383000 124073174787904 torch/fx/experimental/symbolic_shapes.py:4449] [0/2] ps12 is not in var_ranges, defaulting to unknown range.
W1003 19:03:05.385000 124073174787904 torch/fx/experimental/symbolic_shapes.py:4449] [0/2] ps14 is not in var_ranges, defaulting to unknown range.
W1003 19:03:05.385000 124073174787904 torch/fx/experimental/symbolic_shapes.py:4449] [0/2] ps12 is not in var_ranges, defaulting to unknown range.
W1003 19:03:24.325000 124073174787904 torch/fx/experimental/symbolic_shapes.py:4449] [0/2] ps0 is not in var_ranges, defaulting to unknown range.
W1003 19:03:24.345000 124073174787904 torch/fx/experimental/symbolic_shapes.py:4449] [0/2] ps0 is not in var_ranges, defaulting to unknown range.
W1003 19:03:24.345000 124073174787904 torch/fx/experimental/symbolic_shapes.py:4449] [0/2] ps2 is not in var_ranges, defaulting to unknown range.
W1003 19:03:28.153000 124073174787904 torch/fx/experimental/symbolic_shapes.py:4449] [0/2] ps5 is not in var_ranges, defaulting to unknown range.
W1003 19:03:28.167000 124073174787904 torch/fx/experimental/symbolic_shapes.py:4449] [0/2] ps7 is not in var_ranges, defaulting to unknown range.
W1003 19:03:28.168000 124073174787904 torch/fx/experimental/symbolic_shapes.py:4449] [0/2] ps5 is not in var_ranges, defaulting to unknown range.
W1003 19:03:31.041000 124073174787904 torch/fx/experimental/symbolic_shapes.py:4449] [0/2] ps10 is not in var_ranges, defaulting to unknown range.
W1003 19:03:31.042000 124073174787904 torch/fx/experimental/symbolic_shapes.py:4449] [0/2] ps12 is not in var_ranges, defaulting to unknown range.
W1003 19:03:31.069000 124073174787904 torch/fx/experimental/symbolic_shapes.py:4449] [0/2] ps10 is not in var_ranges, defaulting to unknown range.
W1003 19:03:45.438000 124073174787904 torch/fx/experimental/symbolic_shapes.py:4449] [0/3] ps0 is not in var_ranges, defaulting to unknown range.
W1003 19:03:45.439000 124073174787904 torch/fx/experimental/symbolic_shapes.py:4449] [0/3] ps2 is not in var_ranges, defaulting to unknown range.
W1003 19:03:45.951000 124073174787904 torch/fx/experimental/symbolic_shapes.py:4449] [0/3] ps4 is not in var_ranges, defaulting to unknown range.
W1003 19:03:45.951000 124073174787904 torch/fx/experimental/symbolic_shapes.py:4449] [0/3] ps6 is not in var_ranges, defaulting to unknown range.
W1003 19:03:46.451000 124073174787904 torch/fx/experimental/symbolic_shapes.py:4449] [0/3] ps10 is not in var_ranges, defaulting to unknown range.
W1003 19:03:46.452000 124073174787904 torch/fx/experimental/symbolic_shapes.py:4449] [0/3] ps8 is not in var_ranges, defaulting to unknown range.
W1003 19:03:46.891000 124073174787904 torch/fx/experimental/symbolic_shapes.py:4449] [0/3] ps12 is not in var_ranges, defaulting to unknown range.
W1003 19:03:46.894000 124073174787904 torch/fx/experimental/symbolic_shapes.py:4449] [0/3] ps14 is not in var_ranges, defaulting to unknown range.
W1003 19:03:46.894000 124073174787904 torch/fx/experimental/symbolic_shapes.py:4449] [0/3] ps12 is not in var_ranges, defaulting to unknown range.
W1003 19:03:46.897000 124073174787904 torch/fx/experimental/symbolic_shapes.py:4449] [0/3] ps12 is not in var_ranges, defaulting to unknown range.
W1003 19:03:46.899000 124073174787904 torch/fx/experimental/symbolic_shapes.py:4449] [0/3] ps14 is not in var_ranges, defaulting to unknown range.
W1003 19:03:46.899000 124073174787904 torch/fx/experimental/symbolic_shapes.py:4449] [0/3] ps12 is not in var_ranges, defaulting to unknown range.
W1003 19:04:02.753000 124073174787904 torch/fx/experimental/symbolic_shapes.py:4449] [0/3] ps0 is not in var_ranges, defaulting to unknown range.
W1003 19:04:02.772000 124073174787904 torch/fx/experimental/symbolic_shapes.py:4449] [0/3] ps0 is not in var_ranges, defaulting to unknown range.
W1003 19:04:02.773000 124073174787904 torch/fx/experimental/symbolic_shapes.py:4449] [0/3] ps2 is not in var_ranges, defaulting to unknown range.
W1003 19:04:06.192000 124073174787904 torch/fx/experimental/symbolic_shapes.py:4449] [0/3] ps5 is not in var_ranges, defaulting to unknown range.
W1003 19:04:06.205000 124073174787904 torch/fx/experimental/symbolic_shapes.py:4449] [0/3] ps7 is not in var_ranges, defaulting to unknown range.
W1003 19:04:06.205000 124073174787904 torch/fx/experimental/symbolic_shapes.py:4449] [0/3] ps5 is not in var_ranges, defaulting to unknown range.
W1003 19:04:21.472000 124073174787904 torch/fx/experimental/symbolic_shapes.py:4449] [0/4] ps0 is not in var_ranges, defaulting to unknown range.
W1003 19:04:21.472000 124073174787904 torch/fx/experimental/symbolic_shapes.py:4449] [0/4] ps2 is not in var_ranges, defaulting to unknown range.
W1003 19:04:22.051000 124073174787904 torch/fx/experimental/symbolic_shapes.py:4449] [0/4] ps4 is not in var_ranges, defaulting to unknown range.
W1003 19:04:22.051000 124073174787904 torch/fx/experimental/symbolic_shapes.py:4449] [0/4] ps6 is not in var_ranges, defaulting to unknown range.
W1003 19:04:22.600000 124073174787904 torch/fx/experimental/symbolic_shapes.py:4449] [0/4] ps10 is not in var_ranges, defaulting to unknown range.
W1003 19:04:22.600000 124073174787904 torch/fx/experimental/symbolic_shapes.py:4449] [0/4] ps8 is not in var_ranges, defaulting to unknown range.
W1003 19:04:42.837000 124073174787904 torch/fx/experimental/symbolic_shapes.py:4449] [0/4] ps0 is not in var_ranges, defaulting to unknown range.
W1003 19:04:42.857000 124073174787904 torch/fx/experimental/symbolic_shapes.py:4449] [0/4] ps0 is not in var_ranges, defaulting to unknown range.
W1003 19:04:42.857000 124073174787904 torch/fx/experimental/symbolic_shapes.py:4449] [0/4] ps2 is not in var_ranges, defaulting to unknown range.
W1003 19:04:46.682000 124073174787904 torch/fx/experimental/symbolic_shapes.py:4449] [0/4] ps5 is not in var_ranges, defaulting to unknown range.
W1003 19:04:46.696000 124073174787904 torch/fx/experimental/symbolic_shapes.py:4449] [0/4] ps7 is not in var_ranges, defaulting to unknown range.
W1003 19:04:46.696000 124073174787904 torch/fx/experimental/symbolic_shapes.py:4449] [0/4] ps5 is not in var_ranges, defaulting to unknown range.
W1003 19:04:49.548000 124073174787904 torch/fx/experimental/symbolic_shapes.py:4449] [0/4] ps10 is not in var_ranges, defaulting to unknown range.
W1003 19:04:49.549000 124073174787904 torch/fx/experimental/symbolic_shapes.py:4449] [0/4] ps12 is not in var_ranges, defaulting to unknown range.
W1003 19:04:49.576000 124073174787904 torch/fx/experimental/symbolic_shapes.py:4449] [0/4] ps10 is not in var_ranges, defaulting to unknown range.
W1003 19:05:03.907000 124073174787904 torch/fx/experimental/symbolic_shapes.py:4449] [0/5] ps0 is not in var_ranges, defaulting to unknown range.
W1003 19:05:03.907000 124073174787904 torch/fx/experimental/symbolic_shapes.py:4449] [0/5] ps2 is not in var_ranges, defaulting to unknown range.
W1003 19:05:04.464000 124073174787904 torch/fx/experimental/symbolic_shapes.py:4449] [0/5] ps4 is not in var_ranges, defaulting to unknown range.
W1003 19:05:04.464000 124073174787904 torch/fx/experimental/symbolic_shapes.py:4449] [0/5] ps6 is not in var_ranges, defaulting to unknown range.
W1003 19:05:04.991000 124073174787904 torch/fx/experimental/symbolic_shapes.py:4449] [0/5] ps10 is not in var_ranges, defaulting to unknown range.
W1003 19:05:04.991000 124073174787904 torch/fx/experimental/symbolic_shapes.py:4449] [0/5] ps8 is not in var_ranges, defaulting to unknown range.
W1003 19:05:21.789000 124073174787904 torch/fx/experimental/symbolic_shapes.py:4449] [0/5] ps0 is not in var_ranges, defaulting to unknown range.
W1003 19:05:21.809000 124073174787904 torch/fx/experimental/symbolic_shapes.py:4449] [0/5] ps0 is not in var_ranges, defaulting to unknown range.
W1003 19:05:21.809000 124073174787904 torch/fx/experimental/symbolic_shapes.py:4449] [0/5] ps2 is not in var_ranges, defaulting to unknown range.
W1003 19:05:25.274000 124073174787904 torch/fx/experimental/symbolic_shapes.py:4449] [0/5] ps5 is not in var_ranges, defaulting to unknown range.
W1003 19:05:25.290000 124073174787904 torch/fx/experimental/symbolic_shapes.py:4449] [0/5] ps7 is not in var_ranges, defaulting to unknown range.
W1003 19:05:25.291000 124073174787904 torch/fx/experimental/symbolic_shapes.py:4449] [0/5] ps5 is not in var_ranges, defaulting to unknown range.
phase-log wall0=1791054331.329 epoch_offsets=[0.0, 0.267, 0.5323, 1.0614, 1.5699, 2.4515, 3.3347, 4.2176, 5.1019]
trial 1/3: accuracy=75.64% training=5.251s inference=0.119s
phase-log wall0=1791054336.690 epoch_offsets=[0.0, 0.265, 0.5302, 1.0612, 1.5737, 2.4587, 3.3447, 4.2318, 5.1193]
trial 2/3: accuracy=75.97% training=5.184s inference=0.090s
phase-log wall0=1791054342.043 epoch_offsets=[0.0, 0.2654, 0.5306, 1.0648, 1.5771, 2.464, 3.3514, 4.2379, 5.1269]
trial 3/3: accuracy=75.61% training=5.191s inference=0.090s
{
  "requested_trials": 3,
  "number_of_trials": 3,
  "successful_trials": 3,
  "failed_trials": 0,
  "complete": true,
  "accuracy_target": 0.75,
  "run_error": null,
  "mean_accuracy": 0.7574,
  "accuracy_std": 0.0019974984355438535,
  "mean_training_time": 5.208782923333881,
  "training_time_std": 0.03719387359197148,
  "mean_evaluation_time": 0.09982650299934903,
  "evaluation_time_std": 0.016686852277553604,
  "qualified": true,
  "official": false,
  "dataset": "CIFAR-100",
  "run_id": "20261003T190159Z-325911b3"
}
Results: /home/jovyan/work/arena3/hypothesis/results/arena/20261003T190159Z-325911b3
