W1003 19:20:53.343000 139352473548608 torch/fx/experimental/symbolic_shapes.py:4449] [1/0] idx_n is not in var_ranges, defaulting to unknown range.
W1003 19:21:07.596000 139352473548608 torch/fx/experimental/symbolic_shapes.py:4449] [1/2] idx_n is not in var_ranges, defaulting to unknown range.
W1003 19:21:31.107000 139352473548608 torch/fx/experimental/symbolic_shapes.py:4449] [0/2] ps2 is not in var_ranges, defaulting to unknown range.
W1003 19:21:31.107000 139352473548608 torch/fx/experimental/symbolic_shapes.py:4449] [0/2] ps0 is not in var_ranges, defaulting to unknown range.
W1003 19:21:31.644000 139352473548608 torch/fx/experimental/symbolic_shapes.py:4449] [0/2] ps4 is not in var_ranges, defaulting to unknown range.
W1003 19:21:31.644000 139352473548608 torch/fx/experimental/symbolic_shapes.py:4449] [0/2] ps6 is not in var_ranges, defaulting to unknown range.
W1003 19:21:32.167000 139352473548608 torch/fx/experimental/symbolic_shapes.py:4449] [0/2] ps10 is not in var_ranges, defaulting to unknown range.
W1003 19:21:32.167000 139352473548608 torch/fx/experimental/symbolic_shapes.py:4449] [0/2] ps8 is not in var_ranges, defaulting to unknown range.
W1003 19:21:32.668000 139352473548608 torch/fx/experimental/symbolic_shapes.py:4449] [0/2] ps12 is not in var_ranges, defaulting to unknown range.
W1003 19:21:32.670000 139352473548608 torch/fx/experimental/symbolic_shapes.py:4449] [0/2] ps12 is not in var_ranges, defaulting to unknown range.
W1003 19:21:32.670000 139352473548608 torch/fx/experimental/symbolic_shapes.py:4449] [0/2] ps14 is not in var_ranges, defaulting to unknown range.
W1003 19:21:32.673000 139352473548608 torch/fx/experimental/symbolic_shapes.py:4449] [0/2] ps12 is not in var_ranges, defaulting to unknown range.
W1003 19:21:32.676000 139352473548608 torch/fx/experimental/symbolic_shapes.py:4449] [0/2] ps12 is not in var_ranges, defaulting to unknown range.
W1003 19:21:32.676000 139352473548608 torch/fx/experimental/symbolic_shapes.py:4449] [0/2] ps14 is not in var_ranges, defaulting to unknown range.
W1003 19:21:51.614000 139352473548608 torch/fx/experimental/symbolic_shapes.py:4449] [0/2] ps0 is not in var_ranges, defaulting to unknown range.
W1003 19:21:51.635000 139352473548608 torch/fx/experimental/symbolic_shapes.py:4449] [0/2] ps2 is not in var_ranges, defaulting to unknown range.
W1003 19:21:51.635000 139352473548608 torch/fx/experimental/symbolic_shapes.py:4449] [0/2] ps0 is not in var_ranges, defaulting to unknown range.
W1003 19:21:55.453000 139352473548608 torch/fx/experimental/symbolic_shapes.py:4449] [0/2] ps5 is not in var_ranges, defaulting to unknown range.
W1003 19:21:55.469000 139352473548608 torch/fx/experimental/symbolic_shapes.py:4449] [0/2] ps5 is not in var_ranges, defaulting to unknown range.
W1003 19:21:55.469000 139352473548608 torch/fx/experimental/symbolic_shapes.py:4449] [0/2] ps7 is not in var_ranges, defaulting to unknown range.
W1003 19:21:58.321000 139352473548608 torch/fx/experimental/symbolic_shapes.py:4449] [0/2] ps12 is not in var_ranges, defaulting to unknown range.
W1003 19:21:58.321000 139352473548608 torch/fx/experimental/symbolic_shapes.py:4449] [0/2] ps10 is not in var_ranges, defaulting to unknown range.
W1003 19:21:58.347000 139352473548608 torch/fx/experimental/symbolic_shapes.py:4449] [0/2] ps10 is not in var_ranges, defaulting to unknown range.
W1003 19:22:12.896000 139352473548608 torch/fx/experimental/symbolic_shapes.py:4449] [0/3] ps2 is not in var_ranges, defaulting to unknown range.
W1003 19:22:12.896000 139352473548608 torch/fx/experimental/symbolic_shapes.py:4449] [0/3] ps0 is not in var_ranges, defaulting to unknown range.
W1003 19:22:13.416000 139352473548608 torch/fx/experimental/symbolic_shapes.py:4449] [0/3] ps4 is not in var_ranges, defaulting to unknown range.
W1003 19:22:13.416000 139352473548608 torch/fx/experimental/symbolic_shapes.py:4449] [0/3] ps6 is not in var_ranges, defaulting to unknown range.
W1003 19:22:13.921000 139352473548608 torch/fx/experimental/symbolic_shapes.py:4449] [0/3] ps10 is not in var_ranges, defaulting to unknown range.
W1003 19:22:13.921000 139352473548608 torch/fx/experimental/symbolic_shapes.py:4449] [0/3] ps8 is not in var_ranges, defaulting to unknown range.
W1003 19:22:14.399000 139352473548608 torch/fx/experimental/symbolic_shapes.py:4449] [0/3] ps12 is not in var_ranges, defaulting to unknown range.
W1003 19:22:14.401000 139352473548608 torch/fx/experimental/symbolic_shapes.py:4449] [0/3] ps12 is not in var_ranges, defaulting to unknown range.
W1003 19:22:14.401000 139352473548608 torch/fx/experimental/symbolic_shapes.py:4449] [0/3] ps14 is not in var_ranges, defaulting to unknown range.
W1003 19:22:14.404000 139352473548608 torch/fx/experimental/symbolic_shapes.py:4449] [0/3] ps12 is not in var_ranges, defaulting to unknown range.
W1003 19:22:14.406000 139352473548608 torch/fx/experimental/symbolic_shapes.py:4449] [0/3] ps12 is not in var_ranges, defaulting to unknown range.
W1003 19:22:14.406000 139352473548608 torch/fx/experimental/symbolic_shapes.py:4449] [0/3] ps14 is not in var_ranges, defaulting to unknown range.
W1003 19:22:30.229000 139352473548608 torch/fx/experimental/symbolic_shapes.py:4449] [0/3] ps0 is not in var_ranges, defaulting to unknown range.
W1003 19:22:30.250000 139352473548608 torch/fx/experimental/symbolic_shapes.py:4449] [0/3] ps2 is not in var_ranges, defaulting to unknown range.
W1003 19:22:30.250000 139352473548608 torch/fx/experimental/symbolic_shapes.py:4449] [0/3] ps0 is not in var_ranges, defaulting to unknown range.
W1003 19:22:33.662000 139352473548608 torch/fx/experimental/symbolic_shapes.py:4449] [0/3] ps5 is not in var_ranges, defaulting to unknown range.
W1003 19:22:33.676000 139352473548608 torch/fx/experimental/symbolic_shapes.py:4449] [0/3] ps5 is not in var_ranges, defaulting to unknown range.
W1003 19:22:33.677000 139352473548608 torch/fx/experimental/symbolic_shapes.py:4449] [0/3] ps7 is not in var_ranges, defaulting to unknown range.
W1003 19:22:49.195000 139352473548608 torch/fx/experimental/symbolic_shapes.py:4449] [0/4] ps2 is not in var_ranges, defaulting to unknown range.
W1003 19:22:49.195000 139352473548608 torch/fx/experimental/symbolic_shapes.py:4449] [0/4] ps0 is not in var_ranges, defaulting to unknown range.
W1003 19:22:49.776000 139352473548608 torch/fx/experimental/symbolic_shapes.py:4449] [0/4] ps4 is not in var_ranges, defaulting to unknown range.
W1003 19:22:49.776000 139352473548608 torch/fx/experimental/symbolic_shapes.py:4449] [0/4] ps6 is not in var_ranges, defaulting to unknown range.
W1003 19:22:50.326000 139352473548608 torch/fx/experimental/symbolic_shapes.py:4449] [0/4] ps10 is not in var_ranges, defaulting to unknown range.
W1003 19:22:50.326000 139352473548608 torch/fx/experimental/symbolic_shapes.py:4449] [0/4] ps8 is not in var_ranges, defaulting to unknown range.
W1003 19:23:10.668000 139352473548608 torch/fx/experimental/symbolic_shapes.py:4449] [0/4] ps0 is not in var_ranges, defaulting to unknown range.
W1003 19:23:10.688000 139352473548608 torch/fx/experimental/symbolic_shapes.py:4449] [0/4] ps2 is not in var_ranges, defaulting to unknown range.
W1003 19:23:10.688000 139352473548608 torch/fx/experimental/symbolic_shapes.py:4449] [0/4] ps0 is not in var_ranges, defaulting to unknown range.
W1003 19:23:14.545000 139352473548608 torch/fx/experimental/symbolic_shapes.py:4449] [0/4] ps5 is not in var_ranges, defaulting to unknown range.
W1003 19:23:14.558000 139352473548608 torch/fx/experimental/symbolic_shapes.py:4449] [0/4] ps5 is not in var_ranges, defaulting to unknown range.
W1003 19:23:14.559000 139352473548608 torch/fx/experimental/symbolic_shapes.py:4449] [0/4] ps7 is not in var_ranges, defaulting to unknown range.
W1003 19:23:17.413000 139352473548608 torch/fx/experimental/symbolic_shapes.py:4449] [0/4] ps12 is not in var_ranges, defaulting to unknown range.
W1003 19:23:17.413000 139352473548608 torch/fx/experimental/symbolic_shapes.py:4449] [0/4] ps10 is not in var_ranges, defaulting to unknown range.
W1003 19:23:17.441000 139352473548608 torch/fx/experimental/symbolic_shapes.py:4449] [0/4] ps10 is not in var_ranges, defaulting to unknown range.
W1003 19:23:31.890000 139352473548608 torch/fx/experimental/symbolic_shapes.py:4449] [0/5] ps2 is not in var_ranges, defaulting to unknown range.
W1003 19:23:31.890000 139352473548608 torch/fx/experimental/symbolic_shapes.py:4449] [0/5] ps0 is not in var_ranges, defaulting to unknown range.
W1003 19:23:32.441000 139352473548608 torch/fx/experimental/symbolic_shapes.py:4449] [0/5] ps4 is not in var_ranges, defaulting to unknown range.
W1003 19:23:32.441000 139352473548608 torch/fx/experimental/symbolic_shapes.py:4449] [0/5] ps6 is not in var_ranges, defaulting to unknown range.
W1003 19:23:32.968000 139352473548608 torch/fx/experimental/symbolic_shapes.py:4449] [0/5] ps10 is not in var_ranges, defaulting to unknown range.
W1003 19:23:32.968000 139352473548608 torch/fx/experimental/symbolic_shapes.py:4449] [0/5] ps8 is not in var_ranges, defaulting to unknown range.
W1003 19:23:49.565000 139352473548608 torch/fx/experimental/symbolic_shapes.py:4449] [0/5] ps0 is not in var_ranges, defaulting to unknown range.
W1003 19:23:49.584000 139352473548608 torch/fx/experimental/symbolic_shapes.py:4449] [0/5] ps2 is not in var_ranges, defaulting to unknown range.
W1003 19:23:49.584000 139352473548608 torch/fx/experimental/symbolic_shapes.py:4449] [0/5] ps0 is not in var_ranges, defaulting to unknown range.
W1003 19:23:53.055000 139352473548608 torch/fx/experimental/symbolic_shapes.py:4449] [0/5] ps5 is not in var_ranges, defaulting to unknown range.
W1003 19:23:53.070000 139352473548608 torch/fx/experimental/symbolic_shapes.py:4449] [0/5] ps5 is not in var_ranges, defaulting to unknown range.
W1003 19:23:53.071000 139352473548608 torch/fx/experimental/symbolic_shapes.py:4449] [0/5] ps7 is not in var_ranges, defaulting to unknown range.
trial 1/3: accuracy=75.72% training=4.996s inference=0.121s
trial 2/3: accuracy=75.23% training=4.939s inference=0.091s
trial 3/3: accuracy=75.63% training=4.931s inference=0.090s
{
  "requested_trials": 3,
  "number_of_trials": 3,
  "successful_trials": 3,
  "failed_trials": 0,
  "complete": true,
  "accuracy_target": 0.75,
  "run_error": null,
  "mean_accuracy": 0.7552666666666666,
  "accuracy_std": 0.0026083200212652907,
  "mean_training_time": 4.955016229000951,
  "training_time_std": 0.03552880588210216,
  "mean_evaluation_time": 0.10075945866750165,
  "evaluation_time_std": 0.01790670650327485,
  "qualified": true,
  "official": false,
  "dataset": "CIFAR-100",
  "run_id": "20261003T192024Z-1aebba03"
}
Results: /home/jovyan/work/arena3/hypothesis/results/arena/20261003T192024Z-1aebba03
