AUTOTUNE convolution(1536x128x7x7, 352x128x3x3)
  convolution 0.3318 ms 100.0%
  triton_convolution_31 0.5294 ms 62.7%
  triton_convolution_28 0.5755 ms 57.7%
  triton_convolution_30 0.5786 ms 57.3%
  triton_convolution_33 0.6298 ms 52.7%
  triton_convolution_32 0.7127 ms 46.6%
  triton_convolution_27 0.9073 ms 36.6%
  triton_convolution_29 1.8842 ms 17.6%
SingleProcess AUTOTUNE benchmarking takes 1.1600 seconds and 0.0009 seconds precompiling
AUTOTUNE convolution(1536x352x3x3, 352x352x3x3)
  convolution 0.1280 ms 100.0%
  triton_convolution_38 0.2867 ms 44.6%
  triton_convolution_35 0.3430 ms 37.3%
  triton_convolution_34 0.3727 ms 34.3%
  triton_convolution_40 0.3840 ms 33.3%
  triton_convolution_37 0.4229 ms 30.3%
  triton_convolution_39 0.4516 ms 28.3%
  triton_convolution_36 0.8602 ms 14.9%
SingleProcess AUTOTUNE benchmarking takes 0.9901 seconds and 0.0007 seconds precompiling
AUTOTUNE convolution(1536x352x3x3, 576x352x3x3)
  convolution 0.2068 ms 100.0%
  triton_convolution_52 0.3983 ms 51.9%
  triton_convolution_49 0.5028 ms 41.1%
  triton_convolution_48 0.5499 ms 37.6%
  triton_convolution_54 0.6328 ms 32.7%
  triton_convolution_53 0.6758 ms 30.6%
  triton_convolution_51 0.6932 ms 29.8%
  triton_convolution_50 1.3957 ms 14.8%
SingleProcess AUTOTUNE benchmarking takes 1.0259 seconds and 0.0008 seconds precompiling
AUTOTUNE bmm(2x352x352, 2x352x3168)
  triton_bmm_686 0.0184 ms 100.0%
  triton_bmm_690 0.0195 ms 94.7%
  triton_bmm_688 0.0205 ms 90.0%
  triton_bmm_693 0.0205 ms 90.0%
  triton_bmm_687 0.0215 ms 85.7%
  triton_bmm_691 0.0215 ms 85.7%
  triton_bmm_694 0.0215 ms 85.7%
  triton_bmm_684 0.0256 ms 72.0%
  triton_bmm_689 0.0266 ms 69.2%
  triton_bmm_695 0.0266 ms 69.2%
SingleProcess AUTOTUNE benchmarking takes 2.4028 seconds and 0.0033 seconds precompiling
AUTOTUNE bmm(1x576x576, 1x576x3168)
  triton_bmm_857 0.0225 ms 100.0%
  triton_bmm_859 0.0236 ms 95.7%
  triton_bmm_861 0.0236 ms 95.7%
  bmm 0.0246 ms 91.7%
  triton_bmm_858 0.0256 ms 88.0%
  triton_bmm_864 0.0256 ms 88.0%
  triton_bmm_865 0.0256 ms 88.0%
  triton_bmm_854 0.0266 ms 84.6%
  triton_bmm_862 0.0266 ms 84.6%
  triton_bmm_855 0.0276 ms 81.5%
SingleProcess AUTOTUNE benchmarking takes 2.2694 seconds and 0.0029 seconds precompiling
W1003 19:43:31.081000 139212179855168 torch/fx/experimental/symbolic_shapes.py:4449] [1/0] idx_n is not in var_ranges, defaulting to unknown range.
AUTOTUNE bmm(1x352x352, 1x352x1152)
  bmm 0.0113 ms 100.0%
  triton_bmm_513 0.0113 ms 100.0%
  triton_bmm_514 0.0113 ms 100.0%
  triton_bmm_517 0.0113 ms 100.0%
  triton_bmm_508 0.0123 ms 91.7%
  triton_bmm_516 0.0123 ms 91.7%
  triton_bmm_518 0.0123 ms 91.7%
  triton_bmm_520 0.0123 ms 91.7%
  triton_bmm_507 0.0133 ms 84.6%
  triton_bmm_509 0.0133 ms 84.6%
SingleProcess AUTOTUNE benchmarking takes 2.2443 seconds and 0.0024 seconds precompiling
AUTOTUNE bmm(1x576x3168, 1x3168x576)
  triton_bmm_818 0.0246 ms 100.0%
  bmm 0.0256 ms 96.0%
  triton_bmm_822 0.0328 ms 75.0%
  triton_bmm_814 0.0358 ms 68.6%
  triton_bmm_817 0.0358 ms 68.6%
  triton_bmm_821 0.0379 ms 64.9%
  triton_bmm_811 0.0420 ms 58.5%
  triton_bmm_820 0.0420 ms 58.5%
  triton_bmm_824 0.0430 ms 57.1%
  triton_bmm_813 0.0461 ms 53.3%
SingleProcess AUTOTUNE benchmarking takes 2.2642 seconds and 0.0025 seconds precompiling
AUTOTUNE bmm(1x576x3168, 1x3168x576)
  triton_bmm_932 0.0246 ms 100.0%
  bmm 0.0256 ms 96.0%
  triton_bmm_936 0.0328 ms 75.0%
  triton_bmm_928 0.0358 ms 68.6%
  triton_bmm_931 0.0358 ms 68.6%
  triton_bmm_935 0.0379 ms 64.9%
  triton_bmm_925 0.0410 ms 60.0%
  triton_bmm_934 0.0420 ms 58.5%
  triton_bmm_938 0.0430 ms 57.1%
  triton_bmm_927 0.0461 ms 53.3%
SingleProcess AUTOTUNE benchmarking takes 2.2584 seconds and 0.0021 seconds precompiling
AUTOTUNE bmm(2x352x3168, 2x3168x352)
  bmm 0.0225 ms 100.0%
  triton_bmm_647 0.0236 ms 95.7%
  triton_bmm_651 0.0317 ms 71.0%
  triton_bmm_643 0.0338 ms 66.7%
  triton_bmm_646 0.0348 ms 64.7%
  triton_bmm_640 0.0369 ms 61.1%
  triton_bmm_650 0.0379 ms 59.5%
  triton_bmm_649 0.0420 ms 53.7%
  triton_bmm_653 0.0430 ms 52.4%
  triton_bmm_642 0.0451 ms 50.0%
SingleProcess AUTOTUNE benchmarking takes 2.2452 seconds and 0.0027 seconds precompiling
AUTOTUNE bmm(2x352x352, 2x352x352)
  triton_bmm_665 0.0113 ms 100.0%
  triton_bmm_666 0.0113 ms 100.0%
  bmm 0.0123 ms 91.7%
  triton_bmm_659 0.0123 ms 91.7%
  triton_bmm_661 0.0123 ms 91.7%
  triton_bmm_668 0.0123 ms 91.7%
  triton_bmm_669 0.0123 ms 91.7%
  triton_bmm_670 0.0123 ms 91.7%
  triton_bmm_660 0.0133 ms 84.6%
  triton_bmm_662 0.0133 ms 84.6%
SingleProcess AUTOTUNE benchmarking takes 2.2445 seconds and 0.0022 seconds precompiling
AUTOTUNE bmm(1x352x1152, 1x1152x352)
  triton_bmm_472 0.0133 ms 100.0%
  bmm 0.0143 ms 92.9%
  triton_bmm_476 0.0143 ms 92.9%
  triton_bmm_470 0.0154 ms 86.7%
  triton_bmm_471 0.0154 ms 86.7%
  triton_bmm_469 0.0164 ms 81.2%
  triton_bmm_475 0.0184 ms 72.2%
  triton_bmm_479 0.0184 ms 72.2%
  triton_bmm_480 0.0184 ms 72.2%
  triton_bmm_482 0.0205 ms 65.0%
SingleProcess AUTOTUNE benchmarking takes 2.2319 seconds and 0.0026 seconds precompiling
AUTOTUNE bmm(1x352x352, 1x352x352)
  triton_bmm_489 0.0102 ms 100.0%
  bmm 0.0113 ms 90.9%
  triton_bmm_488 0.0113 ms 90.9%
  triton_bmm_490 0.0113 ms 90.9%
  triton_bmm_491 0.0113 ms 90.9%
  triton_bmm_494 0.0113 ms 90.9%
  triton_bmm_495 0.0113 ms 90.9%
  triton_bmm_499 0.0123 ms 83.3%
  triton_bmm_501 0.0123 ms 83.3%
  triton_bmm_496 0.0133 ms 76.9%
SingleProcess AUTOTUNE benchmarking takes 2.2421 seconds and 0.0028 seconds precompiling
AUTOTUNE bmm(1x352x1152, 1x1152x352)
  triton_bmm_586 0.0123 ms 100.0%
  bmm 0.0133 ms 92.3%
  triton_bmm_590 0.0143 ms 85.7%
  triton_bmm_585 0.0154 ms 80.0%
  triton_bmm_584 0.0164 ms 75.0%
  triton_bmm_583 0.0174 ms 70.6%
  triton_bmm_589 0.0174 ms 70.6%
  triton_bmm_594 0.0174 ms 70.6%
  triton_bmm_593 0.0184 ms 66.7%
  triton_bmm_596 0.0205 ms 60.0%
SingleProcess AUTOTUNE benchmarking takes 2.2446 seconds and 0.0023 seconds precompiling
W1003 19:44:25.363000 139212179855168 torch/fx/experimental/symbolic_shapes.py:4449] [1/2] idx_n is not in var_ranges, defaulting to unknown range.
AUTOTUNE convolution(1536x128x11x11, 352x128x3x3)
  convolution 0.7854 ms 100.0%
  triton_convolution_2506 1.2759 ms 61.6%
  triton_convolution_2505 1.4008 ms 56.1%
  triton_convolution_2503 1.4182 ms 55.4%
  triton_convolution_2508 1.5288 ms 51.4%
  triton_convolution_2507 1.7930 ms 43.8%
  triton_convolution_2502 2.1217 ms 37.0%
  triton_convolution_2504 7.8239 ms 10.0%
SingleProcess AUTOTUNE benchmarking takes 1.1214 seconds and 0.0011 seconds precompiling
AUTOTUNE convolution(1536x352x5x5, 352x352x3x3)
  convolution 0.3604 ms 100.0%
  triton_convolution_2513 0.6799 ms 53.0%
  triton_convolution_2510 0.8806 ms 40.9%
  triton_convolution_2512 0.9482 ms 38.0%
  triton_convolution_2509 0.9974 ms 36.1%
  triton_convolution_2515 1.0527 ms 34.2%
  triton_convolution_2514 1.2288 ms 29.3%
  triton_convolution_2511 4.8067 ms 7.5%
SingleProcess AUTOTUNE benchmarking takes 1.0769 seconds and 0.0011 seconds precompiling
AUTOTUNE convolution(1536x352x5x5, 576x352x3x3)
  convolution 0.5601 ms 100.0%
  triton_convolution_2527 1.0015 ms 55.9%
  triton_convolution_2524 1.2462 ms 44.9%
  triton_convolution_2523 1.4592 ms 38.4%
  triton_convolution_2526 1.4633 ms 38.3%
  triton_convolution_2529 1.4940 ms 37.5%
  triton_convolution_2528 1.7777 ms 31.5%
  triton_convolution_2525 7.9073 ms 7.1%
SingleProcess AUTOTUNE benchmarking takes 1.1189 seconds and 0.0017 seconds precompiling
W1003 19:45:06.555000 139212179855168 torch/fx/experimental/symbolic_shapes.py:4449] [0/2] ps2 is not in var_ranges, defaulting to unknown range.
W1003 19:45:06.555000 139212179855168 torch/fx/experimental/symbolic_shapes.py:4449] [0/2] ps0 is not in var_ranges, defaulting to unknown range.
W1003 19:45:07.088000 139212179855168 torch/fx/experimental/symbolic_shapes.py:4449] [0/2] ps6 is not in var_ranges, defaulting to unknown range.
W1003 19:45:07.089000 139212179855168 torch/fx/experimental/symbolic_shapes.py:4449] [0/2] ps4 is not in var_ranges, defaulting to unknown range.
W1003 19:45:07.608000 139212179855168 torch/fx/experimental/symbolic_shapes.py:4449] [0/2] ps8 is not in var_ranges, defaulting to unknown range.
W1003 19:45:07.608000 139212179855168 torch/fx/experimental/symbolic_shapes.py:4449] [0/2] ps10 is not in var_ranges, defaulting to unknown range.
W1003 19:45:08.238000 139212179855168 torch/fx/experimental/symbolic_shapes.py:4449] [0/2] ps12 is not in var_ranges, defaulting to unknown range.
W1003 19:45:08.241000 139212179855168 torch/fx/experimental/symbolic_shapes.py:4449] [0/2] ps14 is not in var_ranges, defaulting to unknown range.
W1003 19:45:08.241000 139212179855168 torch/fx/experimental/symbolic_shapes.py:4449] [0/2] ps12 is not in var_ranges, defaulting to unknown range.
W1003 19:45:08.244000 139212179855168 torch/fx/experimental/symbolic_shapes.py:4449] [0/2] ps12 is not in var_ranges, defaulting to unknown range.
W1003 19:45:08.246000 139212179855168 torch/fx/experimental/symbolic_shapes.py:4449] [0/2] ps14 is not in var_ranges, defaulting to unknown range.
W1003 19:45:08.247000 139212179855168 torch/fx/experimental/symbolic_shapes.py:4449] [0/2] ps12 is not in var_ranges, defaulting to unknown range.
W1003 19:45:29.278000 139212179855168 torch/fx/experimental/symbolic_shapes.py:4449] [0/2] ps0 is not in var_ranges, defaulting to unknown range.
W1003 19:45:29.299000 139212179855168 torch/fx/experimental/symbolic_shapes.py:4449] [0/2] ps0 is not in var_ranges, defaulting to unknown range.
W1003 19:45:29.299000 139212179855168 torch/fx/experimental/symbolic_shapes.py:4449] [0/2] ps2 is not in var_ranges, defaulting to unknown range.
W1003 19:45:33.109000 139212179855168 torch/fx/experimental/symbolic_shapes.py:4449] [0/2] ps5 is not in var_ranges, defaulting to unknown range.
W1003 19:45:33.120000 139212179855168 torch/fx/experimental/symbolic_shapes.py:4449] [0/2] ps7 is not in var_ranges, defaulting to unknown range.
W1003 19:45:33.120000 139212179855168 torch/fx/experimental/symbolic_shapes.py:4449] [0/2] ps5 is not in var_ranges, defaulting to unknown range.
W1003 19:45:35.983000 139212179855168 torch/fx/experimental/symbolic_shapes.py:4449] [0/2] ps10 is not in var_ranges, defaulting to unknown range.
W1003 19:45:35.983000 139212179855168 torch/fx/experimental/symbolic_shapes.py:4449] [0/2] ps12 is not in var_ranges, defaulting to unknown range.
W1003 19:45:36.014000 139212179855168 torch/fx/experimental/symbolic_shapes.py:4449] [0/2] ps10 is not in var_ranges, defaulting to unknown range.
W1003 19:45:57.873000 139212179855168 torch/fx/experimental/symbolic_shapes.py:4449] [0/3] ps2 is not in var_ranges, defaulting to unknown range.
W1003 19:45:57.873000 139212179855168 torch/fx/experimental/symbolic_shapes.py:4449] [0/3] ps0 is not in var_ranges, defaulting to unknown range.
W1003 19:45:58.381000 139212179855168 torch/fx/experimental/symbolic_shapes.py:4449] [0/3] ps6 is not in var_ranges, defaulting to unknown range.
W1003 19:45:58.381000 139212179855168 torch/fx/experimental/symbolic_shapes.py:4449] [0/3] ps4 is not in var_ranges, defaulting to unknown range.
W1003 19:45:58.878000 139212179855168 torch/fx/experimental/symbolic_shapes.py:4449] [0/3] ps8 is not in var_ranges, defaulting to unknown range.
W1003 19:45:58.879000 139212179855168 torch/fx/experimental/symbolic_shapes.py:4449] [0/3] ps10 is not in var_ranges, defaulting to unknown range.
W1003 19:45:59.485000 139212179855168 torch/fx/experimental/symbolic_shapes.py:4449] [0/3] ps12 is not in var_ranges, defaulting to unknown range.
W1003 19:45:59.487000 139212179855168 torch/fx/experimental/symbolic_shapes.py:4449] [0/3] ps14 is not in var_ranges, defaulting to unknown range.
W1003 19:45:59.488000 139212179855168 torch/fx/experimental/symbolic_shapes.py:4449] [0/3] ps12 is not in var_ranges, defaulting to unknown range.
W1003 19:45:59.490000 139212179855168 torch/fx/experimental/symbolic_shapes.py:4449] [0/3] ps12 is not in var_ranges, defaulting to unknown range.
W1003 19:45:59.493000 139212179855168 torch/fx/experimental/symbolic_shapes.py:4449] [0/3] ps14 is not in var_ranges, defaulting to unknown range.
W1003 19:45:59.493000 139212179855168 torch/fx/experimental/symbolic_shapes.py:4449] [0/3] ps12 is not in var_ranges, defaulting to unknown range.
W1003 19:46:15.342000 139212179855168 torch/fx/experimental/symbolic_shapes.py:4449] [0/3] ps0 is not in var_ranges, defaulting to unknown range.
W1003 19:46:15.363000 139212179855168 torch/fx/experimental/symbolic_shapes.py:4449] [0/3] ps0 is not in var_ranges, defaulting to unknown range.
W1003 19:46:15.363000 139212179855168 torch/fx/experimental/symbolic_shapes.py:4449] [0/3] ps2 is not in var_ranges, defaulting to unknown range.
W1003 19:46:18.792000 139212179855168 torch/fx/experimental/symbolic_shapes.py:4449] [0/3] ps5 is not in var_ranges, defaulting to unknown range.
W1003 19:46:18.804000 139212179855168 torch/fx/experimental/symbolic_shapes.py:4449] [0/3] ps7 is not in var_ranges, defaulting to unknown range.
W1003 19:46:18.804000 139212179855168 torch/fx/experimental/symbolic_shapes.py:4449] [0/3] ps5 is not in var_ranges, defaulting to unknown range.
AUTOTUNE convolution(1536x128x15x15, 352x128x3x3)
  convolution 1.4387 ms 100.0%
  triton_convolution_2758 2.3962 ms 60.0%
  triton_convolution_2757 2.5518 ms 56.4%
  triton_convolution_2755 2.5897 ms 55.6%
  triton_convolution_2760 2.7832 ms 51.7%
  triton_convolution_2754 3.2041 ms 44.9%
  triton_convolution_2759 3.2860 ms 43.8%
  triton_convolution_2756 14.7512 ms 9.8%
SingleProcess AUTOTUNE benchmarking takes 1.2117 seconds and 0.0003 seconds precompiling
AUTOTUNE convolution(1536x352x7x7, 352x352x3x3)
  convolution 0.7004 ms 100.0%
  triton_convolution_2765 1.3660 ms 51.3%
  triton_convolution_2764 1.7597 ms 39.8%
  triton_convolution_2762 1.8227 ms 38.4%
  triton_convolution_2761 1.8586 ms 37.7%
  triton_convolution_2767 2.0972 ms 33.4%
  triton_convolution_2766 2.2093 ms 31.7%
  triton_convolution_2763 11.2691 ms 6.2%
SingleProcess AUTOTUNE benchmarking takes 1.1526 seconds and 0.0003 seconds precompiling
AUTOTUNE convolution(1536x352x7x7, 576x352x3x3)
  convolution 1.1049 ms 100.0%
  triton_convolution_2779 2.0716 ms 53.3%
  triton_convolution_2776 2.6573 ms 41.6%
  triton_convolution_2775 2.8017 ms 39.4%
  triton_convolution_2778 2.8068 ms 39.4%
  triton_convolution_2781 3.0802 ms 35.9%
  triton_convolution_2780 3.3157 ms 33.3%
  triton_convolution_2777 18.3429 ms 6.0%
SingleProcess AUTOTUNE benchmarking takes 1.2377 seconds and 0.0003 seconds precompiling
W1003 19:46:38.077000 139212179855168 torch/fx/experimental/symbolic_shapes.py:4449] [0/4] ps2 is not in var_ranges, defaulting to unknown range.
W1003 19:46:38.077000 139212179855168 torch/fx/experimental/symbolic_shapes.py:4449] [0/4] ps0 is not in var_ranges, defaulting to unknown range.
W1003 19:46:38.648000 139212179855168 torch/fx/experimental/symbolic_shapes.py:4449] [0/4] ps6 is not in var_ranges, defaulting to unknown range.
W1003 19:46:38.648000 139212179855168 torch/fx/experimental/symbolic_shapes.py:4449] [0/4] ps4 is not in var_ranges, defaulting to unknown range.
W1003 19:46:39.190000 139212179855168 torch/fx/experimental/symbolic_shapes.py:4449] [0/4] ps8 is not in var_ranges, defaulting to unknown range.
W1003 19:46:39.190000 139212179855168 torch/fx/experimental/symbolic_shapes.py:4449] [0/4] ps10 is not in var_ranges, defaulting to unknown range.
W1003 19:47:01.373000 139212179855168 torch/fx/experimental/symbolic_shapes.py:4449] [0/4] ps0 is not in var_ranges, defaulting to unknown range.
W1003 19:47:01.393000 139212179855168 torch/fx/experimental/symbolic_shapes.py:4449] [0/4] ps0 is not in var_ranges, defaulting to unknown range.
W1003 19:47:01.393000 139212179855168 torch/fx/experimental/symbolic_shapes.py:4449] [0/4] ps2 is not in var_ranges, defaulting to unknown range.
W1003 19:47:05.194000 139212179855168 torch/fx/experimental/symbolic_shapes.py:4449] [0/4] ps5 is not in var_ranges, defaulting to unknown range.
W1003 19:47:05.205000 139212179855168 torch/fx/experimental/symbolic_shapes.py:4449] [0/4] ps7 is not in var_ranges, defaulting to unknown range.
W1003 19:47:05.205000 139212179855168 torch/fx/experimental/symbolic_shapes.py:4449] [0/4] ps5 is not in var_ranges, defaulting to unknown range.
W1003 19:47:08.038000 139212179855168 torch/fx/experimental/symbolic_shapes.py:4449] [0/4] ps10 is not in var_ranges, defaulting to unknown range.
W1003 19:47:08.039000 139212179855168 torch/fx/experimental/symbolic_shapes.py:4449] [0/4] ps12 is not in var_ranges, defaulting to unknown range.
W1003 19:47:08.068000 139212179855168 torch/fx/experimental/symbolic_shapes.py:4449] [0/4] ps10 is not in var_ranges, defaulting to unknown range.
W1003 19:47:29.945000 139212179855168 torch/fx/experimental/symbolic_shapes.py:4449] [0/5] ps2 is not in var_ranges, defaulting to unknown range.
W1003 19:47:29.945000 139212179855168 torch/fx/experimental/symbolic_shapes.py:4449] [0/5] ps0 is not in var_ranges, defaulting to unknown range.
W1003 19:47:30.492000 139212179855168 torch/fx/experimental/symbolic_shapes.py:4449] [0/5] ps6 is not in var_ranges, defaulting to unknown range.
W1003 19:47:30.492000 139212179855168 torch/fx/experimental/symbolic_shapes.py:4449] [0/5] ps4 is not in var_ranges, defaulting to unknown range.
W1003 19:47:31.012000 139212179855168 torch/fx/experimental/symbolic_shapes.py:4449] [0/5] ps8 is not in var_ranges, defaulting to unknown range.
W1003 19:47:31.012000 139212179855168 torch/fx/experimental/symbolic_shapes.py:4449] [0/5] ps10 is not in var_ranges, defaulting to unknown range.
W1003 19:47:47.717000 139212179855168 torch/fx/experimental/symbolic_shapes.py:4449] [0/5] ps0 is not in var_ranges, defaulting to unknown range.
W1003 19:47:47.737000 139212179855168 torch/fx/experimental/symbolic_shapes.py:4449] [0/5] ps0 is not in var_ranges, defaulting to unknown range.
W1003 19:47:47.737000 139212179855168 torch/fx/experimental/symbolic_shapes.py:4449] [0/5] ps2 is not in var_ranges, defaulting to unknown range.
W1003 19:47:51.228000 139212179855168 torch/fx/experimental/symbolic_shapes.py:4449] [0/5] ps5 is not in var_ranges, defaulting to unknown range.
W1003 19:47:51.239000 139212179855168 torch/fx/experimental/symbolic_shapes.py:4449] [0/5] ps7 is not in var_ranges, defaulting to unknown range.
W1003 19:47:51.240000 139212179855168 torch/fx/experimental/symbolic_shapes.py:4449] [0/5] ps5 is not in var_ranges, defaulting to unknown range.
trial 1/3: accuracy=75.73% training=4.874s inference=0.140s
trial 2/3: accuracy=74.98% training=4.803s inference=0.124s
trial 3/3: accuracy=75.06% training=4.805s inference=0.126s
{
  "requested_trials": 3,
  "number_of_trials": 3,
  "successful_trials": 3,
  "failed_trials": 0,
  "complete": true,
  "accuracy_target": 0.75,
  "run_error": null,
  "mean_accuracy": 0.7525666666666667,
  "accuracy_std": 0.004118656738954226,
  "mean_training_time": 4.827446718331582,
  "training_time_std": 0.04075078809831139,
  "mean_evaluation_time": 0.1300009163339079,
  "evaluation_time_std": 0.008813510533295649,
  "qualified": true,
  "official": false,
  "dataset": "CIFAR-100",
  "run_id": "20261003T194150Z-7592c3a9"
}
Results: /home/jovyan/work/arena3/hypothesis/results/arena/20261003T194150Z-7592c3a9
