W1003 20:10:30.779000 126835509233472 torch/fx/experimental/symbolic_shapes.py:4449] [1/0] idx_n is not in var_ranges, defaulting to unknown range.
W1003 20:10:44.202000 126835509233472 torch/fx/experimental/symbolic_shapes.py:4449] [1/2] idx_n is not in var_ranges, defaulting to unknown range.
trial 1/3: accuracy=75.05% training=4.903s inference=0.101s
trial 2/3: accuracy=75.57% training=4.835s inference=0.090s
trial 3/3: accuracy=75.10% training=4.835s inference=0.090s
{
  "requested_trials": 3,
  "number_of_trials": 3,
  "successful_trials": 3,
  "failed_trials": 0,
  "complete": true,
  "accuracy_target": 0.75,
  "run_error": null,
  "mean_accuracy": 0.7524,
  "accuracy_std": 0.0028687976575562505,
  "mean_training_time": 4.857648593999329,
  "training_time_std": 0.03912351983376852,
  "mean_evaluation_time": 0.09347267166594975,
  "evaluation_time_std": 0.006173025471096964,
  "qualified": true,
  "official": false,
  "dataset": "CIFAR-100",
  "run_id": "20261003T201002Z-c015644f"
}
Results: /home/jovyan/work/arena3/hypothesis/results/arena/20261003T201002Z-c015644f
