W1003 20:13:07.925000 134395776317248 torch/fx/experimental/symbolic_shapes.py:4449] [1/0] idx_n is not in var_ranges, defaulting to unknown range.
W1003 20:13:21.492000 134395776317248 torch/fx/experimental/symbolic_shapes.py:4449] [1/2] idx_n is not in var_ranges, defaulting to unknown range.
trial 1/3: accuracy=75.64% training=4.781s inference=0.106s
trial 2/3: accuracy=74.94% training=4.708s inference=0.090s
trial 3/3: accuracy=75.00% training=4.709s inference=0.090s
{
  "requested_trials": 3,
  "number_of_trials": 3,
  "successful_trials": 3,
  "failed_trials": 0,
  "complete": true,
  "accuracy_target": 0.75,
  "run_error": null,
  "mean_accuracy": 0.7519333333333333,
  "accuracy_std": 0.0038798625405203823,
  "mean_training_time": 4.732899295001213,
  "training_time_std": 0.04181018704119433,
  "mean_evaluation_time": 0.09531381400302052,
  "evaluation_time_std": 0.009255133404594523,
  "qualified": true,
  "official": false,
  "dataset": "CIFAR-100",
  "run_id": "20261003T201239Z-1b6685f5"
}
Results: /home/jovyan/work/arena3/hypothesis/results/arena/20261003T201239Z-1b6685f5
