W1003 20:15:21.889000 131442360031040 torch/fx/experimental/symbolic_shapes.py:4449] [1/0] idx_n is not in var_ranges, defaulting to unknown range.
W1003 20:15:35.392000 131442360031040 torch/fx/experimental/symbolic_shapes.py:4449] [1/2] idx_n is not in var_ranges, defaulting to unknown range.
{
  "requested_trials": 3,
  "number_of_trials": 1,
  "successful_trials": 0,
  "failed_trials": 1,
  "complete": false,
  "accuracy_target": 0.75,
  "run_error": "ValueError: Classifier returned nonfloating or nonfinite logits",
  "mean_accuracy": null,
  "accuracy_std": 0.0,
  "mean_training_time": null,
  "training_time_std": 0.0,
  "mean_evaluation_time": null,
  "evaluation_time_std": 0.0,
  "qualified": false,
  "official": false,
  "dataset": "CIFAR-100",
  "run_id": "20261003T201443Z-4f6cd49d"
}
Results: /home/jovyan/work/arena3/hypothesis/results/arena/20261003T201443Z-4f6cd49d
