W1003 20:24:40.834000 123138847811392 torch/fx/experimental/symbolic_shapes.py:4449] [1/0] idx_n is not in var_ranges, defaulting to unknown range.
W1003 20:24:54.399000 123138847811392 torch/fx/experimental/symbolic_shapes.py:4449] [1/2] idx_n is not in var_ranges, defaulting to unknown range.
trial 1/3: accuracy=75.31% training=4.768s inference=0.110s
trial 2/3: accuracy=75.11% training=4.694s inference=0.084s
trial 3/3: accuracy=75.34% training=4.693s inference=0.083s
{
  "requested_trials": 3,
  "number_of_trials": 3,
  "successful_trials": 3,
  "failed_trials": 0,
  "complete": true,
  "accuracy_target": 0.75,
  "run_error": null,
  "mean_accuracy": 0.7525333333333333,
  "accuracy_std": 0.0012503332889007264,
  "mean_training_time": 4.718397090332776,
  "training_time_std": 0.04254011952397189,
  "mean_evaluation_time": 0.09238355233537732,
  "evaluation_time_std": 0.015281868202859884,
  "qualified": true,
  "official": false,
  "dataset": "CIFAR-100",
  "run_id": "20261003T202412Z-845d7c94"
}
Results: /home/jovyan/work/arena3/hypothesis/results/arena/20261003T202412Z-845d7c94
