W1003 20:27:14.942000 128972065326912 torch/fx/experimental/symbolic_shapes.py:4449] [1/0] idx_n is not in var_ranges, defaulting to unknown range.
W1003 20:27:28.408000 128972065326912 torch/fx/experimental/symbolic_shapes.py:4449] [1/2] idx_n is not in var_ranges, defaulting to unknown range.
trial 1/3: accuracy=75.20% training=4.765s inference=0.094s
trial 2/3: accuracy=75.23% training=4.691s inference=0.084s
trial 3/3: accuracy=75.60% training=4.693s inference=0.083s
{
  "requested_trials": 3,
  "number_of_trials": 3,
  "successful_trials": 3,
  "failed_trials": 0,
  "complete": true,
  "accuracy_target": 0.75,
  "run_error": null,
  "mean_accuracy": 0.7534333333333333,
  "accuracy_std": 0.0022278539748676034,
  "mean_training_time": 4.716619396664707,
  "training_time_std": 0.042256043618005355,
  "mean_evaluation_time": 0.08702474699869829,
  "evaluation_time_std": 0.005764097681302269,
  "qualified": true,
  "official": false,
  "dataset": "CIFAR-100",
  "run_id": "20261003T202646Z-88ae882b"
}
Results: /home/jovyan/work/arena3/hypothesis/results/arena/20261003T202646Z-88ae882b
