W1003 20:29:37.820000 137605530588992 torch/fx/experimental/symbolic_shapes.py:4449] [1/0] idx_n is not in var_ranges, defaulting to unknown range.
W1003 20:29:51.280000 137605530588992 torch/fx/experimental/symbolic_shapes.py:4449] [1/2] idx_n is not in var_ranges, defaulting to unknown range.
trial 1/3: accuracy=75.03% training=4.795s inference=0.134s
trial 2/3: accuracy=75.31% training=4.717s inference=0.103s
trial 3/3: accuracy=75.34% training=4.729s inference=0.084s
{
  "requested_trials": 3,
  "number_of_trials": 3,
  "successful_trials": 3,
  "failed_trials": 0,
  "complete": true,
  "accuracy_target": 0.75,
  "run_error": null,
  "mean_accuracy": 0.7522666666666666,
  "accuracy_std": 0.0017097758137642914,
  "mean_training_time": 4.747323206667109,
  "training_time_std": 0.04185866578834368,
  "mean_evaluation_time": 0.10693974166254823,
  "evaluation_time_std": 0.02517175044994389,
  "qualified": true,
  "official": false,
  "dataset": "CIFAR-100",
  "run_id": "20261003T202909Z-81e510d8"
}
Results: /home/jovyan/work/arena3/hypothesis/results/arena/20261003T202909Z-81e510d8
