W1003 20:32:05.834000 136681134729024 torch/fx/experimental/symbolic_shapes.py:4449] [1/0] idx_n is not in var_ranges, defaulting to unknown range.
W1003 20:32:19.241000 136681134729024 torch/fx/experimental/symbolic_shapes.py:4449] [1/2] idx_n is not in var_ranges, defaulting to unknown range.
trial 1/3: accuracy=75.11% training=4.807s inference=0.094s
trial 2/3: accuracy=75.28% training=4.739s inference=0.084s
trial 3/3: accuracy=75.23% training=4.737s inference=0.083s
{
  "requested_trials": 3,
  "number_of_trials": 3,
  "successful_trials": 3,
  "failed_trials": 0,
  "complete": true,
  "accuracy_target": 0.75,
  "run_error": null,
  "mean_accuracy": 0.7520666666666667,
  "accuracy_std": 0.0008736894948054222,
  "mean_training_time": 4.760971072331206,
  "training_time_std": 0.04016451701441959,
  "mean_evaluation_time": 0.08703183333273046,
  "evaluation_time_std": 0.006044452983648369,
  "qualified": true,
  "official": false,
  "dataset": "CIFAR-100",
  "run_id": "20261003T203137Z-2eea9ab8"
}
Results: /home/jovyan/work/arena3/hypothesis/results/arena/20261003T203137Z-2eea9ab8
