W1003 20:34:14.884000 131037646833472 torch/fx/experimental/symbolic_shapes.py:4449] [1/0] idx_n is not in var_ranges, defaulting to unknown range.
W1003 20:34:28.414000 131037646833472 torch/fx/experimental/symbolic_shapes.py:4449] [1/2] idx_n is not in var_ranges, defaulting to unknown range.
trial 1/3: accuracy=75.21% training=4.723s inference=0.133s
trial 2/3: accuracy=75.21% training=4.649s inference=0.107s
trial 3/3: accuracy=75.38% training=4.652s inference=0.084s
{
  "requested_trials": 3,
  "number_of_trials": 3,
  "successful_trials": 3,
  "failed_trials": 0,
  "complete": true,
  "accuracy_target": 0.75,
  "run_error": null,
  "mean_accuracy": 0.7526666666666667,
  "accuracy_std": 0.000981495457622384,
  "mean_training_time": 4.674812873667785,
  "training_time_std": 0.04171513453931672,
  "mean_evaluation_time": 0.10831200166527803,
  "evaluation_time_std": 0.02469455870041812,
  "qualified": true,
  "official": false,
  "dataset": "CIFAR-100",
  "run_id": "20261003T203346Z-ab777974"
}
Results: /home/jovyan/work/arena3/hypothesis/results/arena/20261003T203346Z-ab777974
