W1003 20:36:55.721000 134693782845248 torch/fx/experimental/symbolic_shapes.py:4449] [1/0] idx_n is not in var_ranges, defaulting to unknown range.
W1003 20:37:09.172000 134693782845248 torch/fx/experimental/symbolic_shapes.py:4449] [1/2] idx_n is not in var_ranges, defaulting to unknown range.
trial 1/3: accuracy=75.22% training=4.751s inference=0.109s
trial 2/3: accuracy=75.37% training=4.673s inference=0.084s
trial 3/3: accuracy=75.10% training=4.679s inference=0.083s
{
  "requested_trials": 3,
  "number_of_trials": 3,
  "successful_trials": 3,
  "failed_trials": 0,
  "complete": true,
  "accuracy_target": 0.75,
  "run_error": null,
  "mean_accuracy": 0.7523,
  "accuracy_std": 0.0013527749258468876,
  "mean_training_time": 4.70098303166742,
  "training_time_std": 0.04307005557621592,
  "mean_evaluation_time": 0.09207611900152794,
  "evaluation_time_std": 0.014230363926649623,
  "qualified": true,
  "official": false,
  "dataset": "CIFAR-100",
  "run_id": "20261003T203627Z-109f88be"
}
Results: /home/jovyan/work/arena3/hypothesis/results/arena/20261003T203627Z-109f88be
