W1003 20:39:23.230000 124813715908416 torch/fx/experimental/symbolic_shapes.py:4449] [1/0] idx_n is not in var_ranges, defaulting to unknown range.
W1003 20:39:36.619000 124813715908416 torch/fx/experimental/symbolic_shapes.py:4449] [1/2] idx_n is not in var_ranges, defaulting to unknown range.
weights-checksum -8.486978e+03 source 48bf7c051504
trial 1/3: accuracy=74.93% training=4.723s inference=0.100s
weights-checksum -8.418385e+03 source 48bf7c051504
trial 2/3: accuracy=75.40% training=4.656s inference=0.123s
weights-checksum -8.230913e+03 source 48bf7c051504
trial 3/3: accuracy=75.65% training=4.662s inference=0.092s
{
  "requested_trials": 3,
  "number_of_trials": 3,
  "successful_trials": 3,
  "failed_trials": 0,
  "complete": true,
  "accuracy_target": 0.75,
  "run_error": null,
  "mean_accuracy": 0.7532666666666666,
  "accuracy_std": 0.0036555893277737464,
  "mean_training_time": 4.680445058669041,
  "training_time_std": 0.03702276925318517,
  "mean_evaluation_time": 0.10504057733245038,
  "evaluation_time_std": 0.016384868457447233,
  "qualified": true,
  "official": false,
  "dataset": "CIFAR-100",
  "run_id": "20261003T203854Z-d79f4446"
}
Results: /home/jovyan/work/arena3/hypothesis/results/arena/20261003T203854Z-d79f4446
