W1003 20:41:36.335000 128331135297344 torch/fx/experimental/symbolic_shapes.py:4449] [1/0] idx_n is not in var_ranges, defaulting to unknown range.
W1003 20:41:49.711000 128331135297344 torch/fx/experimental/symbolic_shapes.py:4449] [1/2] idx_n is not in var_ranges, defaulting to unknown range.
weights-checksum -8.293899e+03 source 48bf7c051504
trial 1/3: accuracy=75.46% training=4.717s inference=0.108s
weights-checksum -8.470085e+03 source 48bf7c051504
trial 2/3: accuracy=75.43% training=4.642s inference=0.083s
weights-checksum -8.266729e+03 source 48bf7c051504
trial 3/3: accuracy=75.48% training=4.648s inference=0.083s
{
  "requested_trials": 3,
  "number_of_trials": 3,
  "successful_trials": 3,
  "failed_trials": 0,
  "complete": true,
  "accuracy_target": 0.75,
  "run_error": null,
  "mean_accuracy": 0.7545666666666667,
  "accuracy_std": 0.0002516611478423894,
  "mean_training_time": 4.668809619334449,
  "training_time_std": 0.04143275339966586,
  "mean_evaluation_time": 0.09154245899844682,
  "evaluation_time_std": 0.014416734090495636,
  "qualified": true,
  "official": false,
  "dataset": "CIFAR-100",
  "run_id": "20261003T204108Z-f1996bbc"
}
Results: /home/jovyan/work/arena3/hypothesis/results/arena/20261003T204108Z-f1996bbc
