W1003 20:44:09.196000 130651272841024 torch/fx/experimental/symbolic_shapes.py:4449] [1/0] idx_n is not in var_ranges, defaulting to unknown range.
W1003 20:44:22.665000 130651272841024 torch/fx/experimental/symbolic_shapes.py:4449] [1/2] idx_n is not in var_ranges, defaulting to unknown range.
weights-checksum -8.271324e+03 source 16dfcd94b4fe
trial 1/3: accuracy=75.64% training=4.760s inference=0.095s
weights-checksum -8.419093e+03 source 16dfcd94b4fe
trial 2/3: accuracy=75.72% training=4.688s inference=0.083s
weights-checksum -8.310818e+03 source 16dfcd94b4fe
trial 3/3: accuracy=75.24% training=4.692s inference=0.084s
{
  "requested_trials": 3,
  "number_of_trials": 3,
  "successful_trials": 3,
  "failed_trials": 0,
  "complete": true,
  "accuracy_target": 0.75,
  "run_error": null,
  "mean_accuracy": 0.7553333333333333,
  "accuracy_std": 0.002571640202931465,
  "mean_training_time": 4.7132659449998755,
  "training_time_std": 0.04038841082673384,
  "mean_evaluation_time": 0.0871951966691995,
  "evaluation_time_std": 0.006376527468817961,
  "qualified": true,
  "official": false,
  "dataset": "CIFAR-100",
  "run_id": "20261003T204341Z-40393a8d"
}
Results: /home/jovyan/work/arena3/hypothesis/results/arena/20261003T204341Z-40393a8d
