W1003 20:46:12.603000 133052242401088 torch/fx/experimental/symbolic_shapes.py:4449] [1/0] idx_n is not in var_ranges, defaulting to unknown range.
W1003 20:46:26.184000 133052242401088 torch/fx/experimental/symbolic_shapes.py:4449] [1/2] idx_n is not in var_ranges, defaulting to unknown range.
weights-checksum -8.178410e+03 source 16dfcd94b4fe
trial 1/3: accuracy=75.70% training=4.752s inference=0.094s
weights-checksum -8.391176e+03 source 16dfcd94b4fe
trial 2/3: accuracy=75.24% training=4.685s inference=0.084s
weights-checksum -8.231760e+03 source 16dfcd94b4fe
trial 3/3: accuracy=75.59% training=4.692s inference=0.084s
{
  "requested_trials": 3,
  "number_of_trials": 3,
  "successful_trials": 3,
  "failed_trials": 0,
  "complete": true,
  "accuracy_target": 0.75,
  "run_error": null,
  "mean_accuracy": 0.7551,
  "accuracy_std": 0.0024020824298928915,
  "mean_training_time": 4.709483802667819,
  "training_time_std": 0.036663909182599236,
  "mean_evaluation_time": 0.08745198499915811,
  "evaluation_time_std": 0.005866867169529881,
  "qualified": true,
  "official": false,
  "dataset": "CIFAR-100",
  "run_id": "20261003T204544Z-4eda6075"
}
Results: /home/jovyan/work/arena3/hypothesis/results/arena/20261003T204544Z-4eda6075
