W1003 20:58:11.984000 131500652537664 torch/fx/experimental/symbolic_shapes.py:4449] [1/0] idx_n is not in var_ranges, defaulting to unknown range.
W1003 20:58:25.487000 131500652537664 torch/fx/experimental/symbolic_shapes.py:4449] [1/2] idx_n is not in var_ranges, defaulting to unknown range.
weights-checksum -8.268315e+03 source d260c21377fe
trial 1/3: accuracy=75.65% training=4.713s inference=0.094s
weights-checksum -8.269356e+03 source d260c21377fe
trial 2/3: accuracy=75.82% training=4.637s inference=0.083s
weights-checksum -8.384384e+03 source d260c21377fe
trial 3/3: accuracy=75.63% training=4.643s inference=0.084s
{
  "requested_trials": 3,
  "number_of_trials": 3,
  "successful_trials": 3,
  "failed_trials": 0,
  "complete": true,
  "accuracy_target": 0.75,
  "run_error": null,
  "mean_accuracy": 0.757,
  "accuracy_std": 0.0010440306508910677,
  "mean_training_time": 4.6644082026662845,
  "training_time_std": 0.04252437465423869,
  "mean_evaluation_time": 0.08711420100007672,
  "evaluation_time_std": 0.006164559085059609,
  "qualified": true,
  "official": false,
  "dataset": "CIFAR-100",
  "run_id": "20261003T205743Z-b06dc8eb"
}
Results: /home/jovyan/work/arena3/hypothesis/results/arena/20261003T205743Z-b06dc8eb
