W1003 21:04:17.229000 123589893625664 torch/fx/experimental/symbolic_shapes.py:4449] [1/0] idx_n is not in var_ranges, defaulting to unknown range.
W1003 21:04:30.830000 123589893625664 torch/fx/experimental/symbolic_shapes.py:4449] [1/2] idx_n is not in var_ranges, defaulting to unknown range.
weights-checksum -8.486978e+03 source 48bf7c051504
trial 1/3: accuracy=74.93% training=4.722s inference=0.135s
weights-checksum -8.418385e+03 source 48bf7c051504
trial 2/3: accuracy=75.40% training=4.649s inference=0.122s
weights-checksum -8.230913e+03 source 48bf7c051504
trial 3/3: accuracy=75.65% training=4.653s inference=0.124s
{
  "requested_trials": 3,
  "number_of_trials": 3,
  "successful_trials": 3,
  "failed_trials": 0,
  "complete": true,
  "accuracy_target": 0.75,
  "run_error": null,
  "mean_accuracy": 0.7532666666666666,
  "accuracy_std": 0.0036555893277737464,
  "mean_training_time": 4.674721518997103,
  "training_time_std": 0.04104639361522348,
  "mean_evaluation_time": 0.1270371023347252,
  "evaluation_time_std": 0.0072390689147281495,
  "qualified": true,
  "official": false,
  "dataset": "CIFAR-100",
  "run_id": "20261003T210348Z-99d4edeb"
}
Results: /home/jovyan/work/arena3/hypothesis/results/arena/20261003T210348Z-99d4edeb
