W1003 21:06:50.256000 138057276565312 torch/fx/experimental/symbolic_shapes.py:4449] [1/0] idx_n is not in var_ranges, defaulting to unknown range.
W1003 21:07:03.351000 138057276565312 torch/fx/experimental/symbolic_shapes.py:4449] [1/2] idx_n is not in var_ranges, defaulting to unknown range.
weights-checksum -8.400124e+03 source b7e6dfa400b8
trial 1/3: accuracy=75.92% training=4.719s inference=0.124s
weights-checksum -8.405371e+03 source b7e6dfa400b8
trial 2/3: accuracy=75.84% training=4.640s inference=0.084s
weights-checksum -8.202041e+03 source b7e6dfa400b8
trial 3/3: accuracy=75.60% training=4.650s inference=0.084s
{
  "requested_trials": 3,
  "number_of_trials": 3,
  "successful_trials": 3,
  "failed_trials": 0,
  "complete": true,
  "accuracy_target": 0.75,
  "run_error": null,
  "mean_accuracy": 0.7578666666666667,
  "accuracy_std": 0.0016653327995728917,
  "mean_training_time": 4.669751325670707,
  "training_time_std": 0.04331133570227913,
  "mean_evaluation_time": 0.09740379333379678,
  "evaluation_time_std": 0.023430459293037005,
  "qualified": true,
  "official": false,
  "dataset": "CIFAR-100",
  "run_id": "20261003T210622Z-76c2887c"
}
Results: /home/jovyan/work/arena3/hypothesis/results/arena/20261003T210622Z-76c2887c
