W1003 21:08:57.801000 132133095139136 torch/fx/experimental/symbolic_shapes.py:4449] [1/0] idx_n is not in var_ranges, defaulting to unknown range.
W1003 21:09:10.957000 132133095139136 torch/fx/experimental/symbolic_shapes.py:4449] [1/2] idx_n is not in var_ranges, defaulting to unknown range.
weights-checksum -8.163896e+03 source b7e6dfa400b8
trial 1/3: accuracy=75.49% training=4.757s inference=0.110s
weights-checksum -8.232163e+03 source b7e6dfa400b8
trial 2/3: accuracy=75.30% training=4.681s inference=0.090s
weights-checksum -8.171737e+03 source b7e6dfa400b8
trial 3/3: accuracy=75.53% training=4.687s inference=0.084s
{
  "requested_trials": 3,
  "number_of_trials": 3,
  "successful_trials": 3,
  "failed_trials": 0,
  "complete": true,
  "accuracy_target": 0.75,
  "run_error": null,
  "mean_accuracy": 0.7544,
  "accuracy_std": 0.001228820572744442,
  "mean_training_time": 4.708412266333956,
  "training_time_std": 0.042075703436927965,
  "mean_evaluation_time": 0.09454794066550676,
  "evaluation_time_std": 0.013651931323626706,
  "qualified": true,
  "official": false,
  "dataset": "CIFAR-100",
  "run_id": "20261003T210829Z-e2c1abe7"
}
Results: /home/jovyan/work/arena3/hypothesis/results/arena/20261003T210829Z-e2c1abe7
