W1003 21:11:28.586000 137522825025344 torch/fx/experimental/symbolic_shapes.py:4449] [1/0] idx_n is not in var_ranges, defaulting to unknown range.
W1003 21:11:42.034000 137522825025344 torch/fx/experimental/symbolic_shapes.py:4449] [1/2] idx_n is not in var_ranges, defaulting to unknown range.
weights-checksum -7.851894e+03 source 9fe9399426e1
trial 1/3: accuracy=75.53% training=4.632s inference=0.135s
weights-checksum -8.114173e+03 source 9fe9399426e1
trial 2/3: accuracy=75.71% training=4.562s inference=0.123s
weights-checksum -7.892182e+03 source 9fe9399426e1
trial 3/3: accuracy=75.02% training=4.558s inference=0.114s
{
  "requested_trials": 3,
  "number_of_trials": 3,
  "successful_trials": 3,
  "failed_trials": 0,
  "complete": true,
  "accuracy_target": 0.75,
  "run_error": null,
  "mean_accuracy": 0.7542,
  "accuracy_std": 0.003579106033634662,
  "mean_training_time": 4.584103510331867,
  "training_time_std": 0.041722685584122454,
  "mean_evaluation_time": 0.12408257766461854,
  "evaluation_time_std": 0.010173856821313488,
  "qualified": true,
  "official": false,
  "dataset": "CIFAR-100",
  "run_id": "20261003T211100Z-7038f600"
}
Results: /home/jovyan/work/arena3/hypothesis/results/arena/20261003T211100Z-7038f600
