W1003 21:13:32.804000 128172690151232 torch/fx/experimental/symbolic_shapes.py:4449] [1/0] idx_n is not in var_ranges, defaulting to unknown range.
W1003 21:13:46.143000 128172690151232 torch/fx/experimental/symbolic_shapes.py:4449] [1/2] idx_n is not in var_ranges, defaulting to unknown range.
weights-checksum -7.908682e+03 source 9fe9399426e1
trial 1/3: accuracy=75.50% training=4.631s inference=0.132s
weights-checksum -8.108411e+03 source 9fe9399426e1
trial 2/3: accuracy=75.42% training=4.555s inference=0.115s
weights-checksum -7.856744e+03 source 9fe9399426e1
trial 3/3: accuracy=75.05% training=4.559s inference=0.084s
{
  "requested_trials": 3,
  "number_of_trials": 3,
  "successful_trials": 3,
  "failed_trials": 0,
  "complete": true,
  "accuracy_target": 0.75,
  "run_error": null,
  "mean_accuracy": 0.7532333333333333,
  "accuracy_std": 0.0024006943440041412,
  "mean_training_time": 4.58175478533182,
  "training_time_std": 0.042985613291400965,
  "mean_evaluation_time": 0.11039001833220634,
  "evaluation_time_std": 0.02433983022696301,
  "qualified": true,
  "official": false,
  "dataset": "CIFAR-100",
  "run_id": "20261003T211304Z-669dff98"
}
Results: /home/jovyan/work/arena3/hypothesis/results/arena/20261003T211304Z-669dff98
