W1003 21:15:55.402000 129017184147264 torch/fx/experimental/symbolic_shapes.py:4449] [1/0] idx_n is not in var_ranges, defaulting to unknown range.
W1003 21:16:08.745000 129017184147264 torch/fx/experimental/symbolic_shapes.py:4449] [1/2] idx_n is not in var_ranges, defaulting to unknown range.
weights-checksum -7.374201e+03 source ad6e42a0456a
trial 1/3: accuracy=75.25% training=4.641s inference=0.101s
weights-checksum -7.323174e+03 source ad6e42a0456a
trial 2/3: accuracy=75.43% training=4.567s inference=0.084s
weights-checksum -7.075893e+03 source ad6e42a0456a
trial 3/3: accuracy=75.57% training=4.574s inference=0.084s
{
  "requested_trials": 3,
  "number_of_trials": 3,
  "successful_trials": 3,
  "failed_trials": 0,
  "complete": true,
  "accuracy_target": 0.75,
  "run_error": null,
  "mean_accuracy": 0.7541666666666667,
  "accuracy_std": 0.0016041612554021734,
  "mean_training_time": 4.593888425998254,
  "training_time_std": 0.040926961475582155,
  "mean_evaluation_time": 0.08945918533087631,
  "evaluation_time_std": 0.009764533435984013,
  "qualified": true,
  "official": false,
  "dataset": "CIFAR-100",
  "run_id": "20261003T211526Z-933af322"
}
Results: /home/jovyan/work/arena3/hypothesis/results/arena/20261003T211526Z-933af322
