W1003 21:17:59.629000 127923328694080 torch/fx/experimental/symbolic_shapes.py:4449] [1/0] idx_n is not in var_ranges, defaulting to unknown range.
W1003 21:18:12.597000 127923328694080 torch/fx/experimental/symbolic_shapes.py:4449] [1/2] idx_n is not in var_ranges, defaulting to unknown range.
weights-checksum -7.222230e+03 source ad6e42a0456a
trial 1/3: accuracy=75.24% training=4.632s inference=0.108s
weights-checksum -7.223143e+03 source ad6e42a0456a
trial 2/3: accuracy=75.26% training=4.557s inference=0.094s
weights-checksum -7.284748e+03 source ad6e42a0456a
trial 3/3: accuracy=75.19% training=4.567s inference=0.094s
{
  "requested_trials": 3,
  "number_of_trials": 3,
  "successful_trials": 3,
  "failed_trials": 0,
  "complete": true,
  "accuracy_target": 0.75,
  "run_error": null,
  "mean_accuracy": 0.7523,
  "accuracy_std": 0.0003605551275464054,
  "mean_training_time": 4.584952502669087,
  "training_time_std": 0.040796165011696355,
  "mean_evaluation_time": 0.0987641339985809,
  "evaluation_time_std": 0.008120233994139085,
  "qualified": true,
  "official": false,
  "dataset": "CIFAR-100",
  "run_id": "20261003T211731Z-4a3cab18"
}
Results: /home/jovyan/work/arena3/hypothesis/results/arena/20261003T211731Z-4a3cab18
