W1003 21:20:14.849000 139246804473664 torch/fx/experimental/symbolic_shapes.py:4449] [1/0] idx_n is not in var_ranges, defaulting to unknown range.
W1003 21:20:28.082000 139246804473664 torch/fx/experimental/symbolic_shapes.py:4449] [1/2] idx_n is not in var_ranges, defaulting to unknown range.
weights-checksum -7.744890e+03 source 477effb28a5f
trial 1/3: accuracy=75.56% training=4.658s inference=0.094s
weights-checksum -7.816839e+03 source 477effb28a5f
trial 2/3: accuracy=75.55% training=4.577s inference=0.084s
weights-checksum -7.725728e+03 source 477effb28a5f
trial 3/3: accuracy=75.60% training=4.586s inference=0.084s
{
  "requested_trials": 3,
  "number_of_trials": 3,
  "successful_trials": 3,
  "failed_trials": 0,
  "complete": true,
  "accuracy_target": 0.75,
  "run_error": null,
  "mean_accuracy": 0.7557,
  "accuracy_std": 0.0002645751311064719,
  "mean_training_time": 4.606903849332109,
  "training_time_std": 0.04470822704280877,
  "mean_evaluation_time": 0.0871075023363422,
  "evaluation_time_std": 0.005617576973934672,
  "qualified": true,
  "official": false,
  "dataset": "CIFAR-100",
  "run_id": "20261003T211946Z-153c43a9"
}
Results: /home/jovyan/work/arena3/hypothesis/results/arena/20261003T211946Z-153c43a9
