W1003 21:22:21.301000 125098895320896 torch/fx/experimental/symbolic_shapes.py:4449] [1/0] idx_n is not in var_ranges, defaulting to unknown range.
W1003 21:22:34.373000 125098895320896 torch/fx/experimental/symbolic_shapes.py:4449] [1/2] idx_n is not in var_ranges, defaulting to unknown range.
weights-checksum -7.732761e+03 source 477effb28a5f
trial 1/3: accuracy=75.12% training=4.642s inference=0.113s
weights-checksum -7.859640e+03 source 477effb28a5f
trial 2/3: accuracy=75.13% training=4.569s inference=0.083s
weights-checksum -7.703353e+03 source 477effb28a5f
trial 3/3: accuracy=75.70% training=4.572s inference=0.083s
{
  "requested_trials": 3,
  "number_of_trials": 3,
  "successful_trials": 3,
  "failed_trials": 0,
  "complete": true,
  "accuracy_target": 0.75,
  "run_error": null,
  "mean_accuracy": 0.7531666666666667,
  "accuracy_std": 0.0033201405592735767,
  "mean_training_time": 4.594112662998668,
  "training_time_std": 0.04156842078060791,
  "mean_evaluation_time": 0.09318717633141205,
  "evaluation_time_std": 0.017252563248262555,
  "qualified": true,
  "official": false,
  "dataset": "CIFAR-100",
  "run_id": "20261003T212152Z-dab541a8"
}
Results: /home/jovyan/work/arena3/hypothesis/results/arena/20261003T212152Z-dab541a8
