W1003 21:32:57.959000 137452062652224 torch/fx/experimental/symbolic_shapes.py:4449] [1/0] idx_n is not in var_ranges, defaulting to unknown range.
W1003 21:33:10.815000 137452062652224 torch/fx/experimental/symbolic_shapes.py:4449] [1/2] idx_n is not in var_ranges, defaulting to unknown range.
weights-checksum -7.908682e+03 source 975daa711ae1
trial 1/3: accuracy=75.50% training=4.634s inference=0.108s
weights-checksum -8.108411e+03 source 975daa711ae1
trial 2/3: accuracy=75.42% training=4.560s inference=0.084s
weights-checksum -7.856744e+03 source 975daa711ae1
trial 3/3: accuracy=75.05% training=4.570s inference=0.086s
{
  "requested_trials": 3,
  "number_of_trials": 3,
  "successful_trials": 3,
  "failed_trials": 0,
  "complete": true,
  "accuracy_target": 0.75,
  "run_error": null,
  "mean_accuracy": 0.7532333333333333,
  "accuracy_std": 0.0024006943440041412,
  "mean_training_time": 4.588309487667478,
  "training_time_std": 0.04025669297007486,
  "mean_evaluation_time": 0.09272424733353546,
  "evaluation_time_std": 0.013491695318207698,
  "qualified": true,
  "official": false,
  "dataset": "CIFAR-100",
  "run_id": "20261003T213229Z-3d82557d"
}
Results: /home/jovyan/work/arena3/hypothesis/results/arena/20261003T213229Z-3d82557d
