W1003 21:40:08.222000 127306074482496 torch/fx/experimental/symbolic_shapes.py:4449] [1/0] idx_n is not in var_ranges, defaulting to unknown range.
W1003 21:40:21.146000 127306074482496 torch/fx/experimental/symbolic_shapes.py:4449] [1/2] idx_n is not in var_ranges, defaulting to unknown range.
weights-checksum -7.119986e+03 source 19e6a09ce4a6
trial 1/3: accuracy=75.08% training=4.634s inference=0.095s
weights-checksum -7.189057e+03 source 19e6a09ce4a6
trial 2/3: accuracy=74.74% training=4.555s inference=0.084s
weights-checksum -6.929782e+03 source 19e6a09ce4a6
trial 3/3: accuracy=75.35% training=4.562s inference=0.084s
{
  "requested_trials": 3,
  "number_of_trials": 3,
  "successful_trials": 3,
  "failed_trials": 0,
  "complete": true,
  "accuracy_target": 0.75,
  "run_error": null,
  "mean_accuracy": 0.7505666666666666,
  "accuracy_std": 0.0030566866593312,
  "mean_training_time": 4.583444958664283,
  "training_time_std": 0.043631512168669145,
  "mean_evaluation_time": 0.08747732266783714,
  "evaluation_time_std": 0.006453503985494773,
  "qualified": true,
  "official": false,
  "dataset": "CIFAR-100",
  "run_id": "20261003T213939Z-3e9eaec3"
}
Results: /home/jovyan/work/arena3/hypothesis/results/arena/20261003T213939Z-3e9eaec3
