W1003 21:44:58.963000 137102397949760 torch/fx/experimental/symbolic_shapes.py:4449] [1/0] idx_n is not in var_ranges, defaulting to unknown range.
W1003 21:45:12.019000 137102397949760 torch/fx/experimental/symbolic_shapes.py:4449] [1/2] idx_n is not in var_ranges, defaulting to unknown range.
weights-checksum -6.221188e+03 source 3e377e7a8bc3
trial 1/3: accuracy=75.22% training=4.636s inference=0.094s
weights-checksum -6.212482e+03 source 3e377e7a8bc3
trial 2/3: accuracy=75.09% training=4.560s inference=0.084s
weights-checksum -6.224169e+03 source 3e377e7a8bc3
trial 3/3: accuracy=74.76% training=4.569s inference=0.083s
{
  "requested_trials": 3,
  "number_of_trials": 3,
  "successful_trials": 3,
  "failed_trials": 0,
  "complete": true,
  "accuracy_target": 0.75,
  "run_error": null,
  "mean_accuracy": 0.7502333333333333,
  "accuracy_std": 0.002371356854910958,
  "mean_training_time": 4.588437731334125,
  "training_time_std": 0.04125876571244651,
  "mean_evaluation_time": 0.0869428296694726,
  "evaluation_time_std": 0.006229272651607049,
  "qualified": true,
  "official": false,
  "dataset": "CIFAR-100",
  "run_id": "20261003T214430Z-7ff08655"
}
Results: /home/jovyan/work/arena3/hypothesis/results/arena/20261003T214430Z-7ff08655
