W1003 21:49:33.409000 134488721164096 torch/fx/experimental/symbolic_shapes.py:4449] [1/0] idx_n is not in var_ranges, defaulting to unknown range.
W1003 21:49:46.443000 134488721164096 torch/fx/experimental/symbolic_shapes.py:4449] [1/2] idx_n is not in var_ranges, defaulting to unknown range.
weights-checksum -7.857210e+03 source 80dedac8abca
trial 1/3: accuracy=75.24% training=4.678s inference=0.094s
weights-checksum -8.110926e+03 source 80dedac8abca
trial 2/3: accuracy=75.11% training=4.601s inference=0.083s
weights-checksum -7.905487e+03 source 80dedac8abca
trial 3/3: accuracy=75.30% training=4.607s inference=0.084s
{
  "requested_trials": 3,
  "number_of_trials": 3,
  "successful_trials": 3,
  "failed_trials": 0,
  "complete": true,
  "accuracy_target": 0.75,
  "run_error": null,
  "mean_accuracy": 0.7521666666666667,
  "accuracy_std": 0.0009712534856222327,
  "mean_training_time": 4.628613853000085,
  "training_time_std": 0.04255709261252005,
  "mean_evaluation_time": 0.08702579200083467,
  "evaluation_time_std": 0.00598388847724871,
  "qualified": true,
  "official": false,
  "dataset": "CIFAR-100",
  "run_id": "20261003T214904Z-03f59637"
}
Results: /home/jovyan/work/arena3/hypothesis/results/arena/20261003T214904Z-03f59637
