W1003 22:00:57.817000 140313734076224 torch/fx/experimental/symbolic_shapes.py:4449] [1/0] idx_n is not in var_ranges, defaulting to unknown range.
W1003 22:01:10.838000 140313734076224 torch/fx/experimental/symbolic_shapes.py:4449] [1/2] idx_n is not in var_ranges, defaulting to unknown range.
weights-checksum -7.851894e+03 source 9fe9399426e1
trial 1/3: accuracy=75.53% training=4.627s inference=0.095s
weights-checksum -8.114173e+03 source 9fe9399426e1
trial 2/3: accuracy=75.71% training=4.555s inference=0.084s
weights-checksum -7.892182e+03 source 9fe9399426e1
trial 3/3: accuracy=75.02% training=4.570s inference=0.083s
{
  "requested_trials": 3,
  "number_of_trials": 3,
  "successful_trials": 3,
  "failed_trials": 0,
  "complete": true,
  "accuracy_target": 0.75,
  "run_error": null,
  "mean_accuracy": 0.7542,
  "accuracy_std": 0.003579106033634662,
  "mean_training_time": 4.583989864001826,
  "training_time_std": 0.03811854548015777,
  "mean_evaluation_time": 0.08731777966750087,
  "evaluation_time_std": 0.006397724283127623,
  "qualified": true,
  "official": false,
  "dataset": "CIFAR-100",
  "run_id": "20261003T220029Z-e73a06f1"
}
Results: /home/jovyan/work/arena3/hypothesis/results/arena/20261003T220029Z-e73a06f1
