W1003 22:08:17.146000 140674442037056 torch/fx/experimental/symbolic_shapes.py:4449] [1/0] idx_n is not in var_ranges, defaulting to unknown range.
W1003 22:08:30.176000 140674442037056 torch/fx/experimental/symbolic_shapes.py:4449] [1/2] idx_n is not in var_ranges, defaulting to unknown range.
weights-checksum -7.977522e+03 source 56b32fe7b9d7
trial 1/3: accuracy=75.24% training=4.657s inference=0.094s
weights-checksum -7.970903e+03 source 56b32fe7b9d7
trial 2/3: accuracy=74.79% training=4.580s inference=0.084s
weights-checksum -7.677267e+03 source 56b32fe7b9d7
trial 3/3: accuracy=75.17% training=4.589s inference=0.084s
{
  "requested_trials": 3,
  "number_of_trials": 3,
  "successful_trials": 3,
  "failed_trials": 0,
  "complete": true,
  "accuracy_target": 0.75,
  "run_error": null,
  "mean_accuracy": 0.7506666666666667,
  "accuracy_std": 0.0024214320831551874,
  "mean_training_time": 4.608474010667123,
  "training_time_std": 0.04189529612365031,
  "mean_evaluation_time": 0.08743611799824673,
  "evaluation_time_std": 0.006111316228987336,
  "qualified": true,
  "official": false,
  "dataset": "CIFAR-100",
  "run_id": "20261003T220748Z-d5be470e"
}
Results: /home/jovyan/work/arena3/hypothesis/results/arena/20261003T220748Z-d5be470e
