W1003 22:13:14.689000 136588897380160 torch/fx/experimental/symbolic_shapes.py:4449] [1/0] idx_n is not in var_ranges, defaulting to unknown range.
W1003 22:13:27.936000 136588897380160 torch/fx/experimental/symbolic_shapes.py:4449] [1/2] idx_n is not in var_ranges, defaulting to unknown range.
weights-checksum -1.226246e+03 source 2f9ce5afd907
trial 1/3: accuracy=47.44% training=4.639s inference=0.112s
weights-checksum -1.217582e+03 source 2f9ce5afd907
trial 2/3: accuracy=49.93% training=4.563s inference=0.084s
weights-checksum -1.232781e+03 source 2f9ce5afd907
trial 3/3: accuracy=48.84% training=4.569s inference=0.084s
{
  "requested_trials": 3,
  "number_of_trials": 3,
  "successful_trials": 3,
  "failed_trials": 0,
  "complete": true,
  "accuracy_target": 0.75,
  "run_error": null,
  "mean_accuracy": 0.48736666666666667,
  "accuracy_std": 0.01248212054633882,
  "mean_training_time": 4.5899804606645676,
  "training_time_std": 0.042145971720018716,
  "mean_evaluation_time": 0.09327558233295956,
  "evaluation_time_std": 0.016616929389537936,
  "qualified": false,
  "official": false,
  "dataset": "CIFAR-100",
  "run_id": "20261003T221245Z-7c1c1771"
}
Results: /home/jovyan/work/arena3/hypothesis/results/arena/20261003T221245Z-7c1c1771
