W1003 22:17:55.929000 128584877700928 torch/fx/experimental/symbolic_shapes.py:4449] [1/0] idx_n is not in var_ranges, defaulting to unknown range.
W1003 22:18:08.844000 128584877700928 torch/fx/experimental/symbolic_shapes.py:4449] [1/2] idx_n is not in var_ranges, defaulting to unknown range.
weights-checksum -7.907571e+03 source 1da414868eee
trial 1/3: accuracy=75.50% training=4.632s inference=0.096s
weights-checksum -8.107856e+03 source 1da414868eee
trial 2/3: accuracy=75.39% training=4.558s inference=0.084s
weights-checksum -7.854386e+03 source 1da414868eee
trial 3/3: accuracy=74.75% training=4.566s inference=0.083s
{
  "requested_trials": 3,
  "number_of_trials": 3,
  "successful_trials": 3,
  "failed_trials": 0,
  "complete": true,
  "accuracy_target": 0.75,
  "run_error": null,
  "mean_accuracy": 0.7521333333333333,
  "accuracy_std": 0.004050102879351724,
  "mean_training_time": 4.58503004200126,
  "training_time_std": 0.040478086675802494,
  "mean_evaluation_time": 0.08788861333111224,
  "evaluation_time_std": 0.006858917603893706,
  "qualified": true,
  "official": false,
  "dataset": "CIFAR-100",
  "run_id": "20261003T221727Z-5f4a0564"
}
Results: /home/jovyan/work/arena3/hypothesis/results/arena/20261003T221727Z-5f4a0564
