W1003 22:26:01.109000 124260457051968 torch/fx/experimental/symbolic_shapes.py:4449] [1/0] idx_n is not in var_ranges, defaulting to unknown range.
W1003 22:26:14.291000 124260457051968 torch/fx/experimental/symbolic_shapes.py:4449] [1/2] idx_n is not in var_ranges, defaulting to unknown range.
weights-checksum -8.040621e+03 source 800512f38e7b
trial 1/3: accuracy=75.56% training=4.745s inference=0.094s
weights-checksum -8.144151e+03 source 800512f38e7b
trial 2/3: accuracy=75.70% training=4.674s inference=0.084s
weights-checksum -8.153826e+03 source 800512f38e7b
trial 3/3: accuracy=75.55% training=4.678s inference=0.084s
{
  "requested_trials": 3,
  "number_of_trials": 3,
  "successful_trials": 3,
  "failed_trials": 0,
  "complete": true,
  "accuracy_target": 0.75,
  "run_error": null,
  "mean_accuracy": 0.7560333333333333,
  "accuracy_std": 0.0008386497083606152,
  "mean_training_time": 4.699097051331289,
  "training_time_std": 0.04018323444583388,
  "mean_evaluation_time": 0.08733480899779049,
  "evaluation_time_std": 0.005795328893042156,
  "qualified": true,
  "official": false,
  "dataset": "CIFAR-100",
  "run_id": "20261003T222532Z-498b535b"
}
Results: /home/jovyan/work/arena3/hypothesis/results/arena/20261003T222532Z-498b535b
