W1003 22:28:07.202000 140508689348416 torch/fx/experimental/symbolic_shapes.py:4449] [1/0] idx_n is not in var_ranges, defaulting to unknown range.
W1003 22:28:20.136000 140508689348416 torch/fx/experimental/symbolic_shapes.py:4449] [1/2] idx_n is not in var_ranges, defaulting to unknown range.
weights-checksum -8.021118e+03 source 800512f38e7b
trial 1/3: accuracy=75.40% training=4.749s inference=0.094s
weights-checksum -8.141858e+03 source 800512f38e7b
trial 2/3: accuracy=75.54% training=4.677s inference=0.083s
weights-checksum -7.844916e+03 source 800512f38e7b
trial 3/3: accuracy=75.57% training=4.684s inference=0.084s
{
  "requested_trials": 3,
  "number_of_trials": 3,
  "successful_trials": 3,
  "failed_trials": 0,
  "complete": true,
  "accuracy_target": 0.75,
  "run_error": null,
  "mean_accuracy": 0.7550333333333333,
  "accuracy_std": 0.0009073771725877507,
  "mean_training_time": 4.703471908998229,
  "training_time_std": 0.03996479028508553,
  "mean_evaluation_time": 0.08694964933238225,
  "evaluation_time_std": 0.006000657921600427,
  "qualified": true,
  "official": false,
  "dataset": "CIFAR-100",
  "run_id": "20261003T222738Z-71b0818f"
}
Results: /home/jovyan/work/arena3/hypothesis/results/arena/20261003T222738Z-71b0818f
