W1003 22:32:46.011000 136774376093504 torch/fx/experimental/symbolic_shapes.py:4449] [1/0] idx_n is not in var_ranges, defaulting to unknown range.
W1003 22:32:59.254000 136774376093504 torch/fx/experimental/symbolic_shapes.py:4449] [1/2] idx_n is not in var_ranges, defaulting to unknown range.
weights-checksum -7.908682e+03 source d6f99075e048
trial 1/3: accuracy=75.50% training=4.565s inference=0.094s
weights-checksum -8.108411e+03 source d6f99075e048
trial 2/3: accuracy=75.42% training=4.566s inference=0.084s
weights-checksum -7.856744e+03 source d6f99075e048
trial 3/3: accuracy=75.05% training=4.572s inference=0.084s
{
  "requested_trials": 3,
  "number_of_trials": 3,
  "successful_trials": 3,
  "failed_trials": 0,
  "complete": true,
  "accuracy_target": 0.75,
  "run_error": null,
  "mean_accuracy": 0.7532333333333333,
  "accuracy_std": 0.0024006943440041412,
  "mean_training_time": 4.567785453664935,
  "training_time_std": 0.003737977394284374,
  "mean_evaluation_time": 0.08738872566755163,
  "evaluation_time_std": 0.005848776267691002,
  "qualified": true,
  "official": false,
  "dataset": "CIFAR-100",
  "run_id": "20261003T223217Z-e1aed169"
}
Results: /home/jovyan/work/arena3/hypothesis/results/arena/20261003T223217Z-e1aed169
