W1003 22:44:45.715000 125748214118208 torch/fx/experimental/symbolic_shapes.py:4449] [1/0] idx_n is not in var_ranges, defaulting to unknown range.
W1003 22:44:58.723000 125748214118208 torch/fx/experimental/symbolic_shapes.py:4449] [1/2] idx_n is not in var_ranges, defaulting to unknown range.
weights-checksum -7.680270e+03 source 2e2138638e01
trial 1/3: accuracy=74.99% training=4.447s inference=0.094s
weights-checksum -7.793557e+03 source 2e2138638e01
trial 2/3: accuracy=75.04% training=4.452s inference=0.084s
weights-checksum -7.667599e+03 source 2e2138638e01
trial 3/3: accuracy=75.42% training=4.455s inference=0.084s
{
  "requested_trials": 3,
  "number_of_trials": 3,
  "successful_trials": 3,
  "failed_trials": 0,
  "complete": true,
  "accuracy_target": 0.75,
  "run_error": null,
  "mean_accuracy": 0.7515,
  "accuracy_std": 0.0023515952032609655,
  "mean_training_time": 4.451192977663595,
  "training_time_std": 0.004219291559504505,
  "mean_evaluation_time": 0.0872688720022173,
  "evaluation_time_std": 0.0061935143069245776,
  "qualified": true,
  "official": false,
  "dataset": "CIFAR-100",
  "run_id": "20261003T224417Z-70e137b3"
}
Results: /home/jovyan/work/arena3/hypothesis/results/arena/20261003T224417Z-70e137b3
