W1003 22:52:58.242000 126008316692288 torch/fx/experimental/symbolic_shapes.py:4449] [1/0] idx_n is not in var_ranges, defaulting to unknown range.
W1003 22:53:11.350000 126008316692288 torch/fx/experimental/symbolic_shapes.py:4449] [1/2] idx_n is not in var_ranges, defaulting to unknown range.
weights-checksum -7.973732e+03 source d9e8676b8f7b
trial 1/3: accuracy=75.48% training=4.454s inference=0.095s
weights-checksum -8.115681e+03 source d9e8676b8f7b
trial 2/3: accuracy=75.06% training=4.457s inference=0.084s
weights-checksum -8.083894e+03 source d9e8676b8f7b
trial 3/3: accuracy=75.38% training=4.466s inference=0.084s
{
  "requested_trials": 3,
  "number_of_trials": 3,
  "successful_trials": 3,
  "failed_trials": 0,
  "complete": true,
  "accuracy_target": 0.75,
  "run_error": null,
  "mean_accuracy": 0.7530666666666667,
  "accuracy_std": 0.0021939310229205674,
  "mean_training_time": 4.458946407331193,
  "training_time_std": 0.006143772771872025,
  "mean_evaluation_time": 0.08766448000096716,
  "evaluation_time_std": 0.006718248542924099,
  "qualified": true,
  "official": false,
  "dataset": "CIFAR-100",
  "run_id": "20261003T225229Z-7afe9e58"
}
Results: /home/jovyan/work/arena3/hypothesis/results/arena/20261003T225229Z-7afe9e58
