W1003 23:00:52.427000 128745683883840 torch/fx/experimental/symbolic_shapes.py:4449] [1/0] idx_n is not in var_ranges, defaulting to unknown range.
W1003 23:01:05.514000 128745683883840 torch/fx/experimental/symbolic_shapes.py:4449] [1/2] idx_n is not in var_ranges, defaulting to unknown range.
weights-checksum -8.199244e+03 source ed079a939f17
trial 1/3: accuracy=74.99% training=4.435s inference=0.094s
weights-checksum -8.461695e+03 source ed079a939f17
trial 2/3: accuracy=74.62% training=4.438s inference=0.084s
weights-checksum -8.342163e+03 source ed079a939f17
trial 3/3: accuracy=75.37% training=4.444s inference=0.084s
{
  "requested_trials": 3,
  "number_of_trials": 3,
  "successful_trials": 3,
  "failed_trials": 0,
  "complete": true,
  "accuracy_target": 0.75,
  "run_error": null,
  "mean_accuracy": 0.7499333333333333,
  "accuracy_std": 0.0037501111094651006,
  "mean_training_time": 4.438997104669397,
  "training_time_std": 0.004729796218263103,
  "mean_evaluation_time": 0.08734159766512069,
  "evaluation_time_std": 0.006105822570433051,
  "qualified": false,
  "official": false,
  "dataset": "CIFAR-100",
  "run_id": "20261003T230023Z-9f3bb01c"
}
Results: /home/jovyan/work/arena3/hypothesis/results/arena/20261003T230023Z-9f3bb01c
