W1003 23:06:30.028000 137826531669824 torch/fx/experimental/symbolic_shapes.py:4449] [1/0] idx_n is not in var_ranges, defaulting to unknown range.
W1003 23:06:42.925000 137826531669824 torch/fx/experimental/symbolic_shapes.py:4449] [1/2] idx_n is not in var_ranges, defaulting to unknown range.
weights-checksum -7.977479e+03 source daab2e3bf5f1
trial 1/3: accuracy=74.62% training=4.422s inference=0.093s
weights-checksum -8.102632e+03 source daab2e3bf5f1
trial 2/3: accuracy=75.07% training=4.423s inference=0.084s
weights-checksum -7.863801e+03 source daab2e3bf5f1
trial 3/3: accuracy=74.56% training=4.433s inference=0.083s
{
  "requested_trials": 3,
  "number_of_trials": 3,
  "successful_trials": 3,
  "failed_trials": 0,
  "complete": true,
  "accuracy_target": 0.75,
  "run_error": null,
  "mean_accuracy": 0.7475,
  "accuracy_std": 0.0027874719729532823,
  "mean_training_time": 4.426199502668169,
  "training_time_std": 0.006218984365868903,
  "mean_evaluation_time": 0.08671114566580702,
  "evaluation_time_std": 0.0058419468654982735,
  "qualified": false,
  "official": false,
  "dataset": "CIFAR-100",
  "run_id": "20261003T230601Z-8c8301b5"
}
Results: /home/jovyan/work/arena3/hypothesis/results/arena/20261003T230601Z-8c8301b5
