W1003 23:17:04.432000 138779932407616 torch/fx/experimental/symbolic_shapes.py:4449] [1/0] idx_n is not in var_ranges, defaulting to unknown range.
W1003 23:17:17.673000 138779932407616 torch/fx/experimental/symbolic_shapes.py:4449] [1/2] idx_n is not in var_ranges, defaulting to unknown range.
weights-checksum -7.956093e+03 source d9e8676b8f7b
trial 1/3: accuracy=75.16% training=4.465s inference=0.137s
weights-checksum -8.013813e+03 source d9e8676b8f7b
trial 2/3: accuracy=75.23% training=4.472s inference=0.087s
weights-checksum -7.966770e+03 source d9e8676b8f7b
trial 3/3: accuracy=75.12% training=4.470s inference=0.084s
{
  "requested_trials": 3,
  "number_of_trials": 3,
  "successful_trials": 3,
  "failed_trials": 0,
  "complete": true,
  "accuracy_target": 0.75,
  "run_error": null,
  "mean_accuracy": 0.7517,
  "accuracy_std": 0.0005567764362829907,
  "mean_training_time": 4.469204426667905,
  "training_time_std": 0.003781512081620968,
  "mean_evaluation_time": 0.1029871863356675,
  "evaluation_time_std": 0.029879274175780533,
  "qualified": true,
  "official": false,
  "dataset": "CIFAR-100",
  "run_id": "20261003T231635Z-ea9725b6"
}
Results: /home/jovyan/work/arena3/hypothesis/results/arena/20261003T231635Z-ea9725b6
