W1003 23:22:15.478000 134877441075008 torch/fx/experimental/symbolic_shapes.py:4449] [1/0] idx_n is not in var_ranges, defaulting to unknown range.
W1003 23:22:28.603000 134877441075008 torch/fx/experimental/symbolic_shapes.py:4449] [1/2] idx_n is not in var_ranges, defaulting to unknown range.
weights-checksum -8.019009e+03 source 782ea1e5a9e3
trial 1/3: accuracy=75.39% training=4.690s inference=0.095s
weights-checksum -8.218876e+03 source 782ea1e5a9e3
trial 2/3: accuracy=75.47% training=4.698s inference=0.084s
weights-checksum -8.071702e+03 source 782ea1e5a9e3
trial 3/3: accuracy=75.26% training=4.702s inference=0.084s
{
  "requested_trials": 3,
  "number_of_trials": 3,
  "successful_trials": 3,
  "failed_trials": 0,
  "complete": true,
  "accuracy_target": 0.75,
  "run_error": null,
  "mean_accuracy": 0.7537333333333334,
  "accuracy_std": 0.0010598742063723029,
  "mean_training_time": 4.696623133332953,
  "training_time_std": 0.0063935721620380715,
  "mean_evaluation_time": 0.08740286600126031,
  "evaluation_time_std": 0.006299492773113639,
  "qualified": true,
  "official": false,
  "dataset": "CIFAR-100",
  "run_id": "20261003T232146Z-d6b61ac2"
}
Results: /home/jovyan/work/arena3/hypothesis/results/arena/20261003T232146Z-d6b61ac2
