W1003 23:34:43.492000 138040345343808 torch/fx/experimental/symbolic_shapes.py:4449] [1/0] idx_n is not in var_ranges, defaulting to unknown range.
AUTOTUNE bmm(1x100x100, 1x100x100)
  triton_bmm_1172 0.0082 ms 100.0%
  triton_bmm_1173 0.0082 ms 100.0%
  bmm 0.0092 ms 88.9%
  triton_bmm_1174 0.0092 ms 88.9%
  triton_bmm_1175 0.0092 ms 88.9%
  triton_bmm_1178 0.0092 ms 88.9%
  triton_bmm_1179 0.0092 ms 88.9%
  triton_bmm_1180 0.0092 ms 88.9%
  triton_bmm_1181 0.0092 ms 88.9%
  triton_bmm_1182 0.0092 ms 88.9%
SingleProcess AUTOTUNE benchmarking takes 2.3705 seconds and 0.0015 seconds precompiling
AUTOTUNE bmm(1x100x576, 1x576x100)
  triton_bmm_1270 0.0102 ms 100.0%
  triton_bmm_1267 0.0113 ms 90.9%
  triton_bmm_1268 0.0113 ms 90.9%
  triton_bmm_1269 0.0113 ms 90.9%
  triton_bmm_1274 0.0113 ms 90.9%
  triton_bmm_1273 0.0123 ms 83.3%
  bmm 0.0133 ms 76.9%
  triton_bmm_1276 0.0133 ms 76.9%
  triton_bmm_1280 0.0143 ms 71.4%
  triton_bmm_1275 0.0154 ms 66.7%
SingleProcess AUTOTUNE benchmarking takes 2.2388 seconds and 0.0015 seconds precompiling
W1003 23:35:02.478000 138040345343808 torch/fx/experimental/symbolic_shapes.py:4449] [1/2] idx_n is not in var_ranges, defaulting to unknown range.
weights-checksum -8.062480e+03 source f365993a467e
trial 1/3: accuracy=75.53% training=4.462s inference=0.110s
weights-checksum -8.177691e+03 source f365993a467e
trial 2/3: accuracy=75.22% training=4.466s inference=0.083s
weights-checksum -7.984740e+03 source f365993a467e
trial 3/3: accuracy=75.43% training=4.473s inference=0.083s
{
  "requested_trials": 3,
  "number_of_trials": 3,
  "successful_trials": 3,
  "failed_trials": 0,
  "complete": true,
  "accuracy_target": 0.75,
  "run_error": null,
  "mean_accuracy": 0.7539333333333333,
  "accuracy_std": 0.0015821925715074378,
  "mean_training_time": 4.4671269899990875,
  "training_time_std": 0.0053725952791639844,
  "mean_evaluation_time": 0.09243518866909047,
  "evaluation_time_std": 0.015544071288519817,
  "qualified": true,
  "official": false,
  "dataset": "CIFAR-100",
  "run_id": "20261003T233415Z-78da41fc"
}
Results: /home/jovyan/work/arena3/hypothesis/results/arena/20261003T233415Z-78da41fc
