W1003 23:37:13.598000 126834944075584 torch/fx/experimental/symbolic_shapes.py:4449] [1/0] idx_n is not in var_ranges, defaulting to unknown range.
W1003 23:37:26.763000 126834944075584 torch/fx/experimental/symbolic_shapes.py:4449] [1/2] idx_n is not in var_ranges, defaulting to unknown range.
weights-checksum -8.062480e+03 source f365993a467e
trial 1/3: accuracy=75.53% training=4.465s inference=0.110s
weights-checksum -8.177691e+03 source f365993a467e
trial 2/3: accuracy=75.22% training=4.463s inference=0.084s
weights-checksum -7.984740e+03 source f365993a467e
trial 3/3: accuracy=75.43% training=4.466s inference=0.083s
{
  "requested_trials": 3,
  "number_of_trials": 3,
  "successful_trials": 3,
  "failed_trials": 0,
  "complete": true,
  "accuracy_target": 0.75,
  "run_error": null,
  "mean_accuracy": 0.7539333333333333,
  "accuracy_std": 0.0015821925715074378,
  "mean_training_time": 4.464765309329475,
  "training_time_std": 0.0014855210687130587,
  "mean_evaluation_time": 0.09234945166584414,
  "evaluation_time_std": 0.015082551089513726,
  "qualified": true,
  "official": false,
  "dataset": "CIFAR-100",
  "run_id": "20261003T233645Z-bab1adb1"
}
Results: /home/jovyan/work/arena3/hypothesis/results/arena/20261003T233645Z-bab1adb1
