W1004 00:00:14.570000 138488083523392 torch/fx/experimental/symbolic_shapes.py:4449] [1/0] idx_n is not in var_ranges, defaulting to unknown range.
W1004 00:00:27.507000 138488083523392 torch/fx/experimental/symbolic_shapes.py:4449] [1/2] idx_n is not in var_ranges, defaulting to unknown range.
weights-checksum -8.066312e+03 source d9e8676b8f7b
trial 1/3: accuracy=75.02% training=4.465s inference=0.094s
weights-checksum -8.136596e+03 source d9e8676b8f7b
trial 2/3: accuracy=74.76% training=4.469s inference=0.084s
weights-checksum -8.034959e+03 source d9e8676b8f7b
trial 3/3: accuracy=75.10% training=4.475s inference=0.085s
{
  "requested_trials": 3,
  "number_of_trials": 3,
  "successful_trials": 3,
  "failed_trials": 0,
  "complete": true,
  "accuracy_target": 0.75,
  "run_error": null,
  "mean_accuracy": 0.7496,
  "accuracy_std": 0.0017776388834630907,
  "mean_training_time": 4.469796770664591,
  "training_time_std": 0.005192985652972472,
  "mean_evaluation_time": 0.0875294666669409,
  "evaluation_time_std": 0.005267546222174401,
  "qualified": false,
  "official": false,
  "dataset": "CIFAR-100",
  "run_id": "20261003T235945Z-3a6ceb5a"
}
Results: /home/jovyan/work/arena3/hypothesis/results/arena/20261003T235945Z-3a6ceb5a
