W1004 00:07:47.442000 132077910046528 torch/fx/experimental/symbolic_shapes.py:4449] [1/0] idx_n is not in var_ranges, defaulting to unknown range.
W1004 00:08:00.449000 132077910046528 torch/fx/experimental/symbolic_shapes.py:4449] [1/2] idx_n is not in var_ranges, defaulting to unknown range.
weights-checksum -7.995104e+03 source 171b38a364d9
trial 1/3: accuracy=75.48% training=4.473s inference=0.095s
weights-checksum -8.138750e+03 source 171b38a364d9
trial 2/3: accuracy=75.52% training=4.477s inference=0.084s
weights-checksum -8.071595e+03 source 171b38a364d9
trial 3/3: accuracy=75.01% training=4.480s inference=0.084s
{
  "requested_trials": 3,
  "number_of_trials": 3,
  "successful_trials": 3,
  "failed_trials": 0,
  "complete": true,
  "accuracy_target": 0.75,
  "run_error": null,
  "mean_accuracy": 0.7533666666666666,
  "accuracy_std": 0.002836077102854112,
  "mean_training_time": 4.476680288333834,
  "training_time_std": 0.003423353582841397,
  "mean_evaluation_time": 0.08756676666719916,
  "evaluation_time_std": 0.006250427252388511,
  "qualified": true,
  "official": false,
  "dataset": "CIFAR-100",
  "run_id": "20261004T000706Z-cffa574b"
}
Results: /home/jovyan/work/arena3/hypothesis/results/arena/20261004T000706Z-cffa574b
