W1004 00:16:29.502000 137358523967296 torch/fx/experimental/symbolic_shapes.py:4449] [1/0] idx_n is not in var_ranges, defaulting to unknown range.
W1004 00:16:42.300000 137358523967296 torch/fx/experimental/symbolic_shapes.py:4449] [1/2] idx_n is not in var_ranges, defaulting to unknown range.
weights-checksum -8.319822e+03 source b80304182881
trial 1/3: accuracy=75.68% training=4.464s inference=0.095s
weights-checksum -8.101511e+03 source b80304182881
trial 2/3: accuracy=75.37% training=4.465s inference=0.085s
weights-checksum -7.970224e+03 source b80304182881
trial 3/3: accuracy=75.77% training=4.470s inference=0.084s
{
  "requested_trials": 3,
  "number_of_trials": 3,
  "successful_trials": 3,
  "failed_trials": 0,
  "complete": true,
  "accuracy_target": 0.75,
  "run_error": null,
  "mean_accuracy": 0.7560666666666667,
  "accuracy_std": 0.002098412098071619,
  "mean_training_time": 4.466691244000685,
  "training_time_std": 0.0031456089850090125,
  "mean_evaluation_time": 0.08767367699814106,
  "evaluation_time_std": 0.005968648719165982,
  "qualified": true,
  "official": false,
  "dataset": "CIFAR-100",
  "run_id": "20261004T001601Z-8d3db14e"
}
Results: /home/jovyan/work/arena3/hypothesis/results/arena/20261004T001601Z-8d3db14e
