W1004 00:18:53.838000 128493705172800 torch/fx/experimental/symbolic_shapes.py:4449] [1/0] idx_n is not in var_ranges, defaulting to unknown range.
W1004 00:19:06.665000 128493705172800 torch/fx/experimental/symbolic_shapes.py:4449] [1/2] idx_n is not in var_ranges, defaulting to unknown range.
weights-checksum -8.073979e+03 source b80304182881
trial 1/3: accuracy=75.22% training=4.456s inference=0.095s
weights-checksum -8.177696e+03 source b80304182881
trial 2/3: accuracy=75.13% training=4.460s inference=0.084s
weights-checksum -7.998015e+03 source b80304182881
trial 3/3: accuracy=75.12% training=4.469s inference=0.084s
{
  "requested_trials": 3,
  "number_of_trials": 3,
  "successful_trials": 3,
  "failed_trials": 0,
  "complete": true,
  "accuracy_target": 0.75,
  "run_error": null,
  "mean_accuracy": 0.7515666666666666,
  "accuracy_std": 0.0005507570547286134,
  "mean_training_time": 4.4616292640009005,
  "training_time_std": 0.006577183268646234,
  "mean_evaluation_time": 0.08751609832931233,
  "evaluation_time_std": 0.006203077088369026,
  "qualified": true,
  "official": false,
  "dataset": "CIFAR-100",
  "run_id": "20261004T001825Z-d29b7db3"
}
Results: /home/jovyan/work/arena3/hypothesis/results/arena/20261004T001825Z-d29b7db3
