W1004 00:25:24.970000 133119200409408 torch/fx/experimental/symbolic_shapes.py:4449] [1/0] idx_n is not in var_ranges, defaulting to unknown range.
W1004 00:25:37.881000 133119200409408 torch/fx/experimental/symbolic_shapes.py:4449] [1/2] idx_n is not in var_ranges, defaulting to unknown range.
weights-checksum -8.051072e+03 source 66fa4c54612f
trial 1/3: accuracy=74.99% training=4.516s inference=0.109s
weights-checksum -8.166729e+03 source 66fa4c54612f
trial 2/3: accuracy=75.30% training=4.516s inference=0.088s
weights-checksum -8.047620e+03 source 66fa4c54612f
trial 3/3: accuracy=75.33% training=4.525s inference=0.084s
{
  "requested_trials": 3,
  "number_of_trials": 3,
  "successful_trials": 3,
  "failed_trials": 0,
  "complete": true,
  "accuracy_target": 0.75,
  "run_error": null,
  "mean_accuracy": 0.7520666666666667,
  "accuracy_std": 0.0018823743871327176,
  "mean_training_time": 4.5189461129994015,
  "training_time_std": 0.005046518233983593,
  "mean_evaluation_time": 0.09328840933206568,
  "evaluation_time_std": 0.013488128324420418,
  "qualified": true,
  "official": false,
  "dataset": "CIFAR-100",
  "run_id": "20261004T002455Z-a750e99a"
}
Results: /home/jovyan/work/arena3/hypothesis/results/arena/20261004T002455Z-a750e99a
