W1004 00:32:11.044000 124595304003392 torch/fx/experimental/symbolic_shapes.py:4449] [1/0] idx_n is not in var_ranges, defaulting to unknown range.
W1004 00:32:23.632000 124595304003392 torch/fx/experimental/symbolic_shapes.py:4449] [1/2] idx_n is not in var_ranges, defaulting to unknown range.
weights-checksum -8.127531e+03 source ab4739b2f2f4
trial 1/3: accuracy=75.09% training=4.455s inference=0.094s
weights-checksum -8.329412e+03 source ab4739b2f2f4
trial 2/3: accuracy=75.54% training=4.453s inference=0.084s
weights-checksum -8.187591e+03 source ab4739b2f2f4
trial 3/3: accuracy=75.43% training=4.464s inference=0.083s
{
  "requested_trials": 3,
  "number_of_trials": 3,
  "successful_trials": 3,
  "failed_trials": 0,
  "complete": true,
  "accuracy_target": 0.75,
  "run_error": null,
  "mean_accuracy": 0.7535333333333333,
  "accuracy_std": 0.002345918441321694,
  "mean_training_time": 4.457322438667082,
  "training_time_std": 0.006049703153025116,
  "mean_evaluation_time": 0.08704729900152113,
  "evaluation_time_std": 0.006184229483908394,
  "qualified": true,
  "official": false,
  "dataset": "CIFAR-100",
  "run_id": "20261004T003142Z-dfd85052"
}
Results: /home/jovyan/work/arena3/hypothesis/results/arena/20261004T003142Z-dfd85052
