W1004 00:40:02.646000 124839272220480 torch/fx/experimental/symbolic_shapes.py:4449] [1/0] idx_n is not in var_ranges, defaulting to unknown range.
W1004 00:40:15.995000 124839272220480 torch/fx/experimental/symbolic_shapes.py:4449] [1/2] idx_n is not in var_ranges, defaulting to unknown range.
weights-checksum -8.632062e+03 source d4bee4514653
trial 1/3: accuracy=75.38% training=4.588s inference=0.095s
weights-checksum -8.759268e+03 source d4bee4514653
trial 2/3: accuracy=74.87% training=4.587s inference=0.084s
weights-checksum -8.848158e+03 source d4bee4514653
trial 3/3: accuracy=75.49% training=4.596s inference=0.084s
{
  "requested_trials": 3,
  "number_of_trials": 3,
  "successful_trials": 3,
  "failed_trials": 0,
  "complete": true,
  "accuracy_target": 0.75,
  "run_error": null,
  "mean_accuracy": 0.7524666666666667,
  "accuracy_std": 0.0033080709383768183,
  "mean_training_time": 4.590177353665543,
  "training_time_std": 0.004752818417627465,
  "mean_evaluation_time": 0.08777157433117584,
  "evaluation_time_std": 0.006363247272124074,
  "qualified": true,
  "official": false,
  "dataset": "CIFAR-100",
  "run_id": "20261004T003934Z-f64fded4"
}
Results: /home/jovyan/work/arena3/hypothesis/results/arena/20261004T003934Z-f64fded4
