W1004 00:46:24.113000 129285062338368 torch/fx/experimental/symbolic_shapes.py:4449] [1/0] idx_n is not in var_ranges, defaulting to unknown range.
W1004 00:46:37.377000 129285062338368 torch/fx/experimental/symbolic_shapes.py:4449] [1/2] idx_n is not in var_ranges, defaulting to unknown range.
weights-checksum -8.648800e+03 source 4fe2e67de995
trial 1/3: accuracy=75.17% training=4.466s inference=0.094s
weights-checksum -8.528986e+03 source 4fe2e67de995
trial 2/3: accuracy=75.03% training=4.468s inference=0.084s
weights-checksum -8.544188e+03 source 4fe2e67de995
trial 3/3: accuracy=75.54% training=4.474s inference=0.083s
{
  "requested_trials": 3,
  "number_of_trials": 3,
  "successful_trials": 3,
  "failed_trials": 0,
  "complete": true,
  "accuracy_target": 0.75,
  "run_error": null,
  "mean_accuracy": 0.7524666666666666,
  "accuracy_std": 0.002635020556529543,
  "mean_training_time": 4.469324076999328,
  "training_time_std": 0.00433790639550359,
  "mean_evaluation_time": 0.08715719533453618,
  "evaluation_time_std": 0.006145536785903915,
  "qualified": true,
  "official": false,
  "dataset": "CIFAR-100",
  "run_id": "20261004T004555Z-eab2bea5"
}
Results: /home/jovyan/work/arena3/hypothesis/results/arena/20261004T004555Z-eab2bea5
