W1004 00:56:37.204000 136821784676160 torch/fx/experimental/symbolic_shapes.py:4449] [1/0] idx_n is not in var_ranges, defaulting to unknown range.
W1004 00:56:49.993000 136821784676160 torch/fx/experimental/symbolic_shapes.py:4449] [1/2] idx_n is not in var_ranges, defaulting to unknown range.
weights-checksum -8.094396e+03 source b80304182881
trial 1/3: accuracy=75.20% training=4.463s inference=0.113s
weights-checksum -7.977602e+03 source b80304182881
trial 2/3: accuracy=75.51% training=4.468s inference=0.094s
weights-checksum -8.015983e+03 source b80304182881
trial 3/3: accuracy=75.81% training=4.476s inference=0.084s
{
  "requested_trials": 3,
  "number_of_trials": 3,
  "successful_trials": 3,
  "failed_trials": 0,
  "complete": true,
  "accuracy_target": 0.75,
  "run_error": null,
  "mean_accuracy": 0.7550666666666667,
  "accuracy_std": 0.0030501366089625095,
  "mean_training_time": 4.469218753001769,
  "training_time_std": 0.006759130355132789,
  "mean_evaluation_time": 0.09716893932879127,
  "evaluation_time_std": 0.014798713353480195,
  "qualified": true,
  "official": false,
  "dataset": "CIFAR-100",
  "run_id": "20261004T005608Z-58e7ce6c"
}
Results: /home/jovyan/work/arena3/hypothesis/results/arena/20261004T005608Z-58e7ce6c
