W1004 01:06:47.504000 136705622083392 torch/fx/experimental/symbolic_shapes.py:4449] [1/0] idx_n is not in var_ranges, defaulting to unknown range.
W1004 01:07:00.314000 136705622083392 torch/fx/experimental/symbolic_shapes.py:4449] [1/2] idx_n is not in var_ranges, defaulting to unknown range.
weights-checksum -7.993675e+03 source 40155d9dfcb9
trial 1/3: accuracy=75.05% training=4.469s inference=0.153s
weights-checksum -7.999599e+03 source 40155d9dfcb9
trial 2/3: accuracy=75.21% training=4.477s inference=0.084s
weights-checksum -8.131043e+03 source 40155d9dfcb9
trial 3/3: accuracy=75.38% training=4.483s inference=0.084s
{
  "requested_trials": 3,
  "number_of_trials": 3,
  "successful_trials": 3,
  "failed_trials": 0,
  "complete": true,
  "accuracy_target": 0.75,
  "run_error": null,
  "mean_accuracy": 0.7521333333333333,
  "accuracy_std": 0.001650252505931582,
  "mean_training_time": 4.47609497733356,
  "training_time_std": 0.006717894257438797,
  "mean_evaluation_time": 0.10673845766723389,
  "evaluation_time_std": 0.03973628445890116,
  "qualified": true,
  "official": false,
  "dataset": "CIFAR-100",
  "run_id": "20261004T010618Z-f4c29fa4"
}
Results: /home/jovyan/work/arena3/hypothesis/results/arena/20261004T010618Z-f4c29fa4
