W1004 01:20:53.184000 128177443444544 torch/fx/experimental/symbolic_shapes.py:4449] [1/0] idx_n is not in var_ranges, defaulting to unknown range.
W1004 01:21:05.854000 128177443444544 torch/fx/experimental/symbolic_shapes.py:4449] [1/2] idx_n is not in var_ranges, defaulting to unknown range.
weights-checksum -8.357958e+03 source cf7f0861ad82
trial 1/3: accuracy=75.55% training=4.477s inference=0.113s
weights-checksum -8.255916e+03 source cf7f0861ad82
trial 2/3: accuracy=75.04% training=4.482s inference=0.084s
weights-checksum -8.194542e+03 source cf7f0861ad82
trial 3/3: accuracy=75.23% training=4.484s inference=0.083s
{
  "requested_trials": 3,
  "number_of_trials": 3,
  "successful_trials": 3,
  "failed_trials": 0,
  "complete": true,
  "accuracy_target": 0.75,
  "run_error": null,
  "mean_accuracy": 0.7527333333333333,
  "accuracy_std": 0.0025774664562964364,
  "mean_training_time": 4.481092582665345,
  "training_time_std": 0.0034367049756032757,
  "mean_evaluation_time": 0.09339008366805501,
  "evaluation_time_std": 0.016869039978861567,
  "qualified": true,
  "official": false,
  "dataset": "CIFAR-100",
  "run_id": "20261004T012024Z-cb0e0b4f"
}
Results: /home/jovyan/work/arena3/hypothesis/results/arena/20261004T012024Z-cb0e0b4f
