W1004 01:23:17.858000 124133710149440 torch/fx/experimental/symbolic_shapes.py:4449] [1/0] idx_n is not in var_ranges, defaulting to unknown range.
W1004 01:23:30.689000 124133710149440 torch/fx/experimental/symbolic_shapes.py:4449] [1/2] idx_n is not in var_ranges, defaulting to unknown range.
weights-checksum -8.357958e+03 source cf7f0861ad82
trial 1/3: accuracy=75.55% training=4.486s inference=0.094s
weights-checksum -8.255916e+03 source cf7f0861ad82
trial 2/3: accuracy=75.04% training=4.484s inference=0.084s
weights-checksum -8.194542e+03 source cf7f0861ad82
trial 3/3: accuracy=75.23% training=4.488s inference=0.084s
{
  "requested_trials": 3,
  "number_of_trials": 3,
  "successful_trials": 3,
  "failed_trials": 0,
  "complete": true,
  "accuracy_target": 0.75,
  "run_error": null,
  "mean_accuracy": 0.7527333333333333,
  "accuracy_std": 0.0025774664562964364,
  "mean_training_time": 4.486173920997923,
  "training_time_std": 0.002138204200695329,
  "mean_evaluation_time": 0.08711839933433414,
  "evaluation_time_std": 0.006162023530012401,
  "qualified": true,
  "official": false,
  "dataset": "CIFAR-100",
  "run_id": "20261004T012249Z-a4958f76"
}
Results: /home/jovyan/work/arena3/hypothesis/results/arena/20261004T012249Z-a4958f76
