W1004 01:33:32.553000 134757190108992 torch/fx/experimental/symbolic_shapes.py:4449] [1/0] idx_n is not in var_ranges, defaulting to unknown range.
W1004 01:33:45.138000 134757190108992 torch/fx/experimental/symbolic_shapes.py:4449] [1/2] idx_n is not in var_ranges, defaulting to unknown range.
weights-checksum -8.085648e+03 source 6df29cd4768a
trial 1/3: accuracy=75.75% training=4.451s inference=0.097s
weights-checksum -8.204687e+03 source 6df29cd4768a
trial 2/3: accuracy=75.37% training=4.456s inference=0.084s
weights-checksum -7.965242e+03 source 6df29cd4768a
trial 3/3: accuracy=75.80% training=4.458s inference=0.084s
{
  "requested_trials": 3,
  "number_of_trials": 3,
  "successful_trials": 3,
  "failed_trials": 0,
  "complete": true,
  "accuracy_target": 0.75,
  "run_error": null,
  "mean_accuracy": 0.7564,
  "accuracy_std": 0.0023515952032609395,
  "mean_training_time": 4.454934563999511,
  "training_time_std": 0.0035861848860304505,
  "mean_evaluation_time": 0.08821939033320329,
  "evaluation_time_std": 0.0077862127701101855,
  "qualified": true,
  "official": false,
  "dataset": "CIFAR-100",
  "run_id": "20261004T013304Z-25ad8ac0"
}
Results: /home/jovyan/work/arena3/hypothesis/results/arena/20261004T013304Z-25ad8ac0
