W1004 01:43:35.370000 134210886772544 torch/fx/experimental/symbolic_shapes.py:4449] [1/0] idx_n is not in var_ranges, defaulting to unknown range.
W1004 01:43:48.422000 134210886772544 torch/fx/experimental/symbolic_shapes.py:4449] [1/2] idx_n is not in var_ranges, defaulting to unknown range.
weights-checksum -8.086524e+03 source 44711fff6656
trial 1/3: accuracy=75.58% training=4.464s inference=0.099s
weights-checksum -8.300226e+03 source 44711fff6656
trial 2/3: accuracy=75.40% training=4.467s inference=0.085s
weights-checksum -8.038224e+03 source 44711fff6656
trial 3/3: accuracy=75.42% training=4.473s inference=0.084s
{
  "requested_trials": 3,
  "number_of_trials": 3,
  "successful_trials": 3,
  "failed_trials": 0,
  "complete": true,
  "accuracy_target": 0.75,
  "run_error": null,
  "mean_accuracy": 0.7546666666666667,
  "accuracy_std": 0.0009865765724632683,
  "mean_training_time": 4.468147310998272,
  "training_time_std": 0.004719312097202255,
  "mean_evaluation_time": 0.08933410433140428,
  "evaluation_time_std": 0.008402919211397996,
  "qualified": true,
  "official": false,
  "dataset": "CIFAR-100",
  "run_id": "20261004T014306Z-c5e01dc7"
}
Results: /home/jovyan/work/arena3/hypothesis/results/arena/20261004T014306Z-c5e01dc7
