W1004 01:57:48.434000 137284594427712 torch/fx/experimental/symbolic_shapes.py:4449] [1/0] idx_n is not in var_ranges, defaulting to unknown range.
W1004 01:58:01.179000 137284594427712 torch/fx/experimental/symbolic_shapes.py:4449] [1/2] idx_n is not in var_ranges, defaulting to unknown range.
weights-checksum -7.820000e+03 source 5fec32f332e4
trial 1/3: accuracy=75.27% training=4.466s inference=0.094s
weights-checksum -7.835869e+03 source 5fec32f332e4
trial 2/3: accuracy=75.32% training=4.463s inference=0.122s
weights-checksum -7.883282e+03 source 5fec32f332e4
trial 3/3: accuracy=75.31% training=4.474s inference=0.124s
{
  "requested_trials": 3,
  "number_of_trials": 3,
  "successful_trials": 3,
  "failed_trials": 0,
  "complete": true,
  "accuracy_target": 0.75,
  "run_error": null,
  "mean_accuracy": 0.753,
  "accuracy_std": 0.00026457513110642993,
  "mean_training_time": 4.467791045666672,
  "training_time_std": 0.0053432451768315025,
  "mean_evaluation_time": 0.11340914033401835,
  "evaluation_time_std": 0.017216790942336274,
  "qualified": true,
  "official": false,
  "dataset": "CIFAR-100",
  "run_id": "20261004T015719Z-fb1c9e91"
}
Results: /home/jovyan/work/arena3/hypothesis/results/arena/20261004T015719Z-fb1c9e91
