W1004 02:20:14.676000 132220266768192 torch/fx/experimental/symbolic_shapes.py:4449] [1/0] idx_n is not in var_ranges, defaulting to unknown range.
W1004 02:20:27.534000 132220266768192 torch/fx/experimental/symbolic_shapes.py:4449] [1/2] idx_n is not in var_ranges, defaulting to unknown range.
weights-checksum -8.141013e+03 source b80304182881
trial 1/3: accuracy=75.16% training=4.456s inference=0.100s
weights-checksum -8.242629e+03 source b80304182881
trial 2/3: accuracy=75.23% training=4.462s inference=0.084s
weights-checksum -8.102448e+03 source b80304182881
trial 3/3: accuracy=75.58% training=4.466s inference=0.083s
{
  "requested_trials": 3,
  "number_of_trials": 3,
  "successful_trials": 3,
  "failed_trials": 0,
  "complete": true,
  "accuracy_target": 0.75,
  "run_error": null,
  "mean_accuracy": 0.7532333333333333,
  "accuracy_std": 0.0022501851775650283,
  "mean_training_time": 4.461653423333094,
  "training_time_std": 0.004999812030344469,
  "mean_evaluation_time": 0.08916306966906025,
  "evaluation_time_std": 0.009767613994173413,
  "qualified": true,
  "official": false,
  "dataset": "CIFAR-100",
  "run_id": "20261004T021946Z-de99a114"
}
Results: /home/jovyan/work/arena3/hypothesis/results/arena/20261004T021946Z-de99a114
