W1004 02:32:45.777000 137737794070336 torch/fx/experimental/symbolic_shapes.py:4449] [1/0] idx_n is not in var_ranges, defaulting to unknown range.
W1004 02:32:58.456000 137737794070336 torch/fx/experimental/symbolic_shapes.py:4449] [1/2] idx_n is not in var_ranges, defaulting to unknown range.
weights-checksum -8.077209e+03 source b80304182881
trial 1/3: accuracy=75.47% training=4.453s inference=0.097s
weights-checksum -8.198771e+03 source b80304182881
trial 2/3: accuracy=75.21% training=4.458s inference=0.084s
weights-checksum -8.062183e+03 source b80304182881
trial 3/3: accuracy=75.92% training=4.468s inference=0.084s
{
  "requested_trials": 3,
  "number_of_trials": 3,
  "successful_trials": 3,
  "failed_trials": 0,
  "complete": true,
  "accuracy_target": 0.75,
  "run_error": null,
  "mean_accuracy": 0.7553333333333333,
  "accuracy_std": 0.003592121007612812,
  "mean_training_time": 4.45976223366597,
  "training_time_std": 0.007842138362587556,
  "mean_evaluation_time": 0.08836757900038113,
  "evaluation_time_std": 0.007538882515738179,
  "qualified": true,
  "official": false,
  "dataset": "CIFAR-100",
  "run_id": "20261004T023217Z-e77ec01f"
}
Results: /home/jovyan/work/arena3/hypothesis/results/arena/20261004T023217Z-e77ec01f
