W1004 02:48:52.589000 132396900702016 torch/fx/experimental/symbolic_shapes.py:4449] [1/0] idx_n is not in var_ranges, defaulting to unknown range.
W1004 02:49:05.232000 132396900702016 torch/fx/experimental/symbolic_shapes.py:4449] [1/2] idx_n is not in var_ranges, defaulting to unknown range.
W1004 02:50:32.219000 132396900702016 torch/fx/experimental/symbolic_shapes.py:4449] [1/3] idx_n is not in var_ranges, defaulting to unknown range.
W1004 02:50:46.388000 132396900702016 torch/fx/experimental/symbolic_shapes.py:4449] [1/4] idx_n is not in var_ranges, defaulting to unknown range.
weights-checksum -8.056670e+03 source 96f527a4e25a
trial 1/3: accuracy=75.11% training=12.410s inference=0.094s
weights-checksum -8.181530e+03 source 96f527a4e25a
trial 2/3: accuracy=75.63% training=4.250s inference=0.097s
weights-checksum -8.051519e+03 source 96f527a4e25a
trial 3/3: accuracy=75.87% training=4.256s inference=0.084s
{
  "requested_trials": 3,
  "number_of_trials": 3,
  "successful_trials": 3,
  "failed_trials": 0,
  "complete": true,
  "accuracy_target": 0.75,
  "run_error": null,
  "mean_accuracy": 0.7553666666666666,
  "accuracy_std": 0.0038850139424889438,
  "mean_training_time": 6.972298407999915,
  "training_time_std": 4.709283479482774,
  "mean_evaluation_time": 0.09134759699857871,
  "evaluation_time_std": 0.006874800152199085,
  "qualified": true,
  "official": false,
  "dataset": "CIFAR-100",
  "run_id": "20261004T024824Z-8abe8884"
}
Results: /home/jovyan/work/arena3/hypothesis/results/arena/20261004T024824Z-8abe8884
