W1004 02:57:46.902000 126743274137408 torch/fx/experimental/symbolic_shapes.py:4449] [1/0] idx_n is not in var_ranges, defaulting to unknown range.
W1004 02:57:59.739000 126743274137408 torch/fx/experimental/symbolic_shapes.py:4449] [1/2] idx_n is not in var_ranges, defaulting to unknown range.
W1004 02:59:59.570000 126743274137408 torch/fx/experimental/symbolic_shapes.py:4449] [1/3] idx_n is not in var_ranges, defaulting to unknown range.
W1004 03:00:09.836000 126743274137408 torch/fx/experimental/symbolic_shapes.py:4449] [1/4] idx_n is not in var_ranges, defaulting to unknown range.
weights-checksum -8.128790e+03 source a050293d4bac
trial 1/3: accuracy=75.08% training=4.267s inference=0.140s
weights-checksum -8.281596e+03 source a050293d4bac
trial 2/3: accuracy=74.79% training=4.370s inference=0.124s
weights-checksum -7.971847e+03 source a050293d4bac
trial 3/3: accuracy=75.15% training=4.280s inference=0.195s
{
  "requested_trials": 3,
  "number_of_trials": 3,
  "successful_trials": 3,
  "failed_trials": 0,
  "complete": true,
  "accuracy_target": 0.75,
  "run_error": null,
  "mean_accuracy": 0.7500666666666667,
  "accuracy_std": 0.0019087517736293665,
  "mean_training_time": 4.305568195666031,
  "training_time_std": 0.05635307268709351,
  "mean_evaluation_time": 0.15282550100043105,
  "evaluation_time_std": 0.037003197627011285,
  "qualified": true,
  "official": false,
  "dataset": "CIFAR-100",
  "run_id": "20261004T025718Z-b8470f57"
}
Results: /home/jovyan/work/arena3/hypothesis/results/arena/20261004T025718Z-b8470f57
