W1004 03:17:59.939000 124203583498048 torch/fx/experimental/symbolic_shapes.py:4449] [1/0] idx_n is not in var_ranges, defaulting to unknown range.
W1004 03:18:12.943000 124203583498048 torch/fx/experimental/symbolic_shapes.py:4449] [1/2] idx_n is not in var_ranges, defaulting to unknown range.
weights-checksum -7.980664e+03 source b80304182881
trial 1/3: accuracy=75.40% training=4.501s inference=0.097s
weights-checksum -8.198046e+03 source b80304182881
trial 2/3: accuracy=75.41% training=4.484s inference=0.083s
weights-checksum -8.124610e+03 source b80304182881
trial 3/3: accuracy=75.22% training=4.495s inference=0.084s
{
  "requested_trials": 3,
  "number_of_trials": 3,
  "successful_trials": 3,
  "failed_trials": 0,
  "complete": true,
  "accuracy_target": 0.75,
  "run_error": null,
  "mean_accuracy": 0.7534333333333333,
  "accuracy_std": 0.001069267662156373,
  "mean_training_time": 4.49349159666599,
  "training_time_std": 0.008672484039929667,
  "mean_evaluation_time": 0.08780172400050408,
  "evaluation_time_std": 0.007816068198765694,
  "qualified": true,
  "official": false,
  "dataset": "CIFAR-100",
  "run_id": "20261004T031731Z-6f984772"
}
Results: /home/jovyan/work/arena3/hypothesis/results/arena/20261004T031731Z-6f984772
