W1004 03:30:38.786000 140661666211648 torch/fx/experimental/symbolic_shapes.py:4449] [1/0] idx_n is not in var_ranges, defaulting to unknown range.
W1004 03:30:52.096000 140661666211648 torch/fx/experimental/symbolic_shapes.py:4449] [1/2] idx_n is not in var_ranges, defaulting to unknown range.
W1004 03:32:19.138000 140661666211648 torch/fx/experimental/symbolic_shapes.py:4449] [1/3] idx_n is not in var_ranges, defaulting to unknown range.
W1004 03:32:28.305000 140661666211648 torch/fx/experimental/symbolic_shapes.py:4449] [1/4] idx_n is not in var_ranges, defaulting to unknown range.
weights-checksum -8.164835e+03 source a050293d4bac
trial 1/3: accuracy=75.10% training=4.261s inference=0.153s
weights-checksum -8.189844e+03 source a050293d4bac
trial 2/3: accuracy=75.18% training=4.264s inference=0.096s
weights-checksum -8.055458e+03 source a050293d4bac
trial 3/3: accuracy=75.33% training=4.267s inference=0.092s
{
  "requested_trials": 3,
  "number_of_trials": 3,
  "successful_trials": 3,
  "failed_trials": 0,
  "complete": true,
  "accuracy_target": 0.75,
  "run_error": null,
  "mean_accuracy": 0.7520333333333333,
  "accuracy_std": 0.0011676186592091138,
  "mean_training_time": 4.264140286667195,
  "training_time_std": 0.0029486011924292187,
  "mean_evaluation_time": 0.11348210666862239,
  "evaluation_time_std": 0.03387592512800817,
  "qualified": true,
  "official": false,
  "dataset": "CIFAR-100",
  "run_id": "20261004T033010Z-6f90613c"
}
Results: /home/jovyan/work/arena3/hypothesis/results/arena/20261004T033010Z-6f90613c
