W1004 03:33:27.497000 129441030985536 torch/fx/experimental/symbolic_shapes.py:4449] [1/0] idx_n is not in var_ranges, defaulting to unknown range.
W1004 03:33:40.561000 129441030985536 torch/fx/experimental/symbolic_shapes.py:4449] [1/2] idx_n is not in var_ranges, defaulting to unknown range.
W1004 03:35:07.402000 129441030985536 torch/fx/experimental/symbolic_shapes.py:4449] [1/3] idx_n is not in var_ranges, defaulting to unknown range.
W1004 03:35:16.413000 129441030985536 torch/fx/experimental/symbolic_shapes.py:4449] [1/4] idx_n is not in var_ranges, defaulting to unknown range.
weights-checksum -8.105487e+03 source a050293d4bac
trial 1/3: accuracy=75.74% training=4.258s inference=0.094s
weights-checksum -8.202141e+03 source a050293d4bac
trial 2/3: accuracy=75.18% training=4.258s inference=0.084s
weights-checksum -8.008130e+03 source a050293d4bac
trial 3/3: accuracy=75.00% training=4.269s inference=0.084s
{
  "requested_trials": 3,
  "number_of_trials": 3,
  "successful_trials": 3,
  "failed_trials": 0,
  "complete": true,
  "accuracy_target": 0.75,
  "run_error": null,
  "mean_accuracy": 0.7530666666666667,
  "accuracy_std": 0.003859188170241656,
  "mean_training_time": 4.261854620667388,
  "training_time_std": 0.006561740313693272,
  "mean_evaluation_time": 0.08731745566668299,
  "evaluation_time_std": 0.005730588312271556,
  "qualified": true,
  "official": false,
  "dataset": "CIFAR-100",
  "run_id": "20261004T033259Z-86d8c677"
}
Results: /home/jovyan/work/arena3/hypothesis/results/arena/20261004T033259Z-86d8c677
