W1004 03:46:28.962000 123646791984960 torch/fx/experimental/symbolic_shapes.py:4449] [1/0] idx_n is not in var_ranges, defaulting to unknown range.
W1004 03:46:41.979000 123646791984960 torch/fx/experimental/symbolic_shapes.py:4449] [1/2] idx_n is not in var_ranges, defaulting to unknown range.
W1004 03:48:08.691000 123646791984960 torch/fx/experimental/symbolic_shapes.py:4449] [1/3] idx_n is not in var_ranges, defaulting to unknown range.
W1004 03:48:17.669000 123646791984960 torch/fx/experimental/symbolic_shapes.py:4449] [1/4] idx_n is not in var_ranges, defaulting to unknown range.
weights-checksum -8.087212e+03 source d056cc599242
trial 1/3: accuracy=75.74% training=4.351s inference=0.095s
weights-checksum -8.195427e+03 source d056cc599242
trial 2/3: accuracy=75.11% training=4.354s inference=0.084s
weights-checksum -8.028552e+03 source d056cc599242
trial 3/3: accuracy=75.50% training=4.357s inference=0.123s
{
  "requested_trials": 3,
  "number_of_trials": 3,
  "successful_trials": 3,
  "failed_trials": 0,
  "complete": true,
  "accuracy_target": 0.75,
  "run_error": null,
  "mean_accuracy": 0.7545,
  "accuracy_std": 0.0031796226191169175,
  "mean_training_time": 4.354074129000462,
  "training_time_std": 0.0028662459590684786,
  "mean_evaluation_time": 0.10034227033126324,
  "evaluation_time_std": 0.020187749854202897,
  "qualified": true,
  "official": false,
  "dataset": "CIFAR-100",
  "run_id": "20261004T034600Z-bd2add30"
}
Results: /home/jovyan/work/arena3/hypothesis/results/arena/20261004T034600Z-bd2add30
