W1004 03:59:34.173000 124133584971584 torch/fx/experimental/symbolic_shapes.py:4449] [1/0] idx_n is not in var_ranges, defaulting to unknown range.
W1004 03:59:47.415000 124133584971584 torch/fx/experimental/symbolic_shapes.py:4449] [1/2] idx_n is not in var_ranges, defaulting to unknown range.
W1004 04:01:14.557000 124133584971584 torch/fx/experimental/symbolic_shapes.py:4449] [1/3] idx_n is not in var_ranges, defaulting to unknown range.
W1004 04:01:23.701000 124133584971584 torch/fx/experimental/symbolic_shapes.py:4449] [1/4] idx_n is not in var_ranges, defaulting to unknown range.
weights-checksum -8.058647e+03 source a050293d4bac
trial 1/3: accuracy=75.66% training=4.254s inference=0.095s
weights-checksum -8.077764e+03 source a050293d4bac
trial 2/3: accuracy=74.99% training=4.251s inference=0.096s
weights-checksum -8.068965e+03 source a050293d4bac
trial 3/3: accuracy=74.84% training=4.258s inference=0.084s
{
  "requested_trials": 3,
  "number_of_trials": 3,
  "successful_trials": 3,
  "failed_trials": 0,
  "complete": true,
  "accuracy_target": 0.75,
  "run_error": null,
  "mean_accuracy": 0.7516333333333334,
  "accuracy_std": 0.004366157731156046,
  "mean_training_time": 4.2540823923336575,
  "training_time_std": 0.003330477449249609,
  "mean_evaluation_time": 0.09140601233472505,
  "evaluation_time_std": 0.006404469351182788,
  "qualified": true,
  "official": false,
  "dataset": "CIFAR-100",
  "run_id": "20261004T035905Z-5b8d7698"
}
Results: /home/jovyan/work/arena3/hypothesis/results/arena/20261004T035905Z-5b8d7698
