W1004 04:06:11.863000 137009872410432 torch/fx/experimental/symbolic_shapes.py:4449] [1/0] idx_n is not in var_ranges, defaulting to unknown range.
W1004 04:06:25.101000 137009872410432 torch/fx/experimental/symbolic_shapes.py:4449] [1/2] idx_n is not in var_ranges, defaulting to unknown range.
W1004 04:07:52.206000 137009872410432 torch/fx/experimental/symbolic_shapes.py:4449] [1/3] idx_n is not in var_ranges, defaulting to unknown range.
W1004 04:08:01.406000 137009872410432 torch/fx/experimental/symbolic_shapes.py:4449] [1/4] idx_n is not in var_ranges, defaulting to unknown range.
weights-checksum -8.162238e+03 source a050293d4bac
trial 1/3: accuracy=75.16% training=4.258s inference=0.094s
weights-checksum -8.161166e+03 source a050293d4bac
trial 2/3: accuracy=74.99% training=4.260s inference=0.084s
weights-checksum -8.056895e+03 source a050293d4bac
trial 3/3: accuracy=75.00% training=4.265s inference=0.083s
{
  "requested_trials": 3,
  "number_of_trials": 3,
  "successful_trials": 3,
  "failed_trials": 0,
  "complete": true,
  "accuracy_target": 0.75,
  "run_error": null,
  "mean_accuracy": 0.7505000000000001,
  "accuracy_std": 0.0009539392014169686,
  "mean_training_time": 4.260942006001035,
  "training_time_std": 0.0036522969530646656,
  "mean_evaluation_time": 0.08688109433326947,
  "evaluation_time_std": 0.005833470777566447,
  "qualified": true,
  "official": false,
  "dataset": "CIFAR-100",
  "run_id": "20261004T040543Z-6c4c1d47"
}
Results: /home/jovyan/work/arena3/hypothesis/results/arena/20261004T040543Z-6c4c1d47
