W1004 04:18:03.862000 136996826658624 torch/fx/experimental/symbolic_shapes.py:4449] [1/0] idx_n is not in var_ranges, defaulting to unknown range.
W1004 04:18:16.921000 136996826658624 torch/fx/experimental/symbolic_shapes.py:4449] [1/2] idx_n is not in var_ranges, defaulting to unknown range.
W1004 04:19:43.785000 136996826658624 torch/fx/experimental/symbolic_shapes.py:4449] [1/3] idx_n is not in var_ranges, defaulting to unknown range.
W1004 04:19:52.826000 136996826658624 torch/fx/experimental/symbolic_shapes.py:4449] [1/4] idx_n is not in var_ranges, defaulting to unknown range.
weights-checksum -8.058647e+03 source a050293d4bac
trial 1/3: accuracy=75.66% training=4.259s inference=0.094s
weights-checksum -8.077764e+03 source a050293d4bac
trial 2/3: accuracy=74.99% training=4.253s inference=0.084s
weights-checksum -8.068965e+03 source a050293d4bac
trial 3/3: accuracy=74.84% training=4.261s inference=0.084s
{
  "requested_trials": 3,
  "number_of_trials": 3,
  "successful_trials": 3,
  "failed_trials": 0,
  "complete": true,
  "accuracy_target": 0.75,
  "run_error": null,
  "mean_accuracy": 0.7516333333333334,
  "accuracy_std": 0.004366157731156046,
  "mean_training_time": 4.257923471998462,
  "training_time_std": 0.004146930848281191,
  "mean_evaluation_time": 0.08720087066709918,
  "evaluation_time_std": 0.006041446206100327,
  "qualified": true,
  "official": false,
  "dataset": "CIFAR-100",
  "run_id": "20261004T041735Z-6914f3ea"
}
Results: /home/jovyan/work/arena3/hypothesis/results/arena/20261004T041735Z-6914f3ea
