W1004 04:31:22.372000 128174002120512 torch/fx/experimental/symbolic_shapes.py:4449] [1/0] idx_n is not in var_ranges, defaulting to unknown range.
W1004 04:31:35.307000 128174002120512 torch/fx/experimental/symbolic_shapes.py:4449] [1/2] idx_n is not in var_ranges, defaulting to unknown range.
W1004 04:33:02.113000 128174002120512 torch/fx/experimental/symbolic_shapes.py:4449] [1/3] idx_n is not in var_ranges, defaulting to unknown range.
W1004 04:33:11.038000 128174002120512 torch/fx/experimental/symbolic_shapes.py:4449] [1/4] idx_n is not in var_ranges, defaulting to unknown range.
weights-checksum -7.737717e+03 source d4285ed1b2e0
trial 1/3: accuracy=74.33% training=4.263s inference=0.109s
weights-checksum -7.919213e+03 source d4285ed1b2e0
trial 2/3: accuracy=74.59% training=4.263s inference=0.106s
weights-checksum -7.680128e+03 source d4285ed1b2e0
trial 3/3: accuracy=74.28% training=4.267s inference=0.094s
{
  "requested_trials": 3,
  "number_of_trials": 3,
  "successful_trials": 3,
  "failed_trials": 0,
  "complete": true,
  "accuracy_target": 0.75,
  "run_error": null,
  "mean_accuracy": 0.744,
  "accuracy_std": 0.0016643316977093306,
  "mean_training_time": 4.264321459665855,
  "training_time_std": 0.002612541121575748,
  "mean_evaluation_time": 0.10304009266837966,
  "evaluation_time_std": 0.007844660584130313,
  "qualified": false,
  "official": false,
  "dataset": "CIFAR-100",
  "run_id": "20261004T043054Z-38cb5b93"
}
Results: /home/jovyan/work/arena3/hypothesis/results/arena/20261004T043054Z-38cb5b93
