W1004 04:47:33.002000 133956510476096 torch/fx/experimental/symbolic_shapes.py:4449] [1/0] idx_n is not in var_ranges, defaulting to unknown range.
W1004 04:47:45.862000 133956510476096 torch/fx/experimental/symbolic_shapes.py:4449] [1/2] idx_n is not in var_ranges, defaulting to unknown range.
W1004 04:49:13.136000 133956510476096 torch/fx/experimental/symbolic_shapes.py:4449] [1/3] idx_n is not in var_ranges, defaulting to unknown range.
W1004 04:49:22.304000 133956510476096 torch/fx/experimental/symbolic_shapes.py:4449] [1/4] idx_n is not in var_ranges, defaulting to unknown range.
W1004 04:49:33.325000 133956510476096 torch/fx/experimental/symbolic_shapes.py:4449] [1/5] idx_n is not in var_ranges, defaulting to unknown range.
W1004 04:49:38.715000 133956510476096 torch/fx/experimental/symbolic_shapes.py:4449] [1/6] idx_n is not in var_ranges, defaulting to unknown range.
weights-checksum -8.000690e+03 source c5407ee68116
trial 1/3: accuracy=75.61% training=4.117s inference=0.094s
weights-checksum -8.111737e+03 source c5407ee68116
trial 2/3: accuracy=74.81% training=4.116s inference=0.122s
weights-checksum -7.954994e+03 source c5407ee68116
trial 3/3: accuracy=74.97% training=4.123s inference=0.090s
{
  "requested_trials": 3,
  "number_of_trials": 3,
  "successful_trials": 3,
  "failed_trials": 0,
  "complete": true,
  "accuracy_target": 0.75,
  "run_error": null,
  "mean_accuracy": 0.7513,
  "accuracy_std": 0.00423320209770334,
  "mean_training_time": 4.118631916998614,
  "training_time_std": 0.004231994367998617,
  "mean_evaluation_time": 0.1021703013345056,
  "evaluation_time_std": 0.017740324193447374,
  "qualified": true,
  "official": false,
  "dataset": "CIFAR-100",
  "run_id": "20261004T044704Z-b3286516"
}
Results: /home/jovyan/work/arena3/hypothesis/results/arena/20261004T044704Z-b3286516
