W1004 05:03:39.240000 124574211209024 torch/fx/experimental/symbolic_shapes.py:4449] [1/0] idx_n is not in var_ranges, defaulting to unknown range.
W1004 05:03:52.391000 124574211209024 torch/fx/experimental/symbolic_shapes.py:4449] [1/2] idx_n is not in var_ranges, defaulting to unknown range.
W1004 05:05:19.779000 124574211209024 torch/fx/experimental/symbolic_shapes.py:4449] [1/3] idx_n is not in var_ranges, defaulting to unknown range.
W1004 05:05:29.271000 124574211209024 torch/fx/experimental/symbolic_shapes.py:4449] [1/4] idx_n is not in var_ranges, defaulting to unknown range.
weights-checksum -7.793323e+03 source aa62dd7b3ca6
trial 1/3: accuracy=74.82% training=4.173s inference=0.093s
weights-checksum -7.962125e+03 source aa62dd7b3ca6
trial 2/3: accuracy=74.75% training=4.168s inference=0.084s
weights-checksum -7.844586e+03 source aa62dd7b3ca6
trial 3/3: accuracy=74.66% training=4.176s inference=0.123s
{
  "requested_trials": 3,
  "number_of_trials": 3,
  "successful_trials": 3,
  "failed_trials": 0,
  "complete": true,
  "accuracy_target": 0.75,
  "run_error": null,
  "mean_accuracy": 0.7474333333333334,
  "accuracy_std": 0.0008020806277010337,
  "mean_training_time": 4.172597230009463,
  "training_time_std": 0.003934216922604654,
  "mean_evaluation_time": 0.0998248899995815,
  "evaluation_time_std": 0.02024803791142457,
  "qualified": false,
  "official": false,
  "dataset": "CIFAR-100",
  "run_id": "20261004T050310Z-1fdea13d"
}
Results: /home/jovyan/work/arena3/hypothesis/results/arena/20261004T050310Z-1fdea13d
