W1004 05:18:38.911000 127253451499328 torch/fx/experimental/symbolic_shapes.py:4449] [1/0] idx_n is not in var_ranges, defaulting to unknown range.
W1004 05:18:52.274000 127253451499328 torch/fx/experimental/symbolic_shapes.py:4449] [1/2] idx_n is not in var_ranges, defaulting to unknown range.
W1004 05:20:13.819000 127253451499328 torch/fx/experimental/symbolic_shapes.py:4449] [1/3] idx_n is not in var_ranges, defaulting to unknown range.
W1004 05:20:22.767000 127253451499328 torch/fx/experimental/symbolic_shapes.py:4449] [1/4] idx_n is not in var_ranges, defaulting to unknown range.
weights-checksum -8.613974e+03 source c44ad5536d73
trial 1/3: accuracy=75.13% training=3.960s inference=0.142s
weights-checksum -8.541459e+03 source c44ad5536d73
trial 2/3: accuracy=74.60% training=3.966s inference=0.124s
weights-checksum -8.586573e+03 source c44ad5536d73
trial 3/3: accuracy=74.81% training=3.969s inference=0.093s
{
  "requested_trials": 3,
  "number_of_trials": 3,
  "successful_trials": 3,
  "failed_trials": 0,
  "complete": true,
  "accuracy_target": 0.75,
  "run_error": null,
  "mean_accuracy": 0.7484666666666666,
  "accuracy_std": 0.002668957349478117,
  "mean_training_time": 3.964941650662998,
  "training_time_std": 0.004886274010243357,
  "mean_evaluation_time": 0.11962243499874603,
  "evaluation_time_std": 0.024543403325747323,
  "qualified": false,
  "official": false,
  "dataset": "CIFAR-100",
  "run_id": "20261004T051811Z-1e4829fe"
}
Results: /home/jovyan/work/arena3/hypothesis/results/arena/20261004T051811Z-1e4829fe
