W1004 05:41:17.114000 124648096765760 torch/fx/experimental/symbolic_shapes.py:4449] [1/0] idx_n is not in var_ranges, defaulting to unknown range.
W1004 05:41:30.539000 124648096765760 torch/fx/experimental/symbolic_shapes.py:4449] [1/2] idx_n is not in var_ranges, defaulting to unknown range.
W1004 05:42:58.097000 124648096765760 torch/fx/experimental/symbolic_shapes.py:4449] [1/3] idx_n is not in var_ranges, defaulting to unknown range.
W1004 05:43:07.218000 124648096765760 torch/fx/experimental/symbolic_shapes.py:4449] [1/4] idx_n is not in var_ranges, defaulting to unknown range.
weights-checksum -8.074452e+03 source a050293d4bac
trial 1/3: accuracy=75.95% training=4.266s inference=0.108s
weights-checksum -8.174343e+03 source a050293d4bac
trial 2/3: accuracy=74.88% training=4.264s inference=0.083s
weights-checksum -8.023788e+03 source a050293d4bac
trial 3/3: accuracy=75.17% training=4.266s inference=0.115s
{
  "requested_trials": 3,
  "number_of_trials": 3,
  "successful_trials": 3,
  "failed_trials": 0,
  "complete": true,
  "accuracy_target": 0.75,
  "run_error": null,
  "mean_accuracy": 0.7533333333333333,
  "accuracy_std": 0.005533835318595313,
  "mean_training_time": 4.265292513669313,
  "training_time_std": 0.0013756250410417582,
  "mean_evaluation_time": 0.10228368066600524,
  "evaluation_time_std": 0.01701924898687787,
  "qualified": true,
  "official": false,
  "dataset": "CIFAR-100",
  "run_id": "20261004T054048Z-afea78a4"
}
Results: /home/jovyan/work/arena3/hypothesis/results/arena/20261004T054048Z-afea78a4
