W1004 05:56:41.396000 123656360392512 torch/fx/experimental/symbolic_shapes.py:4449] [1/0] idx_n is not in var_ranges, defaulting to unknown range.
W1004 05:56:49.659000 123656360392512 torch/fx/experimental/symbolic_shapes.py:4449] [1/1] idx_n is not in var_ranges, defaulting to unknown range.
W1004 05:56:56.532000 123656360392512 torch/fx/experimental/symbolic_shapes.py:4449] [1/3] idx_n is not in var_ranges, defaulting to unknown range.
W1004 05:57:01.894000 123656360392512 torch/fx/experimental/symbolic_shapes.py:4449] [1/4] idx_n is not in var_ranges, defaulting to unknown range.
weights-checksum -8.001789e+03 source ec5f9609c0d3
trial 1/3: accuracy=75.17% training=4.259s inference=0.094s
weights-checksum -8.126047e+03 source ec5f9609c0d3
trial 2/3: accuracy=75.34% training=4.262s inference=0.084s
weights-checksum -8.207289e+03 source ec5f9609c0d3
trial 3/3: accuracy=75.47% training=4.271s inference=0.084s
{
  "requested_trials": 3,
  "number_of_trials": 3,
  "successful_trials": 3,
  "failed_trials": 0,
  "complete": true,
  "accuracy_target": 0.75,
  "run_error": null,
  "mean_accuracy": 0.7532666666666666,
  "accuracy_std": 0.0015044378795195656,
  "mean_training_time": 4.263891366664514,
  "training_time_std": 0.005981792159744541,
  "mean_evaluation_time": 0.0874797170011637,
  "evaluation_time_std": 0.005795477276925315,
  "qualified": true,
  "official": false,
  "dataset": "CIFAR-100",
  "run_id": "20261004T055620Z-b7edca14"
}
Results: /home/jovyan/work/arena3/hypothesis/results/arena/20261004T055620Z-b7edca14
