W1004 06:11:37.193000 131720130656064 torch/fx/experimental/symbolic_shapes.py:4449] [1/0] idx_n is not in var_ranges, defaulting to unknown range.
W1004 06:11:50.088000 131720130656064 torch/fx/experimental/symbolic_shapes.py:4449] [1/2] idx_n is not in var_ranges, defaulting to unknown range.
W1004 06:13:11.413000 131720130656064 torch/fx/experimental/symbolic_shapes.py:4449] [1/3] idx_n is not in var_ranges, defaulting to unknown range.
W1004 06:13:19.848000 131720130656064 torch/fx/experimental/symbolic_shapes.py:4449] [1/4] idx_n is not in var_ranges, defaulting to unknown range.
weights-checksum -4.861009e+03 source d19935efdf2c
trial 1/3: accuracy=74.63% training=3.993s inference=0.092s
weights-checksum -5.039446e+03 source d19935efdf2c
trial 2/3: accuracy=74.29% training=3.995s inference=0.081s
weights-checksum -4.847849e+03 source d19935efdf2c
trial 3/3: accuracy=74.77% training=3.996s inference=0.123s
{
  "requested_trials": 3,
  "number_of_trials": 3,
  "successful_trials": 3,
  "failed_trials": 0,
  "complete": true,
  "accuracy_target": 0.75,
  "run_error": null,
  "mean_accuracy": 0.7456333333333334,
  "accuracy_std": 0.0024684678108764877,
  "mean_training_time": 3.994926608997048,
  "training_time_std": 0.0017240927450343933,
  "mean_evaluation_time": 0.09842840132963222,
  "evaluation_time_std": 0.021656883732510446,
  "qualified": false,
  "official": false,
  "dataset": "CIFAR-100",
  "run_id": "20261004T061109Z-da48f8f8"
}
Results: /home/jovyan/work/arena3/hypothesis/results/arena/20261004T061109Z-da48f8f8
