W1004 06:24:46.964000 136663871833920 torch/fx/experimental/symbolic_shapes.py:4449] [1/0] idx_n is not in var_ranges, defaulting to unknown range.
W1004 06:24:59.893000 136663871833920 torch/fx/experimental/symbolic_shapes.py:4449] [1/2] idx_n is not in var_ranges, defaulting to unknown range.
W1004 06:26:26.344000 136663871833920 torch/fx/experimental/symbolic_shapes.py:4449] [1/3] idx_n is not in var_ranges, defaulting to unknown range.
W1004 06:26:35.241000 136663871833920 torch/fx/experimental/symbolic_shapes.py:4449] [1/4] idx_n is not in var_ranges, defaulting to unknown range.
weights-checksum -8.030723e+03 source fe00782ed197
trial 1/3: accuracy=75.15% training=4.296s inference=0.095s
weights-checksum -8.139483e+03 source fe00782ed197
trial 2/3: accuracy=74.64% training=4.298s inference=0.084s
weights-checksum -7.767723e+03 source fe00782ed197
trial 3/3: accuracy=74.97% training=4.304s inference=0.084s
{
  "requested_trials": 3,
  "number_of_trials": 3,
  "successful_trials": 3,
  "failed_trials": 0,
  "complete": true,
  "accuracy_target": 0.75,
  "run_error": null,
  "mean_accuracy": 0.7492,
  "accuracy_std": 0.0025865034312755174,
  "mean_training_time": 4.299654272331584,
  "training_time_std": 0.004230610949583734,
  "mean_evaluation_time": 0.08751553099621863,
  "evaluation_time_std": 0.0063724160997439905,
  "qualified": false,
  "official": false,
  "dataset": "CIFAR-100",
  "run_id": "20261004T062418Z-334d1651"
}
Results: /home/jovyan/work/arena3/hypothesis/results/arena/20261004T062418Z-334d1651
