W1004 06:37:30.478000 126959350593344 torch/fx/experimental/symbolic_shapes.py:4449] [1/0] idx_n is not in var_ranges, defaulting to unknown range.
W1004 06:37:43.722000 126959350593344 torch/fx/experimental/symbolic_shapes.py:4449] [1/2] idx_n is not in var_ranges, defaulting to unknown range.
W1004 06:39:10.975000 126959350593344 torch/fx/experimental/symbolic_shapes.py:4449] [1/3] idx_n is not in var_ranges, defaulting to unknown range.
W1004 06:39:20.048000 126959350593344 torch/fx/experimental/symbolic_shapes.py:4449] [1/4] idx_n is not in var_ranges, defaulting to unknown range.
weights-checksum -6.869577e+03 source 28994e51ff5d
trial 1/3: accuracy=75.22% training=4.125s inference=0.094s
weights-checksum -6.909326e+03 source 28994e51ff5d
trial 2/3: accuracy=75.07% training=4.132s inference=0.085s
weights-checksum -7.067193e+03 source 28994e51ff5d
trial 3/3: accuracy=75.09% training=4.131s inference=0.083s
{
  "requested_trials": 3,
  "number_of_trials": 3,
  "successful_trials": 3,
  "failed_trials": 0,
  "complete": true,
  "accuracy_target": 0.75,
  "run_error": null,
  "mean_accuracy": 0.7512666666666666,
  "accuracy_std": 0.0008144527815246817,
  "mean_training_time": 4.129220121336402,
  "training_time_std": 0.003612804848004001,
  "mean_evaluation_time": 0.08723363166306324,
  "evaluation_time_std": 0.00560186369675378,
  "qualified": true,
  "official": false,
  "dataset": "CIFAR-100",
  "run_id": "20261004T063701Z-dca409ce"
}
Results: /home/jovyan/work/arena3/hypothesis/results/arena/20261004T063701Z-dca409ce
