W1004 06:50:17.570000 135806006875968 torch/fx/experimental/symbolic_shapes.py:4449] [1/0] idx_n is not in var_ranges, defaulting to unknown range.
W1004 06:50:30.526000 135806006875968 torch/fx/experimental/symbolic_shapes.py:4449] [1/2] idx_n is not in var_ranges, defaulting to unknown range.
W1004 06:51:57.409000 135806006875968 torch/fx/experimental/symbolic_shapes.py:4449] [1/3] idx_n is not in var_ranges, defaulting to unknown range.
W1004 06:52:06.514000 135806006875968 torch/fx/experimental/symbolic_shapes.py:4449] [1/4] idx_n is not in var_ranges, defaulting to unknown range.
weights-checksum -8.021082e+03 source 77e1a7049279
trial 1/3: accuracy=75.44% training=4.186s inference=0.096s
weights-checksum -8.291953e+03 source 77e1a7049279
trial 2/3: accuracy=75.60% training=4.190s inference=0.085s
weights-checksum -8.036910e+03 source 77e1a7049279
trial 3/3: accuracy=75.46% training=4.196s inference=0.084s
{
  "requested_trials": 3,
  "number_of_trials": 3,
  "successful_trials": 3,
  "failed_trials": 0,
  "complete": true,
  "accuracy_target": 0.75,
  "run_error": null,
  "mean_accuracy": 0.755,
  "accuracy_std": 0.0008717797887081406,
  "mean_training_time": 4.190465800997724,
  "training_time_std": 0.00511483347022052,
  "mean_evaluation_time": 0.08805475499442157,
  "evaluation_time_std": 0.0065608460470136095,
  "qualified": true,
  "official": false,
  "dataset": "CIFAR-100",
  "run_id": "20261004T064948Z-8bc24244"
}
Results: /home/jovyan/work/arena3/hypothesis/results/arena/20261004T064948Z-8bc24244
