W1004 07:17:33.870000 126395886106432 torch/fx/experimental/symbolic_shapes.py:4449] [1/0] idx_n is not in var_ranges, defaulting to unknown range.
W1004 07:17:46.922000 126395886106432 torch/fx/experimental/symbolic_shapes.py:4449] [1/2] idx_n is not in var_ranges, defaulting to unknown range.
W1004 07:19:14.447000 126395886106432 torch/fx/experimental/symbolic_shapes.py:4449] [1/3] idx_n is not in var_ranges, defaulting to unknown range.
W1004 07:19:23.517000 126395886106432 torch/fx/experimental/symbolic_shapes.py:4449] [1/4] idx_n is not in var_ranges, defaulting to unknown range.
weights-checksum -7.202734e+03 source c5c4c9f541c9
trial 1/3: accuracy=75.00% training=4.206s inference=0.094s
weights-checksum -6.904303e+03 source c5c4c9f541c9
trial 2/3: accuracy=74.61% training=4.209s inference=0.083s
weights-checksum -7.164438e+03 source c5c4c9f541c9
trial 3/3: accuracy=75.24% training=4.209s inference=0.083s
{
  "requested_trials": 3,
  "number_of_trials": 3,
  "successful_trials": 3,
  "failed_trials": 0,
  "complete": true,
  "accuracy_target": 0.75,
  "run_error": null,
  "mean_accuracy": 0.7494999999999999,
  "accuracy_std": 0.0031796226191169175,
  "mean_training_time": 4.20788672833199,
  "training_time_std": 0.0018789371408638705,
  "mean_evaluation_time": 0.08679811866992775,
  "evaluation_time_std": 0.006038506628758064,
  "qualified": false,
  "official": false,
  "dataset": "CIFAR-100",
  "run_id": "20261004T071705Z-19db8e69"
}
Results: /home/jovyan/work/arena3/hypothesis/results/arena/20261004T071705Z-19db8e69
