W1004 07:30:26.567000 136473354475328 torch/fx/experimental/symbolic_shapes.py:4449] [1/0] idx_n is not in var_ranges, defaulting to unknown range.
W1004 07:30:39.503000 136473354475328 torch/fx/experimental/symbolic_shapes.py:4449] [1/2] idx_n is not in var_ranges, defaulting to unknown range.
W1004 07:32:06.142000 136473354475328 torch/fx/experimental/symbolic_shapes.py:4449] [1/3] idx_n is not in var_ranges, defaulting to unknown range.
W1004 07:32:15.213000 136473354475328 torch/fx/experimental/symbolic_shapes.py:4449] [1/4] idx_n is not in var_ranges, defaulting to unknown range.
weights-checksum -8.071293e+03 source 796281864960
trial 1/3: accuracy=75.18% training=4.236s inference=0.094s
weights-checksum -8.207130e+03 source 796281864960
trial 2/3: accuracy=74.60% training=4.237s inference=0.083s
weights-checksum -8.066452e+03 source 796281864960
trial 3/3: accuracy=75.41% training=4.243s inference=0.083s
{
  "requested_trials": 3,
  "number_of_trials": 3,
  "successful_trials": 3,
  "failed_trials": 0,
  "complete": true,
  "accuracy_target": 0.75,
  "run_error": null,
  "mean_accuracy": 0.7506333333333334,
  "accuracy_std": 0.004174126655161934,
  "mean_training_time": 4.23890251367023,
  "training_time_std": 0.003775048700152276,
  "mean_evaluation_time": 0.08670126033636431,
  "evaluation_time_std": 0.00593367280575406,
  "qualified": true,
  "official": false,
  "dataset": "CIFAR-100",
  "run_id": "20261004T072957Z-0e12031a"
}
Results: /home/jovyan/work/arena3/hypothesis/results/arena/20261004T072957Z-0e12031a
