W1004 07:45:57.360000 137997612349248 torch/fx/experimental/symbolic_shapes.py:4449] [1/0] idx_n is not in var_ranges, defaulting to unknown range.
W1004 07:46:10.326000 137997612349248 torch/fx/experimental/symbolic_shapes.py:4449] [1/2] idx_n is not in var_ranges, defaulting to unknown range.
W1004 07:47:37.557000 137997612349248 torch/fx/experimental/symbolic_shapes.py:4449] [1/3] idx_n is not in var_ranges, defaulting to unknown range.
W1004 07:47:46.706000 137997612349248 torch/fx/experimental/symbolic_shapes.py:4449] [1/4] idx_n is not in var_ranges, defaulting to unknown range.
weights-checksum -8.199430e+03 source e7db6eef7857
trial 1/3: accuracy=75.32% training=4.160s inference=0.094s
weights-checksum -8.251939e+03 source e7db6eef7857
trial 2/3: accuracy=75.17% training=4.159s inference=0.084s
weights-checksum -8.105734e+03 source e7db6eef7857
trial 3/3: accuracy=75.28% training=4.163s inference=0.084s
{
  "requested_trials": 3,
  "number_of_trials": 3,
  "successful_trials": 3,
  "failed_trials": 0,
  "complete": true,
  "accuracy_target": 0.75,
  "run_error": null,
  "mean_accuracy": 0.7525666666666667,
  "accuracy_std": 0.0007767453465153793,
  "mean_training_time": 4.16090989333073,
  "training_time_std": 0.00226904861237428,
  "mean_evaluation_time": 0.08757761000015307,
  "evaluation_time_std": 0.005884205878204251,
  "qualified": true,
  "official": false,
  "dataset": "CIFAR-100",
  "run_id": "20261004T074528Z-71bc39ad"
}
Results: /home/jovyan/work/arena3/hypothesis/results/arena/20261004T074528Z-71bc39ad
