W1004 08:01:48.617000 134536441341760 torch/fx/experimental/symbolic_shapes.py:4449] [1/0] idx_n is not in var_ranges, defaulting to unknown range.
W1004 08:02:01.362000 134536441341760 torch/fx/experimental/symbolic_shapes.py:4449] [1/2] idx_n is not in var_ranges, defaulting to unknown range.
W1004 08:03:28.031000 134536441341760 torch/fx/experimental/symbolic_shapes.py:4449] [1/3] idx_n is not in var_ranges, defaulting to unknown range.
W1004 08:03:37.041000 134536441341760 torch/fx/experimental/symbolic_shapes.py:4449] [1/4] idx_n is not in var_ranges, defaulting to unknown range.
weights-checksum -8.025494e+03 source a3ee364a1be8
trial 1/3: accuracy=75.31% training=4.274s inference=0.096s
weights-checksum -8.401085e+03 source a3ee364a1be8
trial 2/3: accuracy=74.91% training=4.263s inference=0.085s
weights-checksum -7.964520e+03 source a3ee364a1be8
trial 3/3: accuracy=75.80% training=4.266s inference=0.084s
{
  "requested_trials": 3,
  "number_of_trials": 3,
  "successful_trials": 3,
  "failed_trials": 0,
  "complete": true,
  "accuracy_target": 0.75,
  "run_error": null,
  "mean_accuracy": 0.7534,
  "accuracy_std": 0.004457577817604544,
  "mean_training_time": 4.267492322333662,
  "training_time_std": 0.005557242093636439,
  "mean_evaluation_time": 0.08858636200602632,
  "evaluation_time_std": 0.006539357950894078,
  "qualified": true,
  "official": false,
  "dataset": "CIFAR-100",
  "run_id": "20261004T080120Z-564a06b2"
}
Results: /home/jovyan/work/arena3/hypothesis/results/arena/20261004T080120Z-564a06b2
