W1004 08:14:52.338000 132807969482560 torch/fx/experimental/symbolic_shapes.py:4449] [1/0] idx_n is not in var_ranges, defaulting to unknown range.
W1004 08:15:05.285000 132807969482560 torch/fx/experimental/symbolic_shapes.py:4449] [1/2] idx_n is not in var_ranges, defaulting to unknown range.
W1004 08:16:32.775000 132807969482560 torch/fx/experimental/symbolic_shapes.py:4449] [1/3] idx_n is not in var_ranges, defaulting to unknown range.
W1004 08:16:41.892000 132807969482560 torch/fx/experimental/symbolic_shapes.py:4449] [1/4] idx_n is not in var_ranges, defaulting to unknown range.
weights-checksum -6.219212e+03 source 781e53f885e9
trial 1/3: accuracy=75.28% training=4.263s inference=0.109s
weights-checksum -6.087824e+03 source 781e53f885e9
trial 2/3: accuracy=75.24% training=4.261s inference=0.132s
weights-checksum -6.222845e+03 source 781e53f885e9
trial 3/3: accuracy=75.24% training=4.267s inference=0.126s
{
  "requested_trials": 3,
  "number_of_trials": 3,
  "successful_trials": 3,
  "failed_trials": 0,
  "complete": true,
  "accuracy_target": 0.75,
  "run_error": null,
  "mean_accuracy": 0.7525333333333333,
  "accuracy_std": 0.00023094010767588897,
  "mean_training_time": 4.2637230380011415,
  "training_time_std": 0.0031886737249081968,
  "mean_evaluation_time": 0.12197755466331728,
  "evaluation_time_std": 0.011772059076333111,
  "qualified": true,
  "official": false,
  "dataset": "CIFAR-100",
  "run_id": "20261004T081423Z-64460766"
}
Results: /home/jovyan/work/arena3/hypothesis/results/arena/20261004T081423Z-64460766
