W1004 08:27:47.727000 129025394325312 torch/fx/experimental/symbolic_shapes.py:4449] [1/0] idx_n is not in var_ranges, defaulting to unknown range.
W1004 08:28:00.628000 129025394325312 torch/fx/experimental/symbolic_shapes.py:4449] [1/2] idx_n is not in var_ranges, defaulting to unknown range.
W1004 08:29:27.794000 129025394325312 torch/fx/experimental/symbolic_shapes.py:4449] [1/3] idx_n is not in var_ranges, defaulting to unknown range.
W1004 08:29:36.723000 129025394325312 torch/fx/experimental/symbolic_shapes.py:4449] [1/4] idx_n is not in var_ranges, defaulting to unknown range.
weights-checksum -6.550534e+03 source cccbb26a3d72
trial 1/3: accuracy=75.27% training=4.265s inference=0.109s
weights-checksum -6.652604e+03 source cccbb26a3d72
trial 2/3: accuracy=75.14% training=4.267s inference=0.095s
weights-checksum -6.757505e+03 source cccbb26a3d72
trial 3/3: accuracy=75.76% training=4.269s inference=0.083s
{
  "requested_trials": 3,
  "number_of_trials": 3,
  "successful_trials": 3,
  "failed_trials": 0,
  "complete": true,
  "accuracy_target": 0.75,
  "run_error": null,
  "mean_accuracy": 0.7539,
  "accuracy_std": 0.003269556544854402,
  "mean_training_time": 4.266807200328913,
  "training_time_std": 0.0020261489156538637,
  "mean_evaluation_time": 0.09577379033241111,
  "evaluation_time_std": 0.012920664309632453,
  "qualified": true,
  "official": false,
  "dataset": "CIFAR-100",
  "run_id": "20261004T082718Z-4e6ddad1"
}
Results: /home/jovyan/work/arena3/hypothesis/results/arena/20261004T082718Z-4e6ddad1
