W1004 08:50:18.048000 135763278485312 torch/fx/experimental/symbolic_shapes.py:4449] [1/0] idx_n is not in var_ranges, defaulting to unknown range.
W1004 08:50:31.084000 135763278485312 torch/fx/experimental/symbolic_shapes.py:4449] [1/2] idx_n is not in var_ranges, defaulting to unknown range.
W1004 08:51:56.611000 135763278485312 torch/fx/experimental/symbolic_shapes.py:4449] [1/3] idx_n is not in var_ranges, defaulting to unknown range.
W1004 08:52:05.532000 135763278485312 torch/fx/experimental/symbolic_shapes.py:4449] [1/4] idx_n is not in var_ranges, defaulting to unknown range.
weights-checksum -6.192327e+03 source 19d1536ee81c
trial 1/3: accuracy=72.36% training=3.785s inference=0.081s
weights-checksum -6.482003e+03 source 19d1536ee81c
trial 2/3: accuracy=72.45% training=3.784s inference=0.122s
weights-checksum -6.290424e+03 source 19d1536ee81c
trial 3/3: accuracy=72.84% training=3.788s inference=0.090s
{
  "requested_trials": 3,
  "number_of_trials": 3,
  "successful_trials": 3,
  "failed_trials": 0,
  "complete": true,
  "accuracy_target": 0.75,
  "run_error": null,
  "mean_accuracy": 0.7255,
  "accuracy_std": 0.0025514701644346275,
  "mean_training_time": 3.7855611666697464,
  "training_time_std": 0.002400730036585224,
  "mean_evaluation_time": 0.0977501089995106,
  "evaluation_time_std": 0.02181449504119847,
  "qualified": false,
  "official": false,
  "dataset": "CIFAR-100",
  "run_id": "20261004T084949Z-1b6af8c7"
}
Results: /home/jovyan/work/arena3/hypothesis/results/arena/20261004T084949Z-1b6af8c7
