Vocab size: 8,192
Model config: {'sequence_len': 2048, 'vocab_size': 8192, 'n_layer': 10, 'n_head': 5, 'n_kv_head': 5, 'n_embd': 640, 'window_pattern': 'SSSL'}
Parameter counts:
  wte                     : 5,242,880
  value_embeds            : 26,214,400
  lm_head                 : 5,242,880
  transformer_matrices    : 49,152,800
  scalars                 : 20
  total                   : 85,852,980
Estimated FLOPs per token: 3.804413e+08
Scaling AdamW LRs by 1/sqrt(640/768) = 1.095445
Time budget: 300s
Gradient accumulation steps: 1

step 00000 (0.0%) | loss: 9.011545 | lrm: 1.00 | dt: 18468ms | tok/sec: 7,097 | mfu: 0.3% | epoch: 1 | remaining: 300s    
step 00001 (0.0%) | loss: 9.174931 | lrm: 1.00 | dt: 255ms | tok/sec: 514,800 | mfu: 19.8% | epoch: 1 | remaining: 300s    
step 00002 (0.0%) | loss: 8.979134 | lrm: 1.00 | dt: 251ms | tok/sec: 522,455 | mfu: 20.1% | epoch: 1 | remaining: 300s    
step 00003 (0.0%) | loss: 8.877581 | lrm: 1.00 | dt: 249ms | tok/sec: 525,507 | mfu: 20.2% | epoch: 1 | remaining: 300s    
step 00004 (0.0%) | loss: 8.517191 | lrm: 1.00 | dt: 248ms | tok/sec: 529,556 | mfu: 20.4% | epoch: 1 | remaining: 300s    
step 00005 (0.0%) | loss: 8.189697 | lrm: 1.00 | dt: 245ms | tok/sec: 535,280 | mfu: 20.6% | epoch: 1 | remaining: 300s    
step 00006 (0.0%) | loss: 7.914538 | lrm: 1.00 | dt: 245ms | tok/sec: 535,572 | mfu: 20.6% | epoch: 1 | remaining: 300s    
step 00007 (0.0%) | loss: 7.672148 | lrm: 1.00 | dt: 244ms | tok/sec: 536,227 | mfu: 20.6% | epoch: 1 | remaining: 300s    
step 00008 (0.0%) | loss: 7.462284 | lrm: 1.00 | dt: 244ms | tok/sec: 536,226 | mfu: 20.6% | epoch: 1 | remaining: 300s    
step 00009 (0.0%) | loss: 7.270823 | lrm: 1.00 | dt: 244ms | tok/sec: 536,089 | mfu: 20.6% | epoch: 1 | remaining: 300s    
step 00010 (0.0%) | loss: 7.095871 | lrm: 1.00 | dt: 244ms | tok/sec: 536,187 | mfu: 20.6% | epoch: 1 | remaining: 300s    
step 00011 (0.0%) | loss: 6.938409 | lrm: 1.00 | dt: 245ms | tok/sec: 535,765 | mfu: 20.6% | epoch: 1 | remaining: 300s    
step 00012 (0.1%) | loss: 6.800294 | lrm: 1.00 | dt: 244ms | tok/sec: 536,285 | mfu: 20.6% | epoch: 1 | remaining: 300s    
step 00013 (0.2%) | loss: 6.676437 | lrm: 1.00 | dt: 245ms | tok/sec: 535,961 | mfu: 20.6% | epoch: 1 | remaining: 299s    
step 00014 (0.2%) | loss: 6.563544 | lrm: 1.00 | dt: 245ms | tok/sec: 535,684 | mfu: 20.6% | epoch: 1 | remaining: 299s    
step 00015 (0.3%) | loss: 6.465931 | lrm: 1.00 | dt: 245ms | tok/sec: 535,960 | mfu: 20.6% | epoch: 1 | remaining: 299s    
step 00016 (0.4%) | loss: 6.379260 | lrm: 1.00 | dt: 245ms | tok/sec: 535,935 | mfu: 20.6% | epoch: 1 | remaining: 299s    
step 00017 (0.5%) | loss: 6.295571 | lrm: 1.00 | dt: 244ms | tok/sec: 536,516 | mfu: 20.6% | epoch: 1 | remaining: 298s    
step 00018 (0.6%) | loss: 6.222171 | lrm: 1.00 | dt: 244ms | tok/sec: 536,397 | mfu: 20.6% | epoch: 1 | remaining: 298s    
step 00019 (0.7%) | loss: 6.154655 | lrm: 1.00 | dt: 244ms | tok/sec: 536,396 | mfu: 20.6% | epoch: 1 | remaining: 298s    
step 00020 (0.7%) | loss: 6.095234 | lrm: 1.00 | dt: 244ms | tok/sec: 536,496 | mfu: 20.6% | epoch: 1 | remaining: 298s    
step 00021 (0.8%) | loss: 6.040210 | lrm: 1.00 | dt: 244ms | tok/sec: 536,676 | mfu: 20.6% | epoch: 1 | remaining: 297s    
step 00022 (0.9%) | loss: 5.988536 | lrm: 1.00 | dt: 244ms | tok/sec: 536,327 | mfu: 20.6% | epoch: 1 | remaining: 297s    
step 00023 (1.0%) | loss: 5.938968 | lrm: 1.00 | dt: 244ms | tok/sec: 536,373 | mfu: 20.6% | epoch: 1 | remaining: 297s    
step 00024 (1.1%) | loss: 5.895744 | lrm: 1.00 | dt: 244ms | tok/sec: 536,512 | mfu: 20.6% | epoch: 1 | remaining: 297s    
step 00025 (1.1%) | loss: 5.847375 | lrm: 1.00 | dt: 244ms | tok/sec: 536,180 | mfu: 20.6% | epoch: 1 | remaining: 296s    
step 00026 (1.2%) | loss: 5.808362 | lrm: 1.00 | dt: 245ms | tok/sec: 535,235 | mfu: 20.6% | epoch: 1 | remaining: 296s    
step 00027 (1.3%) | loss: 5.774133 | lrm: 1.00 | dt: 244ms | tok/sec: 536,341 | mfu: 20.6% | epoch: 1 | remaining: 296s    
step 00028 (1.4%) | loss: 5.742472 | lrm: 1.00 | dt: 244ms | tok/sec: 536,325 | mfu: 20.6% | epoch: 1 | remaining: 296s    
step 00029 (1.5%) | loss: 5.708011 | lrm: 1.00 | dt: 244ms | tok/sec: 536,319 | mfu: 20.6% | epoch: 1 | remaining: 295s    
step 00030 (1.5%) | loss: 5.675714 | lrm: 1.00 | dt: 244ms | tok/sec: 536,538 | mfu: 20.6% | epoch: 1 | remaining: 295s    
step 00031 (1.6%) | loss: 5.644578 | lrm: 1.00 | dt: 244ms | tok/sec: 536,163 | mfu: 20.6% | epoch: 1 | remaining: 295s    
step 00032 (1.7%) | loss: 5.613189 | lrm: 1.00 | dt: 244ms | tok/sec: 536,302 | mfu: 20.6% | epoch: 1 | remaining: 295s    
step 00033 (1.8%) | loss: 5.587077 | lrm: 1.00 | dt: 244ms | tok/sec: 536,375 | mfu: 20.6% | epoch: 1 | remaining: 294s    
step 00034 (1.9%) | loss: 5.557882 | lrm: 1.00 | dt: 244ms | tok/sec: 536,144 | mfu: 20.6% | epoch: 1 | remaining: 294s    
step 00035 (2.0%) | loss: 5.529677 | lrm: 1.00 | dt: 245ms | tok/sec: 535,945 | mfu: 20.6% | epoch: 1 | remaining: 294s    
step 00036 (2.0%) | loss: 5.505657 | lrm: 1.00 | dt: 245ms | tok/sec: 535,700 | mfu: 20.6% | epoch: 1 | remaining: 294s    
step 00037 (2.1%) | loss: 5.477548 | lrm: 1.00 | dt: 245ms | tok/sec: 535,902 | mfu: 20.6% | epoch: 1 | remaining: 293s    
step 00038 (2.2%) | loss: 5.452558 | lrm: 1.00 | dt: 245ms | tok/sec: 535,699 | mfu: 20.6% | epoch: 1 | remaining: 293s    
step 00039 (2.3%) | loss: 5.426851 | lrm: 1.00 | dt: 244ms | tok/sec: 536,212 | mfu: 20.6% | epoch: 1 | remaining: 293s    
step 00040 (2.4%) | loss: 5.400926 | lrm: 1.00 | dt: 245ms | tok/sec: 535,989 | mfu: 20.6% | epoch: 1 | remaining: 293s    
step 00041 (2.4%) | loss: 5.376876 | lrm: 1.00 | dt: 245ms | tok/sec: 535,793 | mfu: 20.6% | epoch: 1 | remaining: 292s    
step 00042 (2.5%) | loss: 5.356009 | lrm: 1.00 | dt: 244ms | tok/sec: 536,182 | mfu: 20.6% | epoch: 1 | remaining: 292s    
step 00043 (2.6%) | loss: 5.331140 | lrm: 1.00 | dt: 245ms | tok/sec: 536,009 | mfu: 20.6% | epoch: 1 | remaining: 292s    
step 00044 (2.7%) | loss: 5.309994 | lrm: 1.00 | dt: 245ms | tok/sec: 535,467 | mfu: 20.6% | epoch: 1 | remaining: 292s    
step 00045 (2.8%) | loss: 5.291213 | lrm: 1.00 | dt: 245ms | tok/sec: 535,862 | mfu: 20.6% | epoch: 1 | remaining: 291s    
step 00046 (2.9%) | loss: 5.272952 | lrm: 1.00 | dt: 245ms | tok/sec: 535,951 | mfu: 20.6% | epoch: 1 | remaining: 291s    
step 00047 (2.9%) | loss: 5.252263 | lrm: 1.00 | dt: 245ms | tok/sec: 535,967 | mfu: 20.6% | epoch: 1 | remaining: 291s    
step 00048 (3.0%) | loss: 5.233562 | lrm: 1.00 | dt: 245ms | tok/sec: 535,852 | mfu: 20.6% | epoch: 1 | remaining: 291s    
step 00049 (3.1%) | loss: 5.214864 | lrm: 1.00 | dt: 245ms | tok/sec: 535,717 | mfu: 20.6% | epoch: 1 | remaining: 290s    
step 00050 (3.2%) | loss: 5.195133 | lrm: 1.00 | dt: 245ms | tok/sec: 535,645 | mfu: 20.6% | epoch: 1 | remaining: 290s    
step 00051 (3.3%) | loss: 5.174074 | lrm: 1.00 | dt: 245ms | tok/sec: 535,342 | mfu: 20.6% | epoch: 1 | remaining: 290s    
step 00052 (3.3%) | loss: 5.151037 | lrm: 1.00 | dt: 245ms | tok/sec: 535,558 | mfu: 20.6% | epoch: 1 | remaining: 290s    
step 00053 (3.4%) | loss: 5.134251 | lrm: 1.00 | dt: 245ms | tok/sec: 535,623 | mfu: 20.6% | epoch: 1 | remaining: 289s    
step 00054 (3.5%) | loss: 5.115256 | lrm: 1.00 | dt: 245ms | tok/sec: 535,601 | mfu: 20.6% | epoch: 1 | remaining: 289s    
step 00055 (3.6%) | loss: 5.097038 | lrm: 1.00 | dt: 245ms | tok/sec: 535,451 | mfu: 20.6% | epoch: 1 | remaining: 289s    
step 00056 (3.7%) | loss: 5.078840 | lrm: 1.00 | dt: 245ms | tok/sec: 535,126 | mfu: 20.6% | epoch: 1 | remaining: 289s    
step 00057 (3.7%) | loss: 5.064087 | lrm: 1.00 | dt: 245ms | tok/sec: 535,090 | mfu: 20.6% | epoch: 1 | remaining: 289s    
step 00058 (3.8%) | loss: 5.051714 | lrm: 1.00 | dt: 245ms | tok/sec: 535,192 | mfu: 20.6% | epoch: 1 | remaining: 288s    
step 00059 (3.9%) | loss: 5.032060 | lrm: 1.00 | dt: 245ms | tok/sec: 535,299 | mfu: 20.6% | epoch: 1 | remaining: 288s    
step 00060 (4.0%) | loss: 5.015014 | lrm: 1.00 | dt: 245ms | tok/sec: 535,473 | mfu: 20.6% | epoch: 1 | remaining: 288s    
step 00061 (4.1%) | loss: 4.992887 | lrm: 1.00 | dt: 245ms | tok/sec: 535,683 | mfu: 20.6% | epoch: 1 | remaining: 288s    
step 00062 (4.2%) | loss: 4.976495 | lrm: 1.00 | dt: 245ms | tok/sec: 535,342 | mfu: 20.6% | epoch: 1 | remaining: 287s    
step 00063 (4.2%) | loss: 4.962077 | lrm: 1.00 | dt: 245ms | tok/sec: 534,640 | mfu: 20.6% | epoch: 1 | remaining: 287s    
step 00064 (4.3%) | loss: 4.948538 | lrm: 1.00 | dt: 245ms | tok/sec: 534,974 | mfu: 20.6% | epoch: 1 | remaining: 287s    
step 00065 (4.4%) | loss: 4.933372 | lrm: 1.00 | dt: 245ms | tok/sec: 535,280 | mfu: 20.6% | epoch: 1 | remaining: 287s    
step 00066 (4.5%) | loss: 4.916726 | lrm: 1.00 | dt: 245ms | tok/sec: 535,402 | mfu: 20.6% | epoch: 1 | remaining: 286s    
step 00067 (4.6%) | loss: 4.904559 | lrm: 1.00 | dt: 245ms | tok/sec: 535,527 | mfu: 20.6% | epoch: 1 | remaining: 286s    
step 00068 (4.6%) | loss: 4.890731 | lrm: 1.00 | dt: 245ms | tok/sec: 535,655 | mfu: 20.6% | epoch: 1 | remaining: 286s    
step 00069 (4.7%) | loss: 4.873616 | lrm: 1.00 | dt: 245ms | tok/sec: 535,527 | mfu: 20.6% | epoch: 1 | remaining: 286s    
step 00070 (4.8%) | loss: 4.860658 | lrm: 1.00 | dt: 245ms | tok/sec: 535,338 | mfu: 20.6% | epoch: 1 | remaining: 285s    
step 00071 (4.9%) | loss: 4.841573 | lrm: 1.00 | dt: 245ms | tok/sec: 535,602 | mfu: 20.6% | epoch: 1 | remaining: 285s    
step 00072 (5.0%) | loss: 4.828647 | lrm: 1.00 | dt: 245ms | tok/sec: 535,430 | mfu: 20.6% | epoch: 1 | remaining: 285s    
step 00073 (5.1%) | loss: 4.811792 | lrm: 1.00 | dt: 245ms | tok/sec: 535,806 | mfu: 20.6% | epoch: 1 | remaining: 285s    
step 00074 (5.1%) | loss: 4.799666 | lrm: 1.00 | dt: 245ms | tok/sec: 535,719 | mfu: 20.6% | epoch: 1 | remaining: 284s    
step 00075 (5.2%) | loss: 4.784965 | lrm: 1.00 | dt: 245ms | tok/sec: 535,474 | mfu: 20.6% | epoch: 1 | remaining: 284s    
step 00076 (5.3%) | loss: 4.770255 | lrm: 1.00 | dt: 245ms | tok/sec: 535,158 | mfu: 20.6% | epoch: 1 | remaining: 284s    
step 00077 (5.4%) | loss: 4.752169 | lrm: 1.00 | dt: 245ms | tok/sec: 535,632 | mfu: 20.6% | epoch: 1 | remaining: 284s    
step 00078 (5.5%) | loss: 4.736141 | lrm: 1.00 | dt: 245ms | tok/sec: 535,438 | mfu: 20.6% | epoch: 1 | remaining: 283s    
step 00079 (5.5%) | loss: 4.722602 | lrm: 1.00 | dt: 245ms | tok/sec: 535,503 | mfu: 20.6% | epoch: 1 | remaining: 283s    
step 00080 (5.6%) | loss: 4.710688 | lrm: 1.00 | dt: 245ms | tok/sec: 535,021 | mfu: 20.6% | epoch: 1 | remaining: 283s    
step 00081 (5.7%) | loss: 4.699950 | lrm: 1.00 | dt: 245ms | tok/sec: 535,256 | mfu: 20.6% | epoch: 1 | remaining: 283s    
step 00082 (5.8%) | loss: 4.683450 | lrm: 1.00 | dt: 245ms | tok/sec: 535,345 | mfu: 20.6% | epoch: 1 | remaining: 282s    
step 00083 (5.9%) | loss: 4.668079 | lrm: 1.00 | dt: 245ms | tok/sec: 535,154 | mfu: 20.6% | epoch: 1 | remaining: 282s    
step 00084 (6.0%) | loss: 4.654436 | lrm: 1.00 | dt: 245ms | tok/sec: 535,483 | mfu: 20.6% | epoch: 1 | remaining: 282s    
step 00085 (6.0%) | loss: 4.644598 | lrm: 1.00 | dt: 245ms | tok/sec: 535,053 | mfu: 20.6% | epoch: 1 | remaining: 282s    
step 00086 (6.1%) | loss: 4.629801 | lrm: 1.00 | dt: 245ms | tok/sec: 534,901 | mfu: 20.6% | epoch: 1 | remaining: 281s    
step 00087 (6.2%) | loss: 4.611281 | lrm: 1.00 | dt: 245ms | tok/sec: 534,482 | mfu: 20.5% | epoch: 1 | remaining: 281s    
step 00088 (6.3%) | loss: 4.598719 | lrm: 1.00 | dt: 245ms | tok/sec: 535,118 | mfu: 20.6% | epoch: 1 | remaining: 281s    
step 00089 (6.4%) | loss: 4.583365 | lrm: 1.00 | dt: 245ms | tok/sec: 535,103 | mfu: 20.6% | epoch: 1 | remaining: 281s    
step 00090 (6.4%) | loss: 4.568802 | lrm: 1.00 | dt: 245ms | tok/sec: 535,305 | mfu: 20.6% | epoch: 1 | remaining: 280s    
step 00091 (6.5%) | loss: 4.559141 | lrm: 1.00 | dt: 245ms | tok/sec: 535,450 | mfu: 20.6% | epoch: 1 | remaining: 280s    
step 00092 (6.6%) | loss: 4.544588 | lrm: 1.00 | dt: 245ms | tok/sec: 534,879 | mfu: 20.6% | epoch: 1 | remaining: 280s    
step 00093 (6.7%) | loss: 4.527962 | lrm: 1.00 | dt: 245ms | tok/sec: 534,986 | mfu: 20.6% | epoch: 1 | remaining: 280s    
step 00094 (6.8%) | loss: 4.513403 | lrm: 1.00 | dt: 245ms | tok/sec: 534,970 | mfu: 20.6% | epoch: 1 | remaining: 279s    
step 00095 (6.9%) | loss: 4.493499 | lrm: 1.00 | dt: 245ms | tok/sec: 535,102 | mfu: 20.6% | epoch: 1 | remaining: 279s    
step 00096 (6.9%) | loss: 4.478915 | lrm: 1.00 | dt: 245ms | tok/sec: 535,174 | mfu: 20.6% | epoch: 1 | remaining: 279s    
step 00097 (7.0%) | loss: 4.462078 | lrm: 1.00 | dt: 245ms | tok/sec: 535,130 | mfu: 20.6% | epoch: 1 | remaining: 279s    
step 00098 (7.1%) | loss: 4.442017 | lrm: 1.00 | dt: 245ms | tok/sec: 534,933 | mfu: 20.6% | epoch: 1 | remaining: 278s    
step 00099 (7.2%) | loss: 4.426813 | lrm: 1.00 | dt: 245ms | tok/sec: 534,841 | mfu: 20.6% | epoch: 1 | remaining: 278s    
step 00100 (7.3%) | loss: 4.418928 | lrm: 1.00 | dt: 245ms | tok/sec: 534,871 | mfu: 20.6% | epoch: 1 | remaining: 278s    
step 00101 (7.3%) | loss: 4.407180 | lrm: 1.00 | dt: 245ms | tok/sec: 534,852 | mfu: 20.6% | epoch: 1 | remaining: 278s    
step 00102 (7.4%) | loss: 4.392893 | lrm: 1.00 | dt: 245ms | tok/sec: 535,047 | mfu: 20.6% | epoch: 1 | remaining: 277s    
step 00103 (7.5%) | loss: 4.376332 | lrm: 1.00 | dt: 245ms | tok/sec: 534,960 | mfu: 20.6% | epoch: 1 | remaining: 277s    
step 00104 (7.6%) | loss: 4.363776 | lrm: 1.00 | dt: 245ms | tok/sec: 535,265 | mfu: 20.6% | epoch: 1 | remaining: 277s    
step 00105 (7.7%) | loss: 4.350693 | lrm: 1.00 | dt: 245ms | tok/sec: 534,999 | mfu: 20.6% | epoch: 1 | remaining: 277s    
step 00106 (7.7%) | loss: 4.337861 | lrm: 1.00 | dt: 245ms | tok/sec: 535,214 | mfu: 20.6% | epoch: 1 | remaining: 277s    
step 00107 (7.8%) | loss: 4.324318 | lrm: 1.00 | dt: 245ms | tok/sec: 535,103 | mfu: 20.6% | epoch: 1 | remaining: 276s    
step 00108 (7.9%) | loss: 4.307217 | lrm: 1.00 | dt: 245ms | tok/sec: 535,096 | mfu: 20.6% | epoch: 1 | remaining: 276s    
step 00109 (8.0%) | loss: 4.291018 | lrm: 1.00 | dt: 245ms | tok/sec: 535,088 | mfu: 20.6% | epoch: 1 | remaining: 276s    
step 00110 (8.1%) | loss: 4.277052 | lrm: 1.00 | dt: 245ms | tok/sec: 535,085 | mfu: 20.6% | epoch: 1 | remaining: 276s    
step 00111 (8.2%) | loss: 4.269090 | lrm: 1.00 | dt: 245ms | tok/sec: 535,017 | mfu: 20.6% | epoch: 1 | remaining: 275s    
step 00112 (8.2%) | loss: 4.259037 | lrm: 1.00 | dt: 245ms | tok/sec: 535,107 | mfu: 20.6% | epoch: 1 | remaining: 275s    
step 00113 (8.3%) | loss: 4.248643 | lrm: 1.00 | dt: 245ms | tok/sec: 534,905 | mfu: 20.6% | epoch: 1 | remaining: 275s    
step 00114 (8.4%) | loss: 4.234169 | lrm: 1.00 | dt: 245ms | tok/sec: 534,992 | mfu: 20.6% | epoch: 1 | remaining: 275s    
step 00115 (8.5%) | loss: 4.223268 | lrm: 1.00 | dt: 245ms | tok/sec: 535,231 | mfu: 20.6% | epoch: 1 | remaining: 274s    
step 00116 (8.6%) | loss: 4.213895 | lrm: 1.00 | dt: 245ms | tok/sec: 534,911 | mfu: 20.6% | epoch: 1 | remaining: 274s    
step 00117 (8.6%) | loss: 4.198306 | lrm: 1.00 | dt: 245ms | tok/sec: 534,952 | mfu: 20.6% | epoch: 1 | remaining: 274s    
step 00118 (8.7%) | loss: 4.186187 | lrm: 1.00 | dt: 245ms | tok/sec: 534,988 | mfu: 20.6% | epoch: 1 | remaining: 274s    
step 00119 (8.8%) | loss: 4.174557 | lrm: 1.00 | dt: 245ms | tok/sec: 534,538 | mfu: 20.6% | epoch: 1 | remaining: 273s    
step 00120 (8.9%) | loss: 4.167440 | lrm: 1.00 | dt: 245ms | tok/sec: 534,249 | mfu: 20.5% | epoch: 1 | remaining: 273s    
step 00121 (9.0%) | loss: 4.153313 | lrm: 1.00 | dt: 245ms | tok/sec: 534,793 | mfu: 20.6% | epoch: 1 | remaining: 273s    
step 00122 (9.1%) | loss: 4.141738 | lrm: 1.00 | dt: 245ms | tok/sec: 534,782 | mfu: 20.6% | epoch: 1 | remaining: 273s    
step 00123 (9.1%) | loss: 4.126370 | lrm: 1.00 | dt: 245ms | tok/sec: 534,849 | mfu: 20.6% | epoch: 1 | remaining: 272s    
step 00124 (9.2%) | loss: 4.113326 | lrm: 1.00 | dt: 245ms | tok/sec: 535,129 | mfu: 20.6% | epoch: 1 | remaining: 272s    
step 00125 (9.3%) | loss: 4.100237 | lrm: 1.00 | dt: 245ms | tok/sec: 534,807 | mfu: 20.6% | epoch: 1 | remaining: 272s    
step 00126 (9.4%) | loss: 4.085558 | lrm: 1.00 | dt: 245ms | tok/sec: 534,365 | mfu: 20.5% | epoch: 1 | remaining: 272s    
step 00127 (9.5%) | loss: 4.077110 | lrm: 1.00 | dt: 245ms | tok/sec: 534,896 | mfu: 20.6% | epoch: 1 | remaining: 271s    
step 00128 (9.5%) | loss: 4.069796 | lrm: 1.00 | dt: 245ms | tok/sec: 534,707 | mfu: 20.6% | epoch: 1 | remaining: 271s    
step 00129 (9.6%) | loss: 4.054134 | lrm: 1.00 | dt: 245ms | tok/sec: 534,672 | mfu: 20.6% | epoch: 1 | remaining: 271s    
step 00130 (9.7%) | loss: 4.042325 | lrm: 1.00 | dt: 245ms | tok/sec: 534,877 | mfu: 20.6% | epoch: 1 | remaining: 271s    
step 00131 (9.8%) | loss: 4.026693 | lrm: 1.00 | dt: 245ms | tok/sec: 535,043 | mfu: 20.6% | epoch: 1 | remaining: 270s    
step 00132 (9.9%) | loss: 4.019393 | lrm: 1.00 | dt: 245ms | tok/sec: 534,979 | mfu: 20.6% | epoch: 1 | remaining: 270s    
step 00133 (10.0%) | loss: 4.011365 | lrm: 1.00 | dt: 245ms | tok/sec: 534,875 | mfu: 20.6% | epoch: 1 | remaining: 270s    
step 00134 (10.0%) | loss: 3.996799 | lrm: 1.00 | dt: 245ms | tok/sec: 534,792 | mfu: 20.6% | epoch: 1 | remaining: 270s    
step 00135 (10.1%) | loss: 3.990822 | lrm: 1.00 | dt: 245ms | tok/sec: 534,892 | mfu: 20.6% | epoch: 1 | remaining: 269s    
step 00136 (10.2%) | loss: 3.979260 | lrm: 1.00 | dt: 245ms | tok/sec: 534,827 | mfu: 20.6% | epoch: 1 | remaining: 269s    
step 00137 (10.3%) | loss: 3.968009 | lrm: 1.00 | dt: 245ms | tok/sec: 534,824 | mfu: 20.6% | epoch: 1 | remaining: 269s    
step 00138 (10.4%) | loss: 3.953104 | lrm: 1.00 | dt: 245ms | tok/sec: 534,840 | mfu: 20.6% | epoch: 1 | remaining: 269s    
step 00139 (10.4%) | loss: 3.943016 | lrm: 1.00 | dt: 245ms | tok/sec: 534,798 | mfu: 20.6% | epoch: 1 | remaining: 268s    
step 00140 (10.5%) | loss: 3.929178 | lrm: 1.00 | dt: 245ms | tok/sec: 534,708 | mfu: 20.6% | epoch: 1 | remaining: 268s    
step 00141 (10.6%) | loss: 3.920735 | lrm: 1.00 | dt: 245ms | tok/sec: 534,660 | mfu: 20.6% | epoch: 1 | remaining: 268s    
step 00142 (10.7%) | loss: 3.913176 | lrm: 1.00 | dt: 245ms | tok/sec: 534,555 | mfu: 20.6% | epoch: 1 | remaining: 268s    
step 00143 (10.8%) | loss: 3.905622 | lrm: 1.00 | dt: 245ms | tok/sec: 534,720 | mfu: 20.6% | epoch: 1 | remaining: 267s    
step 00144 (10.9%) | loss: 3.897048 | lrm: 1.00 | dt: 245ms | tok/sec: 534,699 | mfu: 20.6% | epoch: 1 | remaining: 267s    
step 00145 (10.9%) | loss: 3.891002 | lrm: 1.00 | dt: 245ms | tok/sec: 534,966 | mfu: 20.6% | epoch: 1 | remaining: 267s    
step 00146 (11.0%) | loss: 3.884987 | lrm: 1.00 | dt: 245ms | tok/sec: 534,851 | mfu: 20.6% | epoch: 1 | remaining: 267s    
step 00147 (11.1%) | loss: 3.871615 | lrm: 1.00 | dt: 245ms | tok/sec: 534,992 | mfu: 20.6% | epoch: 1 | remaining: 266s    
step 00148 (11.2%) | loss: 3.869110 | lrm: 1.00 | dt: 245ms | tok/sec: 534,756 | mfu: 20.6% | epoch: 1 | remaining: 266s    
step 00149 (11.3%) | loss: 3.860849 | lrm: 1.00 | dt: 245ms | tok/sec: 534,776 | mfu: 20.6% | epoch: 1 | remaining: 266s    
step 00150 (11.3%) | loss: 3.852695 | lrm: 1.00 | dt: 245ms | tok/sec: 534,630 | mfu: 20.6% | epoch: 1 | remaining: 266s    
step 00151 (11.4%) | loss: 3.845537 | lrm: 1.00 | dt: 245ms | tok/sec: 534,881 | mfu: 20.6% | epoch: 1 | remaining: 265s    
step 00152 (11.5%) | loss: 3.835853 | lrm: 1.00 | dt: 245ms | tok/sec: 534,881 | mfu: 20.6% | epoch: 1 | remaining: 265s    
step 00153 (11.6%) | loss: 3.829004 | lrm: 1.00 | dt: 245ms | tok/sec: 535,013 | mfu: 20.6% | epoch: 1 | remaining: 265s    
step 00154 (11.7%) | loss: 3.822268 | lrm: 1.00 | dt: 245ms | tok/sec: 534,946 | mfu: 20.6% | epoch: 1 | remaining: 265s    
step 00155 (11.8%) | loss: 3.817504 | lrm: 1.00 | dt: 245ms | tok/sec: 534,989 | mfu: 20.6% | epoch: 1 | remaining: 264s    
step 00156 (11.8%) | loss: 3.811810 | lrm: 1.00 | dt: 245ms | tok/sec: 534,758 | mfu: 20.6% | epoch: 1 | remaining: 264s    
step 00157 (11.9%) | loss: 3.812657 | lrm: 1.00 | dt: 245ms | tok/sec: 535,358 | mfu: 20.6% | epoch: 1 | remaining: 264s    
step 00158 (12.0%) | loss: 3.808913 | lrm: 1.00 | dt: 245ms | tok/sec: 534,638 | mfu: 20.6% | epoch: 1 | remaining: 264s    
step 00159 (12.1%) | loss: 3.805898 | lrm: 1.00 | dt: 245ms | tok/sec: 534,936 | mfu: 20.6% | epoch: 1 | remaining: 264s    
step 00160 (12.2%) | loss: 3.794809 | lrm: 1.00 | dt: 245ms | tok/sec: 534,750 | mfu: 20.6% | epoch: 1 | remaining: 263s    
step 00161 (12.2%) | loss: 3.785285 | lrm: 1.00 | dt: 245ms | tok/sec: 534,998 | mfu: 20.6% | epoch: 1 | remaining: 263s    
step 00162 (12.3%) | loss: 3.773121 | lrm: 1.00 | dt: 245ms | tok/sec: 534,959 | mfu: 20.6% | epoch: 1 | remaining: 263s    
step 00163 (12.4%) | loss: 3.767715 | lrm: 1.00 | dt: 245ms | tok/sec: 534,727 | mfu: 20.6% | epoch: 1 | remaining: 263s    
step 00164 (12.5%) | loss: 3.757545 | lrm: 1.00 | dt: 245ms | tok/sec: 534,949 | mfu: 20.6% | epoch: 1 | remaining: 262s    
step 00165 (12.6%) | loss: 3.747435 | lrm: 1.00 | dt: 245ms | tok/sec: 534,678 | mfu: 20.6% | epoch: 1 | remaining: 262s    
step 00166 (12.7%) | loss: 3.738592 | lrm: 1.00 | dt: 245ms | tok/sec: 534,974 | mfu: 20.6% | epoch: 1 | remaining: 262s    
step 00167 (12.7%) | loss: 3.734380 | lrm: 1.00 | dt: 245ms | tok/sec: 535,036 | mfu: 20.6% | epoch: 1 | remaining: 262s    
step 00168 (12.8%) | loss: 3.737635 | lrm: 1.00 | dt: 245ms | tok/sec: 534,903 | mfu: 20.6% | epoch: 1 | remaining: 261s    
step 00169 (12.9%) | loss: 3.726805 | lrm: 1.00 | dt: 245ms | tok/sec: 534,692 | mfu: 20.6% | epoch: 1 | remaining: 261s    
step 00170 (13.0%) | loss: 3.721566 | lrm: 1.00 | dt: 245ms | tok/sec: 534,614 | mfu: 20.6% | epoch: 1 | remaining: 261s    
step 00171 (13.1%) | loss: 3.719907 | lrm: 1.00 | dt: 245ms | tok/sec: 534,917 | mfu: 20.6% | epoch: 1 | remaining: 261s    
step 00172 (13.1%) | loss: 3.713277 | lrm: 1.00 | dt: 245ms | tok/sec: 534,719 | mfu: 20.6% | epoch: 1 | remaining: 260s    
step 00173 (13.2%) | loss: 3.711949 | lrm: 1.00 | dt: 245ms | tok/sec: 534,892 | mfu: 20.6% | epoch: 1 | remaining: 260s    
step 00174 (13.3%) | loss: 3.701951 | lrm: 1.00 | dt: 245ms | tok/sec: 534,990 | mfu: 20.6% | epoch: 1 | remaining: 260s    
step 00175 (13.4%) | loss: 3.702750 | lrm: 1.00 | dt: 245ms | tok/sec: 534,818 | mfu: 20.6% | epoch: 1 | remaining: 260s    
step 00176 (13.5%) | loss: 3.702292 | lrm: 1.00 | dt: 245ms | tok/sec: 534,966 | mfu: 20.6% | epoch: 1 | remaining: 259s    
step 00177 (13.5%) | loss: 3.684941 | lrm: 1.00 | dt: 245ms | tok/sec: 534,942 | mfu: 20.6% | epoch: 1 | remaining: 259s    
step 00178 (13.6%) | loss: 3.684687 | lrm: 1.00 | dt: 245ms | tok/sec: 534,667 | mfu: 20.6% | epoch: 1 | remaining: 259s    
step 00179 (13.7%) | loss: 3.678946 | lrm: 1.00 | dt: 245ms | tok/sec: 534,872 | mfu: 20.6% | epoch: 1 | remaining: 259s    
step 00180 (13.8%) | loss: 3.673382 | lrm: 1.00 | dt: 245ms | tok/sec: 535,205 | mfu: 20.6% | epoch: 1 | remaining: 258s    
step 00181 (13.9%) | loss: 3.671196 | lrm: 1.00 | dt: 245ms | tok/sec: 534,951 | mfu: 20.6% | epoch: 1 | remaining: 258s    
step 00182 (14.0%) | loss: 3.665275 | lrm: 1.00 | dt: 245ms | tok/sec: 534,893 | mfu: 20.6% | epoch: 1 | remaining: 258s    
step 00183 (14.0%) | loss: 3.668352 | lrm: 1.00 | dt: 245ms | tok/sec: 534,788 | mfu: 20.6% | epoch: 1 | remaining: 258s    
step 00184 (14.1%) | loss: 3.659304 | lrm: 1.00 | dt: 245ms | tok/sec: 535,137 | mfu: 20.6% | epoch: 1 | remaining: 257s    
step 00185 (14.2%) | loss: 3.652455 | lrm: 1.00 | dt: 245ms | tok/sec: 534,762 | mfu: 20.6% | epoch: 1 | remaining: 257s    
step 00186 (14.3%) | loss: 3.653286 | lrm: 1.00 | dt: 245ms | tok/sec: 535,013 | mfu: 20.6% | epoch: 1 | remaining: 257s    
step 00187 (14.4%) | loss: 3.648904 | lrm: 1.00 | dt: 245ms | tok/sec: 535,038 | mfu: 20.6% | epoch: 1 | remaining: 257s    
step 00188 (14.4%) | loss: 3.639853 | lrm: 1.00 | dt: 245ms | tok/sec: 534,913 | mfu: 20.6% | epoch: 1 | remaining: 256s    
step 00189 (14.5%) | loss: 3.637540 | lrm: 1.00 | dt: 245ms | tok/sec: 534,983 | mfu: 20.6% | epoch: 1 | remaining: 256s    
step 00190 (14.6%) | loss: 3.624516 | lrm: 1.00 | dt: 245ms | tok/sec: 535,032 | mfu: 20.6% | epoch: 1 | remaining: 256s    
step 00191 (14.7%) | loss: 3.612912 | lrm: 1.00 | dt: 245ms | tok/sec: 535,126 | mfu: 20.6% | epoch: 1 | remaining: 256s    
step 00192 (14.8%) | loss: 3.610164 | lrm: 1.00 | dt: 245ms | tok/sec: 534,851 | mfu: 20.6% | epoch: 1 | remaining: 255s    
step 00193 (14.9%) | loss: 3.602562 | lrm: 1.00 | dt: 245ms | tok/sec: 535,060 | mfu: 20.6% | epoch: 1 | remaining: 255s    
step 00194 (14.9%) | loss: 3.602791 | lrm: 1.00 | dt: 245ms | tok/sec: 534,958 | mfu: 20.6% | epoch: 1 | remaining: 255s    
step 00195 (15.0%) | loss: 3.607833 | lrm: 1.00 | dt: 245ms | tok/sec: 535,052 | mfu: 20.6% | epoch: 1 | remaining: 255s    
step 00196 (15.1%) | loss: 3.610232 | lrm: 1.00 | dt: 245ms | tok/sec: 534,843 | mfu: 20.6% | epoch: 1 | remaining: 254s    
step 00197 (15.2%) | loss: 3.607466 | lrm: 1.00 | dt: 245ms | tok/sec: 534,834 | mfu: 20.6% | epoch: 1 | remaining: 254s    
step 00198 (15.3%) | loss: 3.609119 | lrm: 1.00 | dt: 245ms | tok/sec: 535,172 | mfu: 20.6% | epoch: 1 | remaining: 254s    
step 00199 (15.3%) | loss: 3.601085 | lrm: 1.00 | dt: 245ms | tok/sec: 534,950 | mfu: 20.6% | epoch: 1 | remaining: 254s    
step 00200 (15.4%) | loss: 3.596169 | lrm: 1.00 | dt: 245ms | tok/sec: 535,153 | mfu: 20.6% | epoch: 1 | remaining: 253s    
step 00201 (15.5%) | loss: 3.594878 | lrm: 1.00 | dt: 245ms | tok/sec: 535,158 | mfu: 20.6% | epoch: 1 | remaining: 253s    
step 00202 (15.6%) | loss: 3.587830 | lrm: 1.00 | dt: 245ms | tok/sec: 534,923 | mfu: 20.6% | epoch: 1 | remaining: 253s    
step 00203 (15.7%) | loss: 3.587277 | lrm: 1.00 | dt: 245ms | tok/sec: 534,983 | mfu: 20.6% | epoch: 1 | remaining: 253s    
step 00204 (15.8%) | loss: 3.581154 | lrm: 1.00 | dt: 245ms | tok/sec: 534,525 | mfu: 20.6% | epoch: 1 | remaining: 252s    
step 00205 (15.8%) | loss: 3.580706 | lrm: 1.00 | dt: 245ms | tok/sec: 534,805 | mfu: 20.6% | epoch: 1 | remaining: 252s    
step 00206 (15.9%) | loss: 3.578627 | lrm: 1.00 | dt: 245ms | tok/sec: 534,790 | mfu: 20.6% | epoch: 1 | remaining: 252s    
step 00207 (16.0%) | loss: 3.578961 | lrm: 1.00 | dt: 245ms | tok/sec: 535,059 | mfu: 20.6% | epoch: 1 | remaining: 252s    
step 00208 (16.1%) | loss: 3.577242 | lrm: 1.00 | dt: 245ms | tok/sec: 535,112 | mfu: 20.6% | epoch: 1 | remaining: 252s    
step 00209 (16.2%) | loss: 3.572510 | lrm: 1.00 | dt: 245ms | tok/sec: 535,192 | mfu: 20.6% | epoch: 1 | remaining: 251s    
step 00210 (16.2%) | loss: 3.564757 | lrm: 1.00 | dt: 245ms | tok/sec: 534,945 | mfu: 20.6% | epoch: 1 | remaining: 251s    
step 00211 (16.3%) | loss: 3.564632 | lrm: 1.00 | dt: 245ms | tok/sec: 534,971 | mfu: 20.6% | epoch: 1 | remaining: 251s    
step 00212 (16.4%) | loss: 3.562091 | lrm: 1.00 | dt: 245ms | tok/sec: 534,989 | mfu: 20.6% | epoch: 1 | remaining: 251s    
step 00213 (16.5%) | loss: 3.561605 | lrm: 1.00 | dt: 245ms | tok/sec: 535,005 | mfu: 20.6% | epoch: 1 | remaining: 250s    
step 00214 (16.6%) | loss: 3.562036 | lrm: 1.00 | dt: 245ms | tok/sec: 535,159 | mfu: 20.6% | epoch: 1 | remaining: 250s    
step 00215 (16.7%) | loss: 3.561286 | lrm: 1.00 | dt: 245ms | tok/sec: 535,277 | mfu: 20.6% | epoch: 1 | remaining: 250s    
step 00216 (16.7%) | loss: 3.559315 | lrm: 1.00 | dt: 245ms | tok/sec: 535,231 | mfu: 20.6% | epoch: 1 | remaining: 250s    
step 00217 (16.8%) | loss: 3.562920 | lrm: 1.00 | dt: 245ms | tok/sec: 534,862 | mfu: 20.6% | epoch: 1 | remaining: 249s    
step 00218 (16.9%) | loss: 3.559366 | lrm: 1.00 | dt: 245ms | tok/sec: 535,126 | mfu: 20.6% | epoch: 1 | remaining: 249s    
step 00219 (17.0%) | loss: 3.562999 | lrm: 1.00 | dt: 245ms | tok/sec: 535,255 | mfu: 20.6% | epoch: 1 | remaining: 249s    
step 00220 (17.1%) | loss: 3.565688 | lrm: 1.00 | dt: 245ms | tok/sec: 535,035 | mfu: 20.6% | epoch: 1 | remaining: 249s    
step 00221 (17.1%) | loss: 3.564578 | lrm: 1.00 | dt: 245ms | tok/sec: 534,945 | mfu: 20.6% | epoch: 1 | remaining: 248s    
step 00222 (17.2%) | loss: 3.563929 | lrm: 1.00 | dt: 245ms | tok/sec: 535,207 | mfu: 20.6% | epoch: 1 | remaining: 248s    
step 00223 (17.3%) | loss: 3.558459 | lrm: 1.00 | dt: 245ms | tok/sec: 535,146 | mfu: 20.6% | epoch: 1 | remaining: 248s    
step 00224 (17.4%) | loss: 3.558720 | lrm: 1.00 | dt: 245ms | tok/sec: 535,232 | mfu: 20.6% | epoch: 1 | remaining: 248s    
step 00225 (17.5%) | loss: 3.548269 | lrm: 1.00 | dt: 245ms | tok/sec: 535,304 | mfu: 20.6% | epoch: 1 | remaining: 247s    
step 00226 (17.6%) | loss: 3.551585 | lrm: 1.00 | dt: 245ms | tok/sec: 535,242 | mfu: 20.6% | epoch: 1 | remaining: 247s    
step 00227 (17.6%) | loss: 3.552882 | lrm: 1.00 | dt: 245ms | tok/sec: 535,491 | mfu: 20.6% | epoch: 1 | remaining: 247s    
step 00228 (17.7%) | loss: 3.547540 | lrm: 1.00 | dt: 245ms | tok/sec: 535,089 | mfu: 20.6% | epoch: 1 | remaining: 247s    
step 00229 (17.8%) | loss: 3.546663 | lrm: 1.00 | dt: 245ms | tok/sec: 535,316 | mfu: 20.6% | epoch: 1 | remaining: 246s    
step 00230 (17.9%) | loss: 3.546106 | lrm: 1.00 | dt: 245ms | tok/sec: 534,984 | mfu: 20.6% | epoch: 1 | remaining: 246s    
step 00231 (18.0%) | loss: 3.543189 | lrm: 1.00 | dt: 245ms | tok/sec: 535,104 | mfu: 20.6% | epoch: 1 | remaining: 246s    
step 00232 (18.0%) | loss: 3.540101 | lrm: 1.00 | dt: 245ms | tok/sec: 535,239 | mfu: 20.6% | epoch: 1 | remaining: 246s    
step 00233 (18.1%) | loss: 3.534084 | lrm: 1.00 | dt: 245ms | tok/sec: 535,441 | mfu: 20.6% | epoch: 1 | remaining: 245s    
step 00234 (18.2%) | loss: 3.530329 | lrm: 1.00 | dt: 245ms | tok/sec: 535,339 | mfu: 20.6% | epoch: 1 | remaining: 245s    
step 00235 (18.3%) | loss: 3.525814 | lrm: 1.00 | dt: 245ms | tok/sec: 535,042 | mfu: 20.6% | epoch: 1 | remaining: 245s    
step 00236 (18.4%) | loss: 3.525178 | lrm: 1.00 | dt: 245ms | tok/sec: 535,210 | mfu: 20.6% | epoch: 1 | remaining: 245s    
step 00237 (18.4%) | loss: 3.525065 | lrm: 1.00 | dt: 245ms | tok/sec: 535,207 | mfu: 20.6% | epoch: 1 | remaining: 244s    
step 00238 (18.5%) | loss: 3.527327 | lrm: 1.00 | dt: 245ms | tok/sec: 535,460 | mfu: 20.6% | epoch: 1 | remaining: 244s    
step 00239 (18.6%) | loss: 3.528346 | lrm: 1.00 | dt: 245ms | tok/sec: 535,120 | mfu: 20.6% | epoch: 1 | remaining: 244s    
step 00240 (18.7%) | loss: 3.523126 | lrm: 1.00 | dt: 245ms | tok/sec: 535,465 | mfu: 20.6% | epoch: 1 | remaining: 244s    
step 00241 (18.8%) | loss: 3.520147 | lrm: 1.00 | dt: 245ms | tok/sec: 535,381 | mfu: 20.6% | epoch: 1 | remaining: 243s    
step 00242 (18.9%) | loss: 3.519118 | lrm: 1.00 | dt: 245ms | tok/sec: 535,541 | mfu: 20.6% | epoch: 1 | remaining: 243s    
step 00243 (18.9%) | loss: 3.517645 | lrm: 1.00 | dt: 245ms | tok/sec: 535,280 | mfu: 20.6% | epoch: 1 | remaining: 243s    
step 00244 (19.0%) | loss: 3.513116 | lrm: 1.00 | dt: 245ms | tok/sec: 535,226 | mfu: 20.6% | epoch: 1 | remaining: 243s    
step 00245 (19.1%) | loss: 3.513934 | lrm: 1.00 | dt: 245ms | tok/sec: 535,628 | mfu: 20.6% | epoch: 1 | remaining: 242s    
step 00246 (19.2%) | loss: 3.513603 | lrm: 1.00 | dt: 245ms | tok/sec: 535,255 | mfu: 20.6% | epoch: 1 | remaining: 242s    
step 00247 (19.3%) | loss: 3.505604 | lrm: 1.00 | dt: 245ms | tok/sec: 535,242 | mfu: 20.6% | epoch: 1 | remaining: 242s    
step 00248 (19.3%) | loss: 3.508425 | lrm: 1.00 | dt: 245ms | tok/sec: 535,118 | mfu: 20.6% | epoch: 1 | remaining: 242s    
step 00249 (19.4%) | loss: 3.509731 | lrm: 1.00 | dt: 245ms | tok/sec: 535,306 | mfu: 20.6% | epoch: 1 | remaining: 241s    
step 00250 (19.5%) | loss: 3.507058 | lrm: 1.00 | dt: 245ms | tok/sec: 535,361 | mfu: 20.6% | epoch: 1 | remaining: 241s    
step 00251 (19.6%) | loss: 3.510200 | lrm: 1.00 | dt: 245ms | tok/sec: 535,639 | mfu: 20.6% | epoch: 1 | remaining: 241s    
step 00252 (19.7%) | loss: 3.503602 | lrm: 1.00 | dt: 245ms | tok/sec: 535,519 | mfu: 20.6% | epoch: 1 | remaining: 241s    
step 00253 (19.8%) | loss: 3.503133 | lrm: 1.00 | dt: 245ms | tok/sec: 535,408 | mfu: 20.6% | epoch: 1 | remaining: 240s    
step 00254 (19.8%) | loss: 3.498643 | lrm: 1.00 | dt: 245ms | tok/sec: 535,723 | mfu: 20.6% | epoch: 1 | remaining: 240s    
step 00255 (19.9%) | loss: 3.502846 | lrm: 1.00 | dt: 245ms | tok/sec: 535,490 | mfu: 20.6% | epoch: 1 | remaining: 240s    
step 00256 (20.0%) | loss: 3.498296 | lrm: 1.00 | dt: 245ms | tok/sec: 535,188 | mfu: 20.6% | epoch: 1 | remaining: 240s    
step 00257 (20.1%) | loss: 3.491183 | lrm: 1.00 | dt: 245ms | tok/sec: 535,483 | mfu: 20.6% | epoch: 1 | remaining: 240s    
step 00258 (20.2%) | loss: 3.483601 | lrm: 1.00 | dt: 245ms | tok/sec: 535,300 | mfu: 20.6% | epoch: 1 | remaining: 239s    
step 00259 (20.2%) | loss: 3.490025 | lrm: 1.00 | dt: 245ms | tok/sec: 535,292 | mfu: 20.6% | epoch: 1 | remaining: 239s    
step 00260 (20.3%) | loss: 3.490044 | lrm: 1.00 | dt: 245ms | tok/sec: 535,368 | mfu: 20.6% | epoch: 1 | remaining: 239s    
step 00261 (20.4%) | loss: 3.485735 | lrm: 1.00 | dt: 245ms | tok/sec: 535,713 | mfu: 20.6% | epoch: 1 | remaining: 239s    
step 00262 (20.5%) | loss: 3.482447 | lrm: 1.00 | dt: 245ms | tok/sec: 535,329 | mfu: 20.6% | epoch: 1 | remaining: 238s    
step 00263 (20.6%) | loss: 3.473267 | lrm: 1.00 | dt: 245ms | tok/sec: 535,266 | mfu: 20.6% | epoch: 1 | remaining: 238s    
step 00264 (20.7%) | loss: 3.474139 | lrm: 1.00 | dt: 245ms | tok/sec: 535,407 | mfu: 20.6% | epoch: 1 | remaining: 238s    
step 00265 (20.7%) | loss: 3.476344 | lrm: 1.00 | dt: 245ms | tok/sec: 535,424 | mfu: 20.6% | epoch: 1 | remaining: 238s    
step 00266 (20.8%) | loss: 3.481763 | lrm: 1.00 | dt: 245ms | tok/sec: 535,388 | mfu: 20.6% | epoch: 1 | remaining: 237s    
step 00267 (20.9%) | loss: 3.476191 | lrm: 1.00 | dt: 245ms | tok/sec: 535,454 | mfu: 20.6% | epoch: 1 | remaining: 237s    
step 00268 (21.0%) | loss: 3.482729 | lrm: 1.00 | dt: 245ms | tok/sec: 535,498 | mfu: 20.6% | epoch: 1 | remaining: 237s    
step 00269 (21.1%) | loss: 3.480112 | lrm: 1.00 | dt: 245ms | tok/sec: 535,526 | mfu: 20.6% | epoch: 1 | remaining: 237s    
step 00270 (21.1%) | loss: 3.477826 | lrm: 1.00 | dt: 245ms | tok/sec: 535,719 | mfu: 20.6% | epoch: 1 | remaining: 236s    
step 00271 (21.2%) | loss: 3.479502 | lrm: 1.00 | dt: 245ms | tok/sec: 535,625 | mfu: 20.6% | epoch: 1 | remaining: 236s    
step 00272 (21.3%) | loss: 3.477469 | lrm: 1.00 | dt: 245ms | tok/sec: 535,406 | mfu: 20.6% | epoch: 1 | remaining: 236s    
step 00273 (21.4%) | loss: 3.479379 | lrm: 1.00 | dt: 245ms | tok/sec: 535,560 | mfu: 20.6% | epoch: 1 | remaining: 236s    
step 00274 (21.5%) | loss: 3.481597 | lrm: 1.00 | dt: 245ms | tok/sec: 535,538 | mfu: 20.6% | epoch: 1 | remaining: 235s    
step 00275 (21.5%) | loss: 3.479577 | lrm: 1.00 | dt: 245ms | tok/sec: 535,448 | mfu: 20.6% | epoch: 1 | remaining: 235s    
step 00276 (21.6%) | loss: 3.480033 | lrm: 1.00 | dt: 245ms | tok/sec: 535,367 | mfu: 20.6% | epoch: 1 | remaining: 235s    
step 00277 (21.7%) | loss: 3.478886 | lrm: 1.00 | dt: 245ms | tok/sec: 535,741 | mfu: 20.6% | epoch: 1 | remaining: 235s    
step 00278 (21.8%) | loss: 3.475883 | lrm: 1.00 | dt: 245ms | tok/sec: 535,573 | mfu: 20.6% | epoch: 1 | remaining: 234s    
step 00279 (21.9%) | loss: 3.481633 | lrm: 1.00 | dt: 245ms | tok/sec: 535,547 | mfu: 20.6% | epoch: 1 | remaining: 234s    
step 00280 (22.0%) | loss: 3.478853 | lrm: 1.00 | dt: 245ms | tok/sec: 535,423 | mfu: 20.6% | epoch: 1 | remaining: 234s    
step 00281 (22.0%) | loss: 3.473767 | lrm: 1.00 | dt: 245ms | tok/sec: 535,431 | mfu: 20.6% | epoch: 1 | remaining: 234s    
step 00282 (22.1%) | loss: 3.470727 | lrm: 1.00 | dt: 245ms | tok/sec: 535,831 | mfu: 20.6% | epoch: 1 | remaining: 233s    
step 00283 (22.2%) | loss: 3.467689 | lrm: 1.00 | dt: 245ms | tok/sec: 535,453 | mfu: 20.6% | epoch: 1 | remaining: 233s    
step 00284 (22.3%) | loss: 3.459416 | lrm: 1.00 | dt: 245ms | tok/sec: 535,500 | mfu: 20.6% | epoch: 1 | remaining: 233s    
step 00285 (22.4%) | loss: 3.461390 | lrm: 1.00 | dt: 245ms | tok/sec: 535,785 | mfu: 20.6% | epoch: 1 | remaining: 233s    
step 00286 (22.4%) | loss: 3.472631 | lrm: 1.00 | dt: 245ms | tok/sec: 535,368 | mfu: 20.6% | epoch: 1 | remaining: 232s    
step 00287 (22.5%) | loss: 3.469341 | lrm: 1.00 | dt: 245ms | tok/sec: 535,667 | mfu: 20.6% | epoch: 1 | remaining: 232s    
step 00288 (22.6%) | loss: 3.455170 | lrm: 1.00 | dt: 245ms | tok/sec: 535,619 | mfu: 20.6% | epoch: 1 | remaining: 232s    
step 00289 (22.7%) | loss: 3.451643 | lrm: 1.00 | dt: 245ms | tok/sec: 535,461 | mfu: 20.6% | epoch: 1 | remaining: 232s    
step 00290 (22.8%) | loss: 3.448611 | lrm: 1.00 | dt: 245ms | tok/sec: 535,608 | mfu: 20.6% | epoch: 1 | remaining: 231s    
step 00291 (22.9%) | loss: 3.448380 | lrm: 1.00 | dt: 245ms | tok/sec: 535,293 | mfu: 20.6% | epoch: 1 | remaining: 231s    
step 00292 (22.9%) | loss: 3.454227 | lrm: 1.00 | dt: 245ms | tok/sec: 535,685 | mfu: 20.6% | epoch: 1 | remaining: 231s    
step 00293 (23.0%) | loss: 3.457043 | lrm: 1.00 | dt: 245ms | tok/sec: 535,692 | mfu: 20.6% | epoch: 1 | remaining: 231s    
step 00294 (23.1%) | loss: 3.446020 | lrm: 1.00 | dt: 245ms | tok/sec: 535,803 | mfu: 20.6% | epoch: 1 | remaining: 230s    
step 00295 (23.2%) | loss: 3.443128 | lrm: 1.00 | dt: 245ms | tok/sec: 535,375 | mfu: 20.6% | epoch: 1 | remaining: 230s    
step 00296 (23.3%) | loss: 3.444082 | lrm: 1.00 | dt: 245ms | tok/sec: 535,571 | mfu: 20.6% | epoch: 1 | remaining: 230s    
step 00297 (23.3%) | loss: 3.446473 | lrm: 1.00 | dt: 245ms | tok/sec: 535,666 | mfu: 20.6% | epoch: 1 | remaining: 230s    
step 00298 (23.4%) | loss: 3.440638 | lrm: 1.00 | dt: 245ms | tok/sec: 535,749 | mfu: 20.6% | epoch: 1 | remaining: 229s    
step 00299 (23.5%) | loss: 3.438918 | lrm: 1.00 | dt: 245ms | tok/sec: 535,742 | mfu: 20.6% | epoch: 1 | remaining: 229s    
step 00300 (23.6%) | loss: 3.436657 | lrm: 1.00 | dt: 245ms | tok/sec: 535,476 | mfu: 20.6% | epoch: 1 | remaining: 229s    
step 00301 (23.7%) | loss: 3.438170 | lrm: 1.00 | dt: 245ms | tok/sec: 535,863 | mfu: 20.6% | epoch: 1 | remaining: 229s    
step 00302 (23.8%) | loss: 3.440842 | lrm: 1.00 | dt: 245ms | tok/sec: 535,709 | mfu: 20.6% | epoch: 1 | remaining: 228s    
step 00303 (23.8%) | loss: 3.440789 | lrm: 1.00 | dt: 245ms | tok/sec: 535,682 | mfu: 20.6% | epoch: 1 | remaining: 228s    
step 00304 (23.9%) | loss: 3.442105 | lrm: 1.00 | dt: 245ms | tok/sec: 535,648 | mfu: 20.6% | epoch: 1 | remaining: 228s    
step 00305 (24.0%) | loss: 3.437260 | lrm: 1.00 | dt: 245ms | tok/sec: 535,657 | mfu: 20.6% | epoch: 1 | remaining: 228s    
step 00306 (24.1%) | loss: 3.440270 | lrm: 1.00 | dt: 245ms | tok/sec: 535,642 | mfu: 20.6% | epoch: 1 | remaining: 228s    
step 00307 (24.2%) | loss: 3.438421 | lrm: 1.00 | dt: 245ms | tok/sec: 535,845 | mfu: 20.6% | epoch: 1 | remaining: 227s    
step 00308 (24.2%) | loss: 3.436186 | lrm: 1.00 | dt: 245ms | tok/sec: 535,599 | mfu: 20.6% | epoch: 1 | remaining: 227s    
step 00309 (24.3%) | loss: 3.440983 | lrm: 1.00 | dt: 245ms | tok/sec: 535,502 | mfu: 20.6% | epoch: 1 | remaining: 227s    
step 00310 (24.4%) | loss: 3.444703 | lrm: 1.00 | dt: 245ms | tok/sec: 535,552 | mfu: 20.6% | epoch: 1 | remaining: 227s    
step 00311 (24.5%) | loss: 3.446881 | lrm: 1.00 | dt: 245ms | tok/sec: 535,613 | mfu: 20.6% | epoch: 1 | remaining: 226s    
step 00312 (24.6%) | loss: 3.445137 | lrm: 1.00 | dt: 245ms | tok/sec: 535,619 | mfu: 20.6% | epoch: 1 | remaining: 226s    