n3_m1-5_t3-20          |G|=  5 supports=     14 grid_best(float)=0.5971716 certified=0.5971716 family=0.5971716 (binary) gain=+0.0e+00 equal atoms=2 0s
n3_m1-5_t3-10          |G|=  5 supports=     20 grid_best(float)=0.7023320 certified=0.7023320 family=0.7023320 (binary) gain=+0.0e+00 equal atoms=2 0s
n3_m1-5_t9-20          |G|=  5 supports=     20 grid_best(float)=0.8337065 certified=0.8337065 family=0.8337065 (binary) gain=+0.0e+00 equal atoms=2 0s
n3_m2-5_t3-10          |G|=  5 supports=     14 grid_best(float)=0.2962963 certified=0.2962963 family=0.2962963 (binary) gain=+0.0e+00 equal atoms=2 0s
n3_m2-5_t3-5           |G|=  5 supports=     20 grid_best(float)=0.4218750 certified=0.4218750 family=0.4218750 (binary) gain=+0.0e+00 equal atoms=2 0s
n3_m2-5_t9-10          |G|=  5 supports=     20 grid_best(float)=0.6297376 certified=0.6297376 family=0.6297376 (binary) gain=+0.0e+00 equal atoms=2 0s
n3_m3-5_t9-20          |G|=  5 supports=     14 grid_best(float)=0.1042133 certified=0.1042133 family=0.1042133 (binary) gain=+0.0e+00 equal atoms=2 0s
n3_m3-5_t9-10          |G|=  5 supports=     20 grid_best(float)=0.2592593 certified=0.2592593 family=0.2592593 (binary) gain=+0.0e+00 equal atoms=2 0s
n3_m3-5_t27-20         |G|=  7 supports=     65 grid_best(float)=0.4772797 certified=0.4772797 family=0.4772797 (binary) gain=+0.0e+00 equal atoms=2 0s
n4_m1-5_t1-5           |G|=  6 supports=     24 grid_best(float)=0.5028813 certified=0.5028813 family=0.5028813 (binary) gain=+0.0e+00 equal atoms=2 0s
n4_m1-5_t2-5           |G|=  6 supports=     35 grid_best(float)=0.6242951 certified=0.6242951 family=0.6242951 (binary) gain=+0.0e+00 equal atoms=2 0s
n4_m1-5_t3-5           |G|=  6 supports=     35 grid_best(float)=0.7846649 certified=0.7846649 family=0.7846649 (binary) gain=+0.0e+00 equal atoms=2 0s
n4_m2-5_t2-5           |G|=  6 supports=     24 grid_best(float)=0.1975309 certified=0.1975309 family=0.1975309 (binary) gain=+0.0e+00 equal atoms=2 0s
n4_m2-5_t4-5           |G|=  6 supports=     35 grid_best(float)=0.3164063 certified=0.3164062 family=0.3164062 (binary) gain=+0.0e+00 equal atoms=2 0s
n4_m2-5_t6-5           |G|=  9 supports=    151 grid_best(float)=0.5503176 certified=0.5503176 family=0.5503176 (binary) gain=+0.0e+00 equal atoms=2 0s
n4_m3-5_t3-5           |G|=  6 supports=     24 grid_best(float)=0.0490416 certified=0.0490416 family=0.0490416 (binary) gain=+0.0e+00 equal atoms=2 0s
n4_m3-5_t6-5           |G|=  9 supports=     91 grid_best(float)=0.2136610 certified=0.2136610 family=0.2136610 (binary) gain=+0.0e+00 equal atoms=2 0s
n4_m3-5_t9-5           |G|=  9 supports=    185 grid_best(float)=0.4074074 certified=0.4074074 family=0.4074074 (binary) gain=+0.0e+00 equal atoms=2 0s
n6_m1-5_t3-10          |G|=  8 supports=    103 grid_best(float)=0.3566139 certified=0.3566139 family=0.3566139 (binary) gain=+0.0e+00 equal atoms=2 0s
n6_m1-5_t3-5           |G|=  8 supports=    118 grid_best(float)=0.4932702 certified=0.4932702 family=0.4932702 (binary) gain=+0.0e+00 equal atoms=2 0s
n6_m1-5_t9-10          |G|=  8 supports=    125 grid_best(float)=0.6950665 certified=0.6950665 family=0.6950665 (binary) gain=+0.0e+00 equal atoms=2 0s
n6_m2-5_t3-5           |G|=  8 supports=    103 grid_best(float)=0.0877915 certified=0.0877915 family=0.0877915 (binary) gain=+0.0e+00 equal atoms=2 0s
n6_m2-5_t6-5           |G|= 12 supports=    402 grid_best(float)=0.2741814 certified=0.2741814 family=0.2741814 (binary) gain=+0.0e+00 equal atoms=2 1s
n6_m2-5_t9-5           |G|= 13 supports=    875 grid_best(float)=0.4527784 certified=0.4527784 family=0.4527784 (binary) gain=+0.0e+00 equal atoms=2 2s
n6_m3-5_t9-10          |G|=  8 supports=    103 grid_best(float)=0.0179040 certified=0.0179040 family=0.0179040 (ternary) gain=-2.6e-13 equal atoms=4 0s
n6_m3-5_t9-5           |G|= 13 supports=    693 grid_best(float)=0.1001372 certified=0.1001372 family=0.1001372 (binary) gain=+0.0e+00 equal atoms=2 1s
n6_m3-5_t27-10         |G|= 17 supports=   2390 grid_best(float)=0.3196159 certified=0.3196159 family=0.3196159 (binary) gain=+0.0e+00 equal atoms=2 5s
n1_m1-5_t1-20          |G|=  3 supports=      3 grid_best(float)=0.8421053 certified=0.8421053 family=0.8421053 (binary) gain=+0.0e+00 equal atoms=2 0s
n1_m1-5_t1-10          |G|=  3 supports=      3 grid_best(float)=0.8888889 certified=0.8888889 family=0.8888889 (binary) gain=+0.0e+00 equal atoms=2 0s
n1_m1-5_t3-20          |G|=  3 supports=      3 grid_best(float)=0.9411765 certified=0.9411765 family=0.9411765 (binary) gain=+0.0e+00 equal atoms=2 0s
n1_m2-5_t1-10          |G|=  3 supports=      3 grid_best(float)=0.6666667 certified=0.6666667 family=0.6666667 (binary) gain=+0.0e+00 equal atoms=2 0s
n1_m2-5_t1-5           |G|=  3 supports=      3 grid_best(float)=0.7500000 certified=0.7500000 family=0.7500000 (binary) gain=+0.0e+00 equal atoms=2 0s
n1_m2-5_t3-10          |G|=  3 supports=      3 grid_best(float)=0.8571429 certified=0.8571429 family=0.8571429 (binary) gain=+0.0e+00 equal atoms=2 0s
n1_m3-5_t3-20          |G|=  3 supports=      3 grid_best(float)=0.4705882 certified=0.4705882 family=0.4705882 (binary) gain=+0.0e+00 equal atoms=2 0s
n1_m3-5_t3-10          |G|=  3 supports=      3 grid_best(float)=0.5714286 certified=0.5714286 family=0.5714286 (binary) gain=+0.0e+00 equal atoms=2 0s
n1_m3-5_t9-20          |G|=  3 supports=      3 grid_best(float)=0.7272727 certified=0.7272727 family=0.7272727 (binary) gain=+0.0e+00 equal atoms=2 0s
n2_m1-5_t1-10          |G|=  4 supports=      7 grid_best(float)=0.7091413 certified=0.7091413 family=0.7091413 (binary) gain=+0.0e+00 equal atoms=2 0s
n2_m1-5_t1-5           |G|=  4 supports=      6 grid_best(float)=0.7901235 certified=0.7901235 family=0.7901235 (binary) gain=+0.0e+00 equal atoms=2 0s
n2_m1-5_t3-10          |G|=  4 supports=      9 grid_best(float)=0.8858131 certified=0.8858131 family=0.8858131 (binary) gain=+0.0e+00 equal atoms=2 0s
n2_m2-5_t1-5           |G|=  4 supports=      7 grid_best(float)=0.4444444 certified=0.4444444 family=0.4444444 (binary) gain=+0.0e+00 equal atoms=2 0s
n2_m2-5_t2-5           |G|=  4 supports=      6 grid_best(float)=0.5625000 certified=0.5625000 family=0.5625000 (binary) gain=+0.0e+00 equal atoms=2 0s
n2_m2-5_t3-5           |G|=  4 supports=      9 grid_best(float)=0.7346939 certified=0.7346939 family=0.7346939 (binary) gain=+0.0e+00 equal atoms=2 0s
n2_m3-5_t3-10          |G|=  4 supports=      7 grid_best(float)=0.2214533 certified=0.2214533 family=0.2214533 (binary) gain=+0.0e+00 equal atoms=2 0s
n2_m3-5_t3-5           |G|=  4 supports=      6 grid_best(float)=0.3265306 certified=0.3265306 family=0.3265306 (binary) gain=+0.0e+00 equal atoms=2 0s
n2_m3-5_t9-10          |G|=  4 supports=      9 grid_best(float)=0.5555556 certified=0.5555556 family=0.5555556 (binary) gain=+0.0e+00 equal atoms=2 0s
n5_m1-5_t1-4           |G|=  7 supports=     65 grid_best(float)=0.4234790 certified=0.4234790 family=0.4234790 (binary) gain=+0.0e+00 equal atoms=2 0s
n5_m1-5_t1-2           |G|=  7 supports=     76 grid_best(float)=0.5549290 certified=0.5549290 family=0.5549290 (binary) gain=+0.0e+00 equal atoms=2 0s
n5_m1-5_t3-4           |G|=  7 supports=     76 grid_best(float)=0.7385082 certified=0.7385082 family=0.7385082 (binary) gain=+0.0e+00 equal atoms=2 0s
n5_m2-5_t1-2           |G|=  7 supports=     65 grid_best(float)=0.1316872 certified=0.1316872 family=0.1316872 (binary) gain=+0.0e+00 equal atoms=2 0s
n5_m2-5_t1-1           |G|=  6 supports=     38 grid_best(float)=0.3369600 certified=0.3369600 family=0.3369600 (binary) gain=+0.0e+00 equal atoms=4 0s
n5_m2-5_t3-2           |G|= 10 supports=    280 grid_best(float)=0.4990360 certified=0.4990360 family=0.4990360 (binary) gain=+0.0e+00 equal atoms=2 0s
n5_m3-5_t3-4           |G|=  7 supports=     65 grid_best(float)=0.0230784 certified=0.0230784 family=0.0230784 (binary) gain=+0.0e+00 equal atoms=2 0s
n5_m3-5_t3-2           |G|= 10 supports=    220 grid_best(float)=0.1385041 certified=0.1385041 family=0.1385041 (binary) gain=+0.0e+00 equal atoms=2 0s
n5_m3-5_t9-4           |G|= 13 supports=    700 grid_best(float)=0.3819641 certified=0.3819641 family=0.3819641 (binary) gain=+0.0e+00 equal atoms=2 1s
n8_m1-5_t2-5           |G|= 10 supports=    217 grid_best(float)=0.2528896 certified=0.2528896 family=0.2528896 (binary) gain=+0.0e+00 equal atoms=2 0s
n8_m1-5_t4-5           |G|= 10 supports=    300 grid_best(float)=0.3897443 certified=0.3897443 family=0.3897443 (binary) gain=+0.0e+00 equal atoms=2 0s
n8_m1-5_t6-5           |G|= 16 supports=   1900 grid_best(float)=0.6156991 certified=0.6156991 family=0.6156991 (binary) gain=+0.0e+00 equal atoms=2 5s
n8_m2-5_t4-5           |G|= 10 supports=    217 grid_best(float)=0.0393735 certified=0.0393735 family=0.0393735 (ternary) gain=-1.0e-13 equal atoms=4 0s
n8_m2-5_t8-5           |G|= 16 supports=   1694 grid_best(float)=0.1785508 certified=0.1785508 family=0.1785508 (binary) gain=+0.0e+00 equal atoms=2 3s
n8_m2-5_t12-5          |G|= 21 supports=   5509 grid_best(float)=0.4108813 certified=0.4108813 family=0.4108813 (binary) gain=+0.0e+00 equal atoms=2 17s
n8_m3-5_t6-5           |G|= 16 supports=    574 grid_best(float)=0.0102710 certified=0.0102710 family=0.0102710 (binary) gain=+0.0e+00 equal atoms=2 1s
n8_m3-5_t12-5          |G|= 21 supports=   3485 grid_best(float)=0.0699308 certified=0.0699308 family=0.0699308 (binary) gain=+0.0e+00 equal atoms=2 9s
n8_m3-5_t18-5          |G|= 26 supports=  11609 grid_best(float)=0.2691310 certified=0.2691310 family=0.2691310 (binary) gain=+0.0e+00 equal atoms=2 41s
WINS: 0 []
