n3_m1-5_t3-20            family 0.5971716 search(k=4,5) 0.5969380 gain -2.34e-04 atoms 4 
n3_m1-5_t3-10            family 0.7023320 search(k=4,5) 0.7021358 gain -1.96e-04 atoms 3 
n3_m1-5_t9-20            family 0.8337065 search(k=4,5) 0.8333024 gain -4.04e-04 atoms 3 
n3_m2-5_t3-10            family 0.2962963 search(k=4,5) 0.2962918 gain -4.47e-06 atoms 2 
n3_m2-5_t3-5             family 0.4218750 search(k=4,5) 0.4218671 gain -7.90e-06 atoms 2 
n3_m2-5_t9-10            family 0.6297376 search(k=4,5) 0.6294204 gain -3.17e-04 atoms 3 
n3_m3-5_t9-20            family 0.1042133 search(k=4,5) 0.1041991 gain -1.42e-05 atoms 3 
n3_m3-5_t9-10            family 0.2592593 search(k=4,5) 0.2592046 gain -5.47e-05 atoms 2 
n3_m3-5_t27-20           family 0.4772797 search(k=4,5) 0.4772756 gain -4.08e-06 atoms 2 
n4_m1-5_t1-5             family 0.5028813 search(k=4,5) 0.5025936 gain -2.88e-04 atoms 3 
n4_m1-5_t2-5             family 0.6242951 search(k=4,5) 0.6239810 gain -3.14e-04 atoms 4 
n4_m1-5_t3-5             family 0.7846649 search(k=4,5) 0.7841487 gain -5.16e-04 atoms 3 
n4_m2-5_t2-5             family 0.1975309 search(k=4,5) 0.1975056 gain -2.53e-05 atoms 3 
n4_m2-5_t4-5             family 0.3164062 search(k=4,5) 0.3164039 gain -2.37e-06 atoms 2 
n4_m2-5_t6-5             family 0.5503176 search(k=4,5) 0.5503170 gain -5.30e-07 atoms 2 
n4_m3-5_t3-5             family 0.0490416 search(k=4,5) 0.0490392 gain -2.34e-06 atoms 2 
n4_m3-5_t6-5             family 0.2136610 search(k=4,5) 0.2136526 gain -8.34e-06 atoms 2 
n4_m3-5_t9-5             family 0.4074074 search(k=4,5) 0.4073484 gain -5.90e-05 atoms 2 
n6_m1-5_t3-10            family 0.3566139 search(k=4,5) 0.3562098 gain -4.04e-04 atoms 3 
n6_m1-5_t3-5             family 0.4932702 search(k=4,5) 0.4912431 gain -2.03e-03 atoms 4 
n6_m1-5_t9-10            family 0.6950665 search(k=4,5) 0.6906735 gain -4.39e-03 atoms 3 
n6_m2-5_t3-5             family 0.0877915 search(k=4,5) 0.0877403 gain -5.11e-05 atoms 2 
n6_m2-5_t6-5             family 0.2741814 search(k=4,5) 0.2741359 gain -4.54e-05 atoms 2 
n6_m2-5_t9-5             family 0.4527784 search(k=4,5) 0.4527648 gain -1.36e-05 atoms 2 
n6_m3-5_t9-10            family 0.0179040 search(k=4,5) 0.0178743 gain -2.97e-05 atoms 3 
n6_m3-5_t9-5             family 0.1001372 search(k=4,5) 0.1000967 gain -4.05e-05 atoms 2 
n6_m3-5_t27-10           family 0.3196159 search(k=4,5) 0.3195349 gain -8.10e-05 atoms 2 
n1_m1-5_t1-20            family 0.8421053 search(k=4,5) 0.8419461 gain -1.59e-04 atoms 3 
n1_m1-5_t1-10            family 0.8888889 search(k=4,5) 0.8886376 gain -2.51e-04 atoms 3 
n1_m1-5_t3-20            family 0.9411765 search(k=4,5) 0.9407820 gain -3.95e-04 atoms 3 
n1_m2-5_t1-10            family 0.6666667 search(k=4,5) 0.6665320 gain -1.35e-04 atoms 3 
n1_m2-5_t1-5             family 0.7500000 search(k=4,5) 0.7499555 gain -4.45e-05 atoms 2 
n1_m2-5_t3-10            family 0.8571429 search(k=4,5) 0.8570493 gain -9.36e-05 atoms 4 
n1_m3-5_t3-20            family 0.4705882 search(k=4,5) 0.4705669 gain -2.13e-05 atoms 3 
n1_m3-5_t3-10            family 0.5714286 search(k=4,5) 0.5714080 gain -2.05e-05 atoms 2 
n1_m3-5_t9-20            family 0.7272727 search(k=4,5) 0.7272612 gain -1.16e-05 atoms 2 
n2_m1-5_t1-10            family 0.7091413 search(k=4,5) 0.7088733 gain -2.68e-04 atoms 3 
n2_m1-5_t1-5             family 0.7901235 search(k=4,5) 0.7896767 gain -4.47e-04 atoms 3 
n2_m1-5_t3-10            family 0.8858131 search(k=4,5) 0.8848363 gain -9.77e-04 atoms 3 
n2_m2-5_t1-5             family 0.4444444 search(k=4,5) 0.4443788 gain -6.56e-05 atoms 3 
n2_m2-5_t2-5             family 0.5625000 search(k=4,5) 0.5624731 gain -2.69e-05 atoms 2 
n2_m2-5_t3-5             family 0.7346939 search(k=4,5) 0.7343624 gain -3.31e-04 atoms 4 
n2_m3-5_t3-10            family 0.2214533 search(k=4,5) 0.2214332 gain -2.01e-05 atoms 3 
n2_m3-5_t3-5             family 0.3265306 search(k=4,5) 0.3265071 gain -2.35e-05 atoms 2 
n2_m3-5_t9-10            family 0.5555556 search(k=4,5) 0.5554748 gain -8.08e-05 atoms 3 
n5_m1-5_t1-4             family 0.4234790 search(k=4,5) 0.4230791 gain -4.00e-04 atoms 3 
n5_m1-5_t1-2             family 0.5549290 search(k=4,5) 0.5541711 gain -7.58e-04 atoms 3 
n5_m1-5_t3-4             family 0.7385082 search(k=4,5) 0.7347845 gain -3.72e-03 atoms 4 
n5_m2-5_t1-2             family 0.1316872 search(k=4,5) 0.1316829 gain -4.37e-06 atoms 2 
n5_m2-5_t1-1             family 0.3369600 search(k=4,5) 0.3369600 gain +0.00e+00 atoms 2 
n5_m2-5_t3-2             family 0.4990360 search(k=4,5) 0.4988821 gain -1.54e-04 atoms 3 
n5_m3-5_t3-4             family 0.0230784 search(k=4,5) 0.0230750 gain -3.38e-06 atoms 2 
n5_m3-5_t3-2             family 0.1385041 search(k=4,5) 0.1384927 gain -1.14e-05 atoms 2 
n5_m3-5_t9-4             family 0.3819641 search(k=4,5) 0.3819510 gain -1.31e-05 atoms 2 
n8_m1-5_t2-5             family 0.2528896 search(k=4,5) 0.2527753 gain -1.14e-04 atoms 3 
n8_m1-5_t4-5             family 0.3897443 search(k=4,5) 0.3896156 gain -1.29e-04 atoms 2 
n8_m1-5_t6-5             family 0.6156991 search(k=4,5) 0.6096164 gain -6.08e-03 atoms 4 
n8_m2-5_t4-5             family 0.0393735 search(k=4,5) 0.0389248 gain -4.49e-04 atoms 4 
n8_m2-5_t8-5             family 0.1785508 search(k=4,5) 0.1784959 gain -5.49e-05 atoms 3 
n8_m2-5_t12-5            family 0.4108813 search(k=4,5) 0.4108755 gain -5.88e-06 atoms 2 
n8_m3-5_t6-5             family 0.0102710 search(k=4,5) 0.0102708 gain -2.30e-07 atoms 2 
n8_m3-5_t12-5            family 0.0699308 search(k=4,5) 0.0699255 gain -5.25e-06 atoms 2 
n8_m3-5_t18-5            family 0.2691310 search(k=4,5) 0.2691132 gain -1.78e-05 atoms 2 
n10_m1-5_t1-2            family 0.1793345 search(k=4,5) 0.1789215 gain -4.13e-04 atoms 4 
Traceback (most recent call last):
  File "<stdin>", line 20, in <module>
AttributeError: 'NoneType' object has no attribute 'value'
