linear {
 "requested": 18,
 "certified": 17,
 "skipped": 1,
 "audited": 0,
 "audit_disagreements": 0,
 "exact_seconds": 49.60494256019592,
 "estimate_seconds": 0.6543021202087402,
 "skipped_exact_seconds_est": 0.0,
 "fraction_certified": 0.9444444444444444,
 "members": 6,
 "instances": 3,
 "exact_calls_full": 18,
 "seconds_full_arm": 48.59,
 "seconds_policy_arm": 50.26,
 "best_identical": true,
 "max_best_diff": 0.0
}
hoeffding {
 "requested": 468,
 "certified": 39,
 "skipped": 384,
 "audited": 45,
 "audit_disagreements": 0,
 "exact_seconds": 0.004981517791748047,
 "estimate_seconds": 0.01157689094543457,
 "skipped_exact_seconds_est": 0.0,
 "fraction_certified": 0.1794871794871795,
 "members": 12,
 "instances": 39,
 "exact_calls_full": 468,
 "seconds_full_arm": 0.03,
 "seconds_policy_arm": 0.02,
 "best_identical": true,
 "max_best_diff": 0.0
}
