trial 1/3: accuracy=1.41% training=0.300s inference=0.066s
trial 2/3: accuracy=1.19% training=0.006s inference=0.020s
trial 3/3: accuracy=1.05% training=0.003s inference=0.019s
{
  "requested_trials": 3,
  "number_of_trials": 3,
  "successful_trials": 3,
  "failed_trials": 0,
  "complete": true,
  "accuracy_target": 0.75,
  "run_error": null,
  "mean_accuracy": 0.012166666666666668,
  "accuracy_std": 0.0018147543451754928,
  "mean_training_time": 0.10322901999946528,
  "training_time_std": 0.1708439457598191,
  "mean_evaluation_time": 0.034966693667229265,
  "evaluation_time_std": 0.026637975836065877,
  "qualified": false,
  "official": false,
  "dataset": "CIFAR-100",
  "run_id": "20261003T200508Z-f62d1e49"
}
Results: /home/jovyan/work/arena3/hypothesis-lit/results/arena/20261003T200508Z-f62d1e49
