trial 1/3: accuracy=73.46% training=8.155s inference=0.125s
trial 2/3: accuracy=74.00% training=7.981s inference=0.088s
trial 3/3: accuracy=74.04% training=7.994s inference=0.089s
{
  "requested_trials": 3,
  "number_of_trials": 3,
  "successful_trials": 3,
  "failed_trials": 0,
  "complete": true,
  "accuracy_target": 0.75,
  "run_error": null,
  "mean_accuracy": 0.7383333333333333,
  "accuracy_std": 0.003239341496868321,
  "mean_training_time": 8.043640994997986,
  "training_time_std": 0.09700466813546817,
  "mean_evaluation_time": 0.10080037566513056,
  "evaluation_time_std": 0.02125717037054687,
  "qualified": false,
  "official": false,
  "dataset": "CIFAR-100",
  "run_id": "20261003T201207Z-6878e564"
}
Results: /home/jovyan/work/arena3/hypothesis-lit/results/arena/20261003T201207Z-6878e564
