trial 1/3: accuracy=74.79% training=9.181s inference=0.138s
trial 2/3: accuracy=75.00% training=8.941s inference=0.090s
trial 3/3: accuracy=74.68% training=8.978s inference=0.090s
{
  "requested_trials": 3,
  "number_of_trials": 3,
  "successful_trials": 3,
  "failed_trials": 0,
  "complete": true,
  "accuracy_target": 0.75,
  "run_error": null,
  "mean_accuracy": 0.7482333333333333,
  "accuracy_std": 0.001625833119767617,
  "mean_training_time": 9.033275334664117,
  "training_time_std": 0.12955465847109068,
  "mean_evaluation_time": 0.10582430033537094,
  "evaluation_time_std": 0.027544254747500618,
  "qualified": false,
  "official": false,
  "dataset": "CIFAR-100",
  "run_id": "20261003T201314Z-e2d59592"
}
Results: /home/jovyan/work/arena3/hypothesis-lit/results/arena/20261003T201314Z-e2d59592
