trial 1/3: accuracy=74.79% training=9.108s inference=0.143s
trial 2/3: accuracy=75.00% training=8.928s inference=0.088s
trial 3/3: accuracy=74.68% training=8.952s inference=0.088s
{
  "requested_trials": 3,
  "number_of_trials": 3,
  "successful_trials": 3,
  "failed_trials": 0,
  "complete": true,
  "accuracy_target": 0.75,
  "run_error": null,
  "mean_accuracy": 0.7482333333333333,
  "accuracy_std": 0.001625833119767617,
  "mean_training_time": 8.995994966001794,
  "training_time_std": 0.09796632387697381,
  "mean_evaluation_time": 0.10656048400172342,
  "evaluation_time_std": 0.031432606971938,
  "qualified": false,
  "official": false,
  "dataset": "CIFAR-100",
  "run_id": "20261003T201432Z-fc58af44"
}
Results: /home/jovyan/work/arena3/hypothesis-lit/results/arena/20261003T201432Z-fc58af44
