trial 1/3: accuracy=74.90% training=8.915s inference=0.159s
trial 2/3: accuracy=74.69% training=8.922s inference=0.123s
trial 3/3: accuracy=74.68% training=8.940s inference=0.126s
{
  "requested_trials": 3,
  "number_of_trials": 3,
  "successful_trials": 3,
  "failed_trials": 0,
  "complete": true,
  "accuracy_target": 0.75,
  "run_error": null,
  "mean_accuracy": 0.7475666666666667,
  "accuracy_std": 0.0012423096769056063,
  "mean_training_time": 8.92561156466642,
  "training_time_std": 0.012908194806837484,
  "mean_evaluation_time": 0.13586329933362626,
  "evaluation_time_std": 0.020077684121580133,
  "qualified": false,
  "official": false,
  "dataset": "CIFAR-100",
  "run_id": "20261003T201721Z-8cc257fe"
}
Results: /home/jovyan/work/arena3/hypothesis-lit/results/arena/20261003T201721Z-8cc257fe
