trial 1/3: accuracy=74.87% training=8.755s inference=0.263s
trial 2/3: accuracy=75.09% training=8.756s inference=0.089s
trial 3/3: accuracy=74.29% training=8.773s inference=0.089s
{
  "requested_trials": 3,
  "number_of_trials": 3,
  "successful_trials": 3,
  "failed_trials": 0,
  "complete": true,
  "accuracy_target": 0.75,
  "run_error": null,
  "mean_accuracy": 0.7475,
  "accuracy_std": 0.004132795663954371,
  "mean_training_time": 8.761555844668086,
  "training_time_std": 0.010166846466856429,
  "mean_evaluation_time": 0.14661138499892937,
  "evaluation_time_std": 0.10044474152037795,
  "qualified": false,
  "official": false,
  "dataset": "CIFAR-100",
  "run_id": "20261003T201919Z-3b9f3038"
}
Results: /home/jovyan/work/arena3/hypothesis-lit/results/arena/20261003T201919Z-3b9f3038
