trial 1/3: accuracy=75.43% training=8.820s inference=0.320s
trial 2/3: accuracy=75.74% training=8.643s inference=0.094s
trial 3/3: accuracy=75.15% training=8.665s inference=0.093s
{
  "requested_trials": 3,
  "number_of_trials": 3,
  "successful_trials": 3,
  "failed_trials": 0,
  "complete": true,
  "accuracy_target": 0.75,
  "run_error": null,
  "mean_accuracy": 0.7544,
  "accuracy_std": 0.002951270912674749,
  "mean_training_time": 8.709315486334768,
  "training_time_std": 0.09669448082283404,
  "mean_evaluation_time": 0.16895585899813645,
  "evaluation_time_std": 0.13058614189527076,
  "qualified": true,
  "official": false,
  "dataset": "CIFAR-100",
  "run_id": "20261003T202158Z-33ee7ff6"
}
Results: /home/jovyan/work/arena3/hypothesis-lit/results/arena/20261003T202158Z-33ee7ff6
