AUTOTUNE mm(2000x768, 768x100)
  triton_mm_77 0.0133 ms 100.0%
  triton_mm_70 0.0154 ms 86.7%
  triton_mm_73 0.0164 ms 81.2%
  triton_mm_76 0.0164 ms 81.2%
  triton_mm_71 0.0184 ms 72.2%
  triton_mm_72 0.0184 ms 72.2%
  triton_mm_79 0.0184 ms 72.2%
  triton_mm_80 0.0184 ms 72.2%
  triton_mm_81 0.0184 ms 72.2%
  triton_mm_83 0.0184 ms 72.2%
SingleProcess AUTOTUNE benchmarking takes 2.2494 seconds and 0.0031 seconds precompiling
AUTOTUNE convolution(2000x384x7x7, 768x384x3x3)
  convolution 1.9825 ms 100.0%
  triton_convolution_52 3.9229 ms 50.5%
  triton_convolution_51 4.3018 ms 46.1%
  triton_convolution_53 4.3274 ms 45.8%
  triton_convolution_48 4.3725 ms 45.3%
  triton_convolution_54 5.0135 ms 39.5%
  triton_convolution_49 5.5142 ms 36.0%
  triton_convolution_50 25.7188 ms 7.7%
SingleProcess AUTOTUNE benchmarking takes 1.3748 seconds and 0.0013 seconds precompiling
AUTOTUNE convolution(2000x768x3x3, 768x768x3x3)
  convolution 0.7025 ms 100.0%
  triton_convolution_59 1.4111 ms 49.8%
  triton_convolution_56 1.4643 ms 48.0%
  triton_convolution_55 1.7275 ms 40.7%
  triton_convolution_60 1.7418 ms 40.3%
  triton_convolution_58 1.7551 ms 40.0%
  triton_convolution_61 1.7869 ms 39.3%
  triton_convolution_57 11.8093 ms 5.9%
SingleProcess AUTOTUNE benchmarking takes 1.1396 seconds and 0.0011 seconds precompiling
AUTOTUNE mm(100x2000, 2000x768)
  triton_mm_90 0.0215 ms 100.0%
  triton_mm_92 0.0215 ms 100.0%
  triton_mm_96 0.0225 ms 95.5%
  mm 0.0236 ms 91.3%
  triton_mm_91 0.0236 ms 91.3%
  triton_mm_89 0.0266 ms 80.8%
  triton_mm_95 0.0266 ms 80.8%
  triton_mm_99 0.0276 ms 77.8%
  triton_mm_100 0.0287 ms 75.0%
  triton_mm_98 0.0317 ms 67.7%
SingleProcess AUTOTUNE benchmarking takes 2.2802 seconds and 0.0023 seconds precompiling
AUTOTUNE mm(2000x100, 100x768)
  triton_mm_116 0.0123 ms 100.0%
  triton_mm_118 0.0123 ms 100.0%
  triton_mm_119 0.0123 ms 100.0%
  triton_mm_120 0.0123 ms 100.0%
  triton_mm_123 0.0123 ms 100.0%
  triton_mm_125 0.0123 ms 100.0%
  triton_mm_112 0.0133 ms 92.3%
  triton_mm_113 0.0133 ms 92.3%
  triton_mm_115 0.0133 ms 92.3%
  triton_mm_117 0.0133 ms 92.3%
SingleProcess AUTOTUNE benchmarking takes 2.2797 seconds and 0.0033 seconds precompiling
trial 1/3: accuracy=75.36% training=8.972s inference=0.132s
trial 2/3: accuracy=74.83% training=8.863s inference=0.096s
trial 3/3: accuracy=75.23% training=8.870s inference=0.095s
{
  "requested_trials": 3,
  "number_of_trials": 3,
  "successful_trials": 3,
  "failed_trials": 0,
  "complete": true,
  "accuracy_target": 0.75,
  "run_error": null,
  "mean_accuracy": 0.7514,
  "accuracy_std": 0.00276224546338666,
  "mean_training_time": 8.901464905000466,
  "training_time_std": 0.06108847719041237,
  "mean_evaluation_time": 0.10784775066713337,
  "evaluation_time_std": 0.021326274509132034,
  "qualified": true,
  "official": false,
  "dataset": "CIFAR-100",
  "run_id": "20261003T202317Z-9997ea27"
}
Results: /home/jovyan/work/arena3/hypothesis-lit/results/arena/20261003T202317Z-9997ea27
