trial 1/3: accuracy=74.99% training=8.170s inference=0.320s
trial 2/3: accuracy=75.44% training=7.925s inference=0.083s
trial 3/3: accuracy=75.02% training=7.936s inference=0.083s
{
  "requested_trials": 3,
  "number_of_trials": 3,
  "successful_trials": 3,
  "failed_trials": 0,
  "complete": true,
  "accuracy_target": 0.75,
  "run_error": null,
  "mean_accuracy": 0.7515,
  "accuracy_std": 0.002515949125081804,
  "mean_training_time": 8.010391798665902,
  "training_time_std": 0.13808635611206715,
  "mean_evaluation_time": 0.16193990566777453,
  "evaluation_time_std": 0.13650791739510046,
  "qualified": true,
  "official": false,
  "dataset": "CIFAR-100",
  "run_id": "20261003T202520Z-3edfebd5"
}
Results: /home/jovyan/work/arena3/hypothesis-lit/results/arena/20261003T202520Z-3edfebd5
