AUTOTUNE convolution(2000x24x31x31, 96x24x3x3)
  convolution 1.1878 ms 100.0%
  triton_convolution_7 1.6108 ms 73.7%
  triton_convolution_9 1.6527 ms 71.9%
  triton_convolution_12 1.7428 ms 68.2%
  triton_convolution_11 2.1371 ms 55.6%
  triton_convolution_6 2.4074 ms 49.3%
  triton_convolution_10 2.4934 ms 47.6%
  triton_convolution_8 2.8713 ms 41.4%
SingleProcess AUTOTUNE benchmarking takes 1.1988 seconds and 0.0011 seconds precompiling
AUTOTUNE convolution(2000x96x15x15, 96x96x3x3)
  convolution 0.4137 ms 100.0%
  triton_convolution_18 0.7045 ms 58.7%
  triton_convolution_17 0.7936 ms 52.1%
  triton_convolution_14 0.8294 ms 49.9%
  triton_convolution_16 0.8632 ms 47.9%
  triton_convolution_13 0.9349 ms 44.2%
  triton_convolution_19 0.9626 ms 43.0%
  triton_convolution_15 2.3808 ms 17.4%
SingleProcess AUTOTUNE benchmarking takes 1.0461 seconds and 0.0011 seconds precompiling
AUTOTUNE convolution(2000x96x15x15, 384x96x3x3)
  convolution 1.2933 ms 100.0%
  triton_convolution_28 2.4489 ms 52.8%
  triton_convolution_31 2.5482 ms 50.8%
  triton_convolution_30 2.5989 ms 49.8%
  triton_convolution_33 2.8488 ms 45.4%
  triton_convolution_27 3.1739 ms 40.7%
  triton_convolution_32 3.2952 ms 39.2%
  triton_convolution_29 9.6333 ms 13.4%
SingleProcess AUTOTUNE benchmarking takes 1.1692 seconds and 0.0011 seconds precompiling
trial 1/3: accuracy=75.03% training=8.201s inference=0.287s
trial 2/3: accuracy=74.91% training=8.094s inference=0.094s
trial 3/3: accuracy=74.98% training=8.114s inference=0.094s
{
  "requested_trials": 3,
  "number_of_trials": 3,
  "successful_trials": 3,
  "failed_trials": 0,
  "complete": true,
  "accuracy_target": 0.75,
  "run_error": null,
  "mean_accuracy": 0.7497333333333334,
  "accuracy_std": 0.0006027713773341627,
  "mean_training_time": 8.135961663332031,
  "training_time_std": 0.056860430374236354,
  "mean_evaluation_time": 0.1583907970028425,
  "evaluation_time_std": 0.11140899590244756,
  "qualified": false,
  "official": false,
  "dataset": "CIFAR-100",
  "run_id": "20261003T202628Z-6416983a"
}
Results: /home/jovyan/work/arena3/hypothesis-lit/results/arena/20261003T202628Z-6416983a
