trial 1/3: accuracy=74.69% training=6.959s inference=0.293s
trial 2/3: accuracy=74.54% training=6.778s inference=0.094s
trial 3/3: accuracy=74.58% training=6.796s inference=0.095s
{
  "requested_trials": 3,
  "number_of_trials": 3,
  "successful_trials": 3,
  "failed_trials": 0,
  "complete": true,
  "accuracy_target": 0.75,
  "run_error": null,
  "mean_accuracy": 0.7460333333333333,
  "accuracy_std": 0.0007767453465154246,
  "mean_training_time": 6.844407594997999,
  "training_time_std": 0.0998727850580133,
  "mean_evaluation_time": 0.16055913666787092,
  "evaluation_time_std": 0.11429539185287936,
  "qualified": false,
  "official": false,
  "dataset": "CIFAR-100",
  "run_id": "20261003T202929Z-a108fe6d"
}
Results: /home/jovyan/work/arena3/hypothesis-lit/results/arena/20261003T202929Z-a108fe6d
