trial 1/3: accuracy=75.48% training=8.918s inference=0.375s
trial 2/3: accuracy=75.06% training=8.702s inference=0.090s
trial 3/3: accuracy=75.14% training=8.676s inference=0.089s
{
  "requested_trials": 3,
  "number_of_trials": 3,
  "successful_trials": 3,
  "failed_trials": 0,
  "complete": true,
  "accuracy_target": 0.75,
  "run_error": null,
  "mean_accuracy": 0.7522666666666666,
  "accuracy_std": 0.002230097157823704,
  "mean_training_time": 8.765768828665992,
  "training_time_std": 0.13288136917667914,
  "mean_evaluation_time": 0.18454265733453212,
  "evaluation_time_std": 0.16451330767211744,
  "qualified": true,
  "official": false,
  "dataset": "CIFAR-100",
  "run_id": "20261003T203045Z-932dc1e4"
}
Results: /home/jovyan/work/arena3/hypothesis-lit/results/arena/20261003T203045Z-932dc1e4
