trial 1/3: accuracy=74.68% training=7.769s inference=0.284s
trial 2/3: accuracy=74.74% training=7.592s inference=0.089s
trial 3/3: accuracy=74.70% training=7.609s inference=0.088s
{
  "requested_trials": 3,
  "number_of_trials": 3,
  "successful_trials": 3,
  "failed_trials": 0,
  "complete": true,
  "accuracy_target": 0.75,
  "run_error": null,
  "mean_accuracy": 0.7470666666666667,
  "accuracy_std": 0.0003055050463303557,
  "mean_training_time": 7.656673477002187,
  "training_time_std": 0.09786954701155039,
  "mean_evaluation_time": 0.1536450343337492,
  "evaluation_time_std": 0.11256830696405916,
  "qualified": false,
  "official": false,
  "dataset": "CIFAR-100",
  "run_id": "20261003T203204Z-1467c59b"
}
Results: /home/jovyan/work/arena3/hypothesis-lit/results/arena/20261003T203204Z-1467c59b
