trial 1/3: accuracy=75.44% training=8.541s inference=0.292s
trial 2/3: accuracy=75.81% training=8.393s inference=0.083s
trial 3/3: accuracy=75.51% training=8.393s inference=0.083s
{
  "requested_trials": 3,
  "number_of_trials": 3,
  "successful_trials": 3,
  "failed_trials": 0,
  "complete": true,
  "accuracy_target": 0.75,
  "run_error": null,
  "mean_accuracy": 0.7558666666666667,
  "accuracy_std": 0.0019655363983740897,
  "mean_training_time": 8.442136797998197,
  "training_time_std": 0.08549976764702479,
  "mean_evaluation_time": 0.1524891106649496,
  "evaluation_time_std": 0.12062418111237037,
  "qualified": true,
  "official": false,
  "dataset": "CIFAR-100",
  "run_id": "20261003T203426Z-911e96cd"
}
Results: /home/jovyan/work/arena3/hypothesis-lit/results/arena/20261003T203426Z-911e96cd
