trial 1/3: accuracy=74.92% training=7.724s inference=0.314s
trial 2/3: accuracy=75.31% training=7.554s inference=0.118s
trial 3/3: accuracy=75.26% training=7.570s inference=0.089s
{
  "requested_trials": 3,
  "number_of_trials": 3,
  "successful_trials": 3,
  "failed_trials": 0,
  "complete": true,
  "accuracy_target": 0.75,
  "run_error": null,
  "mean_accuracy": 0.7516333333333334,
  "accuracy_std": 0.0021221058723196215,
  "mean_training_time": 7.616223908332661,
  "training_time_std": 0.09396677392726167,
  "mean_evaluation_time": 0.1736374343333106,
  "evaluation_time_std": 0.12240695302935609,
  "qualified": true,
  "official": false,
  "dataset": "CIFAR-100",
  "run_id": "20261003T203547Z-586a9af7"
}
Results: /home/jovyan/work/arena3/hypothesis-lit/results/arena/20261003T203547Z-586a9af7
