trial 1/3: accuracy=74.97% training=8.556s inference=0.331s
trial 2/3: accuracy=75.17% training=8.362s inference=0.100s
trial 3/3: accuracy=75.06% training=8.379s inference=0.086s
{
  "requested_trials": 3,
  "number_of_trials": 3,
  "successful_trials": 3,
  "failed_trials": 0,
  "complete": true,
  "accuracy_target": 0.75,
  "run_error": null,
  "mean_accuracy": 0.7506666666666667,
  "accuracy_std": 0.0010016652800877819,
  "mean_training_time": 8.432349852000092,
  "training_time_std": 0.1075414121165523,
  "mean_evaluation_time": 0.17213454633019865,
  "evaluation_time_std": 0.13773664137307323,
  "qualified": true,
  "official": false,
  "dataset": "CIFAR-100",
  "run_id": "20261003T203710Z-6c7fa64b"
}
Results: /home/jovyan/work/arena3/hypothesis-lit/results/arena/20261003T203710Z-6c7fa64b
