trial 1/3: accuracy=75.71% training=8.139s inference=0.279s
trial 2/3: accuracy=75.57% training=8.151s inference=0.083s
trial 3/3: accuracy=75.85% training=8.179s inference=0.087s
{
  "requested_trials": 3,
  "number_of_trials": 3,
  "successful_trials": 3,
  "failed_trials": 0,
  "complete": true,
  "accuracy_target": 0.75,
  "run_error": null,
  "mean_accuracy": 0.7571,
  "accuracy_std": 0.0013999999999999568,
  "mean_training_time": 8.156199266665984,
  "training_time_std": 0.020511268740375184,
  "mean_evaluation_time": 0.1495540056663837,
  "evaluation_time_std": 0.11233829185473394,
  "qualified": true,
  "official": false,
  "dataset": "CIFAR-100",
  "run_id": "20261003T204603Z-fbfb6f2e"
}
Results: /home/jovyan/work/arena3/hypothesis-lit/results/arena/20261003T204603Z-fbfb6f2e
