trial 1/3: accuracy=75.70% training=8.158s inference=0.334s
trial 2/3: accuracy=75.48% training=8.154s inference=0.123s
trial 3/3: accuracy=75.44% training=8.179s inference=0.114s
{
  "requested_trials": 3,
  "number_of_trials": 3,
  "successful_trials": 3,
  "failed_trials": 0,
  "complete": true,
  "accuracy_target": 0.75,
  "run_error": null,
  "mean_accuracy": 0.7554,
  "accuracy_std": 0.0014000000000000123,
  "mean_training_time": 8.163554655999178,
  "training_time_std": 0.013531282131778132,
  "mean_evaluation_time": 0.19039618366756864,
  "evaluation_time_std": 0.12461344303258229,
  "qualified": true,
  "official": false,
  "dataset": "CIFAR-100",
  "run_id": "20261003T204734Z-5b7bccd0"
}
Results: /home/jovyan/work/arena3/hypothesis-lit/results/arena/20261003T204734Z-5b7bccd0
