trial 1/3: accuracy=76.23% training=7.786s inference=0.283s
trial 2/3: accuracy=75.71% training=7.820s inference=0.113s
trial 3/3: accuracy=75.70% training=7.844s inference=0.098s
{
  "requested_trials": 3,
  "number_of_trials": 3,
  "successful_trials": 3,
  "failed_trials": 0,
  "complete": true,
  "accuracy_target": 0.75,
  "run_error": null,
  "mean_accuracy": 0.7588,
  "accuracy_std": 0.0030315012782448103,
  "mean_training_time": 7.816627885998362,
  "training_time_std": 0.0291559573100783,
  "mean_evaluation_time": 0.1647917003307763,
  "evaluation_time_std": 0.10271318329533499,
  "qualified": true,
  "official": false,
  "dataset": "CIFAR-100",
  "run_id": "20261003T204958Z-2877fa60"
}
Results: /home/jovyan/work/arena3/hypothesis-lit/results/arena/20261003T204958Z-2877fa60
