trial 1/3: accuracy=75.44% training=7.613s inference=0.281s
trial 2/3: accuracy=75.51% training=7.623s inference=0.090s
trial 3/3: accuracy=75.61% training=7.626s inference=0.089s
{
  "requested_trials": 3,
  "number_of_trials": 3,
  "successful_trials": 3,
  "failed_trials": 0,
  "complete": true,
  "accuracy_target": 0.75,
  "run_error": null,
  "mean_accuracy": 0.7552,
  "accuracy_std": 0.0008544003745317695,
  "mean_training_time": 7.6205289546657395,
  "training_time_std": 0.007018837491294102,
  "mean_evaluation_time": 0.1532414113341171,
  "evaluation_time_std": 0.11060908302202319,
  "qualified": true,
  "official": false,
  "dataset": "CIFAR-100",
  "run_id": "20261003T205125Z-a17b496d"
}
Results: /home/jovyan/work/arena3/hypothesis-lit/results/arena/20261003T205125Z-a17b496d
