trial 1/3: accuracy=75.63% training=8.432s inference=0.284s
trial 2/3: accuracy=75.65% training=8.452s inference=0.093s
trial 3/3: accuracy=75.56% training=8.460s inference=0.092s
{
  "requested_trials": 3,
  "number_of_trials": 3,
  "successful_trials": 3,
  "failed_trials": 0,
  "complete": true,
  "accuracy_target": 0.75,
  "run_error": null,
  "mean_accuracy": 0.7561333333333333,
  "accuracy_std": 0.0004725815626252088,
  "mean_training_time": 8.447951250665938,
  "training_time_std": 0.014635961697494107,
  "mean_evaluation_time": 0.15638189966800078,
  "evaluation_time_std": 0.11038217690058989,
  "qualified": true,
  "official": false,
  "dataset": "CIFAR-100",
  "run_id": "20261003T205310Z-309696a0"
}
Results: /home/jovyan/work/arena3/hypothesis-lit/results/arena/20261003T205310Z-309696a0
