trial 1/3: accuracy=75.38% training=7.446s inference=0.315s
trial 2/3: accuracy=75.62% training=7.478s inference=0.119s
trial 3/3: accuracy=75.69% training=7.490s inference=0.109s
{
  "requested_trials": 3,
  "number_of_trials": 3,
  "successful_trials": 3,
  "failed_trials": 0,
  "complete": true,
  "accuracy_target": 0.75,
  "run_error": null,
  "mean_accuracy": 0.7556333333333334,
  "accuracy_std": 0.0016258331197676159,
  "mean_training_time": 7.471328441664809,
  "training_time_std": 0.022522095976048834,
  "mean_evaluation_time": 0.1807996420005414,
  "evaluation_time_std": 0.1159782186767382,
  "qualified": true,
  "official": false,
  "dataset": "CIFAR-100",
  "run_id": "20261003T205657Z-469c2f4b"
}
Results: /home/jovyan/work/arena3/hypothesis-lit/results/arena/20261003T205657Z-469c2f4b
