AUTOTUNE convolution(1536x3x28x28, 24x3x2x2)
  convolution 0.0881 ms 100.0%
  triton_convolution_242 0.1725 ms 51.0%
  triton_convolution_240 0.1751 ms 50.3%
  triton_convolution_238 0.2017 ms 43.7%
  triton_convolution_241 0.2150 ms 41.0%
  triton_convolution_243 0.2744 ms 32.1%
  triton_convolution_239 0.3512 ms 25.1%
SingleProcess AUTOTUNE benchmarking takes 0.8428 seconds and 0.0011 seconds precompiling
AUTOTUNE convolution(1536x24x27x27, 128x24x3x3)
  convolution 0.5335 ms 100.0%
  triton_convolution_247 0.7404 ms 72.1%
  triton_convolution_245 0.9820 ms 54.3%
  triton_convolution_250 1.0711 ms 49.8%
  triton_convolution_249 1.0926 ms 48.8%
  triton_convolution_244 1.2268 ms 43.5%
  triton_convolution_248 1.7521 ms 30.5%
  triton_convolution_246 2.2180 ms 24.1%
SingleProcess AUTOTUNE benchmarking takes 1.0619 seconds and 0.0013 seconds precompiling
AUTOTUNE convolution(1536x128x13x13, 128x128x3x3)
  convolution 0.3215 ms 100.0%
  triton_convolution_256 0.5683 ms 56.6%
  triton_convolution_255 0.5908 ms 54.4%
  triton_convolution_252 0.6369 ms 50.5%
  triton_convolution_254 0.6636 ms 48.5%
  triton_convolution_257 0.7127 ms 45.1%
  triton_convolution_251 0.8110 ms 39.6%
  triton_convolution_253 2.6081 ms 12.3%
SingleProcess AUTOTUNE benchmarking takes 1.0408 seconds and 0.0016 seconds precompiling
AUTOTUNE convolution(1536x128x13x13, 384x128x3x3)
  convolution 0.9677 ms 100.0%
  triton_convolution_262 1.8227 ms 53.1%
  triton_convolution_259 1.8545 ms 52.2%
  triton_convolution_261 1.9466 ms 49.7%
  triton_convolution_264 2.0726 ms 46.7%
  triton_convolution_263 2.4013 ms 40.3%
  triton_convolution_258 2.4904 ms 38.9%
  triton_convolution_260 7.9980 ms 12.1%
SingleProcess AUTOTUNE benchmarking takes 1.1346 seconds and 0.0017 seconds precompiling
AUTOTUNE convolution(1536x384x6x6, 384x384x3x3)
  convolution 0.5489 ms 100.0%
  triton_convolution_269 1.1110 ms 49.4%
  triton_convolution_268 1.2575 ms 43.6%
  triton_convolution_271 1.4080 ms 39.0%
  triton_convolution_266 1.4679 ms 37.4%
  triton_convolution_270 1.5718 ms 34.9%
  triton_convolution_265 1.5974 ms 34.4%
  triton_convolution_267 5.4886 ms 10.0%
SingleProcess AUTOTUNE benchmarking takes 1.0902 seconds and 0.0016 seconds precompiling
AUTOTUNE convolution(1536x384x6x6, 576x384x3x3)
  convolution 0.9083 ms 100.0%
  triton_convolution_283 1.6538 ms 54.9%
  triton_convolution_282 2.0593 ms 44.1%
  triton_convolution_285 2.1125 ms 43.0%
  triton_convolution_280 2.1903 ms 41.5%
  triton_convolution_284 2.3624 ms 38.4%
  triton_convolution_279 2.3813 ms 38.1%
  triton_convolution_281 8.2207 ms 11.0%
SingleProcess AUTOTUNE benchmarking takes 1.1257 seconds and 0.0012 seconds precompiling
trial 1/3: accuracy=74.69% training=7.316s inference=0.320s
trial 2/3: accuracy=75.62% training=7.338s inference=0.117s
trial 3/3: accuracy=75.86% training=7.354s inference=0.089s
{
  "requested_trials": 3,
  "number_of_trials": 3,
  "successful_trials": 3,
  "failed_trials": 0,
  "complete": true,
  "accuracy_target": 0.75,
  "run_error": null,
  "mean_accuracy": 0.7539,
  "accuracy_std": 0.0061798058221921625,
  "mean_training_time": 7.336181163998845,
  "training_time_std": 0.019201740927793243,
  "mean_evaluation_time": 0.17520513133301088,
  "evaluation_time_std": 0.12573334214963344,
  "qualified": true,
  "official": false,
  "dataset": "CIFAR-100",
  "run_id": "20261003T205834Z-5319c2ff"
}
Results: /home/jovyan/work/arena3/hypothesis-lit/results/arena/20261003T205834Z-5319c2ff
