trial 1/3: accuracy=75.21% training=7.343s inference=0.309s
trial 2/3: accuracy=75.65% training=7.344s inference=0.090s
trial 3/3: accuracy=75.08% training=7.363s inference=0.090s
{
  "requested_trials": 3,
  "number_of_trials": 3,
  "successful_trials": 3,
  "failed_trials": 0,
  "complete": true,
  "accuracy_target": 0.75,
  "run_error": null,
  "mean_accuracy": 0.7531333333333333,
  "accuracy_std": 0.00298719489376457,
  "mean_training_time": 7.349976833667218,
  "training_time_std": 0.011057565689996987,
  "mean_evaluation_time": 0.1627375853349804,
  "evaluation_time_std": 0.12638120230453828,
  "qualified": true,
  "official": false,
  "dataset": "CIFAR-100",
  "run_id": "20261003T210050Z-3e9ac6bf"
}
Results: /home/jovyan/work/arena3/hypothesis-lit/results/arena/20261003T210050Z-3e9ac6bf
