trial 1/3: accuracy=75.33% training=7.312s inference=0.313s
trial 2/3: accuracy=75.29% training=7.342s inference=0.124s
trial 3/3: accuracy=75.18% training=7.364s inference=0.119s
{
  "requested_trials": 3,
  "number_of_trials": 3,
  "successful_trials": 3,
  "failed_trials": 0,
  "complete": true,
  "accuracy_target": 0.75,
  "run_error": null,
  "mean_accuracy": 0.7526666666666667,
  "accuracy_std": 0.0007767453465153793,
  "mean_training_time": 7.339359604336399,
  "training_time_std": 0.02617484675123063,
  "mean_evaluation_time": 0.18533951899977788,
  "evaluation_time_std": 0.11083083536494855,
  "qualified": true,
  "official": false,
  "dataset": "CIFAR-100",
  "run_id": "20261003T210224Z-2cf9788e"
}
Results: /home/jovyan/work/arena3/hypothesis-lit/results/arena/20261003T210224Z-2cf9788e
