trial 1/3: accuracy=75.10% training=7.310s inference=0.308s
trial 2/3: accuracy=75.38% training=7.344s inference=0.113s
trial 3/3: accuracy=75.44% training=7.363s inference=0.115s
{
  "requested_trials": 3,
  "number_of_trials": 3,
  "successful_trials": 3,
  "failed_trials": 0,
  "complete": true,
  "accuracy_target": 0.75,
  "run_error": null,
  "mean_accuracy": 0.7530666666666667,
  "accuracy_std": 0.001814754345175483,
  "mean_training_time": 7.3388006163319615,
  "training_time_std": 0.026741092054220837,
  "mean_evaluation_time": 0.17858216033346253,
  "evaluation_time_std": 0.11198259500154663,
  "qualified": true,
  "official": false,
  "dataset": "CIFAR-100",
  "run_id": "20261003T210548Z-a667f80c"
}
Results: /home/jovyan/work/arena3/hypothesis-lit/results/arena/20261003T210548Z-a667f80c
