trial 1/3: accuracy=75.38% training=7.149s inference=0.284s
trial 2/3: accuracy=75.25% training=7.136s inference=0.090s
trial 3/3: accuracy=75.41% training=7.150s inference=0.089s
{
  "requested_trials": 3,
  "number_of_trials": 3,
  "successful_trials": 3,
  "failed_trials": 0,
  "complete": true,
  "accuracy_target": 0.75,
  "run_error": null,
  "mean_accuracy": 0.7534666666666666,
  "accuracy_std": 0.0008504900548115707,
  "mean_training_time": 7.145294954330893,
  "training_time_std": 0.007673207022757788,
  "mean_evaluation_time": 0.15418395199958468,
  "evaluation_time_std": 0.11200080716130952,
  "qualified": true,
  "official": false,
  "dataset": "CIFAR-100",
  "run_id": "20261003T210913Z-347ab33c"
}
Results: /home/jovyan/work/arena3/hypothesis-lit/results/arena/20261003T210913Z-347ab33c
