trial 1/3: accuracy=75.45% training=6.966s inference=0.334s
trial 2/3: accuracy=75.51% training=6.941s inference=0.091s
trial 3/3: accuracy=75.03% training=6.947s inference=0.091s
{
  "requested_trials": 3,
  "number_of_trials": 3,
  "successful_trials": 3,
  "failed_trials": 0,
  "complete": true,
  "accuracy_target": 0.75,
  "run_error": null,
  "mean_accuracy": 0.7533,
  "accuracy_std": 0.002615339366124409,
  "mean_training_time": 6.951436428001519,
  "training_time_std": 0.012787957498678428,
  "mean_evaluation_time": 0.171951199331185,
  "evaluation_time_std": 0.14039391690429273,
  "qualified": true,
  "official": false,
  "dataset": "CIFAR-100",
  "run_id": "20261003T211303Z-e5bbefe7"
}
Results: /home/jovyan/work/arena3/hypothesis-lit/results/arena/20261003T211303Z-e5bbefe7
