trial 1/3: accuracy=75.16% training=6.749s inference=0.118s
trial 2/3: accuracy=74.47% training=6.724s inference=0.093s
trial 3/3: accuracy=75.04% training=6.757s inference=0.092s
{
  "requested_trials": 3,
  "number_of_trials": 3,
  "successful_trials": 3,
  "failed_trials": 0,
  "complete": true,
  "accuracy_target": 0.75,
  "run_error": null,
  "mean_accuracy": 0.7489,
  "accuracy_std": 0.0036864617182333437,
  "mean_training_time": 6.743331672335141,
  "training_time_std": 0.016910040130781394,
  "mean_evaluation_time": 0.10100810199946864,
  "evaluation_time_std": 0.014402299752602779,
  "qualified": false,
  "official": false,
  "dataset": "CIFAR-100",
  "run_id": "20261003T211828Z-832376de"
}
Results: /home/jovyan/work/arena3/hypothesis-lit/results/arena/20261003T211828Z-832376de
