trial 1/3: accuracy=75.13% training=7.329s inference=0.283s
trial 2/3: accuracy=75.12% training=7.341s inference=0.094s
trial 3/3: accuracy=75.56% training=7.352s inference=0.094s
{
  "requested_trials": 3,
  "number_of_trials": 3,
  "successful_trials": 3,
  "failed_trials": 0,
  "complete": true,
  "accuracy_target": 0.75,
  "run_error": null,
  "mean_accuracy": 0.7527,
  "accuracy_std": 0.002511971337416138,
  "mean_training_time": 7.340683821666365,
  "training_time_std": 0.011916481716333287,
  "mean_evaluation_time": 0.15701368800121904,
  "evaluation_time_std": 0.10928722968799943,
  "qualified": true,
  "official": false,
  "dataset": "CIFAR-100",
  "run_id": "20261003T212019Z-84198271"
}
Results: /home/jovyan/work/arena3/hypothesis-lit/results/arena/20261003T212019Z-84198271
