trial 1/3: accuracy=75.34% training=6.681s inference=0.298s
trial 2/3: accuracy=75.27% training=6.677s inference=0.094s
trial 3/3: accuracy=75.33% training=6.691s inference=0.093s
{
  "requested_trials": 3,
  "number_of_trials": 3,
  "successful_trials": 3,
  "failed_trials": 0,
  "complete": true,
  "accuracy_target": 0.75,
  "run_error": null,
  "mean_accuracy": 0.7531333333333333,
  "accuracy_std": 0.00037859388971997655,
  "mean_training_time": 6.683013295999747,
  "training_time_std": 0.007286012392991519,
  "mean_evaluation_time": 0.16160623699882612,
  "evaluation_time_std": 0.11776215072587687,
  "qualified": true,
  "official": false,
  "dataset": "CIFAR-100",
  "run_id": "20261003T212434Z-f485ed72"
}
Results: /home/jovyan/work/arena3/hypothesis-lit/results/arena/20261003T212434Z-f485ed72
