trial 1/3: accuracy=75.24% training=6.696s inference=0.303s
trial 2/3: accuracy=75.18% training=6.674s inference=0.094s
trial 3/3: accuracy=75.12% training=6.690s inference=0.098s
{
  "requested_trials": 3,
  "number_of_trials": 3,
  "successful_trials": 3,
  "failed_trials": 0,
  "complete": true,
  "accuracy_target": 0.75,
  "run_error": null,
  "mean_accuracy": 0.7518,
  "accuracy_std": 0.0005999999999999894,
  "mean_training_time": 6.686565296666231,
  "training_time_std": 0.011674984995502562,
  "mean_evaluation_time": 0.16474553666679034,
  "evaluation_time_std": 0.11932998862588216,
  "qualified": true,
  "official": false,
  "dataset": "CIFAR-100",
  "run_id": "20261003T212628Z-f290c859"
}
Results: /home/jovyan/work/arena3/hypothesis-lit/results/arena/20261003T212628Z-f290c859
