trial 1/3: accuracy=73.64% training=6.615s inference=0.314s
trial 2/3: accuracy=73.62% training=6.593s inference=0.090s
trial 3/3: accuracy=73.22% training=6.587s inference=0.091s
{
  "requested_trials": 3,
  "number_of_trials": 3,
  "successful_trials": 3,
  "failed_trials": 0,
  "complete": true,
  "accuracy_target": 0.75,
  "run_error": null,
  "mean_accuracy": 0.7349333333333333,
  "accuracy_std": 0.0023692474191889445,
  "mean_training_time": 6.598242321662838,
  "training_time_std": 0.014636495401030606,
  "mean_evaluation_time": 0.16479612833306115,
  "evaluation_time_std": 0.12885126618184758,
  "qualified": false,
  "official": false,
  "dataset": "CIFAR-100",
  "run_id": "20261003T212838Z-07f5406c"
}
Results: /home/jovyan/work/arena3/hypothesis-lit/results/arena/20261003T212838Z-07f5406c
