trial 1/3: accuracy=75.19% training=6.585s inference=0.305s
trial 2/3: accuracy=75.38% training=6.580s inference=0.118s
trial 3/3: accuracy=74.93% training=6.586s inference=0.094s
{
  "requested_trials": 3,
  "number_of_trials": 3,
  "successful_trials": 3,
  "failed_trials": 0,
  "complete": true,
  "accuracy_target": 0.75,
  "run_error": null,
  "mean_accuracy": 0.7516666666666667,
  "accuracy_std": 0.0022590558499810207,
  "mean_training_time": 6.5837660756660625,
  "training_time_std": 0.0029567473801373613,
  "mean_evaluation_time": 0.17227550766741237,
  "evaluation_time_std": 0.11521782649486204,
  "qualified": true,
  "official": false,
  "dataset": "CIFAR-100",
  "run_id": "20261003T213305Z-f5de17f0"
}
Results: /home/jovyan/work/arena3/hypothesis-lit/results/arena/20261003T213305Z-f5de17f0
