trial 1/3: accuracy=75.50% training=6.679s inference=0.270s
trial 2/3: accuracy=75.35% training=6.678s inference=0.089s
trial 3/3: accuracy=75.54% training=6.696s inference=0.089s
{
  "requested_trials": 3,
  "number_of_trials": 3,
  "successful_trials": 3,
  "failed_trials": 0,
  "complete": true,
  "accuracy_target": 0.75,
  "run_error": null,
  "mean_accuracy": 0.7546333333333333,
  "accuracy_std": 0.0010016652800877966,
  "mean_training_time": 6.684403445998517,
  "training_time_std": 0.010370580846040027,
  "mean_evaluation_time": 0.14943821566703264,
  "evaluation_time_std": 0.1046015617544364,
  "qualified": true,
  "official": false,
  "dataset": "CIFAR-100",
  "run_id": "20261003T213501Z-230235d5"
}
Results: /home/jovyan/work/arena3/hypothesis-lit/results/arena/20261003T213501Z-230235d5
