trial 1/3: accuracy=75.18% training=6.673s inference=0.270s
trial 2/3: accuracy=74.97% training=6.681s inference=0.090s
trial 3/3: accuracy=75.07% training=6.695s inference=0.089s
{
  "requested_trials": 3,
  "number_of_trials": 3,
  "successful_trials": 3,
  "failed_trials": 0,
  "complete": true,
  "accuracy_target": 0.75,
  "run_error": null,
  "mean_accuracy": 0.7507333333333334,
  "accuracy_std": 0.001050396750439244,
  "mean_training_time": 6.682744485335813,
  "training_time_std": 0.010930874074497525,
  "mean_evaluation_time": 0.14955175166445164,
  "evaluation_time_std": 0.10422193695510164,
  "qualified": true,
  "official": false,
  "dataset": "CIFAR-100",
  "run_id": "20261003T213710Z-3d5fce4b"
}
Results: /home/jovyan/work/arena3/hypothesis-lit/results/arena/20261003T213710Z-3d5fce4b
