trial 1/3: accuracy=75.49% training=6.699s inference=0.309s
trial 2/3: accuracy=75.06% training=6.676s inference=0.097s
trial 3/3: accuracy=75.51% training=6.693s inference=0.101s
{
  "requested_trials": 3,
  "number_of_trials": 3,
  "successful_trials": 3,
  "failed_trials": 0,
  "complete": true,
  "accuracy_target": 0.75,
  "run_error": null,
  "mean_accuracy": 0.7535333333333334,
  "accuracy_std": 0.002542308662089089,
  "mean_training_time": 6.689233115997922,
  "training_time_std": 0.012017041771845443,
  "mean_evaluation_time": 0.1691404919984052,
  "evaluation_time_std": 0.12156057707256228,
  "qualified": true,
  "official": false,
  "dataset": "CIFAR-100",
  "run_id": "20261003T213919Z-9a6cc736"
}
Results: /home/jovyan/work/arena3/hypothesis-lit/results/arena/20261003T213919Z-9a6cc736
