trial 1/3: accuracy=75.57% training=6.495s inference=0.323s
trial 2/3: accuracy=75.01% training=6.489s inference=0.083s
trial 3/3: accuracy=75.14% training=6.505s inference=0.083s
{
  "requested_trials": 3,
  "number_of_trials": 3,
  "successful_trials": 3,
  "failed_trials": 0,
  "complete": true,
  "accuracy_target": 0.75,
  "run_error": null,
  "mean_accuracy": 0.7524,
  "accuracy_std": 0.002930870177950602,
  "mean_training_time": 6.496270195336062,
  "training_time_std": 0.007912526840203552,
  "mean_evaluation_time": 0.16284019066855157,
  "evaluation_time_std": 0.1389027301424345,
  "qualified": true,
  "official": false,
  "dataset": "CIFAR-100",
  "run_id": "20261003T215213Z-162bf546"
}
Results: /home/jovyan/work/arena3/hypothesis-lit/results/arena/20261003T215213Z-162bf546
