trial 1/3: accuracy=75.49% training=6.790s inference=0.152s
trial 2/3: accuracy=75.44% training=6.749s inference=0.115s
trial 3/3: accuracy=75.77% training=6.764s inference=0.092s
{
  "requested_trials": 3,
  "number_of_trials": 3,
  "successful_trials": 3,
  "failed_trials": 0,
  "complete": true,
  "accuracy_target": 0.75,
  "run_error": null,
  "mean_accuracy": 0.7556666666666667,
  "accuracy_std": 0.001778576209593914,
  "mean_training_time": 6.767745280332747,
  "training_time_std": 0.02054569330064036,
  "mean_evaluation_time": 0.11972884800343309,
  "evaluation_time_std": 0.030596646111056933,
  "qualified": true,
  "official": false,
  "dataset": "CIFAR-100",
  "run_id": "20261003T215622Z-36e3d870"
}
Results: /home/jovyan/work/arena3/hypothesis-lit/results/arena/20261003T215622Z-36e3d870
