AUTOTUNE mm(1536x768, 768x100)
  triton_mm_66 0.0123 ms 100.0%
  triton_mm_70 0.0133 ms 92.3%
  triton_mm_64 0.0143 ms 85.7%
  triton_mm_65 0.0143 ms 85.7%
  triton_mm_63 0.0154 ms 80.0%
  triton_mm_69 0.0154 ms 80.0%
  triton_mm_72 0.0174 ms 70.6%
  triton_mm_73 0.0184 ms 66.7%
  triton_mm_74 0.0184 ms 66.7%
  triton_mm_76 0.0184 ms 66.7%
SingleProcess AUTOTUNE benchmarking takes 2.2499 seconds and 0.0029 seconds precompiling
AUTOTUNE convolution(1536x384x4x4, 768x384x3x3)
  convolution 0.4977 ms 100.0%
  triton_convolution_45 0.8786 ms 56.6%
  triton_convolution_42 1.0742 ms 46.3%
  triton_convolution_44 1.1028 ms 45.1%
  triton_convolution_46 1.1438 ms 43.5%
  triton_convolution_47 1.1489 ms 43.3%
  triton_convolution_41 1.2165 ms 40.9%
  triton_convolution_43 3.9588 ms 12.6%
SingleProcess AUTOTUNE benchmarking takes 1.1458 seconds and 0.0014 seconds precompiling
AUTOTUNE convolution(1536x768x2x2, 768x768x3x3)
  convolution 0.2570 ms 100.0%
  triton_convolution_52 0.5059 ms 50.8%
  triton_convolution_51 0.6492 ms 39.6%
  triton_convolution_53 0.6533 ms 39.3%
  triton_convolution_54 0.6707 ms 38.3%
  triton_convolution_49 0.6799 ms 37.8%
  triton_convolution_48 0.8018 ms 32.1%
  triton_convolution_50 3.1191 ms 8.2%
SingleProcess AUTOTUNE benchmarking takes 1.0395 seconds and 0.0013 seconds precompiling
AUTOTUNE mm(100x1536, 1536x768)
  triton_mm_83 0.0184 ms 100.0%
  triton_mm_85 0.0205 ms 90.0%
  triton_mm_89 0.0205 ms 90.0%
  mm 0.0215 ms 85.7%
  triton_mm_82 0.0215 ms 85.7%
  triton_mm_88 0.0215 ms 85.7%
  triton_mm_84 0.0225 ms 81.8%
  triton_mm_92 0.0225 ms 81.8%
  triton_mm_93 0.0236 ms 78.3%
  triton_mm_91 0.0266 ms 69.2%
SingleProcess AUTOTUNE benchmarking takes 2.2807 seconds and 0.0026 seconds precompiling
AUTOTUNE mm(1536x100, 100x768)
  triton_mm_109 0.0113 ms 100.0%
  triton_mm_111 0.0113 ms 100.0%
  triton_mm_116 0.0113 ms 100.0%
  triton_mm_106 0.0123 ms 91.7%
  triton_mm_107 0.0123 ms 91.7%
  triton_mm_108 0.0123 ms 91.7%
  triton_mm_110 0.0123 ms 91.7%
  triton_mm_112 0.0123 ms 91.7%
  triton_mm_113 0.0123 ms 91.7%
  triton_mm_114 0.0123 ms 91.7%
SingleProcess AUTOTUNE benchmarking takes 2.2794 seconds and 0.0029 seconds precompiling
AUTOTUNE convolution(1536x384x5x5, 768x384x3x3)
  convolution 0.8847 ms 100.0%
  triton_convolution_164 1.4787 ms 59.8%
  triton_convolution_161 1.7111 ms 51.7%
  triton_convolution_163 1.7260 ms 51.3%
  triton_convolution_165 1.7388 ms 50.9%
  triton_convolution_166 1.8975 ms 46.6%
  triton_convolution_160 2.0920 ms 42.3%
  triton_convolution_162 7.1895 ms 12.3%
SingleProcess AUTOTUNE benchmarking takes 1.1154 seconds and 0.0009 seconds precompiling
AUTOTUNE mm(1536x100, 100x768)
  triton_mm_228 0.0113 ms 100.0%
  triton_mm_235 0.0113 ms 100.0%
  triton_mm_225 0.0123 ms 91.7%
  triton_mm_227 0.0123 ms 91.7%
  triton_mm_229 0.0123 ms 91.7%
  triton_mm_230 0.0123 ms 91.7%
  triton_mm_231 0.0123 ms 91.7%
  triton_mm_232 0.0123 ms 91.7%
  triton_mm_223 0.0133 ms 84.6%
  triton_mm_224 0.0133 ms 84.6%
SingleProcess AUTOTUNE benchmarking takes 2.2806 seconds and 0.0000 seconds precompiling
AUTOTUNE convolution(1536x384x6x6, 768x384x3x3)
  convolution 1.1080 ms 100.0%
  triton_convolution_283 2.1883 ms 50.6%
  triton_convolution_284 2.4422 ms 45.4%
  triton_convolution_279 2.4909 ms 44.5%
  triton_convolution_282 2.5293 ms 43.8%
  triton_convolution_285 2.8129 ms 39.4%
  triton_convolution_280 2.8641 ms 38.7%
  triton_convolution_281 10.9312 ms 10.1%
SingleProcess AUTOTUNE benchmarking takes 1.1817 seconds and 0.0009 seconds precompiling
AUTOTUNE convolution(1536x768x3x3, 768x768x3x3)
  convolution 0.5304 ms 100.0%
  triton_convolution_290 1.0240 ms 51.8%
  triton_convolution_287 1.0998 ms 48.2%
  triton_convolution_286 1.3158 ms 40.3%
  triton_convolution_291 1.3399 ms 39.6%
  triton_convolution_292 1.3568 ms 39.1%
  triton_convolution_289 1.3640 ms 38.9%
  triton_convolution_288 7.6943 ms 6.9%
SingleProcess AUTOTUNE benchmarking takes 1.1005 seconds and 0.0012 seconds precompiling
AUTOTUNE convolution(1536x384x7x7, 768x384x3x3)
  convolution 1.7096 ms 100.0%
  triton_convolution_402 3.0054 ms 56.9%
  triton_convolution_403 3.3004 ms 51.8%
  triton_convolution_401 3.3065 ms 51.7%
  triton_convolution_398 3.4048 ms 50.2%
  triton_convolution_404 3.8513 ms 44.4%
  triton_convolution_399 4.2076 ms 40.6%
  triton_convolution_400 17.1715 ms 10.0%
SingleProcess AUTOTUNE benchmarking takes 1.2329 seconds and 0.0009 seconds precompiling
AUTOTUNE convolution(1536x384x7x7, 768x384x3x3)
  convolution 1.7101 ms 100.0%
  triton_convolution_521 2.9676 ms 57.6%
  triton_convolution_520 3.2901 ms 52.0%
  triton_convolution_522 3.3024 ms 51.8%
  triton_convolution_517 3.7729 ms 45.3%
  triton_convolution_523 3.8523 ms 44.4%
  triton_convolution_518 4.2399 ms 40.3%
  triton_convolution_519 17.1837 ms 10.0%
SingleProcess AUTOTUNE benchmarking takes 1.2396 seconds and 0.0000 seconds precompiling
trial 1/3: accuracy=75.48% training=7.387s inference=0.152s
trial 2/3: accuracy=76.02% training=7.362s inference=0.122s
trial 3/3: accuracy=75.51% training=7.376s inference=0.129s
{
  "requested_trials": 3,
  "number_of_trials": 3,
  "successful_trials": 3,
  "failed_trials": 0,
  "complete": true,
  "accuracy_target": 0.75,
  "run_error": null,
  "mean_accuracy": 0.7567,
  "accuracy_std": 0.0030347981810986894,
  "mean_training_time": 7.375050830334658,
  "training_time_std": 0.01222238163924975,
  "mean_evaluation_time": 0.1344726859970251,
  "evaluation_time_std": 0.015990997851566966,
  "qualified": true,
  "official": false,
  "dataset": "CIFAR-100",
  "run_id": "20261003T215835Z-07013e92"
}
Results: /home/jovyan/work/arena3/hypothesis-lit/results/arena/20261003T215835Z-07013e92
