trial 1/3: accuracy=75.50% training=6.677s inference=0.302s
trial 2/3: accuracy=75.35% training=6.678s inference=0.116s
trial 3/3: accuracy=75.54% training=6.682s inference=0.089s
{
  "requested_trials": 3,
  "number_of_trials": 3,
  "successful_trials": 3,
  "failed_trials": 0,
  "complete": true,
  "accuracy_target": 0.75,
  "run_error": null,
  "mean_accuracy": 0.7546333333333333,
  "accuracy_std": 0.0010016652800877966,
  "mean_training_time": 6.679000861666282,
  "training_time_std": 0.0026347628772251416,
  "mean_evaluation_time": 0.1687923426676813,
  "evaluation_time_std": 0.11611407879938306,
  "qualified": true,
  "official": false,
  "dataset": "CIFAR-100",
  "run_id": "20261003T220825Z-8efa2e45"
}
Results: /home/jovyan/work/arena3/hypothesis-lit/results/arena/20261003T220825Z-8efa2e45
