trial 1/3: accuracy=75.50% training=6.656s inference=0.292s
trial 2/3: accuracy=75.03% training=6.658s inference=0.090s
trial 3/3: accuracy=75.51% training=6.667s inference=0.089s
{
  "requested_trials": 3,
  "number_of_trials": 3,
  "successful_trials": 3,
  "failed_trials": 0,
  "complete": true,
  "accuracy_target": 0.75,
  "run_error": null,
  "mean_accuracy": 0.7534666666666666,
  "accuracy_std": 0.0027428695436227794,
  "mean_training_time": 6.660121027998684,
  "training_time_std": 0.0058398101313798115,
  "mean_evaluation_time": 0.15703457733373702,
  "evaluation_time_std": 0.11681815033026047,
  "qualified": true,
  "official": false,
  "dataset": "CIFAR-100",
  "run_id": "20261003T221223Z-978c8f8a"
}
Results: /home/jovyan/work/arena3/hypothesis-lit/results/arena/20261003T221223Z-978c8f8a
