trial 1/3: accuracy=75.39% training=6.570s inference=0.100s
trial 2/3: accuracy=74.78% training=6.532s inference=0.084s
trial 3/3: accuracy=75.18% training=6.546s inference=0.082s
{
  "requested_trials": 3,
  "number_of_trials": 3,
  "successful_trials": 3,
  "failed_trials": 0,
  "complete": true,
  "accuracy_target": 0.75,
  "run_error": null,
  "mean_accuracy": 0.7511666666666666,
  "accuracy_std": 0.0030989245446337217,
  "mean_training_time": 6.549229322331182,
  "training_time_std": 0.019211188727463246,
  "mean_evaluation_time": 0.08887169700028608,
  "evaluation_time_std": 0.009794656731400118,
  "qualified": true,
  "official": false,
  "dataset": "CIFAR-100",
  "run_id": "20261003T221900Z-3461d28f"
}
Results: /home/jovyan/work/arena3/hypothesis-lit/results/arena/20261003T221900Z-3461d28f
