trial 1/3: accuracy=75.13% training=6.459s inference=0.275s
trial 2/3: accuracy=75.18% training=6.441s inference=0.083s
trial 3/3: accuracy=75.49% training=6.462s inference=0.083s
{
  "requested_trials": 3,
  "number_of_trials": 3,
  "successful_trials": 3,
  "failed_trials": 0,
  "complete": true,
  "accuracy_target": 0.75,
  "run_error": null,
  "mean_accuracy": 0.7526666666666667,
  "accuracy_std": 0.0019502136635080247,
  "mean_training_time": 6.454035505999248,
  "training_time_std": 0.011671460509934792,
  "mean_evaluation_time": 0.1470022176678564,
  "evaluation_time_std": 0.1108773031879439,
  "qualified": true,
  "official": false,
  "dataset": "CIFAR-100",
  "run_id": "20261003T222334Z-1b5f9411"
}
Results: /home/jovyan/work/arena3/hypothesis-lit/results/arena/20261003T222334Z-1b5f9411
