trial 1/3: accuracy=75.48% training=6.401s inference=0.329s
trial 2/3: accuracy=75.31% training=6.430s inference=0.087s
trial 3/3: accuracy=74.92% training=6.457s inference=0.085s
{
  "requested_trials": 3,
  "number_of_trials": 3,
  "successful_trials": 3,
  "failed_trials": 0,
  "complete": true,
  "accuracy_target": 0.75,
  "run_error": null,
  "mean_accuracy": 0.7523666666666666,
  "accuracy_std": 0.00287112057101987,
  "mean_training_time": 6.429294671332173,
  "training_time_std": 0.028175266709429065,
  "mean_evaluation_time": 0.16720933099956406,
  "evaluation_time_std": 0.14030416150373,
  "qualified": true,
  "official": false,
  "dataset": "CIFAR-100",
  "run_id": "20261003T223042Z-c5d50bc2"
}
Results: /home/jovyan/work/arena3/hypothesis-lit/results/arena/20261003T223042Z-c5d50bc2
