trial 1/3: accuracy=75.31% training=6.691s inference=0.131s
trial 2/3: accuracy=75.30% training=6.675s inference=0.089s
trial 3/3: accuracy=75.36% training=6.699s inference=0.083s
{
  "requested_trials": 3,
  "number_of_trials": 3,
  "successful_trials": 3,
  "failed_trials": 0,
  "complete": true,
  "accuracy_target": 0.75,
  "run_error": null,
  "mean_accuracy": 0.7532333333333333,
  "accuracy_std": 0.00032145502536645975,
  "mean_training_time": 6.68824416166414,
  "training_time_std": 0.012327375688011243,
  "mean_evaluation_time": 0.10090553666668711,
  "evaluation_time_std": 0.026236687906206063,
  "qualified": true,
  "official": false,
  "dataset": "CIFAR-100",
  "run_id": "20261003T223806Z-256b12db"
}
Results: /home/jovyan/work/arena3/hypothesis-lit/results/arena/20261003T223806Z-256b12db
