trial 1/3: accuracy=73.23% training=6.732s inference=0.281s
trial 2/3: accuracy=73.44% training=6.684s inference=0.094s
trial 3/3: accuracy=73.39% training=6.734s inference=0.090s
{
  "requested_trials": 3,
  "number_of_trials": 3,
  "successful_trials": 3,
  "failed_trials": 0,
  "complete": true,
  "accuracy_target": 0.75,
  "run_error": null,
  "mean_accuracy": 0.7335333333333334,
  "accuracy_std": 0.0010969655114603368,
  "mean_training_time": 6.716738741997688,
  "training_time_std": 0.028166258665510993,
  "mean_evaluation_time": 0.1548197380034253,
  "evaluation_time_std": 0.10950590353128714,
  "qualified": false,
  "official": false,
  "dataset": "CIFAR-100",
  "run_id": "20261003T224307Z-ac1903d9"
}
Results: /home/jovyan/work/arena3/hypothesis-lit/results/arena/20261003T224307Z-ac1903d9
