trial 1/3: accuracy=75.99% training=6.683s inference=0.352s
trial 2/3: accuracy=75.67% training=6.670s inference=0.121s
trial 3/3: accuracy=75.58% training=6.698s inference=0.097s
{
  "requested_trials": 3,
  "number_of_trials": 3,
  "successful_trials": 3,
  "failed_trials": 0,
  "complete": true,
  "accuracy_target": 0.75,
  "run_error": null,
  "mean_accuracy": 0.7574666666666667,
  "accuracy_std": 0.0021548395145191915,
  "mean_training_time": 6.683600125999267,
  "training_time_std": 0.013654288183864164,
  "mean_evaluation_time": 0.18997476100291047,
  "evaluation_time_std": 0.14102627978798282,
  "qualified": true,
  "official": false,
  "dataset": "CIFAR-100",
  "run_id": "20261003T224742Z-38cf256e"
}
Results: /home/jovyan/work/arena3/hypothesis-lit/results/arena/20261003T224742Z-38cf256e
