trial 1/3: accuracy=75.94% training=6.708s inference=0.277s
trial 2/3: accuracy=75.85% training=6.685s inference=0.090s
trial 3/3: accuracy=76.14% training=6.709s inference=0.089s
{
  "requested_trials": 3,
  "number_of_trials": 3,
  "successful_trials": 3,
  "failed_trials": 0,
  "complete": true,
  "accuracy_target": 0.75,
  "run_error": null,
  "mean_accuracy": 0.7597666666666666,
  "accuracy_std": 0.001484362938547494,
  "mean_training_time": 6.700532497998211,
  "training_time_std": 0.01388729198025103,
  "mean_evaluation_time": 0.15207654633074222,
  "evaluation_time_std": 0.10795888700696697,
  "qualified": true,
  "official": false,
  "dataset": "CIFAR-100",
  "run_id": "20261003T225226Z-0b77059f"
}
Results: /home/jovyan/work/arena3/hypothesis-lit/results/arena/20261003T225226Z-0b77059f
