trial 1/3: accuracy=76.04% training=6.446s inference=0.326s
trial 2/3: accuracy=75.64% training=6.455s inference=0.118s
trial 3/3: accuracy=76.32% training=6.468s inference=0.123s
{
  "requested_trials": 3,
  "number_of_trials": 3,
  "successful_trials": 3,
  "failed_trials": 0,
  "complete": true,
  "accuracy_target": 0.75,
  "run_error": null,
  "mean_accuracy": 0.76,
  "accuracy_std": 0.003417601498127026,
  "mean_training_time": 6.456583978331764,
  "training_time_std": 0.01107372138322675,
  "mean_evaluation_time": 0.18882734233435863,
  "evaluation_time_std": 0.11840106596577168,
  "qualified": true,
  "official": false,
  "dataset": "CIFAR-100",
  "run_id": "20261003T225651Z-42974930"
}
Results: /home/jovyan/work/arena3/hypothesis-lit/results/arena/20261003T225651Z-42974930
