trial 1/3: accuracy=75.67% training=6.351s inference=0.295s
trial 2/3: accuracy=75.78% training=6.329s inference=0.097s
trial 3/3: accuracy=75.58% training=6.345s inference=0.084s
{
  "requested_trials": 3,
  "number_of_trials": 3,
  "successful_trials": 3,
  "failed_trials": 0,
  "complete": true,
  "accuracy_target": 0.75,
  "run_error": null,
  "mean_accuracy": 0.7567666666666667,
  "accuracy_std": 0.0010016652800877819,
  "mean_training_time": 6.34172046733147,
  "training_time_std": 0.01130755698264983,
  "mean_evaluation_time": 0.15855150899975948,
  "evaluation_time_std": 0.11841597499580396,
  "qualified": true,
  "official": false,
  "dataset": "CIFAR-100",
  "run_id": "20261003T230110Z-8f98e882"
}
Results: /home/jovyan/work/arena3/hypothesis-lit/results/arena/20261003T230110Z-8f98e882
