trial 1/3: accuracy=76.76% training=6.371s inference=0.302s
trial 2/3: accuracy=75.96% training=6.344s inference=0.097s
trial 3/3: accuracy=76.02% training=6.361s inference=0.095s
{
  "requested_trials": 3,
  "number_of_trials": 3,
  "successful_trials": 3,
  "failed_trials": 0,
  "complete": true,
  "accuracy_target": 0.75,
  "run_error": null,
  "mean_accuracy": 0.7624666666666666,
  "accuracy_std": 0.004455707949735143,
  "mean_training_time": 6.358395767335121,
  "training_time_std": 0.013523097729682052,
  "mean_evaluation_time": 0.1646199810008208,
  "evaluation_time_std": 0.11920437238157298,
  "qualified": true,
  "official": false,
  "dataset": "CIFAR-100",
  "run_id": "20261003T230543Z-bffc11b4"
}
Results: /home/jovyan/work/arena3/hypothesis-lit/results/arena/20261003T230543Z-bffc11b4
