trial 1/3: accuracy=76.14% training=5.975s inference=0.281s
trial 2/3: accuracy=75.11% training=5.983s inference=0.083s
trial 3/3: accuracy=75.78% training=5.989s inference=0.082s
{
  "requested_trials": 3,
  "number_of_trials": 3,
  "successful_trials": 3,
  "failed_trials": 0,
  "complete": true,
  "accuracy_target": 0.75,
  "run_error": null,
  "mean_accuracy": 0.7567666666666667,
  "accuracy_std": 0.005227172594561353,
  "mean_training_time": 5.982331962331955,
  "training_time_std": 0.006797065350230854,
  "mean_evaluation_time": 0.14868991900099596,
  "evaluation_time_std": 0.11450222513253286,
  "qualified": true,
  "official": false,
  "dataset": "CIFAR-100",
  "run_id": "20261003T231006Z-4604d74a"
}
Results: /home/jovyan/work/arena3/hypothesis-lit/results/arena/20261003T231006Z-4604d74a
