trial 1/3: accuracy=75.70% training=5.250s inference=0.337s
trial 2/3: accuracy=75.46% training=5.238s inference=0.077s
trial 3/3: accuracy=75.80% training=5.249s inference=0.079s
{
  "requested_trials": 3,
  "number_of_trials": 3,
  "successful_trials": 3,
  "failed_trials": 0,
  "complete": true,
  "accuracy_target": 0.75,
  "run_error": null,
  "mean_accuracy": 0.7565333333333334,
  "accuracy_std": 0.001747378989610798,
  "mean_training_time": 5.245695041664779,
  "training_time_std": 0.006778062768916377,
  "mean_evaluation_time": 0.16413796433577468,
  "evaluation_time_std": 0.14936244016357042,
  "qualified": true,
  "official": false,
  "dataset": "CIFAR-100",
  "run_id": "20261003T231543Z-43bb2525"
}
Results: /home/jovyan/work/arena3/hypothesis-lit/results/arena/20261003T231543Z-43bb2525
