trial 1/3: accuracy=75.70% training=5.257s inference=0.274s
trial 2/3: accuracy=75.46% training=5.227s inference=0.078s
trial 3/3: accuracy=75.80% training=5.272s inference=0.077s
{
  "requested_trials": 3,
  "number_of_trials": 3,
  "successful_trials": 3,
  "failed_trials": 0,
  "complete": true,
  "accuracy_target": 0.75,
  "run_error": null,
  "mean_accuracy": 0.7565333333333334,
  "accuracy_std": 0.001747378989610798,
  "mean_training_time": 5.2521151810021065,
  "training_time_std": 0.02301178079143592,
  "mean_evaluation_time": 0.14281142900047902,
  "evaluation_time_std": 0.11343282262208927,
  "qualified": true,
  "official": false,
  "dataset": "CIFAR-100",
  "run_id": "20261003T232135Z-d9ea11fb"
}
Results: /home/jovyan/work/arena3/hypothesis-lit/results/arena/20261003T232135Z-d9ea11fb
