AUTOTUNE convolution(1536x384x4x4, 384x384x3x3)
  convolution 0.3185 ms 100.0%
  triton_convolution_31 0.4649 ms 68.5%
  triton_convolution_28 0.5489 ms 58.0%
  triton_convolution_30 0.6093 ms 52.3%
  triton_convolution_33 0.6236 ms 51.1%
  triton_convolution_27 0.7752 ms 41.1%
  triton_convolution_32 0.7762 ms 41.0%
  triton_convolution_29 2.1770 ms 14.6%
SingleProcess AUTOTUNE benchmarking takes 1.0988 seconds and 0.0007 seconds precompiling
AUTOTUNE convolution(1536x384x4x4, 576x384x3x3)
  convolution 0.3994 ms 100.0%
  triton_convolution_38 0.6769 ms 59.0%
  triton_convolution_35 0.7383 ms 54.1%
  triton_convolution_40 0.8648 ms 46.2%
  triton_convolution_37 0.9052 ms 44.1%
  triton_convolution_39 1.0813 ms 36.9%
  triton_convolution_34 1.1233 ms 35.6%
  triton_convolution_36 2.9071 ms 13.7%
SingleProcess AUTOTUNE benchmarking takes 1.0401 seconds and 0.0008 seconds precompiling
AUTOTUNE convolution(1536x384x7x7, 576x384x3x3)
  convolution 1.4490 ms 100.0%
  triton_convolution_374 2.2344 ms 64.8%
  triton_convolution_373 2.7500 ms 52.7%
  triton_convolution_376 2.9164 ms 49.7%
  triton_convolution_375 3.1836 ms 45.5%
  triton_convolution_371 3.2072 ms 45.2%
  triton_convolution_370 3.6250 ms 40.0%
  triton_convolution_372 12.9976 ms 11.1%
SingleProcess AUTOTUNE benchmarking takes 1.1680 seconds and 0.0007 seconds precompiling
trial 1/3: accuracy=75.54% training=5.247s inference=0.134s
trial 2/3: accuracy=75.46% training=5.237s inference=0.093s
trial 3/3: accuracy=75.80% training=5.243s inference=0.076s
{
  "requested_trials": 3,
  "number_of_trials": 3,
  "successful_trials": 3,
  "failed_trials": 0,
  "complete": true,
  "accuracy_target": 0.75,
  "run_error": null,
  "mean_accuracy": 0.756,
  "accuracy_std": 0.0017776388834631093,
  "mean_training_time": 5.2423515553333955,
  "training_time_std": 0.005355945575845412,
  "mean_evaluation_time": 0.10075210533492888,
  "evaluation_time_std": 0.02981013942422473,
  "qualified": true,
  "official": false,
  "dataset": "CIFAR-100",
  "run_id": "20261003T232917Z-fb251e2d"
}
Results: /home/jovyan/work/arena3/hypothesis-lit/results/arena/20261003T232917Z-fb251e2d
