AUTOTUNE convolution(1536x384x7x7, 576x384x3x3)
  convolution 1.4479 ms 100.0%
  triton_convolution_374 2.2333 ms 64.8%
  triton_convolution_373 2.7238 ms 53.2%
  triton_convolution_376 2.9123 ms 49.7%
  triton_convolution_370 3.1508 ms 46.0%
  triton_convolution_375 3.1785 ms 45.6%
  triton_convolution_371 3.2236 ms 44.9%
  triton_convolution_372 12.9505 ms 11.2%
SingleProcess AUTOTUNE benchmarking takes 1.1634 seconds and 0.0007 seconds precompiling
trial 1/3: accuracy=75.42% training=5.586s inference=0.110s
trial 2/3: accuracy=75.39% training=5.567s inference=0.076s
trial 3/3: accuracy=75.19% training=5.576s inference=0.076s
{
  "requested_trials": 3,
  "number_of_trials": 3,
  "successful_trials": 3,
  "failed_trials": 0,
  "complete": true,
  "accuracy_target": 0.75,
  "run_error": null,
  "mean_accuracy": 0.7533333333333333,
  "accuracy_std": 0.0012503332889007264,
  "mean_training_time": 5.576227698334454,
  "training_time_std": 0.009806842897671286,
  "mean_evaluation_time": 0.08737773200118681,
  "evaluation_time_std": 0.01940277694331707,
  "qualified": true,
  "official": false,
  "dataset": "CIFAR-100",
  "run_id": "20261003T234417Z-ba934370"
}
Results: /home/jovyan/work/arena3/hypothesis-lit/results/arena/20261003T234417Z-ba934370
