trial 1/3: accuracy=75.94% training=5.255s inference=0.167s
trial 2/3: accuracy=74.99% training=5.220s inference=0.121s
trial 3/3: accuracy=75.63% training=5.226s inference=0.123s
{
  "requested_trials": 3,
  "number_of_trials": 3,
  "successful_trials": 3,
  "failed_trials": 0,
  "complete": true,
  "accuracy_target": 0.75,
  "run_error": null,
  "mean_accuracy": 0.7552,
  "accuracy_std": 0.004844584605515705,
  "mean_training_time": 5.233504214333759,
  "training_time_std": 0.018581019601488287,
  "mean_evaluation_time": 0.1367569183348678,
  "evaluation_time_std": 0.025847623051565127,
  "qualified": true,
  "official": false,
  "dataset": "CIFAR-100",
  "run_id": "20261003T234837Z-9451f9f1"
}
Results: /home/jovyan/work/arena3/hypothesis-lit/results/arena/20261003T234837Z-9451f9f1
