trial 1/3: accuracy=75.62% training=5.236s inference=0.111s
trial 2/3: accuracy=75.47% training=5.242s inference=0.077s
trial 3/3: accuracy=76.15% training=5.239s inference=0.076s
{
  "requested_trials": 3,
  "number_of_trials": 3,
  "successful_trials": 3,
  "failed_trials": 0,
  "complete": true,
  "accuracy_target": 0.75,
  "run_error": null,
  "mean_accuracy": 0.7574666666666666,
  "accuracy_std": 0.00357258076652342,
  "mean_training_time": 5.2389930073331925,
  "training_time_std": 0.0032101725731694154,
  "mean_evaluation_time": 0.08763360866820828,
  "evaluation_time_std": 0.01980735153222486,
  "qualified": true,
  "official": false,
  "dataset": "CIFAR-100",
  "run_id": "20261003T235931Z-e84c5936"
}
Results: /home/jovyan/work/arena3/hypothesis-lit/results/arena/20261003T235931Z-e84c5936
