trial 1/3: accuracy=75.84% training=4.964s inference=0.116s
trial 2/3: accuracy=75.78% training=4.956s inference=0.073s
trial 3/3: accuracy=75.81% training=4.949s inference=0.073s
{
  "requested_trials": 3,
  "number_of_trials": 3,
  "successful_trials": 3,
  "failed_trials": 0,
  "complete": true,
  "accuracy_target": 0.75,
  "run_error": null,
  "mean_accuracy": 0.7581,
  "accuracy_std": 0.00029999999999996696,
  "mean_training_time": 4.956266843997582,
  "training_time_std": 0.0072121701231050986,
  "mean_evaluation_time": 0.08731702866740913,
  "evaluation_time_std": 0.024570524390644676,
  "qualified": true,
  "official": false,
  "dataset": "CIFAR-100",
  "run_id": "20261004T000611Z-62cd1379"
}
Results: /home/jovyan/work/arena3/hypothesis-lit/results/arena/20261004T000611Z-62cd1379
