trial 1/3: accuracy=75.44% training=4.858s inference=0.133s
trial 2/3: accuracy=75.48% training=4.833s inference=0.076s
trial 3/3: accuracy=75.39% training=4.845s inference=0.076s
{
  "requested_trials": 3,
  "number_of_trials": 3,
  "successful_trials": 3,
  "failed_trials": 0,
  "complete": true,
  "accuracy_target": 0.75,
  "run_error": null,
  "mean_accuracy": 0.7543666666666666,
  "accuracy_std": 0.00045092497528229314,
  "mean_training_time": 4.845287099667378,
  "training_time_std": 0.012508240173356321,
  "mean_evaluation_time": 0.0950053653359646,
  "evaluation_time_std": 0.032749683822802564,
  "qualified": true,
  "official": false,
  "dataset": "CIFAR-100",
  "run_id": "20261004T001010Z-86ac31bc"
}
Results: /home/jovyan/work/arena3/hypothesis-lit/results/arena/20261004T001010Z-86ac31bc
