trial 1/3: accuracy=75.51% training=4.825s inference=0.117s
trial 2/3: accuracy=75.36% training=4.823s inference=0.077s
trial 3/3: accuracy=75.54% training=4.827s inference=0.077s
{
  "requested_trials": 3,
  "number_of_trials": 3,
  "successful_trials": 3,
  "failed_trials": 0,
  "complete": true,
  "accuracy_target": 0.75,
  "run_error": null,
  "mean_accuracy": 0.7547,
  "accuracy_std": 0.0009643650760992526,
  "mean_training_time": 4.824922271332373,
  "training_time_std": 0.0022515306559602903,
  "mean_evaluation_time": 0.08997987133625429,
  "evaluation_time_std": 0.02301617275122926,
  "qualified": true,
  "official": false,
  "dataset": "CIFAR-100",
  "run_id": "20261004T001408Z-2b007c2f"
}
Results: /home/jovyan/work/arena3/hypothesis-lit/results/arena/20261004T001408Z-2b007c2f
