trial 1/3: accuracy=75.91% training=4.840s inference=0.146s
trial 2/3: accuracy=75.38% training=4.829s inference=0.078s
trial 3/3: accuracy=75.75% training=4.837s inference=0.081s
{
  "requested_trials": 3,
  "number_of_trials": 3,
  "successful_trials": 3,
  "failed_trials": 0,
  "complete": true,
  "accuracy_target": 0.75,
  "run_error": null,
  "mean_accuracy": 0.7568,
  "accuracy_std": 0.0027184554438136155,
  "mean_training_time": 4.835299554002025,
  "training_time_std": 0.0053436606410794145,
  "mean_evaluation_time": 0.10122716633486561,
  "evaluation_time_std": 0.03837440745685588,
  "qualified": true,
  "official": false,
  "dataset": "CIFAR-100",
  "run_id": "20261004T001759Z-a0cd63fe"
}
Results: /home/jovyan/work/arena3/hypothesis-lit/results/arena/20261004T001759Z-a0cd63fe
