trial 1/3: accuracy=75.61% training=4.925s inference=0.156s
trial 2/3: accuracy=75.67% training=4.918s inference=0.077s
trial 3/3: accuracy=75.46% training=4.932s inference=0.077s
{
  "requested_trials": 3,
  "number_of_trials": 3,
  "successful_trials": 3,
  "failed_trials": 0,
  "complete": true,
  "accuracy_target": 0.75,
  "run_error": null,
  "mean_accuracy": 0.7558,
  "accuracy_std": 0.0010816653826391854,
  "mean_training_time": 4.9251122719991445,
  "training_time_std": 0.006928806924228225,
  "mean_evaluation_time": 0.10324414499821917,
  "evaluation_time_std": 0.045310668667328115,
  "qualified": true,
  "official": false,
  "dataset": "CIFAR-100",
  "run_id": "20261004T002201Z-b2d1cd11"
}
Results: /home/jovyan/work/arena3/hypothesis-lit/results/arena/20261004T002201Z-b2d1cd11
