trial 1/3: accuracy=75.52% training=4.828s inference=0.122s
trial 2/3: accuracy=75.51% training=4.840s inference=0.079s
trial 3/3: accuracy=76.07% training=4.846s inference=0.079s
{
  "requested_trials": 3,
  "number_of_trials": 3,
  "successful_trials": 3,
  "failed_trials": 0,
  "complete": true,
  "accuracy_target": 0.75,
  "run_error": null,
  "mean_accuracy": 0.757,
  "accuracy_std": 0.0032046840717924446,
  "mean_training_time": 4.837827846000437,
  "training_time_std": 0.009056080422160011,
  "mean_evaluation_time": 0.09343782599898987,
  "evaluation_time_std": 0.02444038937150191,
  "qualified": true,
  "official": false,
  "dataset": "CIFAR-100",
  "run_id": "20261004T002548Z-b08fd272"
}
Results: /home/jovyan/work/arena3/hypothesis-lit/results/arena/20261004T002548Z-b08fd272
