Vocab size: 8,192
Model config: {'sequence_len': 2048, 'vocab_size': 8192, 'n_layer': 9, 'n_head': 5, 'n_kv_head': 5, 'n_embd': 640, 'window_pattern': 'SSSL'}
Parameter counts:
  wte                     : 5,242,880
  value_embeds            : 26,214,400
  lm_head                 : 5,242,880
  transformer_matrices    : 44,237,600
  scalars                 : 18
  total                   : 80,937,778
Estimated FLOPs per token: 3.912547e+08
Scaling AdamW LRs by 1/sqrt(640/768) = 1.095445
Time budget: 300s
Gradient accumulation steps: 2

step 00000 (0.0%) | loss: 9.011301 | lrm: 1.00 | dt: 16814ms | tok/sec: 31,181 | mfu: 1.2% | epoch: 1 | remaining: 300s    
step 00001 (0.0%) | loss: 9.212411 | lrm: 1.00 | dt: 948ms | tok/sec: 553,036 | mfu: 21.9% | epoch: 1 | remaining: 300s    
step 00002 (0.0%) | loss: 8.974391 | lrm: 1.00 | dt: 935ms | tok/sec: 560,499 | mfu: 22.2% | epoch: 1 | remaining: 300s    
step 00003 (0.0%) | loss: 8.510788 | lrm: 1.00 | dt: 932ms | tok/sec: 562,479 | mfu: 22.2% | epoch: 1 | remaining: 300s    
step 00004 (0.0%) | loss: 8.167990 | lrm: 1.00 | dt: 931ms | tok/sec: 563,000 | mfu: 22.3% | epoch: 1 | remaining: 300s    
step 00005 (0.0%) | loss: 7.779876 | lrm: 1.00 | dt: 931ms | tok/sec: 562,925 | mfu: 22.3% | epoch: 1 | remaining: 300s    
step 00006 (0.0%) | loss: 7.474007 | lrm: 1.00 | dt: 931ms | tok/sec: 562,934 | mfu: 22.3% | epoch: 1 | remaining: 300s    
step 00007 (0.0%) | loss: 7.221354 | lrm: 1.00 | dt: 932ms | tok/sec: 562,825 | mfu: 22.3% | epoch: 1 | remaining: 300s    
step 00008 (0.0%) | loss: 7.006794 | lrm: 1.00 | dt: 932ms | tok/sec: 562,809 | mfu: 22.3% | epoch: 1 | remaining: 300s    
step 00009 (0.0%) | loss: 6.820796 | lrm: 1.00 | dt: 932ms | tok/sec: 562,684 | mfu: 22.2% | epoch: 1 | remaining: 300s    
step 00010 (0.0%) | loss: 6.663848 | lrm: 1.00 | dt: 932ms | tok/sec: 562,665 | mfu: 22.2% | epoch: 1 | remaining: 300s    
step 00011 (0.0%) | loss: 6.527433 | lrm: 1.00 | dt: 932ms | tok/sec: 562,842 | mfu: 22.3% | epoch: 1 | remaining: 299s    
step 00012 (0.3%) | loss: 6.408569 | lrm: 1.00 | dt: 932ms | tok/sec: 562,825 | mfu: 22.3% | epoch: 1 | remaining: 298s    
step 00013 (0.6%) | loss: 6.307973 | lrm: 1.00 | dt: 931ms | tok/sec: 563,270 | mfu: 22.3% | epoch: 1 | remaining: 297s    
step 00014 (0.9%) | loss: 6.213225 | lrm: 1.00 | dt: 931ms | tok/sec: 562,919 | mfu: 22.3% | epoch: 1 | remaining: 296s    
step 00015 (1.2%) | loss: 6.132089 | lrm: 1.00 | dt: 931ms | tok/sec: 563,086 | mfu: 22.3% | epoch: 1 | remaining: 295s    
step 00016 (1.6%) | loss: 6.058720 | lrm: 1.00 | dt: 932ms | tok/sec: 562,613 | mfu: 22.2% | epoch: 1 | remaining: 294s    
step 00017 (1.9%) | loss: 5.991475 | lrm: 1.00 | dt: 932ms | tok/sec: 562,395 | mfu: 22.2% | epoch: 1 | remaining: 293s    
step 00018 (2.2%) | loss: 5.930766 | lrm: 1.00 | dt: 932ms | tok/sec: 562,624 | mfu: 22.2% | epoch: 1 | remaining: 293s    
step 00019 (2.5%) | loss: 5.878556 | lrm: 1.00 | dt: 933ms | tok/sec: 562,219 | mfu: 22.2% | epoch: 1 | remaining: 292s    
step 00020 (2.8%) | loss: 5.831382 | lrm: 1.00 | dt: 933ms | tok/sec: 562,173 | mfu: 22.2% | epoch: 1 | remaining: 291s    
step 00021 (3.1%) | loss: 5.784668 | lrm: 1.00 | dt: 933ms | tok/sec: 561,924 | mfu: 22.2% | epoch: 1 | remaining: 290s    
step 00022 (3.4%) | loss: 5.739441 | lrm: 1.00 | dt: 934ms | tok/sec: 561,244 | mfu: 22.2% | epoch: 1 | remaining: 289s    
step 00023 (3.7%) | loss: 5.698622 | lrm: 1.00 | dt: 934ms | tok/sec: 561,301 | mfu: 22.2% | epoch: 1 | remaining: 288s    
step 00024 (4.0%) | loss: 5.660195 | lrm: 1.00 | dt: 934ms | tok/sec: 561,179 | mfu: 22.2% | epoch: 1 | remaining: 287s    
step 00025 (4.4%) | loss: 5.624073 | lrm: 1.00 | dt: 935ms | tok/sec: 561,008 | mfu: 22.2% | epoch: 1 | remaining: 286s    
step 00026 (4.7%) | loss: 5.585071 | lrm: 1.00 | dt: 936ms | tok/sec: 560,351 | mfu: 22.2% | epoch: 1 | remaining: 285s    
step 00027 (5.0%) | loss: 5.551470 | lrm: 1.00 | dt: 935ms | tok/sec: 560,764 | mfu: 22.2% | epoch: 1 | remaining: 284s    
step 00028 (5.3%) | loss: 5.519083 | lrm: 1.00 | dt: 935ms | tok/sec: 560,736 | mfu: 22.2% | epoch: 1 | remaining: 283s    
step 00029 (5.6%) | loss: 5.490995 | lrm: 1.00 | dt: 936ms | tok/sec: 559,950 | mfu: 22.1% | epoch: 1 | remaining: 282s    
step 00030 (5.9%) | loss: 5.460426 | lrm: 1.00 | dt: 936ms | tok/sec: 560,324 | mfu: 22.2% | epoch: 1 | remaining: 281s    
step 00031 (6.2%) | loss: 5.427977 | lrm: 1.00 | dt: 936ms | tok/sec: 560,031 | mfu: 22.1% | epoch: 1 | remaining: 280s    
step 00032 (6.5%) | loss: 5.398987 | lrm: 1.00 | dt: 936ms | tok/sec: 559,992 | mfu: 22.1% | epoch: 1 | remaining: 279s    
step 00033 (6.8%) | loss: 5.367756 | lrm: 1.00 | dt: 936ms | tok/sec: 559,975 | mfu: 22.1% | epoch: 1 | remaining: 279s    
step 00034 (7.2%) | loss: 5.334919 | lrm: 1.00 | dt: 936ms | tok/sec: 559,942 | mfu: 22.1% | epoch: 1 | remaining: 278s    
step 00035 (7.5%) | loss: 5.305618 | lrm: 1.00 | dt: 937ms | tok/sec: 559,678 | mfu: 22.1% | epoch: 1 | remaining: 277s    
step 00036 (7.8%) | loss: 5.279844 | lrm: 1.00 | dt: 937ms | tok/sec: 559,472 | mfu: 22.1% | epoch: 1 | remaining: 276s    
step 00037 (8.1%) | loss: 5.253060 | lrm: 1.00 | dt: 937ms | tok/sec: 559,633 | mfu: 22.1% | epoch: 1 | remaining: 275s    
step 00038 (8.4%) | loss: 5.227649 | lrm: 1.00 | dt: 936ms | tok/sec: 560,045 | mfu: 22.1% | epoch: 1 | remaining: 274s    
step 00039 (8.7%) | loss: 5.197533 | lrm: 1.00 | dt: 936ms | tok/sec: 560,110 | mfu: 22.1% | epoch: 1 | remaining: 273s    
step 00040 (9.0%) | loss: 5.168293 | lrm: 1.00 | dt: 937ms | tok/sec: 559,774 | mfu: 22.1% | epoch: 1 | remaining: 272s    
step 00041 (9.3%) | loss: 5.142475 | lrm: 1.00 | dt: 937ms | tok/sec: 559,491 | mfu: 22.1% | epoch: 1 | remaining: 271s    
step 00042 (9.7%) | loss: 5.118555 | lrm: 1.00 | dt: 938ms | tok/sec: 559,177 | mfu: 22.1% | epoch: 1 | remaining: 270s    
step 00043 (10.0%) | loss: 5.089773 | lrm: 1.00 | dt: 937ms | tok/sec: 559,622 | mfu: 22.1% | epoch: 1 | remaining: 269s    
step 00044 (10.3%) | loss: 5.065156 | lrm: 1.00 | dt: 936ms | tok/sec: 560,048 | mfu: 22.1% | epoch: 1 | remaining: 268s    
step 00045 (10.6%) | loss: 5.039476 | lrm: 1.00 | dt: 936ms | tok/sec: 560,052 | mfu: 22.1% | epoch: 1 | remaining: 267s    
step 00046 (10.9%) | loss: 5.013520 | lrm: 1.00 | dt: 936ms | tok/sec: 559,907 | mfu: 22.1% | epoch: 1 | remaining: 266s    
step 00047 (11.2%) | loss: 4.985200 | lrm: 1.00 | dt: 937ms | tok/sec: 559,481 | mfu: 22.1% | epoch: 1 | remaining: 265s    
step 00048 (11.5%) | loss: 4.962503 | lrm: 1.00 | dt: 937ms | tok/sec: 559,411 | mfu: 22.1% | epoch: 1 | remaining: 264s    
step 00049 (11.8%) | loss: 4.938100 | lrm: 1.00 | dt: 937ms | tok/sec: 559,740 | mfu: 22.1% | epoch: 1 | remaining: 264s    
step 00050 (12.2%) | loss: 4.912635 | lrm: 1.00 | dt: 937ms | tok/sec: 559,431 | mfu: 22.1% | epoch: 1 | remaining: 263s    
step 00051 (12.5%) | loss: 4.893416 | lrm: 1.00 | dt: 937ms | tok/sec: 559,648 | mfu: 22.1% | epoch: 1 | remaining: 262s    
step 00052 (12.8%) | loss: 4.869939 | lrm: 1.00 | dt: 937ms | tok/sec: 559,535 | mfu: 22.1% | epoch: 1 | remaining: 261s    
step 00053 (13.1%) | loss: 4.847183 | lrm: 1.00 | dt: 937ms | tok/sec: 559,473 | mfu: 22.1% | epoch: 1 | remaining: 260s    
step 00054 (13.4%) | loss: 4.824744 | lrm: 1.00 | dt: 938ms | tok/sec: 558,782 | mfu: 22.1% | epoch: 1 | remaining: 259s    
step 00055 (13.7%) | loss: 4.800271 | lrm: 1.00 | dt: 938ms | tok/sec: 559,067 | mfu: 22.1% | epoch: 1 | remaining: 258s    
step 00056 (14.0%) | loss: 4.779451 | lrm: 1.00 | dt: 938ms | tok/sec: 558,852 | mfu: 22.1% | epoch: 1 | remaining: 257s    
step 00057 (14.3%) | loss: 4.757001 | lrm: 1.00 | dt: 938ms | tok/sec: 559,188 | mfu: 22.1% | epoch: 1 | remaining: 256s    
step 00058 (14.7%) | loss: 4.734853 | lrm: 1.00 | dt: 938ms | tok/sec: 558,938 | mfu: 22.1% | epoch: 1 | remaining: 255s    
step 00059 (15.0%) | loss: 4.708183 | lrm: 1.00 | dt: 937ms | tok/sec: 559,346 | mfu: 22.1% | epoch: 1 | remaining: 254s    
step 00060 (15.3%) | loss: 4.688248 | lrm: 1.00 | dt: 937ms | tok/sec: 559,764 | mfu: 22.1% | epoch: 1 | remaining: 253s    
step 00061 (15.6%) | loss: 4.670614 | lrm: 1.00 | dt: 937ms | tok/sec: 559,485 | mfu: 22.1% | epoch: 1 | remaining: 252s    
step 00062 (15.9%) | loss: 4.646606 | lrm: 1.00 | dt: 938ms | tok/sec: 559,205 | mfu: 22.1% | epoch: 1 | remaining: 251s    
step 00063 (16.2%) | loss: 4.621133 | lrm: 1.00 | dt: 938ms | tok/sec: 559,144 | mfu: 22.1% | epoch: 1 | remaining: 250s    
step 00064 (16.5%) | loss: 4.598527 | lrm: 1.00 | dt: 939ms | tok/sec: 558,644 | mfu: 22.1% | epoch: 1 | remaining: 249s    
step 00065 (16.8%) | loss: 4.577742 | lrm: 1.00 | dt: 937ms | tok/sec: 559,261 | mfu: 22.1% | epoch: 1 | remaining: 249s    
step 00066 (17.2%) | loss: 4.559412 | lrm: 1.00 | dt: 938ms | tok/sec: 558,776 | mfu: 22.1% | epoch: 1 | remaining: 248s    
step 00067 (17.5%) | loss: 4.540182 | lrm: 1.00 | dt: 937ms | tok/sec: 559,635 | mfu: 22.1% | epoch: 1 | remaining: 247s    
step 00068 (17.8%) | loss: 4.520031 | lrm: 1.00 | dt: 937ms | tok/sec: 559,379 | mfu: 22.1% | epoch: 1 | remaining: 246s    
step 00069 (18.1%) | loss: 4.495798 | lrm: 1.00 | dt: 938ms | tok/sec: 559,155 | mfu: 22.1% | epoch: 1 | remaining: 245s    
step 00070 (18.4%) | loss: 4.471875 | lrm: 1.00 | dt: 938ms | tok/sec: 559,011 | mfu: 22.1% | epoch: 1 | remaining: 244s    
step 00071 (18.7%) | loss: 4.443766 | lrm: 1.00 | dt: 938ms | tok/sec: 558,768 | mfu: 22.1% | epoch: 1 | remaining: 243s    
step 00072 (19.0%) | loss: 4.428246 | lrm: 1.00 | dt: 938ms | tok/sec: 558,812 | mfu: 22.1% | epoch: 1 | remaining: 242s    
step 00073 (19.3%) | loss: 4.408498 | lrm: 1.00 | dt: 938ms | tok/sec: 558,794 | mfu: 22.1% | epoch: 1 | remaining: 241s    
step 00074 (19.7%) | loss: 4.384475 | lrm: 1.00 | dt: 938ms | tok/sec: 558,900 | mfu: 22.1% | epoch: 1 | remaining: 240s    
step 00075 (20.0%) | loss: 4.362423 | lrm: 1.00 | dt: 938ms | tok/sec: 558,946 | mfu: 22.1% | epoch: 1 | remaining: 239s    
step 00076 (20.3%) | loss: 4.344567 | lrm: 1.00 | dt: 938ms | tok/sec: 558,921 | mfu: 22.1% | epoch: 1 | remaining: 238s    
step 00077 (20.6%) | loss: 4.328217 | lrm: 1.00 | dt: 937ms | tok/sec: 559,680 | mfu: 22.1% | epoch: 1 | remaining: 237s    
step 00078 (20.9%) | loss: 4.304386 | lrm: 1.00 | dt: 938ms | tok/sec: 559,175 | mfu: 22.1% | epoch: 1 | remaining: 236s    
step 00079 (21.2%) | loss: 4.283759 | lrm: 1.00 | dt: 938ms | tok/sec: 559,240 | mfu: 22.1% | epoch: 1 | remaining: 235s    
step 00080 (21.5%) | loss: 4.264389 | lrm: 1.00 | dt: 938ms | tok/sec: 558,943 | mfu: 22.1% | epoch: 1 | remaining: 234s    
step 00081 (21.8%) | loss: 4.244207 | lrm: 1.00 | dt: 938ms | tok/sec: 558,927 | mfu: 22.1% | epoch: 1 | remaining: 234s    
step 00082 (22.2%) | loss: 4.226221 | lrm: 1.00 | dt: 938ms | tok/sec: 558,957 | mfu: 22.1% | epoch: 1 | remaining: 233s    
step 00083 (22.5%) | loss: 4.203085 | lrm: 1.00 | dt: 938ms | tok/sec: 558,688 | mfu: 22.1% | epoch: 1 | remaining: 232s    
step 00084 (22.8%) | loss: 4.181845 | lrm: 1.00 | dt: 938ms | tok/sec: 559,049 | mfu: 22.1% | epoch: 1 | remaining: 231s    
step 00085 (23.1%) | loss: 4.166390 | lrm: 1.00 | dt: 938ms | tok/sec: 559,101 | mfu: 22.1% | epoch: 1 | remaining: 230s    
step 00086 (23.4%) | loss: 4.148022 | lrm: 1.00 | dt: 937ms | tok/sec: 559,513 | mfu: 22.1% | epoch: 1 | remaining: 229s    
step 00087 (23.7%) | loss: 4.133505 | lrm: 1.00 | dt: 938ms | tok/sec: 559,103 | mfu: 22.1% | epoch: 1 | remaining: 228s    
step 00088 (24.0%) | loss: 4.120039 | lrm: 1.00 | dt: 938ms | tok/sec: 559,039 | mfu: 22.1% | epoch: 1 | remaining: 227s    
step 00089 (24.3%) | loss: 4.101906 | lrm: 1.00 | dt: 937ms | tok/sec: 559,296 | mfu: 22.1% | epoch: 1 | remaining: 226s    
step 00090 (24.7%) | loss: 4.085829 | lrm: 1.00 | dt: 939ms | tok/sec: 558,431 | mfu: 22.1% | epoch: 1 | remaining: 225s    
step 00091 (25.0%) | loss: 4.066920 | lrm: 1.00 | dt: 938ms | tok/sec: 559,079 | mfu: 22.1% | epoch: 1 | remaining: 224s    
step 00092 (25.3%) | loss: 4.052762 | lrm: 1.00 | dt: 939ms | tok/sec: 558,607 | mfu: 22.1% | epoch: 1 | remaining: 223s    
step 00093 (25.6%) | loss: 4.035974 | lrm: 1.00 | dt: 938ms | tok/sec: 559,135 | mfu: 22.1% | epoch: 1 | remaining: 222s    
step 00094 (25.9%) | loss: 4.022094 | lrm: 1.00 | dt: 938ms | tok/sec: 559,027 | mfu: 22.1% | epoch: 1 | remaining: 221s    
step 00095 (26.2%) | loss: 4.008908 | lrm: 1.00 | dt: 938ms | tok/sec: 559,070 | mfu: 22.1% | epoch: 1 | remaining: 220s    
step 00096 (26.5%) | loss: 3.990900 | lrm: 1.00 | dt: 938ms | tok/sec: 559,191 | mfu: 22.1% | epoch: 1 | remaining: 219s    
step 00097 (26.8%) | loss: 3.976661 | lrm: 1.00 | dt: 937ms | tok/sec: 559,429 | mfu: 22.1% | epoch: 1 | remaining: 219s    
step 00098 (27.2%) | loss: 3.961174 | lrm: 1.00 | dt: 937ms | tok/sec: 559,482 | mfu: 22.1% | epoch: 1 | remaining: 218s    
step 00099 (27.5%) | loss: 3.945899 | lrm: 1.00 | dt: 939ms | tok/sec: 558,583 | mfu: 22.1% | epoch: 1 | remaining: 217s    
step 00100 (27.8%) | loss: 3.931530 | lrm: 1.00 | dt: 938ms | tok/sec: 558,953 | mfu: 22.1% | epoch: 1 | remaining: 216s    
step 00101 (28.1%) | loss: 3.915735 | lrm: 1.00 | dt: 938ms | tok/sec: 559,131 | mfu: 22.1% | epoch: 1 | remaining: 215s    
step 00102 (28.4%) | loss: 3.900816 | lrm: 1.00 | dt: 938ms | tok/sec: 558,742 | mfu: 22.1% | epoch: 1 | remaining: 214s    
step 00103 (28.7%) | loss: 3.878210 | lrm: 1.00 | dt: 938ms | tok/sec: 559,039 | mfu: 22.1% | epoch: 1 | remaining: 213s    
step 00104 (29.0%) | loss: 3.863536 | lrm: 1.00 | dt: 937ms | tok/sec: 559,556 | mfu: 22.1% | epoch: 1 | remaining: 212s    
step 00105 (29.3%) | loss: 3.850273 | lrm: 1.00 | dt: 937ms | tok/sec: 559,289 | mfu: 22.1% | epoch: 1 | remaining: 211s    
step 00106 (29.7%) | loss: 3.839484 | lrm: 1.00 | dt: 938ms | tok/sec: 558,981 | mfu: 22.1% | epoch: 1 | remaining: 210s    
step 00107 (30.0%) | loss: 3.830641 | lrm: 1.00 | dt: 937ms | tok/sec: 559,316 | mfu: 22.1% | epoch: 1 | remaining: 209s    
step 00108 (30.3%) | loss: 3.820808 | lrm: 1.00 | dt: 938ms | tok/sec: 558,877 | mfu: 22.1% | epoch: 1 | remaining: 208s    
step 00109 (30.6%) | loss: 3.810571 | lrm: 1.00 | dt: 938ms | tok/sec: 558,873 | mfu: 22.1% | epoch: 1 | remaining: 207s    
step 00110 (30.9%) | loss: 3.798219 | lrm: 1.00 | dt: 938ms | tok/sec: 558,996 | mfu: 22.1% | epoch: 1 | remaining: 206s    
step 00111 (31.2%) | loss: 3.793160 | lrm: 1.00 | dt: 938ms | tok/sec: 558,956 | mfu: 22.1% | epoch: 1 | remaining: 205s    
step 00112 (31.5%) | loss: 3.784298 | lrm: 1.00 | dt: 938ms | tok/sec: 559,117 | mfu: 22.1% | epoch: 1 | remaining: 204s    
step 00113 (31.8%) | loss: 3.779821 | lrm: 1.00 | dt: 938ms | tok/sec: 558,960 | mfu: 22.1% | epoch: 1 | remaining: 204s    
step 00114 (32.2%) | loss: 3.776573 | lrm: 1.00 | dt: 937ms | tok/sec: 559,421 | mfu: 22.1% | epoch: 1 | remaining: 203s    
step 00115 (32.5%) | loss: 3.769356 | lrm: 1.00 | dt: 937ms | tok/sec: 559,241 | mfu: 22.1% | epoch: 1 | remaining: 202s    
step 00116 (32.8%) | loss: 3.758406 | lrm: 1.00 | dt: 937ms | tok/sec: 559,392 | mfu: 22.1% | epoch: 1 | remaining: 201s    
step 00117 (33.1%) | loss: 3.755630 | lrm: 1.00 | dt: 938ms | tok/sec: 559,082 | mfu: 22.1% | epoch: 1 | remaining: 200s    
step 00118 (33.4%) | loss: 3.743918 | lrm: 1.00 | dt: 938ms | tok/sec: 559,183 | mfu: 22.1% | epoch: 1 | remaining: 199s    
step 00119 (33.7%) | loss: 3.737851 | lrm: 1.00 | dt: 938ms | tok/sec: 558,857 | mfu: 22.1% | epoch: 1 | remaining: 198s    
step 00120 (34.0%) | loss: 3.731960 | lrm: 1.00 | dt: 938ms | tok/sec: 558,863 | mfu: 22.1% | epoch: 1 | remaining: 197s    
step 00121 (34.3%) | loss: 3.714833 | lrm: 1.00 | dt: 938ms | tok/sec: 559,110 | mfu: 22.1% | epoch: 1 | remaining: 196s    
step 00122 (34.7%) | loss: 3.705120 | lrm: 1.00 | dt: 937ms | tok/sec: 559,367 | mfu: 22.1% | epoch: 1 | remaining: 195s    
step 00123 (35.0%) | loss: 3.697324 | lrm: 1.00 | dt: 937ms | tok/sec: 559,629 | mfu: 22.1% | epoch: 1 | remaining: 194s    
step 00124 (35.3%) | loss: 3.691562 | lrm: 1.00 | dt: 938ms | tok/sec: 559,154 | mfu: 22.1% | epoch: 1 | remaining: 193s    
step 00125 (35.6%) | loss: 3.681377 | lrm: 1.00 | dt: 937ms | tok/sec: 559,573 | mfu: 22.1% | epoch: 1 | remaining: 192s    
step 00126 (35.9%) | loss: 3.672368 | lrm: 1.00 | dt: 938ms | tok/sec: 559,041 | mfu: 22.1% | epoch: 1 | remaining: 191s    
step 00127 (36.2%) | loss: 3.663127 | lrm: 1.00 | dt: 938ms | tok/sec: 558,971 | mfu: 22.1% | epoch: 1 | remaining: 190s    
step 00128 (36.5%) | loss: 3.660377 | lrm: 1.00 | dt: 938ms | tok/sec: 558,814 | mfu: 22.1% | epoch: 1 | remaining: 189s    
step 00129 (36.8%) | loss: 3.653773 | lrm: 1.00 | dt: 937ms | tok/sec: 559,249 | mfu: 22.1% | epoch: 1 | remaining: 189s    
step 00130 (37.2%) | loss: 3.650131 | lrm: 1.00 | dt: 938ms | tok/sec: 558,822 | mfu: 22.1% | epoch: 1 | remaining: 188s    
step 00131 (37.5%) | loss: 3.643171 | lrm: 1.00 | dt: 937ms | tok/sec: 559,617 | mfu: 22.1% | epoch: 1 | remaining: 187s    
step 00132 (37.8%) | loss: 3.636008 | lrm: 1.00 | dt: 937ms | tok/sec: 559,549 | mfu: 22.1% | epoch: 1 | remaining: 186s    
step 00133 (38.1%) | loss: 3.634741 | lrm: 1.00 | dt: 937ms | tok/sec: 559,438 | mfu: 22.1% | epoch: 1 | remaining: 185s    
step 00134 (38.4%) | loss: 3.624674 | lrm: 1.00 | dt: 938ms | tok/sec: 559,109 | mfu: 22.1% | epoch: 1 | remaining: 184s    
step 00135 (38.7%) | loss: 3.617860 | lrm: 1.00 | dt: 938ms | tok/sec: 559,176 | mfu: 22.1% | epoch: 1 | remaining: 183s    
step 00136 (39.0%) | loss: 3.609071 | lrm: 1.00 | dt: 938ms | tok/sec: 558,699 | mfu: 22.1% | epoch: 1 | remaining: 182s    
step 00137 (39.3%) | loss: 3.603080 | lrm: 1.00 | dt: 938ms | tok/sec: 559,068 | mfu: 22.1% | epoch: 1 | remaining: 181s    
step 00138 (39.7%) | loss: 3.602511 | lrm: 1.00 | dt: 938ms | tok/sec: 559,172 | mfu: 22.1% | epoch: 1 | remaining: 180s    
step 00139 (40.0%) | loss: 3.592189 | lrm: 1.00 | dt: 937ms | tok/sec: 559,642 | mfu: 22.1% | epoch: 1 | remaining: 179s    
step 00140 (40.3%) | loss: 3.584022 | lrm: 1.00 | dt: 937ms | tok/sec: 559,758 | mfu: 22.1% | epoch: 1 | remaining: 178s    
step 00141 (40.6%) | loss: 3.580553 | lrm: 1.00 | dt: 937ms | tok/sec: 559,480 | mfu: 22.1% | epoch: 1 | remaining: 177s    
step 00142 (40.9%) | loss: 3.576854 | lrm: 1.00 | dt: 938ms | tok/sec: 558,857 | mfu: 22.1% | epoch: 1 | remaining: 176s    
step 00143 (41.2%) | loss: 3.570934 | lrm: 1.00 | dt: 937ms | tok/sec: 559,243 | mfu: 22.1% | epoch: 1 | remaining: 175s    
step 00144 (41.5%) | loss: 3.574061 | lrm: 1.00 | dt: 938ms | tok/sec: 559,013 | mfu: 22.1% | epoch: 1 | remaining: 174s    
step 00145 (41.8%) | loss: 3.569401 | lrm: 1.00 | dt: 937ms | tok/sec: 559,267 | mfu: 22.1% | epoch: 1 | remaining: 174s    
step 00146 (42.2%) | loss: 3.564850 | lrm: 1.00 | dt: 938ms | tok/sec: 559,239 | mfu: 22.1% | epoch: 1 | remaining: 173s    
step 00147 (42.5%) | loss: 3.564950 | lrm: 1.00 | dt: 937ms | tok/sec: 559,723 | mfu: 22.1% | epoch: 1 | remaining: 172s    
step 00148 (42.8%) | loss: 3.558715 | lrm: 1.00 | dt: 936ms | tok/sec: 559,953 | mfu: 22.1% | epoch: 1 | remaining: 171s    
step 00149 (43.1%) | loss: 3.549095 | lrm: 1.00 | dt: 937ms | tok/sec: 559,631 | mfu: 22.1% | epoch: 1 | remaining: 170s    
step 00150 (43.4%) | loss: 3.546816 | lrm: 1.00 | dt: 938ms | tok/sec: 559,125 | mfu: 22.1% | epoch: 1 | remaining: 169s    
step 00151 (43.7%) | loss: 3.545500 | lrm: 1.00 | dt: 937ms | tok/sec: 559,256 | mfu: 22.1% | epoch: 1 | remaining: 168s    
step 00152 (44.0%) | loss: 3.540898 | lrm: 1.00 | dt: 938ms | tok/sec: 558,989 | mfu: 22.1% | epoch: 1 | remaining: 167s    
step 00153 (44.3%) | loss: 3.542436 | lrm: 1.00 | dt: 938ms | tok/sec: 559,229 | mfu: 22.1% | epoch: 1 | remaining: 166s    
step 00154 (44.7%) | loss: 3.541097 | lrm: 1.00 | dt: 937ms | tok/sec: 559,782 | mfu: 22.1% | epoch: 1 | remaining: 165s    
step 00155 (45.0%) | loss: 3.535655 | lrm: 1.00 | dt: 936ms | tok/sec: 559,991 | mfu: 22.1% | epoch: 1 | remaining: 164s    
step 00156 (45.3%) | loss: 3.528982 | lrm: 1.00 | dt: 936ms | tok/sec: 559,849 | mfu: 22.1% | epoch: 1 | remaining: 163s    
step 00157 (45.6%) | loss: 3.522966 | lrm: 1.00 | dt: 937ms | tok/sec: 559,491 | mfu: 22.1% | epoch: 1 | remaining: 162s    
step 00158 (45.9%) | loss: 3.521999 | lrm: 1.00 | dt: 938ms | tok/sec: 559,232 | mfu: 22.1% | epoch: 1 | remaining: 161s    
step 00159 (46.2%) | loss: 3.515771 | lrm: 1.00 | dt: 937ms | tok/sec: 559,266 | mfu: 22.1% | epoch: 1 | remaining: 160s    
step 00160 (46.5%) | loss: 3.513940 | lrm: 1.00 | dt: 938ms | tok/sec: 558,981 | mfu: 22.1% | epoch: 1 | remaining: 159s    
step 00161 (46.8%) | loss: 3.510799 | lrm: 1.00 | dt: 936ms | tok/sec: 559,922 | mfu: 22.1% | epoch: 1 | remaining: 159s    
step 00162 (47.2%) | loss: 3.511495 | lrm: 1.00 | dt: 936ms | tok/sec: 559,966 | mfu: 22.1% | epoch: 1 | remaining: 158s    
step 00163 (47.5%) | loss: 3.505635 | lrm: 1.00 | dt: 937ms | tok/sec: 559,702 | mfu: 22.1% | epoch: 1 | remaining: 157s    
step 00164 (47.8%) | loss: 3.505440 | lrm: 1.00 | dt: 937ms | tok/sec: 559,523 | mfu: 22.1% | epoch: 1 | remaining: 156s    
step 00165 (48.1%) | loss: 3.503503 | lrm: 1.00 | dt: 937ms | tok/sec: 559,330 | mfu: 22.1% | epoch: 1 | remaining: 155s    
step 00166 (48.4%) | loss: 3.499579 | lrm: 1.00 | dt: 937ms | tok/sec: 559,601 | mfu: 22.1% | epoch: 1 | remaining: 154s    
step 00167 (48.7%) | loss: 3.496576 | lrm: 1.00 | dt: 936ms | tok/sec: 559,983 | mfu: 22.1% | epoch: 1 | remaining: 153s    
step 00168 (49.0%) | loss: 3.495070 | lrm: 1.00 | dt: 936ms | tok/sec: 560,065 | mfu: 22.1% | epoch: 1 | remaining: 152s    
step 00169 (49.3%) | loss: 3.490071 | lrm: 1.00 | dt: 937ms | tok/sec: 559,780 | mfu: 22.1% | epoch: 1 | remaining: 151s    
step 00170 (49.7%) | loss: 3.483042 | lrm: 1.00 | dt: 937ms | tok/sec: 559,415 | mfu: 22.1% | epoch: 1 | remaining: 150s    
step 00171 (50.0%) | loss: 3.482024 | lrm: 1.00 | dt: 937ms | tok/sec: 559,314 | mfu: 22.1% | epoch: 1 | remaining: 149s    
step 00172 (50.3%) | loss: 3.480997 | lrm: 0.99 | dt: 937ms | tok/sec: 559,542 | mfu: 22.1% | epoch: 1 | remaining: 148s    
step 00173 (50.6%) | loss: 3.477724 | lrm: 0.99 | dt: 936ms | tok/sec: 559,956 | mfu: 22.1% | epoch: 1 | remaining: 147s    
step 00174 (50.9%) | loss: 3.476599 | lrm: 0.98 | dt: 936ms | tok/sec: 560,140 | mfu: 22.1% | epoch: 1 | remaining: 146s    
step 00175 (51.2%) | loss: 3.472363 | lrm: 0.98 | dt: 936ms | tok/sec: 559,855 | mfu: 22.1% | epoch: 1 | remaining: 145s    
step 00176 (51.5%) | loss: 3.470092 | lrm: 0.97 | dt: 937ms | tok/sec: 559,422 | mfu: 22.1% | epoch: 1 | remaining: 144s    
step 00177 (51.8%) | loss: 3.467995 | lrm: 0.96 | dt: 938ms | tok/sec: 559,203 | mfu: 22.1% | epoch: 1 | remaining: 144s    
step 00178 (52.2%) | loss: 3.467638 | lrm: 0.96 | dt: 938ms | tok/sec: 559,193 | mfu: 22.1% | epoch: 1 | remaining: 143s    
step 00179 (52.5%) | loss: 3.463726 | lrm: 0.95 | dt: 937ms | tok/sec: 559,301 | mfu: 22.1% | epoch: 1 | remaining: 142s    
step 00180 (52.8%) | loss: 3.460727 | lrm: 0.94 | dt: 937ms | tok/sec: 559,627 | mfu: 22.1% | epoch: 1 | remaining: 141s    
step 00181 (53.1%) | loss: 3.455208 | lrm: 0.94 | dt: 936ms | tok/sec: 559,946 | mfu: 22.1% | epoch: 1 | remaining: 140s    
step 00182 (53.4%) | loss: 3.446659 | lrm: 0.93 | dt: 936ms | tok/sec: 559,885 | mfu: 22.1% | epoch: 1 | remaining: 139s    
step 00183 (53.7%) | loss: 3.438958 | lrm: 0.93 | dt: 937ms | tok/sec: 559,402 | mfu: 22.1% | epoch: 1 | remaining: 138s    
step 00184 (54.0%) | loss: 3.437248 | lrm: 0.92 | dt: 938ms | tok/sec: 558,982 | mfu: 22.1% | epoch: 1 | remaining: 137s    
step 00185 (54.3%) | loss: 3.432232 | lrm: 0.91 | dt: 938ms | tok/sec: 559,092 | mfu: 22.1% | epoch: 1 | remaining: 136s    
step 00186 (54.7%) | loss: 3.426035 | lrm: 0.91 | dt: 938ms | tok/sec: 559,240 | mfu: 22.1% | epoch: 1 | remaining: 135s    
step 00187 (55.0%) | loss: 3.422475 | lrm: 0.90 | dt: 937ms | tok/sec: 559,820 | mfu: 22.1% | epoch: 1 | remaining: 134s    
step 00188 (55.3%) | loss: 3.420895 | lrm: 0.89 | dt: 936ms | tok/sec: 559,840 | mfu: 22.1% | epoch: 1 | remaining: 133s    
step 00189 (55.6%) | loss: 3.417587 | lrm: 0.89 | dt: 936ms | tok/sec: 559,903 | mfu: 22.1% | epoch: 1 | remaining: 132s    
step 00190 (55.9%) | loss: 3.416320 | lrm: 0.88 | dt: 937ms | tok/sec: 559,423 | mfu: 22.1% | epoch: 1 | remaining: 131s    
step 00191 (56.2%) | loss: 3.415748 | lrm: 0.88 | dt: 937ms | tok/sec: 559,251 | mfu: 22.1% | epoch: 1 | remaining: 130s    
step 00192 (56.5%) | loss: 3.409398 | lrm: 0.87 | dt: 937ms | tok/sec: 559,768 | mfu: 22.1% | epoch: 1 | remaining: 129s    
step 00193 (56.8%) | loss: 3.404172 | lrm: 0.86 | dt: 936ms | tok/sec: 559,842 | mfu: 22.1% | epoch: 1 | remaining: 129s    
step 00194 (57.2%) | loss: 3.403644 | lrm: 0.86 | dt: 936ms | tok/sec: 559,950 | mfu: 22.1% | epoch: 1 | remaining: 128s    
step 00195 (57.5%) | loss: 3.399238 | lrm: 0.85 | dt: 936ms | tok/sec: 559,964 | mfu: 22.1% | epoch: 1 | remaining: 127s    
step 00196 (57.8%) | loss: 3.397301 | lrm: 0.84 | dt: 937ms | tok/sec: 559,356 | mfu: 22.1% | epoch: 1 | remaining: 126s    
step 00197 (58.1%) | loss: 3.397353 | lrm: 0.84 | dt: 937ms | tok/sec: 559,466 | mfu: 22.1% | epoch: 1 | remaining: 125s    
step 00198 (58.4%) | loss: 3.391364 | lrm: 0.83 | dt: 937ms | tok/sec: 559,261 | mfu: 22.1% | epoch: 1 | remaining: 124s    
step 00199 (58.7%) | loss: 3.386291 | lrm: 0.83 | dt: 937ms | tok/sec: 559,514 | mfu: 22.1% | epoch: 1 | remaining: 123s    
step 00200 (59.0%) | loss: 3.385827 | lrm: 0.82 | dt: 936ms | tok/sec: 560,136 | mfu: 22.1% | epoch: 1 | remaining: 122s    
step 00201 (59.3%) | loss: 3.383551 | lrm: 0.81 | dt: 936ms | tok/sec: 559,948 | mfu: 22.1% | epoch: 1 | remaining: 121s    
step 00202 (59.6%) | loss: 3.379742 | lrm: 0.81 | dt: 937ms | tok/sec: 559,769 | mfu: 22.1% | epoch: 1 | remaining: 120s    
step 00203 (60.0%) | loss: 3.376398 | lrm: 0.80 | dt: 937ms | tok/sec: 559,626 | mfu: 22.1% | epoch: 1 | remaining: 119s    
step 00204 (60.3%) | loss: 3.372910 | lrm: 0.79 | dt: 938ms | tok/sec: 559,227 | mfu: 22.1% | epoch: 1 | remaining: 118s    
step 00205 (60.6%) | loss: 3.371498 | lrm: 0.79 | dt: 937ms | tok/sec: 559,542 | mfu: 22.1% | epoch: 1 | remaining: 117s    
step 00206 (60.9%) | loss: 3.367420 | lrm: 0.78 | dt: 936ms | tok/sec: 559,900 | mfu: 22.1% | epoch: 1 | remaining: 116s    
step 00207 (61.2%) | loss: 3.363987 | lrm: 0.78 | dt: 936ms | tok/sec: 560,103 | mfu: 22.1% | epoch: 1 | remaining: 115s    
step 00208 (61.5%) | loss: 3.361068 | lrm: 0.77 | dt: 936ms | tok/sec: 559,879 | mfu: 22.1% | epoch: 1 | remaining: 114s    
step 00209 (61.8%) | loss: 3.359447 | lrm: 0.76 | dt: 937ms | tok/sec: 559,574 | mfu: 22.1% | epoch: 1 | remaining: 114s    
step 00210 (62.1%) | loss: 3.355578 | lrm: 0.76 | dt: 937ms | tok/sec: 559,538 | mfu: 22.1% | epoch: 1 | remaining: 113s    
step 00211 (62.5%) | loss: 3.355513 | lrm: 0.75 | dt: 936ms | tok/sec: 559,990 | mfu: 22.1% | epoch: 1 | remaining: 112s    
step 00212 (62.8%) | loss: 3.352258 | lrm: 0.74 | dt: 936ms | tok/sec: 560,055 | mfu: 22.1% | epoch: 1 | remaining: 111s    
step 00213 (63.1%) | loss: 3.345000 | lrm: 0.74 | dt: 936ms | tok/sec: 560,058 | mfu: 22.1% | epoch: 1 | remaining: 110s    
step 00214 (63.4%) | loss: 3.345033 | lrm: 0.73 | dt: 937ms | tok/sec: 559,786 | mfu: 22.1% | epoch: 1 | remaining: 109s    
step 00215 (63.7%) | loss: 3.337940 | lrm: 0.73 | dt: 937ms | tok/sec: 559,672 | mfu: 22.1% | epoch: 1 | remaining: 108s    
step 00216 (64.0%) | loss: 3.339050 | lrm: 0.72 | dt: 937ms | tok/sec: 559,772 | mfu: 22.1% | epoch: 1 | remaining: 107s    
step 00217 (64.3%) | loss: 3.335242 | lrm: 0.71 | dt: 936ms | tok/sec: 560,079 | mfu: 22.1% | epoch: 1 | remaining: 106s    
step 00218 (64.6%) | loss: 3.333452 | lrm: 0.71 | dt: 936ms | tok/sec: 559,973 | mfu: 22.1% | epoch: 1 | remaining: 105s    
step 00219 (65.0%) | loss: 3.330776 | lrm: 0.70 | dt: 936ms | tok/sec: 560,118 | mfu: 22.1% | epoch: 1 | remaining: 104s    
step 00220 (65.3%) | loss: 3.329920 | lrm: 0.69 | dt: 937ms | tok/sec: 559,679 | mfu: 22.1% | epoch: 1 | remaining: 103s    
step 00221 (65.6%) | loss: 3.317736 | lrm: 0.69 | dt: 937ms | tok/sec: 559,556 | mfu: 22.1% | epoch: 1 | remaining: 102s    
step 00222 (65.9%) | loss: 3.313800 | lrm: 0.68 | dt: 936ms | tok/sec: 560,107 | mfu: 22.1% | epoch: 1 | remaining: 101s    
step 00223 (66.2%) | loss: 3.311322 | lrm: 0.68 | dt: 936ms | tok/sec: 560,053 | mfu: 22.1% | epoch: 1 | remaining: 100s    
step 00224 (66.5%) | loss: 3.310651 | lrm: 0.67 | dt: 936ms | tok/sec: 560,233 | mfu: 22.2% | epoch: 1 | remaining: 100s    
step 00225 (66.8%) | loss: 3.312846 | lrm: 0.66 | dt: 936ms | tok/sec: 560,028 | mfu: 22.1% | epoch: 1 | remaining: 99s    
step 00226 (67.1%) | loss: 3.308749 | lrm: 0.66 | dt: 937ms | tok/sec: 559,792 | mfu: 22.1% | epoch: 1 | remaining: 98s    
step 00227 (67.5%) | loss: 3.310424 | lrm: 0.65 | dt: 937ms | tok/sec: 559,831 | mfu: 22.1% | epoch: 1 | remaining: 97s    
step 00228 (67.8%) | loss: 3.309089 | lrm: 0.64 | dt: 936ms | tok/sec: 559,903 | mfu: 22.1% | epoch: 1 | remaining: 96s    
step 00229 (68.1%) | loss: 3.307873 | lrm: 0.64 | dt: 936ms | tok/sec: 560,213 | mfu: 22.2% | epoch: 1 | remaining: 95s    
step 00230 (68.4%) | loss: 3.308620 | lrm: 0.63 | dt: 936ms | tok/sec: 560,004 | mfu: 22.1% | epoch: 1 | remaining: 94s    
step 00231 (68.7%) | loss: 3.302076 | lrm: 0.63 | dt: 937ms | tok/sec: 559,760 | mfu: 22.1% | epoch: 1 | remaining: 93s    
step 00232 (69.0%) | loss: 3.298963 | lrm: 0.62 | dt: 937ms | tok/sec: 559,536 | mfu: 22.1% | epoch: 1 | remaining: 92s    
step 00233 (69.3%) | loss: 3.301565 | lrm: 0.61 | dt: 936ms | tok/sec: 559,841 | mfu: 22.1% | epoch: 1 | remaining: 91s    
step 00234 (69.6%) | loss: 3.299564 | lrm: 0.61 | dt: 936ms | tok/sec: 560,186 | mfu: 22.2% | epoch: 1 | remaining: 90s    
step 00235 (69.9%) | loss: 3.295318 | lrm: 0.60 | dt: 936ms | tok/sec: 560,226 | mfu: 22.2% | epoch: 1 | remaining: 89s    
step 00236 (70.3%) | loss: 3.298356 | lrm: 0.59 | dt: 936ms | tok/sec: 560,019 | mfu: 22.1% | epoch: 1 | remaining: 88s    
step 00237 (70.6%) | loss: 3.297230 | lrm: 0.59 | dt: 936ms | tok/sec: 559,895 | mfu: 22.1% | epoch: 1 | remaining: 87s    
step 00238 (70.9%) | loss: 3.297767 | lrm: 0.58 | dt: 937ms | tok/sec: 559,755 | mfu: 22.1% | epoch: 1 | remaining: 86s    
step 00239 (71.2%) | loss: 3.290463 | lrm: 0.58 | dt: 937ms | tok/sec: 559,669 | mfu: 22.1% | epoch: 1 | remaining: 85s    
step 00240 (71.5%) | loss: 3.280364 | lrm: 0.57 | dt: 936ms | tok/sec: 560,303 | mfu: 22.2% | epoch: 1 | remaining: 85s    
step 00241 (71.8%) | loss: 3.275600 | lrm: 0.56 | dt: 936ms | tok/sec: 560,270 | mfu: 22.2% | epoch: 1 | remaining: 84s    
step 00242 (72.1%) | loss: 3.276148 | lrm: 0.56 | dt: 936ms | tok/sec: 559,838 | mfu: 22.1% | epoch: 1 | remaining: 83s    
step 00243 (72.4%) | loss: 3.277135 | lrm: 0.55 | dt: 937ms | tok/sec: 559,661 | mfu: 22.1% | epoch: 1 | remaining: 82s    
step 00244 (72.8%) | loss: 3.276778 | lrm: 0.54 | dt: 936ms | tok/sec: 560,278 | mfu: 22.2% | epoch: 1 | remaining: 81s    
step 00245 (73.1%) | loss: 3.270676 | lrm: 0.54 | dt: 935ms | tok/sec: 560,514 | mfu: 22.2% | epoch: 1 | remaining: 80s    
step 00246 (73.4%) | loss: 3.271720 | lrm: 0.53 | dt: 936ms | tok/sec: 560,290 | mfu: 22.2% | epoch: 1 | remaining: 79s    
step 00247 (73.7%) | loss: 3.267189 | lrm: 0.53 | dt: 936ms | tok/sec: 559,897 | mfu: 22.1% | epoch: 1 | remaining: 78s    
step 00248 (74.0%) | loss: 3.266870 | lrm: 0.52 | dt: 937ms | tok/sec: 559,716 | mfu: 22.1% | epoch: 1 | remaining: 77s    
step 00249 (74.3%) | loss: 3.258310 | lrm: 0.51 | dt: 936ms | tok/sec: 560,006 | mfu: 22.1% | epoch: 1 | remaining: 76s    
step 00250 (74.6%) | loss: 3.254300 | lrm: 0.51 | dt: 936ms | tok/sec: 560,269 | mfu: 22.2% | epoch: 1 | remaining: 75s    
step 00251 (74.9%) | loss: 3.251404 | lrm: 0.50 | dt: 936ms | tok/sec: 560,359 | mfu: 22.2% | epoch: 1 | remaining: 74s    
step 00252 (75.3%) | loss: 3.248637 | lrm: 0.49 | dt: 936ms | tok/sec: 560,155 | mfu: 22.1% | epoch: 1 | remaining: 73s    
step 00253 (75.6%) | loss: 3.238039 | lrm: 0.49 | dt: 937ms | tok/sec: 559,799 | mfu: 22.1% | epoch: 1 | remaining: 72s    
step 00254 (75.9%) | loss: 3.233681 | lrm: 0.48 | dt: 936ms | tok/sec: 560,101 | mfu: 22.1% | epoch: 1 | remaining: 71s    
step 00255 (76.2%) | loss: 3.232287 | lrm: 0.48 | dt: 936ms | tok/sec: 560,261 | mfu: 22.2% | epoch: 1 | remaining: 70s    
step 00256 (76.5%) | loss: 3.227426 | lrm: 0.47 | dt: 936ms | tok/sec: 560,336 | mfu: 22.2% | epoch: 1 | remaining: 70s    
step 00257 (76.8%) | loss: 3.226268 | lrm: 0.46 | dt: 936ms | tok/sec: 560,283 | mfu: 22.2% | epoch: 1 | remaining: 69s    
step 00258 (77.1%) | loss: 3.227241 | lrm: 0.46 | dt: 936ms | tok/sec: 559,879 | mfu: 22.1% | epoch: 1 | remaining: 68s    
step 00259 (77.4%) | loss: 3.227334 | lrm: 0.45 | dt: 936ms | tok/sec: 560,103 | mfu: 22.1% | epoch: 1 | remaining: 67s    
step 00260 (77.8%) | loss: 3.225353 | lrm: 0.44 | dt: 935ms | tok/sec: 560,468 | mfu: 22.2% | epoch: 1 | remaining: 66s    
step 00261 (78.1%) | loss: 3.226566 | lrm: 0.44 | dt: 936ms | tok/sec: 560,313 | mfu: 22.2% | epoch: 1 | remaining: 65s    
step 00262 (78.4%) | loss: 3.221993 | lrm: 0.43 | dt: 936ms | tok/sec: 560,205 | mfu: 22.2% | epoch: 1 | remaining: 64s    
step 00263 (78.7%) | loss: 3.218269 | lrm: 0.43 | dt: 937ms | tok/sec: 559,812 | mfu: 22.1% | epoch: 1 | remaining: 63s    
step 00264 (79.0%) | loss: 3.215128 | lrm: 0.42 | dt: 936ms | tok/sec: 559,922 | mfu: 22.1% | epoch: 1 | remaining: 62s    
step 00265 (79.3%) | loss: 3.214537 | lrm: 0.41 | dt: 936ms | tok/sec: 560,338 | mfu: 22.2% | epoch: 1 | remaining: 61s    
step 00266 (79.6%) | loss: 3.211060 | lrm: 0.41 | dt: 936ms | tok/sec: 560,392 | mfu: 22.2% | epoch: 1 | remaining: 60s    
step 00267 (79.9%) | loss: 3.205300 | lrm: 0.40 | dt: 937ms | tok/sec: 559,810 | mfu: 22.1% | epoch: 1 | remaining: 59s    
step 00268 (80.2%) | loss: 3.206365 | lrm: 0.40 | dt: 936ms | tok/sec: 559,841 | mfu: 22.1% | epoch: 1 | remaining: 58s    
step 00269 (80.6%) | loss: 3.205894 | lrm: 0.39 | dt: 937ms | tok/sec: 559,609 | mfu: 22.1% | epoch: 1 | remaining: 57s    
step 00270 (80.9%) | loss: 3.201314 | lrm: 0.38 | dt: 936ms | tok/sec: 560,152 | mfu: 22.1% | epoch: 1 | remaining: 56s    
step 00271 (81.2%) | loss: 3.202169 | lrm: 0.38 | dt: 936ms | tok/sec: 560,039 | mfu: 22.1% | epoch: 1 | remaining: 56s    
step 00272 (81.5%) | loss: 3.200832 | lrm: 0.37 | dt: 936ms | tok/sec: 560,311 | mfu: 22.2% | epoch: 1 | remaining: 55s    
step 00273 (81.8%) | loss: 3.199085 | lrm: 0.36 | dt: 936ms | tok/sec: 560,040 | mfu: 22.1% | epoch: 1 | remaining: 54s    
step 00274 (82.1%) | loss: 3.199003 | lrm: 0.36 | dt: 937ms | tok/sec: 559,833 | mfu: 22.1% | epoch: 1 | remaining: 53s    
step 00275 (82.4%) | loss: 3.196382 | lrm: 0.35 | dt: 936ms | tok/sec: 559,883 | mfu: 22.1% | epoch: 1 | remaining: 52s    
step 00276 (82.7%) | loss: 3.193264 | lrm: 0.35 | dt: 935ms | tok/sec: 560,454 | mfu: 22.2% | epoch: 1 | remaining: 51s    
step 00277 (83.1%) | loss: 3.194461 | lrm: 0.34 | dt: 936ms | tok/sec: 559,935 | mfu: 22.1% | epoch: 1 | remaining: 50s    
step 00278 (83.4%) | loss: 3.193378 | lrm: 0.33 | dt: 937ms | tok/sec: 559,737 | mfu: 22.1% | epoch: 1 | remaining: 49s    
step 00279 (83.7%) | loss: 3.190527 | lrm: 0.33 | dt: 937ms | tok/sec: 559,794 | mfu: 22.1% | epoch: 1 | remaining: 48s    
step 00280 (84.0%) | loss: 3.190742 | lrm: 0.32 | dt: 936ms | tok/sec: 559,979 | mfu: 22.1% | epoch: 1 | remaining: 47s    
step 00281 (84.3%) | loss: 3.193130 | lrm: 0.31 | dt: 936ms | tok/sec: 560,230 | mfu: 22.2% | epoch: 1 | remaining: 46s    
step 00282 (84.6%) | loss: 3.189594 | lrm: 0.31 | dt: 935ms | tok/sec: 560,568 | mfu: 22.2% | epoch: 1 | remaining: 45s    
step 00283 (84.9%) | loss: 3.189036 | lrm: 0.30 | dt: 936ms | tok/sec: 560,163 | mfu: 22.1% | epoch: 1 | remaining: 44s    
step 00284 (85.2%) | loss: 3.186345 | lrm: 0.30 | dt: 936ms | tok/sec: 559,876 | mfu: 22.1% | epoch: 1 | remaining: 43s    
step 00285 (85.6%) | loss: 3.186850 | lrm: 0.29 | dt: 936ms | tok/sec: 560,318 | mfu: 22.2% | epoch: 1 | remaining: 42s    
step 00286 (85.9%) | loss: 3.181644 | lrm: 0.28 | dt: 935ms | tok/sec: 560,477 | mfu: 22.2% | epoch: 1 | remaining: 41s    
step 00287 (86.2%) | loss: 3.179445 | lrm: 0.28 | dt: 936ms | tok/sec: 560,139 | mfu: 22.1% | epoch: 1 | remaining: 41s    
step 00288 (86.5%) | loss: 3.181520 | lrm: 0.27 | dt: 936ms | tok/sec: 560,050 | mfu: 22.1% | epoch: 1 | remaining: 40s    
step 00289 (86.8%) | loss: 3.177875 | lrm: 0.26 | dt: 936ms | tok/sec: 560,025 | mfu: 22.1% | epoch: 1 | remaining: 39s    
step 00290 (87.1%) | loss: 3.179976 | lrm: 0.26 | dt: 936ms | tok/sec: 560,278 | mfu: 22.2% | epoch: 1 | remaining: 38s    
step 00291 (87.4%) | loss: 3.170686 | lrm: 0.25 | dt: 935ms | tok/sec: 560,621 | mfu: 22.2% | epoch: 1 | remaining: 37s    
step 00292 (87.7%) | loss: 3.163478 | lrm: 0.25 | dt: 936ms | tok/sec: 560,424 | mfu: 22.2% | epoch: 1 | remaining: 36s    
step 00293 (88.0%) | loss: 3.162979 | lrm: 0.24 | dt: 936ms | tok/sec: 560,059 | mfu: 22.1% | epoch: 1 | remaining: 35s    
step 00294 (88.4%) | loss: 3.162449 | lrm: 0.23 | dt: 936ms | tok/sec: 560,021 | mfu: 22.1% | epoch: 1 | remaining: 34s    
step 00295 (88.7%) | loss: 3.162050 | lrm: 0.23 | dt: 936ms | tok/sec: 560,075 | mfu: 22.1% | epoch: 1 | remaining: 33s    
step 00296 (89.0%) | loss: 3.155831 | lrm: 0.22 | dt: 935ms | tok/sec: 560,615 | mfu: 22.2% | epoch: 1 | remaining: 32s    
step 00297 (89.3%) | loss: 3.156118 | lrm: 0.21 | dt: 936ms | tok/sec: 560,303 | mfu: 22.2% | epoch: 1 | remaining: 31s    
step 00298 (89.6%) | loss: 3.153115 | lrm: 0.21 | dt: 936ms | tok/sec: 559,928 | mfu: 22.1% | epoch: 1 | remaining: 30s    
step 00299 (89.9%) | loss: 3.152801 | lrm: 0.20 | dt: 937ms | tok/sec: 559,655 | mfu: 22.1% | epoch: 1 | remaining: 29s    
step 00300 (90.2%) | loss: 3.149981 | lrm: 0.20 | dt: 936ms | tok/sec: 559,903 | mfu: 22.1% | epoch: 1 | remaining: 28s    
step 00301 (90.5%) | loss: 3.146378 | lrm: 0.19 | dt: 935ms | tok/sec: 560,555 | mfu: 22.2% | epoch: 1 | remaining: 27s    
step 00302 (90.9%) | loss: 3.147221 | lrm: 0.18 | dt: 936ms | tok/sec: 560,134 | mfu: 22.1% | epoch: 1 | remaining: 27s    
step 00303 (91.2%) | loss: 3.145464 | lrm: 0.18 | dt: 936ms | tok/sec: 560,121 | mfu: 22.1% | epoch: 1 | remaining: 26s    
step 00304 (91.5%) | loss: 3.144529 | lrm: 0.17 | dt: 936ms | tok/sec: 559,909 | mfu: 22.1% | epoch: 1 | remaining: 25s    
step 00305 (91.8%) | loss: 3.141131 | lrm: 0.16 | dt: 936ms | tok/sec: 560,280 | mfu: 22.2% | epoch: 1 | remaining: 24s    
step 00306 (92.1%) | loss: 3.136666 | lrm: 0.16 | dt: 935ms | tok/sec: 560,739 | mfu: 22.2% | epoch: 1 | remaining: 23s    
step 00307 (92.4%) | loss: 3.132995 | lrm: 0.15 | dt: 936ms | tok/sec: 560,299 | mfu: 22.2% | epoch: 1 | remaining: 22s    
step 00308 (92.7%) | loss: 3.126726 | lrm: 0.15 | dt: 936ms | tok/sec: 559,882 | mfu: 22.1% | epoch: 1 | remaining: 21s    
step 00309 (93.0%) | loss: 3.122047 | lrm: 0.14 | dt: 936ms | tok/sec: 560,105 | mfu: 22.1% | epoch: 1 | remaining: 20s    
step 00310 (93.4%) | loss: 3.117571 | lrm: 0.13 | dt: 936ms | tok/sec: 559,981 | mfu: 22.1% | epoch: 1 | remaining: 19s    
step 00311 (93.7%) | loss: 3.117267 | lrm: 0.13 | dt: 935ms | tok/sec: 560,692 | mfu: 22.2% | epoch: 1 | remaining: 18s    
step 00312 (94.0%) | loss: 3.118214 | lrm: 0.12 | dt: 936ms | tok/sec: 560,319 | mfu: 22.2% | epoch: 1 | remaining: 17s    
step 00313 (94.3%) | loss: 3.111321 | lrm: 0.11 | dt: 937ms | tok/sec: 559,796 | mfu: 22.1% | epoch: 1 | remaining: 16s    
step 00314 (94.6%) | loss: 3.110931 | lrm: 0.11 | dt: 937ms | tok/sec: 559,737 | mfu: 22.1% | epoch: 1 | remaining: 15s    
step 00315 (94.9%) | loss: 3.116667 | lrm: 0.10 | dt: 936ms | tok/sec: 560,009 | mfu: 22.1% | epoch: 1 | remaining: 14s    
step 00316 (95.2%) | loss: 3.114653 | lrm: 0.10 | dt: 935ms | tok/sec: 560,568 | mfu: 22.2% | epoch: 1 | remaining: 13s    
step 00317 (95.5%) | loss: 3.116162 | lrm: 0.09 | dt: 936ms | tok/sec: 560,318 | mfu: 22.2% | epoch: 1 | remaining: 12s    
step 00318 (95.8%) | loss: 3.117286 | lrm: 0.08 | dt: 936ms | tok/sec: 559,903 | mfu: 22.1% | epoch: 1 | remaining: 12s    
step 00319 (96.2%) | loss: 3.113879 | lrm: 0.08 | dt: 936ms | tok/sec: 560,025 | mfu: 22.1% | epoch: 1 | remaining: 11s    
step 00320 (96.5%) | loss: 3.114384 | lrm: 0.07 | dt: 936ms | tok/sec: 560,169 | mfu: 22.1% | epoch: 1 | remaining: 10s    
step 00321 (96.8%) | loss: 3.110806 | lrm: 0.06 | dt: 935ms | tok/sec: 560,626 | mfu: 22.2% | epoch: 1 | remaining: 9s    
step 00322 (97.1%) | loss: 3.111888 | lrm: 0.06 | dt: 936ms | tok/sec: 560,149 | mfu: 22.1% | epoch: 1 | remaining: 8s    
step 00323 (97.4%) | loss: 3.108527 | lrm: 0.05 | dt: 936ms | tok/sec: 559,873 | mfu: 22.1% | epoch: 1 | remaining: 7s    
step 00324 (97.7%) | loss: 3.103887 | lrm: 0.05 | dt: 936ms | tok/sec: 560,086 | mfu: 22.1% | epoch: 1 | remaining: 6s    
step 00325 (98.0%) | loss: 3.099008 | lrm: 0.04 | dt: 936ms | tok/sec: 559,959 | mfu: 22.1% | epoch: 1 | remaining: 5s    
step 00326 (98.3%) | loss: 3.101204 | lrm: 0.03 | dt: 935ms | tok/sec: 560,603 | mfu: 22.2% | epoch: 1 | remaining: 4s    
step 00327 (98.7%) | loss: 3.096984 | lrm: 0.03 | dt: 936ms | tok/sec: 560,095 | mfu: 22.1% | epoch: 1 | remaining: 3s    
step 00328 (99.0%) | loss: 3.097170 | lrm: 0.02 | dt: 936ms | tok/sec: 559,989 | mfu: 22.1% | epoch: 1 | remaining: 2s    
step 00329 (99.3%) | loss: 3.099707 | lrm: 0.01 | dt: 937ms | tok/sec: 559,799 | mfu: 22.1% | epoch: 1 | remaining: 1s    
step 00330 (99.6%) | loss: 3.099695 | lrm: 0.01 | dt: 936ms | tok/sec: 560,347 | mfu: 22.2% | epoch: 1 | remaining: 0s    
step 00331 (99.9%) | loss: 3.103084 | lrm: 0.00 | dt: 935ms | tok/sec: 560,578 | mfu: 22.2% | epoch: 1 | remaining: 0s    $RLTLDR_ROOT/runner_ws/.venv/lib/python3.10/site-packages/torch/nn/attention/flex_attention.py:1687: UserWarning: flex_attention called without torch.compile() - this will use an unfused implementation that materializes the full scores matrix instead of generating a fused kernel.

SOLUTION: Use torch.compile(flex_attention)(...)

If you want to debug your score_mod/mask_mod, you can set:
torch.nn.attention.flex_attention._FLEX_ATTENTION_DISABLE_COMPILE_DEBUG = True

This will allow you to use print statements or breakpoints. Note: This doesn't work with the backwards pass and may produce incorrect results.
  _warn_once(

---
val_bpb:          1.105616
training_seconds: 300.6
total_seconds:    351.4
peak_vram_mb:     61869.5
mfu_percent:      22.20
total_tokens_M:   174.1
num_steps:        332
num_params_M:     80.9
depth:            9
