Vocab size: 8,192
Model config: {'sequence_len': 2048, 'vocab_size': 8192, 'n_layer': 8, 'n_head': 3, 'n_kv_head': 3, 'n_embd': 384, 'window_pattern': 'SSSL'}
Parameter counts:
  wte                     : 3,145,728
  value_embeds            : 12,582,912
  lm_head                 : 3,145,728
  transformer_matrices    : 14,156,160
  scalars                 : 16
  total                   : 33,030,544
Estimated FLOPs per token: 1.509972e+08
Scaling AdamW LRs by 1/sqrt(384/768) = 1.414214
Time budget: 300s
Gradient accumulation steps: 2

step 00000 (0.0%) | loss: 9.011206 | lrm: 1.00 | dt: 15046ms | tok/sec: 34,845 | mfu: 0.5% | epoch: 1 | remaining: 300s    
step 00001 (0.0%) | loss: 9.154929 | lrm: 1.00 | dt: 461ms | tok/sec: 1,136,469 | mfu: 17.3% | epoch: 1 | remaining: 300s    
step 00002 (0.0%) | loss: 8.970380 | lrm: 1.00 | dt: 456ms | tok/sec: 1,148,982 | mfu: 17.5% | epoch: 1 | remaining: 300s    
step 00003 (0.0%) | loss: 8.591554 | lrm: 1.00 | dt: 454ms | tok/sec: 1,155,622 | mfu: 17.6% | epoch: 1 | remaining: 300s    
step 00004 (0.0%) | loss: 8.182764 | lrm: 1.00 | dt: 451ms | tok/sec: 1,163,512 | mfu: 17.8% | epoch: 1 | remaining: 300s    
step 00005 (0.0%) | loss: 7.820557 | lrm: 1.00 | dt: 451ms | tok/sec: 1,163,142 | mfu: 17.7% | epoch: 1 | remaining: 300s    
step 00006 (0.0%) | loss: 7.519568 | lrm: 1.00 | dt: 449ms | tok/sec: 1,168,834 | mfu: 17.8% | epoch: 1 | remaining: 300s    
step 00007 (0.0%) | loss: 7.272469 | lrm: 1.00 | dt: 448ms | tok/sec: 1,170,573 | mfu: 17.9% | epoch: 1 | remaining: 300s    
step 00008 (0.0%) | loss: 7.064811 | lrm: 1.00 | dt: 448ms | tok/sec: 1,170,368 | mfu: 17.9% | epoch: 1 | remaining: 300s    
step 00009 (0.0%) | loss: 6.882796 | lrm: 1.00 | dt: 448ms | tok/sec: 1,169,466 | mfu: 17.8% | epoch: 1 | remaining: 300s    
step 00010 (0.0%) | loss: 6.726847 | lrm: 1.00 | dt: 448ms | tok/sec: 1,170,243 | mfu: 17.9% | epoch: 1 | remaining: 300s    
step 00011 (0.0%) | loss: 6.591167 | lrm: 1.00 | dt: 448ms | tok/sec: 1,170,619 | mfu: 17.9% | epoch: 1 | remaining: 300s    
step 00012 (0.1%) | loss: 6.471691 | lrm: 1.00 | dt: 448ms | tok/sec: 1,170,738 | mfu: 17.9% | epoch: 1 | remaining: 299s    
step 00013 (0.3%) | loss: 6.369204 | lrm: 1.00 | dt: 448ms | tok/sec: 1,170,315 | mfu: 17.9% | epoch: 1 | remaining: 299s    
step 00014 (0.4%) | loss: 6.272280 | lrm: 1.00 | dt: 448ms | tok/sec: 1,170,339 | mfu: 17.9% | epoch: 1 | remaining: 298s    
step 00015 (0.6%) | loss: 6.189131 | lrm: 1.00 | dt: 448ms | tok/sec: 1,170,323 | mfu: 17.9% | epoch: 1 | remaining: 298s    
step 00016 (0.7%) | loss: 6.113495 | lrm: 1.00 | dt: 448ms | tok/sec: 1,170,315 | mfu: 17.9% | epoch: 1 | remaining: 297s    
step 00017 (0.9%) | loss: 6.044857 | lrm: 1.00 | dt: 448ms | tok/sec: 1,170,142 | mfu: 17.9% | epoch: 1 | remaining: 297s    
step 00018 (1.0%) | loss: 5.983204 | lrm: 1.00 | dt: 448ms | tok/sec: 1,170,422 | mfu: 17.9% | epoch: 1 | remaining: 296s    
step 00019 (1.2%) | loss: 5.929845 | lrm: 1.00 | dt: 448ms | tok/sec: 1,170,096 | mfu: 17.9% | epoch: 1 | remaining: 296s    
step 00020 (1.3%) | loss: 5.880820 | lrm: 1.00 | dt: 448ms | tok/sec: 1,170,244 | mfu: 17.9% | epoch: 1 | remaining: 296s    
step 00021 (1.5%) | loss: 5.834160 | lrm: 1.00 | dt: 448ms | tok/sec: 1,170,179 | mfu: 17.9% | epoch: 1 | remaining: 295s    
step 00022 (1.6%) | loss: 5.790215 | lrm: 1.00 | dt: 448ms | tok/sec: 1,169,769 | mfu: 17.9% | epoch: 1 | remaining: 295s    
step 00023 (1.8%) | loss: 5.751450 | lrm: 1.00 | dt: 448ms | tok/sec: 1,170,021 | mfu: 17.9% | epoch: 1 | remaining: 294s    
step 00024 (1.9%) | loss: 5.714656 | lrm: 1.00 | dt: 448ms | tok/sec: 1,170,214 | mfu: 17.9% | epoch: 1 | remaining: 294s    
step 00025 (2.1%) | loss: 5.680645 | lrm: 1.00 | dt: 448ms | tok/sec: 1,170,155 | mfu: 17.9% | epoch: 1 | remaining: 293s    
step 00026 (2.2%) | loss: 5.644995 | lrm: 1.00 | dt: 448ms | tok/sec: 1,169,885 | mfu: 17.9% | epoch: 1 | remaining: 293s    
step 00027 (2.4%) | loss: 5.614314 | lrm: 1.00 | dt: 448ms | tok/sec: 1,170,242 | mfu: 17.9% | epoch: 1 | remaining: 292s    
step 00028 (2.5%) | loss: 5.584847 | lrm: 1.00 | dt: 448ms | tok/sec: 1,169,747 | mfu: 17.9% | epoch: 1 | remaining: 292s    
step 00029 (2.7%) | loss: 5.558069 | lrm: 1.00 | dt: 448ms | tok/sec: 1,171,421 | mfu: 17.9% | epoch: 1 | remaining: 291s    
step 00030 (2.8%) | loss: 5.530398 | lrm: 1.00 | dt: 448ms | tok/sec: 1,170,857 | mfu: 17.9% | epoch: 1 | remaining: 291s    
step 00031 (3.0%) | loss: 5.501510 | lrm: 1.00 | dt: 448ms | tok/sec: 1,171,014 | mfu: 17.9% | epoch: 1 | remaining: 291s    
step 00032 (3.1%) | loss: 5.475520 | lrm: 1.00 | dt: 448ms | tok/sec: 1,170,799 | mfu: 17.9% | epoch: 1 | remaining: 290s    
step 00033 (3.3%) | loss: 5.448720 | lrm: 1.00 | dt: 448ms | tok/sec: 1,171,530 | mfu: 17.9% | epoch: 1 | remaining: 290s    
step 00034 (3.4%) | loss: 5.420288 | lrm: 1.00 | dt: 448ms | tok/sec: 1,171,298 | mfu: 17.9% | epoch: 1 | remaining: 289s    
step 00035 (3.6%) | loss: 5.394919 | lrm: 1.00 | dt: 448ms | tok/sec: 1,171,205 | mfu: 17.9% | epoch: 1 | remaining: 289s    
step 00036 (3.7%) | loss: 5.372974 | lrm: 1.00 | dt: 448ms | tok/sec: 1,171,202 | mfu: 17.9% | epoch: 1 | remaining: 288s    
step 00037 (3.9%) | loss: 5.349032 | lrm: 1.00 | dt: 448ms | tok/sec: 1,171,031 | mfu: 17.9% | epoch: 1 | remaining: 288s    
step 00038 (4.0%) | loss: 5.325597 | lrm: 1.00 | dt: 448ms | tok/sec: 1,170,680 | mfu: 17.9% | epoch: 1 | remaining: 287s    
step 00039 (4.2%) | loss: 5.298560 | lrm: 1.00 | dt: 448ms | tok/sec: 1,170,741 | mfu: 17.9% | epoch: 1 | remaining: 287s    
step 00040 (4.3%) | loss: 5.273000 | lrm: 1.00 | dt: 448ms | tok/sec: 1,170,564 | mfu: 17.9% | epoch: 1 | remaining: 287s    
step 00041 (4.5%) | loss: 5.251228 | lrm: 1.00 | dt: 448ms | tok/sec: 1,169,883 | mfu: 17.9% | epoch: 1 | remaining: 286s    
step 00042 (4.6%) | loss: 5.230125 | lrm: 1.00 | dt: 449ms | tok/sec: 1,168,971 | mfu: 17.8% | epoch: 1 | remaining: 286s    
step 00043 (4.8%) | loss: 5.204132 | lrm: 1.00 | dt: 448ms | tok/sec: 1,169,769 | mfu: 17.9% | epoch: 1 | remaining: 285s    
step 00044 (4.9%) | loss: 5.180853 | lrm: 1.00 | dt: 448ms | tok/sec: 1,169,484 | mfu: 17.8% | epoch: 1 | remaining: 285s    
step 00045 (5.1%) | loss: 5.157946 | lrm: 1.00 | dt: 448ms | tok/sec: 1,169,139 | mfu: 17.8% | epoch: 1 | remaining: 284s    
step 00046 (5.2%) | loss: 5.136203 | lrm: 1.00 | dt: 448ms | tok/sec: 1,169,251 | mfu: 17.8% | epoch: 1 | remaining: 284s    
step 00047 (5.4%) | loss: 5.111479 | lrm: 1.00 | dt: 448ms | tok/sec: 1,169,124 | mfu: 17.8% | epoch: 1 | remaining: 283s    
step 00048 (5.5%) | loss: 5.091989 | lrm: 1.00 | dt: 448ms | tok/sec: 1,169,173 | mfu: 17.8% | epoch: 1 | remaining: 283s    
step 00049 (5.7%) | loss: 5.070234 | lrm: 1.00 | dt: 449ms | tok/sec: 1,168,498 | mfu: 17.8% | epoch: 1 | remaining: 283s    
step 00050 (5.8%) | loss: 5.046268 | lrm: 1.00 | dt: 449ms | tok/sec: 1,168,798 | mfu: 17.8% | epoch: 1 | remaining: 282s    
step 00051 (6.0%) | loss: 5.028570 | lrm: 1.00 | dt: 449ms | tok/sec: 1,168,726 | mfu: 17.8% | epoch: 1 | remaining: 282s    
step 00052 (6.1%) | loss: 5.007095 | lrm: 1.00 | dt: 449ms | tok/sec: 1,168,892 | mfu: 17.8% | epoch: 1 | remaining: 281s    
step 00053 (6.3%) | loss: 4.987349 | lrm: 1.00 | dt: 448ms | tok/sec: 1,169,037 | mfu: 17.8% | epoch: 1 | remaining: 281s    
step 00054 (6.4%) | loss: 4.966583 | lrm: 1.00 | dt: 448ms | tok/sec: 1,169,145 | mfu: 17.8% | epoch: 1 | remaining: 280s    
step 00055 (6.6%) | loss: 4.944116 | lrm: 1.00 | dt: 448ms | tok/sec: 1,169,140 | mfu: 17.8% | epoch: 1 | remaining: 280s    
step 00056 (6.7%) | loss: 4.926227 | lrm: 1.00 | dt: 448ms | tok/sec: 1,169,127 | mfu: 17.8% | epoch: 1 | remaining: 279s    
step 00057 (6.9%) | loss: 4.906201 | lrm: 1.00 | dt: 448ms | tok/sec: 1,169,112 | mfu: 17.8% | epoch: 1 | remaining: 279s    
step 00058 (7.0%) | loss: 4.887234 | lrm: 1.00 | dt: 448ms | tok/sec: 1,169,190 | mfu: 17.8% | epoch: 1 | remaining: 278s    
step 00059 (7.2%) | loss: 4.863122 | lrm: 1.00 | dt: 448ms | tok/sec: 1,169,211 | mfu: 17.8% | epoch: 1 | remaining: 278s    
step 00060 (7.3%) | loss: 4.845068 | lrm: 1.00 | dt: 449ms | tok/sec: 1,168,954 | mfu: 17.8% | epoch: 1 | remaining: 278s    
step 00061 (7.5%) | loss: 4.828173 | lrm: 1.00 | dt: 448ms | tok/sec: 1,169,148 | mfu: 17.8% | epoch: 1 | remaining: 277s    
step 00062 (7.6%) | loss: 4.807751 | lrm: 1.00 | dt: 448ms | tok/sec: 1,169,031 | mfu: 17.8% | epoch: 1 | remaining: 277s    
step 00063 (7.8%) | loss: 4.787118 | lrm: 1.00 | dt: 449ms | tok/sec: 1,168,784 | mfu: 17.8% | epoch: 1 | remaining: 276s    
step 00064 (7.9%) | loss: 4.768500 | lrm: 1.00 | dt: 449ms | tok/sec: 1,168,135 | mfu: 17.8% | epoch: 1 | remaining: 276s    
step 00065 (8.1%) | loss: 4.752130 | lrm: 1.00 | dt: 449ms | tok/sec: 1,168,709 | mfu: 17.8% | epoch: 1 | remaining: 275s    
step 00066 (8.2%) | loss: 4.737003 | lrm: 1.00 | dt: 449ms | tok/sec: 1,168,430 | mfu: 17.8% | epoch: 1 | remaining: 275s    
step 00067 (8.4%) | loss: 4.721139 | lrm: 1.00 | dt: 449ms | tok/sec: 1,167,794 | mfu: 17.8% | epoch: 1 | remaining: 274s    
step 00068 (8.5%) | loss: 4.705225 | lrm: 1.00 | dt: 449ms | tok/sec: 1,168,545 | mfu: 17.8% | epoch: 1 | remaining: 274s    
step 00069 (8.7%) | loss: 4.685858 | lrm: 1.00 | dt: 449ms | tok/sec: 1,168,465 | mfu: 17.8% | epoch: 1 | remaining: 274s    
step 00070 (8.8%) | loss: 4.666158 | lrm: 1.00 | dt: 449ms | tok/sec: 1,168,039 | mfu: 17.8% | epoch: 1 | remaining: 273s    
step 00071 (9.0%) | loss: 4.640911 | lrm: 1.00 | dt: 449ms | tok/sec: 1,168,589 | mfu: 17.8% | epoch: 1 | remaining: 273s    
step 00072 (9.1%) | loss: 4.629057 | lrm: 1.00 | dt: 449ms | tok/sec: 1,168,383 | mfu: 17.8% | epoch: 1 | remaining: 272s    
step 00073 (9.3%) | loss: 4.613174 | lrm: 1.00 | dt: 449ms | tok/sec: 1,168,494 | mfu: 17.8% | epoch: 1 | remaining: 272s    
step 00074 (9.4%) | loss: 4.593688 | lrm: 1.00 | dt: 449ms | tok/sec: 1,168,357 | mfu: 17.8% | epoch: 1 | remaining: 271s    
step 00075 (9.6%) | loss: 4.575668 | lrm: 1.00 | dt: 449ms | tok/sec: 1,168,582 | mfu: 17.8% | epoch: 1 | remaining: 271s    
step 00076 (9.7%) | loss: 4.559574 | lrm: 1.00 | dt: 449ms | tok/sec: 1,168,219 | mfu: 17.8% | epoch: 1 | remaining: 270s    
step 00077 (9.9%) | loss: 4.545727 | lrm: 1.00 | dt: 449ms | tok/sec: 1,167,762 | mfu: 17.8% | epoch: 1 | remaining: 270s    
step 00078 (10.0%) | loss: 4.525281 | lrm: 1.00 | dt: 449ms | tok/sec: 1,168,362 | mfu: 17.8% | epoch: 1 | remaining: 270s    
step 00079 (10.2%) | loss: 4.505561 | lrm: 1.00 | dt: 449ms | tok/sec: 1,168,620 | mfu: 17.8% | epoch: 1 | remaining: 269s    
step 00080 (10.3%) | loss: 4.488526 | lrm: 1.00 | dt: 449ms | tok/sec: 1,168,652 | mfu: 17.8% | epoch: 1 | remaining: 269s    
step 00081 (10.5%) | loss: 4.470469 | lrm: 1.00 | dt: 449ms | tok/sec: 1,168,491 | mfu: 17.8% | epoch: 1 | remaining: 268s    
step 00082 (10.6%) | loss: 4.455064 | lrm: 1.00 | dt: 449ms | tok/sec: 1,168,660 | mfu: 17.8% | epoch: 1 | remaining: 268s    
step 00083 (10.8%) | loss: 4.433497 | lrm: 1.00 | dt: 449ms | tok/sec: 1,168,510 | mfu: 17.8% | epoch: 1 | remaining: 267s    
step 00084 (10.9%) | loss: 4.413205 | lrm: 1.00 | dt: 449ms | tok/sec: 1,168,639 | mfu: 17.8% | epoch: 1 | remaining: 267s    
step 00085 (11.1%) | loss: 4.398780 | lrm: 1.00 | dt: 449ms | tok/sec: 1,168,770 | mfu: 17.8% | epoch: 1 | remaining: 266s    
step 00086 (11.2%) | loss: 4.381429 | lrm: 1.00 | dt: 449ms | tok/sec: 1,168,742 | mfu: 17.8% | epoch: 1 | remaining: 266s    
step 00087 (11.4%) | loss: 4.367001 | lrm: 1.00 | dt: 449ms | tok/sec: 1,168,630 | mfu: 17.8% | epoch: 1 | remaining: 265s    
step 00088 (11.5%) | loss: 4.353934 | lrm: 1.00 | dt: 449ms | tok/sec: 1,168,683 | mfu: 17.8% | epoch: 1 | remaining: 265s    
step 00089 (11.7%) | loss: 4.337420 | lrm: 1.00 | dt: 449ms | tok/sec: 1,168,646 | mfu: 17.8% | epoch: 1 | remaining: 265s    
step 00090 (11.8%) | loss: 4.322484 | lrm: 1.00 | dt: 449ms | tok/sec: 1,168,842 | mfu: 17.8% | epoch: 1 | remaining: 264s    
step 00091 (12.0%) | loss: 4.303611 | lrm: 1.00 | dt: 449ms | tok/sec: 1,168,860 | mfu: 17.8% | epoch: 1 | remaining: 264s    
step 00092 (12.1%) | loss: 4.289908 | lrm: 1.00 | dt: 449ms | tok/sec: 1,168,886 | mfu: 17.8% | epoch: 1 | remaining: 263s    
step 00093 (12.3%) | loss: 4.272655 | lrm: 1.00 | dt: 449ms | tok/sec: 1,168,820 | mfu: 17.8% | epoch: 1 | remaining: 263s    
step 00094 (12.4%) | loss: 4.259068 | lrm: 1.00 | dt: 449ms | tok/sec: 1,168,590 | mfu: 17.8% | epoch: 1 | remaining: 262s    
step 00095 (12.6%) | loss: 4.245694 | lrm: 1.00 | dt: 449ms | tok/sec: 1,168,844 | mfu: 17.8% | epoch: 1 | remaining: 262s    
step 00096 (12.7%) | loss: 4.228038 | lrm: 1.00 | dt: 449ms | tok/sec: 1,168,812 | mfu: 17.8% | epoch: 1 | remaining: 261s    
step 00097 (12.9%) | loss: 4.213988 | lrm: 1.00 | dt: 449ms | tok/sec: 1,168,561 | mfu: 17.8% | epoch: 1 | remaining: 261s    
step 00098 (13.0%) | loss: 4.197802 | lrm: 1.00 | dt: 449ms | tok/sec: 1,168,552 | mfu: 17.8% | epoch: 1 | remaining: 261s    
step 00099 (13.2%) | loss: 4.183203 | lrm: 1.00 | dt: 449ms | tok/sec: 1,168,601 | mfu: 17.8% | epoch: 1 | remaining: 260s    
step 00100 (13.3%) | loss: 4.170170 | lrm: 1.00 | dt: 449ms | tok/sec: 1,168,563 | mfu: 17.8% | epoch: 1 | remaining: 260s    
step 00101 (13.5%) | loss: 4.153914 | lrm: 1.00 | dt: 449ms | tok/sec: 1,168,485 | mfu: 17.8% | epoch: 1 | remaining: 259s    
step 00102 (13.6%) | loss: 4.138779 | lrm: 1.00 | dt: 449ms | tok/sec: 1,168,647 | mfu: 17.8% | epoch: 1 | remaining: 259s    
step 00103 (13.7%) | loss: 4.116077 | lrm: 1.00 | dt: 449ms | tok/sec: 1,168,745 | mfu: 17.8% | epoch: 1 | remaining: 258s    
step 00104 (13.9%) | loss: 4.101372 | lrm: 1.00 | dt: 449ms | tok/sec: 1,168,678 | mfu: 17.8% | epoch: 1 | remaining: 258s    
step 00105 (14.0%) | loss: 4.087433 | lrm: 1.00 | dt: 449ms | tok/sec: 1,168,175 | mfu: 17.8% | epoch: 1 | remaining: 257s    
step 00106 (14.2%) | loss: 4.073296 | lrm: 1.00 | dt: 449ms | tok/sec: 1,168,737 | mfu: 17.8% | epoch: 1 | remaining: 257s    
step 00107 (14.3%) | loss: 4.061653 | lrm: 1.00 | dt: 449ms | tok/sec: 1,168,389 | mfu: 17.8% | epoch: 1 | remaining: 257s    
step 00108 (14.5%) | loss: 4.050628 | lrm: 1.00 | dt: 449ms | tok/sec: 1,168,263 | mfu: 17.8% | epoch: 1 | remaining: 256s    
step 00109 (14.6%) | loss: 4.039514 | lrm: 1.00 | dt: 449ms | tok/sec: 1,168,404 | mfu: 17.8% | epoch: 1 | remaining: 256s    
step 00110 (14.8%) | loss: 4.026348 | lrm: 1.00 | dt: 449ms | tok/sec: 1,168,478 | mfu: 17.8% | epoch: 1 | remaining: 255s    
step 00111 (14.9%) | loss: 4.018615 | lrm: 1.00 | dt: 449ms | tok/sec: 1,168,164 | mfu: 17.8% | epoch: 1 | remaining: 255s    
step 00112 (15.1%) | loss: 4.008094 | lrm: 1.00 | dt: 449ms | tok/sec: 1,167,714 | mfu: 17.8% | epoch: 1 | remaining: 254s    
step 00113 (15.2%) | loss: 4.000383 | lrm: 1.00 | dt: 449ms | tok/sec: 1,168,466 | mfu: 17.8% | epoch: 1 | remaining: 254s    
step 00114 (15.4%) | loss: 3.995015 | lrm: 1.00 | dt: 449ms | tok/sec: 1,168,329 | mfu: 17.8% | epoch: 1 | remaining: 253s    
step 00115 (15.5%) | loss: 3.984655 | lrm: 1.00 | dt: 449ms | tok/sec: 1,168,340 | mfu: 17.8% | epoch: 1 | remaining: 253s    
step 00116 (15.7%) | loss: 3.971144 | lrm: 1.00 | dt: 449ms | tok/sec: 1,168,141 | mfu: 17.8% | epoch: 1 | remaining: 252s    
step 00117 (15.8%) | loss: 3.964806 | lrm: 1.00 | dt: 449ms | tok/sec: 1,168,249 | mfu: 17.8% | epoch: 1 | remaining: 252s    
step 00118 (16.0%) | loss: 3.951514 | lrm: 1.00 | dt: 449ms | tok/sec: 1,168,644 | mfu: 17.8% | epoch: 1 | remaining: 252s    
step 00119 (16.1%) | loss: 3.942524 | lrm: 1.00 | dt: 449ms | tok/sec: 1,168,083 | mfu: 17.8% | epoch: 1 | remaining: 251s    
step 00120 (16.3%) | loss: 3.934852 | lrm: 1.00 | dt: 449ms | tok/sec: 1,168,729 | mfu: 17.8% | epoch: 1 | remaining: 251s    
step 00121 (16.4%) | loss: 3.917242 | lrm: 1.00 | dt: 449ms | tok/sec: 1,168,437 | mfu: 17.8% | epoch: 1 | remaining: 250s    
step 00122 (16.6%) | loss: 3.906382 | lrm: 1.00 | dt: 449ms | tok/sec: 1,168,279 | mfu: 17.8% | epoch: 1 | remaining: 250s    
step 00123 (16.7%) | loss: 3.897019 | lrm: 1.00 | dt: 449ms | tok/sec: 1,168,462 | mfu: 17.8% | epoch: 1 | remaining: 249s    
step 00124 (16.9%) | loss: 3.889881 | lrm: 1.00 | dt: 449ms | tok/sec: 1,168,239 | mfu: 17.8% | epoch: 1 | remaining: 249s    
step 00125 (17.0%) | loss: 3.879119 | lrm: 1.00 | dt: 449ms | tok/sec: 1,168,227 | mfu: 17.8% | epoch: 1 | remaining: 248s    
step 00126 (17.2%) | loss: 3.867939 | lrm: 1.00 | dt: 449ms | tok/sec: 1,168,145 | mfu: 17.8% | epoch: 1 | remaining: 248s    
step 00127 (17.3%) | loss: 3.857214 | lrm: 1.00 | dt: 449ms | tok/sec: 1,168,462 | mfu: 17.8% | epoch: 1 | remaining: 248s    
step 00128 (17.5%) | loss: 3.852868 | lrm: 1.00 | dt: 449ms | tok/sec: 1,168,076 | mfu: 17.8% | epoch: 1 | remaining: 247s    
step 00129 (17.6%) | loss: 3.843339 | lrm: 1.00 | dt: 449ms | tok/sec: 1,168,277 | mfu: 17.8% | epoch: 1 | remaining: 247s    
step 00130 (17.8%) | loss: 3.837414 | lrm: 1.00 | dt: 449ms | tok/sec: 1,168,058 | mfu: 17.8% | epoch: 1 | remaining: 246s    
step 00131 (17.9%) | loss: 3.829941 | lrm: 1.00 | dt: 449ms | tok/sec: 1,168,072 | mfu: 17.8% | epoch: 1 | remaining: 246s    
step 00132 (18.1%) | loss: 3.822155 | lrm: 1.00 | dt: 449ms | tok/sec: 1,168,066 | mfu: 17.8% | epoch: 1 | remaining: 245s    
step 00133 (18.2%) | loss: 3.819263 | lrm: 1.00 | dt: 449ms | tok/sec: 1,168,347 | mfu: 17.8% | epoch: 1 | remaining: 245s    
step 00134 (18.4%) | loss: 3.808542 | lrm: 1.00 | dt: 449ms | tok/sec: 1,168,069 | mfu: 17.8% | epoch: 1 | remaining: 244s    
step 00135 (18.5%) | loss: 3.800506 | lrm: 1.00 | dt: 449ms | tok/sec: 1,168,198 | mfu: 17.8% | epoch: 1 | remaining: 244s    
step 00136 (18.7%) | loss: 3.790462 | lrm: 1.00 | dt: 449ms | tok/sec: 1,167,828 | mfu: 17.8% | epoch: 1 | remaining: 243s    
step 00137 (18.8%) | loss: 3.783649 | lrm: 1.00 | dt: 449ms | tok/sec: 1,167,842 | mfu: 17.8% | epoch: 1 | remaining: 243s    
step 00138 (19.0%) | loss: 3.782440 | lrm: 1.00 | dt: 449ms | tok/sec: 1,167,996 | mfu: 17.8% | epoch: 1 | remaining: 243s    
step 00139 (19.1%) | loss: 3.771394 | lrm: 1.00 | dt: 449ms | tok/sec: 1,167,946 | mfu: 17.8% | epoch: 1 | remaining: 242s    
step 00140 (19.3%) | loss: 3.762652 | lrm: 1.00 | dt: 449ms | tok/sec: 1,167,947 | mfu: 17.8% | epoch: 1 | remaining: 242s    
step 00141 (19.4%) | loss: 3.757581 | lrm: 1.00 | dt: 449ms | tok/sec: 1,167,668 | mfu: 17.8% | epoch: 1 | remaining: 241s    
step 00142 (19.6%) | loss: 3.752642 | lrm: 1.00 | dt: 449ms | tok/sec: 1,168,033 | mfu: 17.8% | epoch: 1 | remaining: 241s    
step 00143 (19.7%) | loss: 3.745529 | lrm: 1.00 | dt: 449ms | tok/sec: 1,167,970 | mfu: 17.8% | epoch: 1 | remaining: 240s    
step 00144 (19.9%) | loss: 3.747472 | lrm: 1.00 | dt: 449ms | tok/sec: 1,167,758 | mfu: 17.8% | epoch: 1 | remaining: 240s    
step 00145 (20.0%) | loss: 3.741959 | lrm: 1.00 | dt: 449ms | tok/sec: 1,167,863 | mfu: 17.8% | epoch: 1 | remaining: 239s    
step 00146 (20.2%) | loss: 3.735647 | lrm: 1.00 | dt: 449ms | tok/sec: 1,167,567 | mfu: 17.8% | epoch: 1 | remaining: 239s    
step 00147 (20.3%) | loss: 3.734195 | lrm: 1.00 | dt: 449ms | tok/sec: 1,167,858 | mfu: 17.8% | epoch: 1 | remaining: 239s    
step 00148 (20.5%) | loss: 3.727749 | lrm: 1.00 | dt: 449ms | tok/sec: 1,167,958 | mfu: 17.8% | epoch: 1 | remaining: 238s    
step 00149 (20.6%) | loss: 3.717956 | lrm: 1.00 | dt: 449ms | tok/sec: 1,168,147 | mfu: 17.8% | epoch: 1 | remaining: 238s    
step 00150 (20.8%) | loss: 3.715162 | lrm: 1.00 | dt: 449ms | tok/sec: 1,168,048 | mfu: 17.8% | epoch: 1 | remaining: 237s    
step 00151 (20.9%) | loss: 3.712515 | lrm: 1.00 | dt: 449ms | tok/sec: 1,167,789 | mfu: 17.8% | epoch: 1 | remaining: 237s    
step 00152 (21.1%) | loss: 3.705834 | lrm: 1.00 | dt: 449ms | tok/sec: 1,167,261 | mfu: 17.8% | epoch: 1 | remaining: 236s    
step 00153 (21.2%) | loss: 3.707124 | lrm: 1.00 | dt: 449ms | tok/sec: 1,167,934 | mfu: 17.8% | epoch: 1 | remaining: 236s    
step 00154 (21.4%) | loss: 3.705784 | lrm: 1.00 | dt: 449ms | tok/sec: 1,167,790 | mfu: 17.8% | epoch: 1 | remaining: 235s    
step 00155 (21.5%) | loss: 3.700189 | lrm: 1.00 | dt: 449ms | tok/sec: 1,167,722 | mfu: 17.8% | epoch: 1 | remaining: 235s    
step 00156 (21.7%) | loss: 3.693791 | lrm: 1.00 | dt: 449ms | tok/sec: 1,168,033 | mfu: 17.8% | epoch: 1 | remaining: 235s    
step 00157 (21.8%) | loss: 3.687265 | lrm: 1.00 | dt: 449ms | tok/sec: 1,167,660 | mfu: 17.8% | epoch: 1 | remaining: 234s    
step 00158 (22.0%) | loss: 3.684962 | lrm: 1.00 | dt: 449ms | tok/sec: 1,167,688 | mfu: 17.8% | epoch: 1 | remaining: 234s    
step 00159 (22.1%) | loss: 3.677876 | lrm: 1.00 | dt: 449ms | tok/sec: 1,167,717 | mfu: 17.8% | epoch: 1 | remaining: 233s    
step 00160 (22.3%) | loss: 3.675805 | lrm: 1.00 | dt: 449ms | tok/sec: 1,167,599 | mfu: 17.8% | epoch: 1 | remaining: 233s    
step 00161 (22.4%) | loss: 3.671609 | lrm: 1.00 | dt: 449ms | tok/sec: 1,167,889 | mfu: 17.8% | epoch: 1 | remaining: 232s    
step 00162 (22.6%) | loss: 3.671199 | lrm: 1.00 | dt: 449ms | tok/sec: 1,167,812 | mfu: 17.8% | epoch: 1 | remaining: 232s    
step 00163 (22.7%) | loss: 3.665116 | lrm: 1.00 | dt: 449ms | tok/sec: 1,167,491 | mfu: 17.8% | epoch: 1 | remaining: 231s    
step 00164 (22.9%) | loss: 3.664756 | lrm: 1.00 | dt: 449ms | tok/sec: 1,167,737 | mfu: 17.8% | epoch: 1 | remaining: 231s    
step 00165 (23.0%) | loss: 3.662719 | lrm: 1.00 | dt: 449ms | tok/sec: 1,167,749 | mfu: 17.8% | epoch: 1 | remaining: 230s    
step 00166 (23.2%) | loss: 3.658134 | lrm: 1.00 | dt: 449ms | tok/sec: 1,167,992 | mfu: 17.8% | epoch: 1 | remaining: 230s    
step 00167 (23.3%) | loss: 3.654966 | lrm: 1.00 | dt: 449ms | tok/sec: 1,168,082 | mfu: 17.8% | epoch: 1 | remaining: 230s    
step 00168 (23.5%) | loss: 3.652091 | lrm: 1.00 | dt: 449ms | tok/sec: 1,168,011 | mfu: 17.8% | epoch: 1 | remaining: 229s    
step 00169 (23.6%) | loss: 3.646495 | lrm: 1.00 | dt: 449ms | tok/sec: 1,167,885 | mfu: 17.8% | epoch: 1 | remaining: 229s    
step 00170 (23.8%) | loss: 3.639642 | lrm: 1.00 | dt: 449ms | tok/sec: 1,168,150 | mfu: 17.8% | epoch: 1 | remaining: 228s    
step 00171 (23.9%) | loss: 3.638896 | lrm: 1.00 | dt: 449ms | tok/sec: 1,167,804 | mfu: 17.8% | epoch: 1 | remaining: 228s    
step 00172 (24.1%) | loss: 3.638362 | lrm: 1.00 | dt: 449ms | tok/sec: 1,167,884 | mfu: 17.8% | epoch: 1 | remaining: 227s    
step 00173 (24.2%) | loss: 3.633833 | lrm: 1.00 | dt: 449ms | tok/sec: 1,167,713 | mfu: 17.8% | epoch: 1 | remaining: 227s    
step 00174 (24.4%) | loss: 3.632250 | lrm: 1.00 | dt: 449ms | tok/sec: 1,167,439 | mfu: 17.8% | epoch: 1 | remaining: 226s    
step 00175 (24.5%) | loss: 3.628109 | lrm: 1.00 | dt: 449ms | tok/sec: 1,167,100 | mfu: 17.8% | epoch: 1 | remaining: 226s    
step 00176 (24.7%) | loss: 3.626022 | lrm: 1.00 | dt: 449ms | tok/sec: 1,167,831 | mfu: 17.8% | epoch: 1 | remaining: 226s    
step 00177 (24.8%) | loss: 3.622892 | lrm: 1.00 | dt: 449ms | tok/sec: 1,167,677 | mfu: 17.8% | epoch: 1 | remaining: 225s    
step 00178 (25.0%) | loss: 3.621498 | lrm: 1.00 | dt: 449ms | tok/sec: 1,167,682 | mfu: 17.8% | epoch: 1 | remaining: 225s    
step 00179 (25.1%) | loss: 3.617229 | lrm: 1.00 | dt: 449ms | tok/sec: 1,167,855 | mfu: 17.8% | epoch: 1 | remaining: 224s    
step 00180 (25.3%) | loss: 3.614361 | lrm: 1.00 | dt: 449ms | tok/sec: 1,167,964 | mfu: 17.8% | epoch: 1 | remaining: 224s    
step 00181 (25.4%) | loss: 3.609474 | lrm: 1.00 | dt: 449ms | tok/sec: 1,168,043 | mfu: 17.8% | epoch: 1 | remaining: 223s    
step 00182 (25.6%) | loss: 3.601992 | lrm: 1.00 | dt: 449ms | tok/sec: 1,167,944 | mfu: 17.8% | epoch: 1 | remaining: 223s    
step 00183 (25.7%) | loss: 3.595487 | lrm: 1.00 | dt: 449ms | tok/sec: 1,167,919 | mfu: 17.8% | epoch: 1 | remaining: 222s    
step 00184 (25.9%) | loss: 3.593918 | lrm: 1.00 | dt: 449ms | tok/sec: 1,167,838 | mfu: 17.8% | epoch: 1 | remaining: 222s    
step 00185 (26.0%) | loss: 3.590221 | lrm: 1.00 | dt: 449ms | tok/sec: 1,167,884 | mfu: 17.8% | epoch: 1 | remaining: 221s    
step 00186 (26.2%) | loss: 3.584074 | lrm: 1.00 | dt: 449ms | tok/sec: 1,167,706 | mfu: 17.8% | epoch: 1 | remaining: 221s    
step 00187 (26.3%) | loss: 3.580194 | lrm: 1.00 | dt: 449ms | tok/sec: 1,167,922 | mfu: 17.8% | epoch: 1 | remaining: 221s    
step 00188 (26.5%) | loss: 3.578691 | lrm: 1.00 | dt: 449ms | tok/sec: 1,167,868 | mfu: 17.8% | epoch: 1 | remaining: 220s    
step 00189 (26.6%) | loss: 3.576002 | lrm: 1.00 | dt: 449ms | tok/sec: 1,167,905 | mfu: 17.8% | epoch: 1 | remaining: 220s    
step 00190 (26.8%) | loss: 3.575298 | lrm: 1.00 | dt: 449ms | tok/sec: 1,167,954 | mfu: 17.8% | epoch: 1 | remaining: 219s    
step 00191 (26.9%) | loss: 3.575521 | lrm: 1.00 | dt: 449ms | tok/sec: 1,167,877 | mfu: 17.8% | epoch: 1 | remaining: 219s    
step 00192 (27.1%) | loss: 3.568603 | lrm: 1.00 | dt: 449ms | tok/sec: 1,168,007 | mfu: 17.8% | epoch: 1 | remaining: 218s    
step 00193 (27.2%) | loss: 3.563096 | lrm: 1.00 | dt: 449ms | tok/sec: 1,167,866 | mfu: 17.8% | epoch: 1 | remaining: 218s    
step 00194 (27.4%) | loss: 3.562867 | lrm: 1.00 | dt: 449ms | tok/sec: 1,167,988 | mfu: 17.8% | epoch: 1 | remaining: 217s    
step 00195 (27.5%) | loss: 3.559963 | lrm: 1.00 | dt: 449ms | tok/sec: 1,167,745 | mfu: 17.8% | epoch: 1 | remaining: 217s    
step 00196 (27.7%) | loss: 3.559477 | lrm: 1.00 | dt: 449ms | tok/sec: 1,167,967 | mfu: 17.8% | epoch: 1 | remaining: 217s    
step 00197 (27.8%) | loss: 3.561607 | lrm: 1.00 | dt: 449ms | tok/sec: 1,167,632 | mfu: 17.8% | epoch: 1 | remaining: 216s    
step 00198 (28.0%) | loss: 3.556417 | lrm: 1.00 | dt: 449ms | tok/sec: 1,168,069 | mfu: 17.8% | epoch: 1 | remaining: 216s    
step 00199 (28.1%) | loss: 3.552500 | lrm: 1.00 | dt: 449ms | tok/sec: 1,168,043 | mfu: 17.8% | epoch: 1 | remaining: 215s    
step 00200 (28.3%) | loss: 3.553712 | lrm: 1.00 | dt: 449ms | tok/sec: 1,167,837 | mfu: 17.8% | epoch: 1 | remaining: 215s    
step 00201 (28.4%) | loss: 3.553154 | lrm: 1.00 | dt: 449ms | tok/sec: 1,167,988 | mfu: 17.8% | epoch: 1 | remaining: 214s    
step 00202 (28.6%) | loss: 3.549532 | lrm: 1.00 | dt: 449ms | tok/sec: 1,167,724 | mfu: 17.8% | epoch: 1 | remaining: 214s    
step 00203 (28.7%) | loss: 3.546701 | lrm: 1.00 | dt: 449ms | tok/sec: 1,167,930 | mfu: 17.8% | epoch: 1 | remaining: 213s    
step 00204 (28.9%) | loss: 3.544177 | lrm: 1.00 | dt: 449ms | tok/sec: 1,167,853 | mfu: 17.8% | epoch: 1 | remaining: 213s    
step 00205 (29.0%) | loss: 3.543417 | lrm: 1.00 | dt: 449ms | tok/sec: 1,167,685 | mfu: 17.8% | epoch: 1 | remaining: 213s    
step 00206 (29.2%) | loss: 3.539279 | lrm: 1.00 | dt: 449ms | tok/sec: 1,167,811 | mfu: 17.8% | epoch: 1 | remaining: 212s    
step 00207 (29.3%) | loss: 3.537193 | lrm: 1.00 | dt: 449ms | tok/sec: 1,167,860 | mfu: 17.8% | epoch: 1 | remaining: 212s    
step 00208 (29.5%) | loss: 3.535947 | lrm: 1.00 | dt: 449ms | tok/sec: 1,168,086 | mfu: 17.8% | epoch: 1 | remaining: 211s    
step 00209 (29.6%) | loss: 3.534872 | lrm: 1.00 | dt: 449ms | tok/sec: 1,168,086 | mfu: 17.8% | epoch: 1 | remaining: 211s    
step 00210 (29.8%) | loss: 3.531947 | lrm: 1.00 | dt: 449ms | tok/sec: 1,168,041 | mfu: 17.8% | epoch: 1 | remaining: 210s    
step 00211 (29.9%) | loss: 3.532762 | lrm: 1.00 | dt: 449ms | tok/sec: 1,168,033 | mfu: 17.8% | epoch: 1 | remaining: 210s    
step 00212 (30.1%) | loss: 3.530711 | lrm: 1.00 | dt: 449ms | tok/sec: 1,168,005 | mfu: 17.8% | epoch: 1 | remaining: 209s    
step 00213 (30.2%) | loss: 3.524444 | lrm: 1.00 | dt: 449ms | tok/sec: 1,168,123 | mfu: 17.8% | epoch: 1 | remaining: 209s    
step 00214 (30.4%) | loss: 3.525302 | lrm: 1.00 | dt: 449ms | tok/sec: 1,167,752 | mfu: 17.8% | epoch: 1 | remaining: 208s    
step 00215 (30.5%) | loss: 3.518716 | lrm: 1.00 | dt: 449ms | tok/sec: 1,168,036 | mfu: 17.8% | epoch: 1 | remaining: 208s    
step 00216 (30.7%) | loss: 3.520992 | lrm: 1.00 | dt: 449ms | tok/sec: 1,167,691 | mfu: 17.8% | epoch: 1 | remaining: 208s    
step 00217 (30.8%) | loss: 3.518895 | lrm: 1.00 | dt: 449ms | tok/sec: 1,168,114 | mfu: 17.8% | epoch: 1 | remaining: 207s    
step 00218 (31.0%) | loss: 3.518358 | lrm: 1.00 | dt: 449ms | tok/sec: 1,167,853 | mfu: 17.8% | epoch: 1 | remaining: 207s    
step 00219 (31.1%) | loss: 3.516931 | lrm: 1.00 | dt: 449ms | tok/sec: 1,168,012 | mfu: 17.8% | epoch: 1 | remaining: 206s    
step 00220 (31.3%) | loss: 3.517311 | lrm: 1.00 | dt: 449ms | tok/sec: 1,167,913 | mfu: 17.8% | epoch: 1 | remaining: 206s    
step 00221 (31.4%) | loss: 3.506599 | lrm: 1.00 | dt: 449ms | tok/sec: 1,167,985 | mfu: 17.8% | epoch: 1 | remaining: 205s    
step 00222 (31.6%) | loss: 3.503384 | lrm: 1.00 | dt: 449ms | tok/sec: 1,167,787 | mfu: 17.8% | epoch: 1 | remaining: 205s    
step 00223 (31.7%) | loss: 3.502081 | lrm: 1.00 | dt: 449ms | tok/sec: 1,168,061 | mfu: 17.8% | epoch: 1 | remaining: 204s    
step 00224 (31.9%) | loss: 3.501963 | lrm: 1.00 | dt: 449ms | tok/sec: 1,167,143 | mfu: 17.8% | epoch: 1 | remaining: 204s    
step 00225 (32.0%) | loss: 3.504864 | lrm: 1.00 | dt: 449ms | tok/sec: 1,168,008 | mfu: 17.8% | epoch: 1 | remaining: 204s    
step 00226 (32.2%) | loss: 3.501601 | lrm: 1.00 | dt: 449ms | tok/sec: 1,167,838 | mfu: 17.8% | epoch: 1 | remaining: 203s    
step 00227 (32.3%) | loss: 3.503366 | lrm: 1.00 | dt: 449ms | tok/sec: 1,167,818 | mfu: 17.8% | epoch: 1 | remaining: 203s    
step 00228 (32.5%) | loss: 3.502032 | lrm: 1.00 | dt: 449ms | tok/sec: 1,168,079 | mfu: 17.8% | epoch: 1 | remaining: 202s    
step 00229 (32.6%) | loss: 3.501604 | lrm: 1.00 | dt: 449ms | tok/sec: 1,168,205 | mfu: 17.8% | epoch: 1 | remaining: 202s    
step 00230 (32.8%) | loss: 3.503848 | lrm: 1.00 | dt: 449ms | tok/sec: 1,167,727 | mfu: 17.8% | epoch: 1 | remaining: 201s    
step 00231 (32.9%) | loss: 3.497903 | lrm: 1.00 | dt: 449ms | tok/sec: 1,166,950 | mfu: 17.8% | epoch: 1 | remaining: 201s    
step 00232 (33.1%) | loss: 3.496789 | lrm: 1.00 | dt: 449ms | tok/sec: 1,167,618 | mfu: 17.8% | epoch: 1 | remaining: 200s    
step 00233 (33.2%) | loss: 3.500251 | lrm: 1.00 | dt: 449ms | tok/sec: 1,167,949 | mfu: 17.8% | epoch: 1 | remaining: 200s    
step 00234 (33.4%) | loss: 3.498679 | lrm: 1.00 | dt: 449ms | tok/sec: 1,167,765 | mfu: 17.8% | epoch: 1 | remaining: 199s    
step 00235 (33.5%) | loss: 3.495154 | lrm: 1.00 | dt: 449ms | tok/sec: 1,167,969 | mfu: 17.8% | epoch: 1 | remaining: 199s    
step 00236 (33.7%) | loss: 3.498331 | lrm: 1.00 | dt: 449ms | tok/sec: 1,167,992 | mfu: 17.8% | epoch: 1 | remaining: 199s    
step 00237 (33.8%) | loss: 3.498079 | lrm: 1.00 | dt: 449ms | tok/sec: 1,168,004 | mfu: 17.8% | epoch: 1 | remaining: 198s    
step 00238 (33.9%) | loss: 3.499353 | lrm: 1.00 | dt: 449ms | tok/sec: 1,167,889 | mfu: 17.8% | epoch: 1 | remaining: 198s    
step 00239 (34.1%) | loss: 3.493732 | lrm: 1.00 | dt: 449ms | tok/sec: 1,167,910 | mfu: 17.8% | epoch: 1 | remaining: 197s    
step 00240 (34.2%) | loss: 3.484833 | lrm: 1.00 | dt: 449ms | tok/sec: 1,168,045 | mfu: 17.8% | epoch: 1 | remaining: 197s    
step 00241 (34.4%) | loss: 3.481747 | lrm: 1.00 | dt: 449ms | tok/sec: 1,167,896 | mfu: 17.8% | epoch: 1 | remaining: 196s    
step 00242 (34.5%) | loss: 3.483379 | lrm: 1.00 | dt: 449ms | tok/sec: 1,167,979 | mfu: 17.8% | epoch: 1 | remaining: 196s    
step 00243 (34.7%) | loss: 3.485241 | lrm: 1.00 | dt: 449ms | tok/sec: 1,167,751 | mfu: 17.8% | epoch: 1 | remaining: 195s    
step 00244 (34.8%) | loss: 3.485478 | lrm: 1.00 | dt: 449ms | tok/sec: 1,167,892 | mfu: 17.8% | epoch: 1 | remaining: 195s    
step 00245 (35.0%) | loss: 3.480327 | lrm: 1.00 | dt: 449ms | tok/sec: 1,167,193 | mfu: 17.8% | epoch: 1 | remaining: 195s    
step 00246 (35.1%) | loss: 3.481823 | lrm: 1.00 | dt: 449ms | tok/sec: 1,167,909 | mfu: 17.8% | epoch: 1 | remaining: 194s    
step 00247 (35.3%) | loss: 3.477668 | lrm: 1.00 | dt: 449ms | tok/sec: 1,168,025 | mfu: 17.8% | epoch: 1 | remaining: 194s    
step 00248 (35.4%) | loss: 3.479099 | lrm: 1.00 | dt: 449ms | tok/sec: 1,168,011 | mfu: 17.8% | epoch: 1 | remaining: 193s    
step 00249 (35.6%) | loss: 3.471835 | lrm: 1.00 | dt: 449ms | tok/sec: 1,167,937 | mfu: 17.8% | epoch: 1 | remaining: 193s    
step 00250 (35.7%) | loss: 3.468498 | lrm: 1.00 | dt: 449ms | tok/sec: 1,167,758 | mfu: 17.8% | epoch: 1 | remaining: 192s    
step 00251 (35.9%) | loss: 3.466805 | lrm: 1.00 | dt: 449ms | tok/sec: 1,167,825 | mfu: 17.8% | epoch: 1 | remaining: 192s    
step 00252 (36.0%) | loss: 3.465090 | lrm: 1.00 | dt: 449ms | tok/sec: 1,166,725 | mfu: 17.8% | epoch: 1 | remaining: 191s    
step 00253 (36.2%) | loss: 3.455551 | lrm: 1.00 | dt: 449ms | tok/sec: 1,167,369 | mfu: 17.8% | epoch: 1 | remaining: 191s    
step 00254 (36.3%) | loss: 3.451593 | lrm: 1.00 | dt: 449ms | tok/sec: 1,167,911 | mfu: 17.8% | epoch: 1 | remaining: 191s    
step 00255 (36.5%) | loss: 3.450877 | lrm: 1.00 | dt: 449ms | tok/sec: 1,167,935 | mfu: 17.8% | epoch: 1 | remaining: 190s    
step 00256 (36.6%) | loss: 3.447446 | lrm: 1.00 | dt: 449ms | tok/sec: 1,168,101 | mfu: 17.8% | epoch: 1 | remaining: 190s    
step 00257 (36.8%) | loss: 3.446682 | lrm: 1.00 | dt: 449ms | tok/sec: 1,167,778 | mfu: 17.8% | epoch: 1 | remaining: 189s    
step 00258 (36.9%) | loss: 3.448095 | lrm: 1.00 | dt: 449ms | tok/sec: 1,167,650 | mfu: 17.8% | epoch: 1 | remaining: 189s    
step 00259 (37.1%) | loss: 3.448651 | lrm: 1.00 | dt: 449ms | tok/sec: 1,167,409 | mfu: 17.8% | epoch: 1 | remaining: 188s    
step 00260 (37.2%) | loss: 3.447647 | lrm: 1.00 | dt: 449ms | tok/sec: 1,167,704 | mfu: 17.8% | epoch: 1 | remaining: 188s    
step 00261 (37.4%) | loss: 3.449554 | lrm: 1.00 | dt: 449ms | tok/sec: 1,168,015 | mfu: 17.8% | epoch: 1 | remaining: 187s    
step 00262 (37.5%) | loss: 3.445655 | lrm: 1.00 | dt: 449ms | tok/sec: 1,168,027 | mfu: 17.8% | epoch: 1 | remaining: 187s    
step 00263 (37.7%) | loss: 3.442241 | lrm: 1.00 | dt: 449ms | tok/sec: 1,167,670 | mfu: 17.8% | epoch: 1 | remaining: 186s    
step 00264 (37.8%) | loss: 3.440236 | lrm: 1.00 | dt: 449ms | tok/sec: 1,167,750 | mfu: 17.8% | epoch: 1 | remaining: 186s    
step 00265 (38.0%) | loss: 3.440337 | lrm: 1.00 | dt: 449ms | tok/sec: 1,167,676 | mfu: 17.8% | epoch: 1 | remaining: 186s    
step 00266 (38.1%) | loss: 3.438354 | lrm: 1.00 | dt: 449ms | tok/sec: 1,166,609 | mfu: 17.8% | epoch: 1 | remaining: 185s    
step 00267 (38.3%) | loss: 3.434139 | lrm: 1.00 | dt: 449ms | tok/sec: 1,167,900 | mfu: 17.8% | epoch: 1 | remaining: 185s    
step 00268 (38.4%) | loss: 3.436911 | lrm: 1.00 | dt: 449ms | tok/sec: 1,168,066 | mfu: 17.8% | epoch: 1 | remaining: 184s    
step 00269 (38.6%) | loss: 3.437165 | lrm: 1.00 | dt: 449ms | tok/sec: 1,168,048 | mfu: 17.8% | epoch: 1 | remaining: 184s    
step 00270 (38.7%) | loss: 3.434318 | lrm: 1.00 | dt: 449ms | tok/sec: 1,168,093 | mfu: 17.8% | epoch: 1 | remaining: 183s    
step 00271 (38.9%) | loss: 3.435559 | lrm: 1.00 | dt: 449ms | tok/sec: 1,168,155 | mfu: 17.8% | epoch: 1 | remaining: 183s    
step 00272 (39.0%) | loss: 3.435351 | lrm: 1.00 | dt: 449ms | tok/sec: 1,167,705 | mfu: 17.8% | epoch: 1 | remaining: 182s    
step 00273 (39.2%) | loss: 3.434263 | lrm: 1.00 | dt: 449ms | tok/sec: 1,167,383 | mfu: 17.8% | epoch: 1 | remaining: 182s    
step 00274 (39.3%) | loss: 3.434923 | lrm: 1.00 | dt: 449ms | tok/sec: 1,167,969 | mfu: 17.8% | epoch: 1 | remaining: 182s    
step 00275 (39.5%) | loss: 3.433524 | lrm: 1.00 | dt: 449ms | tok/sec: 1,168,263 | mfu: 17.8% | epoch: 1 | remaining: 181s    
step 00276 (39.6%) | loss: 3.431563 | lrm: 1.00 | dt: 449ms | tok/sec: 1,167,866 | mfu: 17.8% | epoch: 1 | remaining: 181s    
step 00277 (39.8%) | loss: 3.433998 | lrm: 1.00 | dt: 449ms | tok/sec: 1,168,197 | mfu: 17.8% | epoch: 1 | remaining: 180s    
step 00278 (39.9%) | loss: 3.433838 | lrm: 1.00 | dt: 449ms | tok/sec: 1,167,876 | mfu: 17.8% | epoch: 1 | remaining: 180s    
step 00279 (40.1%) | loss: 3.431535 | lrm: 1.00 | dt: 449ms | tok/sec: 1,168,151 | mfu: 17.8% | epoch: 1 | remaining: 179s    
step 00280 (40.2%) | loss: 3.432125 | lrm: 1.00 | dt: 449ms | tok/sec: 1,167,962 | mfu: 17.8% | epoch: 1 | remaining: 179s    
step 00281 (40.4%) | loss: 3.435584 | lrm: 1.00 | dt: 449ms | tok/sec: 1,168,006 | mfu: 17.8% | epoch: 1 | remaining: 178s    
step 00282 (40.5%) | loss: 3.432417 | lrm: 1.00 | dt: 449ms | tok/sec: 1,168,232 | mfu: 17.8% | epoch: 1 | remaining: 178s    
step 00283 (40.7%) | loss: 3.433031 | lrm: 1.00 | dt: 449ms | tok/sec: 1,168,057 | mfu: 17.8% | epoch: 1 | remaining: 177s    
step 00284 (40.8%) | loss: 3.431121 | lrm: 1.00 | dt: 449ms | tok/sec: 1,168,260 | mfu: 17.8% | epoch: 1 | remaining: 177s    
step 00285 (41.0%) | loss: 3.431949 | lrm: 1.00 | dt: 449ms | tok/sec: 1,168,218 | mfu: 17.8% | epoch: 1 | remaining: 177s    
step 00286 (41.1%) | loss: 3.426927 | lrm: 1.00 | dt: 449ms | tok/sec: 1,168,055 | mfu: 17.8% | epoch: 1 | remaining: 176s    
step 00287 (41.3%) | loss: 3.425593 | lrm: 1.00 | dt: 449ms | tok/sec: 1,167,466 | mfu: 17.8% | epoch: 1 | remaining: 176s    
step 00288 (41.4%) | loss: 3.428360 | lrm: 1.00 | dt: 449ms | tok/sec: 1,167,708 | mfu: 17.8% | epoch: 1 | remaining: 175s    
step 00289 (41.6%) | loss: 3.426174 | lrm: 1.00 | dt: 449ms | tok/sec: 1,168,183 | mfu: 17.8% | epoch: 1 | remaining: 175s    
step 00290 (41.7%) | loss: 3.429150 | lrm: 1.00 | dt: 449ms | tok/sec: 1,167,969 | mfu: 17.8% | epoch: 1 | remaining: 174s    
step 00291 (41.9%) | loss: 3.421283 | lrm: 1.00 | dt: 449ms | tok/sec: 1,168,068 | mfu: 17.8% | epoch: 1 | remaining: 174s    
step 00292 (42.0%) | loss: 3.415350 | lrm: 1.00 | dt: 449ms | tok/sec: 1,167,956 | mfu: 17.8% | epoch: 1 | remaining: 173s    
step 00293 (42.2%) | loss: 3.415474 | lrm: 1.00 | dt: 449ms | tok/sec: 1,167,701 | mfu: 17.8% | epoch: 1 | remaining: 173s    
step 00294 (42.3%) | loss: 3.415250 | lrm: 1.00 | dt: 449ms | tok/sec: 1,167,506 | mfu: 17.8% | epoch: 1 | remaining: 173s    
step 00295 (42.5%) | loss: 3.414846 | lrm: 1.00 | dt: 449ms | tok/sec: 1,167,996 | mfu: 17.8% | epoch: 1 | remaining: 172s    
step 00296 (42.6%) | loss: 3.410063 | lrm: 1.00 | dt: 449ms | tok/sec: 1,167,986 | mfu: 17.8% | epoch: 1 | remaining: 172s    
step 00297 (42.8%) | loss: 3.410647 | lrm: 1.00 | dt: 449ms | tok/sec: 1,168,151 | mfu: 17.8% | epoch: 1 | remaining: 171s    
step 00298 (42.9%) | loss: 3.408637 | lrm: 1.00 | dt: 449ms | tok/sec: 1,167,857 | mfu: 17.8% | epoch: 1 | remaining: 171s    
step 00299 (43.1%) | loss: 3.408684 | lrm: 1.00 | dt: 449ms | tok/sec: 1,167,873 | mfu: 17.8% | epoch: 1 | remaining: 170s    
step 00300 (43.2%) | loss: 3.406282 | lrm: 1.00 | dt: 449ms | tok/sec: 1,167,990 | mfu: 17.8% | epoch: 1 | remaining: 170s    
step 00301 (43.4%) | loss: 3.402868 | lrm: 1.00 | dt: 449ms | tok/sec: 1,167,053 | mfu: 17.8% | epoch: 1 | remaining: 169s    
step 00302 (43.5%) | loss: 3.404322 | lrm: 1.00 | dt: 449ms | tok/sec: 1,167,468 | mfu: 17.8% | epoch: 1 | remaining: 169s    
step 00303 (43.7%) | loss: 3.403166 | lrm: 1.00 | dt: 449ms | tok/sec: 1,168,300 | mfu: 17.8% | epoch: 1 | remaining: 169s    
step 00304 (43.8%) | loss: 3.402930 | lrm: 1.00 | dt: 449ms | tok/sec: 1,168,163 | mfu: 17.8% | epoch: 1 | remaining: 168s    
step 00305 (44.0%) | loss: 3.401137 | lrm: 1.00 | dt: 449ms | tok/sec: 1,168,013 | mfu: 17.8% | epoch: 1 | remaining: 168s    
step 00306 (44.1%) | loss: 3.397086 | lrm: 1.00 | dt: 449ms | tok/sec: 1,168,187 | mfu: 17.8% | epoch: 1 | remaining: 167s    
step 00307 (44.3%) | loss: 3.394250 | lrm: 1.00 | dt: 449ms | tok/sec: 1,168,543 | mfu: 17.8% | epoch: 1 | remaining: 167s    
step 00308 (44.4%) | loss: 3.388328 | lrm: 1.00 | dt: 449ms | tok/sec: 1,167,946 | mfu: 17.8% | epoch: 1 | remaining: 166s    
step 00309 (44.6%) | loss: 3.383638 | lrm: 1.00 | dt: 449ms | tok/sec: 1,168,087 | mfu: 17.8% | epoch: 1 | remaining: 166s    
step 00310 (44.7%) | loss: 3.379476 | lrm: 1.00 | dt: 449ms | tok/sec: 1,168,016 | mfu: 17.8% | epoch: 1 | remaining: 165s    
step 00311 (44.9%) | loss: 3.380215 | lrm: 1.00 | dt: 449ms | tok/sec: 1,167,792 | mfu: 17.8% | epoch: 1 | remaining: 165s    
step 00312 (45.0%) | loss: 3.381814 | lrm: 1.00 | dt: 449ms | tok/sec: 1,168,121 | mfu: 17.8% | epoch: 1 | remaining: 164s    
step 00313 (45.2%) | loss: 3.376110 | lrm: 1.00 | dt: 449ms | tok/sec: 1,168,047 | mfu: 17.8% | epoch: 1 | remaining: 164s    
step 00314 (45.3%) | loss: 3.375426 | lrm: 1.00 | dt: 449ms | tok/sec: 1,168,145 | mfu: 17.8% | epoch: 1 | remaining: 164s    
step 00315 (45.5%) | loss: 3.381806 | lrm: 1.00 | dt: 449ms | tok/sec: 1,167,922 | mfu: 17.8% | epoch: 1 | remaining: 163s    
step 00316 (45.6%) | loss: 3.380341 | lrm: 1.00 | dt: 449ms | tok/sec: 1,168,282 | mfu: 17.8% | epoch: 1 | remaining: 163s    
step 00317 (45.8%) | loss: 3.382098 | lrm: 1.00 | dt: 449ms | tok/sec: 1,168,048 | mfu: 17.8% | epoch: 1 | remaining: 162s    
step 00318 (45.9%) | loss: 3.383279 | lrm: 1.00 | dt: 449ms | tok/sec: 1,168,100 | mfu: 17.8% | epoch: 1 | remaining: 162s    
step 00319 (46.1%) | loss: 3.380086 | lrm: 1.00 | dt: 449ms | tok/sec: 1,168,057 | mfu: 17.8% | epoch: 1 | remaining: 161s    
step 00320 (46.2%) | loss: 3.381090 | lrm: 1.00 | dt: 449ms | tok/sec: 1,168,160 | mfu: 17.8% | epoch: 1 | remaining: 161s    
step 00321 (46.4%) | loss: 3.378141 | lrm: 1.00 | dt: 449ms | tok/sec: 1,168,145 | mfu: 17.8% | epoch: 1 | remaining: 160s    
step 00322 (46.5%) | loss: 3.379005 | lrm: 1.00 | dt: 449ms | tok/sec: 1,168,205 | mfu: 17.8% | epoch: 1 | remaining: 160s    
step 00323 (46.7%) | loss: 3.375344 | lrm: 1.00 | dt: 449ms | tok/sec: 1,167,989 | mfu: 17.8% | epoch: 1 | remaining: 160s    
step 00324 (46.8%) | loss: 3.370482 | lrm: 1.00 | dt: 449ms | tok/sec: 1,168,399 | mfu: 17.8% | epoch: 1 | remaining: 159s    
step 00325 (47.0%) | loss: 3.365439 | lrm: 1.00 | dt: 449ms | tok/sec: 1,168,308 | mfu: 17.8% | epoch: 1 | remaining: 159s    
step 00326 (47.1%) | loss: 3.367358 | lrm: 1.00 | dt: 449ms | tok/sec: 1,168,330 | mfu: 17.8% | epoch: 1 | remaining: 158s    
step 00327 (47.3%) | loss: 3.363152 | lrm: 1.00 | dt: 449ms | tok/sec: 1,168,342 | mfu: 17.8% | epoch: 1 | remaining: 158s    
step 00328 (47.4%) | loss: 3.363745 | lrm: 1.00 | dt: 449ms | tok/sec: 1,168,081 | mfu: 17.8% | epoch: 1 | remaining: 157s    
step 00329 (47.6%) | loss: 3.366451 | lrm: 1.00 | dt: 449ms | tok/sec: 1,167,639 | mfu: 17.8% | epoch: 1 | remaining: 157s    
step 00330 (47.7%) | loss: 3.366488 | lrm: 1.00 | dt: 449ms | tok/sec: 1,168,107 | mfu: 17.8% | epoch: 1 | remaining: 156s    
step 00331 (47.9%) | loss: 3.369427 | lrm: 1.00 | dt: 449ms | tok/sec: 1,167,937 | mfu: 17.8% | epoch: 1 | remaining: 156s    
step 00332 (48.0%) | loss: 3.371065 | lrm: 1.00 | dt: 449ms | tok/sec: 1,167,930 | mfu: 17.8% | epoch: 1 | remaining: 156s    
step 00333 (48.2%) | loss: 3.369646 | lrm: 1.00 | dt: 449ms | tok/sec: 1,168,070 | mfu: 17.8% | epoch: 1 | remaining: 155s    
step 00334 (48.3%) | loss: 3.371115 | lrm: 1.00 | dt: 449ms | tok/sec: 1,168,136 | mfu: 17.8% | epoch: 1 | remaining: 155s    
step 00335 (48.5%) | loss: 3.362097 | lrm: 1.00 | dt: 449ms | tok/sec: 1,168,525 | mfu: 17.8% | epoch: 1 | remaining: 154s    
step 00336 (48.6%) | loss: 3.362823 | lrm: 1.00 | dt: 449ms | tok/sec: 1,168,291 | mfu: 17.8% | epoch: 1 | remaining: 154s    
step 00337 (48.8%) | loss: 3.360488 | lrm: 1.00 | dt: 449ms | tok/sec: 1,168,219 | mfu: 17.8% | epoch: 1 | remaining: 153s    
step 00338 (48.9%) | loss: 3.360618 | lrm: 1.00 | dt: 449ms | tok/sec: 1,168,239 | mfu: 17.8% | epoch: 1 | remaining: 153s    
step 00339 (49.1%) | loss: 3.354251 | lrm: 1.00 | dt: 449ms | tok/sec: 1,168,387 | mfu: 17.8% | epoch: 1 | remaining: 152s    
step 00340 (49.2%) | loss: 3.357457 | lrm: 1.00 | dt: 449ms | tok/sec: 1,168,107 | mfu: 17.8% | epoch: 1 | remaining: 152s    
step 00341 (49.4%) | loss: 3.355166 | lrm: 1.00 | dt: 449ms | tok/sec: 1,167,981 | mfu: 17.8% | epoch: 1 | remaining: 151s    
step 00342 (49.5%) | loss: 3.358940 | lrm: 1.00 | dt: 449ms | tok/sec: 1,168,241 | mfu: 17.8% | epoch: 1 | remaining: 151s    
step 00343 (49.7%) | loss: 3.364081 | lrm: 1.00 | dt: 449ms | tok/sec: 1,167,188 | mfu: 17.8% | epoch: 1 | remaining: 151s    
step 00344 (49.8%) | loss: 3.364149 | lrm: 1.00 | dt: 449ms | tok/sec: 1,167,913 | mfu: 17.8% | epoch: 1 | remaining: 150s    
step 00345 (50.0%) | loss: 3.362490 | lrm: 1.00 | dt: 449ms | tok/sec: 1,167,849 | mfu: 17.8% | epoch: 1 | remaining: 150s    
step 00346 (50.1%) | loss: 3.362543 | lrm: 1.00 | dt: 449ms | tok/sec: 1,168,088 | mfu: 17.8% | epoch: 1 | remaining: 149s    
step 00347 (50.3%) | loss: 3.361468 | lrm: 0.99 | dt: 449ms | tok/sec: 1,166,984 | mfu: 17.8% | epoch: 1 | remaining: 149s    
step 00348 (50.4%) | loss: 3.357114 | lrm: 0.99 | dt: 449ms | tok/sec: 1,167,546 | mfu: 17.8% | epoch: 1 | remaining: 148s    
step 00349 (50.6%) | loss: 3.356645 | lrm: 0.99 | dt: 449ms | tok/sec: 1,167,776 | mfu: 17.8% | epoch: 1 | remaining: 148s    
step 00350 (50.7%) | loss: 3.355753 | lrm: 0.99 | dt: 449ms | tok/sec: 1,167,375 | mfu: 17.8% | epoch: 1 | remaining: 147s    
step 00351 (50.9%) | loss: 3.352040 | lrm: 0.98 | dt: 449ms | tok/sec: 1,167,839 | mfu: 17.8% | epoch: 1 | remaining: 147s    
step 00352 (51.0%) | loss: 3.354753 | lrm: 0.98 | dt: 449ms | tok/sec: 1,167,762 | mfu: 17.8% | epoch: 1 | remaining: 147s    
step 00353 (51.2%) | loss: 3.350199 | lrm: 0.98 | dt: 449ms | tok/sec: 1,167,979 | mfu: 17.8% | epoch: 1 | remaining: 146s    
step 00354 (51.3%) | loss: 3.351492 | lrm: 0.97 | dt: 449ms | tok/sec: 1,168,050 | mfu: 17.8% | epoch: 1 | remaining: 146s    
step 00355 (51.5%) | loss: 3.350391 | lrm: 0.97 | dt: 449ms | tok/sec: 1,168,492 | mfu: 17.8% | epoch: 1 | remaining: 145s    
step 00356 (51.6%) | loss: 3.343768 | lrm: 0.97 | dt: 449ms | tok/sec: 1,168,332 | mfu: 17.8% | epoch: 1 | remaining: 145s    
step 00357 (51.8%) | loss: 3.339390 | lrm: 0.96 | dt: 449ms | tok/sec: 1,168,295 | mfu: 17.8% | epoch: 1 | remaining: 144s    
step 00358 (51.9%) | loss: 3.336755 | lrm: 0.96 | dt: 449ms | tok/sec: 1,168,423 | mfu: 17.8% | epoch: 1 | remaining: 144s    
step 00359 (52.1%) | loss: 3.335889 | lrm: 0.96 | dt: 449ms | tok/sec: 1,168,215 | mfu: 17.8% | epoch: 1 | remaining: 143s    
step 00360 (52.2%) | loss: 3.334623 | lrm: 0.96 | dt: 449ms | tok/sec: 1,168,263 | mfu: 17.8% | epoch: 1 | remaining: 143s    
step 00361 (52.4%) | loss: 3.327843 | lrm: 0.95 | dt: 449ms | tok/sec: 1,168,326 | mfu: 17.8% | epoch: 1 | remaining: 142s    
step 00362 (52.5%) | loss: 3.335565 | lrm: 0.95 | dt: 449ms | tok/sec: 1,168,493 | mfu: 17.8% | epoch: 1 | remaining: 142s    
step 00363 (52.7%) | loss: 3.335262 | lrm: 0.95 | dt: 449ms | tok/sec: 1,168,310 | mfu: 17.8% | epoch: 1 | remaining: 142s    
step 00364 (52.8%) | loss: 3.337027 | lrm: 0.94 | dt: 449ms | tok/sec: 1,168,386 | mfu: 17.8% | epoch: 1 | remaining: 141s    
step 00365 (53.0%) | loss: 3.329703 | lrm: 0.94 | dt: 449ms | tok/sec: 1,168,258 | mfu: 17.8% | epoch: 1 | remaining: 141s    
step 00366 (53.1%) | loss: 3.329921 | lrm: 0.94 | dt: 449ms | tok/sec: 1,168,287 | mfu: 17.8% | epoch: 1 | remaining: 140s    
step 00367 (53.3%) | loss: 3.328434 | lrm: 0.93 | dt: 449ms | tok/sec: 1,168,272 | mfu: 17.8% | epoch: 1 | remaining: 140s    
step 00368 (53.4%) | loss: 3.322527 | lrm: 0.93 | dt: 449ms | tok/sec: 1,168,030 | mfu: 17.8% | epoch: 1 | remaining: 139s    
step 00369 (53.6%) | loss: 3.320699 | lrm: 0.93 | dt: 449ms | tok/sec: 1,168,108 | mfu: 17.8% | epoch: 1 | remaining: 139s    
step 00370 (53.7%) | loss: 3.317968 | lrm: 0.93 | dt: 449ms | tok/sec: 1,168,173 | mfu: 17.8% | epoch: 1 | remaining: 138s    
step 00371 (53.9%) | loss: 3.316048 | lrm: 0.92 | dt: 449ms | tok/sec: 1,167,816 | mfu: 17.8% | epoch: 1 | remaining: 138s    
step 00372 (54.0%) | loss: 3.312623 | lrm: 0.92 | dt: 449ms | tok/sec: 1,168,187 | mfu: 17.8% | epoch: 1 | remaining: 138s    
step 00373 (54.1%) | loss: 3.317541 | lrm: 0.92 | dt: 449ms | tok/sec: 1,168,146 | mfu: 17.8% | epoch: 1 | remaining: 137s    
step 00374 (54.3%) | loss: 3.313511 | lrm: 0.91 | dt: 449ms | tok/sec: 1,168,159 | mfu: 17.8% | epoch: 1 | remaining: 137s    
step 00375 (54.4%) | loss: 3.309957 | lrm: 0.91 | dt: 449ms | tok/sec: 1,168,416 | mfu: 17.8% | epoch: 1 | remaining: 136s    
step 00376 (54.6%) | loss: 3.311889 | lrm: 0.91 | dt: 449ms | tok/sec: 1,168,144 | mfu: 17.8% | epoch: 1 | remaining: 136s    
step 00377 (54.7%) | loss: 3.314559 | lrm: 0.91 | dt: 449ms | tok/sec: 1,167,994 | mfu: 17.8% | epoch: 1 | remaining: 135s    
step 00378 (54.9%) | loss: 3.317496 | lrm: 0.90 | dt: 449ms | tok/sec: 1,168,240 | mfu: 17.8% | epoch: 1 | remaining: 135s    
step 00379 (55.0%) | loss: 3.312107 | lrm: 0.90 | dt: 449ms | tok/sec: 1,168,147 | mfu: 17.8% | epoch: 1 | remaining: 134s    
step 00380 (55.2%) | loss: 3.313128 | lrm: 0.90 | dt: 449ms | tok/sec: 1,168,065 | mfu: 17.8% | epoch: 1 | remaining: 134s    
step 00381 (55.3%) | loss: 3.310570 | lrm: 0.89 | dt: 449ms | tok/sec: 1,168,392 | mfu: 17.8% | epoch: 1 | remaining: 134s    
step 00382 (55.5%) | loss: 3.305996 | lrm: 0.89 | dt: 449ms | tok/sec: 1,168,121 | mfu: 17.8% | epoch: 1 | remaining: 133s    
step 00383 (55.6%) | loss: 3.308486 | lrm: 0.89 | dt: 449ms | tok/sec: 1,168,381 | mfu: 17.8% | epoch: 1 | remaining: 133s    
step 00384 (55.8%) | loss: 3.305006 | lrm: 0.88 | dt: 449ms | tok/sec: 1,168,245 | mfu: 17.8% | epoch: 1 | remaining: 132s    
step 00385 (55.9%) | loss: 3.304453 | lrm: 0.88 | dt: 449ms | tok/sec: 1,168,066 | mfu: 17.8% | epoch: 1 | remaining: 132s    
step 00386 (56.1%) | loss: 3.306529 | lrm: 0.88 | dt: 449ms | tok/sec: 1,168,215 | mfu: 17.8% | epoch: 1 | remaining: 131s    
step 00387 (56.2%) | loss: 3.300379 | lrm: 0.88 | dt: 449ms | tok/sec: 1,168,506 | mfu: 17.8% | epoch: 1 | remaining: 131s    
step 00388 (56.4%) | loss: 3.299347 | lrm: 0.87 | dt: 449ms | tok/sec: 1,167,838 | mfu: 17.8% | epoch: 1 | remaining: 130s    
step 00389 (56.5%) | loss: 3.296366 | lrm: 0.87 | dt: 449ms | tok/sec: 1,168,335 | mfu: 17.8% | epoch: 1 | remaining: 130s    
step 00390 (56.7%) | loss: 3.294796 | lrm: 0.87 | dt: 449ms | tok/sec: 1,168,155 | mfu: 17.8% | epoch: 1 | remaining: 129s    
step 00391 (56.8%) | loss: 3.291265 | lrm: 0.86 | dt: 449ms | tok/sec: 1,168,484 | mfu: 17.8% | epoch: 1 | remaining: 129s    
step 00392 (57.0%) | loss: 3.289187 | lrm: 0.86 | dt: 449ms | tok/sec: 1,168,056 | mfu: 17.8% | epoch: 1 | remaining: 129s    
step 00393 (57.1%) | loss: 3.291878 | lrm: 0.86 | dt: 449ms | tok/sec: 1,168,395 | mfu: 17.8% | epoch: 1 | remaining: 128s    
step 00394 (57.3%) | loss: 3.291788 | lrm: 0.85 | dt: 449ms | tok/sec: 1,168,185 | mfu: 17.8% | epoch: 1 | remaining: 128s    
step 00395 (57.4%) | loss: 3.295695 | lrm: 0.85 | dt: 449ms | tok/sec: 1,168,278 | mfu: 17.8% | epoch: 1 | remaining: 127s    
step 00396 (57.6%) | loss: 3.295320 | lrm: 0.85 | dt: 449ms | tok/sec: 1,168,244 | mfu: 17.8% | epoch: 1 | remaining: 127s    
step 00397 (57.7%) | loss: 3.292738 | lrm: 0.85 | dt: 449ms | tok/sec: 1,167,910 | mfu: 17.8% | epoch: 1 | remaining: 126s    
step 00398 (57.9%) | loss: 3.288180 | lrm: 0.84 | dt: 449ms | tok/sec: 1,167,946 | mfu: 17.8% | epoch: 1 | remaining: 126s    
step 00399 (58.0%) | loss: 3.288826 | lrm: 0.84 | dt: 449ms | tok/sec: 1,167,764 | mfu: 17.8% | epoch: 1 | remaining: 125s    
step 00400 (58.2%) | loss: 3.288299 | lrm: 0.84 | dt: 449ms | tok/sec: 1,168,246 | mfu: 17.8% | epoch: 1 | remaining: 125s    
step 00401 (58.3%) | loss: 3.284524 | lrm: 0.83 | dt: 449ms | tok/sec: 1,168,078 | mfu: 17.8% | epoch: 1 | remaining: 125s    
step 00402 (58.5%) | loss: 3.281918 | lrm: 0.83 | dt: 449ms | tok/sec: 1,168,324 | mfu: 17.8% | epoch: 1 | remaining: 124s    
step 00403 (58.6%) | loss: 3.281471 | lrm: 0.83 | dt: 449ms | tok/sec: 1,168,296 | mfu: 17.8% | epoch: 1 | remaining: 124s    
step 00404 (58.8%) | loss: 3.281851 | lrm: 0.82 | dt: 449ms | tok/sec: 1,168,369 | mfu: 17.8% | epoch: 1 | remaining: 123s    
step 00405 (58.9%) | loss: 3.276329 | lrm: 0.82 | dt: 449ms | tok/sec: 1,168,065 | mfu: 17.8% | epoch: 1 | remaining: 123s    
step 00406 (59.1%) | loss: 3.275737 | lrm: 0.82 | dt: 449ms | tok/sec: 1,168,271 | mfu: 17.8% | epoch: 1 | remaining: 122s    
step 00407 (59.2%) | loss: 3.276938 | lrm: 0.82 | dt: 449ms | tok/sec: 1,167,956 | mfu: 17.8% | epoch: 1 | remaining: 122s    
step 00408 (59.4%) | loss: 3.274089 | lrm: 0.81 | dt: 449ms | tok/sec: 1,168,106 | mfu: 17.8% | epoch: 1 | remaining: 121s    
step 00409 (59.5%) | loss: 3.274489 | lrm: 0.81 | dt: 449ms | tok/sec: 1,168,330 | mfu: 17.8% | epoch: 1 | remaining: 121s    
step 00410 (59.7%) | loss: 3.276416 | lrm: 0.81 | dt: 449ms | tok/sec: 1,168,148 | mfu: 17.8% | epoch: 1 | remaining: 120s    
step 00411 (59.8%) | loss: 3.274910 | lrm: 0.80 | dt: 449ms | tok/sec: 1,168,216 | mfu: 17.8% | epoch: 1 | remaining: 120s    
step 00412 (60.0%) | loss: 3.271070 | lrm: 0.80 | dt: 449ms | tok/sec: 1,168,361 | mfu: 17.8% | epoch: 1 | remaining: 120s    
step 00413 (60.1%) | loss: 3.272772 | lrm: 0.80 | dt: 449ms | tok/sec: 1,168,191 | mfu: 17.8% | epoch: 1 | remaining: 119s    
step 00414 (60.3%) | loss: 3.263334 | lrm: 0.79 | dt: 449ms | tok/sec: 1,168,229 | mfu: 17.8% | epoch: 1 | remaining: 119s    
step 00415 (60.4%) | loss: 3.264471 | lrm: 0.79 | dt: 449ms | tok/sec: 1,168,312 | mfu: 17.8% | epoch: 1 | remaining: 118s    
step 00416 (60.6%) | loss: 3.262494 | lrm: 0.79 | dt: 449ms | tok/sec: 1,168,111 | mfu: 17.8% | epoch: 1 | remaining: 118s    
step 00417 (60.7%) | loss: 3.264511 | lrm: 0.79 | dt: 449ms | tok/sec: 1,168,093 | mfu: 17.8% | epoch: 1 | remaining: 117s    
step 00418 (60.9%) | loss: 3.265908 | lrm: 0.78 | dt: 449ms | tok/sec: 1,168,049 | mfu: 17.8% | epoch: 1 | remaining: 117s    
step 00419 (61.0%) | loss: 3.264367 | lrm: 0.78 | dt: 449ms | tok/sec: 1,168,155 | mfu: 17.8% | epoch: 1 | remaining: 116s    
step 00420 (61.2%) | loss: 3.261085 | lrm: 0.78 | dt: 449ms | tok/sec: 1,167,717 | mfu: 17.8% | epoch: 1 | remaining: 116s    
step 00421 (61.3%) | loss: 3.261791 | lrm: 0.77 | dt: 449ms | tok/sec: 1,168,110 | mfu: 17.8% | epoch: 1 | remaining: 116s    
step 00422 (61.5%) | loss: 3.255032 | lrm: 0.77 | dt: 449ms | tok/sec: 1,168,303 | mfu: 17.8% | epoch: 1 | remaining: 115s    
step 00423 (61.6%) | loss: 3.252179 | lrm: 0.77 | dt: 449ms | tok/sec: 1,168,330 | mfu: 17.8% | epoch: 1 | remaining: 115s    
step 00424 (61.8%) | loss: 3.252358 | lrm: 0.76 | dt: 449ms | tok/sec: 1,167,975 | mfu: 17.8% | epoch: 1 | remaining: 114s    
step 00425 (61.9%) | loss: 3.249501 | lrm: 0.76 | dt: 449ms | tok/sec: 1,167,863 | mfu: 17.8% | epoch: 1 | remaining: 114s    
step 00426 (62.1%) | loss: 3.250325 | lrm: 0.76 | dt: 449ms | tok/sec: 1,168,176 | mfu: 17.8% | epoch: 1 | remaining: 113s    
step 00427 (62.2%) | loss: 3.249267 | lrm: 0.76 | dt: 449ms | tok/sec: 1,168,036 | mfu: 17.8% | epoch: 1 | remaining: 113s    
step 00428 (62.4%) | loss: 3.250045 | lrm: 0.75 | dt: 449ms | tok/sec: 1,167,837 | mfu: 17.8% | epoch: 1 | remaining: 112s    
step 00429 (62.5%) | loss: 3.245803 | lrm: 0.75 | dt: 449ms | tok/sec: 1,168,253 | mfu: 17.8% | epoch: 1 | remaining: 112s    
step 00430 (62.7%) | loss: 3.250008 | lrm: 0.75 | dt: 449ms | tok/sec: 1,168,171 | mfu: 17.8% | epoch: 1 | remaining: 112s    
step 00431 (62.8%) | loss: 3.248815 | lrm: 0.74 | dt: 449ms | tok/sec: 1,168,240 | mfu: 17.8% | epoch: 1 | remaining: 111s    
step 00432 (63.0%) | loss: 3.251330 | lrm: 0.74 | dt: 449ms | tok/sec: 1,167,995 | mfu: 17.8% | epoch: 1 | remaining: 111s    
step 00433 (63.1%) | loss: 3.251108 | lrm: 0.74 | dt: 449ms | tok/sec: 1,168,257 | mfu: 17.8% | epoch: 1 | remaining: 110s    
step 00434 (63.3%) | loss: 3.250012 | lrm: 0.73 | dt: 449ms | tok/sec: 1,167,504 | mfu: 17.8% | epoch: 1 | remaining: 110s    
step 00435 (63.4%) | loss: 3.251340 | lrm: 0.73 | dt: 449ms | tok/sec: 1,167,914 | mfu: 17.8% | epoch: 1 | remaining: 109s    
step 00436 (63.6%) | loss: 3.249228 | lrm: 0.73 | dt: 449ms | tok/sec: 1,168,140 | mfu: 17.8% | epoch: 1 | remaining: 109s    
step 00437 (63.7%) | loss: 3.243993 | lrm: 0.73 | dt: 449ms | tok/sec: 1,168,283 | mfu: 17.8% | epoch: 1 | remaining: 108s    
step 00438 (63.9%) | loss: 3.242800 | lrm: 0.72 | dt: 449ms | tok/sec: 1,168,113 | mfu: 17.8% | epoch: 1 | remaining: 108s    
step 00439 (64.0%) | loss: 3.240910 | lrm: 0.72 | dt: 449ms | tok/sec: 1,168,488 | mfu: 17.8% | epoch: 1 | remaining: 107s    
step 00440 (64.2%) | loss: 3.239463 | lrm: 0.72 | dt: 449ms | tok/sec: 1,168,152 | mfu: 17.8% | epoch: 1 | remaining: 107s    
step 00441 (64.3%) | loss: 3.237240 | lrm: 0.71 | dt: 449ms | tok/sec: 1,168,387 | mfu: 17.8% | epoch: 1 | remaining: 107s    
step 00442 (64.5%) | loss: 3.236923 | lrm: 0.71 | dt: 449ms | tok/sec: 1,168,384 | mfu: 17.8% | epoch: 1 | remaining: 106s    
step 00443 (64.6%) | loss: 3.238742 | lrm: 0.71 | dt: 449ms | tok/sec: 1,168,342 | mfu: 17.8% | epoch: 1 | remaining: 106s    
step 00444 (64.8%) | loss: 3.240192 | lrm: 0.70 | dt: 449ms | tok/sec: 1,168,232 | mfu: 17.8% | epoch: 1 | remaining: 105s    
step 00445 (64.9%) | loss: 3.237587 | lrm: 0.70 | dt: 449ms | tok/sec: 1,168,478 | mfu: 17.8% | epoch: 1 | remaining: 105s    
step 00446 (65.1%) | loss: 3.232895 | lrm: 0.70 | dt: 449ms | tok/sec: 1,168,538 | mfu: 17.8% | epoch: 1 | remaining: 104s    
step 00447 (65.2%) | loss: 3.234583 | lrm: 0.70 | dt: 449ms | tok/sec: 1,168,227 | mfu: 17.8% | epoch: 1 | remaining: 104s    
step 00448 (65.4%) | loss: 3.231975 | lrm: 0.69 | dt: 449ms | tok/sec: 1,167,749 | mfu: 17.8% | epoch: 1 | remaining: 103s    
step 00449 (65.5%) | loss: 3.226752 | lrm: 0.69 | dt: 449ms | tok/sec: 1,168,201 | mfu: 17.8% | epoch: 1 | remaining: 103s    
step 00450 (65.7%) | loss: 3.230115 | lrm: 0.69 | dt: 449ms | tok/sec: 1,168,234 | mfu: 17.8% | epoch: 1 | remaining: 103s    
step 00451 (65.8%) | loss: 3.233123 | lrm: 0.68 | dt: 449ms | tok/sec: 1,168,047 | mfu: 17.8% | epoch: 1 | remaining: 102s    
step 00452 (66.0%) | loss: 3.229170 | lrm: 0.68 | dt: 449ms | tok/sec: 1,168,327 | mfu: 17.8% | epoch: 1 | remaining: 102s    
step 00453 (66.1%) | loss: 3.225395 | lrm: 0.68 | dt: 449ms | tok/sec: 1,168,229 | mfu: 17.8% | epoch: 1 | remaining: 101s    
step 00454 (66.3%) | loss: 3.221212 | lrm: 0.67 | dt: 449ms | tok/sec: 1,168,309 | mfu: 17.8% | epoch: 1 | remaining: 101s    
step 00455 (66.4%) | loss: 3.220299 | lrm: 0.67 | dt: 449ms | tok/sec: 1,168,280 | mfu: 17.8% | epoch: 1 | remaining: 100s    
step 00456 (66.6%) | loss: 3.218194 | lrm: 0.67 | dt: 449ms | tok/sec: 1,168,169 | mfu: 17.8% | epoch: 1 | remaining: 100s    
step 00457 (66.7%) | loss: 3.213484 | lrm: 0.67 | dt: 449ms | tok/sec: 1,168,394 | mfu: 17.8% | epoch: 1 | remaining: 99s    
step 00458 (66.9%) | loss: 3.216480 | lrm: 0.66 | dt: 449ms | tok/sec: 1,168,313 | mfu: 17.8% | epoch: 1 | remaining: 99s    
step 00459 (67.0%) | loss: 3.218652 | lrm: 0.66 | dt: 449ms | tok/sec: 1,168,310 | mfu: 17.8% | epoch: 1 | remaining: 99s    
step 00460 (67.2%) | loss: 3.221582 | lrm: 0.66 | dt: 449ms | tok/sec: 1,168,481 | mfu: 17.8% | epoch: 1 | remaining: 98s    
step 00461 (67.3%) | loss: 3.223364 | lrm: 0.65 | dt: 449ms | tok/sec: 1,167,994 | mfu: 17.8% | epoch: 1 | remaining: 98s    
step 00462 (67.5%) | loss: 3.222543 | lrm: 0.65 | dt: 449ms | tok/sec: 1,168,331 | mfu: 17.8% | epoch: 1 | remaining: 97s    
step 00463 (67.6%) | loss: 3.223829 | lrm: 0.65 | dt: 449ms | tok/sec: 1,168,296 | mfu: 17.8% | epoch: 1 | remaining: 97s    
step 00464 (67.8%) | loss: 3.223921 | lrm: 0.64 | dt: 449ms | tok/sec: 1,168,177 | mfu: 17.8% | epoch: 1 | remaining: 96s    
step 00465 (67.9%) | loss: 3.220431 | lrm: 0.64 | dt: 449ms | tok/sec: 1,168,350 | mfu: 17.8% | epoch: 1 | remaining: 96s    
step 00466 (68.1%) | loss: 3.219232 | lrm: 0.64 | dt: 449ms | tok/sec: 1,167,883 | mfu: 17.8% | epoch: 1 | remaining: 95s    
step 00467 (68.2%) | loss: 3.220319 | lrm: 0.64 | dt: 449ms | tok/sec: 1,168,079 | mfu: 17.8% | epoch: 1 | remaining: 95s    
step 00468 (68.4%) | loss: 3.224494 | lrm: 0.63 | dt: 449ms | tok/sec: 1,168,214 | mfu: 17.8% | epoch: 1 | remaining: 94s    
step 00469 (68.5%) | loss: 3.224985 | lrm: 0.63 | dt: 449ms | tok/sec: 1,167,470 | mfu: 17.8% | epoch: 1 | remaining: 94s    
step 00470 (68.7%) | loss: 3.225670 | lrm: 0.63 | dt: 449ms | tok/sec: 1,168,037 | mfu: 17.8% | epoch: 1 | remaining: 94s    
step 00471 (68.8%) | loss: 3.224464 | lrm: 0.62 | dt: 449ms | tok/sec: 1,168,463 | mfu: 17.8% | epoch: 1 | remaining: 93s    
step 00472 (69.0%) | loss: 3.215687 | lrm: 0.62 | dt: 449ms | tok/sec: 1,168,479 | mfu: 17.8% | epoch: 1 | remaining: 93s    
step 00473 (69.1%) | loss: 3.211545 | lrm: 0.62 | dt: 449ms | tok/sec: 1,168,466 | mfu: 17.8% | epoch: 1 | remaining: 92s    
step 00474 (69.3%) | loss: 3.207132 | lrm: 0.61 | dt: 449ms | tok/sec: 1,168,121 | mfu: 17.8% | epoch: 1 | remaining: 92s    
step 00475 (69.4%) | loss: 3.211999 | lrm: 0.61 | dt: 449ms | tok/sec: 1,168,162 | mfu: 17.8% | epoch: 1 | remaining: 91s    
step 00476 (69.6%) | loss: 3.212516 | lrm: 0.61 | dt: 449ms | tok/sec: 1,167,231 | mfu: 17.8% | epoch: 1 | remaining: 91s    
step 00477 (69.7%) | loss: 3.209936 | lrm: 0.61 | dt: 449ms | tok/sec: 1,167,770 | mfu: 17.8% | epoch: 1 | remaining: 90s    
step 00478 (69.9%) | loss: 3.212091 | lrm: 0.60 | dt: 449ms | tok/sec: 1,167,388 | mfu: 17.8% | epoch: 1 | remaining: 90s    
step 00479 (70.0%) | loss: 3.209473 | lrm: 0.60 | dt: 449ms | tok/sec: 1,168,162 | mfu: 17.8% | epoch: 1 | remaining: 90s    
step 00480 (70.2%) | loss: 3.207643 | lrm: 0.60 | dt: 449ms | tok/sec: 1,168,155 | mfu: 17.8% | epoch: 1 | remaining: 89s    
step 00481 (70.3%) | loss: 3.204332 | lrm: 0.59 | dt: 449ms | tok/sec: 1,168,403 | mfu: 17.8% | epoch: 1 | remaining: 89s    
step 00482 (70.5%) | loss: 3.202635 | lrm: 0.59 | dt: 449ms | tok/sec: 1,168,135 | mfu: 17.8% | epoch: 1 | remaining: 88s    
step 00483 (70.6%) | loss: 3.198151 | lrm: 0.59 | dt: 449ms | tok/sec: 1,167,504 | mfu: 17.8% | epoch: 1 | remaining: 88s    
step 00484 (70.8%) | loss: 3.193551 | lrm: 0.58 | dt: 449ms | tok/sec: 1,168,172 | mfu: 17.8% | epoch: 1 | remaining: 87s    
step 00485 (70.9%) | loss: 3.186272 | lrm: 0.58 | dt: 449ms | tok/sec: 1,168,393 | mfu: 17.8% | epoch: 1 | remaining: 87s    
step 00486 (71.1%) | loss: 3.182816 | lrm: 0.58 | dt: 449ms | tok/sec: 1,168,197 | mfu: 17.8% | epoch: 1 | remaining: 86s    
step 00487 (71.2%) | loss: 3.179519 | lrm: 0.58 | dt: 449ms | tok/sec: 1,168,309 | mfu: 17.8% | epoch: 1 | remaining: 86s    
step 00488 (71.4%) | loss: 3.176598 | lrm: 0.57 | dt: 449ms | tok/sec: 1,167,921 | mfu: 17.8% | epoch: 1 | remaining: 85s    
step 00489 (71.5%) | loss: 3.172275 | lrm: 0.57 | dt: 449ms | tok/sec: 1,167,705 | mfu: 17.8% | epoch: 1 | remaining: 85s    
step 00490 (71.7%) | loss: 3.169066 | lrm: 0.57 | dt: 449ms | tok/sec: 1,167,046 | mfu: 17.8% | epoch: 1 | remaining: 85s    
step 00491 (71.8%) | loss: 3.165569 | lrm: 0.56 | dt: 449ms | tok/sec: 1,168,321 | mfu: 17.8% | epoch: 1 | remaining: 84s    
step 00492 (72.0%) | loss: 3.163692 | lrm: 0.56 | dt: 449ms | tok/sec: 1,168,244 | mfu: 17.8% | epoch: 1 | remaining: 84s    
step 00493 (72.1%) | loss: 3.167389 | lrm: 0.56 | dt: 449ms | tok/sec: 1,168,288 | mfu: 17.8% | epoch: 1 | remaining: 83s    
step 00494 (72.3%) | loss: 3.164720 | lrm: 0.55 | dt: 449ms | tok/sec: 1,168,151 | mfu: 17.8% | epoch: 1 | remaining: 83s    
step 00495 (72.4%) | loss: 3.162267 | lrm: 0.55 | dt: 449ms | tok/sec: 1,168,497 | mfu: 17.8% | epoch: 1 | remaining: 82s    
step 00496 (72.6%) | loss: 3.164500 | lrm: 0.55 | dt: 449ms | tok/sec: 1,168,152 | mfu: 17.8% | epoch: 1 | remaining: 82s    
step 00497 (72.7%) | loss: 3.165345 | lrm: 0.55 | dt: 449ms | tok/sec: 1,168,091 | mfu: 17.8% | epoch: 1 | remaining: 81s    
step 00498 (72.9%) | loss: 3.166139 | lrm: 0.54 | dt: 449ms | tok/sec: 1,168,124 | mfu: 17.8% | epoch: 1 | remaining: 81s    
step 00499 (73.0%) | loss: 3.165666 | lrm: 0.54 | dt: 449ms | tok/sec: 1,168,276 | mfu: 17.8% | epoch: 1 | remaining: 81s    
step 00500 (73.1%) | loss: 3.167215 | lrm: 0.54 | dt: 449ms | tok/sec: 1,168,675 | mfu: 17.8% | epoch: 1 | remaining: 80s    
step 00501 (73.3%) | loss: 3.164381 | lrm: 0.53 | dt: 449ms | tok/sec: 1,168,165 | mfu: 17.8% | epoch: 1 | remaining: 80s    
step 00502 (73.4%) | loss: 3.164616 | lrm: 0.53 | dt: 449ms | tok/sec: 1,168,128 | mfu: 17.8% | epoch: 1 | remaining: 79s    
step 00503 (73.6%) | loss: 3.156515 | lrm: 0.53 | dt: 449ms | tok/sec: 1,168,291 | mfu: 17.8% | epoch: 1 | remaining: 79s    
step 00504 (73.7%) | loss: 3.157818 | lrm: 0.53 | dt: 449ms | tok/sec: 1,168,038 | mfu: 17.8% | epoch: 1 | remaining: 78s    
step 00505 (73.9%) | loss: 3.160369 | lrm: 0.52 | dt: 449ms | tok/sec: 1,168,108 | mfu: 17.8% | epoch: 1 | remaining: 78s    
step 00506 (74.0%) | loss: 3.160058 | lrm: 0.52 | dt: 449ms | tok/sec: 1,168,531 | mfu: 17.8% | epoch: 1 | remaining: 77s    
step 00507 (74.2%) | loss: 3.160090 | lrm: 0.52 | dt: 449ms | tok/sec: 1,168,459 | mfu: 17.8% | epoch: 1 | remaining: 77s    
step 00508 (74.3%) | loss: 3.159080 | lrm: 0.51 | dt: 449ms | tok/sec: 1,168,330 | mfu: 17.8% | epoch: 1 | remaining: 77s    
step 00509 (74.5%) | loss: 3.157417 | lrm: 0.51 | dt: 449ms | tok/sec: 1,168,150 | mfu: 17.8% | epoch: 1 | remaining: 76s    
step 00510 (74.6%) | loss: 3.153379 | lrm: 0.51 | dt: 449ms | tok/sec: 1,168,080 | mfu: 17.8% | epoch: 1 | remaining: 76s    
step 00511 (74.8%) | loss: 3.152302 | lrm: 0.50 | dt: 449ms | tok/sec: 1,167,830 | mfu: 17.8% | epoch: 1 | remaining: 75s    
step 00512 (74.9%) | loss: 3.150434 | lrm: 0.50 | dt: 449ms | tok/sec: 1,167,962 | mfu: 17.8% | epoch: 1 | remaining: 75s    
step 00513 (75.1%) | loss: 3.150022 | lrm: 0.50 | dt: 449ms | tok/sec: 1,168,057 | mfu: 17.8% | epoch: 1 | remaining: 74s    
step 00514 (75.2%) | loss: 3.154326 | lrm: 0.50 | dt: 449ms | tok/sec: 1,168,257 | mfu: 17.8% | epoch: 1 | remaining: 74s    
step 00515 (75.4%) | loss: 3.155817 | lrm: 0.49 | dt: 449ms | tok/sec: 1,168,313 | mfu: 17.8% | epoch: 1 | remaining: 73s    
step 00516 (75.5%) | loss: 3.153542 | lrm: 0.49 | dt: 449ms | tok/sec: 1,168,230 | mfu: 17.8% | epoch: 1 | remaining: 73s    
step 00517 (75.7%) | loss: 3.151240 | lrm: 0.49 | dt: 449ms | tok/sec: 1,168,239 | mfu: 17.8% | epoch: 1 | remaining: 72s    
step 00518 (75.8%) | loss: 3.151082 | lrm: 0.48 | dt: 449ms | tok/sec: 1,168,044 | mfu: 17.8% | epoch: 1 | remaining: 72s    
step 00519 (76.0%) | loss: 3.155192 | lrm: 0.48 | dt: 449ms | tok/sec: 1,168,277 | mfu: 17.8% | epoch: 1 | remaining: 72s    
step 00520 (76.1%) | loss: 3.154561 | lrm: 0.48 | dt: 449ms | tok/sec: 1,168,500 | mfu: 17.8% | epoch: 1 | remaining: 71s    
step 00521 (76.3%) | loss: 3.159518 | lrm: 0.47 | dt: 449ms | tok/sec: 1,167,723 | mfu: 17.8% | epoch: 1 | remaining: 71s    
step 00522 (76.4%) | loss: 3.156156 | lrm: 0.47 | dt: 449ms | tok/sec: 1,167,360 | mfu: 17.8% | epoch: 1 | remaining: 70s    
step 00523 (76.6%) | loss: 3.158529 | lrm: 0.47 | dt: 449ms | tok/sec: 1,167,954 | mfu: 17.8% | epoch: 1 | remaining: 70s    
step 00524 (76.7%) | loss: 3.150879 | lrm: 0.47 | dt: 449ms | tok/sec: 1,168,357 | mfu: 17.8% | epoch: 1 | remaining: 69s    
step 00525 (76.9%) | loss: 3.152139 | lrm: 0.46 | dt: 449ms | tok/sec: 1,168,142 | mfu: 17.8% | epoch: 1 | remaining: 69s    
step 00526 (77.0%) | loss: 3.151271 | lrm: 0.46 | dt: 449ms | tok/sec: 1,167,747 | mfu: 17.8% | epoch: 1 | remaining: 68s    
step 00527 (77.2%) | loss: 3.146561 | lrm: 0.46 | dt: 449ms | tok/sec: 1,167,933 | mfu: 17.8% | epoch: 1 | remaining: 68s    
step 00528 (77.3%) | loss: 3.141364 | lrm: 0.45 | dt: 449ms | tok/sec: 1,168,191 | mfu: 17.8% | epoch: 1 | remaining: 68s    
step 00529 (77.5%) | loss: 3.141284 | lrm: 0.45 | dt: 449ms | tok/sec: 1,168,285 | mfu: 17.8% | epoch: 1 | remaining: 67s    
step 00530 (77.6%) | loss: 3.145206 | lrm: 0.45 | dt: 449ms | tok/sec: 1,167,909 | mfu: 17.8% | epoch: 1 | remaining: 67s    
step 00531 (77.8%) | loss: 3.142798 | lrm: 0.44 | dt: 449ms | tok/sec: 1,168,196 | mfu: 17.8% | epoch: 1 | remaining: 66s    
step 00532 (77.9%) | loss: 3.147158 | lrm: 0.44 | dt: 449ms | tok/sec: 1,168,074 | mfu: 17.8% | epoch: 1 | remaining: 66s    
step 00533 (78.1%) | loss: 3.148180 | lrm: 0.44 | dt: 449ms | tok/sec: 1,168,563 | mfu: 17.8% | epoch: 1 | remaining: 65s    
step 00534 (78.2%) | loss: 3.151275 | lrm: 0.44 | dt: 449ms | tok/sec: 1,168,136 | mfu: 17.8% | epoch: 1 | remaining: 65s    
step 00535 (78.4%) | loss: 3.151218 | lrm: 0.43 | dt: 449ms | tok/sec: 1,168,233 | mfu: 17.8% | epoch: 1 | remaining: 64s    
step 00536 (78.5%) | loss: 3.145963 | lrm: 0.43 | dt: 449ms | tok/sec: 1,168,432 | mfu: 17.8% | epoch: 1 | remaining: 64s    
step 00537 (78.7%) | loss: 3.138804 | lrm: 0.43 | dt: 449ms | tok/sec: 1,168,294 | mfu: 17.8% | epoch: 1 | remaining: 63s    
step 00538 (78.8%) | loss: 3.142971 | lrm: 0.42 | dt: 449ms | tok/sec: 1,168,217 | mfu: 17.8% | epoch: 1 | remaining: 63s    
step 00539 (79.0%) | loss: 3.138031 | lrm: 0.42 | dt: 449ms | tok/sec: 1,168,039 | mfu: 17.8% | epoch: 1 | remaining: 63s    
step 00540 (79.1%) | loss: 3.138138 | lrm: 0.42 | dt: 449ms | tok/sec: 1,168,291 | mfu: 17.8% | epoch: 1 | remaining: 62s    
step 00541 (79.3%) | loss: 3.140397 | lrm: 0.41 | dt: 449ms | tok/sec: 1,168,316 | mfu: 17.8% | epoch: 1 | remaining: 62s    
step 00542 (79.4%) | loss: 3.143130 | lrm: 0.41 | dt: 449ms | tok/sec: 1,168,031 | mfu: 17.8% | epoch: 1 | remaining: 61s    
step 00543 (79.6%) | loss: 3.138032 | lrm: 0.41 | dt: 449ms | tok/sec: 1,168,401 | mfu: 17.8% | epoch: 1 | remaining: 61s    
step 00544 (79.7%) | loss: 3.140938 | lrm: 0.41 | dt: 449ms | tok/sec: 1,168,332 | mfu: 17.8% | epoch: 1 | remaining: 60s    
step 00545 (79.9%) | loss: 3.139703 | lrm: 0.40 | dt: 449ms | tok/sec: 1,168,540 | mfu: 17.8% | epoch: 1 | remaining: 60s    
step 00546 (80.0%) | loss: 3.137604 | lrm: 0.40 | dt: 449ms | tok/sec: 1,168,378 | mfu: 17.8% | epoch: 1 | remaining: 59s    
step 00547 (80.2%) | loss: 3.131135 | lrm: 0.40 | dt: 449ms | tok/sec: 1,168,191 | mfu: 17.8% | epoch: 1 | remaining: 59s    
step 00548 (80.3%) | loss: 3.131317 | lrm: 0.39 | dt: 449ms | tok/sec: 1,168,438 | mfu: 17.8% | epoch: 1 | remaining: 59s    
step 00549 (80.5%) | loss: 3.126007 | lrm: 0.39 | dt: 449ms | tok/sec: 1,168,446 | mfu: 17.8% | epoch: 1 | remaining: 58s    
step 00550 (80.6%) | loss: 3.125500 | lrm: 0.39 | dt: 449ms | tok/sec: 1,168,061 | mfu: 17.8% | epoch: 1 | remaining: 58s    
step 00551 (80.8%) | loss: 3.125706 | lrm: 0.38 | dt: 449ms | tok/sec: 1,168,198 | mfu: 17.8% | epoch: 1 | remaining: 57s    
step 00552 (80.9%) | loss: 3.129699 | lrm: 0.38 | dt: 449ms | tok/sec: 1,168,005 | mfu: 17.8% | epoch: 1 | remaining: 57s    
step 00553 (81.1%) | loss: 3.130382 | lrm: 0.38 | dt: 449ms | tok/sec: 1,168,183 | mfu: 17.8% | epoch: 1 | remaining: 56s    
step 00554 (81.2%) | loss: 3.127406 | lrm: 0.38 | dt: 449ms | tok/sec: 1,168,205 | mfu: 17.8% | epoch: 1 | remaining: 56s    
step 00555 (81.4%) | loss: 3.128268 | lrm: 0.37 | dt: 449ms | tok/sec: 1,168,332 | mfu: 17.8% | epoch: 1 | remaining: 55s    
step 00556 (81.5%) | loss: 3.127441 | lrm: 0.37 | dt: 449ms | tok/sec: 1,168,544 | mfu: 17.8% | epoch: 1 | remaining: 55s    
step 00557 (81.7%) | loss: 3.122350 | lrm: 0.37 | dt: 449ms | tok/sec: 1,168,509 | mfu: 17.8% | epoch: 1 | remaining: 55s    
step 00558 (81.8%) | loss: 3.118472 | lrm: 0.36 | dt: 449ms | tok/sec: 1,168,358 | mfu: 17.8% | epoch: 1 | remaining: 54s    
step 00559 (82.0%) | loss: 3.121248 | lrm: 0.36 | dt: 449ms | tok/sec: 1,168,111 | mfu: 17.8% | epoch: 1 | remaining: 54s    
step 00560 (82.1%) | loss: 3.120155 | lrm: 0.36 | dt: 449ms | tok/sec: 1,167,855 | mfu: 17.8% | epoch: 1 | remaining: 53s    
step 00561 (82.3%) | loss: 3.113751 | lrm: 0.35 | dt: 449ms | tok/sec: 1,167,974 | mfu: 17.8% | epoch: 1 | remaining: 53s    
step 00562 (82.4%) | loss: 3.112612 | lrm: 0.35 | dt: 449ms | tok/sec: 1,167,961 | mfu: 17.8% | epoch: 1 | remaining: 52s    
step 00563 (82.6%) | loss: 3.114268 | lrm: 0.35 | dt: 449ms | tok/sec: 1,168,303 | mfu: 17.8% | epoch: 1 | remaining: 52s    
step 00564 (82.7%) | loss: 3.118649 | lrm: 0.35 | dt: 449ms | tok/sec: 1,168,016 | mfu: 17.8% | epoch: 1 | remaining: 51s    
step 00565 (82.9%) | loss: 3.113525 | lrm: 0.34 | dt: 449ms | tok/sec: 1,168,421 | mfu: 17.8% | epoch: 1 | remaining: 51s    
step 00566 (83.0%) | loss: 3.112364 | lrm: 0.34 | dt: 449ms | tok/sec: 1,168,215 | mfu: 17.8% | epoch: 1 | remaining: 50s    
step 00567 (83.2%) | loss: 3.111300 | lrm: 0.34 | dt: 449ms | tok/sec: 1,167,701 | mfu: 17.8% | epoch: 1 | remaining: 50s    
step 00568 (83.3%) | loss: 3.109668 | lrm: 0.33 | dt: 449ms | tok/sec: 1,168,146 | mfu: 17.8% | epoch: 1 | remaining: 50s    
step 00569 (83.5%) | loss: 3.105147 | lrm: 0.33 | dt: 449ms | tok/sec: 1,168,417 | mfu: 17.8% | epoch: 1 | remaining: 49s    
step 00570 (83.6%) | loss: 3.101127 | lrm: 0.33 | dt: 449ms | tok/sec: 1,167,895 | mfu: 17.8% | epoch: 1 | remaining: 49s    
step 00571 (83.8%) | loss: 3.101639 | lrm: 0.32 | dt: 449ms | tok/sec: 1,167,903 | mfu: 17.8% | epoch: 1 | remaining: 48s    
step 00572 (83.9%) | loss: 3.098555 | lrm: 0.32 | dt: 449ms | tok/sec: 1,168,305 | mfu: 17.8% | epoch: 1 | remaining: 48s    
step 00573 (84.1%) | loss: 3.108270 | lrm: 0.32 | dt: 449ms | tok/sec: 1,168,196 | mfu: 17.8% | epoch: 1 | remaining: 47s    
step 00574 (84.2%) | loss: 3.107364 | lrm: 0.32 | dt: 449ms | tok/sec: 1,168,442 | mfu: 17.8% | epoch: 1 | remaining: 47s    
step 00575 (84.4%) | loss: 3.109830 | lrm: 0.31 | dt: 449ms | tok/sec: 1,168,312 | mfu: 17.8% | epoch: 1 | remaining: 46s    
step 00576 (84.5%) | loss: 3.109461 | lrm: 0.31 | dt: 449ms | tok/sec: 1,168,391 | mfu: 17.8% | epoch: 1 | remaining: 46s    
step 00577 (84.7%) | loss: 3.110945 | lrm: 0.31 | dt: 449ms | tok/sec: 1,168,699 | mfu: 17.8% | epoch: 1 | remaining: 46s    
step 00578 (84.8%) | loss: 3.116383 | lrm: 0.30 | dt: 449ms | tok/sec: 1,168,058 | mfu: 17.8% | epoch: 1 | remaining: 45s    
step 00579 (85.0%) | loss: 3.113189 | lrm: 0.30 | dt: 449ms | tok/sec: 1,168,227 | mfu: 17.8% | epoch: 1 | remaining: 45s    
step 00580 (85.1%) | loss: 3.112320 | lrm: 0.30 | dt: 449ms | tok/sec: 1,168,003 | mfu: 17.8% | epoch: 1 | remaining: 44s    
step 00581 (85.3%) | loss: 3.106612 | lrm: 0.29 | dt: 449ms | tok/sec: 1,167,966 | mfu: 17.8% | epoch: 1 | remaining: 44s    
step 00582 (85.4%) | loss: 3.104969 | lrm: 0.29 | dt: 449ms | tok/sec: 1,168,162 | mfu: 17.8% | epoch: 1 | remaining: 43s    
step 00583 (85.6%) | loss: 3.100370 | lrm: 0.29 | dt: 449ms | tok/sec: 1,168,262 | mfu: 17.8% | epoch: 1 | remaining: 43s    
step 00584 (85.7%) | loss: 3.097407 | lrm: 0.29 | dt: 449ms | tok/sec: 1,168,556 | mfu: 17.8% | epoch: 1 | remaining: 42s    
step 00585 (85.9%) | loss: 3.095077 | lrm: 0.28 | dt: 449ms | tok/sec: 1,168,110 | mfu: 17.8% | epoch: 1 | remaining: 42s    
step 00586 (86.0%) | loss: 3.093119 | lrm: 0.28 | dt: 449ms | tok/sec: 1,168,096 | mfu: 17.8% | epoch: 1 | remaining: 42s    
step 00587 (86.2%) | loss: 3.093320 | lrm: 0.28 | dt: 449ms | tok/sec: 1,168,286 | mfu: 17.8% | epoch: 1 | remaining: 41s    
step 00588 (86.3%) | loss: 3.092154 | lrm: 0.27 | dt: 449ms | tok/sec: 1,168,184 | mfu: 17.8% | epoch: 1 | remaining: 41s    
step 00589 (86.5%) | loss: 3.097337 | lrm: 0.27 | dt: 449ms | tok/sec: 1,168,041 | mfu: 17.8% | epoch: 1 | remaining: 40s    
step 00590 (86.6%) | loss: 3.095730 | lrm: 0.27 | dt: 449ms | tok/sec: 1,168,195 | mfu: 17.8% | epoch: 1 | remaining: 40s    
step 00591 (86.8%) | loss: 3.096647 | lrm: 0.26 | dt: 449ms | tok/sec: 1,168,317 | mfu: 17.8% | epoch: 1 | remaining: 39s    
step 00592 (86.9%) | loss: 3.099658 | lrm: 0.26 | dt: 449ms | tok/sec: 1,168,243 | mfu: 17.8% | epoch: 1 | remaining: 39s    
step 00593 (87.1%) | loss: 3.096352 | lrm: 0.26 | dt: 449ms | tok/sec: 1,168,340 | mfu: 17.8% | epoch: 1 | remaining: 38s    
step 00594 (87.2%) | loss: 3.096241 | lrm: 0.26 | dt: 449ms | tok/sec: 1,168,191 | mfu: 17.8% | epoch: 1 | remaining: 38s    
step 00595 (87.4%) | loss: 3.093944 | lrm: 0.25 | dt: 449ms | tok/sec: 1,167,943 | mfu: 17.8% | epoch: 1 | remaining: 37s    
step 00596 (87.5%) | loss: 3.092091 | lrm: 0.25 | dt: 449ms | tok/sec: 1,168,180 | mfu: 17.8% | epoch: 1 | remaining: 37s    
step 00597 (87.7%) | loss: 3.091847 | lrm: 0.25 | dt: 449ms | tok/sec: 1,168,249 | mfu: 17.8% | epoch: 1 | remaining: 37s    
step 00598 (87.8%) | loss: 3.092196 | lrm: 0.24 | dt: 449ms | tok/sec: 1,168,152 | mfu: 17.8% | epoch: 1 | remaining: 36s    
step 00599 (88.0%) | loss: 3.094973 | lrm: 0.24 | dt: 449ms | tok/sec: 1,168,240 | mfu: 17.8% | epoch: 1 | remaining: 36s    
step 00600 (88.1%) | loss: 3.091352 | lrm: 0.24 | dt: 449ms | tok/sec: 1,168,294 | mfu: 17.8% | epoch: 1 | remaining: 35s    
step 00601 (88.3%) | loss: 3.085866 | lrm: 0.23 | dt: 449ms | tok/sec: 1,168,280 | mfu: 17.8% | epoch: 1 | remaining: 35s    
step 00602 (88.4%) | loss: 3.084451 | lrm: 0.23 | dt: 449ms | tok/sec: 1,168,068 | mfu: 17.8% | epoch: 1 | remaining: 34s    
step 00603 (88.6%) | loss: 3.082796 | lrm: 0.23 | dt: 449ms | tok/sec: 1,168,089 | mfu: 17.8% | epoch: 1 | remaining: 34s    
step 00604 (88.7%) | loss: 3.080997 | lrm: 0.23 | dt: 449ms | tok/sec: 1,168,226 | mfu: 17.8% | epoch: 1 | remaining: 33s    
step 00605 (88.9%) | loss: 3.078366 | lrm: 0.22 | dt: 449ms | tok/sec: 1,168,291 | mfu: 17.8% | epoch: 1 | remaining: 33s    
step 00606 (89.0%) | loss: 3.076374 | lrm: 0.22 | dt: 449ms | tok/sec: 1,168,252 | mfu: 17.8% | epoch: 1 | remaining: 33s    
step 00607 (89.2%) | loss: 3.075656 | lrm: 0.22 | dt: 449ms | tok/sec: 1,168,251 | mfu: 17.8% | epoch: 1 | remaining: 32s    
step 00608 (89.3%) | loss: 3.075667 | lrm: 0.21 | dt: 449ms | tok/sec: 1,168,319 | mfu: 17.8% | epoch: 1 | remaining: 32s    
step 00609 (89.5%) | loss: 3.077195 | lrm: 0.21 | dt: 449ms | tok/sec: 1,168,486 | mfu: 17.8% | epoch: 1 | remaining: 31s    
step 00610 (89.6%) | loss: 3.078041 | lrm: 0.21 | dt: 449ms | tok/sec: 1,168,105 | mfu: 17.8% | epoch: 1 | remaining: 31s    
step 00611 (89.8%) | loss: 3.074927 | lrm: 0.20 | dt: 449ms | tok/sec: 1,168,117 | mfu: 17.8% | epoch: 1 | remaining: 30s    
step 00612 (89.9%) | loss: 3.070241 | lrm: 0.20 | dt: 449ms | tok/sec: 1,168,285 | mfu: 17.8% | epoch: 1 | remaining: 30s    
step 00613 (90.1%) | loss: 3.074464 | lrm: 0.20 | dt: 449ms | tok/sec: 1,168,334 | mfu: 17.8% | epoch: 1 | remaining: 29s    
step 00614 (90.2%) | loss: 3.079030 | lrm: 0.20 | dt: 449ms | tok/sec: 1,168,424 | mfu: 17.8% | epoch: 1 | remaining: 29s    
step 00615 (90.4%) | loss: 3.074075 | lrm: 0.19 | dt: 449ms | tok/sec: 1,168,257 | mfu: 17.8% | epoch: 1 | remaining: 28s    
step 00616 (90.5%) | loss: 3.074437 | lrm: 0.19 | dt: 449ms | tok/sec: 1,167,609 | mfu: 17.8% | epoch: 1 | remaining: 28s    
step 00617 (90.7%) | loss: 3.072233 | lrm: 0.19 | dt: 449ms | tok/sec: 1,168,056 | mfu: 17.8% | epoch: 1 | remaining: 28s    
step 00618 (90.8%) | loss: 3.073126 | lrm: 0.18 | dt: 449ms | tok/sec: 1,168,259 | mfu: 17.8% | epoch: 1 | remaining: 27s    
step 00619 (91.0%) | loss: 3.076208 | lrm: 0.18 | dt: 449ms | tok/sec: 1,167,993 | mfu: 17.8% | epoch: 1 | remaining: 27s    
step 00620 (91.1%) | loss: 3.072973 | lrm: 0.18 | dt: 449ms | tok/sec: 1,167,942 | mfu: 17.8% | epoch: 1 | remaining: 26s    
step 00621 (91.3%) | loss: 3.076719 | lrm: 0.17 | dt: 449ms | tok/sec: 1,168,108 | mfu: 17.8% | epoch: 1 | remaining: 26s    
step 00622 (91.4%) | loss: 3.072766 | lrm: 0.17 | dt: 449ms | tok/sec: 1,168,288 | mfu: 17.8% | epoch: 1 | remaining: 25s    
step 00623 (91.6%) | loss: 3.072730 | lrm: 0.17 | dt: 449ms | tok/sec: 1,167,927 | mfu: 17.8% | epoch: 1 | remaining: 25s    
step 00624 (91.7%) | loss: 3.071119 | lrm: 0.17 | dt: 449ms | tok/sec: 1,168,148 | mfu: 17.8% | epoch: 1 | remaining: 24s    
step 00625 (91.8%) | loss: 3.068758 | lrm: 0.16 | dt: 449ms | tok/sec: 1,167,868 | mfu: 17.8% | epoch: 1 | remaining: 24s    
step 00626 (92.0%) | loss: 3.071387 | lrm: 0.16 | dt: 449ms | tok/sec: 1,168,195 | mfu: 17.8% | epoch: 1 | remaining: 24s    
step 00627 (92.1%) | loss: 3.063767 | lrm: 0.16 | dt: 449ms | tok/sec: 1,168,290 | mfu: 17.8% | epoch: 1 | remaining: 23s    
step 00628 (92.3%) | loss: 3.064766 | lrm: 0.15 | dt: 449ms | tok/sec: 1,168,042 | mfu: 17.8% | epoch: 1 | remaining: 23s    
step 00629 (92.4%) | loss: 3.060256 | lrm: 0.15 | dt: 449ms | tok/sec: 1,167,992 | mfu: 17.8% | epoch: 1 | remaining: 22s    
step 00630 (92.6%) | loss: 3.060291 | lrm: 0.15 | dt: 449ms | tok/sec: 1,168,049 | mfu: 17.8% | epoch: 1 | remaining: 22s    
step 00631 (92.7%) | loss: 3.062043 | lrm: 0.15 | dt: 449ms | tok/sec: 1,168,235 | mfu: 17.8% | epoch: 1 | remaining: 21s    
step 00632 (92.9%) | loss: 3.059512 | lrm: 0.14 | dt: 449ms | tok/sec: 1,168,146 | mfu: 17.8% | epoch: 1 | remaining: 21s    
step 00633 (93.0%) | loss: 3.060285 | lrm: 0.14 | dt: 449ms | tok/sec: 1,168,116 | mfu: 17.8% | epoch: 1 | remaining: 20s    
step 00634 (93.2%) | loss: 3.058553 | lrm: 0.14 | dt: 449ms | tok/sec: 1,168,178 | mfu: 17.8% | epoch: 1 | remaining: 20s    
step 00635 (93.3%) | loss: 3.058294 | lrm: 0.13 | dt: 449ms | tok/sec: 1,168,141 | mfu: 17.8% | epoch: 1 | remaining: 20s    
step 00636 (93.5%) | loss: 3.058829 | lrm: 0.13 | dt: 449ms | tok/sec: 1,168,055 | mfu: 17.8% | epoch: 1 | remaining: 19s    
step 00637 (93.6%) | loss: 3.052337 | lrm: 0.13 | dt: 449ms | tok/sec: 1,168,141 | mfu: 17.8% | epoch: 1 | remaining: 19s    
step 00638 (93.8%) | loss: 3.052520 | lrm: 0.12 | dt: 449ms | tok/sec: 1,168,018 | mfu: 17.8% | epoch: 1 | remaining: 18s    
step 00639 (93.9%) | loss: 3.051470 | lrm: 0.12 | dt: 449ms | tok/sec: 1,167,755 | mfu: 17.8% | epoch: 1 | remaining: 18s    
step 00640 (94.1%) | loss: 3.055382 | lrm: 0.12 | dt: 449ms | tok/sec: 1,168,228 | mfu: 17.8% | epoch: 1 | remaining: 17s    
step 00641 (94.2%) | loss: 3.052920 | lrm: 0.12 | dt: 449ms | tok/sec: 1,168,219 | mfu: 17.8% | epoch: 1 | remaining: 17s    
step 00642 (94.4%) | loss: 3.056926 | lrm: 0.11 | dt: 449ms | tok/sec: 1,168,205 | mfu: 17.8% | epoch: 1 | remaining: 16s    
step 00643 (94.5%) | loss: 3.052875 | lrm: 0.11 | dt: 449ms | tok/sec: 1,167,794 | mfu: 17.8% | epoch: 1 | remaining: 16s    
step 00644 (94.7%) | loss: 3.055857 | lrm: 0.11 | dt: 449ms | tok/sec: 1,168,249 | mfu: 17.8% | epoch: 1 | remaining: 15s    
step 00645 (94.8%) | loss: 3.052674 | lrm: 0.10 | dt: 449ms | tok/sec: 1,167,770 | mfu: 17.8% | epoch: 1 | remaining: 15s    
step 00646 (95.0%) | loss: 3.054564 | lrm: 0.10 | dt: 449ms | tok/sec: 1,167,878 | mfu: 17.8% | epoch: 1 | remaining: 15s    
step 00647 (95.1%) | loss: 3.054743 | lrm: 0.10 | dt: 449ms | tok/sec: 1,167,994 | mfu: 17.8% | epoch: 1 | remaining: 14s    
step 00648 (95.3%) | loss: 3.056405 | lrm: 0.09 | dt: 449ms | tok/sec: 1,168,223 | mfu: 17.8% | epoch: 1 | remaining: 14s    
step 00649 (95.4%) | loss: 3.055091 | lrm: 0.09 | dt: 449ms | tok/sec: 1,168,120 | mfu: 17.8% | epoch: 1 | remaining: 13s    
step 00650 (95.6%) | loss: 3.056309 | lrm: 0.09 | dt: 449ms | tok/sec: 1,168,340 | mfu: 17.8% | epoch: 1 | remaining: 13s    
step 00651 (95.7%) | loss: 3.052423 | lrm: 0.09 | dt: 449ms | tok/sec: 1,168,183 | mfu: 17.8% | epoch: 1 | remaining: 12s    
step 00652 (95.9%) | loss: 3.045304 | lrm: 0.08 | dt: 449ms | tok/sec: 1,168,247 | mfu: 17.8% | epoch: 1 | remaining: 12s    
step 00653 (96.0%) | loss: 3.047489 | lrm: 0.08 | dt: 449ms | tok/sec: 1,168,511 | mfu: 17.8% | epoch: 1 | remaining: 11s    
step 00654 (96.2%) | loss: 3.046621 | lrm: 0.08 | dt: 449ms | tok/sec: 1,168,142 | mfu: 17.8% | epoch: 1 | remaining: 11s    
step 00655 (96.3%) | loss: 3.041739 | lrm: 0.07 | dt: 449ms | tok/sec: 1,168,154 | mfu: 17.8% | epoch: 1 | remaining: 11s    
step 00656 (96.5%) | loss: 3.047882 | lrm: 0.07 | dt: 449ms | tok/sec: 1,167,865 | mfu: 17.8% | epoch: 1 | remaining: 10s    
step 00657 (96.6%) | loss: 3.043222 | lrm: 0.07 | dt: 449ms | tok/sec: 1,168,022 | mfu: 17.8% | epoch: 1 | remaining: 10s    
step 00658 (96.8%) | loss: 3.043464 | lrm: 0.06 | dt: 449ms | tok/sec: 1,168,052 | mfu: 17.8% | epoch: 1 | remaining: 9s    
step 00659 (96.9%) | loss: 3.047332 | lrm: 0.06 | dt: 449ms | tok/sec: 1,168,198 | mfu: 17.8% | epoch: 1 | remaining: 9s    
step 00660 (97.1%) | loss: 3.045678 | lrm: 0.06 | dt: 449ms | tok/sec: 1,168,545 | mfu: 17.8% | epoch: 1 | remaining: 8s    
step 00661 (97.2%) | loss: 3.047021 | lrm: 0.06 | dt: 449ms | tok/sec: 1,168,083 | mfu: 17.8% | epoch: 1 | remaining: 8s    
step 00662 (97.4%) | loss: 3.042282 | lrm: 0.05 | dt: 449ms | tok/sec: 1,168,368 | mfu: 17.8% | epoch: 1 | remaining: 7s    
step 00663 (97.5%) | loss: 3.044456 | lrm: 0.05 | dt: 449ms | tok/sec: 1,167,400 | mfu: 17.8% | epoch: 1 | remaining: 7s    
step 00664 (97.7%) | loss: 3.041371 | lrm: 0.05 | dt: 449ms | tok/sec: 1,167,561 | mfu: 17.8% | epoch: 1 | remaining: 6s    
step 00665 (97.8%) | loss: 3.033508 | lrm: 0.04 | dt: 449ms | tok/sec: 1,167,272 | mfu: 17.8% | epoch: 1 | remaining: 6s    
step 00666 (98.0%) | loss: 3.034595 | lrm: 0.04 | dt: 449ms | tok/sec: 1,167,855 | mfu: 17.8% | epoch: 1 | remaining: 6s    
step 00667 (98.1%) | loss: 3.037693 | lrm: 0.04 | dt: 449ms | tok/sec: 1,167,894 | mfu: 17.8% | epoch: 1 | remaining: 5s    
step 00668 (98.3%) | loss: 3.034243 | lrm: 0.03 | dt: 449ms | tok/sec: 1,168,020 | mfu: 17.8% | epoch: 1 | remaining: 5s    
step 00669 (98.4%) | loss: 3.031630 | lrm: 0.03 | dt: 449ms | tok/sec: 1,167,967 | mfu: 17.8% | epoch: 1 | remaining: 4s    
step 00670 (98.6%) | loss: 3.028034 | lrm: 0.03 | dt: 449ms | tok/sec: 1,167,996 | mfu: 17.8% | epoch: 1 | remaining: 4s    
step 00671 (98.7%) | loss: 3.026773 | lrm: 0.03 | dt: 449ms | tok/sec: 1,168,054 | mfu: 17.8% | epoch: 1 | remaining: 3s    
step 00672 (98.9%) | loss: 3.032794 | lrm: 0.02 | dt: 449ms | tok/sec: 1,168,205 | mfu: 17.8% | epoch: 1 | remaining: 3s    
step 00673 (99.0%) | loss: 3.028016 | lrm: 0.02 | dt: 449ms | tok/sec: 1,168,066 | mfu: 17.8% | epoch: 1 | remaining: 2s    
step 00674 (99.2%) | loss: 3.029315 | lrm: 0.02 | dt: 449ms | tok/sec: 1,167,858 | mfu: 17.8% | epoch: 1 | remaining: 2s    
step 00675 (99.3%) | loss: 3.033802 | lrm: 0.01 | dt: 449ms | tok/sec: 1,166,939 | mfu: 17.8% | epoch: 1 | remaining: 2s    
step 00676 (99.5%) | loss: 3.032377 | lrm: 0.01 | dt: 449ms | tok/sec: 1,168,016 | mfu: 17.8% | epoch: 1 | remaining: 1s    
step 00677 (99.6%) | loss: 3.034543 | lrm: 0.01 | dt: 449ms | tok/sec: 1,167,856 | mfu: 17.8% | epoch: 1 | remaining: 1s    
step 00678 (99.8%) | loss: 3.037350 | lrm: 0.00 | dt: 449ms | tok/sec: 1,168,183 | mfu: 17.8% | epoch: 1 | remaining: 0s    
step 00679 (99.9%) | loss: 3.038742 | lrm: 0.00 | dt: 449ms | tok/sec: 1,168,049 | mfu: 17.8% | epoch: 1 | remaining: 0s    $RLTLDR_ROOT/runner_ws/.venv/lib/python3.10/site-packages/torch/nn/attention/flex_attention.py:1687: UserWarning: flex_attention called without torch.compile() - this will use an unfused implementation that materializes the full scores matrix instead of generating a fused kernel.

SOLUTION: Use torch.compile(flex_attention)(...)

If you want to debug your score_mod/mask_mod, you can set:
torch.nn.attention.flex_attention._FLEX_ATTENTION_DISABLE_COMPILE_DEBUG = True

This will allow you to use print statements or breakpoints. Note: This doesn't work with the backwards pass and may produce incorrect results.
  _warn_once(

---
val_bpb:          1.084168
training_seconds: 300.2
total_seconds:    337.9
peak_vram_mb:     34737.4
mfu_percent:      17.85
total_tokens_M:   356.5
num_steps:        680
num_params_M:     33.0
depth:            8
