R007 -> D007
H1.1.4->retired, H1.2->supported, H1.2.1->supported, H1.2.2->supported, H1.5->inconclusive, H1.5.1->inconclusive, H1.6.2->refuted, H1.6.3->retired, H2.3.1->inconclusive, H2.4->supported, H2.4.1->inconclusive, H4.1->supported, +H5, +H5.1, +H5.1.1, +H1.5.2, +H1.2.3, +H1.6.4, +H1.6.5, +H2.4.2, +H2.4.3, +H2.4.4, +H2.3.2, +H1.7.2, +H1.8.2, +H4.1.3. I updated the tree to put the Muon base at the centre. H1 now targets the 6.08 s Muon knee at ~6.5 epochs instead of the old ≤7.3 s goal.

**Status changes**
- **Marked supported:**
  - H1.2 and H1.2.1, backed by E014's +1.3 pp on every seed and feasible runs at 7 epochs (E022) and ~6.5 epochs (E027).
  - H1.2.2 (lookahead is still needed with Muon, E020).
  - H2.4: E010, E021 and E023 each cut 2–3% of time.
  - H4.1, now using three math-identical pairs, which put the noise on a paired difference at about 0.15 pp.
- **Marked refuted:** H1.6.2. Removing the tail lr hurt twice (E012, E025).
- **Retired:** H1.6.3 and H1.1.4.
- **Marked inconclusive:** H1.5 and H1.5.1, since E029 is roughly a tie with spending the time on epochs. Also H2.3.1 and H2.4.1. E015 was misfiled under H1.5 and now sits under its own early-capacity node.

**Rewritten hypotheses**
- **H1.6:** confidence lowered and the mechanism restated as "a non-zero tail lr feeds the average."
- **H1.7:** now about the SGD group on the Muon base.
- **H2:** revised to include Muon optimizer overhead, which E023 showed matters.
- **H2.3:** revised to the Fable-style resize curriculum.

**New hypotheses**
- **N1 (Lvl1):** accuracy depends mainly on total FLOPs, so moving compute between epochs, width, depth and resolution gains little. Under it:
  - N1a1: drop a block-1 conv and spend the time on epochs.
  - Under H1.5, a block-3 width-640 test at matched time.
- **Recipe levers:**
  - N2: batch size 1536.
  - N3: a higher Muon lr floor.
  - N4: recompute BN statistics for the averaged weights.
  - N9: label smoothing 0.1.
  - N10: no translate augmentation.
  - H1.8.1 now uses Hiverge's brightness/contrast jitter values.
- **Systems levers:** freeze the whitening bias after the first epoch (N5), apply the Muon weight-norm step only periodically (N6), CUDA-graph the Muon step (N7), and a resize curriculum on the Muon base (N8).
- **Noise check (N11):** run extra seeds to test whether the E024 and E026 keeps were real gains or noise.

**Bookkeeping to resolve**
- E028 may have been a no-op: it matches E027 to one test image. Compare the seeds one by one.
- E027's epoch count is ambiguous: the pre-registration says 6.75, but the time ratio suggests 6.5.
added I036, I037, I038, I039, I040, I041, I042, I043; dropped none. The tip is E028: Muon at 6.5 epochs, 0.7546, 6.08 s. That leaves only a 0.16 pp margin over the 0.753 gate. The epoch slope is steep (~1.1 pp/epoch), so there are two ways to improve the score. The first is to bank accuracy and then cut to 6.25 epochs; the candidates are a higher Muon lr floor (H1.6.4, the untested opposite of E025), BN recalibration of the averaged weights (H1.6.5), LS 0.1 (H1.7.2) and brightness/contrast jitter (H1.8.1). The second is to save time at equal accuracy, using math-neutral systems cuts. The two cuts are freezing the whitening bias after epoch 1 to skip a ~3%-FLOP dgrad (H2.4.2) and a CUDA-graphed Muon step, gated on measured launch gaps (H2.4.4). Two explore runs probe allocation and batch size. One swaps a block-1 conv for +0.5 epoch at matched time (H5.1.1), which pays more now that epochs are expensive. The other is bs 1536 (H1.2.3). Every earlier queue item is done or dropped, so nothing needs dropping. H1.5.2 gets no idea because E029 already priced block-3 width at about half the epoch exchange rate.
