round 30 (update): 4/4 members, 6 ideas forecast; scored E026; COUNTEREXAMPLE E026 outside every range (time)
H1.3.1->retired, H1.3.4->retired, H1.5.1->inconclusive, H1.5.2->supported, H2.3.2->inconclusive, H2.4.1->retired, H4.1.4->retired, H4.2.4->inconclusive, +H6.2, +H6.2.1, +H2.3.6, +H2.3.7, +H4.2.5, +H4.3.2, +H1.6, +H1.6.1, +H1.3.7, +H1.3.8, +H1.5.8, +H5.1.3. The tip is E026: 6.02 s, with a held-out mean of 0.7541. That is only about 0.11 pp above the 0.753 bar, so the next time cut has to be paid for with an accuracy gain.

**Noise model (H4.1, H4.2).**
- H4.1 is rewritten. Any recipe change re-draws every seed (E025 shows this), so seeds don't pair across recipes. The difference of two 10-seed held-out means has SE ≈0.10 pp, with an empirical floor of 0.13 pp.
- H4.2's epoch slope is widened to 0.3–0.45 pp/epoch. Its s/pp exchange rates now carry wide intervals.
- H4.1.4 is retired because E019 already answered it.
- H4.2.4 is marked inconclusive: the slope held, but its pre-registered 3-seed clause failed.

**Attribution downgrades.**
- H1.5.1 (wd) is now inconclusive: only +0.24 pp held-out, across a build change.
- H1.2.1's E006 token should be read as `~` (inconclusive).
- H1.2 and H5 are lowered, because Muon's gain rests on E006 alone and a public CIFAR-100 recipe found Muon worse than SGD.
- H1.2.2 is rebased to the tip and becomes the decisive ablation.
- Searches and members expect these to fail, so they are lowered or retired: data selection (H2.4, H2.4.1), FreezeOut (H2.6), architecture cuts (H2.5), cheaper Newton–Schulz steps for Muon (H1.2.3), Muon lr ×2 (H1.5.6), and the stale LR-floor and label-smoothing tests (H1.3.4, H1.3.1).

**Bookkeeping fixes.**
- H1.5.2 is synced to supported.
- H2.2.1's evidence should point to E004.
- H2.3 is rewritten to the supported claim: E007-style resizing and an early 20 px phase are cheap, but cutting the 28/32 px share is not. This explains the E011, E018 and E024 counterexamples.
- H2.3.2 is inconclusive. Its time clause missed (−2.9% vs the ≥4% required) because the base was really E023, not E016. That base mix-up also explains why E026's time fell outside every forecaster's range.
- H1 is updated to about 10x.

**Counterexamples.**
- E016: a lucky seeds 0–2 draw (H4.1).
- E011, E018: the 28/32 px phases carry accuracy (H2.3).
- E024: off-grid shapes tile poorly (new H6.2 and H6.2.1).
- E025: a harder pull on the fast weights hurts. H1.3 is reframed as reducing end-point variance without disturbing the fast-weight trajectory. Its time miss was a forecast-base error.
- E026: the forecast-base error described above.

**New tests,** all time-neutral or accuracy-buying and judged on held-out seeds:
- Lookahead resets every 10 steps instead of 5 (H1.3.7).
- Two-stage label smoothing (H1.3.8).
- Colour jitter (H1.5.8).
- A new branch on LR schedule timing relative to the resolution phases (H1.6, H1.6.1).
- A longer early 20 px phase (H2.3.6).
- A longer 32 px tail (H2.3.7).
- A non-uniform epoch trim (H4.2.5).
- A seeds 13–22 replicate of the tip's margin (H4.3.2).
- Batch size per resolution phase (H5.1.3).

**Priority order:**
1. BN recompute (H1.3.6) and plain EMA vs Lookahead (H1.3.5), the cheap end-point levers.
2. wd ×1 on the tip (H1.5.7) and SGD instead of Muon (H1.2.2), the attribution tests.
3. One profiler trace (H2.2.4, H6.1.1, H6.2.1) before any more architecture or backward-truncation work.

H5 and H6 remain open at Lvl1.
added I047, I048, I049, I050, I051; dropped I046, I045, I040. The tip is E027: 5.88 s, seeds 0–2 at 0.7547. Its held-out mean is 0.7526, below the local bar of 0.753, though still about 0.26 pp above the official 40-seed bar of 0.75. Any further time cut has to be paid for with an accuracy gain first. The queue therefore leads with three time-neutral boosters on the E027 tip, all judged on held-out seeds:
- a shorter LR warm-up (H1.6.1, priority 5);
- a Lookahead reset every 10 steps instead of 5, with the total pull per step kept equal (H1.3.7, priority 4). This goes the opposite way from E025's harder pull, which hurt.
- label smoothing switched off for the last 15% of steps (H1.3.8, priority 3).

Two more ideas:
- **Exploit (priority 3):** extend the 20 px phase from 15% to 30% of steps (H2.3.6). This tests the W1/W5 crux of whether early low resolution is free. It should stack on any booster that is kept.
- **Explore (priority 2):** compute the frozen whitening conv separately for each training resolution. This tests W5's idea that part of the low-resolution cost is a mismatch in the first layer's statistics.

I044 (dropping easy examples using the main net's own per-sample losses) stays queued as an explore idea, and I043 (FreezeOut-style truncation) is still running.

Three ideas are dropped:
- **I046 (Muon lr ×2):** all four members forecast harm, and the lr has been flat in earlier runs.
- **I045 (batch 2500):** the members agree it saves only about 2% for a likely loss of at least 0.15 pp, which is no better than cutting epochs.
- **I040 (profiling diagnostic):** the members already agree on its outcome, so it would tell us little.

That leaves six queued ideas and one running.
round 31 (forecast): 4/4 members, 5 ideas forecast
