Vocab size: 8,192
Model config: {'sequence_len': 2048, 'vocab_size': 8192, 'n_layer': 9, 'n_head': 4, 'n_kv_head': 4, 'n_embd': 512, 'window_pattern': 'L'}
Parameter counts:
  wte                     : 4,194,304
  value_embeds            : 20,971,520
  lm_head                 : 4,194,304
  transformer_matrices    : 28,312,192
  scalars                 : 18
  total                   : 57,672,338
Estimated FLOPs per token: 3.082852e+08
Scaling AdamW LRs by 1/sqrt(512/768) = 1.224745
Traceback (most recent call last):
  File "~/.ar/ar_bootstrap.py", line 627, in <module>
    child_main(sys.argv[2], int(sys.argv[3]), "--val-masked" in sys.argv[4:])
  File "~/.ar/ar_bootstrap.py", line 326, in child_main
    runpy.run_path(os.path.join(workdir, "train.py"), run_name="__main__")
  File "~/.local/share/uv/python/cpython-3.10-linux-x86_64-gnu/lib/python3.10/runpy.py", line 289, in run_path
    return _run_module_code(code, init_globals, run_name,
  File "~/.local/share/uv/python/cpython-3.10-linux-x86_64-gnu/lib/python3.10/runpy.py", line 96, in _run_module_code
    _run_code(code, mod_globals, init_globals,
  File "~/.local/share/uv/python/cpython-3.10-linux-x86_64-gnu/lib/python3.10/runpy.py", line 86, in _run_code
    exec(code, run_globals)
  File "~/autoresearch/train.py", line 539, in <module>
    model = torch.compile(model, dynamic=False, mode="max-autotune", options={"triton.cudagraphs": True})
  File "~/autoresearch/.venv/lib/python3.10/site-packages/torch/__init__.py", line 2620, in compile
    raise RuntimeError(
RuntimeError: Either mode or options can be specified, but both can't be specified at the same time.
