Vocab size: 8,192
Model config: {'sequence_len': 2048, 'vocab_size': 8192, 'n_layer': 8, 'n_head': 4, 'n_kv_head': 4, 'n_embd': 512, 'window_pattern': 'L'}
Parameter counts:
  wte                     : 4,194,304
  value_embeds            : 16,777,216
  lm_head                 : 4,194,304
  transformer_matrices    : 25,166,336
  scalars                 : 16
  total                   : 50,332,176
Estimated FLOPs per token: 2.768271e+08
Scaling AdamW LRs by 1/sqrt(512/768) = 1.224745
Time budget: 300s
Gradient accumulation steps: 2

step 00000 (0.0%) | loss: 9.011380 | lrm: 1.00 | dt: 11650ms | tok/sec: 45,003 | mfu: 1.3% | epoch: 1 | remaining: 300s    
step 00001 (0.0%) | loss: 8.854869 | lrm: 1.00 | dt: 586ms | tok/sec: 894,140 | mfu: 25.0% | epoch: 1 | remaining: 300s    
step 00002 (0.0%) | loss: 8.446678 | lrm: 1.00 | dt: 585ms | tok/sec: 896,489 | mfu: 25.1% | epoch: 1 | remaining: 300s    
step 00003 (0.0%) | loss: 7.985450 | lrm: 1.00 | dt: 585ms | tok/sec: 896,371 | mfu: 25.1% | epoch: 1 | remaining: 300s    
step 00004 (0.0%) | loss: 7.595309 | lrm: 1.00 | dt: 585ms | tok/sec: 896,464 | mfu: 25.1% | epoch: 1 | remaining: 300s    
step 00005 (0.0%) | loss: 7.261549 | lrm: 1.00 | dt: 585ms | tok/sec: 896,458 | mfu: 25.1% | epoch: 1 | remaining: 300s    
step 00006 (0.0%) | loss: 7.011791 | lrm: 1.00 | dt: 585ms | tok/sec: 896,766 | mfu: 25.1% | epoch: 1 | remaining: 300s    
step 00007 (0.0%) | loss: 6.805326 | lrm: 1.00 | dt: 585ms | tok/sec: 896,188 | mfu: 25.1% | epoch: 1 | remaining: 300s    
step 00008 (0.0%) | loss: 6.629703 | lrm: 1.00 | dt: 585ms | tok/sec: 896,739 | mfu: 25.1% | epoch: 1 | remaining: 300s    
step 00009 (0.0%) | loss: 6.479593 | lrm: 1.00 | dt: 585ms | tok/sec: 896,760 | mfu: 25.1% | epoch: 1 | remaining: 300s    
step 00010 (0.0%) | loss: 6.355806 | lrm: 1.00 | dt: 585ms | tok/sec: 896,475 | mfu: 25.1% | epoch: 1 | remaining: 300s    
step 00011 (0.0%) | loss: 6.249595 | lrm: 1.00 | dt: 585ms | tok/sec: 896,333 | mfu: 25.1% | epoch: 1 | remaining: 299s    
step 00012 (0.2%) | loss: 6.157433 | lrm: 1.00 | dt: 585ms | tok/sec: 896,415 | mfu: 25.1% | epoch: 1 | remaining: 299s    
step 00013 (0.4%) | loss: 6.080896 | lrm: 1.00 | dt: 585ms | tok/sec: 896,139 | mfu: 25.1% | epoch: 1 | remaining: 298s    
step 00014 (0.6%) | loss: 6.006600 | lrm: 1.00 | dt: 585ms | tok/sec: 896,102 | mfu: 25.1% | epoch: 1 | remaining: 298s    
step 00015 (0.8%) | loss: 5.943931 | lrm: 1.00 | dt: 585ms | tok/sec: 895,822 | mfu: 25.1% | epoch: 1 | remaining: 297s    
step 00016 (1.0%) | loss: 5.885924 | lrm: 1.00 | dt: 585ms | tok/sec: 895,725 | mfu: 25.1% | epoch: 1 | remaining: 296s    
step 00017 (1.2%) | loss: 5.833420 | lrm: 1.00 | dt: 586ms | tok/sec: 895,171 | mfu: 25.0% | epoch: 1 | remaining: 296s    
step 00018 (1.4%) | loss: 5.785247 | lrm: 1.00 | dt: 585ms | tok/sec: 895,707 | mfu: 25.1% | epoch: 1 | remaining: 295s    
step 00019 (1.6%) | loss: 5.744290 | lrm: 1.00 | dt: 585ms | tok/sec: 895,494 | mfu: 25.1% | epoch: 1 | remaining: 295s    
step 00020 (1.8%) | loss: 5.706494 | lrm: 1.00 | dt: 585ms | tok/sec: 895,561 | mfu: 25.1% | epoch: 1 | remaining: 294s    
step 00021 (2.0%) | loss: 5.668921 | lrm: 1.00 | dt: 586ms | tok/sec: 895,333 | mfu: 25.0% | epoch: 1 | remaining: 294s    
step 00022 (2.1%) | loss: 5.632006 | lrm: 1.00 | dt: 586ms | tok/sec: 895,409 | mfu: 25.1% | epoch: 1 | remaining: 293s    
step 00023 (2.3%) | loss: 5.598196 | lrm: 1.00 | dt: 586ms | tok/sec: 895,240 | mfu: 25.0% | epoch: 1 | remaining: 292s    
step 00024 (2.5%) | loss: 5.566264 | lrm: 1.00 | dt: 586ms | tok/sec: 894,954 | mfu: 25.0% | epoch: 1 | remaining: 292s    
step 00025 (2.7%) | loss: 5.535268 | lrm: 1.00 | dt: 586ms | tok/sec: 895,012 | mfu: 25.0% | epoch: 1 | remaining: 291s    
step 00026 (2.9%) | loss: 5.501671 | lrm: 1.00 | dt: 586ms | tok/sec: 894,988 | mfu: 25.0% | epoch: 1 | remaining: 291s    
step 00027 (3.1%) | loss: 5.472450 | lrm: 1.00 | dt: 586ms | tok/sec: 894,725 | mfu: 25.0% | epoch: 1 | remaining: 290s    
step 00028 (3.3%) | loss: 5.443512 | lrm: 1.00 | dt: 586ms | tok/sec: 894,999 | mfu: 25.0% | epoch: 1 | remaining: 289s    
step 00029 (3.5%) | loss: 5.416691 | lrm: 1.00 | dt: 586ms | tok/sec: 894,730 | mfu: 25.0% | epoch: 1 | remaining: 289s    
step 00030 (3.7%) | loss: 5.389281 | lrm: 1.00 | dt: 586ms | tok/sec: 894,609 | mfu: 25.0% | epoch: 1 | remaining: 288s    
step 00031 (3.9%) | loss: 5.359468 | lrm: 1.00 | dt: 586ms | tok/sec: 894,383 | mfu: 25.0% | epoch: 1 | remaining: 288s    
step 00032 (4.1%) | loss: 5.333296 | lrm: 1.00 | dt: 586ms | tok/sec: 894,101 | mfu: 25.0% | epoch: 1 | remaining: 287s    
step 00033 (4.3%) | loss: 5.303808 | lrm: 1.00 | dt: 587ms | tok/sec: 893,815 | mfu: 25.0% | epoch: 1 | remaining: 287s    
step 00034 (4.5%) | loss: 5.272065 | lrm: 1.00 | dt: 587ms | tok/sec: 893,893 | mfu: 25.0% | epoch: 1 | remaining: 286s    
step 00035 (4.7%) | loss: 5.243790 | lrm: 1.00 | dt: 587ms | tok/sec: 893,505 | mfu: 25.0% | epoch: 1 | remaining: 285s    
step 00036 (4.9%) | loss: 5.219113 | lrm: 1.00 | dt: 587ms | tok/sec: 893,403 | mfu: 25.0% | epoch: 1 | remaining: 285s    
step 00037 (5.1%) | loss: 5.191870 | lrm: 1.00 | dt: 587ms | tok/sec: 893,044 | mfu: 25.0% | epoch: 1 | remaining: 284s    
step 00038 (5.3%) | loss: 5.165544 | lrm: 1.00 | dt: 587ms | tok/sec: 892,914 | mfu: 25.0% | epoch: 1 | remaining: 284s    
step 00039 (5.5%) | loss: 5.135065 | lrm: 1.00 | dt: 587ms | tok/sec: 892,423 | mfu: 25.0% | epoch: 1 | remaining: 283s    
step 00040 (5.7%) | loss: 5.107335 | lrm: 1.00 | dt: 588ms | tok/sec: 891,597 | mfu: 24.9% | epoch: 1 | remaining: 282s    
step 00041 (5.9%) | loss: 5.081977 | lrm: 1.00 | dt: 588ms | tok/sec: 891,387 | mfu: 24.9% | epoch: 1 | remaining: 282s    
step 00042 (6.1%) | loss: 5.057022 | lrm: 1.00 | dt: 588ms | tok/sec: 891,637 | mfu: 24.9% | epoch: 1 | remaining: 281s    
step 00043 (6.3%) | loss: 5.027065 | lrm: 1.00 | dt: 588ms | tok/sec: 892,092 | mfu: 25.0% | epoch: 1 | remaining: 281s    
step 00044 (6.4%) | loss: 5.000566 | lrm: 1.00 | dt: 588ms | tok/sec: 891,767 | mfu: 24.9% | epoch: 1 | remaining: 280s    
step 00045 (6.6%) | loss: 4.974476 | lrm: 1.00 | dt: 588ms | tok/sec: 891,754 | mfu: 24.9% | epoch: 1 | remaining: 279s    
step 00046 (6.8%) | loss: 4.948268 | lrm: 1.00 | dt: 588ms | tok/sec: 891,648 | mfu: 24.9% | epoch: 1 | remaining: 279s    
step 00047 (7.0%) | loss: 4.920785 | lrm: 1.00 | dt: 588ms | tok/sec: 891,868 | mfu: 25.0% | epoch: 1 | remaining: 278s    
step 00048 (7.2%) | loss: 4.899606 | lrm: 1.00 | dt: 588ms | tok/sec: 891,801 | mfu: 24.9% | epoch: 1 | remaining: 278s    
step 00049 (7.4%) | loss: 4.873036 | lrm: 1.00 | dt: 588ms | tok/sec: 891,724 | mfu: 24.9% | epoch: 1 | remaining: 277s    
step 00050 (7.6%) | loss: 4.844425 | lrm: 1.00 | dt: 588ms | tok/sec: 891,620 | mfu: 24.9% | epoch: 1 | remaining: 277s    
step 00051 (7.8%) | loss: 4.820985 | lrm: 1.00 | dt: 588ms | tok/sec: 891,534 | mfu: 24.9% | epoch: 1 | remaining: 276s    
step 00052 (8.0%) | loss: 4.793964 | lrm: 1.00 | dt: 588ms | tok/sec: 891,803 | mfu: 24.9% | epoch: 1 | remaining: 275s    
step 00053 (8.2%) | loss: 4.768377 | lrm: 1.00 | dt: 588ms | tok/sec: 891,705 | mfu: 24.9% | epoch: 1 | remaining: 275s    
step 00054 (8.4%) | loss: 4.743252 | lrm: 1.00 | dt: 588ms | tok/sec: 891,881 | mfu: 25.0% | epoch: 1 | remaining: 274s    
step 00055 (8.6%) | loss: 4.715883 | lrm: 1.00 | dt: 588ms | tok/sec: 891,149 | mfu: 24.9% | epoch: 1 | remaining: 274s    
step 00056 (8.8%) | loss: 4.692743 | lrm: 1.00 | dt: 588ms | tok/sec: 891,409 | mfu: 24.9% | epoch: 1 | remaining: 273s    
step 00057 (9.0%) | loss: 4.666850 | lrm: 1.00 | dt: 588ms | tok/sec: 891,508 | mfu: 24.9% | epoch: 1 | remaining: 272s    
step 00058 (9.2%) | loss: 4.642460 | lrm: 1.00 | dt: 588ms | tok/sec: 891,623 | mfu: 24.9% | epoch: 1 | remaining: 272s    
step 00059 (9.4%) | loss: 4.613090 | lrm: 1.00 | dt: 588ms | tok/sec: 891,617 | mfu: 24.9% | epoch: 1 | remaining: 271s    
step 00060 (9.6%) | loss: 4.588853 | lrm: 1.00 | dt: 588ms | tok/sec: 891,806 | mfu: 24.9% | epoch: 1 | remaining: 271s    
step 00061 (9.8%) | loss: 4.567464 | lrm: 1.00 | dt: 588ms | tok/sec: 891,828 | mfu: 25.0% | epoch: 1 | remaining: 270s    
step 00062 (10.0%) | loss: 4.543562 | lrm: 1.00 | dt: 588ms | tok/sec: 891,527 | mfu: 24.9% | epoch: 1 | remaining: 269s    
step 00063 (10.2%) | loss: 4.520170 | lrm: 1.00 | dt: 588ms | tok/sec: 891,769 | mfu: 24.9% | epoch: 1 | remaining: 269s    
step 00064 (10.4%) | loss: 4.498587 | lrm: 1.00 | dt: 588ms | tok/sec: 891,447 | mfu: 24.9% | epoch: 1 | remaining: 268s    
step 00065 (10.6%) | loss: 4.476845 | lrm: 1.00 | dt: 588ms | tok/sec: 891,500 | mfu: 24.9% | epoch: 1 | remaining: 268s    
step 00066 (10.8%) | loss: 4.456795 | lrm: 1.00 | dt: 588ms | tok/sec: 891,616 | mfu: 24.9% | epoch: 1 | remaining: 267s    
step 00067 (11.0%) | loss: 4.434594 | lrm: 1.00 | dt: 588ms | tok/sec: 891,411 | mfu: 24.9% | epoch: 1 | remaining: 267s    
step 00068 (11.2%) | loss: 4.412784 | lrm: 1.00 | dt: 588ms | tok/sec: 891,372 | mfu: 24.9% | epoch: 1 | remaining: 266s    
step 00069 (11.3%) | loss: 4.388494 | lrm: 1.00 | dt: 588ms | tok/sec: 891,715 | mfu: 24.9% | epoch: 1 | remaining: 265s    
step 00070 (11.5%) | loss: 4.363717 | lrm: 1.00 | dt: 588ms | tok/sec: 891,542 | mfu: 24.9% | epoch: 1 | remaining: 265s    
step 00071 (11.7%) | loss: 4.334579 | lrm: 1.00 | dt: 588ms | tok/sec: 891,338 | mfu: 24.9% | epoch: 1 | remaining: 264s    
step 00072 (11.9%) | loss: 4.320208 | lrm: 1.00 | dt: 588ms | tok/sec: 891,452 | mfu: 24.9% | epoch: 1 | remaining: 264s    
step 00073 (12.1%) | loss: 4.302510 | lrm: 1.00 | dt: 588ms | tok/sec: 891,336 | mfu: 24.9% | epoch: 1 | remaining: 263s    
step 00074 (12.3%) | loss: 4.280891 | lrm: 1.00 | dt: 588ms | tok/sec: 891,370 | mfu: 24.9% | epoch: 1 | remaining: 262s    
step 00075 (12.5%) | loss: 4.260790 | lrm: 1.00 | dt: 588ms | tok/sec: 891,252 | mfu: 24.9% | epoch: 1 | remaining: 262s    
step 00076 (12.7%) | loss: 4.243736 | lrm: 1.00 | dt: 588ms | tok/sec: 891,392 | mfu: 24.9% | epoch: 1 | remaining: 261s    
step 00077 (12.9%) | loss: 4.228989 | lrm: 1.00 | dt: 588ms | tok/sec: 891,466 | mfu: 24.9% | epoch: 1 | remaining: 261s    
step 00078 (13.1%) | loss: 4.206542 | lrm: 1.00 | dt: 588ms | tok/sec: 891,636 | mfu: 24.9% | epoch: 1 | remaining: 260s    
step 00079 (13.3%) | loss: 4.187025 | lrm: 1.00 | dt: 588ms | tok/sec: 891,510 | mfu: 24.9% | epoch: 1 | remaining: 259s    
step 00080 (13.5%) | loss: 4.169599 | lrm: 1.00 | dt: 588ms | tok/sec: 891,615 | mfu: 24.9% | epoch: 1 | remaining: 259s    
step 00081 (13.7%) | loss: 4.152433 | lrm: 1.00 | dt: 588ms | tok/sec: 891,251 | mfu: 24.9% | epoch: 1 | remaining: 258s    
step 00082 (13.9%) | loss: 4.136264 | lrm: 1.00 | dt: 588ms | tok/sec: 891,361 | mfu: 24.9% | epoch: 1 | remaining: 258s    
step 00083 (14.1%) | loss: 4.115742 | lrm: 1.00 | dt: 588ms | tok/sec: 891,295 | mfu: 24.9% | epoch: 1 | remaining: 257s    
step 00084 (14.3%) | loss: 4.095853 | lrm: 1.00 | dt: 588ms | tok/sec: 891,633 | mfu: 24.9% | epoch: 1 | remaining: 257s    
step 00085 (14.5%) | loss: 4.080763 | lrm: 1.00 | dt: 588ms | tok/sec: 891,273 | mfu: 24.9% | epoch: 1 | remaining: 256s    
step 00086 (14.7%) | loss: 4.063480 | lrm: 1.00 | dt: 588ms | tok/sec: 891,269 | mfu: 24.9% | epoch: 1 | remaining: 255s    
step 00087 (14.9%) | loss: 4.050375 | lrm: 1.00 | dt: 588ms | tok/sec: 891,264 | mfu: 24.9% | epoch: 1 | remaining: 255s    
step 00088 (15.1%) | loss: 4.039183 | lrm: 1.00 | dt: 588ms | tok/sec: 891,499 | mfu: 24.9% | epoch: 1 | remaining: 254s    
step 00089 (15.3%) | loss: 4.023358 | lrm: 1.00 | dt: 588ms | tok/sec: 891,044 | mfu: 24.9% | epoch: 1 | remaining: 254s    
step 00090 (15.5%) | loss: 4.009371 | lrm: 1.00 | dt: 588ms | tok/sec: 890,903 | mfu: 24.9% | epoch: 1 | remaining: 253s    
step 00091 (15.7%) | loss: 3.992368 | lrm: 1.00 | dt: 588ms | tok/sec: 891,324 | mfu: 24.9% | epoch: 1 | remaining: 252s    
step 00092 (15.9%) | loss: 3.980094 | lrm: 1.00 | dt: 588ms | tok/sec: 891,443 | mfu: 24.9% | epoch: 1 | remaining: 252s    
step 00093 (16.1%) | loss: 3.966652 | lrm: 1.00 | dt: 588ms | tok/sec: 891,167 | mfu: 24.9% | epoch: 1 | remaining: 251s    
step 00094 (16.2%) | loss: 3.957082 | lrm: 1.00 | dt: 588ms | tok/sec: 891,426 | mfu: 24.9% | epoch: 1 | remaining: 251s    
step 00095 (16.4%) | loss: 3.946041 | lrm: 1.00 | dt: 588ms | tok/sec: 891,350 | mfu: 24.9% | epoch: 1 | remaining: 250s    
step 00096 (16.6%) | loss: 3.929169 | lrm: 1.00 | dt: 588ms | tok/sec: 891,290 | mfu: 24.9% | epoch: 1 | remaining: 249s    
step 00097 (16.8%) | loss: 3.917524 | lrm: 1.00 | dt: 588ms | tok/sec: 891,353 | mfu: 24.9% | epoch: 1 | remaining: 249s    
step 00098 (17.0%) | loss: 3.904596 | lrm: 1.00 | dt: 588ms | tok/sec: 891,087 | mfu: 24.9% | epoch: 1 | remaining: 248s    
step 00099 (17.2%) | loss: 3.894587 | lrm: 1.00 | dt: 588ms | tok/sec: 891,002 | mfu: 24.9% | epoch: 1 | remaining: 248s    
step 00100 (17.4%) | loss: 3.883748 | lrm: 1.00 | dt: 589ms | tok/sec: 890,863 | mfu: 24.9% | epoch: 1 | remaining: 247s    
step 00101 (17.6%) | loss: 3.870595 | lrm: 1.00 | dt: 588ms | tok/sec: 891,056 | mfu: 24.9% | epoch: 1 | remaining: 247s    
step 00102 (17.8%) | loss: 3.857672 | lrm: 1.00 | dt: 588ms | tok/sec: 891,251 | mfu: 24.9% | epoch: 1 | remaining: 246s    
step 00103 (18.0%) | loss: 3.838107 | lrm: 1.00 | dt: 588ms | tok/sec: 890,952 | mfu: 24.9% | epoch: 1 | remaining: 245s    
step 00104 (18.2%) | loss: 3.824783 | lrm: 1.00 | dt: 588ms | tok/sec: 891,076 | mfu: 24.9% | epoch: 1 | remaining: 245s    
step 00105 (18.4%) | loss: 3.813990 | lrm: 1.00 | dt: 588ms | tok/sec: 891,187 | mfu: 24.9% | epoch: 1 | remaining: 244s    
step 00106 (18.6%) | loss: 3.805800 | lrm: 1.00 | dt: 588ms | tok/sec: 891,046 | mfu: 24.9% | epoch: 1 | remaining: 244s    
step 00107 (18.8%) | loss: 3.799608 | lrm: 1.00 | dt: 589ms | tok/sec: 890,754 | mfu: 24.9% | epoch: 1 | remaining: 243s    
step 00108 (19.0%) | loss: 3.792602 | lrm: 1.00 | dt: 588ms | tok/sec: 891,142 | mfu: 24.9% | epoch: 1 | remaining: 242s    
step 00109 (19.2%) | loss: 3.786034 | lrm: 1.00 | dt: 588ms | tok/sec: 891,430 | mfu: 24.9% | epoch: 1 | remaining: 242s    
step 00110 (19.4%) | loss: 3.776757 | lrm: 1.00 | dt: 588ms | tok/sec: 891,509 | mfu: 24.9% | epoch: 1 | remaining: 241s    
step 00111 (19.6%) | loss: 3.773987 | lrm: 1.00 | dt: 588ms | tok/sec: 890,981 | mfu: 24.9% | epoch: 1 | remaining: 241s    
step 00112 (19.8%) | loss: 3.767949 | lrm: 1.00 | dt: 588ms | tok/sec: 891,242 | mfu: 24.9% | epoch: 1 | remaining: 240s    
step 00113 (20.0%) | loss: 3.764998 | lrm: 1.00 | dt: 588ms | tok/sec: 891,120 | mfu: 24.9% | epoch: 1 | remaining: 239s    
step 00114 (20.2%) | loss: 3.763053 | lrm: 1.00 | dt: 588ms | tok/sec: 891,133 | mfu: 24.9% | epoch: 1 | remaining: 239s    
step 00115 (20.4%) | loss: 3.756455 | lrm: 1.00 | dt: 588ms | tok/sec: 891,313 | mfu: 24.9% | epoch: 1 | remaining: 238s    
step 00116 (20.6%) | loss: 3.746342 | lrm: 1.00 | dt: 588ms | tok/sec: 891,464 | mfu: 24.9% | epoch: 1 | remaining: 238s    
step 00117 (20.8%) | loss: 3.744728 | lrm: 1.00 | dt: 588ms | tok/sec: 891,098 | mfu: 24.9% | epoch: 1 | remaining: 237s    
step 00118 (21.0%) | loss: 3.735824 | lrm: 1.00 | dt: 588ms | tok/sec: 891,140 | mfu: 24.9% | epoch: 1 | remaining: 237s    
step 00119 (21.2%) | loss: 3.730978 | lrm: 1.00 | dt: 588ms | tok/sec: 891,239 | mfu: 24.9% | epoch: 1 | remaining: 236s    
step 00120 (21.3%) | loss: 3.727631 | lrm: 1.00 | dt: 588ms | tok/sec: 891,037 | mfu: 24.9% | epoch: 1 | remaining: 235s    
step 00121 (21.5%) | loss: 3.712371 | lrm: 1.00 | dt: 588ms | tok/sec: 891,268 | mfu: 24.9% | epoch: 1 | remaining: 235s    
step 00122 (21.7%) | loss: 3.704680 | lrm: 1.00 | dt: 588ms | tok/sec: 891,288 | mfu: 24.9% | epoch: 1 | remaining: 234s    
step 00123 (21.9%) | loss: 3.698471 | lrm: 1.00 | dt: 588ms | tok/sec: 891,240 | mfu: 24.9% | epoch: 1 | remaining: 234s    
step 00124 (22.1%) | loss: 3.693607 | lrm: 1.00 | dt: 588ms | tok/sec: 891,304 | mfu: 24.9% | epoch: 1 | remaining: 233s    
step 00125 (22.3%) | loss: 3.686298 | lrm: 1.00 | dt: 588ms | tok/sec: 891,223 | mfu: 24.9% | epoch: 1 | remaining: 232s    
step 00126 (22.5%) | loss: 3.679490 | lrm: 1.00 | dt: 588ms | tok/sec: 891,234 | mfu: 24.9% | epoch: 1 | remaining: 232s    
step 00127 (22.7%) | loss: 3.670859 | lrm: 1.00 | dt: 588ms | tok/sec: 891,433 | mfu: 24.9% | epoch: 1 | remaining: 231s    
step 00128 (22.9%) | loss: 3.669277 | lrm: 1.00 | dt: 589ms | tok/sec: 890,867 | mfu: 24.9% | epoch: 1 | remaining: 231s    
step 00129 (23.1%) | loss: 3.663338 | lrm: 1.00 | dt: 588ms | tok/sec: 891,514 | mfu: 24.9% | epoch: 1 | remaining: 230s    
step 00130 (23.3%) | loss: 3.661394 | lrm: 1.00 | dt: 588ms | tok/sec: 891,233 | mfu: 24.9% | epoch: 1 | remaining: 229s    
step 00131 (23.5%) | loss: 3.655310 | lrm: 1.00 | dt: 588ms | tok/sec: 891,474 | mfu: 24.9% | epoch: 1 | remaining: 229s    
step 00132 (23.7%) | loss: 3.650450 | lrm: 1.00 | dt: 588ms | tok/sec: 891,344 | mfu: 24.9% | epoch: 1 | remaining: 228s    
step 00133 (23.9%) | loss: 3.649745 | lrm: 1.00 | dt: 588ms | tok/sec: 891,212 | mfu: 24.9% | epoch: 1 | remaining: 228s    
step 00134 (24.1%) | loss: 3.639776 | lrm: 1.00 | dt: 588ms | tok/sec: 891,341 | mfu: 24.9% | epoch: 1 | remaining: 227s    
step 00135 (24.3%) | loss: 3.633747 | lrm: 1.00 | dt: 588ms | tok/sec: 891,334 | mfu: 24.9% | epoch: 1 | remaining: 227s    
step 00136 (24.5%) | loss: 3.626584 | lrm: 1.00 | dt: 588ms | tok/sec: 891,457 | mfu: 24.9% | epoch: 1 | remaining: 226s    
step 00137 (24.7%) | loss: 3.622522 | lrm: 1.00 | dt: 588ms | tok/sec: 891,322 | mfu: 24.9% | epoch: 1 | remaining: 225s    
step 00138 (24.9%) | loss: 3.623382 | lrm: 1.00 | dt: 588ms | tok/sec: 891,299 | mfu: 24.9% | epoch: 1 | remaining: 225s    
step 00139 (25.1%) | loss: 3.614023 | lrm: 1.00 | dt: 588ms | tok/sec: 891,288 | mfu: 24.9% | epoch: 1 | remaining: 224s    
step 00140 (25.3%) | loss: 3.607423 | lrm: 1.00 | dt: 588ms | tok/sec: 891,288 | mfu: 24.9% | epoch: 1 | remaining: 224s    
step 00141 (25.5%) | loss: 3.605012 | lrm: 1.00 | dt: 588ms | tok/sec: 891,384 | mfu: 24.9% | epoch: 1 | remaining: 223s    
step 00142 (25.7%) | loss: 3.602662 | lrm: 1.00 | dt: 588ms | tok/sec: 891,121 | mfu: 24.9% | epoch: 1 | remaining: 222s    
step 00143 (25.9%) | loss: 3.597412 | lrm: 1.00 | dt: 588ms | tok/sec: 891,601 | mfu: 24.9% | epoch: 1 | remaining: 222s    
step 00144 (26.1%) | loss: 3.601396 | lrm: 1.00 | dt: 589ms | tok/sec: 890,857 | mfu: 24.9% | epoch: 1 | remaining: 221s    
step 00145 (26.3%) | loss: 3.597557 | lrm: 1.00 | dt: 588ms | tok/sec: 891,363 | mfu: 24.9% | epoch: 1 | remaining: 221s    
step 00146 (26.4%) | loss: 3.593802 | lrm: 1.00 | dt: 588ms | tok/sec: 891,181 | mfu: 24.9% | epoch: 1 | remaining: 220s    
step 00147 (26.6%) | loss: 3.593640 | lrm: 1.00 | dt: 588ms | tok/sec: 891,468 | mfu: 24.9% | epoch: 1 | remaining: 219s    
step 00148 (26.8%) | loss: 3.587234 | lrm: 1.00 | dt: 588ms | tok/sec: 891,357 | mfu: 24.9% | epoch: 1 | remaining: 219s    
step 00149 (27.0%) | loss: 3.577498 | lrm: 1.00 | dt: 588ms | tok/sec: 891,512 | mfu: 24.9% | epoch: 1 | remaining: 218s    
step 00150 (27.2%) | loss: 3.575994 | lrm: 1.00 | dt: 588ms | tok/sec: 891,290 | mfu: 24.9% | epoch: 1 | remaining: 218s    
step 00151 (27.4%) | loss: 3.575290 | lrm: 1.00 | dt: 588ms | tok/sec: 891,406 | mfu: 24.9% | epoch: 1 | remaining: 217s    
step 00152 (27.6%) | loss: 3.570611 | lrm: 1.00 | dt: 588ms | tok/sec: 891,175 | mfu: 24.9% | epoch: 1 | remaining: 217s    
step 00153 (27.8%) | loss: 3.573814 | lrm: 1.00 | dt: 589ms | tok/sec: 890,804 | mfu: 24.9% | epoch: 1 | remaining: 216s    
step 00154 (28.0%) | loss: 3.573156 | lrm: 1.00 | dt: 588ms | tok/sec: 891,364 | mfu: 24.9% | epoch: 1 | remaining: 215s    
step 00155 (28.2%) | loss: 3.569334 | lrm: 1.00 | dt: 588ms | tok/sec: 891,409 | mfu: 24.9% | epoch: 1 | remaining: 215s    
step 00156 (28.4%) | loss: 3.563479 | lrm: 1.00 | dt: 588ms | tok/sec: 891,265 | mfu: 24.9% | epoch: 1 | remaining: 214s    
step 00157 (28.6%) | loss: 3.557479 | lrm: 1.00 | dt: 588ms | tok/sec: 891,456 | mfu: 24.9% | epoch: 1 | remaining: 214s    
step 00158 (28.8%) | loss: 3.556191 | lrm: 1.00 | dt: 588ms | tok/sec: 891,357 | mfu: 24.9% | epoch: 1 | remaining: 213s    
step 00159 (29.0%) | loss: 3.550196 | lrm: 1.00 | dt: 588ms | tok/sec: 891,251 | mfu: 24.9% | epoch: 1 | remaining: 212s    
step 00160 (29.2%) | loss: 3.549564 | lrm: 1.00 | dt: 588ms | tok/sec: 891,372 | mfu: 24.9% | epoch: 1 | remaining: 212s    
step 00161 (29.4%) | loss: 3.546319 | lrm: 1.00 | dt: 588ms | tok/sec: 891,064 | mfu: 24.9% | epoch: 1 | remaining: 211s    
step 00162 (29.6%) | loss: 3.547221 | lrm: 1.00 | dt: 588ms | tok/sec: 891,405 | mfu: 24.9% | epoch: 1 | remaining: 211s    
step 00163 (29.8%) | loss: 3.541447 | lrm: 1.00 | dt: 588ms | tok/sec: 891,503 | mfu: 24.9% | epoch: 1 | remaining: 210s    
step 00164 (30.0%) | loss: 3.541378 | lrm: 1.00 | dt: 588ms | tok/sec: 891,214 | mfu: 24.9% | epoch: 1 | remaining: 209s    
step 00165 (30.2%) | loss: 3.539841 | lrm: 1.00 | dt: 588ms | tok/sec: 891,346 | mfu: 24.9% | epoch: 1 | remaining: 209s    
step 00166 (30.4%) | loss: 3.535378 | lrm: 1.00 | dt: 588ms | tok/sec: 891,267 | mfu: 24.9% | epoch: 1 | remaining: 208s    
step 00167 (30.6%) | loss: 3.533059 | lrm: 1.00 | dt: 588ms | tok/sec: 891,229 | mfu: 24.9% | epoch: 1 | remaining: 208s    
step 00168 (30.8%) | loss: 3.530374 | lrm: 1.00 | dt: 588ms | tok/sec: 891,392 | mfu: 24.9% | epoch: 1 | remaining: 207s    
step 00169 (31.0%) | loss: 3.525921 | lrm: 1.00 | dt: 588ms | tok/sec: 891,183 | mfu: 24.9% | epoch: 1 | remaining: 207s    
step 00170 (31.2%) | loss: 3.519874 | lrm: 1.00 | dt: 588ms | tok/sec: 891,349 | mfu: 24.9% | epoch: 1 | remaining: 206s    
step 00171 (31.3%) | loss: 3.519233 | lrm: 1.00 | dt: 588ms | tok/sec: 891,433 | mfu: 24.9% | epoch: 1 | remaining: 205s    
step 00172 (31.5%) | loss: 3.518141 | lrm: 1.00 | dt: 589ms | tok/sec: 890,788 | mfu: 24.9% | epoch: 1 | remaining: 205s    
step 00173 (31.7%) | loss: 3.514252 | lrm: 1.00 | dt: 588ms | tok/sec: 891,339 | mfu: 24.9% | epoch: 1 | remaining: 204s    
step 00174 (31.9%) | loss: 3.513302 | lrm: 1.00 | dt: 588ms | tok/sec: 891,145 | mfu: 24.9% | epoch: 1 | remaining: 204s    
step 00175 (32.1%) | loss: 3.510904 | lrm: 1.00 | dt: 588ms | tok/sec: 891,320 | mfu: 24.9% | epoch: 1 | remaining: 203s    
step 00176 (32.3%) | loss: 3.509713 | lrm: 1.00 | dt: 588ms | tok/sec: 891,334 | mfu: 24.9% | epoch: 1 | remaining: 202s    
step 00177 (32.5%) | loss: 3.507541 | lrm: 1.00 | dt: 589ms | tok/sec: 890,821 | mfu: 24.9% | epoch: 1 | remaining: 202s    
step 00178 (32.7%) | loss: 3.506567 | lrm: 1.00 | dt: 588ms | tok/sec: 891,231 | mfu: 24.9% | epoch: 1 | remaining: 201s    
step 00179 (32.9%) | loss: 3.503998 | lrm: 1.00 | dt: 588ms | tok/sec: 891,096 | mfu: 24.9% | epoch: 1 | remaining: 201s    
step 00180 (33.1%) | loss: 3.503041 | lrm: 1.00 | dt: 588ms | tok/sec: 891,424 | mfu: 24.9% | epoch: 1 | remaining: 200s    
step 00181 (33.3%) | loss: 3.499136 | lrm: 1.00 | dt: 588ms | tok/sec: 891,415 | mfu: 24.9% | epoch: 1 | remaining: 199s    
step 00182 (33.5%) | loss: 3.492036 | lrm: 1.00 | dt: 588ms | tok/sec: 891,516 | mfu: 24.9% | epoch: 1 | remaining: 199s    
step 00183 (33.7%) | loss: 3.486029 | lrm: 1.00 | dt: 588ms | tok/sec: 891,150 | mfu: 24.9% | epoch: 1 | remaining: 198s    
step 00184 (33.9%) | loss: 3.484858 | lrm: 1.00 | dt: 588ms | tok/sec: 891,320 | mfu: 24.9% | epoch: 1 | remaining: 198s    
step 00185 (34.1%) | loss: 3.480473 | lrm: 1.00 | dt: 588ms | tok/sec: 891,363 | mfu: 24.9% | epoch: 1 | remaining: 197s    
step 00186 (34.3%) | loss: 3.475260 | lrm: 1.00 | dt: 588ms | tok/sec: 891,140 | mfu: 24.9% | epoch: 1 | remaining: 197s    
step 00187 (34.5%) | loss: 3.472142 | lrm: 1.00 | dt: 588ms | tok/sec: 891,454 | mfu: 24.9% | epoch: 1 | remaining: 196s    
step 00188 (34.7%) | loss: 3.471904 | lrm: 1.00 | dt: 588ms | tok/sec: 891,269 | mfu: 24.9% | epoch: 1 | remaining: 195s    
step 00189 (34.9%) | loss: 3.470651 | lrm: 1.00 | dt: 588ms | tok/sec: 891,154 | mfu: 24.9% | epoch: 1 | remaining: 195s    
step 00190 (35.1%) | loss: 3.470740 | lrm: 1.00 | dt: 588ms | tok/sec: 891,481 | mfu: 24.9% | epoch: 1 | remaining: 194s    
step 00191 (35.3%) | loss: 3.472030 | lrm: 1.00 | dt: 588ms | tok/sec: 891,520 | mfu: 24.9% | epoch: 1 | remaining: 194s    
step 00192 (35.5%) | loss: 3.465984 | lrm: 1.00 | dt: 588ms | tok/sec: 891,339 | mfu: 24.9% | epoch: 1 | remaining: 193s    
step 00193 (35.7%) | loss: 3.460603 | lrm: 1.00 | dt: 588ms | tok/sec: 891,461 | mfu: 24.9% | epoch: 1 | remaining: 192s    
step 00194 (35.9%) | loss: 3.461456 | lrm: 1.00 | dt: 588ms | tok/sec: 891,246 | mfu: 24.9% | epoch: 1 | remaining: 192s    
step 00195 (36.1%) | loss: 3.458557 | lrm: 1.00 | dt: 588ms | tok/sec: 891,177 | mfu: 24.9% | epoch: 1 | remaining: 191s    
step 00196 (36.3%) | loss: 3.457928 | lrm: 1.00 | dt: 588ms | tok/sec: 891,500 | mfu: 24.9% | epoch: 1 | remaining: 191s    
step 00197 (36.4%) | loss: 3.460209 | lrm: 1.00 | dt: 588ms | tok/sec: 890,915 | mfu: 24.9% | epoch: 1 | remaining: 190s    
step 00198 (36.6%) | loss: 3.455420 | lrm: 1.00 | dt: 588ms | tok/sec: 891,279 | mfu: 24.9% | epoch: 1 | remaining: 189s    
step 00199 (36.8%) | loss: 3.451242 | lrm: 1.00 | dt: 588ms | tok/sec: 890,952 | mfu: 24.9% | epoch: 1 | remaining: 189s    
step 00200 (37.0%) | loss: 3.450967 | lrm: 1.00 | dt: 588ms | tok/sec: 891,440 | mfu: 24.9% | epoch: 1 | remaining: 188s    
step 00201 (37.2%) | loss: 3.449501 | lrm: 1.00 | dt: 588ms | tok/sec: 891,314 | mfu: 24.9% | epoch: 1 | remaining: 188s    
step 00202 (37.4%) | loss: 3.446692 | lrm: 1.00 | dt: 588ms | tok/sec: 891,352 | mfu: 24.9% | epoch: 1 | remaining: 187s    
step 00203 (37.6%) | loss: 3.444508 | lrm: 1.00 | dt: 588ms | tok/sec: 891,280 | mfu: 24.9% | epoch: 1 | remaining: 187s    
step 00204 (37.8%) | loss: 3.442825 | lrm: 1.00 | dt: 588ms | tok/sec: 891,177 | mfu: 24.9% | epoch: 1 | remaining: 186s    
step 00205 (38.0%) | loss: 3.442436 | lrm: 1.00 | dt: 588ms | tok/sec: 890,891 | mfu: 24.9% | epoch: 1 | remaining: 185s    
step 00206 (38.2%) | loss: 3.438930 | lrm: 1.00 | dt: 588ms | tok/sec: 891,520 | mfu: 24.9% | epoch: 1 | remaining: 185s    
step 00207 (38.4%) | loss: 3.437133 | lrm: 1.00 | dt: 588ms | tok/sec: 891,509 | mfu: 24.9% | epoch: 1 | remaining: 184s    
step 00208 (38.6%) | loss: 3.436247 | lrm: 1.00 | dt: 588ms | tok/sec: 891,490 | mfu: 24.9% | epoch: 1 | remaining: 184s    
step 00209 (38.8%) | loss: 3.436301 | lrm: 1.00 | dt: 588ms | tok/sec: 891,523 | mfu: 24.9% | epoch: 1 | remaining: 183s    
step 00210 (39.0%) | loss: 3.433748 | lrm: 1.00 | dt: 588ms | tok/sec: 891,377 | mfu: 24.9% | epoch: 1 | remaining: 182s    
step 00211 (39.2%) | loss: 3.434617 | lrm: 1.00 | dt: 588ms | tok/sec: 891,577 | mfu: 24.9% | epoch: 1 | remaining: 182s    
step 00212 (39.4%) | loss: 3.432668 | lrm: 1.00 | dt: 588ms | tok/sec: 891,463 | mfu: 24.9% | epoch: 1 | remaining: 181s    
step 00213 (39.6%) | loss: 3.426435 | lrm: 1.00 | dt: 588ms | tok/sec: 891,452 | mfu: 24.9% | epoch: 1 | remaining: 181s    
step 00214 (39.8%) | loss: 3.428608 | lrm: 1.00 | dt: 588ms | tok/sec: 891,308 | mfu: 24.9% | epoch: 1 | remaining: 180s    
step 00215 (40.0%) | loss: 3.422121 | lrm: 1.00 | dt: 588ms | tok/sec: 891,274 | mfu: 24.9% | epoch: 1 | remaining: 179s    
step 00216 (40.2%) | loss: 3.424670 | lrm: 1.00 | dt: 588ms | tok/sec: 891,356 | mfu: 24.9% | epoch: 1 | remaining: 179s    
step 00217 (40.4%) | loss: 3.422515 | lrm: 1.00 | dt: 588ms | tok/sec: 891,636 | mfu: 24.9% | epoch: 1 | remaining: 178s    
step 00218 (40.6%) | loss: 3.422379 | lrm: 1.00 | dt: 588ms | tok/sec: 891,503 | mfu: 24.9% | epoch: 1 | remaining: 178s    
step 00219 (40.8%) | loss: 3.421056 | lrm: 1.00 | dt: 588ms | tok/sec: 891,768 | mfu: 24.9% | epoch: 1 | remaining: 177s    
step 00220 (41.0%) | loss: 3.420975 | lrm: 1.00 | dt: 588ms | tok/sec: 891,543 | mfu: 24.9% | epoch: 1 | remaining: 177s    
step 00221 (41.2%) | loss: 3.409223 | lrm: 1.00 | dt: 588ms | tok/sec: 891,835 | mfu: 25.0% | epoch: 1 | remaining: 176s    
step 00222 (41.3%) | loss: 3.406406 | lrm: 1.00 | dt: 588ms | tok/sec: 891,511 | mfu: 24.9% | epoch: 1 | remaining: 175s    
step 00223 (41.5%) | loss: 3.405339 | lrm: 1.00 | dt: 588ms | tok/sec: 891,552 | mfu: 24.9% | epoch: 1 | remaining: 175s    
step 00224 (41.7%) | loss: 3.406650 | lrm: 1.00 | dt: 588ms | tok/sec: 891,068 | mfu: 24.9% | epoch: 1 | remaining: 174s    
step 00225 (41.9%) | loss: 3.409565 | lrm: 1.00 | dt: 588ms | tok/sec: 891,511 | mfu: 24.9% | epoch: 1 | remaining: 174s    
step 00226 (42.1%) | loss: 3.406529 | lrm: 1.00 | dt: 588ms | tok/sec: 891,089 | mfu: 24.9% | epoch: 1 | remaining: 173s    
step 00227 (42.3%) | loss: 3.408884 | lrm: 1.00 | dt: 588ms | tok/sec: 891,497 | mfu: 24.9% | epoch: 1 | remaining: 172s    
step 00228 (42.5%) | loss: 3.409643 | lrm: 1.00 | dt: 588ms | tok/sec: 891,208 | mfu: 24.9% | epoch: 1 | remaining: 172s    
step 00229 (42.7%) | loss: 3.409578 | lrm: 1.00 | dt: 588ms | tok/sec: 891,613 | mfu: 24.9% | epoch: 1 | remaining: 171s    
step 00230 (42.9%) | loss: 3.411861 | lrm: 1.00 | dt: 589ms | tok/sec: 890,846 | mfu: 24.9% | epoch: 1 | remaining: 171s    
step 00231 (43.1%) | loss: 3.405227 | lrm: 1.00 | dt: 588ms | tok/sec: 890,939 | mfu: 24.9% | epoch: 1 | remaining: 170s    
step 00232 (43.3%) | loss: 3.403408 | lrm: 1.00 | dt: 588ms | tok/sec: 891,098 | mfu: 24.9% | epoch: 1 | remaining: 169s    
step 00233 (43.5%) | loss: 3.407179 | lrm: 1.00 | dt: 588ms | tok/sec: 891,223 | mfu: 24.9% | epoch: 1 | remaining: 169s    
step 00234 (43.7%) | loss: 3.407104 | lrm: 1.00 | dt: 588ms | tok/sec: 891,297 | mfu: 24.9% | epoch: 1 | remaining: 168s    
step 00235 (43.9%) | loss: 3.403970 | lrm: 1.00 | dt: 588ms | tok/sec: 891,413 | mfu: 24.9% | epoch: 1 | remaining: 168s    
step 00236 (44.1%) | loss: 3.407706 | lrm: 1.00 | dt: 588ms | tok/sec: 891,568 | mfu: 24.9% | epoch: 1 | remaining: 167s    
step 00237 (44.3%) | loss: 3.407479 | lrm: 1.00 | dt: 588ms | tok/sec: 891,155 | mfu: 24.9% | epoch: 1 | remaining: 167s    
step 00238 (44.5%) | loss: 3.408664 | lrm: 1.00 | dt: 588ms | tok/sec: 891,422 | mfu: 24.9% | epoch: 1 | remaining: 166s    
step 00239 (44.7%) | loss: 3.401905 | lrm: 1.00 | dt: 588ms | tok/sec: 891,412 | mfu: 24.9% | epoch: 1 | remaining: 165s    
step 00240 (44.9%) | loss: 3.392606 | lrm: 1.00 | dt: 588ms | tok/sec: 891,850 | mfu: 25.0% | epoch: 1 | remaining: 165s    
step 00241 (45.1%) | loss: 3.389541 | lrm: 1.00 | dt: 588ms | tok/sec: 891,483 | mfu: 24.9% | epoch: 1 | remaining: 164s    
step 00242 (45.3%) | loss: 3.391095 | lrm: 1.00 | dt: 588ms | tok/sec: 891,171 | mfu: 24.9% | epoch: 1 | remaining: 164s    
step 00243 (45.5%) | loss: 3.393492 | lrm: 1.00 | dt: 588ms | tok/sec: 891,619 | mfu: 24.9% | epoch: 1 | remaining: 163s    
step 00244 (45.7%) | loss: 3.393937 | lrm: 1.00 | dt: 588ms | tok/sec: 891,617 | mfu: 24.9% | epoch: 1 | remaining: 162s    
step 00245 (45.9%) | loss: 3.389539 | lrm: 1.00 | dt: 588ms | tok/sec: 891,667 | mfu: 24.9% | epoch: 1 | remaining: 162s    
step 00246 (46.1%) | loss: 3.391714 | lrm: 1.00 | dt: 588ms | tok/sec: 891,731 | mfu: 24.9% | epoch: 1 | remaining: 161s    
step 00247 (46.2%) | loss: 3.388066 | lrm: 1.00 | dt: 588ms | tok/sec: 891,627 | mfu: 24.9% | epoch: 1 | remaining: 161s    
step 00248 (46.4%) | loss: 3.389051 | lrm: 1.00 | dt: 588ms | tok/sec: 891,532 | mfu: 24.9% | epoch: 1 | remaining: 160s    
step 00249 (46.6%) | loss: 3.381379 | lrm: 1.00 | dt: 588ms | tok/sec: 891,560 | mfu: 24.9% | epoch: 1 | remaining: 159s    
step 00250 (46.8%) | loss: 3.377948 | lrm: 1.00 | dt: 588ms | tok/sec: 891,838 | mfu: 25.0% | epoch: 1 | remaining: 159s    
step 00251 (47.0%) | loss: 3.375918 | lrm: 1.00 | dt: 588ms | tok/sec: 891,610 | mfu: 24.9% | epoch: 1 | remaining: 158s    
step 00252 (47.2%) | loss: 3.374515 | lrm: 1.00 | dt: 588ms | tok/sec: 891,585 | mfu: 24.9% | epoch: 1 | remaining: 158s    
step 00253 (47.4%) | loss: 3.365276 | lrm: 1.00 | dt: 588ms | tok/sec: 891,564 | mfu: 24.9% | epoch: 1 | remaining: 157s    
step 00254 (47.6%) | loss: 3.361210 | lrm: 1.00 | dt: 588ms | tok/sec: 891,710 | mfu: 24.9% | epoch: 1 | remaining: 157s    
step 00255 (47.8%) | loss: 3.360457 | lrm: 1.00 | dt: 588ms | tok/sec: 891,556 | mfu: 24.9% | epoch: 1 | remaining: 156s    
step 00256 (48.0%) | loss: 3.356881 | lrm: 1.00 | dt: 588ms | tok/sec: 891,279 | mfu: 24.9% | epoch: 1 | remaining: 155s    
step 00257 (48.2%) | loss: 3.356238 | lrm: 1.00 | dt: 588ms | tok/sec: 891,467 | mfu: 24.9% | epoch: 1 | remaining: 155s    
step 00258 (48.4%) | loss: 3.358107 | lrm: 1.00 | dt: 588ms | tok/sec: 891,557 | mfu: 24.9% | epoch: 1 | remaining: 154s    
step 00259 (48.6%) | loss: 3.359106 | lrm: 1.00 | dt: 588ms | tok/sec: 891,601 | mfu: 24.9% | epoch: 1 | remaining: 154s    
step 00260 (48.8%) | loss: 3.358097 | lrm: 1.00 | dt: 588ms | tok/sec: 891,675 | mfu: 24.9% | epoch: 1 | remaining: 153s    
step 00261 (49.0%) | loss: 3.360191 | lrm: 1.00 | dt: 588ms | tok/sec: 891,359 | mfu: 24.9% | epoch: 1 | remaining: 152s    
step 00262 (49.2%) | loss: 3.356872 | lrm: 1.00 | dt: 588ms | tok/sec: 891,119 | mfu: 24.9% | epoch: 1 | remaining: 152s    
step 00263 (49.4%) | loss: 3.354106 | lrm: 1.00 | dt: 588ms | tok/sec: 891,438 | mfu: 24.9% | epoch: 1 | remaining: 151s    
step 00264 (49.6%) | loss: 3.351866 | lrm: 1.00 | dt: 588ms | tok/sec: 891,460 | mfu: 24.9% | epoch: 1 | remaining: 151s    
step 00265 (49.8%) | loss: 3.351395 | lrm: 1.00 | dt: 588ms | tok/sec: 891,358 | mfu: 24.9% | epoch: 1 | remaining: 150s    
step 00266 (50.0%) | loss: 3.348485 | lrm: 1.00 | dt: 588ms | tok/sec: 891,476 | mfu: 24.9% | epoch: 1 | remaining: 149s    
step 00267 (50.2%) | loss: 3.344300 | lrm: 1.00 | dt: 588ms | tok/sec: 891,181 | mfu: 24.9% | epoch: 1 | remaining: 149s    
step 00268 (50.4%) | loss: 3.346693 | lrm: 0.99 | dt: 588ms | tok/sec: 891,610 | mfu: 24.9% | epoch: 1 | remaining: 148s    
step 00269 (50.6%) | loss: 3.348394 | lrm: 0.99 | dt: 588ms | tok/sec: 891,497 | mfu: 24.9% | epoch: 1 | remaining: 148s    
step 00270 (50.8%) | loss: 3.345240 | lrm: 0.98 | dt: 588ms | tok/sec: 891,824 | mfu: 25.0% | epoch: 1 | remaining: 147s    
step 00271 (51.0%) | loss: 3.347224 | lrm: 0.98 | dt: 588ms | tok/sec: 891,286 | mfu: 24.9% | epoch: 1 | remaining: 147s    
step 00272 (51.1%) | loss: 3.346281 | lrm: 0.98 | dt: 588ms | tok/sec: 891,825 | mfu: 25.0% | epoch: 1 | remaining: 146s    
step 00273 (51.3%) | loss: 3.345213 | lrm: 0.97 | dt: 588ms | tok/sec: 891,658 | mfu: 24.9% | epoch: 1 | remaining: 145s    
step 00274 (51.5%) | loss: 3.345384 | lrm: 0.97 | dt: 588ms | tok/sec: 891,702 | mfu: 24.9% | epoch: 1 | remaining: 145s    
step 00275 (51.7%) | loss: 3.343291 | lrm: 0.97 | dt: 588ms | tok/sec: 891,318 | mfu: 24.9% | epoch: 1 | remaining: 144s    
step 00276 (51.9%) | loss: 3.341088 | lrm: 0.96 | dt: 588ms | tok/sec: 891,564 | mfu: 24.9% | epoch: 1 | remaining: 144s    
step 00277 (52.1%) | loss: 3.343843 | lrm: 0.96 | dt: 588ms | tok/sec: 891,761 | mfu: 24.9% | epoch: 1 | remaining: 143s    
step 00278 (52.3%) | loss: 3.344204 | lrm: 0.95 | dt: 588ms | tok/sec: 891,772 | mfu: 24.9% | epoch: 1 | remaining: 142s    
step 00279 (52.5%) | loss: 3.341667 | lrm: 0.95 | dt: 588ms | tok/sec: 891,736 | mfu: 24.9% | epoch: 1 | remaining: 142s    
step 00280 (52.7%) | loss: 3.342537 | lrm: 0.95 | dt: 588ms | tok/sec: 891,253 | mfu: 24.9% | epoch: 1 | remaining: 141s    
step 00281 (52.9%) | loss: 3.345396 | lrm: 0.94 | dt: 588ms | tok/sec: 891,575 | mfu: 24.9% | epoch: 1 | remaining: 141s    
step 00282 (53.1%) | loss: 3.342196 | lrm: 0.94 | dt: 588ms | tok/sec: 891,407 | mfu: 24.9% | epoch: 1 | remaining: 140s    
step 00283 (53.3%) | loss: 3.341708 | lrm: 0.93 | dt: 588ms | tok/sec: 891,611 | mfu: 24.9% | epoch: 1 | remaining: 139s    
step 00284 (53.5%) | loss: 3.339089 | lrm: 0.93 | dt: 588ms | tok/sec: 891,504 | mfu: 24.9% | epoch: 1 | remaining: 139s    
step 00285 (53.7%) | loss: 3.339924 | lrm: 0.93 | dt: 588ms | tok/sec: 891,517 | mfu: 24.9% | epoch: 1 | remaining: 138s    
step 00286 (53.9%) | loss: 3.334926 | lrm: 0.92 | dt: 588ms | tok/sec: 891,785 | mfu: 24.9% | epoch: 1 | remaining: 138s    
step 00287 (54.1%) | loss: 3.332833 | lrm: 0.92 | dt: 588ms | tok/sec: 891,482 | mfu: 24.9% | epoch: 1 | remaining: 137s    
step 00288 (54.3%) | loss: 3.334963 | lrm: 0.91 | dt: 588ms | tok/sec: 891,684 | mfu: 24.9% | epoch: 1 | remaining: 137s    
step 00289 (54.5%) | loss: 3.331890 | lrm: 0.91 | dt: 588ms | tok/sec: 891,565 | mfu: 24.9% | epoch: 1 | remaining: 136s    
step 00290 (54.7%) | loss: 3.333989 | lrm: 0.91 | dt: 588ms | tok/sec: 891,887 | mfu: 25.0% | epoch: 1 | remaining: 135s    
step 00291 (54.9%) | loss: 3.325275 | lrm: 0.90 | dt: 588ms | tok/sec: 891,758 | mfu: 24.9% | epoch: 1 | remaining: 135s    
step 00292 (55.1%) | loss: 3.318813 | lrm: 0.90 | dt: 588ms | tok/sec: 891,641 | mfu: 24.9% | epoch: 1 | remaining: 134s    
step 00293 (55.3%) | loss: 3.318565 | lrm: 0.89 | dt: 588ms | tok/sec: 891,839 | mfu: 25.0% | epoch: 1 | remaining: 134s    
step 00294 (55.5%) | loss: 3.318340 | lrm: 0.89 | dt: 588ms | tok/sec: 891,931 | mfu: 25.0% | epoch: 1 | remaining: 133s    
step 00295 (55.7%) | loss: 3.318111 | lrm: 0.89 | dt: 588ms | tok/sec: 891,875 | mfu: 25.0% | epoch: 1 | remaining: 132s    
step 00296 (55.9%) | loss: 3.312531 | lrm: 0.88 | dt: 588ms | tok/sec: 891,337 | mfu: 24.9% | epoch: 1 | remaining: 132s    
step 00297 (56.0%) | loss: 3.312681 | lrm: 0.88 | dt: 588ms | tok/sec: 891,444 | mfu: 24.9% | epoch: 1 | remaining: 131s    
step 00298 (56.2%) | loss: 3.310131 | lrm: 0.88 | dt: 588ms | tok/sec: 891,802 | mfu: 24.9% | epoch: 1 | remaining: 131s    
step 00299 (56.4%) | loss: 3.309640 | lrm: 0.87 | dt: 588ms | tok/sec: 891,755 | mfu: 24.9% | epoch: 1 | remaining: 130s    
step 00300 (56.6%) | loss: 3.307033 | lrm: 0.87 | dt: 588ms | tok/sec: 891,860 | mfu: 25.0% | epoch: 1 | remaining: 129s    
step 00301 (56.8%) | loss: 3.303303 | lrm: 0.86 | dt: 588ms | tok/sec: 891,680 | mfu: 24.9% | epoch: 1 | remaining: 129s    
step 00302 (57.0%) | loss: 3.304068 | lrm: 0.86 | dt: 588ms | tok/sec: 891,679 | mfu: 24.9% | epoch: 1 | remaining: 128s    
step 00303 (57.2%) | loss: 3.302630 | lrm: 0.86 | dt: 588ms | tok/sec: 891,613 | mfu: 24.9% | epoch: 1 | remaining: 128s    
step 00304 (57.4%) | loss: 3.301975 | lrm: 0.85 | dt: 588ms | tok/sec: 891,792 | mfu: 24.9% | epoch: 1 | remaining: 127s    
step 00305 (57.6%) | loss: 3.299485 | lrm: 0.85 | dt: 588ms | tok/sec: 891,855 | mfu: 25.0% | epoch: 1 | remaining: 127s    
step 00306 (57.8%) | loss: 3.294814 | lrm: 0.84 | dt: 588ms | tok/sec: 891,855 | mfu: 25.0% | epoch: 1 | remaining: 126s    
step 00307 (58.0%) | loss: 3.291309 | lrm: 0.84 | dt: 588ms | tok/sec: 891,489 | mfu: 24.9% | epoch: 1 | remaining: 125s    
step 00308 (58.2%) | loss: 3.284575 | lrm: 0.84 | dt: 588ms | tok/sec: 891,577 | mfu: 24.9% | epoch: 1 | remaining: 125s    
step 00309 (58.4%) | loss: 3.280164 | lrm: 0.83 | dt: 588ms | tok/sec: 891,386 | mfu: 24.9% | epoch: 1 | remaining: 124s    
step 00310 (58.6%) | loss: 3.275363 | lrm: 0.83 | dt: 588ms | tok/sec: 891,549 | mfu: 24.9% | epoch: 1 | remaining: 124s    
step 00311 (58.8%) | loss: 3.274943 | lrm: 0.82 | dt: 588ms | tok/sec: 891,468 | mfu: 24.9% | epoch: 1 | remaining: 123s    
step 00312 (59.0%) | loss: 3.275390 | lrm: 0.82 | dt: 588ms | tok/sec: 891,829 | mfu: 25.0% | epoch: 1 | remaining: 122s    
step 00313 (59.2%) | loss: 3.268748 | lrm: 0.82 | dt: 588ms | tok/sec: 891,732 | mfu: 24.9% | epoch: 1 | remaining: 122s    
step 00314 (59.4%) | loss: 3.268027 | lrm: 0.81 | dt: 588ms | tok/sec: 891,803 | mfu: 24.9% | epoch: 1 | remaining: 121s    
step 00315 (59.6%) | loss: 3.273547 | lrm: 0.81 | dt: 588ms | tok/sec: 891,802 | mfu: 24.9% | epoch: 1 | remaining: 121s    
step 00316 (59.8%) | loss: 3.271284 | lrm: 0.80 | dt: 588ms | tok/sec: 891,731 | mfu: 24.9% | epoch: 1 | remaining: 120s    
step 00317 (60.0%) | loss: 3.272534 | lrm: 0.80 | dt: 588ms | tok/sec: 891,756 | mfu: 24.9% | epoch: 1 | remaining: 120s    
step 00318 (60.2%) | loss: 3.273429 | lrm: 0.80 | dt: 588ms | tok/sec: 892,056 | mfu: 25.0% | epoch: 1 | remaining: 119s    
step 00319 (60.4%) | loss: 3.269535 | lrm: 0.79 | dt: 588ms | tok/sec: 891,609 | mfu: 24.9% | epoch: 1 | remaining: 118s    
step 00320 (60.6%) | loss: 3.269997 | lrm: 0.79 | dt: 588ms | tok/sec: 891,710 | mfu: 24.9% | epoch: 1 | remaining: 118s    
step 00321 (60.8%) | loss: 3.266555 | lrm: 0.78 | dt: 588ms | tok/sec: 891,821 | mfu: 25.0% | epoch: 1 | remaining: 117s    
step 00322 (60.9%) | loss: 3.266971 | lrm: 0.78 | dt: 588ms | tok/sec: 891,672 | mfu: 24.9% | epoch: 1 | remaining: 117s    
step 00323 (61.1%) | loss: 3.262650 | lrm: 0.78 | dt: 588ms | tok/sec: 891,910 | mfu: 25.0% | epoch: 1 | remaining: 116s    
step 00324 (61.3%) | loss: 3.257596 | lrm: 0.77 | dt: 588ms | tok/sec: 891,711 | mfu: 24.9% | epoch: 1 | remaining: 115s    
step 00325 (61.5%) | loss: 3.252017 | lrm: 0.77 | dt: 588ms | tok/sec: 891,887 | mfu: 25.0% | epoch: 1 | remaining: 115s    
step 00326 (61.7%) | loss: 3.254264 | lrm: 0.77 | dt: 588ms | tok/sec: 891,735 | mfu: 24.9% | epoch: 1 | remaining: 114s    
step 00327 (61.9%) | loss: 3.249284 | lrm: 0.76 | dt: 588ms | tok/sec: 891,888 | mfu: 25.0% | epoch: 1 | remaining: 114s    
step 00328 (62.1%) | loss: 3.248925 | lrm: 0.76 | dt: 588ms | tok/sec: 891,595 | mfu: 24.9% | epoch: 1 | remaining: 113s    
step 00329 (62.3%) | loss: 3.250398 | lrm: 0.75 | dt: 588ms | tok/sec: 891,710 | mfu: 24.9% | epoch: 1 | remaining: 112s    
step 00330 (62.5%) | loss: 3.249677 | lrm: 0.75 | dt: 588ms | tok/sec: 891,293 | mfu: 24.9% | epoch: 1 | remaining: 112s    
step 00331 (62.7%) | loss: 3.251951 | lrm: 0.75 | dt: 588ms | tok/sec: 891,671 | mfu: 24.9% | epoch: 1 | remaining: 111s    
step 00332 (62.9%) | loss: 3.253050 | lrm: 0.74 | dt: 588ms | tok/sec: 891,923 | mfu: 25.0% | epoch: 1 | remaining: 111s    
step 00333 (63.1%) | loss: 3.251669 | lrm: 0.74 | dt: 588ms | tok/sec: 891,430 | mfu: 24.9% | epoch: 1 | remaining: 110s    
step 00334 (63.3%) | loss: 3.252041 | lrm: 0.73 | dt: 588ms | tok/sec: 891,237 | mfu: 24.9% | epoch: 1 | remaining: 110s    
step 00335 (63.5%) | loss: 3.242425 | lrm: 0.73 | dt: 588ms | tok/sec: 891,668 | mfu: 24.9% | epoch: 1 | remaining: 109s    
step 00336 (63.7%) | loss: 3.242179 | lrm: 0.73 | dt: 588ms | tok/sec: 891,602 | mfu: 24.9% | epoch: 1 | remaining: 108s    
step 00337 (63.9%) | loss: 3.239229 | lrm: 0.72 | dt: 588ms | tok/sec: 891,771 | mfu: 24.9% | epoch: 1 | remaining: 108s    
step 00338 (64.1%) | loss: 3.238826 | lrm: 0.72 | dt: 588ms | tok/sec: 892,086 | mfu: 25.0% | epoch: 1 | remaining: 107s    
step 00339 (64.3%) | loss: 3.231662 | lrm: 0.71 | dt: 588ms | tok/sec: 891,729 | mfu: 24.9% | epoch: 1 | remaining: 107s    
step 00340 (64.5%) | loss: 3.234018 | lrm: 0.71 | dt: 588ms | tok/sec: 891,828 | mfu: 25.0% | epoch: 1 | remaining: 106s    
step 00341 (64.7%) | loss: 3.231352 | lrm: 0.71 | dt: 588ms | tok/sec: 891,229 | mfu: 24.9% | epoch: 1 | remaining: 105s    
step 00342 (64.9%) | loss: 3.234626 | lrm: 0.70 | dt: 588ms | tok/sec: 891,802 | mfu: 24.9% | epoch: 1 | remaining: 105s    
step 00343 (65.1%) | loss: 3.239013 | lrm: 0.70 | dt: 588ms | tok/sec: 891,851 | mfu: 25.0% | epoch: 1 | remaining: 104s    
step 00344 (65.3%) | loss: 3.238238 | lrm: 0.69 | dt: 588ms | tok/sec: 891,804 | mfu: 24.9% | epoch: 1 | remaining: 104s    
step 00345 (65.5%) | loss: 3.235546 | lrm: 0.69 | dt: 588ms | tok/sec: 891,832 | mfu: 25.0% | epoch: 1 | remaining: 103s    
step 00346 (65.7%) | loss: 3.235232 | lrm: 0.69 | dt: 588ms | tok/sec: 891,417 | mfu: 24.9% | epoch: 1 | remaining: 102s    
step 00347 (65.8%) | loss: 3.233844 | lrm: 0.68 | dt: 588ms | tok/sec: 891,860 | mfu: 25.0% | epoch: 1 | remaining: 102s    
step 00348 (66.0%) | loss: 3.229191 | lrm: 0.68 | dt: 588ms | tok/sec: 892,041 | mfu: 25.0% | epoch: 1 | remaining: 101s    
step 00349 (66.2%) | loss: 3.228072 | lrm: 0.68 | dt: 588ms | tok/sec: 891,643 | mfu: 24.9% | epoch: 1 | remaining: 101s    
step 00350 (66.4%) | loss: 3.226659 | lrm: 0.67 | dt: 588ms | tok/sec: 891,643 | mfu: 24.9% | epoch: 1 | remaining: 100s    
step 00351 (66.6%) | loss: 3.222511 | lrm: 0.67 | dt: 588ms | tok/sec: 891,546 | mfu: 24.9% | epoch: 1 | remaining: 100s    
step 00352 (66.8%) | loss: 3.225055 | lrm: 0.66 | dt: 588ms | tok/sec: 891,829 | mfu: 25.0% | epoch: 1 | remaining: 99s    
step 00353 (67.0%) | loss: 3.220420 | lrm: 0.66 | dt: 588ms | tok/sec: 891,886 | mfu: 25.0% | epoch: 1 | remaining: 98s    
step 00354 (67.2%) | loss: 3.221833 | lrm: 0.66 | dt: 588ms | tok/sec: 891,672 | mfu: 24.9% | epoch: 1 | remaining: 98s    
step 00355 (67.4%) | loss: 3.220764 | lrm: 0.65 | dt: 588ms | tok/sec: 891,916 | mfu: 25.0% | epoch: 1 | remaining: 97s    
step 00356 (67.6%) | loss: 3.213586 | lrm: 0.65 | dt: 588ms | tok/sec: 891,682 | mfu: 24.9% | epoch: 1 | remaining: 97s    
step 00357 (67.8%) | loss: 3.208031 | lrm: 0.64 | dt: 588ms | tok/sec: 892,031 | mfu: 25.0% | epoch: 1 | remaining: 96s    
step 00358 (68.0%) | loss: 3.204918 | lrm: 0.64 | dt: 588ms | tok/sec: 891,728 | mfu: 24.9% | epoch: 1 | remaining: 95s    
step 00359 (68.2%) | loss: 3.203570 | lrm: 0.64 | dt: 588ms | tok/sec: 891,632 | mfu: 24.9% | epoch: 1 | remaining: 95s    
step 00360 (68.4%) | loss: 3.202152 | lrm: 0.63 | dt: 588ms | tok/sec: 891,837 | mfu: 25.0% | epoch: 1 | remaining: 94s    
step 00361 (68.6%) | loss: 3.195320 | lrm: 0.63 | dt: 588ms | tok/sec: 891,871 | mfu: 25.0% | epoch: 1 | remaining: 94s    
step 00362 (68.8%) | loss: 3.202760 | lrm: 0.62 | dt: 588ms | tok/sec: 891,977 | mfu: 25.0% | epoch: 1 | remaining: 93s    
step 00363 (69.0%) | loss: 3.202244 | lrm: 0.62 | dt: 588ms | tok/sec: 891,752 | mfu: 24.9% | epoch: 1 | remaining: 92s    
step 00364 (69.2%) | loss: 3.203858 | lrm: 0.62 | dt: 588ms | tok/sec: 891,891 | mfu: 25.0% | epoch: 1 | remaining: 92s    
step 00365 (69.4%) | loss: 3.196928 | lrm: 0.61 | dt: 588ms | tok/sec: 891,879 | mfu: 25.0% | epoch: 1 | remaining: 91s    
step 00366 (69.6%) | loss: 3.197029 | lrm: 0.61 | dt: 588ms | tok/sec: 892,139 | mfu: 25.0% | epoch: 1 | remaining: 91s    
step 00367 (69.8%) | loss: 3.195735 | lrm: 0.60 | dt: 588ms | tok/sec: 891,695 | mfu: 24.9% | epoch: 1 | remaining: 90s    
step 00368 (70.0%) | loss: 3.189398 | lrm: 0.60 | dt: 588ms | tok/sec: 891,935 | mfu: 25.0% | epoch: 1 | remaining: 90s    
step 00369 (70.2%) | loss: 3.187536 | lrm: 0.60 | dt: 588ms | tok/sec: 891,826 | mfu: 25.0% | epoch: 1 | remaining: 89s    
step 00370 (70.4%) | loss: 3.184451 | lrm: 0.59 | dt: 588ms | tok/sec: 892,125 | mfu: 25.0% | epoch: 1 | remaining: 88s    
step 00371 (70.6%) | loss: 3.181654 | lrm: 0.59 | dt: 588ms | tok/sec: 891,817 | mfu: 24.9% | epoch: 1 | remaining: 88s    
step 00372 (70.7%) | loss: 3.177817 | lrm: 0.59 | dt: 588ms | tok/sec: 892,053 | mfu: 25.0% | epoch: 1 | remaining: 87s    
step 00373 (70.9%) | loss: 3.182485 | lrm: 0.58 | dt: 588ms | tok/sec: 892,024 | mfu: 25.0% | epoch: 1 | remaining: 87s    
step 00374 (71.1%) | loss: 3.177981 | lrm: 0.58 | dt: 588ms | tok/sec: 891,845 | mfu: 25.0% | epoch: 1 | remaining: 86s    
step 00375 (71.3%) | loss: 3.174910 | lrm: 0.57 | dt: 588ms | tok/sec: 891,802 | mfu: 24.9% | epoch: 1 | remaining: 85s    
step 00376 (71.5%) | loss: 3.176839 | lrm: 0.57 | dt: 588ms | tok/sec: 891,606 | mfu: 24.9% | epoch: 1 | remaining: 85s    
step 00377 (71.7%) | loss: 3.179636 | lrm: 0.57 | dt: 588ms | tok/sec: 892,072 | mfu: 25.0% | epoch: 1 | remaining: 84s    
step 00378 (71.9%) | loss: 3.182562 | lrm: 0.56 | dt: 588ms | tok/sec: 892,262 | mfu: 25.0% | epoch: 1 | remaining: 84s    
step 00379 (72.1%) | loss: 3.177555 | lrm: 0.56 | dt: 588ms | tok/sec: 891,879 | mfu: 25.0% | epoch: 1 | remaining: 83s    
step 00380 (72.3%) | loss: 3.178295 | lrm: 0.55 | dt: 588ms | tok/sec: 891,829 | mfu: 25.0% | epoch: 1 | remaining: 82s    
step 00381 (72.5%) | loss: 3.175878 | lrm: 0.55 | dt: 588ms | tok/sec: 891,702 | mfu: 24.9% | epoch: 1 | remaining: 82s    
step 00382 (72.7%) | loss: 3.171200 | lrm: 0.55 | dt: 588ms | tok/sec: 891,766 | mfu: 24.9% | epoch: 1 | remaining: 81s    
step 00383 (72.9%) | loss: 3.173794 | lrm: 0.54 | dt: 588ms | tok/sec: 891,426 | mfu: 24.9% | epoch: 1 | remaining: 81s    
step 00384 (73.1%) | loss: 3.170116 | lrm: 0.54 | dt: 588ms | tok/sec: 891,906 | mfu: 25.0% | epoch: 1 | remaining: 80s    
step 00385 (73.3%) | loss: 3.169649 | lrm: 0.53 | dt: 588ms | tok/sec: 891,857 | mfu: 25.0% | epoch: 1 | remaining: 80s    
step 00386 (73.5%) | loss: 3.171700 | lrm: 0.53 | dt: 588ms | tok/sec: 891,914 | mfu: 25.0% | epoch: 1 | remaining: 79s    
step 00387 (73.7%) | loss: 3.165267 | lrm: 0.53 | dt: 588ms | tok/sec: 891,781 | mfu: 24.9% | epoch: 1 | remaining: 78s    
step 00388 (73.9%) | loss: 3.163953 | lrm: 0.52 | dt: 588ms | tok/sec: 892,081 | mfu: 25.0% | epoch: 1 | remaining: 78s    
step 00389 (74.1%) | loss: 3.160597 | lrm: 0.52 | dt: 588ms | tok/sec: 891,831 | mfu: 25.0% | epoch: 1 | remaining: 77s    
step 00390 (74.3%) | loss: 3.158825 | lrm: 0.51 | dt: 588ms | tok/sec: 892,014 | mfu: 25.0% | epoch: 1 | remaining: 77s    
step 00391 (74.5%) | loss: 3.155647 | lrm: 0.51 | dt: 588ms | tok/sec: 891,900 | mfu: 25.0% | epoch: 1 | remaining: 76s    
step 00392 (74.7%) | loss: 3.153011 | lrm: 0.51 | dt: 588ms | tok/sec: 891,853 | mfu: 25.0% | epoch: 1 | remaining: 75s    
step 00393 (74.9%) | loss: 3.155305 | lrm: 0.50 | dt: 588ms | tok/sec: 891,786 | mfu: 24.9% | epoch: 1 | remaining: 75s    
step 00394 (75.1%) | loss: 3.155071 | lrm: 0.50 | dt: 588ms | tok/sec: 891,790 | mfu: 24.9% | epoch: 1 | remaining: 74s    
step 00395 (75.3%) | loss: 3.158618 | lrm: 0.49 | dt: 588ms | tok/sec: 891,969 | mfu: 25.0% | epoch: 1 | remaining: 74s    
step 00396 (75.5%) | loss: 3.157766 | lrm: 0.49 | dt: 588ms | tok/sec: 891,922 | mfu: 25.0% | epoch: 1 | remaining: 73s    
step 00397 (75.6%) | loss: 3.154755 | lrm: 0.49 | dt: 588ms | tok/sec: 891,938 | mfu: 25.0% | epoch: 1 | remaining: 72s    
step 00398 (75.8%) | loss: 3.150057 | lrm: 0.48 | dt: 588ms | tok/sec: 891,946 | mfu: 25.0% | epoch: 1 | remaining: 72s    
step 00399 (76.0%) | loss: 3.150534 | lrm: 0.48 | dt: 588ms | tok/sec: 891,672 | mfu: 24.9% | epoch: 1 | remaining: 71s    
step 00400 (76.2%) | loss: 3.150516 | lrm: 0.48 | dt: 588ms | tok/sec: 892,004 | mfu: 25.0% | epoch: 1 | remaining: 71s    
step 00401 (76.4%) | loss: 3.147078 | lrm: 0.47 | dt: 588ms | tok/sec: 891,743 | mfu: 24.9% | epoch: 1 | remaining: 70s    
step 00402 (76.6%) | loss: 3.144542 | lrm: 0.47 | dt: 588ms | tok/sec: 891,704 | mfu: 24.9% | epoch: 1 | remaining: 70s    
step 00403 (76.8%) | loss: 3.143915 | lrm: 0.46 | dt: 588ms | tok/sec: 891,603 | mfu: 24.9% | epoch: 1 | remaining: 69s    
step 00404 (77.0%) | loss: 3.144522 | lrm: 0.46 | dt: 588ms | tok/sec: 891,668 | mfu: 24.9% | epoch: 1 | remaining: 68s    
step 00405 (77.2%) | loss: 3.138869 | lrm: 0.46 | dt: 588ms | tok/sec: 892,072 | mfu: 25.0% | epoch: 1 | remaining: 68s    
step 00406 (77.4%) | loss: 3.137999 | lrm: 0.45 | dt: 588ms | tok/sec: 891,947 | mfu: 25.0% | epoch: 1 | remaining: 67s    
step 00407 (77.6%) | loss: 3.138678 | lrm: 0.45 | dt: 588ms | tok/sec: 891,596 | mfu: 24.9% | epoch: 1 | remaining: 67s    
step 00408 (77.8%) | loss: 3.135639 | lrm: 0.44 | dt: 588ms | tok/sec: 891,973 | mfu: 25.0% | epoch: 1 | remaining: 66s    
step 00409 (78.0%) | loss: 3.135462 | lrm: 0.44 | dt: 588ms | tok/sec: 891,788 | mfu: 24.9% | epoch: 1 | remaining: 65s    
step 00410 (78.2%) | loss: 3.137435 | lrm: 0.44 | dt: 588ms | tok/sec: 891,739 | mfu: 24.9% | epoch: 1 | remaining: 65s    
step 00411 (78.4%) | loss: 3.135729 | lrm: 0.43 | dt: 588ms | tok/sec: 891,664 | mfu: 24.9% | epoch: 1 | remaining: 64s    
step 00412 (78.6%) | loss: 3.132112 | lrm: 0.43 | dt: 588ms | tok/sec: 891,731 | mfu: 24.9% | epoch: 1 | remaining: 64s    
step 00413 (78.8%) | loss: 3.133528 | lrm: 0.42 | dt: 588ms | tok/sec: 891,766 | mfu: 24.9% | epoch: 1 | remaining: 63s    
step 00414 (79.0%) | loss: 3.124280 | lrm: 0.42 | dt: 588ms | tok/sec: 891,317 | mfu: 24.9% | epoch: 1 | remaining: 62s    
step 00415 (79.2%) | loss: 3.125263 | lrm: 0.42 | dt: 588ms | tok/sec: 891,752 | mfu: 24.9% | epoch: 1 | remaining: 62s    
step 00416 (79.4%) | loss: 3.123456 | lrm: 0.41 | dt: 588ms | tok/sec: 891,831 | mfu: 25.0% | epoch: 1 | remaining: 61s    
step 00417 (79.6%) | loss: 3.125320 | lrm: 0.41 | dt: 588ms | tok/sec: 891,718 | mfu: 24.9% | epoch: 1 | remaining: 61s    
step 00418 (79.8%) | loss: 3.126364 | lrm: 0.40 | dt: 588ms | tok/sec: 891,597 | mfu: 24.9% | epoch: 1 | remaining: 60s    
step 00419 (80.0%) | loss: 3.124557 | lrm: 0.40 | dt: 588ms | tok/sec: 891,393 | mfu: 24.9% | epoch: 1 | remaining: 60s    
step 00420 (80.2%) | loss: 3.121419 | lrm: 0.40 | dt: 588ms | tok/sec: 891,996 | mfu: 25.0% | epoch: 1 | remaining: 59s    
step 00421 (80.4%) | loss: 3.121978 | lrm: 0.39 | dt: 588ms | tok/sec: 891,833 | mfu: 25.0% | epoch: 1 | remaining: 58s    
step 00422 (80.5%) | loss: 3.115190 | lrm: 0.39 | dt: 588ms | tok/sec: 891,975 | mfu: 25.0% | epoch: 1 | remaining: 58s    
step 00423 (80.7%) | loss: 3.112296 | lrm: 0.39 | dt: 588ms | tok/sec: 891,658 | mfu: 24.9% | epoch: 1 | remaining: 57s    
step 00424 (80.9%) | loss: 3.112888 | lrm: 0.38 | dt: 588ms | tok/sec: 891,346 | mfu: 24.9% | epoch: 1 | remaining: 57s    
step 00425 (81.1%) | loss: 3.110136 | lrm: 0.38 | dt: 588ms | tok/sec: 891,688 | mfu: 24.9% | epoch: 1 | remaining: 56s    
step 00426 (81.3%) | loss: 3.110977 | lrm: 0.37 | dt: 588ms | tok/sec: 891,918 | mfu: 25.0% | epoch: 1 | remaining: 55s    
step 00427 (81.5%) | loss: 3.109767 | lrm: 0.37 | dt: 588ms | tok/sec: 891,820 | mfu: 24.9% | epoch: 1 | remaining: 55s    
step 00428 (81.7%) | loss: 3.110137 | lrm: 0.37 | dt: 588ms | tok/sec: 891,830 | mfu: 25.0% | epoch: 1 | remaining: 54s    
step 00429 (81.9%) | loss: 3.105960 | lrm: 0.36 | dt: 588ms | tok/sec: 891,983 | mfu: 25.0% | epoch: 1 | remaining: 54s    
step 00430 (82.1%) | loss: 3.109805 | lrm: 0.36 | dt: 588ms | tok/sec: 891,689 | mfu: 24.9% | epoch: 1 | remaining: 53s    
step 00431 (82.3%) | loss: 3.108437 | lrm: 0.35 | dt: 588ms | tok/sec: 891,976 | mfu: 25.0% | epoch: 1 | remaining: 52s    
step 00432 (82.5%) | loss: 3.110569 | lrm: 0.35 | dt: 588ms | tok/sec: 891,583 | mfu: 24.9% | epoch: 1 | remaining: 52s    
step 00433 (82.7%) | loss: 3.109890 | lrm: 0.35 | dt: 588ms | tok/sec: 891,820 | mfu: 24.9% | epoch: 1 | remaining: 51s    
step 00434 (82.9%) | loss: 3.108623 | lrm: 0.34 | dt: 588ms | tok/sec: 891,368 | mfu: 24.9% | epoch: 1 | remaining: 51s    
step 00435 (83.1%) | loss: 3.110436 | lrm: 0.34 | dt: 588ms | tok/sec: 891,405 | mfu: 24.9% | epoch: 1 | remaining: 50s    
step 00436 (83.3%) | loss: 3.108236 | lrm: 0.33 | dt: 588ms | tok/sec: 891,827 | mfu: 25.0% | epoch: 1 | remaining: 50s    
step 00437 (83.5%) | loss: 3.102953 | lrm: 0.33 | dt: 588ms | tok/sec: 891,882 | mfu: 25.0% | epoch: 1 | remaining: 49s    
step 00438 (83.7%) | loss: 3.101970 | lrm: 0.33 | dt: 588ms | tok/sec: 891,905 | mfu: 25.0% | epoch: 1 | remaining: 48s    
step 00439 (83.9%) | loss: 3.100375 | lrm: 0.32 | dt: 588ms | tok/sec: 891,991 | mfu: 25.0% | epoch: 1 | remaining: 48s    
step 00440 (84.1%) | loss: 3.098778 | lrm: 0.32 | dt: 588ms | tok/sec: 891,945 | mfu: 25.0% | epoch: 1 | remaining: 47s    
step 00441 (84.3%) | loss: 3.096906 | lrm: 0.31 | dt: 588ms | tok/sec: 891,892 | mfu: 25.0% | epoch: 1 | remaining: 47s    
step 00442 (84.5%) | loss: 3.096881 | lrm: 0.31 | dt: 588ms | tok/sec: 891,986 | mfu: 25.0% | epoch: 1 | remaining: 46s    
step 00443 (84.7%) | loss: 3.098315 | lrm: 0.31 | dt: 588ms | tok/sec: 891,850 | mfu: 25.0% | epoch: 1 | remaining: 45s    
step 00444 (84.9%) | loss: 3.099774 | lrm: 0.30 | dt: 588ms | tok/sec: 891,567 | mfu: 24.9% | epoch: 1 | remaining: 45s    
step 00445 (85.1%) | loss: 3.097564 | lrm: 0.30 | dt: 588ms | tok/sec: 891,739 | mfu: 24.9% | epoch: 1 | remaining: 44s    
step 00446 (85.2%) | loss: 3.092755 | lrm: 0.30 | dt: 588ms | tok/sec: 891,689 | mfu: 24.9% | epoch: 1 | remaining: 44s    
step 00447 (85.4%) | loss: 3.094930 | lrm: 0.29 | dt: 588ms | tok/sec: 891,880 | mfu: 25.0% | epoch: 1 | remaining: 43s    
step 00448 (85.6%) | loss: 3.091994 | lrm: 0.29 | dt: 588ms | tok/sec: 891,964 | mfu: 25.0% | epoch: 1 | remaining: 42s    
step 00449 (85.8%) | loss: 3.086558 | lrm: 0.28 | dt: 588ms | tok/sec: 891,775 | mfu: 24.9% | epoch: 1 | remaining: 42s    
step 00450 (86.0%) | loss: 3.090057 | lrm: 0.28 | dt: 588ms | tok/sec: 891,824 | mfu: 25.0% | epoch: 1 | remaining: 41s    
step 00451 (86.2%) | loss: 3.093137 | lrm: 0.28 | dt: 588ms | tok/sec: 891,695 | mfu: 24.9% | epoch: 1 | remaining: 41s    
step 00452 (86.4%) | loss: 3.089426 | lrm: 0.27 | dt: 588ms | tok/sec: 891,564 | mfu: 24.9% | epoch: 1 | remaining: 40s    
step 00453 (86.6%) | loss: 3.085610 | lrm: 0.27 | dt: 588ms | tok/sec: 891,582 | mfu: 24.9% | epoch: 1 | remaining: 40s    
step 00454 (86.8%) | loss: 3.081243 | lrm: 0.26 | dt: 588ms | tok/sec: 891,543 | mfu: 24.9% | epoch: 1 | remaining: 39s    
step 00455 (87.0%) | loss: 3.080614 | lrm: 0.26 | dt: 588ms | tok/sec: 891,834 | mfu: 25.0% | epoch: 1 | remaining: 38s    
step 00456 (87.2%) | loss: 3.078611 | lrm: 0.26 | dt: 588ms | tok/sec: 891,917 | mfu: 25.0% | epoch: 1 | remaining: 38s    
step 00457 (87.4%) | loss: 3.073961 | lrm: 0.25 | dt: 588ms | tok/sec: 891,718 | mfu: 24.9% | epoch: 1 | remaining: 37s    
step 00458 (87.6%) | loss: 3.076672 | lrm: 0.25 | dt: 588ms | tok/sec: 891,993 | mfu: 25.0% | epoch: 1 | remaining: 37s    
step 00459 (87.8%) | loss: 3.078649 | lrm: 0.24 | dt: 588ms | tok/sec: 891,870 | mfu: 25.0% | epoch: 1 | remaining: 36s    
step 00460 (88.0%) | loss: 3.081516 | lrm: 0.24 | dt: 588ms | tok/sec: 891,570 | mfu: 24.9% | epoch: 1 | remaining: 35s    
step 00461 (88.2%) | loss: 3.082757 | lrm: 0.24 | dt: 588ms | tok/sec: 891,202 | mfu: 24.9% | epoch: 1 | remaining: 35s    
step 00462 (88.4%) | loss: 3.082016 | lrm: 0.23 | dt: 588ms | tok/sec: 891,639 | mfu: 24.9% | epoch: 1 | remaining: 34s    
step 00463 (88.6%) | loss: 3.083246 | lrm: 0.23 | dt: 588ms | tok/sec: 891,700 | mfu: 24.9% | epoch: 1 | remaining: 34s    
step 00464 (88.8%) | loss: 3.083213 | lrm: 0.22 | dt: 588ms | tok/sec: 891,591 | mfu: 24.9% | epoch: 1 | remaining: 33s    
step 00465 (89.0%) | loss: 3.079854 | lrm: 0.22 | dt: 588ms | tok/sec: 891,911 | mfu: 25.0% | epoch: 1 | remaining: 32s    
step 00466 (89.2%) | loss: 3.078531 | lrm: 0.22 | dt: 588ms | tok/sec: 891,818 | mfu: 24.9% | epoch: 1 | remaining: 32s    
step 00467 (89.4%) | loss: 3.079811 | lrm: 0.21 | dt: 588ms | tok/sec: 891,628 | mfu: 24.9% | epoch: 1 | remaining: 31s    
step 00468 (89.6%) | loss: 3.084340 | lrm: 0.21 | dt: 588ms | tok/sec: 891,940 | mfu: 25.0% | epoch: 1 | remaining: 31s    
step 00469 (89.8%) | loss: 3.084882 | lrm: 0.20 | dt: 588ms | tok/sec: 891,728 | mfu: 24.9% | epoch: 1 | remaining: 30s    
step 00470 (90.0%) | loss: 3.085590 | lrm: 0.20 | dt: 588ms | tok/sec: 891,970 | mfu: 25.0% | epoch: 1 | remaining: 30s    
step 00471 (90.1%) | loss: 3.084701 | lrm: 0.20 | dt: 588ms | tok/sec: 891,826 | mfu: 25.0% | epoch: 1 | remaining: 29s    
step 00472 (90.3%) | loss: 3.075592 | lrm: 0.19 | dt: 588ms | tok/sec: 891,684 | mfu: 24.9% | epoch: 1 | remaining: 28s    
step 00473 (90.5%) | loss: 3.071564 | lrm: 0.19 | dt: 588ms | tok/sec: 891,112 | mfu: 24.9% | epoch: 1 | remaining: 28s    
step 00474 (90.7%) | loss: 3.067323 | lrm: 0.19 | dt: 588ms | tok/sec: 891,855 | mfu: 25.0% | epoch: 1 | remaining: 27s    
step 00475 (90.9%) | loss: 3.072577 | lrm: 0.18 | dt: 588ms | tok/sec: 891,643 | mfu: 24.9% | epoch: 1 | remaining: 27s    
step 00476 (91.1%) | loss: 3.072742 | lrm: 0.18 | dt: 588ms | tok/sec: 891,851 | mfu: 25.0% | epoch: 1 | remaining: 26s    
step 00477 (91.3%) | loss: 3.070175 | lrm: 0.17 | dt: 588ms | tok/sec: 891,871 | mfu: 25.0% | epoch: 1 | remaining: 25s    
step 00478 (91.5%) | loss: 3.072504 | lrm: 0.17 | dt: 588ms | tok/sec: 891,980 | mfu: 25.0% | epoch: 1 | remaining: 25s    
step 00479 (91.7%) | loss: 3.070412 | lrm: 0.17 | dt: 588ms | tok/sec: 891,765 | mfu: 24.9% | epoch: 1 | remaining: 24s    
step 00480 (91.9%) | loss: 3.068683 | lrm: 0.16 | dt: 588ms | tok/sec: 891,954 | mfu: 25.0% | epoch: 1 | remaining: 24s    
step 00481 (92.1%) | loss: 3.065561 | lrm: 0.16 | dt: 588ms | tok/sec: 891,811 | mfu: 24.9% | epoch: 1 | remaining: 23s    
step 00482 (92.3%) | loss: 3.064148 | lrm: 0.15 | dt: 588ms | tok/sec: 891,735 | mfu: 24.9% | epoch: 1 | remaining: 22s    
step 00483 (92.5%) | loss: 3.060231 | lrm: 0.15 | dt: 588ms | tok/sec: 891,747 | mfu: 24.9% | epoch: 1 | remaining: 22s    
step 00484 (92.7%) | loss: 3.055532 | lrm: 0.15 | dt: 588ms | tok/sec: 891,719 | mfu: 24.9% | epoch: 1 | remaining: 21s    
step 00485 (92.9%) | loss: 3.048313 | lrm: 0.14 | dt: 588ms | tok/sec: 891,655 | mfu: 24.9% | epoch: 1 | remaining: 21s    
step 00486 (93.1%) | loss: 3.045059 | lrm: 0.14 | dt: 588ms | tok/sec: 891,687 | mfu: 24.9% | epoch: 1 | remaining: 20s    
step 00487 (93.3%) | loss: 3.041492 | lrm: 0.13 | dt: 588ms | tok/sec: 891,714 | mfu: 24.9% | epoch: 1 | remaining: 20s    
step 00488 (93.5%) | loss: 3.038169 | lrm: 0.13 | dt: 588ms | tok/sec: 891,466 | mfu: 24.9% | epoch: 1 | remaining: 19s    
step 00489 (93.7%) | loss: 3.034148 | lrm: 0.13 | dt: 588ms | tok/sec: 891,884 | mfu: 25.0% | epoch: 1 | remaining: 18s    
step 00490 (93.9%) | loss: 3.031150 | lrm: 0.12 | dt: 588ms | tok/sec: 891,854 | mfu: 25.0% | epoch: 1 | remaining: 18s    
step 00491 (94.1%) | loss: 3.028033 | lrm: 0.12 | dt: 588ms | tok/sec: 891,770 | mfu: 24.9% | epoch: 1 | remaining: 17s    
step 00492 (94.3%) | loss: 3.026381 | lrm: 0.11 | dt: 588ms | tok/sec: 891,724 | mfu: 24.9% | epoch: 1 | remaining: 17s    
step 00493 (94.5%) | loss: 3.030081 | lrm: 0.11 | dt: 588ms | tok/sec: 891,901 | mfu: 25.0% | epoch: 1 | remaining: 16s    
step 00494 (94.7%) | loss: 3.027462 | lrm: 0.11 | dt: 588ms | tok/sec: 891,747 | mfu: 24.9% | epoch: 1 | remaining: 15s    
step 00495 (94.9%) | loss: 3.025196 | lrm: 0.10 | dt: 588ms | tok/sec: 891,696 | mfu: 24.9% | epoch: 1 | remaining: 15s    
step 00496 (95.0%) | loss: 3.027332 | lrm: 0.10 | dt: 588ms | tok/sec: 891,363 | mfu: 24.9% | epoch: 1 | remaining: 14s    
step 00497 (95.2%) | loss: 3.028659 | lrm: 0.10 | dt: 588ms | tok/sec: 891,845 | mfu: 25.0% | epoch: 1 | remaining: 14s    
step 00498 (95.4%) | loss: 3.029185 | lrm: 0.09 | dt: 588ms | tok/sec: 891,811 | mfu: 24.9% | epoch: 1 | remaining: 13s    
step 00499 (95.6%) | loss: 3.028927 | lrm: 0.09 | dt: 588ms | tok/sec: 891,679 | mfu: 24.9% | epoch: 1 | remaining: 13s    
step 00500 (95.8%) | loss: 3.030268 | lrm: 0.08 | dt: 588ms | tok/sec: 891,585 | mfu: 24.9% | epoch: 1 | remaining: 12s    
step 00501 (96.0%) | loss: 3.027839 | lrm: 0.08 | dt: 588ms | tok/sec: 891,657 | mfu: 24.9% | epoch: 1 | remaining: 11s    
step 00502 (96.2%) | loss: 3.028434 | lrm: 0.08 | dt: 588ms | tok/sec: 891,867 | mfu: 25.0% | epoch: 1 | remaining: 11s    
step 00503 (96.4%) | loss: 3.020889 | lrm: 0.07 | dt: 588ms | tok/sec: 892,016 | mfu: 25.0% | epoch: 1 | remaining: 10s    
step 00504 (96.6%) | loss: 3.022713 | lrm: 0.07 | dt: 588ms | tok/sec: 892,029 | mfu: 25.0% | epoch: 1 | remaining: 10s    
step 00505 (96.8%) | loss: 3.025720 | lrm: 0.06 | dt: 588ms | tok/sec: 891,932 | mfu: 25.0% | epoch: 1 | remaining: 9s    
step 00506 (97.0%) | loss: 3.025619 | lrm: 0.06 | dt: 588ms | tok/sec: 891,875 | mfu: 25.0% | epoch: 1 | remaining: 8s    
step 00507 (97.2%) | loss: 3.026102 | lrm: 0.06 | dt: 588ms | tok/sec: 891,860 | mfu: 25.0% | epoch: 1 | remaining: 8s    
step 00508 (97.4%) | loss: 3.025467 | lrm: 0.05 | dt: 588ms | tok/sec: 891,941 | mfu: 25.0% | epoch: 1 | remaining: 7s    
step 00509 (97.6%) | loss: 3.024474 | lrm: 0.05 | dt: 588ms | tok/sec: 891,761 | mfu: 24.9% | epoch: 1 | remaining: 7s    
step 00510 (97.8%) | loss: 3.020421 | lrm: 0.04 | dt: 588ms | tok/sec: 891,700 | mfu: 24.9% | epoch: 1 | remaining: 6s    
step 00511 (98.0%) | loss: 3.019836 | lrm: 0.04 | dt: 588ms | tok/sec: 891,872 | mfu: 25.0% | epoch: 1 | remaining: 5s    
step 00512 (98.2%) | loss: 3.018580 | lrm: 0.04 | dt: 588ms | tok/sec: 891,183 | mfu: 24.9% | epoch: 1 | remaining: 5s    
step 00513 (98.4%) | loss: 3.018238 | lrm: 0.03 | dt: 588ms | tok/sec: 891,790 | mfu: 24.9% | epoch: 1 | remaining: 4s    
step 00514 (98.6%) | loss: 3.023161 | lrm: 0.03 | dt: 588ms | tok/sec: 892,092 | mfu: 25.0% | epoch: 1 | remaining: 4s    
step 00515 (98.8%) | loss: 3.025239 | lrm: 0.02 | dt: 588ms | tok/sec: 891,791 | mfu: 24.9% | epoch: 1 | remaining: 3s    
step 00516 (99.0%) | loss: 3.023015 | lrm: 0.02 | dt: 588ms | tok/sec: 891,784 | mfu: 24.9% | epoch: 1 | remaining: 3s    
step 00517 (99.2%) | loss: 3.021295 | lrm: 0.02 | dt: 588ms | tok/sec: 891,896 | mfu: 25.0% | epoch: 1 | remaining: 2s    
step 00518 (99.4%) | loss: 3.021469 | lrm: 0.01 | dt: 588ms | tok/sec: 891,651 | mfu: 24.9% | epoch: 1 | remaining: 1s    
step 00519 (99.6%) | loss: 3.026388 | lrm: 0.01 | dt: 588ms | tok/sec: 891,991 | mfu: 25.0% | epoch: 1 | remaining: 1s    
step 00520 (99.8%) | loss: 3.026524 | lrm: 0.00 | dt: 588ms | tok/sec: 891,797 | mfu: 24.9% | epoch: 1 | remaining: 0s    
step 00521 (99.9%) | loss: 3.031523 | lrm: 0.00 | dt: 588ms | tok/sec: 891,935 | mfu: 25.0% | epoch: 1 | remaining: 0s    
---
val_bpb:          1.078666
training_seconds: 300.4
total_seconds:    341.2
peak_vram_mb:     45012.5
mfu_percent:      25.00
total_tokens_M:   273.7
num_steps:        522
num_params_M:     50.3
depth:            8
[W1004 02:13:50.969240742 CudaIPCTypes.cpp:16] Producer process has been terminated before all shared CUDA tensors released. See Note [Sharing CUDA tensors]
