Vocab size: 8,192
Model config: {'sequence_len': 2048, 'vocab_size': 8192, 'n_layer': 8, 'n_head': 4, 'n_kv_head': 4, 'n_embd': 512, 'window_pattern': 'SSSL'}
Parameter counts:
  wte                     : 4,194,304
  value_embeds            : 16,777,216
  lm_head                 : 4,194,304
  transformer_matrices    : 25,166,336
  scalars                 : 16
  total                   : 50,332,176
Estimated FLOPs per token: 2.390784e+08
Scaling AdamW LRs by 1/sqrt(512/768) = 1.224745
Time budget: 300s
Gradient accumulation steps: 2

step 00000 (0.0%) | loss: 9.011380 | lrm: 1.00 | dt: 16302ms | tok/sec: 32,160 | mfu: 0.8% | epoch: 1 | remaining: 300s    
step 00001 (0.0%) | loss: 8.854874 | lrm: 1.00 | dt: 609ms | tok/sec: 860,996 | mfu: 20.8% | epoch: 1 | remaining: 300s    
step 00002 (0.0%) | loss: 8.446527 | lrm: 1.00 | dt: 605ms | tok/sec: 867,165 | mfu: 21.0% | epoch: 1 | remaining: 300s    
step 00003 (0.0%) | loss: 7.985252 | lrm: 1.00 | dt: 605ms | tok/sec: 867,142 | mfu: 21.0% | epoch: 1 | remaining: 300s    
step 00004 (0.0%) | loss: 7.595160 | lrm: 1.00 | dt: 605ms | tok/sec: 866,662 | mfu: 20.9% | epoch: 1 | remaining: 300s    
step 00005 (0.0%) | loss: 7.261412 | lrm: 1.00 | dt: 605ms | tok/sec: 866,392 | mfu: 20.9% | epoch: 1 | remaining: 300s    
step 00006 (0.0%) | loss: 7.011665 | lrm: 1.00 | dt: 605ms | tok/sec: 866,771 | mfu: 20.9% | epoch: 1 | remaining: 300s    
step 00007 (0.0%) | loss: 6.805099 | lrm: 1.00 | dt: 605ms | tok/sec: 866,392 | mfu: 20.9% | epoch: 1 | remaining: 300s    
step 00008 (0.0%) | loss: 6.629473 | lrm: 1.00 | dt: 605ms | tok/sec: 866,481 | mfu: 20.9% | epoch: 1 | remaining: 300s    
step 00009 (0.0%) | loss: 6.479284 | lrm: 1.00 | dt: 605ms | tok/sec: 866,377 | mfu: 20.9% | epoch: 1 | remaining: 300s    
step 00010 (0.0%) | loss: 6.355415 | lrm: 1.00 | dt: 605ms | tok/sec: 865,952 | mfu: 20.9% | epoch: 1 | remaining: 300s    
step 00011 (0.0%) | loss: 6.248920 | lrm: 1.00 | dt: 606ms | tok/sec: 865,666 | mfu: 20.9% | epoch: 1 | remaining: 299s    
step 00012 (0.2%) | loss: 6.155983 | lrm: 1.00 | dt: 606ms | tok/sec: 865,589 | mfu: 20.9% | epoch: 1 | remaining: 299s    
step 00013 (0.4%) | loss: 6.078540 | lrm: 1.00 | dt: 606ms | tok/sec: 865,480 | mfu: 20.9% | epoch: 1 | remaining: 298s    
step 00014 (0.6%) | loss: 6.004945 | lrm: 1.00 | dt: 606ms | tok/sec: 865,130 | mfu: 20.9% | epoch: 1 | remaining: 298s    
step 00015 (0.8%) | loss: 5.942832 | lrm: 1.00 | dt: 606ms | tok/sec: 865,082 | mfu: 20.9% | epoch: 1 | remaining: 297s    
step 00016 (1.0%) | loss: 5.884484 | lrm: 1.00 | dt: 606ms | tok/sec: 865,172 | mfu: 20.9% | epoch: 1 | remaining: 296s    
step 00017 (1.2%) | loss: 5.831576 | lrm: 1.00 | dt: 607ms | tok/sec: 864,179 | mfu: 20.9% | epoch: 1 | remaining: 296s    
step 00018 (1.4%) | loss: 5.783319 | lrm: 1.00 | dt: 607ms | tok/sec: 864,135 | mfu: 20.9% | epoch: 1 | remaining: 295s    
step 00019 (1.6%) | loss: 5.742373 | lrm: 1.00 | dt: 607ms | tok/sec: 864,169 | mfu: 20.9% | epoch: 1 | remaining: 295s    
step 00020 (1.8%) | loss: 5.703909 | lrm: 1.00 | dt: 607ms | tok/sec: 863,650 | mfu: 20.9% | epoch: 1 | remaining: 294s    
step 00021 (2.0%) | loss: 5.665359 | lrm: 1.00 | dt: 607ms | tok/sec: 863,178 | mfu: 20.9% | epoch: 1 | remaining: 293s    
step 00022 (2.2%) | loss: 5.627510 | lrm: 1.00 | dt: 607ms | tok/sec: 863,559 | mfu: 20.9% | epoch: 1 | remaining: 293s    
step 00023 (2.4%) | loss: 5.592845 | lrm: 1.00 | dt: 607ms | tok/sec: 863,563 | mfu: 20.9% | epoch: 1 | remaining: 292s    
step 00024 (2.6%) | loss: 5.559833 | lrm: 1.00 | dt: 607ms | tok/sec: 863,427 | mfu: 20.9% | epoch: 1 | remaining: 292s    
step 00025 (2.8%) | loss: 5.528220 | lrm: 1.00 | dt: 607ms | tok/sec: 863,290 | mfu: 20.9% | epoch: 1 | remaining: 291s    
step 00026 (3.0%) | loss: 5.493667 | lrm: 1.00 | dt: 607ms | tok/sec: 863,491 | mfu: 20.9% | epoch: 1 | remaining: 290s    
step 00027 (3.2%) | loss: 5.463731 | lrm: 1.00 | dt: 607ms | tok/sec: 863,375 | mfu: 20.9% | epoch: 1 | remaining: 290s    
step 00028 (3.4%) | loss: 5.433827 | lrm: 1.00 | dt: 608ms | tok/sec: 862,981 | mfu: 20.9% | epoch: 1 | remaining: 289s    
step 00029 (3.6%) | loss: 5.406310 | lrm: 1.00 | dt: 607ms | tok/sec: 863,277 | mfu: 20.9% | epoch: 1 | remaining: 288s    
step 00030 (3.8%) | loss: 5.377204 | lrm: 1.00 | dt: 607ms | tok/sec: 863,244 | mfu: 20.9% | epoch: 1 | remaining: 288s    
step 00031 (4.0%) | loss: 5.346398 | lrm: 1.00 | dt: 607ms | tok/sec: 863,646 | mfu: 20.9% | epoch: 1 | remaining: 287s    
step 00032 (4.2%) | loss: 5.318329 | lrm: 1.00 | dt: 607ms | tok/sec: 863,561 | mfu: 20.9% | epoch: 1 | remaining: 287s    
step 00033 (4.4%) | loss: 5.288378 | lrm: 1.00 | dt: 607ms | tok/sec: 863,268 | mfu: 20.9% | epoch: 1 | remaining: 286s    
step 00034 (4.7%) | loss: 5.257179 | lrm: 1.00 | dt: 607ms | tok/sec: 863,334 | mfu: 20.9% | epoch: 1 | remaining: 285s    
step 00035 (4.9%) | loss: 5.228411 | lrm: 1.00 | dt: 607ms | tok/sec: 863,231 | mfu: 20.9% | epoch: 1 | remaining: 285s    
step 00036 (5.1%) | loss: 5.202215 | lrm: 1.00 | dt: 607ms | tok/sec: 863,141 | mfu: 20.9% | epoch: 1 | remaining: 284s    
step 00037 (5.3%) | loss: 5.174388 | lrm: 1.00 | dt: 608ms | tok/sec: 862,959 | mfu: 20.9% | epoch: 1 | remaining: 284s    
step 00038 (5.5%) | loss: 5.148990 | lrm: 1.00 | dt: 607ms | tok/sec: 863,157 | mfu: 20.9% | epoch: 1 | remaining: 283s    
step 00039 (5.7%) | loss: 5.119002 | lrm: 1.00 | dt: 607ms | tok/sec: 863,157 | mfu: 20.9% | epoch: 1 | remaining: 282s    
step 00040 (5.9%) | loss: 5.089262 | lrm: 1.00 | dt: 608ms | tok/sec: 862,975 | mfu: 20.9% | epoch: 1 | remaining: 282s    
step 00041 (6.1%) | loss: 5.062652 | lrm: 1.00 | dt: 608ms | tok/sec: 862,605 | mfu: 20.8% | epoch: 1 | remaining: 281s    
step 00042 (6.3%) | loss: 5.037357 | lrm: 1.00 | dt: 608ms | tok/sec: 862,961 | mfu: 20.9% | epoch: 1 | remaining: 281s    
step 00043 (6.5%) | loss: 5.006151 | lrm: 1.00 | dt: 607ms | tok/sec: 863,058 | mfu: 20.9% | epoch: 1 | remaining: 280s    
step 00044 (6.7%) | loss: 4.978074 | lrm: 1.00 | dt: 608ms | tok/sec: 862,739 | mfu: 20.8% | epoch: 1 | remaining: 279s    
step 00045 (6.9%) | loss: 4.950690 | lrm: 1.00 | dt: 608ms | tok/sec: 862,024 | mfu: 20.8% | epoch: 1 | remaining: 279s    
step 00046 (7.1%) | loss: 4.924834 | lrm: 1.00 | dt: 608ms | tok/sec: 862,762 | mfu: 20.8% | epoch: 1 | remaining: 278s    
step 00047 (7.3%) | loss: 4.895348 | lrm: 1.00 | dt: 608ms | tok/sec: 862,777 | mfu: 20.8% | epoch: 1 | remaining: 278s    
step 00048 (7.5%) | loss: 4.871392 | lrm: 1.00 | dt: 608ms | tok/sec: 863,025 | mfu: 20.9% | epoch: 1 | remaining: 277s    
step 00049 (7.7%) | loss: 4.845399 | lrm: 1.00 | dt: 608ms | tok/sec: 862,661 | mfu: 20.8% | epoch: 1 | remaining: 276s    
step 00050 (7.9%) | loss: 4.818600 | lrm: 1.00 | dt: 608ms | tok/sec: 862,582 | mfu: 20.8% | epoch: 1 | remaining: 276s    
step 00051 (8.1%) | loss: 4.796519 | lrm: 1.00 | dt: 608ms | tok/sec: 862,799 | mfu: 20.8% | epoch: 1 | remaining: 275s    
step 00052 (8.3%) | loss: 4.772369 | lrm: 1.00 | dt: 608ms | tok/sec: 862,605 | mfu: 20.8% | epoch: 1 | remaining: 274s    
step 00053 (8.5%) | loss: 4.747570 | lrm: 1.00 | dt: 608ms | tok/sec: 862,772 | mfu: 20.8% | epoch: 1 | remaining: 274s    
step 00054 (8.7%) | loss: 4.722964 | lrm: 1.00 | dt: 608ms | tok/sec: 862,574 | mfu: 20.8% | epoch: 1 | remaining: 273s    
step 00055 (8.9%) | loss: 4.695231 | lrm: 1.00 | dt: 608ms | tok/sec: 862,688 | mfu: 20.8% | epoch: 1 | remaining: 273s    
step 00056 (9.1%) | loss: 4.671131 | lrm: 1.00 | dt: 608ms | tok/sec: 862,786 | mfu: 20.8% | epoch: 1 | remaining: 272s    
step 00057 (9.3%) | loss: 4.644562 | lrm: 1.00 | dt: 608ms | tok/sec: 862,837 | mfu: 20.8% | epoch: 1 | remaining: 271s    
step 00058 (9.5%) | loss: 4.619975 | lrm: 1.00 | dt: 608ms | tok/sec: 862,597 | mfu: 20.8% | epoch: 1 | remaining: 271s    
step 00059 (9.7%) | loss: 4.591801 | lrm: 1.00 | dt: 608ms | tok/sec: 862,832 | mfu: 20.8% | epoch: 1 | remaining: 270s    
step 00060 (9.9%) | loss: 4.568233 | lrm: 1.00 | dt: 608ms | tok/sec: 862,783 | mfu: 20.8% | epoch: 1 | remaining: 270s    
step 00061 (10.1%) | loss: 4.547648 | lrm: 1.00 | dt: 608ms | tok/sec: 862,689 | mfu: 20.8% | epoch: 1 | remaining: 269s    
step 00062 (10.3%) | loss: 4.522017 | lrm: 1.00 | dt: 608ms | tok/sec: 862,461 | mfu: 20.8% | epoch: 1 | remaining: 268s    
step 00063 (10.5%) | loss: 4.494878 | lrm: 1.00 | dt: 608ms | tok/sec: 862,442 | mfu: 20.8% | epoch: 1 | remaining: 268s    
step 00064 (10.7%) | loss: 4.471052 | lrm: 1.00 | dt: 608ms | tok/sec: 862,705 | mfu: 20.8% | epoch: 1 | remaining: 267s    
step 00065 (10.9%) | loss: 4.450333 | lrm: 1.00 | dt: 608ms | tok/sec: 862,788 | mfu: 20.8% | epoch: 1 | remaining: 267s    
step 00066 (11.1%) | loss: 4.432213 | lrm: 1.00 | dt: 608ms | tok/sec: 862,459 | mfu: 20.8% | epoch: 1 | remaining: 266s    
step 00067 (11.3%) | loss: 4.411226 | lrm: 1.00 | dt: 608ms | tok/sec: 862,467 | mfu: 20.8% | epoch: 1 | remaining: 265s    
step 00068 (11.5%) | loss: 4.390296 | lrm: 1.00 | dt: 608ms | tok/sec: 862,321 | mfu: 20.8% | epoch: 1 | remaining: 265s    
step 00069 (11.7%) | loss: 4.366602 | lrm: 1.00 | dt: 608ms | tok/sec: 862,450 | mfu: 20.8% | epoch: 1 | remaining: 264s    
step 00070 (11.9%) | loss: 4.342047 | lrm: 1.00 | dt: 608ms | tok/sec: 862,864 | mfu: 20.8% | epoch: 1 | remaining: 264s    
step 00071 (12.1%) | loss: 4.313243 | lrm: 1.00 | dt: 608ms | tok/sec: 862,618 | mfu: 20.8% | epoch: 1 | remaining: 263s    
step 00072 (12.3%) | loss: 4.298540 | lrm: 1.00 | dt: 608ms | tok/sec: 862,595 | mfu: 20.8% | epoch: 1 | remaining: 262s    
step 00073 (12.6%) | loss: 4.280401 | lrm: 1.00 | dt: 608ms | tok/sec: 862,456 | mfu: 20.8% | epoch: 1 | remaining: 262s    
step 00074 (12.8%) | loss: 4.258401 | lrm: 1.00 | dt: 608ms | tok/sec: 861,965 | mfu: 20.8% | epoch: 1 | remaining: 261s    
step 00075 (13.0%) | loss: 4.237031 | lrm: 1.00 | dt: 608ms | tok/sec: 862,506 | mfu: 20.8% | epoch: 1 | remaining: 261s    
step 00076 (13.2%) | loss: 4.220252 | lrm: 1.00 | dt: 608ms | tok/sec: 862,164 | mfu: 20.8% | epoch: 1 | remaining: 260s    
step 00077 (13.4%) | loss: 4.206399 | lrm: 1.00 | dt: 608ms | tok/sec: 862,525 | mfu: 20.8% | epoch: 1 | remaining: 259s    
step 00078 (13.6%) | loss: 4.185800 | lrm: 1.00 | dt: 608ms | tok/sec: 862,609 | mfu: 20.8% | epoch: 1 | remaining: 259s    
step 00079 (13.8%) | loss: 4.166045 | lrm: 1.00 | dt: 608ms | tok/sec: 862,423 | mfu: 20.8% | epoch: 1 | remaining: 258s    
step 00080 (14.0%) | loss: 4.149271 | lrm: 1.00 | dt: 608ms | tok/sec: 862,385 | mfu: 20.8% | epoch: 1 | remaining: 257s    
step 00081 (14.2%) | loss: 4.133945 | lrm: 1.00 | dt: 608ms | tok/sec: 862,336 | mfu: 20.8% | epoch: 1 | remaining: 257s    
step 00082 (14.4%) | loss: 4.118463 | lrm: 1.00 | dt: 608ms | tok/sec: 862,481 | mfu: 20.8% | epoch: 1 | remaining: 256s    
step 00083 (14.6%) | loss: 4.098226 | lrm: 1.00 | dt: 608ms | tok/sec: 862,262 | mfu: 20.8% | epoch: 1 | remaining: 256s    
step 00084 (14.8%) | loss: 4.078622 | lrm: 1.00 | dt: 608ms | tok/sec: 861,894 | mfu: 20.8% | epoch: 1 | remaining: 255s    
step 00085 (15.0%) | loss: 4.065879 | lrm: 1.00 | dt: 608ms | tok/sec: 862,557 | mfu: 20.8% | epoch: 1 | remaining: 254s    
step 00086 (15.2%) | loss: 4.050739 | lrm: 1.00 | dt: 608ms | tok/sec: 862,444 | mfu: 20.8% | epoch: 1 | remaining: 254s    
step 00087 (15.4%) | loss: 4.037513 | lrm: 1.00 | dt: 608ms | tok/sec: 862,429 | mfu: 20.8% | epoch: 1 | remaining: 253s    
step 00088 (15.6%) | loss: 4.024518 | lrm: 1.00 | dt: 608ms | tok/sec: 862,198 | mfu: 20.8% | epoch: 1 | remaining: 253s    
step 00089 (15.8%) | loss: 4.006784 | lrm: 1.00 | dt: 608ms | tok/sec: 862,466 | mfu: 20.8% | epoch: 1 | remaining: 252s    
step 00090 (16.0%) | loss: 3.993857 | lrm: 1.00 | dt: 608ms | tok/sec: 862,550 | mfu: 20.8% | epoch: 1 | remaining: 251s    
step 00091 (16.2%) | loss: 3.977764 | lrm: 1.00 | dt: 608ms | tok/sec: 861,952 | mfu: 20.8% | epoch: 1 | remaining: 251s    
step 00092 (16.4%) | loss: 3.965170 | lrm: 1.00 | dt: 608ms | tok/sec: 862,340 | mfu: 20.8% | epoch: 1 | remaining: 250s    
step 00093 (16.6%) | loss: 3.951089 | lrm: 1.00 | dt: 608ms | tok/sec: 862,070 | mfu: 20.8% | epoch: 1 | remaining: 250s    
step 00094 (16.8%) | loss: 3.942431 | lrm: 1.00 | dt: 608ms | tok/sec: 862,307 | mfu: 20.8% | epoch: 1 | remaining: 249s    
step 00095 (17.0%) | loss: 3.934091 | lrm: 1.00 | dt: 608ms | tok/sec: 862,656 | mfu: 20.8% | epoch: 1 | remaining: 248s    
step 00096 (17.2%) | loss: 3.919100 | lrm: 1.00 | dt: 608ms | tok/sec: 862,240 | mfu: 20.8% | epoch: 1 | remaining: 248s    
step 00097 (17.4%) | loss: 3.907965 | lrm: 1.00 | dt: 608ms | tok/sec: 862,505 | mfu: 20.8% | epoch: 1 | remaining: 247s    
step 00098 (17.6%) | loss: 3.894655 | lrm: 1.00 | dt: 608ms | tok/sec: 862,124 | mfu: 20.8% | epoch: 1 | remaining: 247s    
step 00099 (17.8%) | loss: 3.883760 | lrm: 1.00 | dt: 608ms | tok/sec: 862,510 | mfu: 20.8% | epoch: 1 | remaining: 246s    
step 00100 (18.0%) | loss: 3.873890 | lrm: 1.00 | dt: 608ms | tok/sec: 862,579 | mfu: 20.8% | epoch: 1 | remaining: 245s    
step 00101 (18.2%) | loss: 3.859955 | lrm: 1.00 | dt: 608ms | tok/sec: 862,137 | mfu: 20.8% | epoch: 1 | remaining: 245s    
step 00102 (18.4%) | loss: 3.848098 | lrm: 1.00 | dt: 608ms | tok/sec: 861,952 | mfu: 20.8% | epoch: 1 | remaining: 244s    
step 00103 (18.6%) | loss: 3.829231 | lrm: 1.00 | dt: 608ms | tok/sec: 862,267 | mfu: 20.8% | epoch: 1 | remaining: 243s    
step 00104 (18.8%) | loss: 3.817291 | lrm: 1.00 | dt: 608ms | tok/sec: 862,157 | mfu: 20.8% | epoch: 1 | remaining: 243s    
step 00105 (19.0%) | loss: 3.806682 | lrm: 1.00 | dt: 608ms | tok/sec: 861,856 | mfu: 20.8% | epoch: 1 | remaining: 242s    
step 00106 (19.2%) | loss: 3.797008 | lrm: 1.00 | dt: 608ms | tok/sec: 861,864 | mfu: 20.8% | epoch: 1 | remaining: 242s    
step 00107 (19.4%) | loss: 3.790668 | lrm: 1.00 | dt: 608ms | tok/sec: 861,840 | mfu: 20.8% | epoch: 1 | remaining: 241s    
step 00108 (19.6%) | loss: 3.784850 | lrm: 1.00 | dt: 608ms | tok/sec: 862,272 | mfu: 20.8% | epoch: 1 | remaining: 240s    
step 00109 (19.8%) | loss: 3.778628 | lrm: 1.00 | dt: 608ms | tok/sec: 862,054 | mfu: 20.8% | epoch: 1 | remaining: 240s    
step 00110 (20.1%) | loss: 3.769326 | lrm: 1.00 | dt: 608ms | tok/sec: 862,056 | mfu: 20.8% | epoch: 1 | remaining: 239s    
step 00111 (20.3%) | loss: 3.765790 | lrm: 1.00 | dt: 608ms | tok/sec: 862,044 | mfu: 20.8% | epoch: 1 | remaining: 239s    
step 00112 (20.5%) | loss: 3.760084 | lrm: 1.00 | dt: 608ms | tok/sec: 861,959 | mfu: 20.8% | epoch: 1 | remaining: 238s    
step 00113 (20.7%) | loss: 3.758115 | lrm: 1.00 | dt: 608ms | tok/sec: 862,066 | mfu: 20.8% | epoch: 1 | remaining: 237s    
step 00114 (20.9%) | loss: 3.757484 | lrm: 1.00 | dt: 608ms | tok/sec: 861,922 | mfu: 20.8% | epoch: 1 | remaining: 237s    
step 00115 (21.1%) | loss: 3.750241 | lrm: 1.00 | dt: 608ms | tok/sec: 861,953 | mfu: 20.8% | epoch: 1 | remaining: 236s    
step 00116 (21.3%) | loss: 3.739363 | lrm: 1.00 | dt: 608ms | tok/sec: 862,230 | mfu: 20.8% | epoch: 1 | remaining: 236s    
step 00117 (21.5%) | loss: 3.737403 | lrm: 1.00 | dt: 608ms | tok/sec: 862,062 | mfu: 20.8% | epoch: 1 | remaining: 235s    
step 00118 (21.7%) | loss: 3.728855 | lrm: 1.00 | dt: 608ms | tok/sec: 862,272 | mfu: 20.8% | epoch: 1 | remaining: 234s    
step 00119 (21.9%) | loss: 3.723897 | lrm: 1.00 | dt: 608ms | tok/sec: 862,289 | mfu: 20.8% | epoch: 1 | remaining: 234s    
step 00120 (22.1%) | loss: 3.720182 | lrm: 1.00 | dt: 608ms | tok/sec: 862,226 | mfu: 20.8% | epoch: 1 | remaining: 233s    
step 00121 (22.3%) | loss: 3.705495 | lrm: 1.00 | dt: 608ms | tok/sec: 862,485 | mfu: 20.8% | epoch: 1 | remaining: 233s    
step 00122 (22.5%) | loss: 3.697770 | lrm: 1.00 | dt: 608ms | tok/sec: 862,295 | mfu: 20.8% | epoch: 1 | remaining: 232s    
step 00123 (22.7%) | loss: 3.692863 | lrm: 1.00 | dt: 608ms | tok/sec: 862,161 | mfu: 20.8% | epoch: 1 | remaining: 231s    
step 00124 (22.9%) | loss: 3.689296 | lrm: 1.00 | dt: 608ms | tok/sec: 862,111 | mfu: 20.8% | epoch: 1 | remaining: 231s    
step 00125 (23.1%) | loss: 3.680987 | lrm: 1.00 | dt: 608ms | tok/sec: 862,011 | mfu: 20.8% | epoch: 1 | remaining: 230s    
step 00126 (23.3%) | loss: 3.673651 | lrm: 1.00 | dt: 608ms | tok/sec: 862,264 | mfu: 20.8% | epoch: 1 | remaining: 230s    
step 00127 (23.5%) | loss: 3.665821 | lrm: 1.00 | dt: 608ms | tok/sec: 861,936 | mfu: 20.8% | epoch: 1 | remaining: 229s    
step 00128 (23.7%) | loss: 3.664232 | lrm: 1.00 | dt: 608ms | tok/sec: 862,356 | mfu: 20.8% | epoch: 1 | remaining: 228s    
step 00129 (23.9%) | loss: 3.658021 | lrm: 1.00 | dt: 608ms | tok/sec: 862,132 | mfu: 20.8% | epoch: 1 | remaining: 228s    
step 00130 (24.1%) | loss: 3.655241 | lrm: 1.00 | dt: 608ms | tok/sec: 861,837 | mfu: 20.8% | epoch: 1 | remaining: 227s    
step 00131 (24.3%) | loss: 3.649802 | lrm: 1.00 | dt: 608ms | tok/sec: 862,347 | mfu: 20.8% | epoch: 1 | remaining: 226s    
step 00132 (24.5%) | loss: 3.643851 | lrm: 1.00 | dt: 608ms | tok/sec: 861,969 | mfu: 20.8% | epoch: 1 | remaining: 226s    
step 00133 (24.7%) | loss: 3.643216 | lrm: 1.00 | dt: 608ms | tok/sec: 862,086 | mfu: 20.8% | epoch: 1 | remaining: 225s    
step 00134 (24.9%) | loss: 3.633649 | lrm: 1.00 | dt: 608ms | tok/sec: 862,070 | mfu: 20.8% | epoch: 1 | remaining: 225s    
step 00135 (25.1%) | loss: 3.628061 | lrm: 1.00 | dt: 608ms | tok/sec: 862,050 | mfu: 20.8% | epoch: 1 | remaining: 224s    
step 00136 (25.3%) | loss: 3.620967 | lrm: 1.00 | dt: 608ms | tok/sec: 862,537 | mfu: 20.8% | epoch: 1 | remaining: 223s    
step 00137 (25.5%) | loss: 3.616951 | lrm: 1.00 | dt: 608ms | tok/sec: 861,687 | mfu: 20.8% | epoch: 1 | remaining: 223s    
step 00138 (25.7%) | loss: 3.617905 | lrm: 1.00 | dt: 608ms | tok/sec: 861,807 | mfu: 20.8% | epoch: 1 | remaining: 222s    
step 00139 (25.9%) | loss: 3.608106 | lrm: 1.00 | dt: 608ms | tok/sec: 861,992 | mfu: 20.8% | epoch: 1 | remaining: 222s    
step 00140 (26.1%) | loss: 3.601270 | lrm: 1.00 | dt: 608ms | tok/sec: 862,018 | mfu: 20.8% | epoch: 1 | remaining: 221s    
step 00141 (26.3%) | loss: 3.598188 | lrm: 1.00 | dt: 608ms | tok/sec: 862,144 | mfu: 20.8% | epoch: 1 | remaining: 220s    
step 00142 (26.5%) | loss: 3.595363 | lrm: 1.00 | dt: 608ms | tok/sec: 862,208 | mfu: 20.8% | epoch: 1 | remaining: 220s    
step 00143 (26.7%) | loss: 3.591242 | lrm: 1.00 | dt: 608ms | tok/sec: 862,272 | mfu: 20.8% | epoch: 1 | remaining: 219s    
step 00144 (26.9%) | loss: 3.595976 | lrm: 1.00 | dt: 608ms | tok/sec: 862,198 | mfu: 20.8% | epoch: 1 | remaining: 219s    
step 00145 (27.1%) | loss: 3.590961 | lrm: 1.00 | dt: 608ms | tok/sec: 861,860 | mfu: 20.8% | epoch: 1 | remaining: 218s    
step 00146 (27.3%) | loss: 3.587041 | lrm: 1.00 | dt: 608ms | tok/sec: 862,052 | mfu: 20.8% | epoch: 1 | remaining: 217s    
step 00147 (27.6%) | loss: 3.586555 | lrm: 1.00 | dt: 608ms | tok/sec: 862,183 | mfu: 20.8% | epoch: 1 | remaining: 217s    
step 00148 (27.8%) | loss: 3.581054 | lrm: 1.00 | dt: 608ms | tok/sec: 862,520 | mfu: 20.8% | epoch: 1 | remaining: 216s    
step 00149 (28.0%) | loss: 3.571515 | lrm: 1.00 | dt: 608ms | tok/sec: 862,359 | mfu: 20.8% | epoch: 1 | remaining: 216s    
step 00150 (28.2%) | loss: 3.569876 | lrm: 1.00 | dt: 608ms | tok/sec: 861,897 | mfu: 20.8% | epoch: 1 | remaining: 215s    
step 00151 (28.4%) | loss: 3.569990 | lrm: 1.00 | dt: 608ms | tok/sec: 862,191 | mfu: 20.8% | epoch: 1 | remaining: 214s    
step 00152 (28.6%) | loss: 3.565684 | lrm: 1.00 | dt: 608ms | tok/sec: 861,943 | mfu: 20.8% | epoch: 1 | remaining: 214s    
step 00153 (28.8%) | loss: 3.568572 | lrm: 1.00 | dt: 608ms | tok/sec: 862,595 | mfu: 20.8% | epoch: 1 | remaining: 213s    
step 00154 (29.0%) | loss: 3.567720 | lrm: 1.00 | dt: 608ms | tok/sec: 862,219 | mfu: 20.8% | epoch: 1 | remaining: 212s    
step 00155 (29.2%) | loss: 3.563397 | lrm: 1.00 | dt: 608ms | tok/sec: 862,298 | mfu: 20.8% | epoch: 1 | remaining: 212s    
step 00156 (29.4%) | loss: 3.557264 | lrm: 1.00 | dt: 608ms | tok/sec: 862,510 | mfu: 20.8% | epoch: 1 | remaining: 211s    
step 00157 (29.6%) | loss: 3.553099 | lrm: 1.00 | dt: 608ms | tok/sec: 862,217 | mfu: 20.8% | epoch: 1 | remaining: 211s    
step 00158 (29.8%) | loss: 3.552388 | lrm: 1.00 | dt: 608ms | tok/sec: 862,477 | mfu: 20.8% | epoch: 1 | remaining: 210s    
step 00159 (30.0%) | loss: 3.545612 | lrm: 1.00 | dt: 608ms | tok/sec: 862,191 | mfu: 20.8% | epoch: 1 | remaining: 209s    
step 00160 (30.2%) | loss: 3.543837 | lrm: 1.00 | dt: 608ms | tok/sec: 862,235 | mfu: 20.8% | epoch: 1 | remaining: 209s    
step 00161 (30.4%) | loss: 3.540747 | lrm: 1.00 | dt: 608ms | tok/sec: 862,291 | mfu: 20.8% | epoch: 1 | remaining: 208s    
step 00162 (30.6%) | loss: 3.542742 | lrm: 1.00 | dt: 608ms | tok/sec: 862,263 | mfu: 20.8% | epoch: 1 | remaining: 208s    
step 00163 (30.8%) | loss: 3.537730 | lrm: 1.00 | dt: 608ms | tok/sec: 862,489 | mfu: 20.8% | epoch: 1 | remaining: 207s    
step 00164 (31.0%) | loss: 3.537284 | lrm: 1.00 | dt: 608ms | tok/sec: 862,420 | mfu: 20.8% | epoch: 1 | remaining: 206s    
step 00165 (31.2%) | loss: 3.535272 | lrm: 1.00 | dt: 608ms | tok/sec: 862,370 | mfu: 20.8% | epoch: 1 | remaining: 206s    
step 00166 (31.4%) | loss: 3.531723 | lrm: 1.00 | dt: 608ms | tok/sec: 862,080 | mfu: 20.8% | epoch: 1 | remaining: 205s    
step 00167 (31.6%) | loss: 3.529173 | lrm: 1.00 | dt: 608ms | tok/sec: 861,971 | mfu: 20.8% | epoch: 1 | remaining: 205s    
step 00168 (31.8%) | loss: 3.526508 | lrm: 1.00 | dt: 608ms | tok/sec: 862,426 | mfu: 20.8% | epoch: 1 | remaining: 204s    
step 00169 (32.0%) | loss: 3.522253 | lrm: 1.00 | dt: 608ms | tok/sec: 862,295 | mfu: 20.8% | epoch: 1 | remaining: 203s    
step 00170 (32.2%) | loss: 3.516064 | lrm: 1.00 | dt: 608ms | tok/sec: 862,631 | mfu: 20.8% | epoch: 1 | remaining: 203s    
step 00171 (32.4%) | loss: 3.515891 | lrm: 1.00 | dt: 608ms | tok/sec: 862,177 | mfu: 20.8% | epoch: 1 | remaining: 202s    
step 00172 (32.6%) | loss: 3.514247 | lrm: 1.00 | dt: 608ms | tok/sec: 862,297 | mfu: 20.8% | epoch: 1 | remaining: 202s    
step 00173 (32.8%) | loss: 3.510603 | lrm: 1.00 | dt: 608ms | tok/sec: 862,357 | mfu: 20.8% | epoch: 1 | remaining: 201s    
step 00174 (33.0%) | loss: 3.510151 | lrm: 1.00 | dt: 608ms | tok/sec: 861,860 | mfu: 20.8% | epoch: 1 | remaining: 200s    
step 00175 (33.2%) | loss: 3.507375 | lrm: 1.00 | dt: 608ms | tok/sec: 862,703 | mfu: 20.8% | epoch: 1 | remaining: 200s    
step 00176 (33.4%) | loss: 3.506086 | lrm: 1.00 | dt: 608ms | tok/sec: 862,098 | mfu: 20.8% | epoch: 1 | remaining: 199s    
step 00177 (33.6%) | loss: 3.504953 | lrm: 1.00 | dt: 608ms | tok/sec: 862,362 | mfu: 20.8% | epoch: 1 | remaining: 198s    
step 00178 (33.8%) | loss: 3.504939 | lrm: 1.00 | dt: 608ms | tok/sec: 862,635 | mfu: 20.8% | epoch: 1 | remaining: 198s    
step 00179 (34.0%) | loss: 3.501081 | lrm: 1.00 | dt: 608ms | tok/sec: 862,356 | mfu: 20.8% | epoch: 1 | remaining: 197s    
step 00180 (34.2%) | loss: 3.498960 | lrm: 1.00 | dt: 608ms | tok/sec: 862,546 | mfu: 20.8% | epoch: 1 | remaining: 197s    
step 00181 (34.4%) | loss: 3.494421 | lrm: 1.00 | dt: 608ms | tok/sec: 861,994 | mfu: 20.8% | epoch: 1 | remaining: 196s    
step 00182 (34.6%) | loss: 3.486460 | lrm: 1.00 | dt: 608ms | tok/sec: 862,363 | mfu: 20.8% | epoch: 1 | remaining: 195s    
step 00183 (34.8%) | loss: 3.480613 | lrm: 1.00 | dt: 608ms | tok/sec: 862,444 | mfu: 20.8% | epoch: 1 | remaining: 195s    
step 00184 (35.1%) | loss: 3.481438 | lrm: 1.00 | dt: 608ms | tok/sec: 861,800 | mfu: 20.8% | epoch: 1 | remaining: 194s    
step 00185 (35.3%) | loss: 3.478660 | lrm: 1.00 | dt: 608ms | tok/sec: 862,256 | mfu: 20.8% | epoch: 1 | remaining: 194s    
step 00186 (35.5%) | loss: 3.473792 | lrm: 1.00 | dt: 608ms | tok/sec: 862,177 | mfu: 20.8% | epoch: 1 | remaining: 193s    
step 00187 (35.7%) | loss: 3.470395 | lrm: 1.00 | dt: 608ms | tok/sec: 862,494 | mfu: 20.8% | epoch: 1 | remaining: 192s    
step 00188 (35.9%) | loss: 3.470030 | lrm: 1.00 | dt: 608ms | tok/sec: 862,048 | mfu: 20.8% | epoch: 1 | remaining: 192s    
step 00189 (36.1%) | loss: 3.467422 | lrm: 1.00 | dt: 608ms | tok/sec: 861,710 | mfu: 20.8% | epoch: 1 | remaining: 191s    
step 00190 (36.3%) | loss: 3.467209 | lrm: 1.00 | dt: 608ms | tok/sec: 862,282 | mfu: 20.8% | epoch: 1 | remaining: 191s    
step 00191 (36.5%) | loss: 3.467149 | lrm: 1.00 | dt: 608ms | tok/sec: 861,989 | mfu: 20.8% | epoch: 1 | remaining: 190s    
step 00192 (36.7%) | loss: 3.460636 | lrm: 1.00 | dt: 608ms | tok/sec: 862,500 | mfu: 20.8% | epoch: 1 | remaining: 189s    
step 00193 (36.9%) | loss: 3.455223 | lrm: 1.00 | dt: 608ms | tok/sec: 862,676 | mfu: 20.8% | epoch: 1 | remaining: 189s    
step 00194 (37.1%) | loss: 3.455815 | lrm: 1.00 | dt: 608ms | tok/sec: 862,499 | mfu: 20.8% | epoch: 1 | remaining: 188s    
step 00195 (37.3%) | loss: 3.453272 | lrm: 1.00 | dt: 608ms | tok/sec: 862,362 | mfu: 20.8% | epoch: 1 | remaining: 188s    
step 00196 (37.5%) | loss: 3.453211 | lrm: 1.00 | dt: 608ms | tok/sec: 862,486 | mfu: 20.8% | epoch: 1 | remaining: 187s    
step 00197 (37.7%) | loss: 3.454542 | lrm: 1.00 | dt: 608ms | tok/sec: 862,263 | mfu: 20.8% | epoch: 1 | remaining: 186s    
step 00198 (37.9%) | loss: 3.449381 | lrm: 1.00 | dt: 608ms | tok/sec: 862,378 | mfu: 20.8% | epoch: 1 | remaining: 186s    
step 00199 (38.1%) | loss: 3.445175 | lrm: 1.00 | dt: 608ms | tok/sec: 862,442 | mfu: 20.8% | epoch: 1 | remaining: 185s    
step 00200 (38.3%) | loss: 3.446183 | lrm: 1.00 | dt: 608ms | tok/sec: 862,543 | mfu: 20.8% | epoch: 1 | remaining: 185s    
step 00201 (38.5%) | loss: 3.445906 | lrm: 1.00 | dt: 608ms | tok/sec: 862,401 | mfu: 20.8% | epoch: 1 | remaining: 184s    
step 00202 (38.7%) | loss: 3.443320 | lrm: 1.00 | dt: 608ms | tok/sec: 861,965 | mfu: 20.8% | epoch: 1 | remaining: 183s    
step 00203 (38.9%) | loss: 3.440781 | lrm: 1.00 | dt: 608ms | tok/sec: 862,099 | mfu: 20.8% | epoch: 1 | remaining: 183s    
step 00204 (39.1%) | loss: 3.439350 | lrm: 1.00 | dt: 608ms | tok/sec: 862,102 | mfu: 20.8% | epoch: 1 | remaining: 182s    
step 00205 (39.3%) | loss: 3.438861 | lrm: 1.00 | dt: 608ms | tok/sec: 862,475 | mfu: 20.8% | epoch: 1 | remaining: 181s    
step 00206 (39.5%) | loss: 3.435460 | lrm: 1.00 | dt: 608ms | tok/sec: 862,294 | mfu: 20.8% | epoch: 1 | remaining: 181s    
step 00207 (39.7%) | loss: 3.432586 | lrm: 1.00 | dt: 608ms | tok/sec: 862,550 | mfu: 20.8% | epoch: 1 | remaining: 180s    
step 00208 (39.9%) | loss: 3.430868 | lrm: 1.00 | dt: 608ms | tok/sec: 862,432 | mfu: 20.8% | epoch: 1 | remaining: 180s    
step 00209 (40.1%) | loss: 3.430773 | lrm: 1.00 | dt: 608ms | tok/sec: 862,137 | mfu: 20.8% | epoch: 1 | remaining: 179s    
step 00210 (40.3%) | loss: 3.427535 | lrm: 1.00 | dt: 608ms | tok/sec: 862,053 | mfu: 20.8% | epoch: 1 | remaining: 178s    
step 00211 (40.5%) | loss: 3.429019 | lrm: 1.00 | dt: 608ms | tok/sec: 862,575 | mfu: 20.8% | epoch: 1 | remaining: 178s    
step 00212 (40.7%) | loss: 3.427235 | lrm: 1.00 | dt: 608ms | tok/sec: 861,897 | mfu: 20.8% | epoch: 1 | remaining: 177s    
step 00213 (40.9%) | loss: 3.421993 | lrm: 1.00 | dt: 608ms | tok/sec: 862,462 | mfu: 20.8% | epoch: 1 | remaining: 177s    
step 00214 (41.1%) | loss: 3.423022 | lrm: 1.00 | dt: 608ms | tok/sec: 862,335 | mfu: 20.8% | epoch: 1 | remaining: 176s    
step 00215 (41.3%) | loss: 3.416932 | lrm: 1.00 | dt: 608ms | tok/sec: 862,358 | mfu: 20.8% | epoch: 1 | remaining: 175s    
step 00216 (41.5%) | loss: 3.418757 | lrm: 1.00 | dt: 608ms | tok/sec: 861,927 | mfu: 20.8% | epoch: 1 | remaining: 175s    
step 00217 (41.7%) | loss: 3.416347 | lrm: 1.00 | dt: 608ms | tok/sec: 862,133 | mfu: 20.8% | epoch: 1 | remaining: 174s    
step 00218 (41.9%) | loss: 3.416469 | lrm: 1.00 | dt: 608ms | tok/sec: 862,204 | mfu: 20.8% | epoch: 1 | remaining: 174s    
step 00219 (42.1%) | loss: 3.416012 | lrm: 1.00 | dt: 608ms | tok/sec: 862,398 | mfu: 20.8% | epoch: 1 | remaining: 173s    
step 00220 (42.3%) | loss: 3.416893 | lrm: 1.00 | dt: 608ms | tok/sec: 862,610 | mfu: 20.8% | epoch: 1 | remaining: 172s    
step 00221 (42.5%) | loss: 3.406075 | lrm: 1.00 | dt: 608ms | tok/sec: 862,549 | mfu: 20.8% | epoch: 1 | remaining: 172s    
step 00222 (42.8%) | loss: 3.403651 | lrm: 1.00 | dt: 608ms | tok/sec: 862,589 | mfu: 20.8% | epoch: 1 | remaining: 171s    
step 00223 (43.0%) | loss: 3.401741 | lrm: 1.00 | dt: 608ms | tok/sec: 862,398 | mfu: 20.8% | epoch: 1 | remaining: 171s    
step 00224 (43.2%) | loss: 3.401444 | lrm: 1.00 | dt: 608ms | tok/sec: 862,417 | mfu: 20.8% | epoch: 1 | remaining: 170s    
step 00225 (43.4%) | loss: 3.404725 | lrm: 1.00 | dt: 608ms | tok/sec: 862,834 | mfu: 20.8% | epoch: 1 | remaining: 169s    
step 00226 (43.6%) | loss: 3.402216 | lrm: 1.00 | dt: 608ms | tok/sec: 862,071 | mfu: 20.8% | epoch: 1 | remaining: 169s    
step 00227 (43.8%) | loss: 3.404619 | lrm: 1.00 | dt: 608ms | tok/sec: 862,498 | mfu: 20.8% | epoch: 1 | remaining: 168s    
step 00228 (44.0%) | loss: 3.403745 | lrm: 1.00 | dt: 608ms | tok/sec: 862,531 | mfu: 20.8% | epoch: 1 | remaining: 167s    
step 00229 (44.2%) | loss: 3.403203 | lrm: 1.00 | dt: 608ms | tok/sec: 862,248 | mfu: 20.8% | epoch: 1 | remaining: 167s    
step 00230 (44.4%) | loss: 3.405312 | lrm: 1.00 | dt: 608ms | tok/sec: 862,325 | mfu: 20.8% | epoch: 1 | remaining: 166s    
step 00231 (44.6%) | loss: 3.399115 | lrm: 1.00 | dt: 608ms | tok/sec: 862,617 | mfu: 20.8% | epoch: 1 | remaining: 166s    
step 00232 (44.8%) | loss: 3.397309 | lrm: 1.00 | dt: 608ms | tok/sec: 862,550 | mfu: 20.8% | epoch: 1 | remaining: 165s    
step 00233 (45.0%) | loss: 3.401318 | lrm: 1.00 | dt: 608ms | tok/sec: 862,387 | mfu: 20.8% | epoch: 1 | remaining: 164s    
step 00234 (45.2%) | loss: 3.400680 | lrm: 1.00 | dt: 608ms | tok/sec: 862,676 | mfu: 20.8% | epoch: 1 | remaining: 164s    
step 00235 (45.4%) | loss: 3.398024 | lrm: 1.00 | dt: 608ms | tok/sec: 862,763 | mfu: 20.8% | epoch: 1 | remaining: 163s    
step 00236 (45.6%) | loss: 3.401791 | lrm: 1.00 | dt: 608ms | tok/sec: 862,414 | mfu: 20.8% | epoch: 1 | remaining: 163s    
step 00237 (45.8%) | loss: 3.401820 | lrm: 1.00 | dt: 608ms | tok/sec: 862,257 | mfu: 20.8% | epoch: 1 | remaining: 162s    
step 00238 (46.0%) | loss: 3.403497 | lrm: 1.00 | dt: 608ms | tok/sec: 862,431 | mfu: 20.8% | epoch: 1 | remaining: 161s    
step 00239 (46.2%) | loss: 3.398237 | lrm: 1.00 | dt: 608ms | tok/sec: 862,178 | mfu: 20.8% | epoch: 1 | remaining: 161s    
step 00240 (46.4%) | loss: 3.389246 | lrm: 1.00 | dt: 608ms | tok/sec: 863,023 | mfu: 20.9% | epoch: 1 | remaining: 160s    
step 00241 (46.6%) | loss: 3.385413 | lrm: 1.00 | dt: 608ms | tok/sec: 862,569 | mfu: 20.8% | epoch: 1 | remaining: 160s    
step 00242 (46.8%) | loss: 3.386801 | lrm: 1.00 | dt: 608ms | tok/sec: 862,554 | mfu: 20.8% | epoch: 1 | remaining: 159s    
step 00243 (47.0%) | loss: 3.388878 | lrm: 1.00 | dt: 608ms | tok/sec: 862,402 | mfu: 20.8% | epoch: 1 | remaining: 158s    
step 00244 (47.2%) | loss: 3.389601 | lrm: 1.00 | dt: 608ms | tok/sec: 862,238 | mfu: 20.8% | epoch: 1 | remaining: 158s    
step 00245 (47.4%) | loss: 3.385046 | lrm: 1.00 | dt: 608ms | tok/sec: 862,708 | mfu: 20.8% | epoch: 1 | remaining: 157s    
step 00246 (47.6%) | loss: 3.387553 | lrm: 1.00 | dt: 608ms | tok/sec: 862,137 | mfu: 20.8% | epoch: 1 | remaining: 157s    
step 00247 (47.8%) | loss: 3.383766 | lrm: 1.00 | dt: 608ms | tok/sec: 862,655 | mfu: 20.8% | epoch: 1 | remaining: 156s    
step 00248 (48.0%) | loss: 3.385273 | lrm: 1.00 | dt: 608ms | tok/sec: 862,389 | mfu: 20.8% | epoch: 1 | remaining: 155s    
step 00249 (48.2%) | loss: 3.377566 | lrm: 1.00 | dt: 608ms | tok/sec: 862,851 | mfu: 20.8% | epoch: 1 | remaining: 155s    
step 00250 (48.4%) | loss: 3.373987 | lrm: 1.00 | dt: 608ms | tok/sec: 862,563 | mfu: 20.8% | epoch: 1 | remaining: 154s    
step 00251 (48.6%) | loss: 3.371716 | lrm: 1.00 | dt: 608ms | tok/sec: 862,240 | mfu: 20.8% | epoch: 1 | remaining: 154s    
step 00252 (48.8%) | loss: 3.370283 | lrm: 1.00 | dt: 608ms | tok/sec: 862,442 | mfu: 20.8% | epoch: 1 | remaining: 153s    
step 00253 (49.0%) | loss: 3.360911 | lrm: 1.00 | dt: 608ms | tok/sec: 862,591 | mfu: 20.8% | epoch: 1 | remaining: 152s    
step 00254 (49.2%) | loss: 3.357063 | lrm: 1.00 | dt: 608ms | tok/sec: 862,247 | mfu: 20.8% | epoch: 1 | remaining: 152s    
step 00255 (49.4%) | loss: 3.355901 | lrm: 1.00 | dt: 608ms | tok/sec: 862,555 | mfu: 20.8% | epoch: 1 | remaining: 151s    
step 00256 (49.6%) | loss: 3.352707 | lrm: 1.00 | dt: 608ms | tok/sec: 862,650 | mfu: 20.8% | epoch: 1 | remaining: 150s    
step 00257 (49.8%) | loss: 3.352289 | lrm: 1.00 | dt: 608ms | tok/sec: 862,827 | mfu: 20.8% | epoch: 1 | remaining: 150s    
step 00258 (50.0%) | loss: 3.354109 | lrm: 1.00 | dt: 608ms | tok/sec: 862,264 | mfu: 20.8% | epoch: 1 | remaining: 149s    
step 00259 (50.2%) | loss: 3.354821 | lrm: 1.00 | dt: 608ms | tok/sec: 862,684 | mfu: 20.8% | epoch: 1 | remaining: 149s    
step 00260 (50.5%) | loss: 3.353255 | lrm: 0.99 | dt: 608ms | tok/sec: 862,734 | mfu: 20.8% | epoch: 1 | remaining: 148s    
step 00261 (50.7%) | loss: 3.354659 | lrm: 0.99 | dt: 608ms | tok/sec: 862,660 | mfu: 20.8% | epoch: 1 | remaining: 147s    
step 00262 (50.9%) | loss: 3.351214 | lrm: 0.98 | dt: 608ms | tok/sec: 862,422 | mfu: 20.8% | epoch: 1 | remaining: 147s    
step 00263 (51.1%) | loss: 3.348556 | lrm: 0.98 | dt: 608ms | tok/sec: 862,726 | mfu: 20.8% | epoch: 1 | remaining: 146s    
step 00264 (51.3%) | loss: 3.347760 | lrm: 0.97 | dt: 608ms | tok/sec: 862,413 | mfu: 20.8% | epoch: 1 | remaining: 146s    
step 00265 (51.5%) | loss: 3.347649 | lrm: 0.97 | dt: 608ms | tok/sec: 862,544 | mfu: 20.8% | epoch: 1 | remaining: 145s    
step 00266 (51.7%) | loss: 3.345254 | lrm: 0.97 | dt: 608ms | tok/sec: 862,467 | mfu: 20.8% | epoch: 1 | remaining: 144s    
step 00267 (51.9%) | loss: 3.340359 | lrm: 0.96 | dt: 608ms | tok/sec: 862,317 | mfu: 20.8% | epoch: 1 | remaining: 144s    
step 00268 (52.1%) | loss: 3.342211 | lrm: 0.96 | dt: 608ms | tok/sec: 862,486 | mfu: 20.8% | epoch: 1 | remaining: 143s    
step 00269 (52.3%) | loss: 3.341905 | lrm: 0.95 | dt: 608ms | tok/sec: 862,633 | mfu: 20.8% | epoch: 1 | remaining: 143s    
step 00270 (52.5%) | loss: 3.337627 | lrm: 0.95 | dt: 608ms | tok/sec: 862,717 | mfu: 20.8% | epoch: 1 | remaining: 142s    
step 00271 (52.7%) | loss: 3.338660 | lrm: 0.95 | dt: 608ms | tok/sec: 862,509 | mfu: 20.8% | epoch: 1 | remaining: 141s    
step 00272 (52.9%) | loss: 3.337213 | lrm: 0.94 | dt: 608ms | tok/sec: 862,417 | mfu: 20.8% | epoch: 1 | remaining: 141s    
step 00273 (53.1%) | loss: 3.335898 | lrm: 0.94 | dt: 608ms | tok/sec: 862,627 | mfu: 20.8% | epoch: 1 | remaining: 140s    
step 00274 (53.3%) | loss: 3.336542 | lrm: 0.93 | dt: 608ms | tok/sec: 862,343 | mfu: 20.8% | epoch: 1 | remaining: 140s    
step 00275 (53.5%) | loss: 3.334905 | lrm: 0.93 | dt: 608ms | tok/sec: 862,266 | mfu: 20.8% | epoch: 1 | remaining: 139s    
step 00276 (53.7%) | loss: 3.332447 | lrm: 0.93 | dt: 608ms | tok/sec: 862,566 | mfu: 20.8% | epoch: 1 | remaining: 138s    
step 00277 (53.9%) | loss: 3.334144 | lrm: 0.92 | dt: 608ms | tok/sec: 862,734 | mfu: 20.8% | epoch: 1 | remaining: 138s    
step 00278 (54.1%) | loss: 3.333827 | lrm: 0.92 | dt: 608ms | tok/sec: 862,540 | mfu: 20.8% | epoch: 1 | remaining: 137s    
step 00279 (54.3%) | loss: 3.331185 | lrm: 0.91 | dt: 608ms | tok/sec: 862,282 | mfu: 20.8% | epoch: 1 | remaining: 136s    
step 00280 (54.5%) | loss: 3.331907 | lrm: 0.91 | dt: 608ms | tok/sec: 862,694 | mfu: 20.8% | epoch: 1 | remaining: 136s    
step 00281 (54.7%) | loss: 3.334532 | lrm: 0.91 | dt: 608ms | tok/sec: 862,840 | mfu: 20.8% | epoch: 1 | remaining: 135s    
step 00282 (54.9%) | loss: 3.331727 | lrm: 0.90 | dt: 608ms | tok/sec: 862,145 | mfu: 20.8% | epoch: 1 | remaining: 135s    
step 00283 (55.1%) | loss: 3.331637 | lrm: 0.90 | dt: 608ms | tok/sec: 862,535 | mfu: 20.8% | epoch: 1 | remaining: 134s    
step 00284 (55.3%) | loss: 3.329406 | lrm: 0.89 | dt: 608ms | tok/sec: 862,596 | mfu: 20.8% | epoch: 1 | remaining: 133s    
step 00285 (55.5%) | loss: 3.329508 | lrm: 0.89 | dt: 608ms | tok/sec: 862,718 | mfu: 20.8% | epoch: 1 | remaining: 133s    
step 00286 (55.7%) | loss: 3.324831 | lrm: 0.89 | dt: 608ms | tok/sec: 862,849 | mfu: 20.8% | epoch: 1 | remaining: 132s    
step 00287 (55.9%) | loss: 3.322976 | lrm: 0.88 | dt: 608ms | tok/sec: 862,356 | mfu: 20.8% | epoch: 1 | remaining: 132s    
step 00288 (56.1%) | loss: 3.325473 | lrm: 0.88 | dt: 608ms | tok/sec: 862,723 | mfu: 20.8% | epoch: 1 | remaining: 131s    
step 00289 (56.3%) | loss: 3.322472 | lrm: 0.87 | dt: 608ms | tok/sec: 862,305 | mfu: 20.8% | epoch: 1 | remaining: 130s    
step 00290 (56.5%) | loss: 3.324823 | lrm: 0.87 | dt: 608ms | tok/sec: 862,497 | mfu: 20.8% | epoch: 1 | remaining: 130s    
step 00291 (56.7%) | loss: 3.316308 | lrm: 0.87 | dt: 608ms | tok/sec: 862,702 | mfu: 20.8% | epoch: 1 | remaining: 129s    
step 00292 (56.9%) | loss: 3.309738 | lrm: 0.86 | dt: 608ms | tok/sec: 862,645 | mfu: 20.8% | epoch: 1 | remaining: 129s    
step 00293 (57.1%) | loss: 3.309456 | lrm: 0.86 | dt: 608ms | tok/sec: 862,918 | mfu: 20.8% | epoch: 1 | remaining: 128s    
step 00294 (57.3%) | loss: 3.308899 | lrm: 0.85 | dt: 608ms | tok/sec: 862,865 | mfu: 20.8% | epoch: 1 | remaining: 127s    
step 00295 (57.5%) | loss: 3.308794 | lrm: 0.85 | dt: 608ms | tok/sec: 862,488 | mfu: 20.8% | epoch: 1 | remaining: 127s    
step 00296 (57.7%) | loss: 3.302881 | lrm: 0.85 | dt: 608ms | tok/sec: 862,751 | mfu: 20.8% | epoch: 1 | remaining: 126s    
step 00297 (57.9%) | loss: 3.302665 | lrm: 0.84 | dt: 608ms | tok/sec: 862,597 | mfu: 20.8% | epoch: 1 | remaining: 126s    
step 00298 (58.2%) | loss: 3.299703 | lrm: 0.84 | dt: 608ms | tok/sec: 862,736 | mfu: 20.8% | epoch: 1 | remaining: 125s    
step 00299 (58.4%) | loss: 3.298960 | lrm: 0.83 | dt: 608ms | tok/sec: 862,884 | mfu: 20.8% | epoch: 1 | remaining: 124s    
step 00300 (58.6%) | loss: 3.296356 | lrm: 0.83 | dt: 608ms | tok/sec: 862,496 | mfu: 20.8% | epoch: 1 | remaining: 124s    
step 00301 (58.8%) | loss: 3.292464 | lrm: 0.82 | dt: 608ms | tok/sec: 862,939 | mfu: 20.8% | epoch: 1 | remaining: 123s    
step 00302 (59.0%) | loss: 3.293278 | lrm: 0.82 | dt: 608ms | tok/sec: 862,835 | mfu: 20.8% | epoch: 1 | remaining: 123s    
step 00303 (59.2%) | loss: 3.291777 | lrm: 0.82 | dt: 608ms | tok/sec: 862,790 | mfu: 20.8% | epoch: 1 | remaining: 122s    
step 00304 (59.4%) | loss: 3.291101 | lrm: 0.81 | dt: 608ms | tok/sec: 862,846 | mfu: 20.8% | epoch: 1 | remaining: 121s    
step 00305 (59.6%) | loss: 3.288250 | lrm: 0.81 | dt: 608ms | tok/sec: 862,726 | mfu: 20.8% | epoch: 1 | remaining: 121s    
step 00306 (59.8%) | loss: 3.283423 | lrm: 0.80 | dt: 608ms | tok/sec: 862,952 | mfu: 20.9% | epoch: 1 | remaining: 120s    
step 00307 (60.0%) | loss: 3.279457 | lrm: 0.80 | dt: 608ms | tok/sec: 862,890 | mfu: 20.8% | epoch: 1 | remaining: 119s    
step 00308 (60.2%) | loss: 3.273343 | lrm: 0.80 | dt: 608ms | tok/sec: 862,842 | mfu: 20.8% | epoch: 1 | remaining: 119s    
step 00309 (60.4%) | loss: 3.268569 | lrm: 0.79 | dt: 607ms | tok/sec: 863,105 | mfu: 20.9% | epoch: 1 | remaining: 118s    
step 00310 (60.6%) | loss: 3.264556 | lrm: 0.79 | dt: 608ms | tok/sec: 862,680 | mfu: 20.8% | epoch: 1 | remaining: 118s    
step 00311 (60.8%) | loss: 3.264058 | lrm: 0.78 | dt: 608ms | tok/sec: 863,017 | mfu: 20.9% | epoch: 1 | remaining: 117s    
step 00312 (61.0%) | loss: 3.264930 | lrm: 0.78 | dt: 608ms | tok/sec: 862,888 | mfu: 20.8% | epoch: 1 | remaining: 116s    
step 00313 (61.2%) | loss: 3.257929 | lrm: 0.78 | dt: 608ms | tok/sec: 862,894 | mfu: 20.8% | epoch: 1 | remaining: 116s    
step 00314 (61.4%) | loss: 3.257125 | lrm: 0.77 | dt: 608ms | tok/sec: 862,838 | mfu: 20.8% | epoch: 1 | remaining: 115s    
step 00315 (61.6%) | loss: 3.262472 | lrm: 0.77 | dt: 608ms | tok/sec: 862,760 | mfu: 20.8% | epoch: 1 | remaining: 115s    
step 00316 (61.8%) | loss: 3.260110 | lrm: 0.76 | dt: 607ms | tok/sec: 863,053 | mfu: 20.9% | epoch: 1 | remaining: 114s    
step 00317 (62.0%) | loss: 3.261363 | lrm: 0.76 | dt: 607ms | tok/sec: 863,039 | mfu: 20.9% | epoch: 1 | remaining: 113s    
step 00318 (62.2%) | loss: 3.262073 | lrm: 0.76 | dt: 608ms | tok/sec: 862,863 | mfu: 20.8% | epoch: 1 | remaining: 113s    
step 00319 (62.4%) | loss: 3.258146 | lrm: 0.75 | dt: 608ms | tok/sec: 862,898 | mfu: 20.8% | epoch: 1 | remaining: 112s    
step 00320 (62.6%) | loss: 3.258567 | lrm: 0.75 | dt: 608ms | tok/sec: 862,446 | mfu: 20.8% | epoch: 1 | remaining: 112s    
step 00321 (62.8%) | loss: 3.254941 | lrm: 0.74 | dt: 608ms | tok/sec: 862,598 | mfu: 20.8% | epoch: 1 | remaining: 111s    
step 00322 (63.0%) | loss: 3.255730 | lrm: 0.74 | dt: 608ms | tok/sec: 862,780 | mfu: 20.8% | epoch: 1 | remaining: 110s    
step 00323 (63.2%) | loss: 3.251736 | lrm: 0.74 | dt: 608ms | tok/sec: 862,934 | mfu: 20.8% | epoch: 1 | remaining: 110s    
step 00324 (63.4%) | loss: 3.246537 | lrm: 0.73 | dt: 608ms | tok/sec: 862,881 | mfu: 20.8% | epoch: 1 | remaining: 109s    
step 00325 (63.6%) | loss: 3.240745 | lrm: 0.73 | dt: 608ms | tok/sec: 862,859 | mfu: 20.8% | epoch: 1 | remaining: 109s    
step 00326 (63.8%) | loss: 3.242520 | lrm: 0.72 | dt: 608ms | tok/sec: 862,437 | mfu: 20.8% | epoch: 1 | remaining: 108s    
step 00327 (64.0%) | loss: 3.237177 | lrm: 0.72 | dt: 608ms | tok/sec: 862,862 | mfu: 20.8% | epoch: 1 | remaining: 107s    
step 00328 (64.2%) | loss: 3.237112 | lrm: 0.72 | dt: 608ms | tok/sec: 862,441 | mfu: 20.8% | epoch: 1 | remaining: 107s    
step 00329 (64.4%) | loss: 3.238687 | lrm: 0.71 | dt: 608ms | tok/sec: 862,629 | mfu: 20.8% | epoch: 1 | remaining: 106s    
step 00330 (64.6%) | loss: 3.238055 | lrm: 0.71 | dt: 608ms | tok/sec: 862,734 | mfu: 20.8% | epoch: 1 | remaining: 105s    
step 00331 (64.8%) | loss: 3.240559 | lrm: 0.70 | dt: 608ms | tok/sec: 862,663 | mfu: 20.8% | epoch: 1 | remaining: 105s    
step 00332 (65.0%) | loss: 3.241769 | lrm: 0.70 | dt: 608ms | tok/sec: 862,856 | mfu: 20.8% | epoch: 1 | remaining: 104s    
step 00333 (65.2%) | loss: 3.240188 | lrm: 0.70 | dt: 608ms | tok/sec: 862,580 | mfu: 20.8% | epoch: 1 | remaining: 104s    
step 00334 (65.4%) | loss: 3.240842 | lrm: 0.69 | dt: 608ms | tok/sec: 862,775 | mfu: 20.8% | epoch: 1 | remaining: 103s    
step 00335 (65.6%) | loss: 3.230872 | lrm: 0.69 | dt: 608ms | tok/sec: 863,014 | mfu: 20.9% | epoch: 1 | remaining: 102s    
step 00336 (65.8%) | loss: 3.230743 | lrm: 0.68 | dt: 608ms | tok/sec: 862,834 | mfu: 20.8% | epoch: 1 | remaining: 102s    
step 00337 (66.1%) | loss: 3.227606 | lrm: 0.68 | dt: 608ms | tok/sec: 862,715 | mfu: 20.8% | epoch: 1 | remaining: 101s    
step 00338 (66.3%) | loss: 3.227176 | lrm: 0.67 | dt: 608ms | tok/sec: 862,940 | mfu: 20.8% | epoch: 1 | remaining: 101s    
step 00339 (66.5%) | loss: 3.219926 | lrm: 0.67 | dt: 608ms | tok/sec: 862,852 | mfu: 20.8% | epoch: 1 | remaining: 100s    
step 00340 (66.7%) | loss: 3.222358 | lrm: 0.67 | dt: 608ms | tok/sec: 862,631 | mfu: 20.8% | epoch: 1 | remaining: 99s    
step 00341 (66.9%) | loss: 3.219415 | lrm: 0.66 | dt: 608ms | tok/sec: 862,495 | mfu: 20.8% | epoch: 1 | remaining: 99s    
step 00342 (67.1%) | loss: 3.222600 | lrm: 0.66 | dt: 608ms | tok/sec: 862,707 | mfu: 20.8% | epoch: 1 | remaining: 98s    
step 00343 (67.3%) | loss: 3.226801 | lrm: 0.65 | dt: 608ms | tok/sec: 862,691 | mfu: 20.8% | epoch: 1 | remaining: 98s    
step 00344 (67.5%) | loss: 3.226166 | lrm: 0.65 | dt: 608ms | tok/sec: 862,861 | mfu: 20.8% | epoch: 1 | remaining: 97s    
step 00345 (67.7%) | loss: 3.223683 | lrm: 0.65 | dt: 608ms | tok/sec: 862,679 | mfu: 20.8% | epoch: 1 | remaining: 96s    
step 00346 (67.9%) | loss: 3.223251 | lrm: 0.64 | dt: 608ms | tok/sec: 862,511 | mfu: 20.8% | epoch: 1 | remaining: 96s    
step 00347 (68.1%) | loss: 3.221912 | lrm: 0.64 | dt: 607ms | tok/sec: 863,118 | mfu: 20.9% | epoch: 1 | remaining: 95s    
step 00348 (68.3%) | loss: 3.217248 | lrm: 0.63 | dt: 607ms | tok/sec: 863,118 | mfu: 20.9% | epoch: 1 | remaining: 95s    
step 00349 (68.5%) | loss: 3.215918 | lrm: 0.63 | dt: 608ms | tok/sec: 862,900 | mfu: 20.8% | epoch: 1 | remaining: 94s    
step 00350 (68.7%) | loss: 3.214704 | lrm: 0.63 | dt: 607ms | tok/sec: 863,221 | mfu: 20.9% | epoch: 1 | remaining: 93s    
step 00351 (68.9%) | loss: 3.210751 | lrm: 0.62 | dt: 608ms | tok/sec: 862,752 | mfu: 20.8% | epoch: 1 | remaining: 93s    
step 00352 (69.1%) | loss: 3.213320 | lrm: 0.62 | dt: 608ms | tok/sec: 862,624 | mfu: 20.8% | epoch: 1 | remaining: 92s    
step 00353 (69.3%) | loss: 3.208528 | lrm: 0.61 | dt: 608ms | tok/sec: 862,770 | mfu: 20.8% | epoch: 1 | remaining: 92s    
step 00354 (69.5%) | loss: 3.209925 | lrm: 0.61 | dt: 608ms | tok/sec: 862,823 | mfu: 20.8% | epoch: 1 | remaining: 91s    
step 00355 (69.7%) | loss: 3.208687 | lrm: 0.61 | dt: 608ms | tok/sec: 862,698 | mfu: 20.8% | epoch: 1 | remaining: 90s    
step 00356 (69.9%) | loss: 3.201647 | lrm: 0.60 | dt: 607ms | tok/sec: 863,126 | mfu: 20.9% | epoch: 1 | remaining: 90s    
step 00357 (70.1%) | loss: 3.196484 | lrm: 0.60 | dt: 607ms | tok/sec: 863,073 | mfu: 20.9% | epoch: 1 | remaining: 89s    
step 00358 (70.3%) | loss: 3.192935 | lrm: 0.59 | dt: 608ms | tok/sec: 862,903 | mfu: 20.8% | epoch: 1 | remaining: 88s    
step 00359 (70.5%) | loss: 3.191979 | lrm: 0.59 | dt: 608ms | tok/sec: 862,799 | mfu: 20.8% | epoch: 1 | remaining: 88s    
step 00360 (70.7%) | loss: 3.190473 | lrm: 0.59 | dt: 608ms | tok/sec: 862,973 | mfu: 20.9% | epoch: 1 | remaining: 87s    
step 00361 (70.9%) | loss: 3.183638 | lrm: 0.58 | dt: 608ms | tok/sec: 862,988 | mfu: 20.9% | epoch: 1 | remaining: 87s    
step 00362 (71.1%) | loss: 3.190922 | lrm: 0.58 | dt: 608ms | tok/sec: 862,743 | mfu: 20.8% | epoch: 1 | remaining: 86s    
step 00363 (71.3%) | loss: 3.190846 | lrm: 0.57 | dt: 607ms | tok/sec: 863,043 | mfu: 20.9% | epoch: 1 | remaining: 85s    
step 00364 (71.5%) | loss: 3.192325 | lrm: 0.57 | dt: 607ms | tok/sec: 863,072 | mfu: 20.9% | epoch: 1 | remaining: 85s    
step 00365 (71.7%) | loss: 3.185581 | lrm: 0.57 | dt: 608ms | tok/sec: 862,827 | mfu: 20.8% | epoch: 1 | remaining: 84s    
step 00366 (71.9%) | loss: 3.185333 | lrm: 0.56 | dt: 607ms | tok/sec: 863,156 | mfu: 20.9% | epoch: 1 | remaining: 84s    
step 00367 (72.1%) | loss: 3.184040 | lrm: 0.56 | dt: 608ms | tok/sec: 862,851 | mfu: 20.8% | epoch: 1 | remaining: 83s    
step 00368 (72.3%) | loss: 3.177427 | lrm: 0.55 | dt: 608ms | tok/sec: 862,967 | mfu: 20.9% | epoch: 1 | remaining: 82s    
step 00369 (72.5%) | loss: 3.175870 | lrm: 0.55 | dt: 608ms | tok/sec: 862,942 | mfu: 20.9% | epoch: 1 | remaining: 82s    
step 00370 (72.7%) | loss: 3.172666 | lrm: 0.55 | dt: 608ms | tok/sec: 862,817 | mfu: 20.8% | epoch: 1 | remaining: 81s    
step 00371 (72.9%) | loss: 3.170138 | lrm: 0.54 | dt: 607ms | tok/sec: 863,133 | mfu: 20.9% | epoch: 1 | remaining: 81s    
step 00372 (73.1%) | loss: 3.166114 | lrm: 0.54 | dt: 607ms | tok/sec: 863,098 | mfu: 20.9% | epoch: 1 | remaining: 80s    
step 00373 (73.3%) | loss: 3.170956 | lrm: 0.53 | dt: 608ms | tok/sec: 862,890 | mfu: 20.8% | epoch: 1 | remaining: 79s    
step 00374 (73.5%) | loss: 3.166388 | lrm: 0.53 | dt: 607ms | tok/sec: 863,160 | mfu: 20.9% | epoch: 1 | remaining: 79s    
step 00375 (73.7%) | loss: 3.162790 | lrm: 0.53 | dt: 608ms | tok/sec: 862,725 | mfu: 20.8% | epoch: 1 | remaining: 78s    
step 00376 (73.9%) | loss: 3.164688 | lrm: 0.52 | dt: 607ms | tok/sec: 863,431 | mfu: 20.9% | epoch: 1 | remaining: 78s    
step 00377 (74.2%) | loss: 3.167319 | lrm: 0.52 | dt: 607ms | tok/sec: 863,048 | mfu: 20.9% | epoch: 1 | remaining: 77s    
step 00378 (74.4%) | loss: 3.170199 | lrm: 0.51 | dt: 608ms | tok/sec: 862,431 | mfu: 20.8% | epoch: 1 | remaining: 76s    
step 00379 (74.6%) | loss: 3.165093 | lrm: 0.51 | dt: 608ms | tok/sec: 862,973 | mfu: 20.9% | epoch: 1 | remaining: 76s    
step 00380 (74.8%) | loss: 3.166107 | lrm: 0.50 | dt: 608ms | tok/sec: 862,811 | mfu: 20.8% | epoch: 1 | remaining: 75s    
step 00381 (75.0%) | loss: 3.163610 | lrm: 0.50 | dt: 608ms | tok/sec: 863,021 | mfu: 20.9% | epoch: 1 | remaining: 75s    
step 00382 (75.2%) | loss: 3.159113 | lrm: 0.50 | dt: 607ms | tok/sec: 863,096 | mfu: 20.9% | epoch: 1 | remaining: 74s    
step 00383 (75.4%) | loss: 3.161530 | lrm: 0.49 | dt: 608ms | tok/sec: 862,606 | mfu: 20.8% | epoch: 1 | remaining: 73s    
step 00384 (75.6%) | loss: 3.157751 | lrm: 0.49 | dt: 608ms | tok/sec: 862,733 | mfu: 20.8% | epoch: 1 | remaining: 73s    
step 00385 (75.8%) | loss: 3.157202 | lrm: 0.48 | dt: 608ms | tok/sec: 862,922 | mfu: 20.8% | epoch: 1 | remaining: 72s    
step 00386 (76.0%) | loss: 3.159469 | lrm: 0.48 | dt: 608ms | tok/sec: 862,886 | mfu: 20.8% | epoch: 1 | remaining: 71s    
step 00387 (76.2%) | loss: 3.153200 | lrm: 0.48 | dt: 608ms | tok/sec: 862,739 | mfu: 20.8% | epoch: 1 | remaining: 71s    
step 00388 (76.4%) | loss: 3.151996 | lrm: 0.47 | dt: 608ms | tok/sec: 862,947 | mfu: 20.9% | epoch: 1 | remaining: 70s    
step 00389 (76.6%) | loss: 3.148556 | lrm: 0.47 | dt: 608ms | tok/sec: 862,809 | mfu: 20.8% | epoch: 1 | remaining: 70s    
step 00390 (76.8%) | loss: 3.146823 | lrm: 0.46 | dt: 608ms | tok/sec: 862,933 | mfu: 20.8% | epoch: 1 | remaining: 69s    
step 00391 (77.0%) | loss: 3.143455 | lrm: 0.46 | dt: 608ms | tok/sec: 862,805 | mfu: 20.8% | epoch: 1 | remaining: 68s    
step 00392 (77.2%) | loss: 3.140829 | lrm: 0.46 | dt: 608ms | tok/sec: 862,997 | mfu: 20.9% | epoch: 1 | remaining: 68s    
step 00393 (77.4%) | loss: 3.143211 | lrm: 0.45 | dt: 608ms | tok/sec: 862,934 | mfu: 20.8% | epoch: 1 | remaining: 67s    
step 00394 (77.6%) | loss: 3.142888 | lrm: 0.45 | dt: 608ms | tok/sec: 862,733 | mfu: 20.8% | epoch: 1 | remaining: 67s    
step 00395 (77.8%) | loss: 3.146442 | lrm: 0.44 | dt: 608ms | tok/sec: 862,726 | mfu: 20.8% | epoch: 1 | remaining: 66s    
step 00396 (78.0%) | loss: 3.145814 | lrm: 0.44 | dt: 607ms | tok/sec: 863,038 | mfu: 20.9% | epoch: 1 | remaining: 65s    
step 00397 (78.2%) | loss: 3.142749 | lrm: 0.44 | dt: 608ms | tok/sec: 862,989 | mfu: 20.9% | epoch: 1 | remaining: 65s    
step 00398 (78.4%) | loss: 3.138443 | lrm: 0.43 | dt: 608ms | tok/sec: 862,936 | mfu: 20.8% | epoch: 1 | remaining: 64s    
step 00399 (78.6%) | loss: 3.138878 | lrm: 0.43 | dt: 608ms | tok/sec: 862,718 | mfu: 20.8% | epoch: 1 | remaining: 64s    
step 00400 (78.8%) | loss: 3.138589 | lrm: 0.42 | dt: 608ms | tok/sec: 862,878 | mfu: 20.8% | epoch: 1 | remaining: 63s    
step 00401 (79.0%) | loss: 3.134944 | lrm: 0.42 | dt: 607ms | tok/sec: 863,064 | mfu: 20.9% | epoch: 1 | remaining: 62s    
step 00402 (79.2%) | loss: 3.132483 | lrm: 0.42 | dt: 607ms | tok/sec: 863,036 | mfu: 20.9% | epoch: 1 | remaining: 62s    
step 00403 (79.4%) | loss: 3.131739 | lrm: 0.41 | dt: 608ms | tok/sec: 862,773 | mfu: 20.8% | epoch: 1 | remaining: 61s    
step 00404 (79.6%) | loss: 3.132228 | lrm: 0.41 | dt: 608ms | tok/sec: 862,859 | mfu: 20.8% | epoch: 1 | remaining: 61s    
step 00405 (79.8%) | loss: 3.126631 | lrm: 0.40 | dt: 608ms | tok/sec: 862,990 | mfu: 20.9% | epoch: 1 | remaining: 60s    
step 00406 (80.0%) | loss: 3.125606 | lrm: 0.40 | dt: 608ms | tok/sec: 862,954 | mfu: 20.9% | epoch: 1 | remaining: 59s    
step 00407 (80.2%) | loss: 3.126390 | lrm: 0.40 | dt: 608ms | tok/sec: 862,996 | mfu: 20.9% | epoch: 1 | remaining: 59s    
step 00408 (80.4%) | loss: 3.123512 | lrm: 0.39 | dt: 608ms | tok/sec: 863,024 | mfu: 20.9% | epoch: 1 | remaining: 58s    
step 00409 (80.6%) | loss: 3.123276 | lrm: 0.39 | dt: 608ms | tok/sec: 862,196 | mfu: 20.8% | epoch: 1 | remaining: 57s    
step 00410 (80.8%) | loss: 3.125166 | lrm: 0.38 | dt: 608ms | tok/sec: 862,954 | mfu: 20.9% | epoch: 1 | remaining: 57s    
step 00411 (81.0%) | loss: 3.123708 | lrm: 0.38 | dt: 608ms | tok/sec: 862,555 | mfu: 20.8% | epoch: 1 | remaining: 56s    
step 00412 (81.2%) | loss: 3.120180 | lrm: 0.38 | dt: 608ms | tok/sec: 862,385 | mfu: 20.8% | epoch: 1 | remaining: 56s    
step 00413 (81.4%) | loss: 3.121692 | lrm: 0.37 | dt: 608ms | tok/sec: 862,970 | mfu: 20.9% | epoch: 1 | remaining: 55s    
step 00414 (81.6%) | loss: 3.112549 | lrm: 0.37 | dt: 607ms | tok/sec: 863,072 | mfu: 20.9% | epoch: 1 | remaining: 54s    
step 00415 (81.8%) | loss: 3.113766 | lrm: 0.36 | dt: 608ms | tok/sec: 863,004 | mfu: 20.9% | epoch: 1 | remaining: 54s    
step 00416 (82.1%) | loss: 3.111816 | lrm: 0.36 | dt: 607ms | tok/sec: 863,298 | mfu: 20.9% | epoch: 1 | remaining: 53s    
step 00417 (82.3%) | loss: 3.113771 | lrm: 0.35 | dt: 608ms | tok/sec: 862,839 | mfu: 20.8% | epoch: 1 | remaining: 53s    
step 00418 (82.5%) | loss: 3.114861 | lrm: 0.35 | dt: 607ms | tok/sec: 863,295 | mfu: 20.9% | epoch: 1 | remaining: 52s    
step 00419 (82.7%) | loss: 3.112918 | lrm: 0.35 | dt: 608ms | tok/sec: 862,897 | mfu: 20.8% | epoch: 1 | remaining: 51s    
step 00420 (82.9%) | loss: 3.109678 | lrm: 0.34 | dt: 608ms | tok/sec: 862,913 | mfu: 20.8% | epoch: 1 | remaining: 51s    
step 00421 (83.1%) | loss: 3.110269 | lrm: 0.34 | dt: 608ms | tok/sec: 862,984 | mfu: 20.9% | epoch: 1 | remaining: 50s    
step 00422 (83.3%) | loss: 3.103404 | lrm: 0.33 | dt: 607ms | tok/sec: 863,126 | mfu: 20.9% | epoch: 1 | remaining: 50s    
step 00423 (83.5%) | loss: 3.100493 | lrm: 0.33 | dt: 607ms | tok/sec: 863,040 | mfu: 20.9% | epoch: 1 | remaining: 49s    
step 00424 (83.7%) | loss: 3.100911 | lrm: 0.33 | dt: 607ms | tok/sec: 863,304 | mfu: 20.9% | epoch: 1 | remaining: 48s    
step 00425 (83.9%) | loss: 3.097985 | lrm: 0.32 | dt: 608ms | tok/sec: 862,847 | mfu: 20.8% | epoch: 1 | remaining: 48s    
step 00426 (84.1%) | loss: 3.098844 | lrm: 0.32 | dt: 608ms | tok/sec: 862,972 | mfu: 20.9% | epoch: 1 | remaining: 47s    
step 00427 (84.3%) | loss: 3.097733 | lrm: 0.31 | dt: 607ms | tok/sec: 863,027 | mfu: 20.9% | epoch: 1 | remaining: 47s    
step 00428 (84.5%) | loss: 3.098122 | lrm: 0.31 | dt: 608ms | tok/sec: 862,953 | mfu: 20.9% | epoch: 1 | remaining: 46s    
step 00429 (84.7%) | loss: 3.093830 | lrm: 0.31 | dt: 608ms | tok/sec: 863,022 | mfu: 20.9% | epoch: 1 | remaining: 45s    
step 00430 (84.9%) | loss: 3.097915 | lrm: 0.30 | dt: 608ms | tok/sec: 862,897 | mfu: 20.8% | epoch: 1 | remaining: 45s    
step 00431 (85.1%) | loss: 3.096529 | lrm: 0.30 | dt: 608ms | tok/sec: 863,002 | mfu: 20.9% | epoch: 1 | remaining: 44s    
step 00432 (85.3%) | loss: 3.098464 | lrm: 0.29 | dt: 607ms | tok/sec: 863,332 | mfu: 20.9% | epoch: 1 | remaining: 44s    
step 00433 (85.5%) | loss: 3.098082 | lrm: 0.29 | dt: 608ms | tok/sec: 862,929 | mfu: 20.8% | epoch: 1 | remaining: 43s    
step 00434 (85.7%) | loss: 3.097167 | lrm: 0.29 | dt: 607ms | tok/sec: 863,178 | mfu: 20.9% | epoch: 1 | remaining: 42s    
step 00435 (85.9%) | loss: 3.098828 | lrm: 0.28 | dt: 608ms | tok/sec: 862,562 | mfu: 20.8% | epoch: 1 | remaining: 42s    
step 00436 (86.1%) | loss: 3.096571 | lrm: 0.28 | dt: 608ms | tok/sec: 862,627 | mfu: 20.8% | epoch: 1 | remaining: 41s    
step 00437 (86.3%) | loss: 3.091697 | lrm: 0.27 | dt: 607ms | tok/sec: 863,277 | mfu: 20.9% | epoch: 1 | remaining: 40s    
step 00438 (86.5%) | loss: 3.090750 | lrm: 0.27 | dt: 607ms | tok/sec: 863,068 | mfu: 20.9% | epoch: 1 | remaining: 40s    
step 00439 (86.7%) | loss: 3.088980 | lrm: 0.27 | dt: 607ms | tok/sec: 863,147 | mfu: 20.9% | epoch: 1 | remaining: 39s    
step 00440 (86.9%) | loss: 3.087440 | lrm: 0.26 | dt: 607ms | tok/sec: 863,052 | mfu: 20.9% | epoch: 1 | remaining: 39s    
step 00441 (87.1%) | loss: 3.085476 | lrm: 0.26 | dt: 608ms | tok/sec: 862,954 | mfu: 20.9% | epoch: 1 | remaining: 38s    
step 00442 (87.3%) | loss: 3.085525 | lrm: 0.25 | dt: 608ms | tok/sec: 862,910 | mfu: 20.8% | epoch: 1 | remaining: 37s    
step 00443 (87.5%) | loss: 3.087113 | lrm: 0.25 | dt: 607ms | tok/sec: 863,109 | mfu: 20.9% | epoch: 1 | remaining: 37s    
step 00444 (87.7%) | loss: 3.088375 | lrm: 0.25 | dt: 607ms | tok/sec: 863,425 | mfu: 20.9% | epoch: 1 | remaining: 36s    
step 00445 (87.9%) | loss: 3.086278 | lrm: 0.24 | dt: 607ms | tok/sec: 863,149 | mfu: 20.9% | epoch: 1 | remaining: 36s    
step 00446 (88.1%) | loss: 3.081255 | lrm: 0.24 | dt: 608ms | tok/sec: 862,897 | mfu: 20.8% | epoch: 1 | remaining: 35s    
step 00447 (88.3%) | loss: 3.083594 | lrm: 0.23 | dt: 607ms | tok/sec: 863,118 | mfu: 20.9% | epoch: 1 | remaining: 34s    
step 00448 (88.5%) | loss: 3.080819 | lrm: 0.23 | dt: 608ms | tok/sec: 862,779 | mfu: 20.8% | epoch: 1 | remaining: 34s    
step 00449 (88.7%) | loss: 3.075523 | lrm: 0.23 | dt: 608ms | tok/sec: 862,774 | mfu: 20.8% | epoch: 1 | remaining: 33s    
step 00450 (88.9%) | loss: 3.078941 | lrm: 0.22 | dt: 607ms | tok/sec: 863,138 | mfu: 20.9% | epoch: 1 | remaining: 33s    
step 00451 (89.1%) | loss: 3.081973 | lrm: 0.22 | dt: 607ms | tok/sec: 863,173 | mfu: 20.9% | epoch: 1 | remaining: 32s    
step 00452 (89.3%) | loss: 3.078256 | lrm: 0.21 | dt: 607ms | tok/sec: 863,212 | mfu: 20.9% | epoch: 1 | remaining: 31s    
step 00453 (89.5%) | loss: 3.074584 | lrm: 0.21 | dt: 607ms | tok/sec: 863,112 | mfu: 20.9% | epoch: 1 | remaining: 31s    
step 00454 (89.7%) | loss: 3.070114 | lrm: 0.21 | dt: 608ms | tok/sec: 862,869 | mfu: 20.8% | epoch: 1 | remaining: 30s    
step 00455 (89.9%) | loss: 3.069670 | lrm: 0.20 | dt: 607ms | tok/sec: 863,194 | mfu: 20.9% | epoch: 1 | remaining: 30s    
step 00456 (90.2%) | loss: 3.067573 | lrm: 0.20 | dt: 607ms | tok/sec: 863,241 | mfu: 20.9% | epoch: 1 | remaining: 29s    
step 00457 (90.4%) | loss: 3.063360 | lrm: 0.19 | dt: 608ms | tok/sec: 863,012 | mfu: 20.9% | epoch: 1 | remaining: 28s    
step 00458 (90.6%) | loss: 3.066076 | lrm: 0.19 | dt: 607ms | tok/sec: 863,230 | mfu: 20.9% | epoch: 1 | remaining: 28s    
step 00459 (90.8%) | loss: 3.067957 | lrm: 0.18 | dt: 607ms | tok/sec: 863,098 | mfu: 20.9% | epoch: 1 | remaining: 27s    
step 00460 (91.0%) | loss: 3.070860 | lrm: 0.18 | dt: 607ms | tok/sec: 863,244 | mfu: 20.9% | epoch: 1 | remaining: 27s    
step 00461 (91.2%) | loss: 3.071903 | lrm: 0.18 | dt: 607ms | tok/sec: 863,080 | mfu: 20.9% | epoch: 1 | remaining: 26s    
step 00462 (91.4%) | loss: 3.071097 | lrm: 0.17 | dt: 607ms | tok/sec: 863,082 | mfu: 20.9% | epoch: 1 | remaining: 25s    
step 00463 (91.6%) | loss: 3.072221 | lrm: 0.17 | dt: 608ms | tok/sec: 863,019 | mfu: 20.9% | epoch: 1 | remaining: 25s    
step 00464 (91.8%) | loss: 3.072198 | lrm: 0.16 | dt: 607ms | tok/sec: 863,163 | mfu: 20.9% | epoch: 1 | remaining: 24s    
step 00465 (92.0%) | loss: 3.068577 | lrm: 0.16 | dt: 608ms | tok/sec: 862,501 | mfu: 20.8% | epoch: 1 | remaining: 23s    
step 00466 (92.2%) | loss: 3.067317 | lrm: 0.16 | dt: 608ms | tok/sec: 862,433 | mfu: 20.8% | epoch: 1 | remaining: 23s    
step 00467 (92.4%) | loss: 3.069006 | lrm: 0.15 | dt: 608ms | tok/sec: 862,825 | mfu: 20.8% | epoch: 1 | remaining: 22s    
step 00468 (92.6%) | loss: 3.073527 | lrm: 0.15 | dt: 608ms | tok/sec: 862,811 | mfu: 20.8% | epoch: 1 | remaining: 22s    
step 00469 (92.8%) | loss: 3.074167 | lrm: 0.14 | dt: 608ms | tok/sec: 862,806 | mfu: 20.8% | epoch: 1 | remaining: 21s    
step 00470 (93.0%) | loss: 3.075108 | lrm: 0.14 | dt: 608ms | tok/sec: 862,798 | mfu: 20.8% | epoch: 1 | remaining: 20s    
step 00471 (93.2%) | loss: 3.074196 | lrm: 0.14 | dt: 608ms | tok/sec: 862,909 | mfu: 20.8% | epoch: 1 | remaining: 20s    
step 00472 (93.4%) | loss: 3.065389 | lrm: 0.13 | dt: 608ms | tok/sec: 862,830 | mfu: 20.8% | epoch: 1 | remaining: 19s    
step 00473 (93.6%) | loss: 3.061552 | lrm: 0.13 | dt: 607ms | tok/sec: 863,079 | mfu: 20.9% | epoch: 1 | remaining: 19s    
step 00474 (93.8%) | loss: 3.057499 | lrm: 0.12 | dt: 608ms | tok/sec: 862,995 | mfu: 20.9% | epoch: 1 | remaining: 18s    
step 00475 (94.0%) | loss: 3.062602 | lrm: 0.12 | dt: 608ms | tok/sec: 862,710 | mfu: 20.8% | epoch: 1 | remaining: 17s    
step 00476 (94.2%) | loss: 3.062887 | lrm: 0.12 | dt: 608ms | tok/sec: 863,015 | mfu: 20.9% | epoch: 1 | remaining: 17s    
step 00477 (94.4%) | loss: 3.060456 | lrm: 0.11 | dt: 607ms | tok/sec: 863,064 | mfu: 20.9% | epoch: 1 | remaining: 16s    
step 00478 (94.6%) | loss: 3.062711 | lrm: 0.11 | dt: 608ms | tok/sec: 862,969 | mfu: 20.9% | epoch: 1 | remaining: 16s    
step 00479 (94.8%) | loss: 3.060505 | lrm: 0.10 | dt: 608ms | tok/sec: 862,955 | mfu: 20.9% | epoch: 1 | remaining: 15s    
step 00480 (95.0%) | loss: 3.058866 | lrm: 0.10 | dt: 608ms | tok/sec: 862,769 | mfu: 20.8% | epoch: 1 | remaining: 14s    
step 00481 (95.2%) | loss: 3.055964 | lrm: 0.10 | dt: 608ms | tok/sec: 862,890 | mfu: 20.8% | epoch: 1 | remaining: 14s    
step 00482 (95.4%) | loss: 3.054758 | lrm: 0.09 | dt: 608ms | tok/sec: 862,744 | mfu: 20.8% | epoch: 1 | remaining: 13s    
step 00483 (95.6%) | loss: 3.050560 | lrm: 0.09 | dt: 608ms | tok/sec: 862,786 | mfu: 20.8% | epoch: 1 | remaining: 13s    
step 00484 (95.8%) | loss: 3.045982 | lrm: 0.08 | dt: 607ms | tok/sec: 863,163 | mfu: 20.9% | epoch: 1 | remaining: 12s    
step 00485 (96.0%) | loss: 3.038973 | lrm: 0.08 | dt: 607ms | tok/sec: 863,055 | mfu: 20.9% | epoch: 1 | remaining: 11s    
step 00486 (96.2%) | loss: 3.036154 | lrm: 0.08 | dt: 608ms | tok/sec: 862,535 | mfu: 20.8% | epoch: 1 | remaining: 11s    
step 00487 (96.4%) | loss: 3.032811 | lrm: 0.07 | dt: 608ms | tok/sec: 862,874 | mfu: 20.8% | epoch: 1 | remaining: 10s    
step 00488 (96.6%) | loss: 3.029844 | lrm: 0.07 | dt: 608ms | tok/sec: 862,825 | mfu: 20.8% | epoch: 1 | remaining: 9s    
step 00489 (96.8%) | loss: 3.026108 | lrm: 0.06 | dt: 608ms | tok/sec: 862,808 | mfu: 20.8% | epoch: 1 | remaining: 9s    
step 00490 (97.0%) | loss: 3.023211 | lrm: 0.06 | dt: 608ms | tok/sec: 862,959 | mfu: 20.9% | epoch: 1 | remaining: 8s    
step 00491 (97.2%) | loss: 3.020203 | lrm: 0.06 | dt: 608ms | tok/sec: 862,883 | mfu: 20.8% | epoch: 1 | remaining: 8s    
step 00492 (97.4%) | loss: 3.018913 | lrm: 0.05 | dt: 608ms | tok/sec: 862,545 | mfu: 20.8% | epoch: 1 | remaining: 7s    
step 00493 (97.6%) | loss: 3.022674 | lrm: 0.05 | dt: 608ms | tok/sec: 862,941 | mfu: 20.8% | epoch: 1 | remaining: 6s    
step 00494 (97.8%) | loss: 3.020254 | lrm: 0.04 | dt: 607ms | tok/sec: 863,082 | mfu: 20.9% | epoch: 1 | remaining: 6s    
step 00495 (98.0%) | loss: 3.017908 | lrm: 0.04 | dt: 608ms | tok/sec: 862,908 | mfu: 20.8% | epoch: 1 | remaining: 5s    
step 00496 (98.3%) | loss: 3.020331 | lrm: 0.03 | dt: 608ms | tok/sec: 862,520 | mfu: 20.8% | epoch: 1 | remaining: 5s    
step 00497 (98.5%) | loss: 3.021981 | lrm: 0.03 | dt: 608ms | tok/sec: 862,711 | mfu: 20.8% | epoch: 1 | remaining: 4s    
step 00498 (98.7%) | loss: 3.022833 | lrm: 0.03 | dt: 608ms | tok/sec: 862,866 | mfu: 20.8% | epoch: 1 | remaining: 3s    
step 00499 (98.9%) | loss: 3.022871 | lrm: 0.02 | dt: 608ms | tok/sec: 862,870 | mfu: 20.8% | epoch: 1 | remaining: 3s    
step 00500 (99.1%) | loss: 3.024337 | lrm: 0.02 | dt: 607ms | tok/sec: 863,124 | mfu: 20.9% | epoch: 1 | remaining: 2s    
step 00501 (99.3%) | loss: 3.022100 | lrm: 0.01 | dt: 608ms | tok/sec: 862,822 | mfu: 20.8% | epoch: 1 | remaining: 2s    
step 00502 (99.5%) | loss: 3.022927 | lrm: 0.01 | dt: 608ms | tok/sec: 863,021 | mfu: 20.9% | epoch: 1 | remaining: 1s    
step 00503 (99.7%) | loss: 3.015668 | lrm: 0.01 | dt: 608ms | tok/sec: 862,795 | mfu: 20.8% | epoch: 1 | remaining: 0s    
step 00504 (99.9%) | loss: 3.017851 | lrm: 0.00 | dt: 608ms | tok/sec: 862,864 | mfu: 20.8% | epoch: 1 | remaining: 0s    
---
val_bpb:          1.079937
training_seconds: 300.2
total_seconds:    346.7
peak_vram_mb:     45012.5
mfu_percent:      20.89
total_tokens_M:   264.8
num_steps:        505
num_params_M:     50.3
depth:            8
[W1004 10:34:40.366705665 CudaIPCTypes.cpp:16] Producer process has been terminated before all shared CUDA tensors released. See Note [Sharing CUDA tensors]
