trial 1/3: accuracy=1.41% training=0.299s inference=0.065s
trial 2/3: accuracy=1.19% training=0.004s inference=0.020s
trial 3/3: accuracy=1.05% training=0.003s inference=0.020s
{
  "requested_trials": 3,
  "number_of_trials": 3,
  "successful_trials": 3,
  "failed_trials": 0,
  "complete": true,
  "accuracy_target": 0.75,
  "run_error": null,
  "mean_accuracy": 0.012166666666666668,
  "accuracy_std": 0.0018147543451754928,
  "mean_training_time": 0.10227681799733546,
  "training_time_std": 0.17069954567034282,
  "mean_evaluation_time": 0.03507142666785512,
  "evaluation_time_std": 0.025956385676082456,
  "qualified": false,
  "official": false,
  "dataset": "CIFAR-100",
  "run_id": "20261004T102637Z-5805f9a8"
}
Results: /home/jovyan/work/arena3/hypothesis-dr-unc/results/arena/20261004T102637Z-5805f9a8
