trial 1/3: accuracy=72.89% training=7.813s inference=0.201s
trial 2/3: accuracy=72.85% training=7.738s inference=0.089s
trial 3/3: accuracy=73.38% training=7.766s inference=0.088s
{
  "requested_trials": 3,
  "number_of_trials": 3,
  "successful_trials": 3,
  "failed_trials": 0,
  "complete": true,
  "accuracy_target": 0.75,
  "run_error": null,
  "mean_accuracy": 0.7304,
  "accuracy_std": 0.002951270912674736,
  "mean_training_time": 7.772319488334081,
  "training_time_std": 0.03810581241317485,
  "mean_evaluation_time": 0.12603024066872118,
  "evaluation_time_std": 0.06483308489319863,
  "qualified": false,
  "official": false,
  "dataset": "CIFAR-100",
  "run_id": "20261004T103934Z-b8c8fd93"
}
Results: /home/jovyan/work/arena3/hypothesis-dr-unc/results/arena/20261004T103934Z-b8c8fd93
