trial 1/3: accuracy=74.41% training=9.275s inference=0.202s
trial 2/3: accuracy=74.15% training=9.209s inference=0.095s
trial 3/3: accuracy=74.50% training=9.247s inference=0.092s
{
  "requested_trials": 3,
  "number_of_trials": 3,
  "successful_trials": 3,
  "failed_trials": 0,
  "complete": true,
  "accuracy_target": 0.75,
  "run_error": null,
  "mean_accuracy": 0.7435333333333334,
  "accuracy_std": 0.0018175074506953802,
  "mean_training_time": 9.243812517670449,
  "training_time_std": 0.03287268039767422,
  "mean_evaluation_time": 0.1298954826682651,
  "evaluation_time_std": 0.0626576269646417,
  "qualified": false,
  "official": false,
  "dataset": "CIFAR-100",
  "run_id": "20261004T104055Z-0f9a02cb"
}
Results: /home/jovyan/work/arena3/hypothesis-dr-unc/results/arena/20261004T104055Z-0f9a02cb
