AUTOTUNE convolution(1024x3x32x32, 24x3x2x2)
  triton_convolution_2 0.1536 ms 100.0%
  triton_convolution_4 0.1567 ms 98.0%
  triton_convolution_0 0.1823 ms 84.3%
  convolution 0.1905 ms 80.6%
  triton_convolution_3 0.1915 ms 80.2%
  triton_convolution_5 0.2458 ms 62.5%
  triton_convolution_1 0.3512 ms 43.7%
SingleProcess AUTOTUNE benchmarking takes 1.0054 seconds and 0.0007 seconds precompiling
AUTOTUNE convolution(1024x24x31x31, 128x24x3x3)
  convolution 0.5059 ms 100.0%
  triton_convolution_7 0.9011 ms 56.1%
  triton_convolution_9 0.9288 ms 54.5%
  triton_convolution_12 0.9441 ms 53.6%
  triton_convolution_11 1.3793 ms 36.7%
  triton_convolution_6 1.5688 ms 32.2%
  triton_convolution_10 1.6998 ms 29.8%
  triton_convolution_8 1.9261 ms 26.3%
SingleProcess AUTOTUNE benchmarking takes 1.1114 seconds and 0.0013 seconds precompiling
AUTOTUNE convolution(1024x128x15x15, 128x128x3x3)
  convolution 0.2867 ms 100.0%
  triton_convolution_18 0.5007 ms 57.3%
  triton_convolution_17 0.5192 ms 55.2%
  triton_convolution_16 0.5765 ms 49.7%
  triton_convolution_14 0.5970 ms 48.0%
  triton_convolution_19 0.6369 ms 45.0%
  triton_convolution_13 0.7373 ms 38.9%
  triton_convolution_15 2.3122 ms 12.4%
SingleProcess AUTOTUNE benchmarking takes 1.0521 seconds and 0.0011 seconds precompiling
AUTOTUNE convolution(1024x128x15x15, 384x128x3x3)
  convolution 0.8448 ms 100.0%
  triton_convolution_31 1.5985 ms 52.9%
  triton_convolution_28 1.6538 ms 51.1%
  triton_convolution_30 1.6701 ms 50.6%
  triton_convolution_33 1.8330 ms 46.1%
  triton_convolution_32 2.1381 ms 39.5%
  triton_convolution_27 2.1985 ms 38.4%
  triton_convolution_29 7.1096 ms 11.9%
SingleProcess AUTOTUNE benchmarking takes 1.1427 seconds and 0.0009 seconds precompiling
AUTOTUNE convolution(1024x384x7x7, 384x384x3x3)
  convolution 0.4997 ms 100.0%
  triton_convolution_38 1.0004 ms 49.9%
  triton_convolution_37 1.1377 ms 43.9%
  triton_convolution_40 1.2851 ms 38.9%
  triton_convolution_35 1.2882 ms 38.8%
  triton_convolution_39 1.4587 ms 34.3%
  triton_convolution_34 1.4904 ms 33.5%
  triton_convolution_36 5.0350 ms 9.9%
SingleProcess AUTOTUNE benchmarking takes 1.0993 seconds and 0.0010 seconds precompiling
AUTOTUNE convolution(1024x384x7x7, 576x384x3x3)
  convolution 0.7895 ms 100.0%
  triton_convolution_52 1.4715 ms 53.7%
  triton_convolution_51 1.8821 ms 41.9%
  triton_convolution_49 1.9318 ms 40.9%
  triton_convolution_54 1.9773 ms 39.9%
  triton_convolution_53 2.1524 ms 36.7%
  triton_convolution_48 2.1535 ms 36.7%
  triton_convolution_50 7.6826 ms 10.3%
SingleProcess AUTOTUNE benchmarking takes 1.1478 seconds and 0.0011 seconds precompiling
AUTOTUNE convolution(1024x576x3x3, 576x576x3x3)
  convolution 0.2017 ms 100.0%
  triton_convolution_59 0.4219 ms 47.8%
  triton_convolution_61 0.5171 ms 39.0%
  triton_convolution_56 0.5325 ms 37.9%
  triton_convolution_58 0.6144 ms 32.8%
  triton_convolution_55 0.6226 ms 32.4%
  triton_convolution_60 0.6482 ms 31.1%
  triton_convolution_57 2.4156 ms 8.4%
SingleProcess AUTOTUNE benchmarking takes 1.0405 seconds and 0.0017 seconds precompiling
AUTOTUNE mm(1024x576, 576x100)
  triton_mm_73 0.0113 ms 100.0%
  triton_mm_70 0.0123 ms 91.7%
  triton_mm_71 0.0123 ms 91.7%
  triton_mm_72 0.0123 ms 91.7%
  triton_mm_77 0.0123 ms 91.7%
  triton_mm_76 0.0133 ms 84.6%
  triton_mm_79 0.0143 ms 78.6%
  triton_mm_80 0.0154 ms 73.3%
  triton_mm_83 0.0154 ms 73.3%
  triton_mm_81 0.0164 ms 68.8%
SingleProcess AUTOTUNE benchmarking takes 2.3937 seconds and 0.0024 seconds precompiling
AUTOTUNE mm(100x1024, 1024x576)
  triton_mm_90 0.0154 ms 100.0%
  triton_mm_96 0.0164 ms 93.7%
  triton_mm_89 0.0174 ms 88.2%
  triton_mm_91 0.0174 ms 88.2%
  triton_mm_92 0.0174 ms 88.2%
  triton_mm_95 0.0174 ms 88.2%
  triton_mm_99 0.0184 ms 83.3%
  triton_mm_100 0.0205 ms 75.0%
  triton_mm_98 0.0215 ms 71.4%
  triton_mm_102 0.0215 ms 71.4%
SingleProcess AUTOTUNE benchmarking takes 2.2834 seconds and 0.0023 seconds precompiling
AUTOTUNE mm(1024x100, 100x576)
  triton_mm_114 0.0102 ms 100.0%
  triton_mm_115 0.0102 ms 100.0%
  triton_mm_116 0.0102 ms 100.0%
  triton_mm_117 0.0102 ms 100.0%
  triton_mm_118 0.0102 ms 100.0%
  triton_mm_120 0.0102 ms 100.0%
  triton_mm_108 0.0113 ms 90.9%
  triton_mm_109 0.0113 ms 90.9%
  triton_mm_111 0.0113 ms 90.9%
  triton_mm_113 0.0113 ms 90.9%
SingleProcess AUTOTUNE benchmarking takes 2.2851 seconds and 0.0028 seconds precompiling
trial 1/3: accuracy=74.42% training=9.064s inference=0.195s
trial 2/3: accuracy=74.16% training=8.962s inference=0.091s
trial 3/3: accuracy=74.14% training=9.000s inference=0.090s
{
  "requested_trials": 3,
  "number_of_trials": 3,
  "successful_trials": 3,
  "failed_trials": 0,
  "complete": true,
  "accuracy_target": 0.75,
  "run_error": null,
  "mean_accuracy": 0.7424,
  "accuracy_std": 0.0015620499351813224,
  "mean_training_time": 9.008680160002163,
  "training_time_std": 0.051395104727533045,
  "mean_evaluation_time": 0.12545979400359406,
  "evaluation_time_std": 0.0599305270568169,
  "qualified": false,
  "official": false,
  "dataset": "CIFAR-100",
  "run_id": "20261004T104224Z-972792d2"
}
Results: /home/jovyan/work/arena3/hypothesis-dr-unc/results/arena/20261004T104224Z-972792d2
