trial 1/3: accuracy=75.24% training=8.966s inference=0.200s
trial 2/3: accuracy=75.75% training=8.921s inference=0.090s
trial 3/3: accuracy=75.50% training=8.935s inference=0.090s
{
  "requested_trials": 3,
  "number_of_trials": 3,
  "successful_trials": 3,
  "failed_trials": 0,
  "complete": true,
  "accuracy_target": 0.75,
  "run_error": null,
  "mean_accuracy": 0.7549666666666667,
  "accuracy_std": 0.002550163393458019,
  "mean_training_time": 8.940709891006312,
  "training_time_std": 0.022721193246484687,
  "mean_evaluation_time": 0.12671131467504892,
  "evaluation_time_std": 0.0635013671780501,
  "qualified": true,
  "official": false,
  "dataset": "CIFAR-100",
  "run_id": "20261004T104435Z-d29866d1"
}
Results: /home/jovyan/work/arena3/hypothesis-dr-unc/results/arena/20261004T104435Z-d29866d1
