trial 1/3: accuracy=75.26% training=9.049s inference=0.196s
trial 2/3: accuracy=75.10% training=8.984s inference=0.090s
trial 3/3: accuracy=74.90% training=8.999s inference=0.089s
{
  "requested_trials": 3,
  "number_of_trials": 3,
  "successful_trials": 3,
  "failed_trials": 0,
  "complete": true,
  "accuracy_target": 0.75,
  "run_error": null,
  "mean_accuracy": 0.7508666666666667,
  "accuracy_std": 0.0018036999011291806,
  "mean_training_time": 9.01045100800305,
  "training_time_std": 0.034200201629188264,
  "mean_evaluation_time": 0.12504888699913863,
  "evaluation_time_std": 0.06131213217727179,
  "qualified": true,
  "official": false,
  "dataset": "CIFAR-100",
  "run_id": "20261004T104602Z-f50247c8"
}
Results: /home/jovyan/work/arena3/hypothesis-dr-unc/results/arena/20261004T104602Z-f50247c8
