trial 1/3: accuracy=75.24% training=8.992s inference=0.233s
trial 2/3: accuracy=75.60% training=8.917s inference=0.118s
trial 3/3: accuracy=75.35% training=8.942s inference=0.090s
{
  "requested_trials": 3,
  "number_of_trials": 3,
  "successful_trials": 3,
  "failed_trials": 0,
  "complete": true,
  "accuracy_target": 0.75,
  "run_error": null,
  "mean_accuracy": 0.7539666666666667,
  "accuracy_std": 0.0018448125469362558,
  "mean_training_time": 8.950135733335628,
  "training_time_std": 0.03857461146385291,
  "mean_evaluation_time": 0.1469491513319857,
  "evaluation_time_std": 0.07596469615276301,
  "qualified": true,
  "official": false,
  "dataset": "CIFAR-100",
  "run_id": "20261004T104711Z-254f594d"
}
Results: /home/jovyan/work/arena3/hypothesis-dr-unc/results/arena/20261004T104711Z-254f594d
