AUTOTUNE convolution(1024x128x15x15, 256x128x3x3)
  convolution 0.6676 ms 100.0%
  triton_convolution_31 1.0988 ms 60.8%
  triton_convolution_30 1.1284 ms 59.2%
  triton_convolution_32 1.1336 ms 58.9%
  triton_convolution_28 1.1346 ms 58.8%
  triton_convolution_33 1.2370 ms 54.0%
  triton_convolution_27 1.4490 ms 46.1%
  triton_convolution_29 4.7094 ms 14.2%
SingleProcess AUTOTUNE benchmarking takes 1.1950 seconds and 0.0013 seconds precompiling
AUTOTUNE convolution(1024x256x7x7, 256x256x3x3)
  convolution 0.2437 ms 100.0%
  triton_convolution_38 0.4260 ms 57.2%
  triton_convolution_35 0.5069 ms 48.1%
  triton_convolution_37 0.5407 ms 45.1%
  triton_convolution_39 0.5458 ms 44.7%
  triton_convolution_34 0.5530 ms 44.1%
  triton_convolution_40 0.5980 ms 40.8%
  triton_convolution_36 2.1069 ms 11.6%
SingleProcess AUTOTUNE benchmarking takes 1.0433 seconds and 0.0010 seconds precompiling
AUTOTUNE convolution(1024x256x7x7, 384x256x3x3)
  convolution 0.3389 ms 100.0%
  triton_convolution_52 0.6287 ms 53.9%
  triton_convolution_51 0.7496 ms 45.2%
  triton_convolution_49 0.7526 ms 45.0%
  triton_convolution_54 0.8310 ms 40.8%
  triton_convolution_53 0.9636 ms 35.2%
  triton_convolution_48 0.9974 ms 34.0%
  triton_convolution_50 3.0648 ms 11.1%
SingleProcess AUTOTUNE benchmarking takes 1.0707 seconds and 0.0011 seconds precompiling
AUTOTUNE convolution(1024x384x3x3, 384x384x3x3)
  convolution 0.0952 ms 100.0%
  triton_convolution_56 0.1956 ms 48.7%
  triton_convolution_59 0.1966 ms 48.4%
  triton_convolution_58 0.2355 ms 40.4%
  triton_convolution_61 0.2365 ms 40.3%
  triton_convolution_60 0.3226 ms 29.5%
  triton_convolution_55 0.3574 ms 26.6%
  triton_convolution_57 0.6625 ms 14.4%
SingleProcess AUTOTUNE benchmarking takes 0.9840 seconds and 0.0011 seconds precompiling
AUTOTUNE mm(1024x384, 384x100)
  triton_mm_73 0.0102 ms 100.0%
  triton_mm_70 0.0113 ms 90.9%
  triton_mm_71 0.0113 ms 90.9%
  triton_mm_72 0.0113 ms 90.9%
  triton_mm_76 0.0113 ms 90.9%
  triton_mm_77 0.0113 ms 90.9%
  triton_mm_79 0.0133 ms 76.9%
  triton_mm_80 0.0133 ms 76.9%
  triton_mm_83 0.0133 ms 76.9%
  mm 0.0143 ms 71.4%
SingleProcess AUTOTUNE benchmarking takes 2.2572 seconds and 0.0028 seconds precompiling
AUTOTUNE mm(100x1024, 1024x384)
  triton_mm_90 0.0143 ms 100.0%
  triton_mm_96 0.0154 ms 93.3%
  triton_mm_89 0.0164 ms 87.5%
  triton_mm_92 0.0164 ms 87.5%
  triton_mm_91 0.0174 ms 82.4%
  triton_mm_95 0.0174 ms 82.4%
  mm 0.0184 ms 77.8%
  triton_mm_99 0.0184 ms 77.8%
  triton_mm_98 0.0205 ms 70.0%
  triton_mm_100 0.0215 ms 66.7%
SingleProcess AUTOTUNE benchmarking takes 2.2875 seconds and 0.0029 seconds precompiling
AUTOTUNE mm(1024x100, 100x384)
  triton_mm_111 0.0092 ms 100.0%
  triton_mm_114 0.0092 ms 100.0%
  triton_mm_115 0.0092 ms 100.0%
  triton_mm_117 0.0092 ms 100.0%
  triton_mm_118 0.0092 ms 100.0%
  triton_mm_119 0.0092 ms 100.0%
  triton_mm_108 0.0102 ms 90.0%
  triton_mm_109 0.0102 ms 90.0%
  triton_mm_113 0.0102 ms 90.0%
  triton_mm_116 0.0102 ms 90.0%
SingleProcess AUTOTUNE benchmarking takes 2.2854 seconds and 0.0026 seconds precompiling
trial 1/3: accuracy=74.15% training=6.304s inference=0.160s
trial 2/3: accuracy=74.18% training=6.188s inference=0.073s
trial 3/3: accuracy=73.72% training=6.189s inference=0.071s
{
  "requested_trials": 3,
  "number_of_trials": 3,
  "successful_trials": 3,
  "failed_trials": 0,
  "complete": true,
  "accuracy_target": 0.75,
  "run_error": null,
  "mean_accuracy": 0.7401666666666666,
  "accuracy_std": 0.002573583752927719,
  "mean_training_time": 6.227079904997178,
  "training_time_std": 0.0663639957501359,
  "mean_evaluation_time": 0.10125030633450176,
  "evaluation_time_std": 0.05079745536348257,
  "qualified": false,
  "official": false,
  "dataset": "CIFAR-100",
  "run_id": "20261004T104824Z-707112c6"
}
Results: /home/jovyan/work/arena3/hypothesis-dr-unc/results/arena/20261004T104824Z-707112c6
