AUTOTUNE convolution(1024x3x24x24, 24x3x2x2)
  triton_convolution_128 0.0870 ms 100.0%
  triton_convolution_130 0.0891 ms 97.7%
  triton_convolution_129 0.1106 ms 78.7%
  convolution 0.1167 ms 74.6%
  triton_convolution_126 0.1219 ms 71.4%
  triton_convolution_131 0.1403 ms 62.0%
  triton_convolution_127 0.2099 ms 41.5%
SingleProcess AUTOTUNE benchmarking takes 0.9113 seconds and 0.0011 seconds precompiling
AUTOTUNE convolution(1024x24x23x23, 128x24x3x3)
  convolution 0.2611 ms 100.0%
  triton_convolution_137 0.4628 ms 56.4%
  triton_convolution_133 0.4844 ms 53.9%
  triton_convolution_135 0.4884 ms 53.5%
  triton_convolution_132 0.5161 ms 50.6%
  triton_convolution_138 0.5284 ms 49.4%
  triton_convolution_136 0.8438 ms 30.9%
  triton_convolution_134 1.1018 ms 23.7%
SingleProcess AUTOTUNE benchmarking takes 1.0470 seconds and 0.0011 seconds precompiling
AUTOTUNE convolution(1024x128x11x11, 128x128x3x3)
  convolution 0.1556 ms 100.0%
  triton_convolution_144 0.2765 ms 56.3%
  triton_convolution_143 0.2990 ms 52.1%
  triton_convolution_142 0.3287 ms 47.4%
  triton_convolution_140 0.3400 ms 45.8%
  triton_convolution_145 0.3523 ms 44.2%
  triton_convolution_139 0.4342 ms 35.8%
  triton_convolution_141 1.2227 ms 12.7%
SingleProcess AUTOTUNE benchmarking takes 1.0209 seconds and 0.0014 seconds precompiling
AUTOTUNE convolution(1024x128x11x11, 384x128x3x3)
  convolution 0.4557 ms 100.0%
  triton_convolution_157 0.8714 ms 52.3%
  triton_convolution_154 0.9185 ms 49.6%
  triton_convolution_156 0.9472 ms 48.1%
  triton_convolution_159 1.0056 ms 45.3%
  triton_convolution_158 1.1530 ms 39.5%
  triton_convolution_153 1.2165 ms 37.5%
  triton_convolution_155 3.6419 ms 12.5%
SingleProcess AUTOTUNE benchmarking takes 1.1011 seconds and 0.0011 seconds precompiling
AUTOTUNE convolution(1024x384x5x5, 384x384x3x3)
  convolution 0.2662 ms 100.0%
  triton_convolution_164 0.4884 ms 54.5%
  triton_convolution_161 0.5714 ms 46.6%
  triton_convolution_163 0.6164 ms 43.2%
  triton_convolution_166 0.6400 ms 41.6%
  triton_convolution_160 0.7721 ms 34.5%
  triton_convolution_165 0.7875 ms 33.8%
  triton_convolution_162 2.0920 ms 12.7%
SingleProcess AUTOTUNE benchmarking takes 1.0577 seconds and 0.0011 seconds precompiling
AUTOTUNE convolution(1024x384x5x5, 576x384x3x3)
  convolution 0.4055 ms 100.0%
  triton_convolution_178 0.7127 ms 56.9%
  triton_convolution_180 0.9283 ms 43.7%
  triton_convolution_175 0.9370 ms 43.3%
  triton_convolution_177 0.9759 ms 41.6%
  triton_convolution_174 1.1459 ms 35.4%
  triton_convolution_179 1.1581 ms 35.0%
  triton_convolution_176 3.1355 ms 12.9%
SingleProcess AUTOTUNE benchmarking takes 1.0784 seconds and 0.0009 seconds precompiling
AUTOTUNE convolution(1024x576x2x2, 576x576x3x3)
  convolution 0.1167 ms 100.0%
  triton_convolution_185 0.2345 ms 49.8%
  triton_convolution_182 0.2796 ms 41.8%
  triton_convolution_181 0.3195 ms 36.5%
  triton_convolution_184 0.3287 ms 35.5%
  triton_convolution_186 0.3369 ms 34.7%
  triton_convolution_187 0.3400 ms 34.3%
  triton_convolution_183 1.6108 ms 7.2%
SingleProcess AUTOTUNE benchmarking takes 0.9938 seconds and 0.0013 seconds precompiling
trial 1/3: accuracy=74.88% training=7.567s inference=0.221s
trial 2/3: accuracy=75.07% training=7.494s inference=0.112s
trial 3/3: accuracy=74.90% training=7.500s inference=0.120s
{
  "requested_trials": 3,
  "number_of_trials": 3,
  "successful_trials": 3,
  "failed_trials": 0,
  "complete": true,
  "accuracy_target": 0.75,
  "run_error": null,
  "mean_accuracy": 0.7495,
  "accuracy_std": 0.0010440306508910677,
  "mean_training_time": 7.5205400740038995,
  "training_time_std": 0.0405539959313679,
  "mean_evaluation_time": 0.15084916166476128,
  "evaluation_time_std": 0.06090382637931243,
  "qualified": false,
  "official": false,
  "dataset": "CIFAR-100",
  "run_id": "20261004T105037Z-d1831984"
}
Results: /home/jovyan/work/arena3/hypothesis-dr-unc/results/arena/20261004T105037Z-d1831984
