trial 1/3: accuracy=74.52% training=7.488s inference=0.214s
trial 2/3: accuracy=74.94% training=7.432s inference=0.079s
trial 3/3: accuracy=74.21% training=7.401s inference=0.075s
{
  "requested_trials": 3,
  "number_of_trials": 3,
  "successful_trials": 3,
  "failed_trials": 0,
  "complete": true,
  "accuracy_target": 0.75,
  "run_error": null,
  "mean_accuracy": 0.7455666666666666,
  "accuracy_std": 0.003663786747797043,
  "mean_training_time": 7.440111936996497,
  "training_time_std": 0.04403032503432814,
  "mean_evaluation_time": 0.12274645299961169,
  "evaluation_time_std": 0.07881972239302662,
  "qualified": false,
  "official": false,
  "dataset": "CIFAR-100",
  "run_id": "20261004T105243Z-ac2ab243"
}
Results: /home/jovyan/work/arena3/hypothesis-dr-unc/results/arena/20261004T105243Z-ac2ab243
