trial 1/3: accuracy=75.37% training=8.277s inference=0.249s
trial 2/3: accuracy=75.11% training=8.203s inference=0.123s
trial 3/3: accuracy=75.30% training=8.242s inference=0.110s
{
  "requested_trials": 3,
  "number_of_trials": 3,
  "successful_trials": 3,
  "failed_trials": 0,
  "complete": true,
  "accuracy_target": 0.75,
  "run_error": null,
  "mean_accuracy": 0.7526,
  "accuracy_std": 0.001345362404707392,
  "mean_training_time": 8.24040995000784,
  "training_time_std": 0.03712441588194902,
  "mean_evaluation_time": 0.16080374166873904,
  "evaluation_time_std": 0.07648153459380384,
  "qualified": true,
  "official": false,
  "dataset": "CIFAR-100",
  "run_id": "20261004T110304Z-abef334e"
}
Results: /home/jovyan/work/arena3/hypothesis-dr-unc/results/arena/20261004T110304Z-abef334e
