trial 1/3: accuracy=75.67% training=8.992s inference=0.201s
trial 2/3: accuracy=76.27% training=8.930s inference=0.093s
trial 3/3: accuracy=75.61% training=8.948s inference=0.093s
{
  "requested_trials": 3,
  "number_of_trials": 3,
  "successful_trials": 3,
  "failed_trials": 0,
  "complete": true,
  "accuracy_target": 0.75,
  "run_error": null,
  "mean_accuracy": 0.7585000000000001,
  "accuracy_std": 0.0036496575181789496,
  "mean_training_time": 8.956962598337364,
  "training_time_std": 0.03198536343089179,
  "mean_evaluation_time": 0.1289361066640898,
  "evaluation_time_std": 0.0621871206247267,
  "qualified": true,
  "official": false,
  "dataset": "CIFAR-100",
  "run_id": "20261004T110422Z-b87d7e04"
}
Results: /home/jovyan/work/arena3/hypothesis-dr-unc/results/arena/20261004T110422Z-b87d7e04
