AUTOTUNE convolution(1024x256x7x7, 576x256x3x3)
  convolution 0.6175 ms 100.0%
  triton_convolution_52 0.9257 ms 66.7%
  triton_convolution_49 1.1182 ms 55.2%
  triton_convolution_51 1.2237 ms 50.5%
  triton_convolution_54 1.2472 ms 49.5%
  triton_convolution_53 1.4121 ms 43.7%
  triton_convolution_48 1.4592 ms 42.3%
  triton_convolution_50 4.6797 ms 13.2%
SingleProcess AUTOTUNE benchmarking takes 1.2025 seconds and 0.0018 seconds precompiling
trial 1/3: accuracy=75.84% training=7.738s inference=0.164s
trial 2/3: accuracy=75.47% training=7.682s inference=0.076s
trial 3/3: accuracy=75.69% training=7.684s inference=0.076s
{
  "requested_trials": 3,
  "number_of_trials": 3,
  "successful_trials": 3,
  "failed_trials": 0,
  "complete": true,
  "accuracy_target": 0.75,
  "run_error": null,
  "mean_accuracy": 0.7566666666666667,
  "accuracy_std": 0.0018610033136276785,
  "mean_training_time": 7.7013594226640025,
  "training_time_std": 0.03159474008202784,
  "mean_evaluation_time": 0.10545461033567942,
  "evaluation_time_std": 0.05067232028043274,
  "qualified": true,
  "official": false,
  "dataset": "CIFAR-100",
  "run_id": "20261004T110539Z-43169294"
}
Results: /home/jovyan/work/arena3/hypothesis-dr-unc/results/arena/20261004T110539Z-43169294
