AUTOTUNE convolution(1024x128x11x11, 256x128x3x3)
  convolution 0.3604 ms 100.0%
  triton_convolution_157 0.6031 ms 59.8%
  triton_convolution_158 0.6195 ms 58.2%
  triton_convolution_154 0.6318 ms 57.1%
  triton_convolution_156 0.6390 ms 56.4%
  triton_convolution_159 0.6779 ms 53.2%
  triton_convolution_153 0.8305 ms 43.4%
  triton_convolution_155 2.4433 ms 14.8%
SingleProcess AUTOTUNE benchmarking takes 1.0581 seconds and 0.0014 seconds precompiling
AUTOTUNE convolution(1024x256x5x5, 256x256x3x3)
  convolution 0.1270 ms 100.0%
  triton_convolution_164 0.2181 ms 58.2%
  triton_convolution_161 0.2509 ms 50.6%
  triton_convolution_163 0.2806 ms 45.3%
  triton_convolution_165 0.2888 ms 44.0%
  triton_convolution_166 0.2888 ms 44.0%
  triton_convolution_160 0.2980 ms 42.6%
  triton_convolution_162 0.9068 ms 14.0%
SingleProcess AUTOTUNE benchmarking takes 1.0093 seconds and 0.0012 seconds precompiling
AUTOTUNE convolution(1024x256x5x5, 576x256x3x3)
  convolution 0.2755 ms 100.0%
  triton_convolution_178 0.4495 ms 61.3%
  triton_convolution_175 0.5980 ms 46.1%
  triton_convolution_180 0.6031 ms 45.7%
  triton_convolution_177 0.6257 ms 44.0%
  triton_convolution_174 0.7444 ms 37.0%
  triton_convolution_179 0.7485 ms 36.8%
  triton_convolution_176 1.9917 ms 13.8%
SingleProcess AUTOTUNE benchmarking takes 1.0611 seconds and 0.0008 seconds precompiling
trial 1/3: accuracy=74.61% training=6.372s inference=0.178s
trial 2/3: accuracy=74.94% training=6.298s inference=0.087s
trial 3/3: accuracy=75.74% training=6.278s inference=0.087s
{
  "requested_trials": 3,
  "number_of_trials": 3,
  "successful_trials": 3,
  "failed_trials": 0,
  "complete": true,
  "accuracy_target": 0.75,
  "run_error": null,
  "mean_accuracy": 0.7509666666666667,
  "accuracy_std": 0.005810622456616264,
  "mean_training_time": 6.31593227966611,
  "training_time_std": 0.04940374079854116,
  "mean_evaluation_time": 0.11767118567271002,
  "evaluation_time_std": 0.05267477952248953,
  "qualified": true,
  "official": false,
  "dataset": "CIFAR-100",
  "run_id": "20261004T110708Z-982db27f"
}
Results: /home/jovyan/work/arena3/hypothesis-dr-unc/results/arena/20261004T110708Z-982db27f
