trial 1/3: accuracy=75.60% training=7.727s inference=0.172s
trial 2/3: accuracy=75.28% training=7.692s inference=0.078s
trial 3/3: accuracy=75.19% training=7.702s inference=0.077s
{
  "requested_trials": 3,
  "number_of_trials": 3,
  "successful_trials": 3,
  "failed_trials": 0,
  "complete": true,
  "accuracy_target": 0.75,
  "run_error": null,
  "mean_accuracy": 0.7535666666666667,
  "accuracy_std": 0.0021548395145191915,
  "mean_training_time": 7.707196275000267,
  "training_time_std": 0.018213919248635878,
  "mean_evaluation_time": 0.10920485666429158,
  "evaluation_time_std": 0.05440640029692429,
  "qualified": true,
  "official": false,
  "dataset": "CIFAR-100",
  "run_id": "20261004T110838Z-29111d9f"
}
Results: /home/jovyan/work/arena3/hypothesis-dr-unc/results/arena/20261004T110838Z-29111d9f
