AUTOTUNE convolution(768x3x32x32, 24x3x2x2)
  triton_convolution_2 0.1198 ms 100.0%
  triton_convolution_4 0.1198 ms 100.0%
  triton_convolution_0 0.1393 ms 86.0%
  triton_convolution_3 0.1475 ms 81.2%
  convolution 0.1516 ms 79.1%
  triton_convolution_5 0.1864 ms 64.3%
  triton_convolution_1 0.2683 ms 44.7%
SingleProcess AUTOTUNE benchmarking takes 1.0009 seconds and 0.0010 seconds precompiling
AUTOTUNE convolution(768x24x31x31, 128x24x3x3)
  convolution 0.3871 ms 100.0%
  triton_convolution_7 0.6810 ms 56.8%
  triton_convolution_12 0.7117 ms 54.4%
  triton_convolution_9 0.7158 ms 54.1%
  triton_convolution_11 1.0568 ms 36.6%
  triton_convolution_6 1.1950 ms 32.4%
  triton_convolution_10 1.2759 ms 30.3%
  triton_convolution_8 1.4674 ms 26.4%
SingleProcess AUTOTUNE benchmarking takes 1.0795 seconds and 0.0012 seconds precompiling
AUTOTUNE convolution(768x128x15x15, 128x128x3x3)
  convolution 0.2202 ms 100.0%
  triton_convolution_18 0.3809 ms 57.8%
  triton_convolution_17 0.4076 ms 54.0%
  triton_convolution_16 0.4424 ms 49.8%
  triton_convolution_14 0.4598 ms 47.9%
  triton_convolution_19 0.4936 ms 44.6%
  triton_convolution_13 0.5693 ms 38.7%
  triton_convolution_15 1.7137 ms 12.8%
SingleProcess AUTOTUNE benchmarking takes 1.0400 seconds and 0.0014 seconds precompiling
AUTOTUNE convolution(768x128x15x15, 256x128x3x3)
  convolution 0.4209 ms 100.0%
  triton_convolution_31 0.8428 ms 49.9%
  triton_convolution_30 0.8494 ms 49.5%
  triton_convolution_32 0.8540 ms 49.3%
  triton_convolution_28 0.8684 ms 48.5%
  triton_convolution_27 0.9339 ms 45.1%
  triton_convolution_33 0.9380 ms 44.9%
  triton_convolution_29 3.4939 ms 12.0%
SingleProcess AUTOTUNE benchmarking takes 1.0784 seconds and 0.0010 seconds precompiling
AUTOTUNE convolution(768x256x7x7, 256x256x3x3)
  convolution 0.1864 ms 100.0%
  triton_convolution_38 0.3267 ms 57.1%
  triton_convolution_35 0.3809 ms 48.9%
  triton_convolution_37 0.4157 ms 44.8%
  triton_convolution_39 0.4178 ms 44.6%
  triton_convolution_34 0.4311 ms 43.2%
  triton_convolution_40 0.4485 ms 41.6%
  triton_convolution_36 1.4367 ms 13.0%
SingleProcess AUTOTUNE benchmarking takes 1.0236 seconds and 0.0014 seconds precompiling
AUTOTUNE convolution(768x256x7x7, 576x256x3x3)
  convolution 0.4065 ms 100.0%
  triton_convolution_52 0.6907 ms 58.9%
  triton_convolution_49 0.8632 ms 47.1%
  triton_convolution_51 0.9206 ms 44.2%
  triton_convolution_54 0.9277 ms 43.8%
  triton_convolution_53 1.0854 ms 37.5%
  triton_convolution_48 1.1100 ms 36.6%
  triton_convolution_50 3.0828 ms 13.2%
SingleProcess AUTOTUNE benchmarking takes 1.0796 seconds and 0.0010 seconds precompiling
AUTOTUNE convolution(768x576x3x3, 576x576x3x3)
  convolution 0.1843 ms 100.0%
  triton_convolution_59 0.3113 ms 59.2%
  triton_convolution_58 0.5002 ms 36.8%
  triton_convolution_61 0.5120 ms 36.0%
  triton_convolution_56 0.5263 ms 35.0%
  triton_convolution_60 0.5274 ms 35.0%
  triton_convolution_55 0.5622 ms 32.8%
  triton_convolution_57 2.2682 ms 8.1%
SingleProcess AUTOTUNE benchmarking takes 1.0240 seconds and 0.0014 seconds precompiling
AUTOTUNE mm(768x576, 576x100)
  triton_mm_73 0.0102 ms 100.0%
  triton_mm_70 0.0123 ms 83.3%
  triton_mm_71 0.0123 ms 83.3%
  triton_mm_72 0.0123 ms 83.3%
  triton_mm_77 0.0123 ms 83.3%
  triton_mm_76 0.0133 ms 76.9%
  triton_mm_79 0.0143 ms 71.4%
  triton_mm_83 0.0143 ms 71.4%
  mm 0.0154 ms 66.7%
  triton_mm_80 0.0154 ms 66.7%
SingleProcess AUTOTUNE benchmarking takes 2.2593 seconds and 0.0042 seconds precompiling
AUTOTUNE mm(100x768, 768x576)
  triton_mm_90 0.0133 ms 100.0%
  triton_mm_89 0.0143 ms 92.9%
  triton_mm_96 0.0143 ms 92.9%
  triton_mm_91 0.0154 ms 86.7%
  triton_mm_92 0.0154 ms 86.7%
  triton_mm_95 0.0154 ms 86.7%
  triton_mm_99 0.0164 ms 81.2%
  triton_mm_102 0.0174 ms 76.5%
  triton_mm_98 0.0184 ms 72.2%
  triton_mm_100 0.0184 ms 72.2%
SingleProcess AUTOTUNE benchmarking takes 2.2931 seconds and 0.0044 seconds precompiling
AUTOTUNE mm(768x100, 100x576)
  triton_mm_111 0.0092 ms 100.0%
  triton_mm_114 0.0092 ms 100.0%
  triton_mm_115 0.0092 ms 100.0%
  triton_mm_116 0.0092 ms 100.0%
  triton_mm_117 0.0092 ms 100.0%
  triton_mm_118 0.0092 ms 100.0%
  triton_mm_108 0.0102 ms 90.0%
  triton_mm_109 0.0102 ms 90.0%
  triton_mm_113 0.0102 ms 90.0%
  triton_mm_119 0.0102 ms 90.0%
SingleProcess AUTOTUNE benchmarking takes 2.2932 seconds and 0.0035 seconds precompiling
trial 1/3: accuracy=75.65% training=8.146s inference=0.186s
trial 2/3: accuracy=75.70% training=8.060s inference=0.094s
trial 3/3: accuracy=75.54% training=8.065s inference=0.094s
{
  "requested_trials": 3,
  "number_of_trials": 3,
  "successful_trials": 3,
  "failed_trials": 0,
  "complete": true,
  "accuracy_target": 0.75,
  "run_error": null,
  "mean_accuracy": 0.7563,
  "accuracy_std": 0.0008185352771872634,
  "mean_training_time": 8.090300401328326,
  "training_time_std": 0.04812304563807324,
  "mean_evaluation_time": 0.12442674033809453,
  "evaluation_time_std": 0.052915276181779713,
  "qualified": true,
  "official": false,
  "dataset": "CIFAR-100",
  "run_id": "20261004T110947Z-46aacfb3"
}
Results: /home/jovyan/work/arena3/hypothesis-dr-unc/results/arena/20261004T110947Z-46aacfb3
