trial 1/3: accuracy=72.62% training=11.115s inference=0.160s
trial 2/3: accuracy=72.86% training=11.094s inference=0.077s
trial 3/3: accuracy=72.74% training=11.073s inference=0.078s
{
  "requested_trials": 3,
  "number_of_trials": 3,
  "successful_trials": 3,
  "failed_trials": 0,
  "complete": true,
  "accuracy_target": 0.75,
  "run_error": null,
  "mean_accuracy": 0.7274,
  "accuracy_std": 0.0012000000000000344,
  "mean_training_time": 11.094142121330757,
  "training_time_std": 0.02068619154837474,
  "mean_evaluation_time": 0.1051903050004815,
  "evaluation_time_std": 0.04785304999764129,
  "qualified": false,
  "official": false,
  "dataset": "CIFAR-100",
  "run_id": "20261004T111416Z-0e025074"
}
Results: /home/jovyan/work/arena3/hypothesis-dr-unc/results/arena/20261004T111416Z-0e025074
