trial 1/3: accuracy=75.31% training=6.949s inference=0.180s
trial 2/3: accuracy=75.35% training=6.857s inference=0.085s
trial 3/3: accuracy=74.96% training=6.853s inference=0.084s
{
  "requested_trials": 3,
  "number_of_trials": 3,
  "successful_trials": 3,
  "failed_trials": 0,
  "complete": true,
  "accuracy_target": 0.75,
  "run_error": null,
  "mean_accuracy": 0.7520666666666667,
  "accuracy_std": 0.002145538005567168,
  "mean_training_time": 6.886267519003013,
  "training_time_std": 0.054147094291487737,
  "mean_evaluation_time": 0.11601568800203192,
  "evaluation_time_std": 0.055134003838248354,
  "qualified": true,
  "official": false,
  "dataset": "CIFAR-100",
  "run_id": "20261004T111604Z-3d77539d"
}
Results: /home/jovyan/work/arena3/hypothesis-dr-unc/results/arena/20261004T111604Z-3d77539d
