AUTOTUNE convolution(1024x3x28x28, 24x3x2x2)
  triton_convolution_256 0.1178 ms 100.0%
  triton_convolution_254 0.1198 ms 98.3%
  triton_convolution_255 0.1464 ms 80.4%
  convolution 0.1505 ms 78.2%
  triton_convolution_252 0.1567 ms 75.2%
  triton_convolution_257 0.1874 ms 62.8%
  triton_convolution_253 0.2406 ms 48.9%
SingleProcess AUTOTUNE benchmarking takes 0.9209 seconds and 0.0011 seconds precompiling
AUTOTUNE convolution(1024x24x27x27, 128x24x3x3)
  convolution 0.3512 ms 100.0%
  triton_convolution_261 0.4803 ms 73.1%
  triton_convolution_263 0.6349 ms 55.3%
  triton_convolution_259 0.6543 ms 53.7%
  triton_convolution_258 0.7050 ms 49.8%
  triton_convolution_264 0.7127 ms 49.3%
  triton_convolution_262 1.1653 ms 30.1%
  triton_convolution_260 1.4776 ms 23.8%
SingleProcess AUTOTUNE benchmarking takes 1.0621 seconds and 0.0016 seconds precompiling
AUTOTUNE convolution(1024x128x13x13, 128x128x3x3)
  convolution 0.2191 ms 100.0%
  triton_convolution_270 0.3830 ms 57.2%
  triton_convolution_269 0.4076 ms 53.8%
  triton_convolution_266 0.4567 ms 48.0%
  triton_convolution_268 0.4588 ms 47.8%
  triton_convolution_271 0.4946 ms 44.3%
  triton_convolution_265 0.5642 ms 38.8%
  triton_convolution_267 1.7091 ms 12.8%
SingleProcess AUTOTUNE benchmarking takes 1.0444 seconds and 0.0008 seconds precompiling
AUTOTUNE convolution(1024x128x13x13, 256x128x3x3)
  convolution 0.4301 ms 100.0%
  triton_convolution_283 0.8182 ms 52.6%
  triton_convolution_284 0.8550 ms 50.3%
  triton_convolution_280 0.8689 ms 49.5%
  triton_convolution_282 0.8837 ms 48.7%
  triton_convolution_279 0.9288 ms 46.3%
  triton_convolution_285 0.9421 ms 45.7%
  triton_convolution_281 3.4826 ms 12.3%
SingleProcess AUTOTUNE benchmarking takes 1.0778 seconds and 0.0014 seconds precompiling
AUTOTUNE convolution(1024x256x6x6, 256x256x3x3)
  convolution 0.1853 ms 100.0%
  triton_convolution_290 0.3174 ms 58.4%
  triton_convolution_287 0.3789 ms 48.9%
  triton_convolution_289 0.4096 ms 45.3%
  triton_convolution_291 0.4147 ms 44.7%
  triton_convolution_286 0.4229 ms 43.8%
  triton_convolution_292 0.4393 ms 42.2%
  triton_convolution_288 1.4305 ms 13.0%
SingleProcess AUTOTUNE benchmarking takes 1.0273 seconds and 0.0014 seconds precompiling
AUTOTUNE convolution(1024x256x6x6, 576x256x3x3)
  convolution 0.3799 ms 100.0%
  triton_convolution_304 0.6636 ms 57.3%
  triton_convolution_301 0.7588 ms 50.1%
  triton_convolution_306 0.8796 ms 43.2%
  triton_convolution_303 0.9083 ms 41.8%
  triton_convolution_305 1.0527 ms 36.1%
  triton_convolution_300 1.0783 ms 35.2%
  triton_convolution_302 2.8682 ms 13.2%
SingleProcess AUTOTUNE benchmarking takes 1.0806 seconds and 0.0012 seconds precompiling
trial 1/3: accuracy=75.48% training=6.464s inference=0.221s
trial 2/3: accuracy=75.01% training=6.382s inference=0.084s
trial 3/3: accuracy=74.88% training=6.363s inference=0.083s
{
  "requested_trials": 3,
  "number_of_trials": 3,
  "successful_trials": 3,
  "failed_trials": 0,
  "complete": true,
  "accuracy_target": 0.75,
  "run_error": null,
  "mean_accuracy": 0.7512333333333333,
  "accuracy_std": 0.003156474826976035,
  "mean_training_time": 6.403027848995407,
  "training_time_std": 0.05386072376172432,
  "mean_evaluation_time": 0.1291956133354688,
  "evaluation_time_std": 0.07913892143834161,
  "qualified": true,
  "official": false,
  "dataset": "CIFAR-100",
  "run_id": "20261004T111737Z-c9d2a9ac"
}
Results: /home/jovyan/work/arena3/hypothesis-dr-unc/results/arena/20261004T111737Z-c9d2a9ac
