AUTOTUNE convolution(1024x24x31x31, 96x24x3x3)
  convolution 0.6134 ms 100.0%
  triton_convolution_7 0.8622 ms 71.1%
  triton_convolution_9 0.8643 ms 71.0%
  triton_convolution_12 0.9124 ms 67.2%
  triton_convolution_11 1.2278 ms 50.0%
  triton_convolution_6 1.3967 ms 43.9%
  triton_convolution_10 1.4418 ms 42.5%
  triton_convolution_8 1.5022 ms 40.8%
SingleProcess AUTOTUNE benchmarking takes 1.1937 seconds and 0.0017 seconds precompiling
AUTOTUNE convolution(1024x96x15x15, 96x96x3x3)
  convolution 0.2212 ms 100.0%
  triton_convolution_18 0.3697 ms 59.8%
  triton_convolution_17 0.4209 ms 52.6%
  triton_convolution_14 0.4485 ms 49.3%
  triton_convolution_16 0.4567 ms 48.4%
  triton_convolution_19 0.5110 ms 43.3%
  triton_convolution_13 0.5181 ms 42.7%
  triton_convolution_15 1.2319 ms 18.0%
SingleProcess AUTOTUNE benchmarking takes 1.0326 seconds and 0.0012 seconds precompiling
AUTOTUNE convolution(1024x96x15x15, 256x96x3x3)
  convolution 0.4424 ms 100.0%
  triton_convolution_31 0.8397 ms 52.7%
  triton_convolution_28 0.8653 ms 51.1%
  triton_convolution_32 0.9083 ms 48.7%
  triton_convolution_30 0.9124 ms 48.5%
  triton_convolution_27 0.9155 ms 48.3%
  triton_convolution_33 0.9933 ms 44.5%
  triton_convolution_29 3.2666 ms 13.5%
SingleProcess AUTOTUNE benchmarking takes 1.0875 seconds and 0.0010 seconds precompiling
trial 1/3: accuracy=75.04% training=7.007s inference=0.226s
trial 2/3: accuracy=75.25% training=6.947s inference=0.123s
trial 3/3: accuracy=75.15% training=6.937s inference=0.127s
{
  "requested_trials": 3,
  "number_of_trials": 3,
  "successful_trials": 3,
  "failed_trials": 0,
  "complete": true,
  "accuracy_target": 0.75,
  "run_error": null,
  "mean_accuracy": 0.7514666666666666,
  "accuracy_std": 0.001050396750439244,
  "mean_training_time": 6.963800710334908,
  "training_time_std": 0.03753364483372029,
  "mean_evaluation_time": 0.1584305213376259,
  "evaluation_time_std": 0.05838187450291489,
  "qualified": true,
  "official": false,
  "dataset": "CIFAR-100",
  "run_id": "20261004T111932Z-0d7c1fe9"
}
Results: /home/jovyan/work/arena3/hypothesis-dr-unc/results/arena/20261004T111932Z-0d7c1fe9
