trial 1/3: accuracy=75.17% training=7.036s inference=0.184s
trial 2/3: accuracy=75.30% training=6.997s inference=0.077s
trial 3/3: accuracy=74.99% training=6.988s inference=0.080s
{
  "requested_trials": 3,
  "number_of_trials": 3,
  "successful_trials": 3,
  "failed_trials": 0,
  "complete": true,
  "accuracy_target": 0.75,
  "run_error": null,
  "mean_accuracy": 0.7515333333333334,
  "accuracy_std": 0.0015567059238447464,
  "mean_training_time": 7.006824001665033,
  "training_time_std": 0.025951975152866503,
  "mean_evaluation_time": 0.11360822366259526,
  "evaluation_time_std": 0.06110327431045053,
  "qualified": true,
  "official": false,
  "dataset": "CIFAR-100",
  "run_id": "20261004T112238Z-562721c3"
}
Results: /home/jovyan/work/arena3/hypothesis-dr-unc/results/arena/20261004T112238Z-562721c3
