AUTOTUNE convolution(1024x256x7x7, 704x256x3x3)
  convolution 0.7393 ms 100.0%
  triton_convolution_52 1.1366 ms 65.0%
  triton_convolution_49 1.2636 ms 58.5%
  triton_convolution_51 1.4541 ms 50.8%
  triton_convolution_54 1.4700 ms 50.3%
  triton_convolution_53 1.4746 ms 50.1%
  triton_convolution_48 1.7434 ms 42.4%
  triton_convolution_50 5.6678 ms 13.0%
SingleProcess AUTOTUNE benchmarking takes 1.2257 seconds and 0.0009 seconds precompiling
AUTOTUNE convolution(1024x704x3x3, 704x704x3x3)
  convolution 0.3185 ms 100.0%
  triton_convolution_59 0.5801 ms 54.9%
  triton_convolution_56 0.6656 ms 47.8%
  triton_convolution_55 0.7864 ms 40.5%
  triton_convolution_58 0.8120 ms 39.2%
  triton_convolution_60 0.8305 ms 38.3%
  triton_convolution_61 0.8422 ms 37.8%
  triton_convolution_57 3.7427 ms 8.5%
SingleProcess AUTOTUNE benchmarking takes 1.1967 seconds and 0.0012 seconds precompiling
AUTOTUNE mm(1024x704, 704x100)
  triton_mm_73 0.0113 ms 100.0%
  triton_mm_72 0.0133 ms 84.6%
  triton_mm_77 0.0133 ms 84.6%
  triton_mm_70 0.0143 ms 78.6%
  triton_mm_71 0.0143 ms 78.6%
  triton_mm_76 0.0143 ms 78.6%
  triton_mm_79 0.0164 ms 68.8%
  mm 0.0174 ms 64.7%
  triton_mm_80 0.0174 ms 64.7%
  triton_mm_83 0.0174 ms 64.7%
SingleProcess AUTOTUNE benchmarking takes 2.2591 seconds and 0.0028 seconds precompiling
AUTOTUNE mm(100x1024, 1024x704)
  triton_mm_90 0.0143 ms 100.0%
  triton_mm_92 0.0164 ms 87.5%
  triton_mm_96 0.0164 ms 87.5%
  triton_mm_91 0.0174 ms 82.4%
  triton_mm_95 0.0174 ms 82.4%
  triton_mm_89 0.0184 ms 77.8%
  triton_mm_99 0.0184 ms 77.8%
  triton_mm_98 0.0205 ms 70.0%
  triton_mm_100 0.0215 ms 66.7%
  triton_mm_102 0.0215 ms 66.7%
SingleProcess AUTOTUNE benchmarking takes 2.2912 seconds and 0.0028 seconds precompiling
AUTOTUNE mm(1024x100, 100x704)
  triton_mm_115 0.0102 ms 100.0%
  triton_mm_120 0.0102 ms 100.0%
  triton_mm_121 0.0102 ms 100.0%
  triton_mm_123 0.0102 ms 100.0%
  triton_mm_108 0.0113 ms 90.9%
  triton_mm_111 0.0113 ms 90.9%
  triton_mm_113 0.0113 ms 90.9%
  triton_mm_114 0.0113 ms 90.9%
  triton_mm_116 0.0113 ms 90.9%
  triton_mm_117 0.0113 ms 90.9%
SingleProcess AUTOTUNE benchmarking takes 2.2925 seconds and 0.0026 seconds precompiling
AUTOTUNE convolution(1024x256x5x5, 704x256x3x3)
  convolution 0.4024 ms 100.0%
  triton_convolution_178 0.5540 ms 72.6%
  triton_convolution_175 0.7178 ms 56.1%
  triton_convolution_180 0.7250 ms 55.5%
  triton_convolution_177 0.7352 ms 54.7%
  triton_convolution_179 0.7772 ms 51.8%
  triton_convolution_174 0.9544 ms 42.2%
  triton_convolution_176 2.4335 ms 16.5%
SingleProcess AUTOTUNE benchmarking takes 1.0645 seconds and 0.0009 seconds precompiling
AUTOTUNE convolution(1024x704x2x2, 704x704x3x3)
  convolution 0.1638 ms 100.0%
  triton_convolution_185 0.3236 ms 50.6%
  triton_convolution_182 0.3410 ms 48.0%
  triton_convolution_181 0.3932 ms 41.7%
  triton_convolution_184 0.4219 ms 38.8%
  triton_convolution_186 0.4393 ms 37.3%
  triton_convolution_187 0.4393 ms 37.3%
  triton_convolution_183 1.9855 ms 8.3%
SingleProcess AUTOTUNE benchmarking takes 1.0099 seconds and 0.0017 seconds precompiling
trial 1/3: accuracy=75.61% training=6.899s inference=0.223s
trial 2/3: accuracy=75.52% training=6.830s inference=0.112s
trial 3/3: accuracy=75.15% training=6.820s inference=0.092s
{
  "requested_trials": 3,
  "number_of_trials": 3,
  "successful_trials": 3,
  "failed_trials": 0,
  "complete": true,
  "accuracy_target": 0.75,
  "run_error": null,
  "mean_accuracy": 0.7542666666666666,
  "accuracy_std": 0.0024378952670968982,
  "mean_training_time": 6.849577817338286,
  "training_time_std": 0.042882638968483384,
  "mean_evaluation_time": 0.142358463005318,
  "evaluation_time_std": 0.0703739680202553,
  "qualified": true,
  "official": false,
  "dataset": "CIFAR-100",
  "run_id": "20261004T112345Z-9705e1e2"
}
Results: /home/jovyan/work/arena3/hypothesis-dr-unc/results/arena/20261004T112345Z-9705e1e2
