trial 1/3: accuracy=75.71% training=6.741s inference=0.178s
trial 2/3: accuracy=75.25% training=6.663s inference=0.089s
trial 3/3: accuracy=75.51% training=6.663s inference=0.088s
{
  "requested_trials": 3,
  "number_of_trials": 3,
  "successful_trials": 3,
  "failed_trials": 0,
  "complete": true,
  "accuracy_target": 0.75,
  "run_error": null,
  "mean_accuracy": 0.7549,
  "accuracy_std": 0.0023065125189341844,
  "mean_training_time": 6.688888590336622,
  "training_time_std": 0.04545399823347065,
  "mean_evaluation_time": 0.11818591066791366,
  "evaluation_time_std": 0.0518398200255778,
  "qualified": true,
  "official": false,
  "dataset": "CIFAR-100",
  "run_id": "20261004T112550Z-5fb2478b"
}
Results: /home/jovyan/work/arena3/hypothesis-dr-unc/results/arena/20261004T112550Z-5fb2478b
