trial 1/3: accuracy=75.41% training=6.633s inference=0.171s
trial 2/3: accuracy=75.48% training=6.663s inference=0.089s
trial 3/3: accuracy=75.55% training=6.666s inference=0.088s
{
  "requested_trials": 3,
  "number_of_trials": 3,
  "successful_trials": 3,
  "failed_trials": 0,
  "complete": true,
  "accuracy_target": 0.75,
  "run_error": null,
  "mean_accuracy": 0.7548,
  "accuracy_std": 0.0006999999999999784,
  "mean_training_time": 6.653710226004478,
  "training_time_std": 0.018398616693187653,
  "mean_evaluation_time": 0.11592886499420274,
  "evaluation_time_std": 0.0478464272989623,
  "qualified": true,
  "official": false,
  "dataset": "CIFAR-100",
  "run_id": "20261004T112823Z-5584fb69"
}
Results: /home/jovyan/work/arena3/hypothesis-dr-unc/results/arena/20261004T112823Z-5584fb69
