AUTOTUNE convolution(1536x3x32x32, 24x3x2x2)
  triton_convolution_2 0.2263 ms 100.0%
  triton_convolution_4 0.2314 ms 97.8%
  triton_convolution_0 0.2683 ms 84.4%
  convolution 0.2744 ms 82.5%
  triton_convolution_3 0.2836 ms 79.8%
  triton_convolution_5 0.3635 ms 62.3%
  triton_convolution_1 0.5212 ms 43.4%
SingleProcess AUTOTUNE benchmarking takes 2.7077 seconds and 0.0000 seconds precompiling
AUTOTUNE convolution(1536x24x31x31, 128x24x3x3)
  convolution 0.7496 ms 100.0%
  triton_convolution_7 1.3302 ms 56.4%
  triton_convolution_9 1.3629 ms 55.0%
  triton_convolution_12 1.4075 ms 53.3%
  triton_convolution_11 1.8606 ms 40.3%
  triton_convolution_6 2.1207 ms 35.3%
  triton_convolution_10 2.5170 ms 29.8%
  triton_convolution_8 2.8959 ms 25.9%
SingleProcess AUTOTUNE benchmarking takes 3.4934 seconds and 0.0000 seconds precompiling
AUTOTUNE convolution(1536x128x15x15, 128x128x3x3)
  convolution 0.4270 ms 100.0%
  triton_convolution_18 0.7404 ms 57.7%
  triton_convolution_16 0.8468 ms 50.4%
  triton_convolution_17 0.8817 ms 48.4%
  triton_convolution_14 0.8909 ms 47.9%
  triton_convolution_19 0.9318 ms 45.8%
  triton_convolution_13 1.0286 ms 41.5%
  triton_convolution_15 3.4898 ms 12.2%
SingleProcess AUTOTUNE benchmarking takes 3.4886 seconds and 0.0000 seconds precompiling
AUTOTUNE convolution(1536x128x15x15, 256x128x3x3)
  convolution 0.8602 ms 100.0%
  triton_convolution_31 1.6323 ms 52.7%
  triton_convolution_30 1.6609 ms 51.8%
  triton_convolution_28 1.6650 ms 51.7%
  triton_convolution_32 1.6794 ms 51.2%
  triton_convolution_27 1.7761 ms 48.4%
  triton_convolution_33 1.8237 ms 47.2%
  triton_convolution_29 7.0625 ms 12.2%
SingleProcess AUTOTUNE benchmarking takes 1.1434 seconds and 0.0008 seconds precompiling
AUTOTUNE convolution(1536x256x7x7, 256x256x3x3)
  convolution 0.3389 ms 100.0%
  triton_convolution_38 0.6400 ms 53.0%
  triton_convolution_39 0.7485 ms 45.3%
  triton_convolution_37 0.7506 ms 45.2%
  triton_convolution_35 0.7639 ms 44.4%
  triton_convolution_34 0.7956 ms 42.6%
  triton_convolution_40 0.8305 ms 40.8%
  triton_convolution_36 3.4806 ms 9.7%
SingleProcess AUTOTUNE benchmarking takes 1.0715 seconds and 0.0013 seconds precompiling
AUTOTUNE convolution(1536x256x7x7, 704x256x3x3)
  convolution 0.9769 ms 100.0%
  triton_convolution_52 1.7613 ms 55.5%
  triton_convolution_49 1.9149 ms 51.0%
  triton_convolution_51 2.1453 ms 45.5%
  triton_convolution_53 2.1586 ms 45.3%
  triton_convolution_48 2.1658 ms 45.1%
  triton_convolution_54 2.2349 ms 43.7%
  triton_convolution_50 9.7372 ms 10.0%
SingleProcess AUTOTUNE benchmarking takes 1.1798 seconds and 0.0011 seconds precompiling
AUTOTUNE convolution(1536x704x3x3, 704x704x3x3)
  convolution 0.4813 ms 100.0%
  triton_convolution_59 0.8776 ms 54.8%
  triton_convolution_56 0.9912 ms 48.6%
  triton_convolution_55 1.1919 ms 40.4%
  triton_convolution_60 1.2001 ms 40.1%
  triton_convolution_61 1.2605 ms 38.2%
  triton_convolution_58 1.2657 ms 38.0%
  triton_convolution_57 5.9141 ms 8.1%
SingleProcess AUTOTUNE benchmarking takes 1.1133 seconds and 0.0010 seconds precompiling
AUTOTUNE mm(1536x704, 704x100)
  triton_mm_73 0.0123 ms 100.0%
  triton_mm_72 0.0133 ms 92.3%
  triton_mm_77 0.0133 ms 92.3%
  triton_mm_70 0.0143 ms 85.7%
  triton_mm_71 0.0143 ms 85.7%
  triton_mm_76 0.0154 ms 80.0%
  triton_mm_79 0.0174 ms 70.6%
  triton_mm_80 0.0174 ms 70.6%
  triton_mm_83 0.0174 ms 70.6%
  mm 0.0184 ms 66.7%
SingleProcess AUTOTUNE benchmarking takes 2.4532 seconds and 0.0026 seconds precompiling
AUTOTUNE mm(100x1536, 1536x704)
  triton_mm_90 0.0184 ms 100.0%
  triton_mm_92 0.0205 ms 90.0%
  triton_mm_96 0.0205 ms 90.0%
  mm 0.0215 ms 85.7%
  triton_mm_89 0.0215 ms 85.7%
  triton_mm_91 0.0225 ms 81.8%
  triton_mm_95 0.0225 ms 81.8%
  triton_mm_99 0.0236 ms 78.3%
  triton_mm_100 0.0236 ms 78.3%
  triton_mm_98 0.0266 ms 69.2%
SingleProcess AUTOTUNE benchmarking takes 2.2877 seconds and 0.0022 seconds precompiling
AUTOTUNE mm(1536x100, 100x704)
  triton_mm_123 0.0113 ms 100.0%
  triton_mm_113 0.0123 ms 91.7%
  triton_mm_115 0.0123 ms 91.7%
  triton_mm_116 0.0123 ms 91.7%
  triton_mm_117 0.0123 ms 91.7%
  triton_mm_118 0.0123 ms 91.7%
  triton_mm_120 0.0123 ms 91.7%
  triton_mm_121 0.0123 ms 91.7%
  triton_mm_125 0.0123 ms 91.7%
  triton_mm_107 0.0133 ms 84.6%
SingleProcess AUTOTUNE benchmarking takes 2.2949 seconds and 0.0026 seconds precompiling
AUTOTUNE convolution(1536x3x24x24, 24x3x2x2)
  triton_convolution_130 0.1300 ms 100.0%
  triton_convolution_128 0.1321 ms 98.4%
  triton_convolution_126 0.1495 ms 87.0%
  triton_convolution_129 0.1618 ms 80.4%
  convolution 0.1628 ms 79.9%
  triton_convolution_131 0.2058 ms 63.2%
  triton_convolution_127 0.3072 ms 42.3%
SingleProcess AUTOTUNE benchmarking takes 0.8653 seconds and 0.0019 seconds precompiling
AUTOTUNE convolution(1536x24x23x23, 128x24x3x3)
  convolution 0.4178 ms 100.0%
  triton_convolution_133 0.7393 ms 56.5%
  triton_convolution_135 0.7465 ms 56.0%
  triton_convolution_138 0.7997 ms 52.2%
  triton_convolution_137 0.9032 ms 46.3%
  triton_convolution_132 1.0291 ms 40.6%
  triton_convolution_136 1.2380 ms 33.7%
  triton_convolution_134 1.6353 ms 25.5%
SingleProcess AUTOTUNE benchmarking takes 1.0777 seconds and 0.0011 seconds precompiling
AUTOTUNE convolution(1536x128x11x11, 128x128x3x3)
  convolution 0.2355 ms 100.0%
  triton_convolution_144 0.4065 ms 57.9%
  triton_convolution_143 0.4516 ms 52.2%
  triton_convolution_140 0.4925 ms 47.8%
  triton_convolution_142 0.4956 ms 47.5%
  triton_convolution_145 0.5263 ms 44.7%
  triton_convolution_139 0.5745 ms 41.0%
  triton_convolution_141 1.8452 ms 12.8%
SingleProcess AUTOTUNE benchmarking takes 1.0419 seconds and 0.0016 seconds precompiling
AUTOTUNE convolution(1536x128x11x11, 256x128x3x3)
  convolution 0.4536 ms 100.0%
  triton_convolution_157 0.8817 ms 51.5%
  triton_convolution_158 0.9206 ms 49.3%
  triton_convolution_154 0.9236 ms 49.1%
  triton_convolution_156 0.9492 ms 47.8%
  triton_convolution_153 0.9708 ms 46.7%
  triton_convolution_159 1.0035 ms 45.2%
  triton_convolution_155 3.7550 ms 12.1%
SingleProcess AUTOTUNE benchmarking takes 1.0916 seconds and 0.0012 seconds precompiling
AUTOTUNE convolution(1536x256x5x5, 256x256x3x3)
  convolution 0.1874 ms 100.0%
  triton_convolution_164 0.3369 ms 55.6%
  triton_convolution_161 0.3779 ms 49.6%
  triton_convolution_163 0.4147 ms 45.2%
  triton_convolution_165 0.4178 ms 44.9%
  triton_convolution_160 0.4250 ms 44.1%
  triton_convolution_166 0.4454 ms 42.1%
  triton_convolution_162 1.4080 ms 13.3%
SingleProcess AUTOTUNE benchmarking takes 1.0422 seconds and 0.0024 seconds precompiling
AUTOTUNE convolution(1536x256x5x5, 704x256x3x3)
  convolution 0.5007 ms 100.0%
  triton_convolution_178 0.8274 ms 60.5%
  triton_convolution_175 0.9861 ms 50.8%
  triton_convolution_177 1.1110 ms 45.1%
  triton_convolution_180 1.1192 ms 44.7%
  triton_convolution_179 1.1351 ms 44.1%
  triton_convolution_174 1.1643 ms 43.0%
  triton_convolution_176 3.6920 ms 13.6%
SingleProcess AUTOTUNE benchmarking takes 1.0978 seconds and 0.0012 seconds precompiling
AUTOTUNE convolution(1536x704x2x2, 704x704x3x3)
  convolution 0.2386 ms 100.0%
  triton_convolution_185 0.3738 ms 63.8%
  triton_convolution_186 0.5806 ms 41.1%
  triton_convolution_184 0.5878 ms 40.6%
  triton_convolution_182 0.6195 ms 38.5%
  triton_convolution_187 0.6472 ms 36.9%
  triton_convolution_181 0.7030 ms 33.9%
  triton_convolution_183 2.8242 ms 8.4%
SingleProcess AUTOTUNE benchmarking takes 1.0500 seconds and 0.0016 seconds precompiling
trial 1/3: accuracy=75.17% training=6.431s inference=0.219s
trial 2/3: accuracy=75.47% training=6.456s inference=0.125s
trial 3/3: accuracy=75.67% training=6.459s inference=0.113s
{
  "requested_trials": 3,
  "number_of_trials": 3,
  "successful_trials": 3,
  "failed_trials": 0,
  "complete": true,
  "accuracy_target": 0.75,
  "run_error": null,
  "mean_accuracy": 0.7543666666666667,
  "accuracy_std": 0.0025166114784235857,
  "mean_training_time": 6.44834484133268,
  "training_time_std": 0.01527143950638951,
  "mean_evaluation_time": 0.15259324166496904,
  "evaluation_time_std": 0.05822847563155186,
  "qualified": true,
  "official": false,
  "dataset": "CIFAR-100",
  "run_id": "20261004T112954Z-2b26c140"
}
Results: /home/jovyan/work/arena3/hypothesis-dr-unc/results/arena/20261004T112954Z-2b26c140
