trial 1/3: accuracy=76.27% training=7.254s inference=0.185s
trial 2/3: accuracy=75.94% training=7.246s inference=0.093s
trial 3/3: accuracy=76.45% training=7.285s inference=0.088s
{
  "requested_trials": 3,
  "number_of_trials": 3,
  "successful_trials": 3,
  "failed_trials": 0,
  "complete": true,
  "accuracy_target": 0.75,
  "run_error": null,
  "mean_accuracy": 0.7622,
  "accuracy_std": 0.0025865034312755174,
  "mean_training_time": 7.261636940670239,
  "training_time_std": 0.02033606352823649,
  "mean_evaluation_time": 0.12182786699850112,
  "evaluation_time_std": 0.05445740369988451,
  "qualified": true,
  "official": false,
  "dataset": "CIFAR-100",
  "run_id": "20261004T113409Z-154d7c31"
}
Results: /home/jovyan/work/arena3/hypothesis-dr-unc/results/arena/20261004T113409Z-154d7c31
