trial 1/3: accuracy=76.16% training=6.954s inference=0.190s
trial 2/3: accuracy=76.51% training=6.987s inference=0.090s
trial 3/3: accuracy=76.18% training=6.982s inference=0.088s
{
  "requested_trials": 3,
  "number_of_trials": 3,
  "successful_trials": 3,
  "failed_trials": 0,
  "complete": true,
  "accuracy_target": 0.75,
  "run_error": null,
  "mean_accuracy": 0.7628333333333334,
  "accuracy_std": 0.001965536398374051,
  "mean_training_time": 6.974250221333932,
  "training_time_std": 0.01790967000886196,
  "mean_evaluation_time": 0.12284963300044183,
  "evaluation_time_std": 0.05795460820713319,
  "qualified": true,
  "official": false,
  "dataset": "CIFAR-100",
  "run_id": "20261004T115300Z-73fa4d08"
}
Results: /home/jovyan/work/arena3/hypothesis-dr-unc/results/arena/20261004T115300Z-73fa4d08
