trial 1/3: accuracy=75.70% training=6.032s inference=0.185s
trial 2/3: accuracy=75.74% training=6.157s inference=0.094s
trial 3/3: accuracy=76.11% training=6.044s inference=0.094s
{
  "requested_trials": 3,
  "number_of_trials": 3,
  "successful_trials": 3,
  "failed_trials": 0,
  "complete": true,
  "accuracy_target": 0.75,
  "run_error": null,
  "mean_accuracy": 0.7585,
  "accuracy_std": 0.0022605309110914694,
  "mean_training_time": 6.077770991668028,
  "training_time_std": 0.06885450716075589,
  "mean_evaluation_time": 0.12411970499670133,
  "evaluation_time_std": 0.05270831708944515,
  "qualified": true,
  "official": false,
  "dataset": "CIFAR-100",
  "run_id": "20261004T115433Z-2c0ffecc"
}
Results: /home/jovyan/work/arena3/hypothesis-dr-unc/results/arena/20261004T115433Z-2c0ffecc
