AUTOTUNE convolution(2048x3x32x32, 24x3x2x2)
  triton_convolution_2 0.2980 ms 100.0%
  triton_convolution_4 0.3052 ms 97.7%
  triton_convolution_0 0.3553 ms 83.9%
  convolution 0.3584 ms 83.1%
  triton_convolution_3 0.3738 ms 79.7%
  triton_convolution_5 0.4813 ms 61.9%
  triton_convolution_1 0.6892 ms 43.2%
SingleProcess AUTOTUNE benchmarking takes 2.7535 seconds and 0.0000 seconds precompiling
AUTOTUNE convolution(2048x24x31x31, 128x24x3x3)
  convolution 0.9912 ms 100.0%
  triton_convolution_7 1.6850 ms 58.8%
  triton_convolution_9 1.7951 ms 55.2%
  triton_convolution_12 1.8452 ms 53.7%
  triton_convolution_11 2.2124 ms 44.8%
  triton_convolution_6 2.4888 ms 39.8%
  triton_convolution_10 2.7976 ms 35.4%
  triton_convolution_8 3.8410 ms 25.8%
SingleProcess AUTOTUNE benchmarking takes 3.5798 seconds and 0.0000 seconds precompiling
AUTOTUNE convolution(2048x128x15x15, 128x128x3x3)
  convolution 0.5837 ms 100.0%
  triton_convolution_18 0.9789 ms 59.6%
  triton_convolution_16 1.1223 ms 52.0%
  triton_convolution_17 1.1264 ms 51.8%
  triton_convolution_14 1.1284 ms 51.7%
  triton_convolution_19 1.2349 ms 47.3%
  triton_convolution_13 1.3230 ms 44.1%
  triton_convolution_15 4.6444 ms 12.6%
SingleProcess AUTOTUNE benchmarking takes 3.6182 seconds and 0.0000 seconds precompiling
AUTOTUNE convolution(2048x128x15x15, 256x128x3x3)
  convolution 1.1346 ms 100.0%
  triton_convolution_31 2.1207 ms 53.5%
  triton_convolution_28 2.1514 ms 52.7%
  triton_convolution_30 2.2067 ms 51.4%
  triton_convolution_32 2.2508 ms 50.4%
  triton_convolution_27 2.2886 ms 49.6%
  triton_convolution_33 2.4207 ms 46.9%
  triton_convolution_29 9.4628 ms 12.0%
SingleProcess AUTOTUNE benchmarking takes 1.1872 seconds and 0.0010 seconds precompiling
AUTOTUNE convolution(2048x256x7x7, 256x256x3x3)
  convolution 0.4628 ms 100.0%
  triton_convolution_38 0.8509 ms 54.4%
  triton_convolution_39 1.0015 ms 46.2%
  triton_convolution_37 1.0035 ms 46.1%
  triton_convolution_35 1.0230 ms 45.2%
  triton_convolution_34 1.0291 ms 45.0%
  triton_convolution_40 1.1182 ms 41.4%
  triton_convolution_36 5.1251 ms 9.0%
SingleProcess AUTOTUNE benchmarking takes 1.1000 seconds and 0.0009 seconds precompiling
AUTOTUNE convolution(2048x256x7x7, 704x256x3x3)
  convolution 1.3036 ms 100.0%
  triton_convolution_52 2.3388 ms 55.7%
  triton_convolution_49 2.5590 ms 50.9%
  triton_convolution_51 2.8406 ms 45.9%
  triton_convolution_48 2.8416 ms 45.9%
  triton_convolution_53 2.8708 ms 45.4%
  triton_convolution_54 2.9696 ms 43.9%
  triton_convolution_50 14.2572 ms 9.1%
SingleProcess AUTOTUNE benchmarking takes 1.2277 seconds and 0.0034 seconds precompiling
AUTOTUNE convolution(2048x704x3x3, 704x704x3x3)
  convolution 0.6359 ms 100.0%
  triton_convolution_59 1.1822 ms 53.8%
  triton_convolution_56 1.3353 ms 47.6%
  triton_convolution_60 1.5483 ms 41.1%
  triton_convolution_55 1.5708 ms 40.5%
  triton_convolution_58 1.6241 ms 39.2%
  triton_convolution_61 1.6722 ms 38.0%
  triton_convolution_57 10.0342 ms 6.3%
SingleProcess AUTOTUNE benchmarking takes 1.1475 seconds and 0.0012 seconds precompiling
AUTOTUNE mm(2048x704, 704x100)
  triton_mm_77 0.0133 ms 100.0%
  triton_mm_76 0.0154 ms 86.7%
  triton_mm_70 0.0164 ms 81.2%
  triton_mm_72 0.0164 ms 81.2%
  triton_mm_73 0.0164 ms 81.2%
  triton_mm_79 0.0164 ms 81.2%
  triton_mm_71 0.0174 ms 76.5%
  triton_mm_80 0.0174 ms 76.5%
  triton_mm_83 0.0174 ms 76.5%
  mm 0.0184 ms 72.2%
SingleProcess AUTOTUNE benchmarking takes 2.2651 seconds and 0.0021 seconds precompiling
AUTOTUNE mm(100x2048, 2048x704)
  triton_mm_90 0.0225 ms 100.0%
  mm 0.0236 ms 95.7%
  triton_mm_96 0.0236 ms 95.7%
  triton_mm_92 0.0246 ms 91.7%
  triton_mm_89 0.0266 ms 84.6%
  triton_mm_91 0.0266 ms 84.6%
  triton_mm_95 0.0266 ms 84.6%
  triton_mm_99 0.0287 ms 78.6%
  triton_mm_100 0.0287 ms 78.6%
  triton_mm_98 0.0328 ms 68.8%
SingleProcess AUTOTUNE benchmarking takes 2.3293 seconds and 0.0027 seconds precompiling
AUTOTUNE mm(2048x100, 100x704)
  triton_mm_123 0.0113 ms 100.0%
  triton_mm_116 0.0123 ms 91.7%
  triton_mm_113 0.0133 ms 84.6%
  triton_mm_117 0.0133 ms 84.6%
  triton_mm_118 0.0133 ms 84.6%
  triton_mm_119 0.0133 ms 84.6%
  triton_mm_120 0.0133 ms 84.6%
  triton_mm_121 0.0133 ms 84.6%
  triton_mm_122 0.0133 ms 84.6%
  triton_mm_125 0.0133 ms 84.6%
SingleProcess AUTOTUNE benchmarking takes 2.3491 seconds and 0.0029 seconds precompiling
AUTOTUNE convolution(2048x3x24x24, 24x3x2x2)
  triton_convolution_130 0.1700 ms 100.0%
  triton_convolution_128 0.1741 ms 97.6%
  triton_convolution_126 0.1976 ms 86.0%
  convolution 0.2079 ms 81.8%
  triton_convolution_129 0.2109 ms 80.6%
  triton_convolution_131 0.2714 ms 62.6%
  triton_convolution_127 0.4035 ms 42.1%
SingleProcess AUTOTUNE benchmarking takes 0.8777 seconds and 0.0018 seconds precompiling
AUTOTUNE convolution(2048x24x23x23, 128x24x3x3)
  convolution 0.5212 ms 100.0%
  triton_convolution_133 0.9615 ms 54.2%
  triton_convolution_135 0.9759 ms 53.4%
  triton_convolution_137 1.0373 ms 50.2%
  triton_convolution_138 1.0557 ms 49.4%
  triton_convolution_132 1.1796 ms 44.2%
  triton_convolution_136 1.7592 ms 29.6%
  triton_convolution_134 2.1842 ms 23.9%
SingleProcess AUTOTUNE benchmarking takes 1.0925 seconds and 0.0013 seconds precompiling
AUTOTUNE convolution(2048x128x11x11, 128x128x3x3)
  convolution 0.3041 ms 100.0%
  triton_convolution_144 0.5386 ms 56.5%
  triton_convolution_143 0.6318 ms 48.1%
  triton_convolution_140 0.6369 ms 47.7%
  triton_convolution_142 0.6369 ms 47.7%
  triton_convolution_145 0.6769 ms 44.9%
  triton_convolution_139 0.7598 ms 40.0%
  triton_convolution_141 2.4668 ms 12.3%
SingleProcess AUTOTUNE benchmarking takes 1.0606 seconds and 0.0020 seconds precompiling
AUTOTUNE convolution(2048x128x11x11, 256x128x3x3)
  convolution 0.6124 ms 100.0%
  triton_convolution_157 1.1469 ms 53.4%
  triton_convolution_154 1.1766 ms 52.0%
  triton_convolution_158 1.2145 ms 50.4%
  triton_convolution_156 1.2483 ms 49.1%
  triton_convolution_153 1.2800 ms 47.8%
  triton_convolution_159 1.3220 ms 46.3%
  triton_convolution_155 4.9910 ms 12.3%
SingleProcess AUTOTUNE benchmarking takes 1.1134 seconds and 0.0012 seconds precompiling
AUTOTUNE convolution(2048x256x5x5, 256x256x3x3)
  convolution 0.2447 ms 100.0%
  triton_convolution_164 0.4383 ms 55.8%
  triton_convolution_161 0.4997 ms 49.0%
  triton_convolution_163 0.5437 ms 45.0%
  triton_convolution_165 0.5489 ms 44.6%
  triton_convolution_160 0.5663 ms 43.2%
  triton_convolution_166 0.5919 ms 41.3%
  triton_convolution_162 2.0859 ms 11.7%
SingleProcess AUTOTUNE benchmarking takes 1.0484 seconds and 0.0013 seconds precompiling
AUTOTUNE convolution(2048x256x5x5, 704x256x3x3)
  convolution 0.6615 ms 100.0%
  triton_convolution_178 1.1571 ms 57.2%
  triton_convolution_175 1.3476 ms 49.1%
  triton_convolution_177 1.4920 ms 44.3%
  triton_convolution_179 1.5007 ms 44.1%
  triton_convolution_174 1.5288 ms 43.3%
  triton_convolution_180 1.5370 ms 43.0%
  triton_convolution_176 5.7108 ms 11.6%
SingleProcess AUTOTUNE benchmarking takes 1.1205 seconds and 0.0012 seconds precompiling
AUTOTUNE convolution(2048x704x2x2, 704x704x3x3)
  convolution 0.3144 ms 100.0%
  triton_convolution_185 0.5161 ms 60.9%
  triton_convolution_182 0.6318 ms 49.8%
  triton_convolution_181 0.7588 ms 41.4%
  triton_convolution_184 0.7834 ms 40.1%
  triton_convolution_187 0.8059 ms 39.0%
  triton_convolution_186 0.8253 ms 38.1%
  triton_convolution_183 3.6562 ms 8.6%
SingleProcess AUTOTUNE benchmarking takes 1.0673 seconds and 0.0016 seconds precompiling
trial 1/3: accuracy=75.80% training=5.832s inference=0.269s
trial 2/3: accuracy=75.78% training=5.845s inference=0.112s
trial 3/3: accuracy=75.63% training=5.853s inference=0.092s
{
  "requested_trials": 3,
  "number_of_trials": 3,
  "successful_trials": 3,
  "failed_trials": 0,
  "complete": true,
  "accuracy_target": 0.75,
  "run_error": null,
  "mean_accuracy": 0.7573666666666666,
  "accuracy_std": 0.0009291573243177821,
  "mean_training_time": 5.8435678066744,
  "training_time_std": 0.01054647988305777,
  "mean_evaluation_time": 0.1576427510008216,
  "evaluation_time_std": 0.09702925545639288,
  "qualified": true,
  "official": false,
  "dataset": "CIFAR-100",
  "run_id": "20261004T115607Z-68a73288"
}
Results: /home/jovyan/work/arena3/hypothesis-dr-unc/results/arena/20261004T115607Z-68a73288
