trial 1/3: accuracy=74.41% training=5.082s inference=0.189s
trial 2/3: accuracy=74.13% training=5.095s inference=0.094s
trial 3/3: accuracy=74.61% training=5.094s inference=0.094s
{
  "requested_trials": 3,
  "number_of_trials": 3,
  "successful_trials": 3,
  "failed_trials": 0,
  "complete": true,
  "accuracy_target": 0.75,
  "run_error": null,
  "mean_accuracy": 0.7438333333333333,
  "accuracy_std": 0.0024110855093366973,
  "mean_training_time": 5.09034017433684,
  "training_time_std": 0.007098706243042942,
  "mean_evaluation_time": 0.1257771259988658,
  "evaluation_time_std": 0.05498559584629785,
  "qualified": false,
  "official": false,
  "dataset": "CIFAR-100",
  "run_id": "20261004T115912Z-1ad60422"
}
Results: /home/jovyan/work/arena3/hypothesis-dr-unc/results/arena/20261004T115912Z-1ad60422
