trial 1/3: accuracy=75.16% training=5.870s inference=0.182s
trial 2/3: accuracy=75.07% training=5.862s inference=0.089s
trial 3/3: accuracy=75.12% training=5.873s inference=0.090s
{
  "requested_trials": 3,
  "number_of_trials": 3,
  "successful_trials": 3,
  "failed_trials": 0,
  "complete": true,
  "accuracy_target": 0.75,
  "run_error": null,
  "mean_accuracy": 0.7511666666666666,
  "accuracy_std": 0.00045092497528229314,
  "mean_training_time": 5.868561327666005,
  "training_time_std": 0.005439584013770691,
  "mean_evaluation_time": 0.12055921133530016,
  "evaluation_time_std": 0.05355640651427791,
  "qualified": true,
  "official": false,
  "dataset": "CIFAR-100",
  "run_id": "20261004T120215Z-c7659593"
}
Results: /home/jovyan/work/arena3/hypothesis-dr-unc/results/arena/20261004T120215Z-c7659593
