trial 1/3: accuracy=75.64% training=5.396s inference=0.202s
trial 2/3: accuracy=75.13% training=5.436s inference=0.099s
trial 3/3: accuracy=75.76% training=5.456s inference=0.090s
{
  "requested_trials": 3,
  "number_of_trials": 3,
  "successful_trials": 3,
  "failed_trials": 0,
  "complete": true,
  "accuracy_target": 0.75,
  "run_error": null,
  "mean_accuracy": 0.7551,
  "accuracy_std": 0.003345145736735576,
  "mean_training_time": 5.429155767332607,
  "training_time_std": 0.030568460896885908,
  "mean_evaluation_time": 0.13024404233146925,
  "evaluation_time_std": 0.06238344019691843,
  "qualified": true,
  "official": false,
  "dataset": "CIFAR-100",
  "run_id": "20261004T120344Z-4772863d"
}
Results: /home/jovyan/work/arena3/hypothesis-dr-unc/results/arena/20261004T120344Z-4772863d
