AUTOTUNE convolution(3072x3x32x32, 24x3x2x2)
  triton_convolution_2 0.4434 ms 100.0%
  triton_convolution_4 0.4536 ms 97.7%
  convolution 0.5253 ms 84.4%
  triton_convolution_0 0.5284 ms 83.9%
  triton_convolution_3 0.5560 ms 79.7%
  triton_convolution_5 0.7158 ms 61.9%
  triton_convolution_1 1.0260 ms 43.2%
SingleProcess AUTOTUNE benchmarking takes 1.0656 seconds and 0.0011 seconds precompiling
AUTOTUNE convolution(3072x24x31x31, 128x24x3x3)
  convolution 1.4776 ms 100.0%
  triton_convolution_7 2.5723 ms 57.4%
  triton_convolution_9 2.6358 ms 56.1%
  triton_convolution_12 2.7638 ms 53.5%
  triton_convolution_11 3.2358 ms 45.7%
  triton_convolution_6 3.6936 ms 40.0%
  triton_convolution_10 4.2394 ms 34.9%
  triton_convolution_8 5.7252 ms 25.8%
SingleProcess AUTOTUNE benchmarking takes 1.2279 seconds and 0.0009 seconds precompiling
AUTOTUNE convolution(3072x128x15x15, 128x128x3x3)
  convolution 0.8561 ms 100.0%
  triton_convolution_18 1.4582 ms 58.7%
  triton_convolution_17 1.6466 ms 52.0%
  triton_convolution_16 1.6548 ms 51.7%
  triton_convolution_14 1.6630 ms 51.5%
  triton_convolution_19 1.8186 ms 47.1%
  triton_convolution_13 1.9313 ms 44.3%
  triton_convolution_15 7.0134 ms 12.2%
SingleProcess AUTOTUNE benchmarking takes 1.1617 seconds and 0.0011 seconds precompiling
AUTOTUNE convolution(3072x128x15x15, 256x128x3x3)
  convolution 1.7183 ms 100.0%
  triton_convolution_31 3.1621 ms 54.3%
  triton_convolution_28 3.1969 ms 53.7%
  triton_convolution_30 3.2840 ms 52.3%
  triton_convolution_32 3.3382 ms 51.5%
  triton_convolution_27 3.3884 ms 50.7%
  triton_convolution_33 3.6096 ms 47.6%
  triton_convolution_29 14.2111 ms 12.1%
SingleProcess AUTOTUNE benchmarking takes 1.2570 seconds and 0.0012 seconds precompiling
AUTOTUNE convolution(3072x256x7x7, 256x256x3x3)
  convolution 0.6881 ms 100.0%
  triton_convolution_38 1.2780 ms 53.8%
  triton_convolution_35 1.4152 ms 48.6%
  triton_convolution_37 1.4490 ms 47.5%
  triton_convolution_39 1.4868 ms 46.3%
  triton_convolution_34 1.4981 ms 45.9%
  triton_convolution_40 1.6282 ms 42.3%
  triton_convolution_36 7.9549 ms 8.7%
SingleProcess AUTOTUNE benchmarking takes 1.1477 seconds and 0.0015 seconds precompiling
AUTOTUNE convolution(3072x256x7x7, 704x256x3x3)
  convolution 1.9548 ms 100.0%
  triton_convolution_52 3.5139 ms 55.6%
  triton_convolution_49 3.8031 ms 51.4%
  triton_convolution_51 4.2127 ms 46.4%
  triton_convolution_53 4.2496 ms 46.0%
  triton_convolution_48 4.2977 ms 45.5%
  triton_convolution_54 4.4390 ms 44.0%
  triton_convolution_50 22.1655 ms 8.8%
SingleProcess AUTOTUNE benchmarking takes 1.3499 seconds and 0.0016 seconds precompiling
AUTOTUNE convolution(3072x704x3x3, 704x704x3x3)
  convolution 0.9144 ms 100.0%
  triton_convolution_59 1.8944 ms 48.3%
  triton_convolution_56 2.0895 ms 43.8%
  triton_convolution_60 2.2845 ms 40.0%
  triton_convolution_55 2.3255 ms 39.3%
  triton_convolution_61 2.3265 ms 39.3%
  triton_convolution_58 2.4596 ms 37.2%
  triton_convolution_57 15.5428 ms 5.9%
SingleProcess AUTOTUNE benchmarking takes 1.2178 seconds and 0.0012 seconds precompiling
AUTOTUNE mm(3072x704, 704x100)
  triton_mm_77 0.0154 ms 100.0%
  triton_mm_76 0.0164 ms 93.7%
  triton_mm_72 0.0174 ms 88.2%
  triton_mm_79 0.0174 ms 88.2%
  triton_mm_80 0.0174 ms 88.2%
  triton_mm_83 0.0174 ms 88.2%
  triton_mm_73 0.0184 ms 83.3%
  mm 0.0195 ms 78.9%
  triton_mm_70 0.0195 ms 78.9%
  triton_mm_71 0.0195 ms 78.9%
SingleProcess AUTOTUNE benchmarking takes 2.2763 seconds and 0.0040 seconds precompiling
AUTOTUNE mm(100x3072, 3072x704)
  mm 0.0266 ms 100.0%
  triton_mm_96 0.0287 ms 92.9%
  triton_mm_90 0.0297 ms 89.7%
  triton_mm_92 0.0307 ms 86.7%
  triton_mm_89 0.0358 ms 74.3%
  triton_mm_91 0.0358 ms 74.3%
  triton_mm_95 0.0369 ms 72.2%
  triton_mm_99 0.0379 ms 70.3%
  triton_mm_100 0.0379 ms 70.3%
  triton_mm_98 0.0461 ms 57.8%
SingleProcess AUTOTUNE benchmarking takes 2.2928 seconds and 0.0031 seconds precompiling
AUTOTUNE mm(3072x100, 100x704)
  triton_mm_120 0.0143 ms 100.0%
  triton_mm_112 0.0154 ms 93.3%
  triton_mm_113 0.0154 ms 93.3%
  triton_mm_116 0.0154 ms 93.3%
  triton_mm_118 0.0154 ms 93.3%
  triton_mm_119 0.0154 ms 93.3%
  triton_mm_123 0.0154 ms 93.3%
  triton_mm_114 0.0164 ms 87.5%
  triton_mm_115 0.0164 ms 87.5%
  triton_mm_117 0.0164 ms 87.5%
SingleProcess AUTOTUNE benchmarking takes 2.3136 seconds and 0.0018 seconds precompiling
AUTOTUNE convolution(3072x3x24x24, 24x3x2x2)
  triton_convolution_130 0.2499 ms 100.0%
  triton_convolution_128 0.2570 ms 97.2%
  convolution 0.3021 ms 82.7%
  triton_convolution_129 0.3123 ms 80.0%
  triton_convolution_126 0.3441 ms 72.6%
  triton_convolution_131 0.4004 ms 62.4%
  triton_convolution_127 0.6021 ms 41.5%
SingleProcess AUTOTUNE benchmarking takes 0.8959 seconds and 0.0008 seconds precompiling
AUTOTUNE convolution(3072x24x23x23, 128x24x3x3)
  convolution 0.7404 ms 100.0%
  triton_convolution_137 1.3537 ms 54.7%
  triton_convolution_133 1.4152 ms 52.3%
  triton_convolution_135 1.4469 ms 51.2%
  triton_convolution_132 1.5145 ms 48.9%
  triton_convolution_138 1.5708 ms 47.1%
  triton_convolution_136 2.5303 ms 29.3%
  triton_convolution_134 3.2512 ms 22.8%
SingleProcess AUTOTUNE benchmarking takes 1.1086 seconds and 0.0017 seconds precompiling
AUTOTUNE convolution(3072x128x11x11, 128x128x3x3)
  convolution 0.4639 ms 100.0%
  triton_convolution_144 0.7987 ms 58.1%
  triton_convolution_143 0.9083 ms 51.1%
  triton_convolution_140 0.9308 ms 49.8%
  triton_convolution_142 0.9452 ms 49.1%
  triton_convolution_145 1.0035 ms 46.2%
  triton_convolution_139 1.0839 ms 42.8%
  triton_convolution_141 3.6884 ms 12.6%
SingleProcess AUTOTUNE benchmarking takes 1.0892 seconds and 0.0017 seconds precompiling
AUTOTUNE convolution(3072x128x11x11, 256x128x3x3)
  convolution 0.9165 ms 100.0%
  triton_convolution_157 1.7142 ms 53.5%
  triton_convolution_154 1.7439 ms 52.6%
  triton_convolution_158 1.8299 ms 50.1%
  triton_convolution_156 1.8719 ms 49.0%
  triton_convolution_153 1.9036 ms 48.1%
  triton_convolution_159 1.9753 ms 46.4%
  triton_convolution_155 7.5254 ms 12.2%
SingleProcess AUTOTUNE benchmarking takes 1.1623 seconds and 0.0017 seconds precompiling
AUTOTUNE convolution(3072x256x5x5, 256x256x3x3)
  convolution 0.3676 ms 100.0%
  triton_convolution_164 0.6605 ms 55.7%
  triton_convolution_161 0.7608 ms 48.3%
  triton_convolution_163 0.7946 ms 46.3%
  triton_convolution_165 0.7997 ms 46.0%
  triton_convolution_160 0.8182 ms 44.9%
  triton_convolution_166 0.8919 ms 41.2%
  triton_convolution_162 3.5410 ms 10.4%
SingleProcess AUTOTUNE benchmarking takes 1.0808 seconds and 0.0013 seconds precompiling
AUTOTUNE convolution(3072x256x5x5, 704x256x3x3)
  convolution 0.9830 ms 100.0%
  triton_convolution_178 1.7930 ms 54.8%
  triton_convolution_175 1.9922 ms 49.3%
  triton_convolution_177 2.2108 ms 44.5%
  triton_convolution_179 2.2303 ms 44.1%
  triton_convolution_174 2.2446 ms 43.8%
  triton_convolution_180 2.2999 ms 42.7%
  triton_convolution_176 9.5498 ms 10.3%
SingleProcess AUTOTUNE benchmarking takes 1.1768 seconds and 0.0009 seconds precompiling
AUTOTUNE convolution(3072x704x2x2, 704x704x3x3)
  convolution 0.4004 ms 100.0%
  triton_convolution_185 0.7342 ms 54.5%
  triton_convolution_182 0.9482 ms 42.2%
  triton_convolution_187 1.0552 ms 37.9%
  triton_convolution_184 1.1187 ms 35.8%
  triton_convolution_181 1.1213 ms 35.7%
  triton_convolution_186 1.1264 ms 35.5%
  triton_convolution_183 5.1369 ms 7.8%
SingleProcess AUTOTUNE benchmarking takes 1.0929 seconds and 0.0009 seconds precompiling
trial 1/3: accuracy=74.78% training=5.177s inference=0.176s
trial 2/3: accuracy=74.26% training=5.195s inference=0.095s
trial 3/3: accuracy=74.37% training=5.231s inference=0.091s
{
  "requested_trials": 3,
  "number_of_trials": 3,
  "successful_trials": 3,
  "failed_trials": 0,
  "complete": true,
  "accuracy_target": 0.75,
  "run_error": null,
  "mean_accuracy": 0.7447,
  "accuracy_std": 0.002740437921208936,
  "mean_training_time": 5.2008820376649965,
  "training_time_std": 0.02717624377717071,
  "mean_evaluation_time": 0.12034511366800871,
  "evaluation_time_std": 0.04800100945229875,
  "qualified": false,
  "official": false,
  "dataset": "CIFAR-100",
  "run_id": "20261004T120521Z-885b0ba5"
}
Results: /home/jovyan/work/arena3/hypothesis-dr-unc/results/arena/20261004T120521Z-885b0ba5
