trial 1/3: accuracy=75.31% training=5.382s inference=0.197s
trial 2/3: accuracy=74.82% training=5.397s inference=0.094s
trial 3/3: accuracy=75.41% training=5.401s inference=0.094s
{
  "requested_trials": 3,
  "number_of_trials": 3,
  "successful_trials": 3,
  "failed_trials": 0,
  "complete": true,
  "accuracy_target": 0.75,
  "run_error": null,
  "mean_accuracy": 0.7518,
  "accuracy_std": 0.003157530680769398,
  "mean_training_time": 5.393314680336819,
  "training_time_std": 0.010188292563713536,
  "mean_evaluation_time": 0.1286055996606592,
  "evaluation_time_std": 0.05954251653542045,
  "qualified": true,
  "official": false,
  "dataset": "CIFAR-100",
  "run_id": "20261004T120823Z-607bdb19"
}
Results: /home/jovyan/work/arena3/hypothesis-dr-unc/results/arena/20261004T120823Z-607bdb19
