trial 1/3: accuracy=75.80% training=5.653s inference=0.202s
trial 2/3: accuracy=75.69% training=5.678s inference=0.101s
trial 3/3: accuracy=75.58% training=5.681s inference=0.093s
{
  "requested_trials": 3,
  "number_of_trials": 3,
  "successful_trials": 3,
  "failed_trials": 0,
  "complete": true,
  "accuracy_target": 0.75,
  "run_error": null,
  "mean_accuracy": 0.7569,
  "accuracy_std": 0.0010999999999999899,
  "mean_training_time": 5.670606108993525,
  "training_time_std": 0.015442285370121014,
  "mean_evaluation_time": 0.13179765899743265,
  "evaluation_time_std": 0.060490038329630576,
  "qualified": true,
  "official": false,
  "dataset": "CIFAR-100",
  "run_id": "20261004T120945Z-bd4c9683"
}
Results: /home/jovyan/work/arena3/hypothesis-dr-unc/results/arena/20261004T120945Z-bd4c9683
