trial 1/3: accuracy=74.69% training=5.369s inference=0.216s
trial 2/3: accuracy=74.28% training=5.391s inference=0.123s
trial 3/3: accuracy=75.14% training=5.383s inference=0.115s
{
  "requested_trials": 3,
  "number_of_trials": 3,
  "successful_trials": 3,
  "failed_trials": 0,
  "complete": true,
  "accuracy_target": 0.75,
  "run_error": null,
  "mean_accuracy": 0.7470333333333333,
  "accuracy_std": 0.004301550108197402,
  "mean_training_time": 5.381014895664218,
  "training_time_std": 0.011102441027905006,
  "mean_evaluation_time": 0.15165340667105434,
  "evaluation_time_std": 0.05627649599199984,
  "qualified": false,
  "official": false,
  "dataset": "CIFAR-100",
  "run_id": "20261004T121114Z-38583535"
}
Results: /home/jovyan/work/arena3/hypothesis-dr-unc/results/arena/20261004T121114Z-38583535
