trial 1/3: accuracy=74.72% training=5.383s inference=0.227s
trial 2/3: accuracy=75.01% training=5.389s inference=0.088s
trial 3/3: accuracy=75.39% training=5.401s inference=0.089s
{
  "requested_trials": 3,
  "number_of_trials": 3,
  "successful_trials": 3,
  "failed_trials": 0,
  "complete": true,
  "accuracy_target": 0.75,
  "run_error": null,
  "mean_accuracy": 0.7504,
  "accuracy_std": 0.0033600595232823084,
  "mean_training_time": 5.391119026671125,
  "training_time_std": 0.009242223957021517,
  "mean_evaluation_time": 0.13484677700519873,
  "evaluation_time_std": 0.07996397264099275,
  "qualified": true,
  "official": false,
  "dataset": "CIFAR-100",
  "run_id": "20261004T122246Z-93add591"
}
Results: /home/jovyan/work/arena3/hypothesis-dr-unc/results/arena/20261004T122246Z-93add591
