trial 1/3: accuracy=75.30% training=5.392s inference=0.203s
trial 2/3: accuracy=75.22% training=5.403s inference=0.093s
trial 3/3: accuracy=75.34% training=5.412s inference=0.093s
{
  "requested_trials": 3,
  "number_of_trials": 3,
  "successful_trials": 3,
  "failed_trials": 0,
  "complete": true,
  "accuracy_target": 0.75,
  "run_error": null,
  "mean_accuracy": 0.7528666666666667,
  "accuracy_std": 0.0006110100926607719,
  "mean_training_time": 5.402335105997433,
  "training_time_std": 0.009845687096496445,
  "mean_evaluation_time": 0.12953658933596066,
  "evaluation_time_std": 0.06360733540430019,
  "qualified": true,
  "official": false,
  "dataset": "CIFAR-100",
  "run_id": "20261004T122422Z-73340aff"
}
Results: /home/jovyan/work/arena3/hypothesis-dr-unc/results/arena/20261004T122422Z-73340aff
