trial 1/3: accuracy=75.61% training=5.398s inference=0.196s
trial 2/3: accuracy=75.09% training=5.438s inference=0.089s
trial 3/3: accuracy=75.61% training=5.415s inference=0.094s
{
  "requested_trials": 3,
  "number_of_trials": 3,
  "successful_trials": 3,
  "failed_trials": 0,
  "complete": true,
  "accuracy_target": 0.75,
  "run_error": null,
  "mean_accuracy": 0.7543666666666666,
  "accuracy_std": 0.003002221399786044,
  "mean_training_time": 5.417024621997068,
  "training_time_std": 0.019742559961008897,
  "mean_evaluation_time": 0.12590507599816192,
  "evaluation_time_std": 0.06039558942303412,
  "qualified": true,
  "official": false,
  "dataset": "CIFAR-100",
  "run_id": "20261004T122544Z-948bd93b"
}
Results: /home/jovyan/work/arena3/hypothesis-dr-unc/results/arena/20261004T122544Z-948bd93b
