trial 1/3: accuracy=75.73% training=5.376s inference=0.177s
trial 2/3: accuracy=74.81% training=5.391s inference=0.089s
trial 3/3: accuracy=75.60% training=5.407s inference=0.090s
{
  "requested_trials": 3,
  "number_of_trials": 3,
  "successful_trials": 3,
  "failed_trials": 0,
  "complete": true,
  "accuracy_target": 0.75,
  "run_error": null,
  "mean_accuracy": 0.7538,
  "accuracy_std": 0.00497895571380184,
  "mean_training_time": 5.391512668332628,
  "training_time_std": 0.01541057751148288,
  "mean_evaluation_time": 0.11867214299854822,
  "evaluation_time_std": 0.0506917404090577,
  "qualified": true,
  "official": false,
  "dataset": "CIFAR-100",
  "run_id": "20261004T122719Z-085299c4"
}
Results: /home/jovyan/work/arena3/hypothesis-dr-unc/results/arena/20261004T122719Z-085299c4
