trial 1/3: accuracy=74.89% training=5.382s inference=0.196s
trial 2/3: accuracy=75.37% training=5.399s inference=0.116s
trial 3/3: accuracy=75.16% training=5.403s inference=0.091s
{
  "requested_trials": 3,
  "number_of_trials": 3,
  "successful_trials": 3,
  "failed_trials": 0,
  "complete": true,
  "accuracy_target": 0.75,
  "run_error": null,
  "mean_accuracy": 0.7514000000000001,
  "accuracy_std": 0.0024062418831032072,
  "mean_training_time": 5.3945016396707315,
  "training_time_std": 0.010826909993131602,
  "mean_evaluation_time": 0.134240229667436,
  "evaluation_time_std": 0.054833934797578796,
  "qualified": true,
  "official": false,
  "dataset": "CIFAR-100",
  "run_id": "20261004T122840Z-370bebcb"
}
Results: /home/jovyan/work/arena3/hypothesis-dr-unc/results/arena/20261004T122840Z-370bebcb
