Vocab size: 8,192
Model config: {'sequence_len': 2048, 'vocab_size': 8192, 'n_layer': 9, 'n_head': 4, 'n_kv_head': 4, 'n_embd': 512, 'window_pattern': 'L'}
Parameter counts:
  wte                     : 4,194,304
  value_embeds            : 20,971,520
  lm_head                 : 4,194,304
  transformer_matrices    : 28,312,192
  scalars                 : 18
  total                   : 57,672,338
Estimated FLOPs per token: 3.082852e+08
Scaling AdamW LRs by 1/sqrt(512/768) = 1.224745
Time budget: 300s
Gradient accumulation steps: 1

step 00000 (0.0%) | loss: 9.011470 | lrm: 1.00 | dt: 6525ms | tok/sec: 20,089 | mfu: 0.6% | epoch: 1 | remaining: 300s    
step 00001 (0.0%) | loss: 8.884098 | lrm: 1.00 | dt: 402ms | tok/sec: 325,992 | mfu: 10.2% | epoch: 1 | remaining: 300s    
step 00002 (0.0%) | loss: 8.539694 | lrm: 1.00 | dt: 402ms | tok/sec: 326,102 | mfu: 10.2% | epoch: 1 | remaining: 300s    
step 00003 (0.0%) | loss: 8.108053 | lrm: 1.00 | dt: 402ms | tok/sec: 326,097 | mfu: 10.2% | epoch: 1 | remaining: 300s    
step 00004 (0.0%) | loss: 7.747206 | lrm: 1.00 | dt: 402ms | tok/sec: 325,998 | mfu: 10.2% | epoch: 1 | remaining: 300s    
step 00005 (0.0%) | loss: 7.429558 | lrm: 1.00 | dt: 402ms | tok/sec: 326,318 | mfu: 10.2% | epoch: 1 | remaining: 300s    
step 00006 (0.0%) | loss: 7.180043 | lrm: 1.00 | dt: 402ms | tok/sec: 326,429 | mfu: 10.2% | epoch: 1 | remaining: 300s    
step 00007 (0.0%) | loss: 6.972082 | lrm: 1.00 | dt: 401ms | tok/sec: 326,712 | mfu: 10.2% | epoch: 1 | remaining: 300s    
step 00008 (0.0%) | loss: 6.796336 | lrm: 1.00 | dt: 401ms | tok/sec: 326,957 | mfu: 10.2% | epoch: 1 | remaining: 300s    
step 00009 (0.0%) | loss: 6.648942 | lrm: 1.00 | dt: 400ms | tok/sec: 327,478 | mfu: 10.2% | epoch: 1 | remaining: 300s    
step 00010 (0.0%) | loss: 6.521239 | lrm: 1.00 | dt: 399ms | tok/sec: 328,133 | mfu: 10.2% | epoch: 1 | remaining: 300s    
step 00011 (0.0%) | loss: 6.407162 | lrm: 1.00 | dt: 400ms | tok/sec: 327,996 | mfu: 10.2% | epoch: 1 | remaining: 300s    
step 00012 (0.1%) | loss: 6.312670 | lrm: 1.00 | dt: 399ms | tok/sec: 328,351 | mfu: 10.2% | epoch: 1 | remaining: 299s    
step 00013 (0.3%) | loss: 6.229151 | lrm: 1.00 | dt: 399ms | tok/sec: 328,359 | mfu: 10.2% | epoch: 1 | remaining: 299s    
step 00014 (0.4%) | loss: 6.152600 | lrm: 1.00 | dt: 399ms | tok/sec: 328,257 | mfu: 10.2% | epoch: 1 | remaining: 298s    
step 00015 (0.5%) | loss: 6.089477 | lrm: 1.00 | dt: 398ms | tok/sec: 329,144 | mfu: 10.3% | epoch: 1 | remaining: 298s    
step 00016 (0.7%) | loss: 6.033693 | lrm: 1.00 | dt: 398ms | tok/sec: 328,990 | mfu: 10.2% | epoch: 1 | remaining: 298s    
step 00017 (0.8%) | loss: 5.978699 | lrm: 1.00 | dt: 398ms | tok/sec: 329,005 | mfu: 10.3% | epoch: 1 | remaining: 297s    
step 00018 (0.9%) | loss: 5.930248 | lrm: 1.00 | dt: 398ms | tok/sec: 329,364 | mfu: 10.3% | epoch: 1 | remaining: 297s    
step 00019 (1.1%) | loss: 5.886523 | lrm: 1.00 | dt: 398ms | tok/sec: 329,666 | mfu: 10.3% | epoch: 1 | remaining: 296s    [profile] fwd: 140.8ms bwd: 252.3ms load: 48.4ms opt: 5.2ms

step 00020 (1.2%) | loss: 5.848891 | lrm: 1.00 | dt: 452ms | tok/sec: 290,188 | mfu: 9.0% | epoch: 1 | remaining: 296s    
step 00021 (1.3%) | loss: 5.821195 | lrm: 1.00 | dt: 398ms | tok/sec: 329,470 | mfu: 10.3% | epoch: 1 | remaining: 296s    
step 00022 (1.5%) | loss: 5.791592 | lrm: 1.00 | dt: 397ms | tok/sec: 329,865 | mfu: 10.3% | epoch: 1 | remaining: 295s    
step 00023 (1.6%) | loss: 5.762088 | lrm: 1.00 | dt: 397ms | tok/sec: 329,938 | mfu: 10.3% | epoch: 1 | remaining: 295s    
step 00024 (1.7%) | loss: 5.733784 | lrm: 1.00 | dt: 397ms | tok/sec: 330,010 | mfu: 10.3% | epoch: 1 | remaining: 294s    
step 00025 (1.9%) | loss: 5.698386 | lrm: 1.00 | dt: 396ms | tok/sec: 330,851 | mfu: 10.3% | epoch: 1 | remaining: 294s    
step 00026 (2.0%) | loss: 5.670312 | lrm: 1.00 | dt: 397ms | tok/sec: 330,552 | mfu: 10.3% | epoch: 1 | remaining: 294s    
step 00027 (2.1%) | loss: 5.645805 | lrm: 1.00 | dt: 396ms | tok/sec: 330,774 | mfu: 10.3% | epoch: 1 | remaining: 293s    
step 00028 (2.3%) | loss: 5.622267 | lrm: 1.00 | dt: 396ms | tok/sec: 330,649 | mfu: 10.3% | epoch: 1 | remaining: 293s    
step 00029 (2.4%) | loss: 5.594984 | lrm: 1.00 | dt: 396ms | tok/sec: 330,736 | mfu: 10.3% | epoch: 1 | remaining: 292s    
step 00030 (2.5%) | loss: 5.569112 | lrm: 1.00 | dt: 396ms | tok/sec: 330,867 | mfu: 10.3% | epoch: 1 | remaining: 292s    
step 00031 (2.7%) | loss: 5.543450 | lrm: 1.00 | dt: 396ms | tok/sec: 330,788 | mfu: 10.3% | epoch: 1 | remaining: 292s    
step 00032 (2.8%) | loss: 5.516920 | lrm: 1.00 | dt: 396ms | tok/sec: 330,724 | mfu: 10.3% | epoch: 1 | remaining: 291s    
step 00033 (2.9%) | loss: 5.494767 | lrm: 1.00 | dt: 396ms | tok/sec: 330,694 | mfu: 10.3% | epoch: 1 | remaining: 291s    
step 00034 (3.1%) | loss: 5.468089 | lrm: 1.00 | dt: 396ms | tok/sec: 330,844 | mfu: 10.3% | epoch: 1 | remaining: 290s    
step 00035 (3.2%) | loss: 5.442918 | lrm: 1.00 | dt: 396ms | tok/sec: 330,975 | mfu: 10.3% | epoch: 1 | remaining: 290s    
step 00036 (3.3%) | loss: 5.421622 | lrm: 1.00 | dt: 396ms | tok/sec: 330,985 | mfu: 10.3% | epoch: 1 | remaining: 290s    
step 00037 (3.5%) | loss: 5.396315 | lrm: 1.00 | dt: 396ms | tok/sec: 331,002 | mfu: 10.3% | epoch: 1 | remaining: 289s    
step 00038 (3.6%) | loss: 5.373283 | lrm: 1.00 | dt: 396ms | tok/sec: 330,931 | mfu: 10.3% | epoch: 1 | remaining: 289s    
step 00039 (3.7%) | loss: 5.349997 | lrm: 1.00 | dt: 396ms | tok/sec: 330,966 | mfu: 10.3% | epoch: 1 | remaining: 288s    
step 00040 (3.9%) | loss: 5.326507 | lrm: 1.00 | dt: 396ms | tok/sec: 330,945 | mfu: 10.3% | epoch: 1 | remaining: 288s    
step 00041 (4.0%) | loss: 5.304125 | lrm: 1.00 | dt: 396ms | tok/sec: 330,927 | mfu: 10.3% | epoch: 1 | remaining: 288s    
step 00042 (4.1%) | loss: 5.284098 | lrm: 1.00 | dt: 396ms | tok/sec: 330,943 | mfu: 10.3% | epoch: 1 | remaining: 287s    
step 00043 (4.3%) | loss: 5.260037 | lrm: 1.00 | dt: 396ms | tok/sec: 330,980 | mfu: 10.3% | epoch: 1 | remaining: 287s    
step 00044 (4.4%) | loss: 5.239369 | lrm: 1.00 | dt: 396ms | tok/sec: 330,953 | mfu: 10.3% | epoch: 1 | remaining: 286s    
step 00045 (4.5%) | loss: 5.221399 | lrm: 1.00 | dt: 396ms | tok/sec: 330,890 | mfu: 10.3% | epoch: 1 | remaining: 286s    
step 00046 (4.6%) | loss: 5.203306 | lrm: 1.00 | dt: 396ms | tok/sec: 330,849 | mfu: 10.3% | epoch: 1 | remaining: 286s    
step 00047 (4.8%) | loss: 5.182942 | lrm: 1.00 | dt: 396ms | tok/sec: 330,993 | mfu: 10.3% | epoch: 1 | remaining: 285s    
step 00048 (4.9%) | loss: 5.165137 | lrm: 1.00 | dt: 396ms | tok/sec: 330,970 | mfu: 10.3% | epoch: 1 | remaining: 285s    
step 00049 (5.0%) | loss: 5.147086 | lrm: 1.00 | dt: 396ms | tok/sec: 331,004 | mfu: 10.3% | epoch: 1 | remaining: 284s    
step 00050 (5.2%) | loss: 5.127373 | lrm: 1.00 | dt: 396ms | tok/sec: 331,012 | mfu: 10.3% | epoch: 1 | remaining: 284s    
step 00051 (5.3%) | loss: 5.105736 | lrm: 1.00 | dt: 396ms | tok/sec: 330,911 | mfu: 10.3% | epoch: 1 | remaining: 284s    
step 00052 (5.4%) | loss: 5.082157 | lrm: 1.00 | dt: 396ms | tok/sec: 330,968 | mfu: 10.3% | epoch: 1 | remaining: 283s    
step 00053 (5.6%) | loss: 5.065388 | lrm: 1.00 | dt: 396ms | tok/sec: 330,936 | mfu: 10.3% | epoch: 1 | remaining: 283s    
step 00054 (5.7%) | loss: 5.045771 | lrm: 1.00 | dt: 396ms | tok/sec: 330,941 | mfu: 10.3% | epoch: 1 | remaining: 282s    
step 00055 (5.8%) | loss: 5.026401 | lrm: 1.00 | dt: 396ms | tok/sec: 330,935 | mfu: 10.3% | epoch: 1 | remaining: 282s    
step 00056 (6.0%) | loss: 5.006934 | lrm: 1.00 | dt: 396ms | tok/sec: 330,884 | mfu: 10.3% | epoch: 1 | remaining: 282s    
step 00057 (6.1%) | loss: 4.990540 | lrm: 1.00 | dt: 396ms | tok/sec: 330,966 | mfu: 10.3% | epoch: 1 | remaining: 281s    
step 00058 (6.2%) | loss: 4.976894 | lrm: 1.00 | dt: 396ms | tok/sec: 330,976 | mfu: 10.3% | epoch: 1 | remaining: 281s    
step 00059 (6.4%) | loss: 4.955628 | lrm: 1.00 | dt: 396ms | tok/sec: 330,977 | mfu: 10.3% | epoch: 1 | remaining: 281s    
step 00060 (6.5%) | loss: 4.936692 | lrm: 1.00 | dt: 396ms | tok/sec: 330,914 | mfu: 10.3% | epoch: 1 | remaining: 280s    
step 00061 (6.6%) | loss: 4.912910 | lrm: 1.00 | dt: 396ms | tok/sec: 330,916 | mfu: 10.3% | epoch: 1 | remaining: 280s    
step 00062 (6.8%) | loss: 4.894856 | lrm: 1.00 | dt: 396ms | tok/sec: 330,885 | mfu: 10.3% | epoch: 1 | remaining: 279s    
step 00063 (6.9%) | loss: 4.878869 | lrm: 1.00 | dt: 396ms | tok/sec: 330,845 | mfu: 10.3% | epoch: 1 | remaining: 279s    
step 00064 (7.0%) | loss: 4.863077 | lrm: 1.00 | dt: 396ms | tok/sec: 330,946 | mfu: 10.3% | epoch: 1 | remaining: 279s    
step 00065 (7.2%) | loss: 4.845995 | lrm: 1.00 | dt: 396ms | tok/sec: 330,947 | mfu: 10.3% | epoch: 1 | remaining: 278s    
step 00066 (7.3%) | loss: 4.826552 | lrm: 1.00 | dt: 396ms | tok/sec: 330,906 | mfu: 10.3% | epoch: 1 | remaining: 278s    
step 00067 (7.4%) | loss: 4.812649 | lrm: 1.00 | dt: 396ms | tok/sec: 330,931 | mfu: 10.3% | epoch: 1 | remaining: 277s    
step 00068 (7.6%) | loss: 4.796899 | lrm: 1.00 | dt: 396ms | tok/sec: 330,868 | mfu: 10.3% | epoch: 1 | remaining: 277s    
step 00069 (7.7%) | loss: 4.777996 | lrm: 1.00 | dt: 396ms | tok/sec: 330,954 | mfu: 10.3% | epoch: 1 | remaining: 277s    
step 00070 (7.8%) | loss: 4.762744 | lrm: 1.00 | dt: 396ms | tok/sec: 330,875 | mfu: 10.3% | epoch: 1 | remaining: 276s    
step 00071 (8.0%) | loss: 4.741333 | lrm: 1.00 | dt: 396ms | tok/sec: 330,970 | mfu: 10.3% | epoch: 1 | remaining: 276s    
step 00072 (8.1%) | loss: 4.726479 | lrm: 1.00 | dt: 396ms | tok/sec: 330,971 | mfu: 10.3% | epoch: 1 | remaining: 275s    
step 00073 (8.2%) | loss: 4.707107 | lrm: 1.00 | dt: 396ms | tok/sec: 330,946 | mfu: 10.3% | epoch: 1 | remaining: 275s    
step 00074 (8.3%) | loss: 4.691742 | lrm: 1.00 | dt: 396ms | tok/sec: 330,914 | mfu: 10.3% | epoch: 1 | remaining: 275s    
step 00075 (8.5%) | loss: 4.673935 | lrm: 1.00 | dt: 396ms | tok/sec: 330,961 | mfu: 10.3% | epoch: 1 | remaining: 274s    
step 00076 (8.6%) | loss: 4.655382 | lrm: 1.00 | dt: 396ms | tok/sec: 330,970 | mfu: 10.3% | epoch: 1 | remaining: 274s    
step 00077 (8.7%) | loss: 4.633430 | lrm: 1.00 | dt: 396ms | tok/sec: 330,929 | mfu: 10.3% | epoch: 1 | remaining: 273s    
step 00078 (8.9%) | loss: 4.613461 | lrm: 1.00 | dt: 396ms | tok/sec: 330,936 | mfu: 10.3% | epoch: 1 | remaining: 273s    
step 00079 (9.0%) | loss: 4.596944 | lrm: 1.00 | dt: 396ms | tok/sec: 330,904 | mfu: 10.3% | epoch: 1 | remaining: 273s    
step 00080 (9.1%) | loss: 4.580979 | lrm: 1.00 | dt: 396ms | tok/sec: 330,970 | mfu: 10.3% | epoch: 1 | remaining: 272s    
step 00081 (9.3%) | loss: 4.566529 | lrm: 1.00 | dt: 396ms | tok/sec: 330,914 | mfu: 10.3% | epoch: 1 | remaining: 272s    
step 00082 (9.4%) | loss: 4.547006 | lrm: 1.00 | dt: 396ms | tok/sec: 330,866 | mfu: 10.3% | epoch: 1 | remaining: 271s    
step 00083 (9.5%) | loss: 4.528866 | lrm: 1.00 | dt: 396ms | tok/sec: 331,078 | mfu: 10.3% | epoch: 1 | remaining: 271s    
step 00084 (9.7%) | loss: 4.511654 | lrm: 1.00 | dt: 396ms | tok/sec: 331,018 | mfu: 10.3% | epoch: 1 | remaining: 271s    
step 00085 (9.8%) | loss: 4.499701 | lrm: 1.00 | dt: 396ms | tok/sec: 330,946 | mfu: 10.3% | epoch: 1 | remaining: 270s    
step 00086 (9.9%) | loss: 4.482296 | lrm: 1.00 | dt: 396ms | tok/sec: 330,783 | mfu: 10.3% | epoch: 1 | remaining: 270s    
step 00087 (10.1%) | loss: 4.462179 | lrm: 1.00 | dt: 396ms | tok/sec: 331,073 | mfu: 10.3% | epoch: 1 | remaining: 269s    
step 00088 (10.2%) | loss: 4.449421 | lrm: 1.00 | dt: 396ms | tok/sec: 330,981 | mfu: 10.3% | epoch: 1 | remaining: 269s    
step 00089 (10.3%) | loss: 4.431181 | lrm: 1.00 | dt: 396ms | tok/sec: 330,957 | mfu: 10.3% | epoch: 1 | remaining: 269s    
step 00090 (10.5%) | loss: 4.412954 | lrm: 1.00 | dt: 396ms | tok/sec: 330,898 | mfu: 10.3% | epoch: 1 | remaining: 268s    
step 00091 (10.6%) | loss: 4.400901 | lrm: 1.00 | dt: 396ms | tok/sec: 330,847 | mfu: 10.3% | epoch: 1 | remaining: 268s    
step 00092 (10.7%) | loss: 4.385008 | lrm: 1.00 | dt: 396ms | tok/sec: 330,876 | mfu: 10.3% | epoch: 1 | remaining: 267s    
step 00093 (10.9%) | loss: 4.367432 | lrm: 1.00 | dt: 396ms | tok/sec: 331,110 | mfu: 10.3% | epoch: 1 | remaining: 267s    
step 00094 (11.0%) | loss: 4.352379 | lrm: 1.00 | dt: 396ms | tok/sec: 330,901 | mfu: 10.3% | epoch: 1 | remaining: 267s    
step 00095 (11.1%) | loss: 4.331929 | lrm: 1.00 | dt: 396ms | tok/sec: 330,908 | mfu: 10.3% | epoch: 1 | remaining: 266s    
step 00096 (11.3%) | loss: 4.317285 | lrm: 1.00 | dt: 396ms | tok/sec: 330,994 | mfu: 10.3% | epoch: 1 | remaining: 266s    
step 00097 (11.4%) | loss: 4.299482 | lrm: 1.00 | dt: 396ms | tok/sec: 331,089 | mfu: 10.3% | epoch: 1 | remaining: 265s    
step 00098 (11.5%) | loss: 4.278633 | lrm: 1.00 | dt: 396ms | tok/sec: 331,139 | mfu: 10.3% | epoch: 1 | remaining: 265s    
step 00099 (11.6%) | loss: 4.263383 | lrm: 1.00 | dt: 396ms | tok/sec: 331,048 | mfu: 10.3% | epoch: 1 | remaining: 265s    
step 00100 (11.8%) | loss: 4.255528 | lrm: 1.00 | dt: 396ms | tok/sec: 331,038 | mfu: 10.3% | epoch: 1 | remaining: 264s    
step 00101 (11.9%) | loss: 4.244220 | lrm: 1.00 | dt: 396ms | tok/sec: 331,034 | mfu: 10.3% | epoch: 1 | remaining: 264s    
step 00102 (12.0%) | loss: 4.229530 | lrm: 1.00 | dt: 396ms | tok/sec: 331,135 | mfu: 10.3% | epoch: 1 | remaining: 263s    
step 00103 (12.2%) | loss: 4.212864 | lrm: 1.00 | dt: 396ms | tok/sec: 331,174 | mfu: 10.3% | epoch: 1 | remaining: 263s    
step 00104 (12.3%) | loss: 4.200518 | lrm: 1.00 | dt: 396ms | tok/sec: 331,063 | mfu: 10.3% | epoch: 1 | remaining: 263s    
step 00105 (12.4%) | loss: 4.188279 | lrm: 1.00 | dt: 396ms | tok/sec: 331,110 | mfu: 10.3% | epoch: 1 | remaining: 262s    
step 00106 (12.6%) | loss: 4.174996 | lrm: 1.00 | dt: 396ms | tok/sec: 331,103 | mfu: 10.3% | epoch: 1 | remaining: 262s    
step 00107 (12.7%) | loss: 4.161486 | lrm: 1.00 | dt: 396ms | tok/sec: 331,164 | mfu: 10.3% | epoch: 1 | remaining: 261s    
step 00108 (12.8%) | loss: 4.143402 | lrm: 1.00 | dt: 396ms | tok/sec: 331,189 | mfu: 10.3% | epoch: 1 | remaining: 261s    
step 00109 (13.0%) | loss: 4.127267 | lrm: 1.00 | dt: 396ms | tok/sec: 331,120 | mfu: 10.3% | epoch: 1 | remaining: 261s    
step 00110 (13.1%) | loss: 4.113641 | lrm: 1.00 | dt: 396ms | tok/sec: 331,115 | mfu: 10.3% | epoch: 1 | remaining: 260s    
step 00111 (13.2%) | loss: 4.107041 | lrm: 1.00 | dt: 396ms | tok/sec: 331,120 | mfu: 10.3% | epoch: 1 | remaining: 260s    
step 00112 (13.4%) | loss: 4.098423 | lrm: 1.00 | dt: 396ms | tok/sec: 331,137 | mfu: 10.3% | epoch: 1 | remaining: 260s    
step 00113 (13.5%) | loss: 4.088980 | lrm: 1.00 | dt: 396ms | tok/sec: 331,123 | mfu: 10.3% | epoch: 1 | remaining: 259s    
step 00114 (13.6%) | loss: 4.075278 | lrm: 1.00 | dt: 396ms | tok/sec: 331,037 | mfu: 10.3% | epoch: 1 | remaining: 259s    
step 00115 (13.8%) | loss: 4.064896 | lrm: 1.00 | dt: 396ms | tok/sec: 331,014 | mfu: 10.3% | epoch: 1 | remaining: 258s    
step 00116 (13.9%) | loss: 4.056910 | lrm: 1.00 | dt: 396ms | tok/sec: 331,108 | mfu: 10.3% | epoch: 1 | remaining: 258s    
step 00117 (14.0%) | loss: 4.043221 | lrm: 1.00 | dt: 396ms | tok/sec: 331,106 | mfu: 10.3% | epoch: 1 | remaining: 258s    
step 00118 (14.2%) | loss: 4.032527 | lrm: 1.00 | dt: 396ms | tok/sec: 331,098 | mfu: 10.3% | epoch: 1 | remaining: 257s    
step 00119 (14.3%) | loss: 4.022656 | lrm: 1.00 | dt: 396ms | tok/sec: 331,112 | mfu: 10.3% | epoch: 1 | remaining: 257s    
step 00120 (14.4%) | loss: 4.017358 | lrm: 1.00 | dt: 396ms | tok/sec: 331,104 | mfu: 10.3% | epoch: 1 | remaining: 256s    
step 00121 (14.5%) | loss: 4.004399 | lrm: 1.00 | dt: 396ms | tok/sec: 331,061 | mfu: 10.3% | epoch: 1 | remaining: 256s    
step 00122 (14.7%) | loss: 3.994043 | lrm: 1.00 | dt: 396ms | tok/sec: 331,101 | mfu: 10.3% | epoch: 1 | remaining: 256s    
step 00123 (14.8%) | loss: 3.982157 | lrm: 1.00 | dt: 396ms | tok/sec: 331,072 | mfu: 10.3% | epoch: 1 | remaining: 255s    
step 00124 (14.9%) | loss: 3.970974 | lrm: 1.00 | dt: 396ms | tok/sec: 331,074 | mfu: 10.3% | epoch: 1 | remaining: 255s    
step 00125 (15.1%) | loss: 3.959986 | lrm: 1.00 | dt: 396ms | tok/sec: 331,009 | mfu: 10.3% | epoch: 1 | remaining: 254s    
step 00126 (15.2%) | loss: 3.947119 | lrm: 1.00 | dt: 396ms | tok/sec: 331,095 | mfu: 10.3% | epoch: 1 | remaining: 254s    
step 00127 (15.3%) | loss: 3.941200 | lrm: 1.00 | dt: 396ms | tok/sec: 331,149 | mfu: 10.3% | epoch: 1 | remaining: 254s    
step 00128 (15.5%) | loss: 3.936702 | lrm: 0.99 | dt: 396ms | tok/sec: 331,155 | mfu: 10.3% | epoch: 1 | remaining: 253s    
step 00129 (15.6%) | loss: 3.923863 | lrm: 0.99 | dt: 396ms | tok/sec: 331,238 | mfu: 10.3% | epoch: 1 | remaining: 253s    
step 00130 (15.7%) | loss: 3.912425 | lrm: 0.99 | dt: 396ms | tok/sec: 331,174 | mfu: 10.3% | epoch: 1 | remaining: 252s    
step 00131 (15.9%) | loss: 3.898821 | lrm: 0.99 | dt: 396ms | tok/sec: 331,208 | mfu: 10.3% | epoch: 1 | remaining: 252s    
step 00132 (16.0%) | loss: 3.893495 | lrm: 0.99 | dt: 396ms | tok/sec: 331,170 | mfu: 10.3% | epoch: 1 | remaining: 252s    
step 00133 (16.1%) | loss: 3.888845 | lrm: 0.99 | dt: 396ms | tok/sec: 331,134 | mfu: 10.3% | epoch: 1 | remaining: 251s    
step 00134 (16.3%) | loss: 3.877037 | lrm: 0.99 | dt: 396ms | tok/sec: 331,112 | mfu: 10.3% | epoch: 1 | remaining: 251s    
step 00135 (16.4%) | loss: 3.872884 | lrm: 0.98 | dt: 396ms | tok/sec: 331,094 | mfu: 10.3% | epoch: 1 | remaining: 250s    
step 00136 (16.5%) | loss: 3.863125 | lrm: 0.98 | dt: 396ms | tok/sec: 331,164 | mfu: 10.3% | epoch: 1 | remaining: 250s    
step 00137 (16.7%) | loss: 3.853313 | lrm: 0.98 | dt: 396ms | tok/sec: 331,098 | mfu: 10.3% | epoch: 1 | remaining: 250s    
step 00138 (16.8%) | loss: 3.840655 | lrm: 0.98 | dt: 396ms | tok/sec: 331,154 | mfu: 10.3% | epoch: 1 | remaining: 249s    
step 00139 (16.9%) | loss: 3.833226 | lrm: 0.98 | dt: 396ms | tok/sec: 331,169 | mfu: 10.3% | epoch: 1 | remaining: 249s    
step 00140 (17.1%) | loss: 3.821913 | lrm: 0.98 | dt: 396ms | tok/sec: 331,172 | mfu: 10.3% | epoch: 1 | remaining: 248s    
step 00141 (17.2%) | loss: 3.816071 | lrm: 0.97 | dt: 396ms | tok/sec: 331,179 | mfu: 10.3% | epoch: 1 | remaining: 248s    
step 00142 (17.3%) | loss: 3.811715 | lrm: 0.97 | dt: 396ms | tok/sec: 331,162 | mfu: 10.3% | epoch: 1 | remaining: 248s    
step 00143 (17.5%) | loss: 3.806724 | lrm: 0.97 | dt: 396ms | tok/sec: 331,157 | mfu: 10.3% | epoch: 1 | remaining: 247s    
step 00144 (17.6%) | loss: 3.801109 | lrm: 0.97 | dt: 396ms | tok/sec: 331,139 | mfu: 10.3% | epoch: 1 | remaining: 247s    
step 00145 (17.7%) | loss: 3.799064 | lrm: 0.97 | dt: 396ms | tok/sec: 331,176 | mfu: 10.3% | epoch: 1 | remaining: 246s    
step 00146 (17.8%) | loss: 3.797281 | lrm: 0.97 | dt: 396ms | tok/sec: 331,136 | mfu: 10.3% | epoch: 1 | remaining: 246s    
step 00147 (18.0%) | loss: 3.785112 | lrm: 0.96 | dt: 396ms | tok/sec: 331,171 | mfu: 10.3% | epoch: 1 | remaining: 246s    
step 00148 (18.1%) | loss: 3.784805 | lrm: 0.96 | dt: 396ms | tok/sec: 331,215 | mfu: 10.3% | epoch: 1 | remaining: 245s    
step 00149 (18.2%) | loss: 3.779265 | lrm: 0.96 | dt: 396ms | tok/sec: 331,052 | mfu: 10.3% | epoch: 1 | remaining: 245s    
step 00150 (18.4%) | loss: 3.773589 | lrm: 0.96 | dt: 396ms | tok/sec: 331,004 | mfu: 10.3% | epoch: 1 | remaining: 244s    
step 00151 (18.5%) | loss: 3.769043 | lrm: 0.96 | dt: 396ms | tok/sec: 331,019 | mfu: 10.3% | epoch: 1 | remaining: 244s    
step 00152 (18.6%) | loss: 3.761707 | lrm: 0.96 | dt: 396ms | tok/sec: 331,034 | mfu: 10.3% | epoch: 1 | remaining: 244s    
step 00153 (18.8%) | loss: 3.757229 | lrm: 0.96 | dt: 396ms | tok/sec: 331,129 | mfu: 10.3% | epoch: 1 | remaining: 243s    
step 00154 (18.9%) | loss: 3.753384 | lrm: 0.95 | dt: 396ms | tok/sec: 331,210 | mfu: 10.3% | epoch: 1 | remaining: 243s    
step 00155 (19.0%) | loss: 3.750486 | lrm: 0.95 | dt: 396ms | tok/sec: 331,198 | mfu: 10.3% | epoch: 1 | remaining: 242s    
step 00156 (19.2%) | loss: 3.745555 | lrm: 0.95 | dt: 396ms | tok/sec: 331,240 | mfu: 10.3% | epoch: 1 | remaining: 242s    
step 00157 (19.3%) | loss: 3.747311 | lrm: 0.95 | dt: 396ms | tok/sec: 331,156 | mfu: 10.3% | epoch: 1 | remaining: 242s    
step 00158 (19.4%) | loss: 3.744609 | lrm: 0.95 | dt: 396ms | tok/sec: 331,291 | mfu: 10.3% | epoch: 1 | remaining: 241s    
step 00159 (19.6%) | loss: 3.742878 | lrm: 0.95 | dt: 396ms | tok/sec: 331,184 | mfu: 10.3% | epoch: 1 | remaining: 241s    
step 00160 (19.7%) | loss: 3.733326 | lrm: 0.94 | dt: 396ms | tok/sec: 331,245 | mfu: 10.3% | epoch: 1 | remaining: 241s    
step 00161 (19.8%) | loss: 3.725000 | lrm: 0.94 | dt: 396ms | tok/sec: 331,203 | mfu: 10.3% | epoch: 1 | remaining: 240s    
step 00162 (20.0%) | loss: 3.713813 | lrm: 0.94 | dt: 396ms | tok/sec: 331,232 | mfu: 10.3% | epoch: 1 | remaining: 240s    
step 00163 (20.1%) | loss: 3.709675 | lrm: 0.94 | dt: 396ms | tok/sec: 331,156 | mfu: 10.3% | epoch: 1 | remaining: 239s    
step 00164 (20.2%) | loss: 3.700848 | lrm: 0.94 | dt: 396ms | tok/sec: 331,160 | mfu: 10.3% | epoch: 1 | remaining: 239s    
step 00165 (20.4%) | loss: 3.691696 | lrm: 0.94 | dt: 396ms | tok/sec: 331,161 | mfu: 10.3% | epoch: 1 | remaining: 239s    
step 00166 (20.5%) | loss: 3.684968 | lrm: 0.94 | dt: 396ms | tok/sec: 331,202 | mfu: 10.3% | epoch: 1 | remaining: 238s    
step 00167 (20.6%) | loss: 3.682374 | lrm: 0.93 | dt: 396ms | tok/sec: 331,197 | mfu: 10.3% | epoch: 1 | remaining: 238s    
step 00168 (20.8%) | loss: 3.687048 | lrm: 0.93 | dt: 396ms | tok/sec: 331,209 | mfu: 10.3% | epoch: 1 | remaining: 237s    
step 00169 (20.9%) | loss: 3.677030 | lrm: 0.93 | dt: 396ms | tok/sec: 331,017 | mfu: 10.3% | epoch: 1 | remaining: 237s    
step 00170 (21.0%) | loss: 3.672974 | lrm: 0.93 | dt: 396ms | tok/sec: 331,119 | mfu: 10.3% | epoch: 1 | remaining: 237s    
step 00171 (21.1%) | loss: 3.672516 | lrm: 0.93 | dt: 396ms | tok/sec: 331,173 | mfu: 10.3% | epoch: 1 | remaining: 236s    
step 00172 (21.3%) | loss: 3.666531 | lrm: 0.93 | dt: 396ms | tok/sec: 331,069 | mfu: 10.3% | epoch: 1 | remaining: 236s    
step 00173 (21.4%) | loss: 3.665562 | lrm: 0.92 | dt: 396ms | tok/sec: 331,220 | mfu: 10.3% | epoch: 1 | remaining: 235s    
step 00174 (21.5%) | loss: 3.656461 | lrm: 0.92 | dt: 396ms | tok/sec: 331,161 | mfu: 10.3% | epoch: 1 | remaining: 235s    
step 00175 (21.7%) | loss: 3.658728 | lrm: 0.92 | dt: 396ms | tok/sec: 331,029 | mfu: 10.3% | epoch: 1 | remaining: 235s    
step 00176 (21.8%) | loss: 3.658761 | lrm: 0.92 | dt: 396ms | tok/sec: 331,077 | mfu: 10.3% | epoch: 1 | remaining: 234s    
step 00177 (21.9%) | loss: 3.642217 | lrm: 0.92 | dt: 396ms | tok/sec: 331,055 | mfu: 10.3% | epoch: 1 | remaining: 234s    
step 00178 (22.1%) | loss: 3.643567 | lrm: 0.92 | dt: 396ms | tok/sec: 331,120 | mfu: 10.3% | epoch: 1 | remaining: 233s    
step 00179 (22.2%) | loss: 3.639099 | lrm: 0.92 | dt: 396ms | tok/sec: 331,030 | mfu: 10.3% | epoch: 1 | remaining: 233s    
step 00180 (22.3%) | loss: 3.633629 | lrm: 0.91 | dt: 396ms | tok/sec: 331,105 | mfu: 10.3% | epoch: 1 | remaining: 233s    
step 00181 (22.5%) | loss: 3.630646 | lrm: 0.91 | dt: 396ms | tok/sec: 331,180 | mfu: 10.3% | epoch: 1 | remaining: 232s    
step 00182 (22.6%) | loss: 3.625438 | lrm: 0.91 | dt: 396ms | tok/sec: 331,086 | mfu: 10.3% | epoch: 1 | remaining: 232s    
step 00183 (22.7%) | loss: 3.629742 | lrm: 0.91 | dt: 396ms | tok/sec: 331,128 | mfu: 10.3% | epoch: 1 | remaining: 231s    
step 00184 (22.9%) | loss: 3.621872 | lrm: 0.91 | dt: 396ms | tok/sec: 331,162 | mfu: 10.3% | epoch: 1 | remaining: 231s    
step 00185 (23.0%) | loss: 3.616009 | lrm: 0.91 | dt: 396ms | tok/sec: 331,101 | mfu: 10.3% | epoch: 1 | remaining: 231s    
step 00186 (23.1%) | loss: 3.616914 | lrm: 0.90 | dt: 396ms | tok/sec: 331,138 | mfu: 10.3% | epoch: 1 | remaining: 230s    
step 00187 (23.3%) | loss: 3.612950 | lrm: 0.90 | dt: 396ms | tok/sec: 331,055 | mfu: 10.3% | epoch: 1 | remaining: 230s    
step 00188 (23.4%) | loss: 3.604201 | lrm: 0.90 | dt: 396ms | tok/sec: 331,119 | mfu: 10.3% | epoch: 1 | remaining: 229s    
step 00189 (23.5%) | loss: 3.602631 | lrm: 0.90 | dt: 396ms | tok/sec: 331,204 | mfu: 10.3% | epoch: 1 | remaining: 229s    
step 00190 (23.7%) | loss: 3.590141 | lrm: 0.90 | dt: 396ms | tok/sec: 331,239 | mfu: 10.3% | epoch: 1 | remaining: 229s    
step 00191 (23.8%) | loss: 3.578857 | lrm: 0.90 | dt: 396ms | tok/sec: 331,085 | mfu: 10.3% | epoch: 1 | remaining: 228s    
step 00192 (23.9%) | loss: 3.576700 | lrm: 0.90 | dt: 396ms | tok/sec: 331,095 | mfu: 10.3% | epoch: 1 | remaining: 228s    
step 00193 (24.0%) | loss: 3.570083 | lrm: 0.89 | dt: 396ms | tok/sec: 331,022 | mfu: 10.3% | epoch: 1 | remaining: 227s    
step 00194 (24.2%) | loss: 3.570699 | lrm: 0.89 | dt: 396ms | tok/sec: 331,170 | mfu: 10.3% | epoch: 1 | remaining: 227s    
step 00195 (24.3%) | loss: 3.575936 | lrm: 0.89 | dt: 396ms | tok/sec: 331,115 | mfu: 10.3% | epoch: 1 | remaining: 227s    
step 00196 (24.4%) | loss: 3.577962 | lrm: 0.89 | dt: 396ms | tok/sec: 331,173 | mfu: 10.3% | epoch: 1 | remaining: 226s    
step 00197 (24.6%) | loss: 3.574622 | lrm: 0.89 | dt: 396ms | tok/sec: 331,138 | mfu: 10.3% | epoch: 1 | remaining: 226s    
step 00198 (24.7%) | loss: 3.576237 | lrm: 0.89 | dt: 396ms | tok/sec: 331,089 | mfu: 10.3% | epoch: 1 | remaining: 225s    
step 00199 (24.8%) | loss: 3.568387 | lrm: 0.88 | dt: 396ms | tok/sec: 331,121 | mfu: 10.3% | epoch: 1 | remaining: 225s    
step 00200 (25.0%) | loss: 3.564808 | lrm: 0.88 | dt: 396ms | tok/sec: 331,064 | mfu: 10.3% | epoch: 1 | remaining: 225s    
step 00201 (25.1%) | loss: 3.564061 | lrm: 0.88 | dt: 396ms | tok/sec: 331,068 | mfu: 10.3% | epoch: 1 | remaining: 224s    
step 00202 (25.2%) | loss: 3.556802 | lrm: 0.88 | dt: 396ms | tok/sec: 331,131 | mfu: 10.3% | epoch: 1 | remaining: 224s    
step 00203 (25.4%) | loss: 3.556516 | lrm: 0.88 | dt: 396ms | tok/sec: 331,210 | mfu: 10.3% | epoch: 1 | remaining: 223s    
step 00204 (25.5%) | loss: 3.549940 | lrm: 0.88 | dt: 396ms | tok/sec: 331,129 | mfu: 10.3% | epoch: 1 | remaining: 223s    
step 00205 (25.6%) | loss: 3.549763 | lrm: 0.87 | dt: 396ms | tok/sec: 331,068 | mfu: 10.3% | epoch: 1 | remaining: 223s    
step 00206 (25.8%) | loss: 3.547945 | lrm: 0.87 | dt: 396ms | tok/sec: 331,057 | mfu: 10.3% | epoch: 1 | remaining: 222s    
step 00207 (25.9%) | loss: 3.548222 | lrm: 0.87 | dt: 396ms | tok/sec: 331,177 | mfu: 10.3% | epoch: 1 | remaining: 222s    
step 00208 (26.0%) | loss: 3.546139 | lrm: 0.87 | dt: 396ms | tok/sec: 331,239 | mfu: 10.3% | epoch: 1 | remaining: 222s    
step 00209 (26.2%) | loss: 3.541845 | lrm: 0.87 | dt: 396ms | tok/sec: 331,175 | mfu: 10.3% | epoch: 1 | remaining: 221s    
step 00210 (26.3%) | loss: 3.534325 | lrm: 0.87 | dt: 396ms | tok/sec: 331,195 | mfu: 10.3% | epoch: 1 | remaining: 221s    
step 00211 (26.4%) | loss: 3.534790 | lrm: 0.87 | dt: 396ms | tok/sec: 331,152 | mfu: 10.3% | epoch: 1 | remaining: 220s    
step 00212 (26.6%) | loss: 3.532304 | lrm: 0.86 | dt: 396ms | tok/sec: 331,222 | mfu: 10.3% | epoch: 1 | remaining: 220s    
step 00213 (26.7%) | loss: 3.531099 | lrm: 0.86 | dt: 396ms | tok/sec: 331,107 | mfu: 10.3% | epoch: 1 | remaining: 220s    
step 00214 (26.8%) | loss: 3.530730 | lrm: 0.86 | dt: 396ms | tok/sec: 331,132 | mfu: 10.3% | epoch: 1 | remaining: 219s    
step 00215 (27.0%) | loss: 3.529793 | lrm: 0.86 | dt: 396ms | tok/sec: 331,172 | mfu: 10.3% | epoch: 1 | remaining: 219s    
step 00216 (27.1%) | loss: 3.528115 | lrm: 0.86 | dt: 396ms | tok/sec: 331,126 | mfu: 10.3% | epoch: 1 | remaining: 218s    
step 00217 (27.2%) | loss: 3.531651 | lrm: 0.86 | dt: 396ms | tok/sec: 331,232 | mfu: 10.3% | epoch: 1 | remaining: 218s    
step 00218 (27.3%) | loss: 3.528241 | lrm: 0.85 | dt: 396ms | tok/sec: 331,127 | mfu: 10.3% | epoch: 1 | remaining: 218s    
step 00219 (27.5%) | loss: 3.531973 | lrm: 0.85 | dt: 396ms | tok/sec: 331,139 | mfu: 10.3% | epoch: 1 | remaining: 217s    
step 00220 (27.6%) | loss: 3.534892 | lrm: 0.85 | dt: 396ms | tok/sec: 331,140 | mfu: 10.3% | epoch: 1 | remaining: 217s    
step 00221 (27.7%) | loss: 3.533446 | lrm: 0.85 | dt: 396ms | tok/sec: 331,056 | mfu: 10.3% | epoch: 1 | remaining: 216s    
step 00222 (27.9%) | loss: 3.532562 | lrm: 0.85 | dt: 396ms | tok/sec: 331,196 | mfu: 10.3% | epoch: 1 | remaining: 216s    
step 00223 (28.0%) | loss: 3.526251 | lrm: 0.85 | dt: 396ms | tok/sec: 331,205 | mfu: 10.3% | epoch: 1 | remaining: 216s    
step 00224 (28.1%) | loss: 3.526240 | lrm: 0.85 | dt: 396ms | tok/sec: 331,254 | mfu: 10.3% | epoch: 1 | remaining: 215s    
step 00225 (28.3%) | loss: 3.515699 | lrm: 0.84 | dt: 396ms | tok/sec: 331,162 | mfu: 10.3% | epoch: 1 | remaining: 215s    
step 00226 (28.4%) | loss: 3.519267 | lrm: 0.84 | dt: 396ms | tok/sec: 331,306 | mfu: 10.3% | epoch: 1 | remaining: 214s    
step 00227 (28.5%) | loss: 3.520656 | lrm: 0.84 | dt: 396ms | tok/sec: 331,266 | mfu: 10.3% | epoch: 1 | remaining: 214s    
step 00228 (28.7%) | loss: 3.515331 | lrm: 0.84 | dt: 396ms | tok/sec: 331,250 | mfu: 10.3% | epoch: 1 | remaining: 214s    
step 00229 (28.8%) | loss: 3.514315 | lrm: 0.84 | dt: 396ms | tok/sec: 331,200 | mfu: 10.3% | epoch: 1 | remaining: 213s    
step 00230 (28.9%) | loss: 3.513381 | lrm: 0.84 | dt: 396ms | tok/sec: 331,204 | mfu: 10.3% | epoch: 1 | remaining: 213s    
step 00231 (29.1%) | loss: 3.510922 | lrm: 0.83 | dt: 396ms | tok/sec: 331,240 | mfu: 10.3% | epoch: 1 | remaining: 212s    
step 00232 (29.2%) | loss: 3.508266 | lrm: 0.83 | dt: 396ms | tok/sec: 331,257 | mfu: 10.3% | epoch: 1 | remaining: 212s    
step 00233 (29.3%) | loss: 3.502074 | lrm: 0.83 | dt: 396ms | tok/sec: 331,227 | mfu: 10.3% | epoch: 1 | remaining: 212s    
step 00234 (29.5%) | loss: 3.498923 | lrm: 0.83 | dt: 396ms | tok/sec: 331,231 | mfu: 10.3% | epoch: 1 | remaining: 211s    
step 00235 (29.6%) | loss: 3.494988 | lrm: 0.83 | dt: 396ms | tok/sec: 331,209 | mfu: 10.3% | epoch: 1 | remaining: 211s    
step 00236 (29.7%) | loss: 3.494621 | lrm: 0.83 | dt: 396ms | tok/sec: 331,068 | mfu: 10.3% | epoch: 1 | remaining: 210s    
step 00237 (29.9%) | loss: 3.494623 | lrm: 0.83 | dt: 396ms | tok/sec: 330,958 | mfu: 10.3% | epoch: 1 | remaining: 210s    
step 00238 (30.0%) | loss: 3.496928 | lrm: 0.82 | dt: 396ms | tok/sec: 331,045 | mfu: 10.3% | epoch: 1 | remaining: 210s    
step 00239 (30.1%) | loss: 3.497789 | lrm: 0.82 | dt: 396ms | tok/sec: 331,073 | mfu: 10.3% | epoch: 1 | remaining: 209s    
step 00240 (30.3%) | loss: 3.492453 | lrm: 0.82 | dt: 396ms | tok/sec: 331,056 | mfu: 10.3% | epoch: 1 | remaining: 209s    
step 00241 (30.4%) | loss: 3.489398 | lrm: 0.82 | dt: 396ms | tok/sec: 331,181 | mfu: 10.3% | epoch: 1 | remaining: 208s    
step 00242 (30.5%) | loss: 3.488400 | lrm: 0.82 | dt: 396ms | tok/sec: 331,168 | mfu: 10.3% | epoch: 1 | remaining: 208s    
step 00243 (30.6%) | loss: 3.487061 | lrm: 0.82 | dt: 396ms | tok/sec: 331,233 | mfu: 10.3% | epoch: 1 | remaining: 208s    
step 00244 (30.8%) | loss: 3.481300 | lrm: 0.81 | dt: 396ms | tok/sec: 331,189 | mfu: 10.3% | epoch: 1 | remaining: 207s    
step 00245 (30.9%) | loss: 3.482248 | lrm: 0.81 | dt: 396ms | tok/sec: 331,200 | mfu: 10.3% | epoch: 1 | remaining: 207s    
step 00246 (31.0%) | loss: 3.482672 | lrm: 0.81 | dt: 396ms | tok/sec: 331,225 | mfu: 10.3% | epoch: 1 | remaining: 206s    
step 00247 (31.2%) | loss: 3.474617 | lrm: 0.81 | dt: 396ms | tok/sec: 331,195 | mfu: 10.3% | epoch: 1 | remaining: 206s    
step 00248 (31.3%) | loss: 3.476672 | lrm: 0.81 | dt: 396ms | tok/sec: 331,229 | mfu: 10.3% | epoch: 1 | remaining: 206s    
step 00249 (31.4%) | loss: 3.477913 | lrm: 0.81 | dt: 396ms | tok/sec: 331,312 | mfu: 10.3% | epoch: 1 | remaining: 205s    
step 00250 (31.6%) | loss: 3.475393 | lrm: 0.81 | dt: 396ms | tok/sec: 331,264 | mfu: 10.3% | epoch: 1 | remaining: 205s    
step 00251 (31.7%) | loss: 3.479128 | lrm: 0.80 | dt: 396ms | tok/sec: 331,221 | mfu: 10.3% | epoch: 1 | remaining: 205s    
step 00252 (31.8%) | loss: 3.472339 | lrm: 0.80 | dt: 396ms | tok/sec: 331,157 | mfu: 10.3% | epoch: 1 | remaining: 204s    
step 00253 (32.0%) | loss: 3.471649 | lrm: 0.80 | dt: 396ms | tok/sec: 331,177 | mfu: 10.3% | epoch: 1 | remaining: 204s    
step 00254 (32.1%) | loss: 3.467215 | lrm: 0.80 | dt: 396ms | tok/sec: 331,217 | mfu: 10.3% | epoch: 1 | remaining: 203s    
step 00255 (32.2%) | loss: 3.471193 | lrm: 0.80 | dt: 396ms | tok/sec: 331,166 | mfu: 10.3% | epoch: 1 | remaining: 203s    
step 00256 (32.4%) | loss: 3.466359 | lrm: 0.80 | dt: 396ms | tok/sec: 331,210 | mfu: 10.3% | epoch: 1 | remaining: 203s    
step 00257 (32.5%) | loss: 3.458673 | lrm: 0.79 | dt: 396ms | tok/sec: 331,177 | mfu: 10.3% | epoch: 1 | remaining: 202s    
step 00258 (32.6%) | loss: 3.450743 | lrm: 0.79 | dt: 396ms | tok/sec: 331,215 | mfu: 10.3% | epoch: 1 | remaining: 202s    
step 00259 (32.8%) | loss: 3.457283 | lrm: 0.79 | dt: 396ms | tok/sec: 331,251 | mfu: 10.3% | epoch: 1 | remaining: 201s    
step 00260 (32.9%) | loss: 3.456298 | lrm: 0.79 | dt: 396ms | tok/sec: 331,279 | mfu: 10.3% | epoch: 1 | remaining: 201s    
step 00261 (33.0%) | loss: 3.452126 | lrm: 0.79 | dt: 396ms | tok/sec: 331,167 | mfu: 10.3% | epoch: 1 | remaining: 201s    
step 00262 (33.2%) | loss: 3.448947 | lrm: 0.79 | dt: 396ms | tok/sec: 331,167 | mfu: 10.3% | epoch: 1 | remaining: 200s    
step 00263 (33.3%) | loss: 3.439284 | lrm: 0.78 | dt: 396ms | tok/sec: 331,203 | mfu: 10.3% | epoch: 1 | remaining: 200s    
step 00264 (33.4%) | loss: 3.439836 | lrm: 0.78 | dt: 396ms | tok/sec: 331,266 | mfu: 10.3% | epoch: 1 | remaining: 199s    
step 00265 (33.5%) | loss: 3.442520 | lrm: 0.78 | dt: 396ms | tok/sec: 331,258 | mfu: 10.3% | epoch: 1 | remaining: 199s    
step 00266 (33.7%) | loss: 3.447923 | lrm: 0.78 | dt: 396ms | tok/sec: 331,226 | mfu: 10.3% | epoch: 1 | remaining: 199s    
step 00267 (33.8%) | loss: 3.442589 | lrm: 0.78 | dt: 396ms | tok/sec: 331,243 | mfu: 10.3% | epoch: 1 | remaining: 198s    
step 00268 (33.9%) | loss: 3.449394 | lrm: 0.78 | dt: 396ms | tok/sec: 331,224 | mfu: 10.3% | epoch: 1 | remaining: 198s    
step 00269 (34.1%) | loss: 3.446556 | lrm: 0.78 | dt: 396ms | tok/sec: 331,257 | mfu: 10.3% | epoch: 1 | remaining: 197s    
step 00270 (34.2%) | loss: 3.444518 | lrm: 0.77 | dt: 396ms | tok/sec: 331,138 | mfu: 10.3% | epoch: 1 | remaining: 197s    
step 00271 (34.3%) | loss: 3.446163 | lrm: 0.77 | dt: 396ms | tok/sec: 331,171 | mfu: 10.3% | epoch: 1 | remaining: 197s    
step 00272 (34.5%) | loss: 3.443368 | lrm: 0.77 | dt: 396ms | tok/sec: 331,228 | mfu: 10.3% | epoch: 1 | remaining: 196s    
step 00273 (34.6%) | loss: 3.445223 | lrm: 0.77 | dt: 396ms | tok/sec: 331,232 | mfu: 10.3% | epoch: 1 | remaining: 196s    
step 00274 (34.7%) | loss: 3.447049 | lrm: 0.77 | dt: 396ms | tok/sec: 331,207 | mfu: 10.3% | epoch: 1 | remaining: 195s    
step 00275 (34.9%) | loss: 3.445146 | lrm: 0.77 | dt: 396ms | tok/sec: 331,201 | mfu: 10.3% | epoch: 1 | remaining: 195s    
step 00276 (35.0%) | loss: 3.445785 | lrm: 0.76 | dt: 396ms | tok/sec: 331,210 | mfu: 10.3% | epoch: 1 | remaining: 195s    
step 00277 (35.1%) | loss: 3.444707 | lrm: 0.76 | dt: 396ms | tok/sec: 331,224 | mfu: 10.3% | epoch: 1 | remaining: 194s    
step 00278 (35.3%) | loss: 3.440836 | lrm: 0.76 | dt: 396ms | tok/sec: 331,224 | mfu: 10.3% | epoch: 1 | remaining: 194s    
step 00279 (35.4%) | loss: 3.446093 | lrm: 0.76 | dt: 396ms | tok/sec: 331,243 | mfu: 10.3% | epoch: 1 | remaining: 193s    
step 00280 (35.5%) | loss: 3.443398 | lrm: 0.76 | dt: 396ms | tok/sec: 331,222 | mfu: 10.3% | epoch: 1 | remaining: 193s    
step 00281 (35.7%) | loss: 3.438155 | lrm: 0.76 | dt: 396ms | tok/sec: 331,142 | mfu: 10.3% | epoch: 1 | remaining: 193s    
step 00282 (35.8%) | loss: 3.435535 | lrm: 0.76 | dt: 396ms | tok/sec: 331,190 | mfu: 10.3% | epoch: 1 | remaining: 192s    
step 00283 (35.9%) | loss: 3.432330 | lrm: 0.75 | dt: 396ms | tok/sec: 331,158 | mfu: 10.3% | epoch: 1 | remaining: 192s    
step 00284 (36.1%) | loss: 3.423976 | lrm: 0.75 | dt: 396ms | tok/sec: 331,242 | mfu: 10.3% | epoch: 1 | remaining: 191s    
step 00285 (36.2%) | loss: 3.424448 | lrm: 0.75 | dt: 396ms | tok/sec: 331,209 | mfu: 10.3% | epoch: 1 | remaining: 191s    
step 00286 (36.3%) | loss: 3.435222 | lrm: 0.75 | dt: 396ms | tok/sec: 331,145 | mfu: 10.3% | epoch: 1 | remaining: 191s    
step 00287 (36.4%) | loss: 3.431146 | lrm: 0.75 | dt: 396ms | tok/sec: 331,178 | mfu: 10.3% | epoch: 1 | remaining: 190s    
step 00288 (36.6%) | loss: 3.417028 | lrm: 0.75 | dt: 396ms | tok/sec: 331,298 | mfu: 10.3% | epoch: 1 | remaining: 190s    
step 00289 (36.7%) | loss: 3.413336 | lrm: 0.74 | dt: 396ms | tok/sec: 331,239 | mfu: 10.3% | epoch: 1 | remaining: 189s    
step 00290 (36.8%) | loss: 3.410191 | lrm: 0.74 | dt: 396ms | tok/sec: 331,124 | mfu: 10.3% | epoch: 1 | remaining: 189s    
step 00291 (37.0%) | loss: 3.410144 | lrm: 0.74 | dt: 396ms | tok/sec: 331,271 | mfu: 10.3% | epoch: 1 | remaining: 189s    
step 00292 (37.1%) | loss: 3.415206 | lrm: 0.74 | dt: 396ms | tok/sec: 331,222 | mfu: 10.3% | epoch: 1 | remaining: 188s    
step 00293 (37.2%) | loss: 3.418428 | lrm: 0.74 | dt: 396ms | tok/sec: 331,173 | mfu: 10.3% | epoch: 1 | remaining: 188s    
step 00294 (37.4%) | loss: 3.408327 | lrm: 0.74 | dt: 396ms | tok/sec: 331,154 | mfu: 10.3% | epoch: 1 | remaining: 187s    
step 00295 (37.5%) | loss: 3.405844 | lrm: 0.74 | dt: 396ms | tok/sec: 331,200 | mfu: 10.3% | epoch: 1 | remaining: 187s    
step 00296 (37.6%) | loss: 3.406022 | lrm: 0.73 | dt: 396ms | tok/sec: 331,279 | mfu: 10.3% | epoch: 1 | remaining: 187s    
step 00297 (37.8%) | loss: 3.408991 | lrm: 0.73 | dt: 396ms | tok/sec: 331,164 | mfu: 10.3% | epoch: 1 | remaining: 186s    
step 00298 (37.9%) | loss: 3.403015 | lrm: 0.73 | dt: 396ms | tok/sec: 331,205 | mfu: 10.3% | epoch: 1 | remaining: 186s    
step 00299 (38.0%) | loss: 3.400791 | lrm: 0.73 | dt: 396ms | tok/sec: 331,237 | mfu: 10.3% | epoch: 1 | remaining: 186s    
step 00300 (38.2%) | loss: 3.398254 | lrm: 0.73 | dt: 396ms | tok/sec: 331,178 | mfu: 10.3% | epoch: 1 | remaining: 185s    
step 00301 (38.3%) | loss: 3.399316 | lrm: 0.73 | dt: 396ms | tok/sec: 331,176 | mfu: 10.3% | epoch: 1 | remaining: 185s    
step 00302 (38.4%) | loss: 3.401622 | lrm: 0.72 | dt: 396ms | tok/sec: 331,134 | mfu: 10.3% | epoch: 1 | remaining: 184s    
step 00303 (38.6%) | loss: 3.401245 | lrm: 0.72 | dt: 396ms | tok/sec: 331,224 | mfu: 10.3% | epoch: 1 | remaining: 184s    
step 00304 (38.7%) | loss: 3.402698 | lrm: 0.72 | dt: 396ms | tok/sec: 331,207 | mfu: 10.3% | epoch: 1 | remaining: 184s    
step 00305 (38.8%) | loss: 3.397926 | lrm: 0.72 | dt: 396ms | tok/sec: 331,219 | mfu: 10.3% | epoch: 1 | remaining: 183s    
step 00306 (39.0%) | loss: 3.400894 | lrm: 0.72 | dt: 396ms | tok/sec: 331,199 | mfu: 10.3% | epoch: 1 | remaining: 183s    
step 00307 (39.1%) | loss: 3.398227 | lrm: 0.72 | dt: 396ms | tok/sec: 331,270 | mfu: 10.3% | epoch: 1 | remaining: 182s    
step 00308 (39.2%) | loss: 3.395870 | lrm: 0.72 | dt: 396ms | tok/sec: 331,153 | mfu: 10.3% | epoch: 1 | remaining: 182s    
step 00309 (39.4%) | loss: 3.400698 | lrm: 0.71 | dt: 396ms | tok/sec: 331,227 | mfu: 10.3% | epoch: 1 | remaining: 182s    
step 00310 (39.5%) | loss: 3.404551 | lrm: 0.71 | dt: 396ms | tok/sec: 331,342 | mfu: 10.3% | epoch: 1 | remaining: 181s    
step 00311 (39.6%) | loss: 3.407179 | lrm: 0.71 | dt: 396ms | tok/sec: 331,272 | mfu: 10.3% | epoch: 1 | remaining: 181s    
step 00312 (39.7%) | loss: 3.405744 | lrm: 0.71 | dt: 396ms | tok/sec: 331,285 | mfu: 10.3% | epoch: 1 | remaining: 180s    
step 00313 (39.9%) | loss: 3.412333 | lrm: 0.71 | dt: 396ms | tok/sec: 331,259 | mfu: 10.3% | epoch: 1 | remaining: 180s    
step 00314 (40.0%) | loss: 3.404849 | lrm: 0.71 | dt: 396ms | tok/sec: 331,248 | mfu: 10.3% | epoch: 1 | remaining: 180s    
step 00315 (40.1%) | loss: 3.397001 | lrm: 0.70 | dt: 396ms | tok/sec: 331,217 | mfu: 10.3% | epoch: 1 | remaining: 179s    
step 00316 (40.3%) | loss: 3.390344 | lrm: 0.70 | dt: 396ms | tok/sec: 331,257 | mfu: 10.3% | epoch: 1 | remaining: 179s    
step 00317 (40.4%) | loss: 3.388402 | lrm: 0.70 | dt: 396ms | tok/sec: 331,159 | mfu: 10.3% | epoch: 1 | remaining: 178s    
step 00318 (40.5%) | loss: 3.380290 | lrm: 0.70 | dt: 396ms | tok/sec: 331,203 | mfu: 10.3% | epoch: 1 | remaining: 178s    
step 00319 (40.7%) | loss: 3.383643 | lrm: 0.70 | dt: 396ms | tok/sec: 331,244 | mfu: 10.3% | epoch: 1 | remaining: 178s    
step 00320 (40.8%) | loss: 3.381481 | lrm: 0.70 | dt: 396ms | tok/sec: 331,297 | mfu: 10.3% | epoch: 1 | remaining: 177s    
step 00321 (40.9%) | loss: 3.380046 | lrm: 0.69 | dt: 396ms | tok/sec: 331,209 | mfu: 10.3% | epoch: 1 | remaining: 177s    
step 00322 (41.1%) | loss: 3.375846 | lrm: 0.69 | dt: 396ms | tok/sec: 331,236 | mfu: 10.3% | epoch: 1 | remaining: 176s    
step 00323 (41.2%) | loss: 3.375064 | lrm: 0.69 | dt: 396ms | tok/sec: 331,225 | mfu: 10.3% | epoch: 1 | remaining: 176s    
step 00324 (41.3%) | loss: 3.378490 | lrm: 0.69 | dt: 396ms | tok/sec: 331,252 | mfu: 10.3% | epoch: 1 | remaining: 176s    
step 00325 (41.5%) | loss: 3.372683 | lrm: 0.69 | dt: 396ms | tok/sec: 331,136 | mfu: 10.3% | epoch: 1 | remaining: 175s    
step 00326 (41.6%) | loss: 3.373548 | lrm: 0.69 | dt: 396ms | tok/sec: 331,257 | mfu: 10.3% | epoch: 1 | remaining: 175s    
step 00327 (41.7%) | loss: 3.365251 | lrm: 0.69 | dt: 396ms | tok/sec: 331,179 | mfu: 10.3% | epoch: 1 | remaining: 174s    
step 00328 (41.9%) | loss: 3.365515 | lrm: 0.68 | dt: 396ms | tok/sec: 331,243 | mfu: 10.3% | epoch: 1 | remaining: 174s    
step 00329 (42.0%) | loss: 3.368790 | lrm: 0.68 | dt: 396ms | tok/sec: 331,194 | mfu: 10.3% | epoch: 1 | remaining: 174s    
step 00330 (42.1%) | loss: 3.369982 | lrm: 0.68 | dt: 396ms | tok/sec: 331,309 | mfu: 10.3% | epoch: 1 | remaining: 173s    
step 00331 (42.3%) | loss: 3.363677 | lrm: 0.68 | dt: 396ms | tok/sec: 331,329 | mfu: 10.3% | epoch: 1 | remaining: 173s    
step 00332 (42.4%) | loss: 3.368094 | lrm: 0.68 | dt: 396ms | tok/sec: 331,203 | mfu: 10.3% | epoch: 1 | remaining: 172s    
step 00333 (42.5%) | loss: 3.366314 | lrm: 0.68 | dt: 396ms | tok/sec: 331,137 | mfu: 10.3% | epoch: 1 | remaining: 172s    
step 00334 (42.6%) | loss: 3.366789 | lrm: 0.67 | dt: 396ms | tok/sec: 331,160 | mfu: 10.3% | epoch: 1 | remaining: 172s    
step 00335 (42.8%) | loss: 3.362370 | lrm: 0.67 | dt: 396ms | tok/sec: 331,153 | mfu: 10.3% | epoch: 1 | remaining: 171s    
step 00336 (42.9%) | loss: 3.357999 | lrm: 0.67 | dt: 396ms | tok/sec: 331,267 | mfu: 10.3% | epoch: 1 | remaining: 171s    
step 00337 (43.0%) | loss: 3.357194 | lrm: 0.67 | dt: 396ms | tok/sec: 331,148 | mfu: 10.3% | epoch: 1 | remaining: 170s    
step 00338 (43.2%) | loss: 3.359220 | lrm: 0.67 | dt: 396ms | tok/sec: 331,037 | mfu: 10.3% | epoch: 1 | remaining: 170s    
step 00339 (43.3%) | loss: 3.354564 | lrm: 0.67 | dt: 396ms | tok/sec: 331,166 | mfu: 10.3% | epoch: 1 | remaining: 170s    
step 00340 (43.4%) | loss: 3.349791 | lrm: 0.67 | dt: 396ms | tok/sec: 331,211 | mfu: 10.3% | epoch: 1 | remaining: 169s    
step 00341 (43.6%) | loss: 3.345708 | lrm: 0.66 | dt: 396ms | tok/sec: 331,305 | mfu: 10.3% | epoch: 1 | remaining: 169s    
step 00342 (43.7%) | loss: 3.351002 | lrm: 0.66 | dt: 396ms | tok/sec: 331,205 | mfu: 10.3% | epoch: 1 | remaining: 168s    
step 00343 (43.8%) | loss: 3.355189 | lrm: 0.66 | dt: 396ms | tok/sec: 331,238 | mfu: 10.3% | epoch: 1 | remaining: 168s    
step 00344 (44.0%) | loss: 3.360124 | lrm: 0.66 | dt: 396ms | tok/sec: 331,233 | mfu: 10.3% | epoch: 1 | remaining: 168s    
step 00345 (44.1%) | loss: 3.356817 | lrm: 0.66 | dt: 396ms | tok/sec: 331,187 | mfu: 10.3% | epoch: 1 | remaining: 167s    
step 00346 (44.2%) | loss: 3.349758 | lrm: 0.66 | dt: 396ms | tok/sec: 331,195 | mfu: 10.3% | epoch: 1 | remaining: 167s    
step 00347 (44.4%) | loss: 3.355751 | lrm: 0.65 | dt: 396ms | tok/sec: 331,194 | mfu: 10.3% | epoch: 1 | remaining: 167s    
step 00348 (44.5%) | loss: 3.356193 | lrm: 0.65 | dt: 396ms | tok/sec: 331,240 | mfu: 10.3% | epoch: 1 | remaining: 166s    
step 00349 (44.6%) | loss: 3.350948 | lrm: 0.65 | dt: 396ms | tok/sec: 331,212 | mfu: 10.3% | epoch: 1 | remaining: 166s    
step 00350 (44.8%) | loss: 3.349046 | lrm: 0.65 | dt: 396ms | tok/sec: 331,307 | mfu: 10.3% | epoch: 1 | remaining: 165s    
step 00351 (44.9%) | loss: 3.347896 | lrm: 0.65 | dt: 396ms | tok/sec: 331,131 | mfu: 10.3% | epoch: 1 | remaining: 165s    
step 00352 (45.0%) | loss: 3.350755 | lrm: 0.65 | dt: 396ms | tok/sec: 331,134 | mfu: 10.3% | epoch: 1 | remaining: 165s    
step 00353 (45.2%) | loss: 3.349324 | lrm: 0.65 | dt: 396ms | tok/sec: 331,244 | mfu: 10.3% | epoch: 1 | remaining: 164s    
step 00354 (45.3%) | loss: 3.341238 | lrm: 0.64 | dt: 396ms | tok/sec: 331,224 | mfu: 10.3% | epoch: 1 | remaining: 164s    
step 00355 (45.4%) | loss: 3.337665 | lrm: 0.64 | dt: 396ms | tok/sec: 331,269 | mfu: 10.3% | epoch: 1 | remaining: 163s    
step 00356 (45.6%) | loss: 3.338190 | lrm: 0.64 | dt: 396ms | tok/sec: 331,180 | mfu: 10.3% | epoch: 1 | remaining: 163s    
step 00357 (45.7%) | loss: 3.341221 | lrm: 0.64 | dt: 396ms | tok/sec: 331,102 | mfu: 10.3% | epoch: 1 | remaining: 163s    
step 00358 (45.8%) | loss: 3.332799 | lrm: 0.64 | dt: 396ms | tok/sec: 331,253 | mfu: 10.3% | epoch: 1 | remaining: 162s    
step 00359 (45.9%) | loss: 3.330598 | lrm: 0.64 | dt: 396ms | tok/sec: 331,157 | mfu: 10.3% | epoch: 1 | remaining: 162s    
step 00360 (46.1%) | loss: 3.326572 | lrm: 0.63 | dt: 396ms | tok/sec: 331,215 | mfu: 10.3% | epoch: 1 | remaining: 161s    
step 00361 (46.2%) | loss: 3.324351 | lrm: 0.63 | dt: 396ms | tok/sec: 331,142 | mfu: 10.3% | epoch: 1 | remaining: 161s    
step 00362 (46.3%) | loss: 3.324544 | lrm: 0.63 | dt: 396ms | tok/sec: 331,262 | mfu: 10.3% | epoch: 1 | remaining: 161s    
step 00363 (46.5%) | loss: 3.325029 | lrm: 0.63 | dt: 396ms | tok/sec: 331,203 | mfu: 10.3% | epoch: 1 | remaining: 160s    
step 00364 (46.6%) | loss: 3.331411 | lrm: 0.63 | dt: 396ms | tok/sec: 331,091 | mfu: 10.3% | epoch: 1 | remaining: 160s    
step 00365 (46.7%) | loss: 3.325898 | lrm: 0.63 | dt: 396ms | tok/sec: 331,160 | mfu: 10.3% | epoch: 1 | remaining: 159s    
step 00366 (46.9%) | loss: 3.323426 | lrm: 0.63 | dt: 396ms | tok/sec: 331,173 | mfu: 10.3% | epoch: 1 | remaining: 159s    
step 00367 (47.0%) | loss: 3.320829 | lrm: 0.62 | dt: 396ms | tok/sec: 331,057 | mfu: 10.3% | epoch: 1 | remaining: 159s    
step 00368 (47.1%) | loss: 3.320892 | lrm: 0.62 | dt: 396ms | tok/sec: 331,167 | mfu: 10.3% | epoch: 1 | remaining: 158s    
step 00369 (47.3%) | loss: 3.314538 | lrm: 0.62 | dt: 396ms | tok/sec: 331,235 | mfu: 10.3% | epoch: 1 | remaining: 158s    
step 00370 (47.4%) | loss: 3.306948 | lrm: 0.62 | dt: 396ms | tok/sec: 331,250 | mfu: 10.3% | epoch: 1 | remaining: 157s    
step 00371 (47.5%) | loss: 3.309225 | lrm: 0.62 | dt: 396ms | tok/sec: 331,202 | mfu: 10.3% | epoch: 1 | remaining: 157s    
step 00372 (47.7%) | loss: 3.308377 | lrm: 0.62 | dt: 396ms | tok/sec: 331,301 | mfu: 10.3% | epoch: 1 | remaining: 157s    
step 00373 (47.8%) | loss: 3.312755 | lrm: 0.61 | dt: 396ms | tok/sec: 331,257 | mfu: 10.3% | epoch: 1 | remaining: 156s    
step 00374 (47.9%) | loss: 3.311713 | lrm: 0.61 | dt: 396ms | tok/sec: 331,162 | mfu: 10.3% | epoch: 1 | remaining: 156s    
step 00375 (48.1%) | loss: 3.317138 | lrm: 0.61 | dt: 396ms | tok/sec: 331,258 | mfu: 10.3% | epoch: 1 | remaining: 155s    
step 00376 (48.2%) | loss: 3.317481 | lrm: 0.61 | dt: 396ms | tok/sec: 331,193 | mfu: 10.3% | epoch: 1 | remaining: 155s    
step 00377 (48.3%) | loss: 3.314303 | lrm: 0.61 | dt: 396ms | tok/sec: 331,189 | mfu: 10.3% | epoch: 1 | remaining: 155s    
step 00378 (48.5%) | loss: 3.314627 | lrm: 0.61 | dt: 396ms | tok/sec: 331,232 | mfu: 10.3% | epoch: 1 | remaining: 154s    
step 00379 (48.6%) | loss: 3.312835 | lrm: 0.60 | dt: 396ms | tok/sec: 331,174 | mfu: 10.3% | epoch: 1 | remaining: 154s    
step 00380 (48.7%) | loss: 3.312524 | lrm: 0.60 | dt: 396ms | tok/sec: 330,999 | mfu: 10.3% | epoch: 1 | remaining: 153s    
step 00381 (48.8%) | loss: 3.316572 | lrm: 0.60 | dt: 396ms | tok/sec: 331,208 | mfu: 10.3% | epoch: 1 | remaining: 153s    
step 00382 (49.0%) | loss: 3.318150 | lrm: 0.60 | dt: 396ms | tok/sec: 331,248 | mfu: 10.3% | epoch: 1 | remaining: 153s    
step 00383 (49.1%) | loss: 3.318456 | lrm: 0.60 | dt: 396ms | tok/sec: 331,197 | mfu: 10.3% | epoch: 1 | remaining: 152s    
step 00384 (49.2%) | loss: 3.317325 | lrm: 0.60 | dt: 396ms | tok/sec: 331,155 | mfu: 10.3% | epoch: 1 | remaining: 152s    
step 00385 (49.4%) | loss: 3.320138 | lrm: 0.60 | dt: 396ms | tok/sec: 331,122 | mfu: 10.3% | epoch: 1 | remaining: 151s    
step 00386 (49.5%) | loss: 3.322093 | lrm: 0.59 | dt: 396ms | tok/sec: 331,188 | mfu: 10.3% | epoch: 1 | remaining: 151s    
step 00387 (49.6%) | loss: 3.323758 | lrm: 0.59 | dt: 396ms | tok/sec: 331,261 | mfu: 10.3% | epoch: 1 | remaining: 151s    
step 00388 (49.8%) | loss: 3.314760 | lrm: 0.59 | dt: 396ms | tok/sec: 331,185 | mfu: 10.3% | epoch: 1 | remaining: 150s    
step 00389 (49.9%) | loss: 3.312590 | lrm: 0.59 | dt: 396ms | tok/sec: 331,218 | mfu: 10.3% | epoch: 1 | remaining: 150s    
step 00390 (50.0%) | loss: 3.310474 | lrm: 0.59 | dt: 396ms | tok/sec: 331,239 | mfu: 10.3% | epoch: 1 | remaining: 149s    
step 00391 (50.2%) | loss: 3.303483 | lrm: 0.59 | dt: 396ms | tok/sec: 331,210 | mfu: 10.3% | epoch: 1 | remaining: 149s    
step 00392 (50.3%) | loss: 3.304601 | lrm: 0.58 | dt: 396ms | tok/sec: 331,155 | mfu: 10.3% | epoch: 1 | remaining: 149s    
step 00393 (50.4%) | loss: 3.301825 | lrm: 0.58 | dt: 396ms | tok/sec: 331,245 | mfu: 10.3% | epoch: 1 | remaining: 148s    
step 00394 (50.6%) | loss: 3.303186 | lrm: 0.58 | dt: 396ms | tok/sec: 331,201 | mfu: 10.3% | epoch: 1 | remaining: 148s    
step 00395 (50.7%) | loss: 3.304789 | lrm: 0.58 | dt: 396ms | tok/sec: 331,185 | mfu: 10.3% | epoch: 1 | remaining: 148s    
step 00396 (50.8%) | loss: 3.303229 | lrm: 0.58 | dt: 396ms | tok/sec: 331,127 | mfu: 10.3% | epoch: 1 | remaining: 147s    
step 00397 (51.0%) | loss: 3.297760 | lrm: 0.58 | dt: 396ms | tok/sec: 331,210 | mfu: 10.3% | epoch: 1 | remaining: 147s    
step 00398 (51.1%) | loss: 3.293482 | lrm: 0.58 | dt: 396ms | tok/sec: 331,218 | mfu: 10.3% | epoch: 1 | remaining: 146s    
step 00399 (51.2%) | loss: 3.293464 | lrm: 0.57 | dt: 396ms | tok/sec: 331,253 | mfu: 10.3% | epoch: 1 | remaining: 146s    
step 00400 (51.4%) | loss: 3.296380 | lrm: 0.57 | dt: 396ms | tok/sec: 331,195 | mfu: 10.3% | epoch: 1 | remaining: 146s    
step 00401 (51.5%) | loss: 3.291651 | lrm: 0.57 | dt: 396ms | tok/sec: 331,213 | mfu: 10.3% | epoch: 1 | remaining: 145s    
step 00402 (51.6%) | loss: 3.289690 | lrm: 0.57 | dt: 396ms | tok/sec: 331,297 | mfu: 10.3% | epoch: 1 | remaining: 145s    
step 00403 (51.8%) | loss: 3.291082 | lrm: 0.57 | dt: 396ms | tok/sec: 331,196 | mfu: 10.3% | epoch: 1 | remaining: 144s    
step 00404 (51.9%) | loss: 3.293314 | lrm: 0.57 | dt: 396ms | tok/sec: 331,178 | mfu: 10.3% | epoch: 1 | remaining: 144s    
step 00405 (52.0%) | loss: 3.287780 | lrm: 0.56 | dt: 396ms | tok/sec: 331,270 | mfu: 10.3% | epoch: 1 | remaining: 144s    
step 00406 (52.1%) | loss: 3.277441 | lrm: 0.56 | dt: 396ms | tok/sec: 331,238 | mfu: 10.3% | epoch: 1 | remaining: 143s    
step 00407 (52.3%) | loss: 3.277199 | lrm: 0.56 | dt: 396ms | tok/sec: 331,193 | mfu: 10.3% | epoch: 1 | remaining: 143s    
step 00408 (52.4%) | loss: 3.273303 | lrm: 0.56 | dt: 396ms | tok/sec: 331,194 | mfu: 10.3% | epoch: 1 | remaining: 142s    
step 00409 (52.5%) | loss: 3.270024 | lrm: 0.56 | dt: 396ms | tok/sec: 331,242 | mfu: 10.3% | epoch: 1 | remaining: 142s    
step 00410 (52.7%) | loss: 3.268247 | lrm: 0.56 | dt: 396ms | tok/sec: 331,201 | mfu: 10.3% | epoch: 1 | remaining: 142s    
step 00411 (52.8%) | loss: 3.267190 | lrm: 0.56 | dt: 396ms | tok/sec: 331,199 | mfu: 10.3% | epoch: 1 | remaining: 141s    
step 00412 (52.9%) | loss: 3.263806 | lrm: 0.55 | dt: 396ms | tok/sec: 331,076 | mfu: 10.3% | epoch: 1 | remaining: 141s    
step 00413 (53.1%) | loss: 3.261209 | lrm: 0.55 | dt: 396ms | tok/sec: 331,248 | mfu: 10.3% | epoch: 1 | remaining: 140s    
step 00414 (53.2%) | loss: 3.261529 | lrm: 0.55 | dt: 396ms | tok/sec: 331,244 | mfu: 10.3% | epoch: 1 | remaining: 140s    
step 00415 (53.3%) | loss: 3.263456 | lrm: 0.55 | dt: 396ms | tok/sec: 331,168 | mfu: 10.3% | epoch: 1 | remaining: 140s    
step 00416 (53.5%) | loss: 3.255973 | lrm: 0.55 | dt: 396ms | tok/sec: 331,263 | mfu: 10.3% | epoch: 1 | remaining: 139s    
step 00417 (53.6%) | loss: 3.244087 | lrm: 0.55 | dt: 396ms | tok/sec: 331,214 | mfu: 10.3% | epoch: 1 | remaining: 139s    
step 00418 (53.7%) | loss: 3.237469 | lrm: 0.54 | dt: 396ms | tok/sec: 331,249 | mfu: 10.3% | epoch: 1 | remaining: 138s    
step 00419 (53.9%) | loss: 3.233098 | lrm: 0.54 | dt: 396ms | tok/sec: 331,187 | mfu: 10.3% | epoch: 1 | remaining: 138s    
step 00420 (54.0%) | loss: 3.232471 | lrm: 0.54 | dt: 396ms | tok/sec: 331,250 | mfu: 10.3% | epoch: 1 | remaining: 138s    
step 00421 (54.1%) | loss: 3.230528 | lrm: 0.54 | dt: 396ms | tok/sec: 331,260 | mfu: 10.3% | epoch: 1 | remaining: 137s    
step 00422 (54.3%) | loss: 3.228448 | lrm: 0.54 | dt: 396ms | tok/sec: 331,255 | mfu: 10.3% | epoch: 1 | remaining: 137s    
step 00423 (54.4%) | loss: 3.237978 | lrm: 0.54 | dt: 396ms | tok/sec: 331,233 | mfu: 10.3% | epoch: 1 | remaining: 136s    
step 00424 (54.5%) | loss: 3.233827 | lrm: 0.54 | dt: 396ms | tok/sec: 331,211 | mfu: 10.3% | epoch: 1 | remaining: 136s    
step 00425 (54.7%) | loss: 3.235161 | lrm: 0.53 | dt: 396ms | tok/sec: 331,201 | mfu: 10.3% | epoch: 1 | remaining: 136s    
step 00426 (54.8%) | loss: 3.238320 | lrm: 0.53 | dt: 396ms | tok/sec: 331,180 | mfu: 10.3% | epoch: 1 | remaining: 135s    
step 00427 (54.9%) | loss: 3.242283 | lrm: 0.53 | dt: 396ms | tok/sec: 331,239 | mfu: 10.3% | epoch: 1 | remaining: 135s    
step 00428 (55.0%) | loss: 3.243685 | lrm: 0.53 | dt: 396ms | tok/sec: 331,110 | mfu: 10.3% | epoch: 1 | remaining: 134s    
step 00429 (55.2%) | loss: 3.240590 | lrm: 0.53 | dt: 396ms | tok/sec: 331,209 | mfu: 10.3% | epoch: 1 | remaining: 134s    
step 00430 (55.3%) | loss: 3.238031 | lrm: 0.53 | dt: 396ms | tok/sec: 331,165 | mfu: 10.3% | epoch: 1 | remaining: 134s    
step 00431 (55.4%) | loss: 3.235308 | lrm: 0.52 | dt: 396ms | tok/sec: 331,250 | mfu: 10.3% | epoch: 1 | remaining: 133s    
step 00432 (55.6%) | loss: 3.240635 | lrm: 0.52 | dt: 396ms | tok/sec: 331,144 | mfu: 10.3% | epoch: 1 | remaining: 133s    
step 00433 (55.7%) | loss: 3.238679 | lrm: 0.52 | dt: 396ms | tok/sec: 331,218 | mfu: 10.3% | epoch: 1 | remaining: 132s    
step 00434 (55.8%) | loss: 3.244849 | lrm: 0.52 | dt: 396ms | tok/sec: 331,111 | mfu: 10.3% | epoch: 1 | remaining: 132s    
step 00435 (56.0%) | loss: 3.242272 | lrm: 0.52 | dt: 396ms | tok/sec: 331,284 | mfu: 10.3% | epoch: 1 | remaining: 132s    
step 00436 (56.1%) | loss: 3.247820 | lrm: 0.52 | dt: 396ms | tok/sec: 331,211 | mfu: 10.3% | epoch: 1 | remaining: 131s    
step 00437 (56.2%) | loss: 3.243532 | lrm: 0.51 | dt: 396ms | tok/sec: 331,257 | mfu: 10.3% | epoch: 1 | remaining: 131s    
step 00438 (56.4%) | loss: 3.238469 | lrm: 0.51 | dt: 396ms | tok/sec: 331,103 | mfu: 10.3% | epoch: 1 | remaining: 130s    
step 00439 (56.5%) | loss: 3.233530 | lrm: 0.51 | dt: 396ms | tok/sec: 331,132 | mfu: 10.3% | epoch: 1 | remaining: 130s    
step 00440 (56.6%) | loss: 3.236749 | lrm: 0.51 | dt: 396ms | tok/sec: 331,139 | mfu: 10.3% | epoch: 1 | remaining: 130s    
step 00441 (56.8%) | loss: 3.235520 | lrm: 0.51 | dt: 396ms | tok/sec: 331,313 | mfu: 10.3% | epoch: 1 | remaining: 129s    
step 00442 (56.9%) | loss: 3.235989 | lrm: 0.51 | dt: 396ms | tok/sec: 331,221 | mfu: 10.3% | epoch: 1 | remaining: 129s    
step 00443 (57.0%) | loss: 3.237110 | lrm: 0.51 | dt: 396ms | tok/sec: 331,283 | mfu: 10.3% | epoch: 1 | remaining: 129s    
step 00444 (57.2%) | loss: 3.234681 | lrm: 0.50 | dt: 396ms | tok/sec: 331,282 | mfu: 10.3% | epoch: 1 | remaining: 128s    
step 00445 (57.3%) | loss: 3.232464 | lrm: 0.50 | dt: 396ms | tok/sec: 331,182 | mfu: 10.3% | epoch: 1 | remaining: 128s    
step 00446 (57.4%) | loss: 3.235186 | lrm: 0.50 | dt: 396ms | tok/sec: 331,200 | mfu: 10.3% | epoch: 1 | remaining: 127s    
step 00447 (57.6%) | loss: 3.237476 | lrm: 0.50 | dt: 396ms | tok/sec: 331,103 | mfu: 10.3% | epoch: 1 | remaining: 127s    
step 00448 (57.7%) | loss: 3.243596 | lrm: 0.50 | dt: 396ms | tok/sec: 331,257 | mfu: 10.3% | epoch: 1 | remaining: 127s    
step 00449 (57.8%) | loss: 3.245461 | lrm: 0.50 | dt: 396ms | tok/sec: 331,234 | mfu: 10.3% | epoch: 1 | remaining: 126s    
step 00450 (58.0%) | loss: 3.243050 | lrm: 0.49 | dt: 396ms | tok/sec: 331,292 | mfu: 10.3% | epoch: 1 | remaining: 126s    
step 00451 (58.1%) | loss: 3.246568 | lrm: 0.49 | dt: 396ms | tok/sec: 331,196 | mfu: 10.3% | epoch: 1 | remaining: 125s    
step 00452 (58.2%) | loss: 3.240099 | lrm: 0.49 | dt: 396ms | tok/sec: 331,202 | mfu: 10.3% | epoch: 1 | remaining: 125s    
step 00453 (58.3%) | loss: 3.245993 | lrm: 0.49 | dt: 396ms | tok/sec: 331,203 | mfu: 10.3% | epoch: 1 | remaining: 125s    
step 00454 (58.5%) | loss: 3.237650 | lrm: 0.49 | dt: 396ms | tok/sec: 331,277 | mfu: 10.3% | epoch: 1 | remaining: 124s    
step 00455 (58.6%) | loss: 3.239057 | lrm: 0.49 | dt: 396ms | tok/sec: 331,196 | mfu: 10.3% | epoch: 1 | remaining: 124s    
step 00456 (58.7%) | loss: 3.245943 | lrm: 0.49 | dt: 396ms | tok/sec: 331,201 | mfu: 10.3% | epoch: 1 | remaining: 123s    
step 00457 (58.9%) | loss: 3.244756 | lrm: 0.48 | dt: 396ms | tok/sec: 331,136 | mfu: 10.3% | epoch: 1 | remaining: 123s    
step 00458 (59.0%) | loss: 3.238275 | lrm: 0.48 | dt: 396ms | tok/sec: 331,188 | mfu: 10.3% | epoch: 1 | remaining: 123s    
step 00459 (59.1%) | loss: 3.233408 | lrm: 0.48 | dt: 396ms | tok/sec: 331,272 | mfu: 10.3% | epoch: 1 | remaining: 122s    
step 00460 (59.3%) | loss: 3.238942 | lrm: 0.48 | dt: 396ms | tok/sec: 331,224 | mfu: 10.3% | epoch: 1 | remaining: 122s    
step 00461 (59.4%) | loss: 3.243896 | lrm: 0.48 | dt: 396ms | tok/sec: 331,261 | mfu: 10.3% | epoch: 1 | remaining: 121s    
step 00462 (59.5%) | loss: 3.242544 | lrm: 0.48 | dt: 396ms | tok/sec: 331,265 | mfu: 10.3% | epoch: 1 | remaining: 121s    
step 00463 (59.7%) | loss: 3.244298 | lrm: 0.47 | dt: 396ms | tok/sec: 331,170 | mfu: 10.3% | epoch: 1 | remaining: 121s    
step 00464 (59.8%) | loss: 3.246819 | lrm: 0.47 | dt: 396ms | tok/sec: 331,202 | mfu: 10.3% | epoch: 1 | remaining: 120s    
step 00465 (59.9%) | loss: 3.242106 | lrm: 0.47 | dt: 396ms | tok/sec: 331,216 | mfu: 10.3% | epoch: 1 | remaining: 120s    
step 00466 (60.1%) | loss: 3.244928 | lrm: 0.47 | dt: 396ms | tok/sec: 331,200 | mfu: 10.3% | epoch: 1 | remaining: 119s    
step 00467 (60.2%) | loss: 3.236617 | lrm: 0.47 | dt: 396ms | tok/sec: 331,324 | mfu: 10.3% | epoch: 1 | remaining: 119s    
step 00468 (60.3%) | loss: 3.229404 | lrm: 0.47 | dt: 396ms | tok/sec: 331,141 | mfu: 10.3% | epoch: 1 | remaining: 119s    
step 00469 (60.5%) | loss: 3.228488 | lrm: 0.47 | dt: 396ms | tok/sec: 331,198 | mfu: 10.3% | epoch: 1 | remaining: 118s    
step 00470 (60.6%) | loss: 3.229447 | lrm: 0.46 | dt: 396ms | tok/sec: 331,234 | mfu: 10.3% | epoch: 1 | remaining: 118s    
step 00471 (60.7%) | loss: 3.234393 | lrm: 0.46 | dt: 396ms | tok/sec: 331,166 | mfu: 10.3% | epoch: 1 | remaining: 117s    
step 00472 (60.9%) | loss: 3.241655 | lrm: 0.46 | dt: 396ms | tok/sec: 331,284 | mfu: 10.3% | epoch: 1 | remaining: 117s    
step 00473 (61.0%) | loss: 3.240150 | lrm: 0.46 | dt: 396ms | tok/sec: 331,205 | mfu: 10.3% | epoch: 1 | remaining: 117s    
step 00474 (61.1%) | loss: 3.241678 | lrm: 0.46 | dt: 396ms | tok/sec: 331,172 | mfu: 10.3% | epoch: 1 | remaining: 116s    
step 00475 (61.2%) | loss: 3.239063 | lrm: 0.46 | dt: 396ms | tok/sec: 331,233 | mfu: 10.3% | epoch: 1 | remaining: 116s    
step 00476 (61.4%) | loss: 3.231804 | lrm: 0.45 | dt: 396ms | tok/sec: 331,261 | mfu: 10.3% | epoch: 1 | remaining: 115s    
step 00477 (61.5%) | loss: 3.230004 | lrm: 0.45 | dt: 396ms | tok/sec: 331,212 | mfu: 10.3% | epoch: 1 | remaining: 115s    
step 00478 (61.6%) | loss: 3.224072 | lrm: 0.45 | dt: 396ms | tok/sec: 331,223 | mfu: 10.3% | epoch: 1 | remaining: 115s    
step 00479 (61.8%) | loss: 3.224724 | lrm: 0.45 | dt: 396ms | tok/sec: 331,148 | mfu: 10.3% | epoch: 1 | remaining: 114s    
step 00480 (61.9%) | loss: 3.222342 | lrm: 0.45 | dt: 396ms | tok/sec: 331,178 | mfu: 10.3% | epoch: 1 | remaining: 114s    
step 00481 (62.0%) | loss: 3.225092 | lrm: 0.45 | dt: 396ms | tok/sec: 331,104 | mfu: 10.3% | epoch: 1 | remaining: 113s    
step 00482 (62.2%) | loss: 3.224262 | lrm: 0.45 | dt: 396ms | tok/sec: 331,208 | mfu: 10.3% | epoch: 1 | remaining: 113s    
step 00483 (62.3%) | loss: 3.225402 | lrm: 0.44 | dt: 396ms | tok/sec: 331,203 | mfu: 10.3% | epoch: 1 | remaining: 113s    
step 00484 (62.4%) | loss: 3.226373 | lrm: 0.44 | dt: 396ms | tok/sec: 331,097 | mfu: 10.3% | epoch: 1 | remaining: 112s    
step 00485 (62.6%) | loss: 3.227911 | lrm: 0.44 | dt: 396ms | tok/sec: 331,145 | mfu: 10.3% | epoch: 1 | remaining: 112s    
step 00486 (62.7%) | loss: 3.222208 | lrm: 0.44 | dt: 396ms | tok/sec: 331,247 | mfu: 10.3% | epoch: 1 | remaining: 112s    
step 00487 (62.8%) | loss: 3.218406 | lrm: 0.44 | dt: 396ms | tok/sec: 331,212 | mfu: 10.3% | epoch: 1 | remaining: 111s    
step 00488 (63.0%) | loss: 3.213217 | lrm: 0.44 | dt: 396ms | tok/sec: 331,168 | mfu: 10.3% | epoch: 1 | remaining: 111s    
step 00489 (63.1%) | loss: 3.199087 | lrm: 0.43 | dt: 396ms | tok/sec: 331,164 | mfu: 10.3% | epoch: 1 | remaining: 110s    
step 00490 (63.2%) | loss: 3.190410 | lrm: 0.43 | dt: 396ms | tok/sec: 331,250 | mfu: 10.3% | epoch: 1 | remaining: 110s    
step 00491 (63.4%) | loss: 3.188586 | lrm: 0.43 | dt: 396ms | tok/sec: 331,131 | mfu: 10.3% | epoch: 1 | remaining: 110s    
step 00492 (63.5%) | loss: 3.186456 | lrm: 0.43 | dt: 396ms | tok/sec: 331,271 | mfu: 10.3% | epoch: 1 | remaining: 109s    
step 00493 (63.6%) | loss: 3.187354 | lrm: 0.43 | dt: 396ms | tok/sec: 331,213 | mfu: 10.3% | epoch: 1 | remaining: 109s    
step 00494 (63.8%) | loss: 3.184989 | lrm: 0.43 | dt: 396ms | tok/sec: 331,276 | mfu: 10.3% | epoch: 1 | remaining: 108s    
step 00495 (63.9%) | loss: 3.188873 | lrm: 0.42 | dt: 396ms | tok/sec: 331,303 | mfu: 10.3% | epoch: 1 | remaining: 108s    
step 00496 (64.0%) | loss: 3.187247 | lrm: 0.42 | dt: 396ms | tok/sec: 331,166 | mfu: 10.3% | epoch: 1 | remaining: 108s    
step 00497 (64.2%) | loss: 3.190479 | lrm: 0.42 | dt: 396ms | tok/sec: 331,202 | mfu: 10.3% | epoch: 1 | remaining: 107s    
step 00498 (64.3%) | loss: 3.194274 | lrm: 0.42 | dt: 396ms | tok/sec: 331,190 | mfu: 10.3% | epoch: 1 | remaining: 107s    
step 00499 (64.4%) | loss: 3.197001 | lrm: 0.42 | dt: 396ms | tok/sec: 331,215 | mfu: 10.3% | epoch: 1 | remaining: 106s    
step 00500 (64.5%) | loss: 3.199110 | lrm: 0.42 | dt: 396ms | tok/sec: 331,315 | mfu: 10.3% | epoch: 1 | remaining: 106s    
step 00501 (64.7%) | loss: 3.198281 | lrm: 0.42 | dt: 396ms | tok/sec: 331,188 | mfu: 10.3% | epoch: 1 | remaining: 106s    
step 00502 (64.8%) | loss: 3.198748 | lrm: 0.41 | dt: 396ms | tok/sec: 331,182 | mfu: 10.3% | epoch: 1 | remaining: 105s    
step 00503 (64.9%) | loss: 3.199328 | lrm: 0.41 | dt: 396ms | tok/sec: 331,171 | mfu: 10.3% | epoch: 1 | remaining: 105s    
step 00504 (65.1%) | loss: 3.193224 | lrm: 0.41 | dt: 396ms | tok/sec: 331,248 | mfu: 10.3% | epoch: 1 | remaining: 104s    
step 00505 (65.2%) | loss: 3.190309 | lrm: 0.41 | dt: 396ms | tok/sec: 331,185 | mfu: 10.3% | epoch: 1 | remaining: 104s    
step 00506 (65.3%) | loss: 3.188089 | lrm: 0.41 | dt: 396ms | tok/sec: 331,251 | mfu: 10.3% | epoch: 1 | remaining: 104s    
step 00507 (65.5%) | loss: 3.188907 | lrm: 0.41 | dt: 396ms | tok/sec: 331,291 | mfu: 10.3% | epoch: 1 | remaining: 103s    
step 00508 (65.6%) | loss: 3.186983 | lrm: 0.40 | dt: 396ms | tok/sec: 331,317 | mfu: 10.3% | epoch: 1 | remaining: 103s    
step 00509 (65.7%) | loss: 3.183139 | lrm: 0.40 | dt: 396ms | tok/sec: 331,228 | mfu: 10.3% | epoch: 1 | remaining: 102s    
step 00510 (65.9%) | loss: 3.188588 | lrm: 0.40 | dt: 396ms | tok/sec: 331,170 | mfu: 10.3% | epoch: 1 | remaining: 102s    
step 00511 (66.0%) | loss: 3.190153 | lrm: 0.40 | dt: 396ms | tok/sec: 331,183 | mfu: 10.3% | epoch: 1 | remaining: 102s    
step 00512 (66.1%) | loss: 3.185525 | lrm: 0.40 | dt: 396ms | tok/sec: 331,228 | mfu: 10.3% | epoch: 1 | remaining: 101s    
step 00513 (66.3%) | loss: 3.179769 | lrm: 0.40 | dt: 396ms | tok/sec: 331,237 | mfu: 10.3% | epoch: 1 | remaining: 101s    
step 00514 (66.4%) | loss: 3.180211 | lrm: 0.40 | dt: 396ms | tok/sec: 331,220 | mfu: 10.3% | epoch: 1 | remaining: 100s    
step 00515 (66.5%) | loss: 3.177406 | lrm: 0.39 | dt: 396ms | tok/sec: 331,151 | mfu: 10.3% | epoch: 1 | remaining: 100s    
step 00516 (66.7%) | loss: 3.178894 | lrm: 0.39 | dt: 396ms | tok/sec: 331,089 | mfu: 10.3% | epoch: 1 | remaining: 100s    
step 00517 (66.8%) | loss: 3.181508 | lrm: 0.39 | dt: 396ms | tok/sec: 331,191 | mfu: 10.3% | epoch: 1 | remaining: 99s    
step 00518 (66.9%) | loss: 3.176416 | lrm: 0.39 | dt: 396ms | tok/sec: 331,204 | mfu: 10.3% | epoch: 1 | remaining: 99s    
step 00519 (67.1%) | loss: 3.175596 | lrm: 0.39 | dt: 396ms | tok/sec: 331,213 | mfu: 10.3% | epoch: 1 | remaining: 98s    
step 00520 (67.2%) | loss: 3.170669 | lrm: 0.39 | dt: 396ms | tok/sec: 331,207 | mfu: 10.3% | epoch: 1 | remaining: 98s    
step 00521 (67.3%) | loss: 3.171146 | lrm: 0.38 | dt: 396ms | tok/sec: 331,128 | mfu: 10.3% | epoch: 1 | remaining: 98s    
step 00522 (67.4%) | loss: 3.173187 | lrm: 0.38 | dt: 396ms | tok/sec: 331,221 | mfu: 10.3% | epoch: 1 | remaining: 97s    
step 00523 (67.6%) | loss: 3.170703 | lrm: 0.38 | dt: 396ms | tok/sec: 331,275 | mfu: 10.3% | epoch: 1 | remaining: 97s    
step 00524 (67.7%) | loss: 3.174807 | lrm: 0.38 | dt: 396ms | tok/sec: 331,241 | mfu: 10.3% | epoch: 1 | remaining: 96s    
step 00525 (67.8%) | loss: 3.172809 | lrm: 0.38 | dt: 396ms | tok/sec: 331,191 | mfu: 10.3% | epoch: 1 | remaining: 96s    
step 00526 (68.0%) | loss: 3.170422 | lrm: 0.38 | dt: 396ms | tok/sec: 331,199 | mfu: 10.3% | epoch: 1 | remaining: 96s    
step 00527 (68.1%) | loss: 3.171429 | lrm: 0.38 | dt: 396ms | tok/sec: 331,271 | mfu: 10.3% | epoch: 1 | remaining: 95s    
step 00528 (68.2%) | loss: 3.166740 | lrm: 0.37 | dt: 396ms | tok/sec: 331,280 | mfu: 10.3% | epoch: 1 | remaining: 95s    
step 00529 (68.4%) | loss: 3.169110 | lrm: 0.37 | dt: 396ms | tok/sec: 331,267 | mfu: 10.3% | epoch: 1 | remaining: 94s    
step 00530 (68.5%) | loss: 3.169047 | lrm: 0.37 | dt: 396ms | tok/sec: 331,175 | mfu: 10.3% | epoch: 1 | remaining: 94s    
step 00531 (68.6%) | loss: 3.168334 | lrm: 0.37 | dt: 396ms | tok/sec: 331,214 | mfu: 10.3% | epoch: 1 | remaining: 94s    
step 00532 (68.8%) | loss: 3.168723 | lrm: 0.37 | dt: 396ms | tok/sec: 331,147 | mfu: 10.3% | epoch: 1 | remaining: 93s    
step 00533 (68.9%) | loss: 3.164085 | lrm: 0.37 | dt: 396ms | tok/sec: 331,224 | mfu: 10.3% | epoch: 1 | remaining: 93s    
step 00534 (69.0%) | loss: 3.170477 | lrm: 0.36 | dt: 396ms | tok/sec: 331,190 | mfu: 10.3% | epoch: 1 | remaining: 93s    
step 00535 (69.2%) | loss: 3.160648 | lrm: 0.36 | dt: 396ms | tok/sec: 331,285 | mfu: 10.3% | epoch: 1 | remaining: 92s    
step 00536 (69.3%) | loss: 3.161955 | lrm: 0.36 | dt: 396ms | tok/sec: 331,265 | mfu: 10.3% | epoch: 1 | remaining: 92s    
step 00537 (69.4%) | loss: 3.167540 | lrm: 0.36 | dt: 396ms | tok/sec: 331,325 | mfu: 10.3% | epoch: 1 | remaining: 91s    
step 00538 (69.6%) | loss: 3.168373 | lrm: 0.36 | dt: 396ms | tok/sec: 331,248 | mfu: 10.3% | epoch: 1 | remaining: 91s    
step 00539 (69.7%) | loss: 3.164171 | lrm: 0.36 | dt: 396ms | tok/sec: 331,214 | mfu: 10.3% | epoch: 1 | remaining: 91s    
step 00540 (69.8%) | loss: 3.156419 | lrm: 0.36 | dt: 396ms | tok/sec: 331,224 | mfu: 10.3% | epoch: 1 | remaining: 90s    
step 00541 (70.0%) | loss: 3.153658 | lrm: 0.35 | dt: 396ms | tok/sec: 331,139 | mfu: 10.3% | epoch: 1 | remaining: 90s    
step 00542 (70.1%) | loss: 3.157074 | lrm: 0.35 | dt: 396ms | tok/sec: 331,310 | mfu: 10.3% | epoch: 1 | remaining: 89s    
step 00543 (70.2%) | loss: 3.158506 | lrm: 0.35 | dt: 396ms | tok/sec: 331,302 | mfu: 10.3% | epoch: 1 | remaining: 89s    
step 00544 (70.4%) | loss: 3.148994 | lrm: 0.35 | dt: 396ms | tok/sec: 331,183 | mfu: 10.3% | epoch: 1 | remaining: 89s    
step 00545 (70.5%) | loss: 3.153867 | lrm: 0.35 | dt: 396ms | tok/sec: 331,235 | mfu: 10.3% | epoch: 1 | remaining: 88s    
step 00546 (70.6%) | loss: 3.156133 | lrm: 0.35 | dt: 396ms | tok/sec: 331,172 | mfu: 10.3% | epoch: 1 | remaining: 88s    
step 00547 (70.7%) | loss: 3.148060 | lrm: 0.34 | dt: 396ms | tok/sec: 331,205 | mfu: 10.3% | epoch: 1 | remaining: 87s    
step 00548 (70.9%) | loss: 3.148318 | lrm: 0.34 | dt: 396ms | tok/sec: 331,153 | mfu: 10.3% | epoch: 1 | remaining: 87s    
step 00549 (71.0%) | loss: 3.138347 | lrm: 0.34 | dt: 396ms | tok/sec: 331,214 | mfu: 10.3% | epoch: 1 | remaining: 87s    
step 00550 (71.1%) | loss: 3.136345 | lrm: 0.34 | dt: 396ms | tok/sec: 331,238 | mfu: 10.3% | epoch: 1 | remaining: 86s    
step 00551 (71.3%) | loss: 3.143633 | lrm: 0.34 | dt: 396ms | tok/sec: 331,228 | mfu: 10.3% | epoch: 1 | remaining: 86s    
step 00552 (71.4%) | loss: 3.139867 | lrm: 0.34 | dt: 396ms | tok/sec: 331,348 | mfu: 10.3% | epoch: 1 | remaining: 85s    
step 00553 (71.5%) | loss: 3.142047 | lrm: 0.33 | dt: 396ms | tok/sec: 331,261 | mfu: 10.3% | epoch: 1 | remaining: 85s    
step 00554 (71.7%) | loss: 3.133867 | lrm: 0.33 | dt: 396ms | tok/sec: 331,188 | mfu: 10.3% | epoch: 1 | remaining: 85s    
step 00555 (71.8%) | loss: 3.134491 | lrm: 0.33 | dt: 396ms | tok/sec: 331,237 | mfu: 10.3% | epoch: 1 | remaining: 84s    
step 00556 (71.9%) | loss: 3.139248 | lrm: 0.33 | dt: 396ms | tok/sec: 331,178 | mfu: 10.3% | epoch: 1 | remaining: 84s    
step 00557 (72.1%) | loss: 3.145564 | lrm: 0.33 | dt: 396ms | tok/sec: 331,191 | mfu: 10.3% | epoch: 1 | remaining: 83s    
step 00558 (72.2%) | loss: 3.137117 | lrm: 0.33 | dt: 396ms | tok/sec: 331,197 | mfu: 10.3% | epoch: 1 | remaining: 83s    
step 00559 (72.3%) | loss: 3.136310 | lrm: 0.33 | dt: 396ms | tok/sec: 331,339 | mfu: 10.3% | epoch: 1 | remaining: 83s    
step 00560 (72.5%) | loss: 3.128305 | lrm: 0.32 | dt: 396ms | tok/sec: 331,178 | mfu: 10.3% | epoch: 1 | remaining: 82s    
step 00561 (72.6%) | loss: 3.125992 | lrm: 0.32 | dt: 396ms | tok/sec: 331,278 | mfu: 10.3% | epoch: 1 | remaining: 82s    
step 00562 (72.7%) | loss: 3.124148 | lrm: 0.32 | dt: 396ms | tok/sec: 331,264 | mfu: 10.3% | epoch: 1 | remaining: 81s    
step 00563 (72.9%) | loss: 3.125707 | lrm: 0.32 | dt: 396ms | tok/sec: 331,246 | mfu: 10.3% | epoch: 1 | remaining: 81s    
step 00564 (73.0%) | loss: 3.122181 | lrm: 0.32 | dt: 396ms | tok/sec: 331,201 | mfu: 10.3% | epoch: 1 | remaining: 81s    
step 00565 (73.1%) | loss: 3.119821 | lrm: 0.32 | dt: 396ms | tok/sec: 331,208 | mfu: 10.3% | epoch: 1 | remaining: 80s    
step 00566 (73.3%) | loss: 3.122746 | lrm: 0.31 | dt: 396ms | tok/sec: 331,230 | mfu: 10.3% | epoch: 1 | remaining: 80s    
step 00567 (73.4%) | loss: 3.119837 | lrm: 0.31 | dt: 396ms | tok/sec: 331,319 | mfu: 10.3% | epoch: 1 | remaining: 79s    
step 00568 (73.5%) | loss: 3.121499 | lrm: 0.31 | dt: 396ms | tok/sec: 331,261 | mfu: 10.3% | epoch: 1 | remaining: 79s    
step 00569 (73.6%) | loss: 3.120488 | lrm: 0.31 | dt: 396ms | tok/sec: 331,281 | mfu: 10.3% | epoch: 1 | remaining: 79s    
step 00570 (73.8%) | loss: 3.120677 | lrm: 0.31 | dt: 396ms | tok/sec: 331,217 | mfu: 10.3% | epoch: 1 | remaining: 78s    
step 00571 (73.9%) | loss: 3.125540 | lrm: 0.31 | dt: 396ms | tok/sec: 331,264 | mfu: 10.3% | epoch: 1 | remaining: 78s    
step 00572 (74.0%) | loss: 3.126800 | lrm: 0.31 | dt: 396ms | tok/sec: 331,076 | mfu: 10.3% | epoch: 1 | remaining: 77s    
step 00573 (74.2%) | loss: 3.126317 | lrm: 0.30 | dt: 396ms | tok/sec: 331,182 | mfu: 10.3% | epoch: 1 | remaining: 77s    
step 00574 (74.3%) | loss: 3.128020 | lrm: 0.30 | dt: 396ms | tok/sec: 331,172 | mfu: 10.3% | epoch: 1 | remaining: 77s    
step 00575 (74.4%) | loss: 3.128994 | lrm: 0.30 | dt: 396ms | tok/sec: 331,198 | mfu: 10.3% | epoch: 1 | remaining: 76s    
step 00576 (74.6%) | loss: 3.130828 | lrm: 0.30 | dt: 396ms | tok/sec: 331,324 | mfu: 10.3% | epoch: 1 | remaining: 76s    
step 00577 (74.7%) | loss: 3.122774 | lrm: 0.30 | dt: 396ms | tok/sec: 331,188 | mfu: 10.3% | epoch: 1 | remaining: 75s    
step 00578 (74.8%) | loss: 3.124455 | lrm: 0.30 | dt: 396ms | tok/sec: 331,226 | mfu: 10.3% | epoch: 1 | remaining: 75s    
step 00579 (75.0%) | loss: 3.119992 | lrm: 0.29 | dt: 396ms | tok/sec: 331,260 | mfu: 10.3% | epoch: 1 | remaining: 75s    
step 00580 (75.1%) | loss: 3.132891 | lrm: 0.29 | dt: 396ms | tok/sec: 331,166 | mfu: 10.3% | epoch: 1 | remaining: 74s    
step 00581 (75.2%) | loss: 3.132835 | lrm: 0.29 | dt: 396ms | tok/sec: 331,286 | mfu: 10.3% | epoch: 1 | remaining: 74s    
step 00582 (75.4%) | loss: 3.130825 | lrm: 0.29 | dt: 396ms | tok/sec: 331,146 | mfu: 10.3% | epoch: 1 | remaining: 74s    
step 00583 (75.5%) | loss: 3.133123 | lrm: 0.29 | dt: 396ms | tok/sec: 331,212 | mfu: 10.3% | epoch: 1 | remaining: 73s    
step 00584 (75.6%) | loss: 3.131010 | lrm: 0.29 | dt: 396ms | tok/sec: 331,190 | mfu: 10.3% | epoch: 1 | remaining: 73s    
step 00585 (75.8%) | loss: 3.129070 | lrm: 0.29 | dt: 396ms | tok/sec: 331,233 | mfu: 10.3% | epoch: 1 | remaining: 72s    
step 00586 (75.9%) | loss: 3.130856 | lrm: 0.28 | dt: 396ms | tok/sec: 331,169 | mfu: 10.3% | epoch: 1 | remaining: 72s    
step 00587 (76.0%) | loss: 3.130272 | lrm: 0.28 | dt: 396ms | tok/sec: 331,117 | mfu: 10.3% | epoch: 1 | remaining: 72s    
step 00588 (76.2%) | loss: 3.131499 | lrm: 0.28 | dt: 396ms | tok/sec: 331,249 | mfu: 10.3% | epoch: 1 | remaining: 71s    
step 00589 (76.3%) | loss: 3.126717 | lrm: 0.28 | dt: 396ms | tok/sec: 331,252 | mfu: 10.3% | epoch: 1 | remaining: 71s    
step 00590 (76.4%) | loss: 3.126968 | lrm: 0.28 | dt: 396ms | tok/sec: 331,249 | mfu: 10.3% | epoch: 1 | remaining: 70s    
step 00591 (76.6%) | loss: 3.131890 | lrm: 0.28 | dt: 396ms | tok/sec: 331,183 | mfu: 10.3% | epoch: 1 | remaining: 70s    
step 00592 (76.7%) | loss: 3.131740 | lrm: 0.27 | dt: 396ms | tok/sec: 331,165 | mfu: 10.3% | epoch: 1 | remaining: 70s    
step 00593 (76.8%) | loss: 3.134941 | lrm: 0.27 | dt: 396ms | tok/sec: 331,310 | mfu: 10.3% | epoch: 1 | remaining: 69s    
step 00594 (76.9%) | loss: 3.135808 | lrm: 0.27 | dt: 396ms | tok/sec: 331,276 | mfu: 10.3% | epoch: 1 | remaining: 69s    
step 00595 (77.1%) | loss: 3.140670 | lrm: 0.27 | dt: 396ms | tok/sec: 331,195 | mfu: 10.3% | epoch: 1 | remaining: 68s    
step 00596 (77.2%) | loss: 3.135148 | lrm: 0.27 | dt: 396ms | tok/sec: 331,110 | mfu: 10.3% | epoch: 1 | remaining: 68s    
step 00597 (77.3%) | loss: 3.130520 | lrm: 0.27 | dt: 396ms | tok/sec: 331,217 | mfu: 10.3% | epoch: 1 | remaining: 68s    
step 00598 (77.5%) | loss: 3.130478 | lrm: 0.27 | dt: 396ms | tok/sec: 331,224 | mfu: 10.3% | epoch: 1 | remaining: 67s    
step 00599 (77.6%) | loss: 3.130794 | lrm: 0.26 | dt: 396ms | tok/sec: 331,240 | mfu: 10.3% | epoch: 1 | remaining: 67s    
step 00600 (77.7%) | loss: 3.119898 | lrm: 0.26 | dt: 396ms | tok/sec: 331,300 | mfu: 10.3% | epoch: 1 | remaining: 66s    
step 00601 (77.9%) | loss: 3.115013 | lrm: 0.26 | dt: 396ms | tok/sec: 331,109 | mfu: 10.3% | epoch: 1 | remaining: 66s    
step 00602 (78.0%) | loss: 3.113037 | lrm: 0.26 | dt: 396ms | tok/sec: 331,174 | mfu: 10.3% | epoch: 1 | remaining: 66s    
step 00603 (78.1%) | loss: 3.107981 | lrm: 0.26 | dt: 396ms | tok/sec: 331,232 | mfu: 10.3% | epoch: 1 | remaining: 65s    
step 00604 (78.3%) | loss: 3.104601 | lrm: 0.26 | dt: 396ms | tok/sec: 331,234 | mfu: 10.3% | epoch: 1 | remaining: 65s    
step 00605 (78.4%) | loss: 3.108289 | lrm: 0.25 | dt: 396ms | tok/sec: 331,316 | mfu: 10.3% | epoch: 1 | remaining: 64s    
step 00606 (78.5%) | loss: 3.112316 | lrm: 0.25 | dt: 396ms | tok/sec: 331,252 | mfu: 10.3% | epoch: 1 | remaining: 64s    
step 00607 (78.7%) | loss: 3.110790 | lrm: 0.25 | dt: 396ms | tok/sec: 331,220 | mfu: 10.3% | epoch: 1 | remaining: 64s    
step 00608 (78.8%) | loss: 3.110342 | lrm: 0.25 | dt: 396ms | tok/sec: 331,255 | mfu: 10.3% | epoch: 1 | remaining: 63s    
step 00609 (78.9%) | loss: 3.113929 | lrm: 0.25 | dt: 396ms | tok/sec: 331,177 | mfu: 10.3% | epoch: 1 | remaining: 63s    
step 00610 (79.1%) | loss: 3.109569 | lrm: 0.25 | dt: 396ms | tok/sec: 331,139 | mfu: 10.3% | epoch: 1 | remaining: 62s    
step 00611 (79.2%) | loss: 3.112596 | lrm: 0.24 | dt: 396ms | tok/sec: 331,194 | mfu: 10.3% | epoch: 1 | remaining: 62s    
step 00612 (79.3%) | loss: 3.107342 | lrm: 0.24 | dt: 396ms | tok/sec: 331,143 | mfu: 10.3% | epoch: 1 | remaining: 62s    
step 00613 (79.5%) | loss: 3.107630 | lrm: 0.24 | dt: 396ms | tok/sec: 331,320 | mfu: 10.3% | epoch: 1 | remaining: 61s    
step 00614 (79.6%) | loss: 3.108207 | lrm: 0.24 | dt: 396ms | tok/sec: 331,186 | mfu: 10.3% | epoch: 1 | remaining: 61s    
step 00615 (79.7%) | loss: 3.108810 | lrm: 0.24 | dt: 396ms | tok/sec: 331,245 | mfu: 10.3% | epoch: 1 | remaining: 60s    
step 00616 (79.8%) | loss: 3.117231 | lrm: 0.24 | dt: 396ms | tok/sec: 331,209 | mfu: 10.3% | epoch: 1 | remaining: 60s    
step 00617 (80.0%) | loss: 3.117998 | lrm: 0.24 | dt: 396ms | tok/sec: 331,231 | mfu: 10.3% | epoch: 1 | remaining: 60s    
step 00618 (80.1%) | loss: 3.120545 | lrm: 0.23 | dt: 396ms | tok/sec: 331,301 | mfu: 10.3% | epoch: 1 | remaining: 59s    
step 00619 (80.2%) | loss: 3.118453 | lrm: 0.23 | dt: 396ms | tok/sec: 331,112 | mfu: 10.3% | epoch: 1 | remaining: 59s    
step 00620 (80.4%) | loss: 3.116533 | lrm: 0.23 | dt: 396ms | tok/sec: 331,076 | mfu: 10.3% | epoch: 1 | remaining: 58s    
step 00621 (80.5%) | loss: 3.119262 | lrm: 0.23 | dt: 396ms | tok/sec: 331,109 | mfu: 10.3% | epoch: 1 | remaining: 58s    
step 00622 (80.6%) | loss: 3.114433 | lrm: 0.23 | dt: 396ms | tok/sec: 331,217 | mfu: 10.3% | epoch: 1 | remaining: 58s    
step 00623 (80.8%) | loss: 3.113029 | lrm: 0.23 | dt: 396ms | tok/sec: 331,174 | mfu: 10.3% | epoch: 1 | remaining: 57s    
step 00624 (80.9%) | loss: 3.108002 | lrm: 0.22 | dt: 396ms | tok/sec: 331,231 | mfu: 10.3% | epoch: 1 | remaining: 57s    
step 00625 (81.0%) | loss: 3.107919 | lrm: 0.22 | dt: 396ms | tok/sec: 331,122 | mfu: 10.3% | epoch: 1 | remaining: 56s    
step 00626 (81.2%) | loss: 3.105411 | lrm: 0.22 | dt: 396ms | tok/sec: 331,130 | mfu: 10.3% | epoch: 1 | remaining: 56s    
step 00627 (81.3%) | loss: 3.103753 | lrm: 0.22 | dt: 396ms | tok/sec: 331,172 | mfu: 10.3% | epoch: 1 | remaining: 56s    
step 00628 (81.4%) | loss: 3.099405 | lrm: 0.22 | dt: 396ms | tok/sec: 331,160 | mfu: 10.3% | epoch: 1 | remaining: 55s    
step 00629 (81.6%) | loss: 3.096884 | lrm: 0.22 | dt: 396ms | tok/sec: 331,160 | mfu: 10.3% | epoch: 1 | remaining: 55s    
step 00630 (81.7%) | loss: 3.099929 | lrm: 0.22 | dt: 396ms | tok/sec: 331,146 | mfu: 10.3% | epoch: 1 | remaining: 55s    
step 00631 (81.8%) | loss: 3.097925 | lrm: 0.21 | dt: 396ms | tok/sec: 331,209 | mfu: 10.3% | epoch: 1 | remaining: 54s    
step 00632 (82.0%) | loss: 3.094480 | lrm: 0.21 | dt: 396ms | tok/sec: 331,185 | mfu: 10.3% | epoch: 1 | remaining: 54s    
step 00633 (82.1%) | loss: 3.091965 | lrm: 0.21 | dt: 396ms | tok/sec: 331,179 | mfu: 10.3% | epoch: 1 | remaining: 53s    
step 00634 (82.2%) | loss: 3.090675 | lrm: 0.21 | dt: 396ms | tok/sec: 331,097 | mfu: 10.3% | epoch: 1 | remaining: 53s    
step 00635 (82.4%) | loss: 3.091954 | lrm: 0.21 | dt: 396ms | tok/sec: 331,094 | mfu: 10.3% | epoch: 1 | remaining: 53s    
step 00636 (82.5%) | loss: 3.092171 | lrm: 0.21 | dt: 396ms | tok/sec: 331,180 | mfu: 10.3% | epoch: 1 | remaining: 52s    
step 00637 (82.6%) | loss: 3.094459 | lrm: 0.20 | dt: 396ms | tok/sec: 331,269 | mfu: 10.3% | epoch: 1 | remaining: 52s    
step 00638 (82.8%) | loss: 3.092367 | lrm: 0.20 | dt: 396ms | tok/sec: 331,257 | mfu: 10.3% | epoch: 1 | remaining: 51s    
step 00639 (82.9%) | loss: 3.089953 | lrm: 0.20 | dt: 396ms | tok/sec: 331,320 | mfu: 10.3% | epoch: 1 | remaining: 51s    
step 00640 (83.0%) | loss: 3.086523 | lrm: 0.20 | dt: 396ms | tok/sec: 331,221 | mfu: 10.3% | epoch: 1 | remaining: 51s    
step 00641 (83.1%) | loss: 3.082009 | lrm: 0.20 | dt: 396ms | tok/sec: 331,220 | mfu: 10.3% | epoch: 1 | remaining: 50s    
step 00642 (83.3%) | loss: 3.077147 | lrm: 0.20 | dt: 396ms | tok/sec: 331,174 | mfu: 10.3% | epoch: 1 | remaining: 50s    
step 00643 (83.4%) | loss: 3.076154 | lrm: 0.20 | dt: 396ms | tok/sec: 331,169 | mfu: 10.3% | epoch: 1 | remaining: 49s    
step 00644 (83.5%) | loss: 3.077006 | lrm: 0.19 | dt: 396ms | tok/sec: 330,974 | mfu: 10.3% | epoch: 1 | remaining: 49s    
step 00645 (83.7%) | loss: 3.081367 | lrm: 0.19 | dt: 396ms | tok/sec: 331,086 | mfu: 10.3% | epoch: 1 | remaining: 49s    
step 00646 (83.8%) | loss: 3.077886 | lrm: 0.19 | dt: 396ms | tok/sec: 331,184 | mfu: 10.3% | epoch: 1 | remaining: 48s    
step 00647 (83.9%) | loss: 3.078086 | lrm: 0.19 | dt: 396ms | tok/sec: 331,192 | mfu: 10.3% | epoch: 1 | remaining: 48s    
step 00648 (84.1%) | loss: 3.077136 | lrm: 0.19 | dt: 396ms | tok/sec: 331,197 | mfu: 10.3% | epoch: 1 | remaining: 47s    
step 00649 (84.2%) | loss: 3.079262 | lrm: 0.19 | dt: 396ms | tok/sec: 331,175 | mfu: 10.3% | epoch: 1 | remaining: 47s    
step 00650 (84.3%) | loss: 3.075179 | lrm: 0.18 | dt: 396ms | tok/sec: 331,147 | mfu: 10.3% | epoch: 1 | remaining: 47s    
step 00651 (84.5%) | loss: 3.077012 | lrm: 0.18 | dt: 396ms | tok/sec: 331,184 | mfu: 10.3% | epoch: 1 | remaining: 46s    
step 00652 (84.6%) | loss: 3.082102 | lrm: 0.18 | dt: 396ms | tok/sec: 331,134 | mfu: 10.3% | epoch: 1 | remaining: 46s    
step 00653 (84.7%) | loss: 3.084392 | lrm: 0.18 | dt: 396ms | tok/sec: 331,198 | mfu: 10.3% | epoch: 1 | remaining: 45s    
step 00654 (84.9%) | loss: 3.085668 | lrm: 0.18 | dt: 396ms | tok/sec: 331,203 | mfu: 10.3% | epoch: 1 | remaining: 45s    
step 00655 (85.0%) | loss: 3.078761 | lrm: 0.18 | dt: 396ms | tok/sec: 331,268 | mfu: 10.3% | epoch: 1 | remaining: 45s    
step 00656 (85.1%) | loss: 3.072415 | lrm: 0.17 | dt: 396ms | tok/sec: 331,270 | mfu: 10.3% | epoch: 1 | remaining: 44s    
step 00657 (85.3%) | loss: 3.074265 | lrm: 0.17 | dt: 396ms | tok/sec: 331,205 | mfu: 10.3% | epoch: 1 | remaining: 44s    
step 00658 (85.4%) | loss: 3.074796 | lrm: 0.17 | dt: 396ms | tok/sec: 331,057 | mfu: 10.3% | epoch: 1 | remaining: 43s    
step 00659 (85.5%) | loss: 3.075657 | lrm: 0.17 | dt: 396ms | tok/sec: 331,245 | mfu: 10.3% | epoch: 1 | remaining: 43s    
step 00660 (85.7%) | loss: 3.079271 | lrm: 0.17 | dt: 396ms | tok/sec: 331,226 | mfu: 10.3% | epoch: 1 | remaining: 43s    
step 00661 (85.8%) | loss: 3.079894 | lrm: 0.17 | dt: 396ms | tok/sec: 331,202 | mfu: 10.3% | epoch: 1 | remaining: 42s    
step 00662 (85.9%) | loss: 3.078013 | lrm: 0.17 | dt: 396ms | tok/sec: 331,188 | mfu: 10.3% | epoch: 1 | remaining: 42s    
step 00663 (86.0%) | loss: 3.073481 | lrm: 0.16 | dt: 396ms | tok/sec: 331,117 | mfu: 10.3% | epoch: 1 | remaining: 41s    
step 00664 (86.2%) | loss: 3.080904 | lrm: 0.16 | dt: 396ms | tok/sec: 331,146 | mfu: 10.3% | epoch: 1 | remaining: 41s    
step 00665 (86.3%) | loss: 3.075229 | lrm: 0.16 | dt: 396ms | tok/sec: 331,037 | mfu: 10.3% | epoch: 1 | remaining: 41s    
step 00666 (86.4%) | loss: 3.073870 | lrm: 0.16 | dt: 396ms | tok/sec: 331,192 | mfu: 10.3% | epoch: 1 | remaining: 40s    
step 00667 (86.6%) | loss: 3.073570 | lrm: 0.16 | dt: 396ms | tok/sec: 331,213 | mfu: 10.3% | epoch: 1 | remaining: 40s    
step 00668 (86.7%) | loss: 3.072882 | lrm: 0.16 | dt: 396ms | tok/sec: 331,097 | mfu: 10.3% | epoch: 1 | remaining: 39s    
step 00669 (86.8%) | loss: 3.072047 | lrm: 0.15 | dt: 396ms | tok/sec: 331,229 | mfu: 10.3% | epoch: 1 | remaining: 39s    
step 00670 (87.0%) | loss: 3.071964 | lrm: 0.15 | dt: 396ms | tok/sec: 331,246 | mfu: 10.3% | epoch: 1 | remaining: 39s    
step 00671 (87.1%) | loss: 3.071990 | lrm: 0.15 | dt: 396ms | tok/sec: 331,146 | mfu: 10.3% | epoch: 1 | remaining: 38s    
step 00672 (87.2%) | loss: 3.072998 | lrm: 0.15 | dt: 396ms | tok/sec: 331,146 | mfu: 10.3% | epoch: 1 | remaining: 38s    
step 00673 (87.4%) | loss: 3.069775 | lrm: 0.15 | dt: 396ms | tok/sec: 331,211 | mfu: 10.3% | epoch: 1 | remaining: 37s    
step 00674 (87.5%) | loss: 3.074340 | lrm: 0.15 | dt: 396ms | tok/sec: 331,172 | mfu: 10.3% | epoch: 1 | remaining: 37s    
step 00675 (87.6%) | loss: 3.073893 | lrm: 0.15 | dt: 396ms | tok/sec: 331,166 | mfu: 10.3% | epoch: 1 | remaining: 37s    
step 00676 (87.8%) | loss: 3.072173 | lrm: 0.14 | dt: 396ms | tok/sec: 331,144 | mfu: 10.3% | epoch: 1 | remaining: 36s    
step 00677 (87.9%) | loss: 3.074082 | lrm: 0.14 | dt: 396ms | tok/sec: 331,173 | mfu: 10.3% | epoch: 1 | remaining: 36s    
step 00678 (88.0%) | loss: 3.081928 | lrm: 0.14 | dt: 396ms | tok/sec: 331,114 | mfu: 10.3% | epoch: 1 | remaining: 36s    
step 00679 (88.2%) | loss: 3.084565 | lrm: 0.14 | dt: 396ms | tok/sec: 331,239 | mfu: 10.3% | epoch: 1 | remaining: 35s    
step 00680 (88.3%) | loss: 3.082045 | lrm: 0.14 | dt: 396ms | tok/sec: 331,325 | mfu: 10.3% | epoch: 1 | remaining: 35s    
step 00681 (88.4%) | loss: 3.076553 | lrm: 0.14 | dt: 396ms | tok/sec: 331,075 | mfu: 10.3% | epoch: 1 | remaining: 34s    
step 00682 (88.6%) | loss: 3.081840 | lrm: 0.13 | dt: 396ms | tok/sec: 331,064 | mfu: 10.3% | epoch: 1 | remaining: 34s    
step 00683 (88.7%) | loss: 3.083091 | lrm: 0.13 | dt: 396ms | tok/sec: 331,247 | mfu: 10.3% | epoch: 1 | remaining: 34s    
step 00684 (88.8%) | loss: 3.076931 | lrm: 0.13 | dt: 396ms | tok/sec: 331,236 | mfu: 10.3% | epoch: 1 | remaining: 33s    
step 00685 (89.0%) | loss: 3.071734 | lrm: 0.13 | dt: 396ms | tok/sec: 331,227 | mfu: 10.3% | epoch: 1 | remaining: 33s    
step 00686 (89.1%) | loss: 3.072174 | lrm: 0.13 | dt: 396ms | tok/sec: 331,197 | mfu: 10.3% | epoch: 1 | remaining: 32s    
step 00687 (89.2%) | loss: 3.065280 | lrm: 0.13 | dt: 396ms | tok/sec: 331,110 | mfu: 10.3% | epoch: 1 | remaining: 32s    
step 00688 (89.3%) | loss: 3.070324 | lrm: 0.13 | dt: 396ms | tok/sec: 331,177 | mfu: 10.3% | epoch: 1 | remaining: 32s    
step 00689 (89.5%) | loss: 3.066432 | lrm: 0.12 | dt: 396ms | tok/sec: 331,192 | mfu: 10.3% | epoch: 1 | remaining: 31s    
step 00690 (89.6%) | loss: 3.069623 | lrm: 0.12 | dt: 396ms | tok/sec: 331,150 | mfu: 10.3% | epoch: 1 | remaining: 31s    
step 00691 (89.7%) | loss: 3.072632 | lrm: 0.12 | dt: 396ms | tok/sec: 331,199 | mfu: 10.3% | epoch: 1 | remaining: 30s    
step 00692 (89.9%) | loss: 3.074614 | lrm: 0.12 | dt: 396ms | tok/sec: 331,024 | mfu: 10.3% | epoch: 1 | remaining: 30s    
step 00693 (90.0%) | loss: 3.073861 | lrm: 0.12 | dt: 396ms | tok/sec: 331,212 | mfu: 10.3% | epoch: 1 | remaining: 30s    
step 00694 (90.1%) | loss: 3.074228 | lrm: 0.12 | dt: 396ms | tok/sec: 331,237 | mfu: 10.3% | epoch: 1 | remaining: 29s    
step 00695 (90.3%) | loss: 3.072349 | lrm: 0.11 | dt: 396ms | tok/sec: 331,371 | mfu: 10.3% | epoch: 1 | remaining: 29s    
step 00696 (90.4%) | loss: 3.065995 | lrm: 0.11 | dt: 396ms | tok/sec: 331,219 | mfu: 10.3% | epoch: 1 | remaining: 28s    
step 00697 (90.5%) | loss: 3.067791 | lrm: 0.11 | dt: 396ms | tok/sec: 331,156 | mfu: 10.3% | epoch: 1 | remaining: 28s    
step 00698 (90.7%) | loss: 3.063366 | lrm: 0.11 | dt: 396ms | tok/sec: 331,073 | mfu: 10.3% | epoch: 1 | remaining: 28s    
step 00699 (90.8%) | loss: 3.064357 | lrm: 0.11 | dt: 396ms | tok/sec: 331,106 | mfu: 10.3% | epoch: 1 | remaining: 27s    
step 00700 (90.9%) | loss: 3.066128 | lrm: 0.11 | dt: 396ms | tok/sec: 331,221 | mfu: 10.3% | epoch: 1 | remaining: 27s    
step 00701 (91.1%) | loss: 3.066097 | lrm: 0.11 | dt: 396ms | tok/sec: 331,168 | mfu: 10.3% | epoch: 1 | remaining: 26s    
step 00702 (91.2%) | loss: 3.064390 | lrm: 0.10 | dt: 396ms | tok/sec: 331,162 | mfu: 10.3% | epoch: 1 | remaining: 26s    
step 00703 (91.3%) | loss: 3.053520 | lrm: 0.10 | dt: 396ms | tok/sec: 331,291 | mfu: 10.3% | epoch: 1 | remaining: 26s    
step 00704 (91.5%) | loss: 3.052314 | lrm: 0.10 | dt: 396ms | tok/sec: 331,279 | mfu: 10.3% | epoch: 1 | remaining: 25s    
step 00705 (91.6%) | loss: 3.050709 | lrm: 0.10 | dt: 396ms | tok/sec: 331,243 | mfu: 10.3% | epoch: 1 | remaining: 25s    
step 00706 (91.7%) | loss: 3.062049 | lrm: 0.10 | dt: 396ms | tok/sec: 331,161 | mfu: 10.3% | epoch: 1 | remaining: 24s    
step 00707 (91.9%) | loss: 3.062418 | lrm: 0.10 | dt: 396ms | tok/sec: 331,172 | mfu: 10.3% | epoch: 1 | remaining: 24s    
step 00708 (92.0%) | loss: 3.064357 | lrm: 0.09 | dt: 396ms | tok/sec: 331,330 | mfu: 10.3% | epoch: 1 | remaining: 24s    
step 00709 (92.1%) | loss: 3.062603 | lrm: 0.09 | dt: 396ms | tok/sec: 331,233 | mfu: 10.3% | epoch: 1 | remaining: 23s    
step 00710 (92.2%) | loss: 3.056714 | lrm: 0.09 | dt: 396ms | tok/sec: 331,159 | mfu: 10.3% | epoch: 1 | remaining: 23s    
step 00711 (92.4%) | loss: 3.046943 | lrm: 0.09 | dt: 396ms | tok/sec: 331,077 | mfu: 10.3% | epoch: 1 | remaining: 22s    
step 00712 (92.5%) | loss: 3.048991 | lrm: 0.09 | dt: 396ms | tok/sec: 331,208 | mfu: 10.3% | epoch: 1 | remaining: 22s    
step 00713 (92.6%) | loss: 3.048270 | lrm: 0.09 | dt: 396ms | tok/sec: 331,180 | mfu: 10.3% | epoch: 1 | remaining: 22s    
step 00714 (92.8%) | loss: 3.043232 | lrm: 0.08 | dt: 396ms | tok/sec: 331,195 | mfu: 10.3% | epoch: 1 | remaining: 21s    
step 00715 (92.9%) | loss: 3.047887 | lrm: 0.08 | dt: 396ms | tok/sec: 331,216 | mfu: 10.3% | epoch: 1 | remaining: 21s    
step 00716 (93.0%) | loss: 3.054079 | lrm: 0.08 | dt: 396ms | tok/sec: 331,209 | mfu: 10.3% | epoch: 1 | remaining: 20s    
step 00717 (93.2%) | loss: 3.053640 | lrm: 0.08 | dt: 396ms | tok/sec: 331,206 | mfu: 10.3% | epoch: 1 | remaining: 20s    
step 00718 (93.3%) | loss: 3.056065 | lrm: 0.08 | dt: 396ms | tok/sec: 331,177 | mfu: 10.3% | epoch: 1 | remaining: 20s    
step 00719 (93.4%) | loss: 3.051826 | lrm: 0.08 | dt: 396ms | tok/sec: 331,200 | mfu: 10.3% | epoch: 1 | remaining: 19s    
step 00720 (93.6%) | loss: 3.051465 | lrm: 0.08 | dt: 396ms | tok/sec: 331,243 | mfu: 10.3% | epoch: 1 | remaining: 19s    
step 00721 (93.7%) | loss: 3.048700 | lrm: 0.07 | dt: 396ms | tok/sec: 331,186 | mfu: 10.3% | epoch: 1 | remaining: 19s    
step 00722 (93.8%) | loss: 3.041362 | lrm: 0.07 | dt: 396ms | tok/sec: 331,097 | mfu: 10.3% | epoch: 1 | remaining: 18s    
step 00723 (94.0%) | loss: 3.035611 | lrm: 0.07 | dt: 396ms | tok/sec: 331,322 | mfu: 10.3% | epoch: 1 | remaining: 18s    
step 00724 (94.1%) | loss: 3.039838 | lrm: 0.07 | dt: 396ms | tok/sec: 331,143 | mfu: 10.3% | epoch: 1 | remaining: 17s    
step 00725 (94.2%) | loss: 3.039909 | lrm: 0.07 | dt: 396ms | tok/sec: 331,210 | mfu: 10.3% | epoch: 1 | remaining: 17s    
step 00726 (94.4%) | loss: 3.033369 | lrm: 0.07 | dt: 396ms | tok/sec: 331,124 | mfu: 10.3% | epoch: 1 | remaining: 17s    
step 00727 (94.5%) | loss: 3.035504 | lrm: 0.06 | dt: 396ms | tok/sec: 331,271 | mfu: 10.3% | epoch: 1 | remaining: 16s    
step 00728 (94.6%) | loss: 3.034602 | lrm: 0.06 | dt: 396ms | tok/sec: 331,236 | mfu: 10.3% | epoch: 1 | remaining: 16s    
step 00729 (94.8%) | loss: 3.033247 | lrm: 0.06 | dt: 396ms | tok/sec: 331,171 | mfu: 10.3% | epoch: 1 | remaining: 15s    
step 00730 (94.9%) | loss: 3.036926 | lrm: 0.06 | dt: 396ms | tok/sec: 331,121 | mfu: 10.3% | epoch: 1 | remaining: 15s    
step 00731 (95.0%) | loss: 3.037522 | lrm: 0.06 | dt: 396ms | tok/sec: 331,062 | mfu: 10.3% | epoch: 1 | remaining: 15s    
step 00732 (95.2%) | loss: 3.032067 | lrm: 0.06 | dt: 396ms | tok/sec: 331,242 | mfu: 10.3% | epoch: 1 | remaining: 14s    
step 00733 (95.3%) | loss: 3.027867 | lrm: 0.06 | dt: 396ms | tok/sec: 331,235 | mfu: 10.3% | epoch: 1 | remaining: 14s    
step 00734 (95.4%) | loss: 3.034377 | lrm: 0.05 | dt: 396ms | tok/sec: 331,188 | mfu: 10.3% | epoch: 1 | remaining: 13s    
step 00735 (95.5%) | loss: 3.031233 | lrm: 0.05 | dt: 396ms | tok/sec: 331,262 | mfu: 10.3% | epoch: 1 | remaining: 13s    
step 00736 (95.7%) | loss: 3.028597 | lrm: 0.05 | dt: 396ms | tok/sec: 331,207 | mfu: 10.3% | epoch: 1 | remaining: 13s    
step 00737 (95.8%) | loss: 3.023063 | lrm: 0.05 | dt: 396ms | tok/sec: 331,108 | mfu: 10.3% | epoch: 1 | remaining: 12s    
step 00738 (95.9%) | loss: 3.017398 | lrm: 0.05 | dt: 396ms | tok/sec: 331,192 | mfu: 10.3% | epoch: 1 | remaining: 12s    
step 00739 (96.1%) | loss: 3.013754 | lrm: 0.05 | dt: 396ms | tok/sec: 331,094 | mfu: 10.3% | epoch: 1 | remaining: 11s    
step 00740 (96.2%) | loss: 3.012471 | lrm: 0.04 | dt: 396ms | tok/sec: 331,188 | mfu: 10.3% | epoch: 1 | remaining: 11s    
step 00741 (96.3%) | loss: 3.020190 | lrm: 0.04 | dt: 396ms | tok/sec: 331,259 | mfu: 10.3% | epoch: 1 | remaining: 11s    
step 00742 (96.5%) | loss: 3.026845 | lrm: 0.04 | dt: 396ms | tok/sec: 331,183 | mfu: 10.3% | epoch: 1 | remaining: 10s    
step 00743 (96.6%) | loss: 3.029078 | lrm: 0.04 | dt: 396ms | tok/sec: 331,088 | mfu: 10.3% | epoch: 1 | remaining: 10s    
step 00744 (96.7%) | loss: 3.027714 | lrm: 0.04 | dt: 396ms | tok/sec: 331,204 | mfu: 10.3% | epoch: 1 | remaining: 9s    
step 00745 (96.9%) | loss: 3.026135 | lrm: 0.04 | dt: 396ms | tok/sec: 331,134 | mfu: 10.3% | epoch: 1 | remaining: 9s    
step 00746 (97.0%) | loss: 3.025895 | lrm: 0.04 | dt: 396ms | tok/sec: 331,235 | mfu: 10.3% | epoch: 1 | remaining: 9s    
step 00747 (97.1%) | loss: 3.026768 | lrm: 0.03 | dt: 396ms | tok/sec: 331,175 | mfu: 10.3% | epoch: 1 | remaining: 8s    
step 00748 (97.3%) | loss: 3.028299 | lrm: 0.03 | dt: 396ms | tok/sec: 331,175 | mfu: 10.3% | epoch: 1 | remaining: 8s    
step 00749 (97.4%) | loss: 3.020579 | lrm: 0.03 | dt: 396ms | tok/sec: 331,216 | mfu: 10.3% | epoch: 1 | remaining: 7s    
step 00750 (97.5%) | loss: 3.023426 | lrm: 0.03 | dt: 396ms | tok/sec: 331,076 | mfu: 10.3% | epoch: 1 | remaining: 7s    
step 00751 (97.7%) | loss: 3.016987 | lrm: 0.03 | dt: 396ms | tok/sec: 331,100 | mfu: 10.3% | epoch: 1 | remaining: 7s    
step 00752 (97.8%) | loss: 3.020171 | lrm: 0.03 | dt: 396ms | tok/sec: 331,177 | mfu: 10.3% | epoch: 1 | remaining: 6s    
step 00753 (97.9%) | loss: 3.015966 | lrm: 0.02 | dt: 396ms | tok/sec: 331,118 | mfu: 10.3% | epoch: 1 | remaining: 6s    
step 00754 (98.1%) | loss: 3.016104 | lrm: 0.02 | dt: 396ms | tok/sec: 331,175 | mfu: 10.3% | epoch: 1 | remaining: 5s    
step 00755 (98.2%) | loss: 3.010254 | lrm: 0.02 | dt: 396ms | tok/sec: 331,220 | mfu: 10.3% | epoch: 1 | remaining: 5s    
step 00756 (98.3%) | loss: 3.012867 | lrm: 0.02 | dt: 396ms | tok/sec: 331,243 | mfu: 10.3% | epoch: 1 | remaining: 5s    
step 00757 (98.4%) | loss: 3.017413 | lrm: 0.02 | dt: 396ms | tok/sec: 331,314 | mfu: 10.3% | epoch: 1 | remaining: 4s    
step 00758 (98.6%) | loss: 3.022754 | lrm: 0.02 | dt: 396ms | tok/sec: 331,171 | mfu: 10.3% | epoch: 1 | remaining: 4s    
step 00759 (98.7%) | loss: 3.032455 | lrm: 0.02 | dt: 396ms | tok/sec: 331,073 | mfu: 10.3% | epoch: 1 | remaining: 3s    
step 00760 (98.8%) | loss: 3.032372 | lrm: 0.01 | dt: 396ms | tok/sec: 331,299 | mfu: 10.3% | epoch: 1 | remaining: 3s    
step 00761 (99.0%) | loss: 3.031244 | lrm: 0.01 | dt: 396ms | tok/sec: 331,289 | mfu: 10.3% | epoch: 1 | remaining: 3s    
step 00762 (99.1%) | loss: 3.036273 | lrm: 0.01 | dt: 396ms | tok/sec: 331,206 | mfu: 10.3% | epoch: 1 | remaining: 2s    
step 00763 (99.2%) | loss: 3.036363 | lrm: 0.01 | dt: 396ms | tok/sec: 331,178 | mfu: 10.3% | epoch: 1 | remaining: 2s    
step 00764 (99.4%) | loss: 3.038840 | lrm: 0.01 | dt: 396ms | tok/sec: 331,120 | mfu: 10.3% | epoch: 1 | remaining: 1s    
step 00765 (99.5%) | loss: 3.037841 | lrm: 0.01 | dt: 396ms | tok/sec: 331,296 | mfu: 10.3% | epoch: 1 | remaining: 1s    
step 00766 (99.6%) | loss: 3.042426 | lrm: 0.00 | dt: 396ms | tok/sec: 331,305 | mfu: 10.3% | epoch: 1 | remaining: 1s    
step 00767 (99.8%) | loss: 3.039100 | lrm: 0.00 | dt: 396ms | tok/sec: 331,288 | mfu: 10.3% | epoch: 1 | remaining: 0s    
step 00768 (99.9%) | loss: 3.038404 | lrm: 0.00 | dt: 396ms | tok/sec: 331,202 | mfu: 10.3% | epoch: 1 | remaining: 0s    
---
profile:          fwd 140.8ms bwd 252.3ms load 48.4ms opt 5.2ms
val_bpb:          1.082619
training_seconds: 300.1
total_seconds:    345.3
peak_vram_mb:     49087.0
mfu_percent:      10.33
total_tokens_M:   100.8
num_steps:        769
num_params_M:     57.7
depth:            9
[W1004 07:49:16.645122746 CudaIPCTypes.cpp:16] Producer process has been terminated before all shared CUDA tensors released. See Note [Sharing CUDA tensors]
