probes [1] (steps [134]); train 41, held out 58
artifacts: /Users/jdv/code/iterate/artifacts/ls20/L3_f40_probe1/cegis_devin

Objects of type `counter` under action ACTION3 with touching neighbours [] show mixed outcomes: no_change x2, tags,w,x x2. Find the condition in the before state that decides the outcome. Start from this kind of condition: a field of the object itself, such as its tags, pixels, visibility or layer. Verify it against every transition before you keep it.

Counterexample. The last transition in transitions.md (step 134, action 2) refuted every program of an earlier committee of 7 programs. Each replayed all the other transitions exactly and predicted this one wrong:

4 program(s) predicted:
  observed but not predicted: {"name": "step_bar", "type": "counter", "x": 41, "y": 61, "w": 14, "h": 2, "layer": 0}
  observed but not predicted: {"name": "legend", "type": "target", "x": 55, "y": 51, "w": 3, "h": 3, "layer": 0}
  observed but not predicted: {"name": "player", "type": "player", "x": 54, "y": 45, "w": 5, "h": 5, "layer": 1}
  predicted but not observed: {"name": "step_bar", "type": "counter", "x": 43, "y": 61, "w": 12, "h": 2, "layer": 0}
  predicted but not observed: {"name": "player", "type": "player", "x": 54, "y": 50, "w": 5, "h": 5, "layer": 1}

2 program(s) predicted:
  observed but not predicted: {"name": "step_bar", "type": "counter", "x": 41, "y": 61, "w": 14, "h": 2, "layer": 0}
  observed but not predicted: {"name": "player", "type": "player", "x": 54, "y": 45, "w": 5, "h": 5, "layer": 1}
  predicted but not observed: {"name": "step_bar", "type": "counter", "x": 43, "y": 61, "w": 12, "h": 2, "layer": 0}
  predicted but not observed: {"name": "player", "type": "player", "x": 54, "y": 50, "w": 5, "h": 5, "layer": 1}

1 program(s) predicted:
  observed but not predicted: {"name": "step_bar", "type": "counter", "x": 41, "y": 61, "w": 14, "h": 2, "layer": 0}
  predicted but not observed: {"name": "step_bar", "type": "counter", "x": 43, "y": 61, "w": 12, "h": 2, "layer": 0}

Find the mechanic those programs missed. It must explain this transition and every earlier one, and it must not be a special case keyed to this step.

ls20 L3 cegis_devin run1: consistent=True train=41/41 test_acc=0.8793103448275862 turns=None wall=126.7s err=None
ls20 L3 cegis_devin run2: consistent=True train=41/41 test_acc=0.8793103448275862 turns=None wall=168.2s err=None
ls20 L3 cegis_devin run3: consistent=True train=41/41 test_acc=0.8793103448275862 turns=None wall=189.3s err=None
ls20 L3 cegis_devin run0: consistent=True train=41/41 test_acc=0.8793103448275862 turns=None wall=230.8s err=None
ls20 L3 cegis_devin run4: consistent=True train=41/41 test_acc=0.8793103448275862 turns=None wall=145.4s err=None
ls20 L3 cegis_devin run6: consistent=True train=41/41 test_acc=0.8793103448275862 turns=None wall=124.9s err=None
ls20 L3 cegis_devin run5: consistent=True train=41/41 test_acc=0.8793103448275862 turns=None wall=186.7s err=None
ls20 L3 cegis_devin run7: consistent=True train=41/41 test_acc=0.8793103448275862 turns=None wall=414.8s err=None
