INFO:arc_agi.scorecard:Initialized ScorecardManager with idle_for=0:15:00 and max_open_for=3 days, 0:00:00
2026-10-03 23:33:04 | INFO | Successfully fetched 25 environment(s) from API
2026-10-03 23:33:04 | INFO | Created new scorecard: 1fa98681-8cbd-4eff-903b-25a34d04e1aa
2026-10-03 23:33:05 | INFO | Successfully fetched metadata for game ar25
2026-10-03 23:33:05 | INFO | Successfully loaded game class Ar25 from cache/arc_games/ar25/0c556536/ar25.py
train 29 recorded + 71 live (refuting move 63); artifacts artifacts/ar25/L3_f40_probe0_live70/live_opine_devin

Objects of type `reflection` under action ACTION3 with touching neighbours [target] show mixed outcomes: pixels,y x1, no_change x1. Find the condition in the before state that decides the outcome. Start from this kind of condition: a field of the object itself, such as its tags, pixels, visibility or layer. Verify it against every transition before you keep it.

Counterexample at the mechanism level. Step 63, action 5, refuted every program of a committee of 7. Rows where every program was wrong; this is the mechanic to repair:
  - frame cells, 7 programs: 1 cells differ: (63,63) want c got b
Rows where every program was right on this transition; keep these mechanics as the earlier programs had them:
  - counter | ACTION5 | [reflection]: no_change
  - wall | ACTION5 | [player,reflection]: gone
  - player | ACTION5 | [target]: pixels changed
  - player | ACTION5 | [wall]: pixels changed
  - reflection | ACTION5 | [target,wall]: no_change
  - reflection | ACTION5 | [counter]: no_change
  - target | ACTION5 | []: no_change
  - target | ACTION5 | [player]: no_change
  - target | ACTION5 | []: no_change
  - target | ACTION5 | [reflection]: no_change
  - new object {"name": "wall_h_6", "type": "wall", "x": 36, "y": 0, "w": 3, "h": 63, "layer": 1}: observed; predicted by 7 of 7 programs

Repair hypothesis for this seed: the rule for the row(s) above is decided by a field of the object itself, such as its tags, pixels, visibility or layer. Write that rule first and verify it on the counterexample and on every earlier transition. Keep every other mechanic as the earlier programs had it; do not key the rule to this step.

ar25 L3 live_opine_devin run0: consistent=True train=100/100 test_acc=None turns=None wall=186.7s err=None
ar25 L3 live_opine_devin run2: consistent=True train=100/100 test_acc=None turns=None wall=230.7s err=None
ar25 L3 live_opine_devin run3: consistent=True train=100/100 test_acc=None turns=None wall=249.4s err=None
ar25 L3 live_opine_devin run4: consistent=True train=100/100 test_acc=None turns=None wall=124.7s err=None
ar25 L3 live_opine_devin run6: consistent=True train=100/100 test_acc=None turns=None wall=83.4s err=None
ar25 L3 live_opine_devin run5: consistent=True train=100/100 test_acc=None turns=None wall=165.8s err=None
ar25 L3 live_opine_devin run7: consistent=True train=100/100 test_acc=None turns=None wall=145.1s err=None
ar25 L3 live_opine_devin run1: consistent=False train=1/100 test_acc=None turns=None wall=909.0s err=None
