Vocab size: 8,192
Model config: {'sequence_len': 2048, 'vocab_size': 8192, 'n_layer': 8, 'n_head': 4, 'n_kv_head': 4, 'n_embd': 512, 'window_pattern': 'SSSL'}
Parameter counts:
  wte                     : 4,194,304
  value_embeds            : 16,777,216
  lm_head                 : 4,194,304
  transformer_matrices    : 25,166,336
  scalars                 : 16
  total                   : 50,332,176
Estimated FLOPs per token: 2.390784e+08
Scaling AdamW LRs by 1/sqrt(512/768) = 1.224745
Time budget: 300s
Gradient accumulation steps: 2

step 00000 (0.0%) | loss: 9.011380 | lrm: 1.00 | dt: 10059ms | tok/sec: 52,118 | mfu: 1.3% | epoch: 1 | remaining: 300s    
step 00001 (0.0%) | loss: 8.854874 | lrm: 1.00 | dt: 625ms | tok/sec: 839,409 | mfu: 20.3% | epoch: 1 | remaining: 300s    
step 00002 (0.0%) | loss: 8.446523 | lrm: 1.00 | dt: 616ms | tok/sec: 851,472 | mfu: 20.6% | epoch: 1 | remaining: 300s    
step 00003 (0.0%) | loss: 7.985247 | lrm: 1.00 | dt: 610ms | tok/sec: 859,872 | mfu: 20.8% | epoch: 1 | remaining: 300s    
step 00004 (0.0%) | loss: 7.595150 | lrm: 1.00 | dt: 605ms | tok/sec: 866,217 | mfu: 20.9% | epoch: 1 | remaining: 300s    
step 00005 (0.0%) | loss: 7.261400 | lrm: 1.00 | dt: 604ms | tok/sec: 868,007 | mfu: 21.0% | epoch: 1 | remaining: 300s    
step 00006 (0.0%) | loss: 7.011651 | lrm: 1.00 | dt: 604ms | tok/sec: 867,713 | mfu: 21.0% | epoch: 1 | remaining: 300s    
step 00007 (0.0%) | loss: 6.805083 | lrm: 1.00 | dt: 604ms | tok/sec: 867,487 | mfu: 21.0% | epoch: 1 | remaining: 300s    
step 00008 (0.0%) | loss: 6.629451 | lrm: 1.00 | dt: 604ms | tok/sec: 867,550 | mfu: 21.0% | epoch: 1 | remaining: 300s    
step 00009 (0.0%) | loss: 6.479263 | lrm: 1.00 | dt: 604ms | tok/sec: 867,499 | mfu: 21.0% | epoch: 1 | remaining: 300s    
step 00010 (0.0%) | loss: 6.355396 | lrm: 1.00 | dt: 605ms | tok/sec: 867,130 | mfu: 21.0% | epoch: 1 | remaining: 300s    
step 00011 (0.0%) | loss: 6.248896 | lrm: 1.00 | dt: 605ms | tok/sec: 867,290 | mfu: 21.0% | epoch: 1 | remaining: 299s    
step 00012 (0.2%) | loss: 6.155975 | lrm: 1.00 | dt: 604ms | tok/sec: 867,313 | mfu: 21.0% | epoch: 1 | remaining: 299s    
step 00013 (0.4%) | loss: 6.078622 | lrm: 1.00 | dt: 605ms | tok/sec: 867,141 | mfu: 21.0% | epoch: 1 | remaining: 298s    
step 00014 (0.6%) | loss: 6.005166 | lrm: 1.00 | dt: 605ms | tok/sec: 867,036 | mfu: 20.9% | epoch: 1 | remaining: 298s    
step 00015 (0.8%) | loss: 5.943072 | lrm: 1.00 | dt: 605ms | tok/sec: 867,099 | mfu: 21.0% | epoch: 1 | remaining: 297s    
step 00016 (1.0%) | loss: 5.884634 | lrm: 1.00 | dt: 605ms | tok/sec: 866,871 | mfu: 20.9% | epoch: 1 | remaining: 296s    
step 00017 (1.2%) | loss: 5.831664 | lrm: 1.00 | dt: 605ms | tok/sec: 867,019 | mfu: 20.9% | epoch: 1 | remaining: 296s    
step 00018 (1.4%) | loss: 5.783424 | lrm: 1.00 | dt: 605ms | tok/sec: 866,869 | mfu: 20.9% | epoch: 1 | remaining: 295s    
step 00019 (1.6%) | loss: 5.742515 | lrm: 1.00 | dt: 605ms | tok/sec: 866,825 | mfu: 20.9% | epoch: 1 | remaining: 295s    
step 00020 (1.8%) | loss: 5.704039 | lrm: 1.00 | dt: 605ms | tok/sec: 866,565 | mfu: 20.9% | epoch: 1 | remaining: 294s    
step 00021 (2.0%) | loss: 5.665469 | lrm: 1.00 | dt: 605ms | tok/sec: 866,373 | mfu: 20.9% | epoch: 1 | remaining: 293s    
step 00022 (2.2%) | loss: 5.627620 | lrm: 1.00 | dt: 605ms | tok/sec: 866,307 | mfu: 20.9% | epoch: 1 | remaining: 293s    
step 00023 (2.4%) | loss: 5.592911 | lrm: 1.00 | dt: 605ms | tok/sec: 865,993 | mfu: 20.9% | epoch: 1 | remaining: 292s    
step 00024 (2.6%) | loss: 5.559911 | lrm: 1.00 | dt: 605ms | tok/sec: 866,135 | mfu: 20.9% | epoch: 1 | remaining: 292s    
step 00025 (2.8%) | loss: 5.528064 | lrm: 1.00 | dt: 606ms | tok/sec: 865,810 | mfu: 20.9% | epoch: 1 | remaining: 291s    
step 00026 (3.0%) | loss: 5.493373 | lrm: 1.00 | dt: 606ms | tok/sec: 865,765 | mfu: 20.9% | epoch: 1 | remaining: 290s    
step 00027 (3.2%) | loss: 5.463687 | lrm: 1.00 | dt: 606ms | tok/sec: 865,668 | mfu: 20.9% | epoch: 1 | remaining: 290s    
step 00028 (3.4%) | loss: 5.434031 | lrm: 1.00 | dt: 606ms | tok/sec: 865,385 | mfu: 20.9% | epoch: 1 | remaining: 289s    
step 00029 (3.6%) | loss: 5.406408 | lrm: 1.00 | dt: 606ms | tok/sec: 865,335 | mfu: 20.9% | epoch: 1 | remaining: 289s    
step 00030 (3.8%) | loss: 5.377303 | lrm: 1.00 | dt: 606ms | tok/sec: 864,880 | mfu: 20.9% | epoch: 1 | remaining: 288s    
step 00031 (4.0%) | loss: 5.346682 | lrm: 1.00 | dt: 606ms | tok/sec: 864,761 | mfu: 20.9% | epoch: 1 | remaining: 287s    
step 00032 (4.2%) | loss: 5.318358 | lrm: 1.00 | dt: 606ms | tok/sec: 864,669 | mfu: 20.9% | epoch: 1 | remaining: 287s    
step 00033 (4.4%) | loss: 5.287440 | lrm: 1.00 | dt: 607ms | tok/sec: 863,923 | mfu: 20.9% | epoch: 1 | remaining: 286s    
step 00034 (4.6%) | loss: 5.254942 | lrm: 1.00 | dt: 607ms | tok/sec: 864,061 | mfu: 20.9% | epoch: 1 | remaining: 285s    
step 00035 (4.8%) | loss: 5.226544 | lrm: 1.00 | dt: 607ms | tok/sec: 863,978 | mfu: 20.9% | epoch: 1 | remaining: 285s    
step 00036 (5.0%) | loss: 5.201361 | lrm: 1.00 | dt: 607ms | tok/sec: 863,628 | mfu: 20.9% | epoch: 1 | remaining: 284s    
step 00037 (5.2%) | loss: 5.172918 | lrm: 1.00 | dt: 607ms | tok/sec: 863,983 | mfu: 20.9% | epoch: 1 | remaining: 284s    
step 00038 (5.4%) | loss: 5.145338 | lrm: 1.00 | dt: 607ms | tok/sec: 863,657 | mfu: 20.9% | epoch: 1 | remaining: 283s    
step 00039 (5.7%) | loss: 5.114735 | lrm: 1.00 | dt: 607ms | tok/sec: 863,808 | mfu: 20.9% | epoch: 1 | remaining: 282s    
step 00040 (5.9%) | loss: 5.087243 | lrm: 1.00 | dt: 607ms | tok/sec: 863,961 | mfu: 20.9% | epoch: 1 | remaining: 282s    
step 00041 (6.1%) | loss: 5.061896 | lrm: 1.00 | dt: 607ms | tok/sec: 863,857 | mfu: 20.9% | epoch: 1 | remaining: 281s    
step 00042 (6.3%) | loss: 5.035775 | lrm: 1.00 | dt: 607ms | tok/sec: 863,593 | mfu: 20.9% | epoch: 1 | remaining: 281s    
step 00043 (6.5%) | loss: 5.004722 | lrm: 1.00 | dt: 607ms | tok/sec: 863,857 | mfu: 20.9% | epoch: 1 | remaining: 280s    
step 00044 (6.7%) | loss: 4.977515 | lrm: 1.00 | dt: 607ms | tok/sec: 863,868 | mfu: 20.9% | epoch: 1 | remaining: 279s    
step 00045 (6.9%) | loss: 4.949399 | lrm: 1.00 | dt: 607ms | tok/sec: 863,620 | mfu: 20.9% | epoch: 1 | remaining: 279s    
step 00046 (7.1%) | loss: 4.921536 | lrm: 1.00 | dt: 607ms | tok/sec: 863,841 | mfu: 20.9% | epoch: 1 | remaining: 278s    
step 00047 (7.3%) | loss: 4.891969 | lrm: 1.00 | dt: 607ms | tok/sec: 863,512 | mfu: 20.9% | epoch: 1 | remaining: 278s    
step 00048 (7.5%) | loss: 4.869176 | lrm: 1.00 | dt: 607ms | tok/sec: 864,002 | mfu: 20.9% | epoch: 1 | remaining: 277s    
step 00049 (7.7%) | loss: 4.843837 | lrm: 1.00 | dt: 607ms | tok/sec: 863,753 | mfu: 20.9% | epoch: 1 | remaining: 276s    
step 00050 (7.9%) | loss: 4.815910 | lrm: 1.00 | dt: 607ms | tok/sec: 863,749 | mfu: 20.9% | epoch: 1 | remaining: 276s    
step 00051 (8.1%) | loss: 4.791927 | lrm: 1.00 | dt: 607ms | tok/sec: 863,877 | mfu: 20.9% | epoch: 1 | remaining: 275s    
step 00052 (8.3%) | loss: 4.765353 | lrm: 1.00 | dt: 607ms | tok/sec: 863,601 | mfu: 20.9% | epoch: 1 | remaining: 275s    
step 00053 (8.5%) | loss: 4.740137 | lrm: 1.00 | dt: 607ms | tok/sec: 863,596 | mfu: 20.9% | epoch: 1 | remaining: 274s    
step 00054 (8.7%) | loss: 4.714853 | lrm: 1.00 | dt: 607ms | tok/sec: 863,528 | mfu: 20.9% | epoch: 1 | remaining: 273s    
step 00055 (8.9%) | loss: 4.688773 | lrm: 1.00 | dt: 607ms | tok/sec: 863,558 | mfu: 20.9% | epoch: 1 | remaining: 273s    
step 00056 (9.1%) | loss: 4.668158 | lrm: 1.00 | dt: 607ms | tok/sec: 863,454 | mfu: 20.9% | epoch: 1 | remaining: 272s    
step 00057 (9.3%) | loss: 4.643997 | lrm: 1.00 | dt: 607ms | tok/sec: 863,400 | mfu: 20.9% | epoch: 1 | remaining: 272s    
step 00058 (9.5%) | loss: 4.619835 | lrm: 1.00 | dt: 607ms | tok/sec: 863,594 | mfu: 20.9% | epoch: 1 | remaining: 271s    
step 00059 (9.7%) | loss: 4.591370 | lrm: 1.00 | dt: 607ms | tok/sec: 863,511 | mfu: 20.9% | epoch: 1 | remaining: 270s    
step 00060 (9.9%) | loss: 4.567235 | lrm: 1.00 | dt: 607ms | tok/sec: 863,386 | mfu: 20.9% | epoch: 1 | remaining: 270s    
step 00061 (10.1%) | loss: 4.544863 | lrm: 1.00 | dt: 607ms | tok/sec: 863,267 | mfu: 20.9% | epoch: 1 | remaining: 269s    
step 00062 (10.3%) | loss: 4.518242 | lrm: 1.00 | dt: 607ms | tok/sec: 863,225 | mfu: 20.9% | epoch: 1 | remaining: 268s    
step 00063 (10.5%) | loss: 4.490519 | lrm: 1.00 | dt: 607ms | tok/sec: 863,642 | mfu: 20.9% | epoch: 1 | remaining: 268s    
step 00064 (10.7%) | loss: 4.466467 | lrm: 1.00 | dt: 607ms | tok/sec: 863,404 | mfu: 20.9% | epoch: 1 | remaining: 267s    
step 00065 (10.9%) | loss: 4.444621 | lrm: 1.00 | dt: 607ms | tok/sec: 863,454 | mfu: 20.9% | epoch: 1 | remaining: 267s    
step 00066 (11.1%) | loss: 4.425173 | lrm: 1.00 | dt: 607ms | tok/sec: 863,318 | mfu: 20.9% | epoch: 1 | remaining: 266s    
step 00067 (11.3%) | loss: 4.403937 | lrm: 1.00 | dt: 607ms | tok/sec: 863,199 | mfu: 20.9% | epoch: 1 | remaining: 265s    
step 00068 (11.5%) | loss: 4.385185 | lrm: 1.00 | dt: 607ms | tok/sec: 863,167 | mfu: 20.9% | epoch: 1 | remaining: 265s    
step 00069 (11.7%) | loss: 4.362245 | lrm: 1.00 | dt: 607ms | tok/sec: 863,097 | mfu: 20.9% | epoch: 1 | remaining: 264s    
step 00070 (11.9%) | loss: 4.338098 | lrm: 1.00 | dt: 607ms | tok/sec: 863,239 | mfu: 20.9% | epoch: 1 | remaining: 264s    
step 00071 (12.1%) | loss: 4.312234 | lrm: 1.00 | dt: 607ms | tok/sec: 863,467 | mfu: 20.9% | epoch: 1 | remaining: 263s    
step 00072 (12.3%) | loss: 4.297589 | lrm: 1.00 | dt: 608ms | tok/sec: 862,904 | mfu: 20.8% | epoch: 1 | remaining: 262s    
step 00073 (12.5%) | loss: 4.279486 | lrm: 1.00 | dt: 608ms | tok/sec: 863,024 | mfu: 20.9% | epoch: 1 | remaining: 262s    
step 00074 (12.7%) | loss: 4.257939 | lrm: 1.00 | dt: 607ms | tok/sec: 863,274 | mfu: 20.9% | epoch: 1 | remaining: 261s    
step 00075 (12.9%) | loss: 4.236063 | lrm: 1.00 | dt: 608ms | tok/sec: 863,017 | mfu: 20.9% | epoch: 1 | remaining: 261s    
step 00076 (13.1%) | loss: 4.218957 | lrm: 1.00 | dt: 607ms | tok/sec: 863,297 | mfu: 20.9% | epoch: 1 | remaining: 260s    
step 00077 (13.3%) | loss: 4.204247 | lrm: 1.00 | dt: 607ms | tok/sec: 863,180 | mfu: 20.9% | epoch: 1 | remaining: 259s    
step 00078 (13.5%) | loss: 4.182861 | lrm: 1.00 | dt: 607ms | tok/sec: 863,123 | mfu: 20.9% | epoch: 1 | remaining: 259s    
step 00079 (13.7%) | loss: 4.162574 | lrm: 1.00 | dt: 607ms | tok/sec: 863,256 | mfu: 20.9% | epoch: 1 | remaining: 258s    
step 00080 (14.0%) | loss: 4.145301 | lrm: 1.00 | dt: 607ms | tok/sec: 863,087 | mfu: 20.9% | epoch: 1 | remaining: 258s    
step 00081 (14.2%) | loss: 4.129084 | lrm: 1.00 | dt: 607ms | tok/sec: 863,343 | mfu: 20.9% | epoch: 1 | remaining: 257s    
step 00082 (14.4%) | loss: 4.113850 | lrm: 1.00 | dt: 607ms | tok/sec: 863,231 | mfu: 20.9% | epoch: 1 | remaining: 256s    
step 00083 (14.6%) | loss: 4.094797 | lrm: 1.00 | dt: 608ms | tok/sec: 862,978 | mfu: 20.9% | epoch: 1 | remaining: 256s    
step 00084 (14.8%) | loss: 4.075210 | lrm: 1.00 | dt: 607ms | tok/sec: 863,286 | mfu: 20.9% | epoch: 1 | remaining: 255s    
step 00085 (15.0%) | loss: 4.061192 | lrm: 1.00 | dt: 608ms | tok/sec: 863,000 | mfu: 20.9% | epoch: 1 | remaining: 255s    
step 00086 (15.2%) | loss: 4.046484 | lrm: 1.00 | dt: 608ms | tok/sec: 862,980 | mfu: 20.9% | epoch: 1 | remaining: 254s    
step 00087 (15.4%) | loss: 4.034565 | lrm: 1.00 | dt: 607ms | tok/sec: 863,165 | mfu: 20.9% | epoch: 1 | remaining: 253s    
step 00088 (15.6%) | loss: 4.021686 | lrm: 1.00 | dt: 608ms | tok/sec: 862,976 | mfu: 20.9% | epoch: 1 | remaining: 253s    
step 00089 (15.8%) | loss: 4.004520 | lrm: 1.00 | dt: 607ms | tok/sec: 863,260 | mfu: 20.9% | epoch: 1 | remaining: 252s    
step 00090 (16.0%) | loss: 3.991996 | lrm: 1.00 | dt: 608ms | tok/sec: 862,996 | mfu: 20.9% | epoch: 1 | remaining: 251s    
step 00091 (16.2%) | loss: 3.975577 | lrm: 1.00 | dt: 607ms | tok/sec: 863,049 | mfu: 20.9% | epoch: 1 | remaining: 251s    
step 00092 (16.4%) | loss: 3.963459 | lrm: 1.00 | dt: 607ms | tok/sec: 863,272 | mfu: 20.9% | epoch: 1 | remaining: 250s    
step 00093 (16.6%) | loss: 3.950446 | lrm: 1.00 | dt: 607ms | tok/sec: 863,173 | mfu: 20.9% | epoch: 1 | remaining: 250s    
step 00094 (16.8%) | loss: 3.941466 | lrm: 1.00 | dt: 608ms | tok/sec: 863,002 | mfu: 20.9% | epoch: 1 | remaining: 249s    
step 00095 (17.0%) | loss: 3.932290 | lrm: 1.00 | dt: 607ms | tok/sec: 863,356 | mfu: 20.9% | epoch: 1 | remaining: 248s    
step 00096 (17.2%) | loss: 3.916781 | lrm: 1.00 | dt: 607ms | tok/sec: 863,099 | mfu: 20.9% | epoch: 1 | remaining: 248s    
step 00097 (17.4%) | loss: 3.905334 | lrm: 1.00 | dt: 607ms | tok/sec: 863,255 | mfu: 20.9% | epoch: 1 | remaining: 247s    
step 00098 (17.6%) | loss: 3.891908 | lrm: 1.00 | dt: 607ms | tok/sec: 863,173 | mfu: 20.9% | epoch: 1 | remaining: 247s    
step 00099 (17.8%) | loss: 3.880474 | lrm: 1.00 | dt: 608ms | tok/sec: 863,018 | mfu: 20.9% | epoch: 1 | remaining: 246s    
step 00100 (18.0%) | loss: 3.869808 | lrm: 1.00 | dt: 607ms | tok/sec: 863,223 | mfu: 20.9% | epoch: 1 | remaining: 245s    
step 00101 (18.2%) | loss: 3.857062 | lrm: 1.00 | dt: 608ms | tok/sec: 863,012 | mfu: 20.9% | epoch: 1 | remaining: 245s    
step 00102 (18.4%) | loss: 3.844548 | lrm: 1.00 | dt: 608ms | tok/sec: 862,890 | mfu: 20.8% | epoch: 1 | remaining: 244s    
step 00103 (18.6%) | loss: 3.826172 | lrm: 1.00 | dt: 607ms | tok/sec: 863,224 | mfu: 20.9% | epoch: 1 | remaining: 244s    
step 00104 (18.8%) | loss: 3.814170 | lrm: 1.00 | dt: 607ms | tok/sec: 863,058 | mfu: 20.9% | epoch: 1 | remaining: 243s    
step 00105 (19.0%) | loss: 3.803726 | lrm: 1.00 | dt: 607ms | tok/sec: 863,044 | mfu: 20.9% | epoch: 1 | remaining: 242s    
step 00106 (19.2%) | loss: 3.794440 | lrm: 1.00 | dt: 607ms | tok/sec: 863,147 | mfu: 20.9% | epoch: 1 | remaining: 242s    
step 00107 (19.4%) | loss: 3.788175 | lrm: 1.00 | dt: 608ms | tok/sec: 862,924 | mfu: 20.8% | epoch: 1 | remaining: 241s    
step 00108 (19.6%) | loss: 3.781268 | lrm: 1.00 | dt: 607ms | tok/sec: 863,134 | mfu: 20.9% | epoch: 1 | remaining: 241s    
step 00109 (19.8%) | loss: 3.774503 | lrm: 1.00 | dt: 608ms | tok/sec: 862,842 | mfu: 20.8% | epoch: 1 | remaining: 240s    
step 00110 (20.0%) | loss: 3.765709 | lrm: 1.00 | dt: 608ms | tok/sec: 862,958 | mfu: 20.9% | epoch: 1 | remaining: 239s    
step 00111 (20.2%) | loss: 3.764014 | lrm: 1.00 | dt: 608ms | tok/sec: 862,985 | mfu: 20.9% | epoch: 1 | remaining: 239s    
step 00112 (20.4%) | loss: 3.758432 | lrm: 1.00 | dt: 608ms | tok/sec: 862,801 | mfu: 20.8% | epoch: 1 | remaining: 238s    
step 00113 (20.6%) | loss: 3.756004 | lrm: 1.00 | dt: 607ms | tok/sec: 863,091 | mfu: 20.9% | epoch: 1 | remaining: 237s    
step 00114 (20.8%) | loss: 3.756454 | lrm: 1.00 | dt: 607ms | tok/sec: 863,069 | mfu: 20.9% | epoch: 1 | remaining: 237s    
step 00115 (21.0%) | loss: 3.750855 | lrm: 1.00 | dt: 608ms | tok/sec: 862,810 | mfu: 20.8% | epoch: 1 | remaining: 236s    
step 00116 (21.2%) | loss: 3.741126 | lrm: 1.00 | dt: 607ms | tok/sec: 863,206 | mfu: 20.9% | epoch: 1 | remaining: 236s    
step 00117 (21.4%) | loss: 3.739207 | lrm: 1.00 | dt: 608ms | tok/sec: 862,943 | mfu: 20.9% | epoch: 1 | remaining: 235s    
step 00118 (21.6%) | loss: 3.729207 | lrm: 1.00 | dt: 608ms | tok/sec: 862,817 | mfu: 20.8% | epoch: 1 | remaining: 234s    
step 00119 (21.8%) | loss: 3.725002 | lrm: 1.00 | dt: 608ms | tok/sec: 862,564 | mfu: 20.8% | epoch: 1 | remaining: 234s    
step 00120 (22.1%) | loss: 3.722111 | lrm: 1.00 | dt: 608ms | tok/sec: 862,893 | mfu: 20.8% | epoch: 1 | remaining: 233s    
step 00121 (22.3%) | loss: 3.707644 | lrm: 1.00 | dt: 607ms | tok/sec: 863,106 | mfu: 20.9% | epoch: 1 | remaining: 233s    
step 00122 (22.5%) | loss: 3.699176 | lrm: 1.00 | dt: 608ms | tok/sec: 862,791 | mfu: 20.8% | epoch: 1 | remaining: 232s    
step 00123 (22.7%) | loss: 3.692714 | lrm: 1.00 | dt: 608ms | tok/sec: 862,966 | mfu: 20.9% | epoch: 1 | remaining: 231s    
step 00124 (22.9%) | loss: 3.688160 | lrm: 1.00 | dt: 608ms | tok/sec: 862,897 | mfu: 20.8% | epoch: 1 | remaining: 231s    
step 00125 (23.1%) | loss: 3.680209 | lrm: 1.00 | dt: 608ms | tok/sec: 862,885 | mfu: 20.8% | epoch: 1 | remaining: 230s    
step 00126 (23.3%) | loss: 3.672196 | lrm: 1.00 | dt: 607ms | tok/sec: 863,105 | mfu: 20.9% | epoch: 1 | remaining: 230s    
step 00127 (23.5%) | loss: 3.664659 | lrm: 1.00 | dt: 607ms | tok/sec: 863,129 | mfu: 20.9% | epoch: 1 | remaining: 229s    
step 00128 (23.7%) | loss: 3.663153 | lrm: 1.00 | dt: 608ms | tok/sec: 862,484 | mfu: 20.8% | epoch: 1 | remaining: 228s    
step 00129 (23.9%) | loss: 3.656680 | lrm: 1.00 | dt: 608ms | tok/sec: 862,919 | mfu: 20.8% | epoch: 1 | remaining: 228s    
step 00130 (24.1%) | loss: 3.653326 | lrm: 1.00 | dt: 608ms | tok/sec: 862,632 | mfu: 20.8% | epoch: 1 | remaining: 227s    
step 00131 (24.3%) | loss: 3.647919 | lrm: 1.00 | dt: 608ms | tok/sec: 862,822 | mfu: 20.8% | epoch: 1 | remaining: 227s    
step 00132 (24.5%) | loss: 3.642452 | lrm: 1.00 | dt: 608ms | tok/sec: 862,999 | mfu: 20.9% | epoch: 1 | remaining: 226s    
step 00133 (24.7%) | loss: 3.641936 | lrm: 1.00 | dt: 608ms | tok/sec: 862,786 | mfu: 20.8% | epoch: 1 | remaining: 225s    
step 00134 (24.9%) | loss: 3.632803 | lrm: 1.00 | dt: 608ms | tok/sec: 862,902 | mfu: 20.8% | epoch: 1 | remaining: 225s    
step 00135 (25.1%) | loss: 3.627007 | lrm: 1.00 | dt: 608ms | tok/sec: 862,829 | mfu: 20.8% | epoch: 1 | remaining: 224s    
step 00136 (25.3%) | loss: 3.619738 | lrm: 1.00 | dt: 608ms | tok/sec: 862,917 | mfu: 20.8% | epoch: 1 | remaining: 224s    
step 00137 (25.5%) | loss: 3.615763 | lrm: 1.00 | dt: 607ms | tok/sec: 863,047 | mfu: 20.9% | epoch: 1 | remaining: 223s    
step 00138 (25.7%) | loss: 3.617462 | lrm: 1.00 | dt: 608ms | tok/sec: 862,829 | mfu: 20.8% | epoch: 1 | remaining: 222s    
step 00139 (25.9%) | loss: 3.608588 | lrm: 1.00 | dt: 608ms | tok/sec: 862,971 | mfu: 20.9% | epoch: 1 | remaining: 222s    
step 00140 (26.1%) | loss: 3.602099 | lrm: 1.00 | dt: 607ms | tok/sec: 863,142 | mfu: 20.9% | epoch: 1 | remaining: 221s    
step 00141 (26.3%) | loss: 3.599804 | lrm: 1.00 | dt: 608ms | tok/sec: 862,750 | mfu: 20.8% | epoch: 1 | remaining: 220s    
step 00142 (26.5%) | loss: 3.596712 | lrm: 1.00 | dt: 607ms | tok/sec: 863,035 | mfu: 20.9% | epoch: 1 | remaining: 220s    
step 00143 (26.7%) | loss: 3.591492 | lrm: 1.00 | dt: 608ms | tok/sec: 863,016 | mfu: 20.9% | epoch: 1 | remaining: 219s    
step 00144 (26.9%) | loss: 3.594660 | lrm: 1.00 | dt: 608ms | tok/sec: 862,840 | mfu: 20.8% | epoch: 1 | remaining: 219s    
step 00145 (27.1%) | loss: 3.590042 | lrm: 1.00 | dt: 608ms | tok/sec: 862,881 | mfu: 20.8% | epoch: 1 | remaining: 218s    
step 00146 (27.3%) | loss: 3.586315 | lrm: 1.00 | dt: 608ms | tok/sec: 862,687 | mfu: 20.8% | epoch: 1 | remaining: 217s    
step 00147 (27.5%) | loss: 3.587432 | lrm: 1.00 | dt: 608ms | tok/sec: 863,015 | mfu: 20.9% | epoch: 1 | remaining: 217s    
step 00148 (27.7%) | loss: 3.581349 | lrm: 1.00 | dt: 608ms | tok/sec: 862,992 | mfu: 20.9% | epoch: 1 | remaining: 216s    
step 00149 (27.9%) | loss: 3.571566 | lrm: 1.00 | dt: 608ms | tok/sec: 862,882 | mfu: 20.8% | epoch: 1 | remaining: 216s    
step 00150 (28.1%) | loss: 3.569775 | lrm: 1.00 | dt: 608ms | tok/sec: 862,917 | mfu: 20.8% | epoch: 1 | remaining: 215s    
step 00151 (28.3%) | loss: 3.569143 | lrm: 1.00 | dt: 608ms | tok/sec: 862,946 | mfu: 20.9% | epoch: 1 | remaining: 214s    
step 00152 (28.5%) | loss: 3.564948 | lrm: 1.00 | dt: 608ms | tok/sec: 862,994 | mfu: 20.9% | epoch: 1 | remaining: 214s    
step 00153 (28.7%) | loss: 3.567291 | lrm: 1.00 | dt: 608ms | tok/sec: 862,939 | mfu: 20.8% | epoch: 1 | remaining: 213s    
step 00154 (28.9%) | loss: 3.566382 | lrm: 1.00 | dt: 608ms | tok/sec: 862,874 | mfu: 20.8% | epoch: 1 | remaining: 213s    
step 00155 (29.1%) | loss: 3.562029 | lrm: 1.00 | dt: 607ms | tok/sec: 863,136 | mfu: 20.9% | epoch: 1 | remaining: 212s    
step 00156 (29.3%) | loss: 3.556282 | lrm: 1.00 | dt: 608ms | tok/sec: 862,966 | mfu: 20.9% | epoch: 1 | remaining: 211s    
step 00157 (29.5%) | loss: 3.551911 | lrm: 1.00 | dt: 607ms | tok/sec: 863,026 | mfu: 20.9% | epoch: 1 | remaining: 211s    
step 00158 (29.7%) | loss: 3.550715 | lrm: 1.00 | dt: 607ms | tok/sec: 863,062 | mfu: 20.9% | epoch: 1 | remaining: 210s    
step 00159 (29.9%) | loss: 3.544897 | lrm: 1.00 | dt: 608ms | tok/sec: 862,606 | mfu: 20.8% | epoch: 1 | remaining: 210s    
step 00160 (30.2%) | loss: 3.544427 | lrm: 1.00 | dt: 608ms | tok/sec: 863,015 | mfu: 20.9% | epoch: 1 | remaining: 209s    
step 00161 (30.4%) | loss: 3.542295 | lrm: 1.00 | dt: 608ms | tok/sec: 862,911 | mfu: 20.8% | epoch: 1 | remaining: 208s    
step 00162 (30.6%) | loss: 3.543499 | lrm: 1.00 | dt: 608ms | tok/sec: 862,783 | mfu: 20.8% | epoch: 1 | remaining: 208s    
step 00163 (30.8%) | loss: 3.537395 | lrm: 1.00 | dt: 607ms | tok/sec: 863,027 | mfu: 20.9% | epoch: 1 | remaining: 207s    
step 00164 (31.0%) | loss: 3.537596 | lrm: 1.00 | dt: 608ms | tok/sec: 862,959 | mfu: 20.9% | epoch: 1 | remaining: 207s    
step 00165 (31.2%) | loss: 3.535769 | lrm: 1.00 | dt: 608ms | tok/sec: 862,764 | mfu: 20.8% | epoch: 1 | remaining: 206s    
step 00166 (31.4%) | loss: 3.532208 | lrm: 1.00 | dt: 608ms | tok/sec: 862,911 | mfu: 20.8% | epoch: 1 | remaining: 205s    
step 00167 (31.6%) | loss: 3.529350 | lrm: 1.00 | dt: 608ms | tok/sec: 862,748 | mfu: 20.8% | epoch: 1 | remaining: 205s    
step 00168 (31.8%) | loss: 3.526767 | lrm: 1.00 | dt: 608ms | tok/sec: 862,862 | mfu: 20.8% | epoch: 1 | remaining: 204s    
step 00169 (32.0%) | loss: 3.521356 | lrm: 1.00 | dt: 608ms | tok/sec: 862,944 | mfu: 20.9% | epoch: 1 | remaining: 203s    
step 00170 (32.2%) | loss: 3.515080 | lrm: 1.00 | dt: 608ms | tok/sec: 862,769 | mfu: 20.8% | epoch: 1 | remaining: 203s    
step 00171 (32.4%) | loss: 3.514355 | lrm: 1.00 | dt: 608ms | tok/sec: 862,649 | mfu: 20.8% | epoch: 1 | remaining: 202s    
step 00172 (32.6%) | loss: 3.514241 | lrm: 1.00 | dt: 608ms | tok/sec: 862,921 | mfu: 20.8% | epoch: 1 | remaining: 202s    
step 00173 (32.8%) | loss: 3.511430 | lrm: 1.00 | dt: 608ms | tok/sec: 862,975 | mfu: 20.9% | epoch: 1 | remaining: 201s    
step 00174 (33.0%) | loss: 3.511462 | lrm: 1.00 | dt: 607ms | tok/sec: 863,053 | mfu: 20.9% | epoch: 1 | remaining: 200s    
step 00175 (33.2%) | loss: 3.507868 | lrm: 1.00 | dt: 608ms | tok/sec: 862,601 | mfu: 20.8% | epoch: 1 | remaining: 200s    
step 00176 (33.4%) | loss: 3.506044 | lrm: 1.00 | dt: 608ms | tok/sec: 862,896 | mfu: 20.8% | epoch: 1 | remaining: 199s    
step 00177 (33.6%) | loss: 3.503778 | lrm: 1.00 | dt: 608ms | tok/sec: 862,903 | mfu: 20.8% | epoch: 1 | remaining: 199s    
step 00178 (33.8%) | loss: 3.503660 | lrm: 1.00 | dt: 608ms | tok/sec: 862,747 | mfu: 20.8% | epoch: 1 | remaining: 198s    
step 00179 (34.0%) | loss: 3.500221 | lrm: 1.00 | dt: 608ms | tok/sec: 862,954 | mfu: 20.9% | epoch: 1 | remaining: 197s    
step 00180 (34.2%) | loss: 3.498292 | lrm: 1.00 | dt: 608ms | tok/sec: 862,909 | mfu: 20.8% | epoch: 1 | remaining: 197s    
step 00181 (34.4%) | loss: 3.493494 | lrm: 1.00 | dt: 608ms | tok/sec: 862,847 | mfu: 20.8% | epoch: 1 | remaining: 196s    
step 00182 (34.6%) | loss: 3.485759 | lrm: 1.00 | dt: 607ms | tok/sec: 863,210 | mfu: 20.9% | epoch: 1 | remaining: 196s    
step 00183 (34.8%) | loss: 3.479374 | lrm: 1.00 | dt: 608ms | tok/sec: 862,646 | mfu: 20.8% | epoch: 1 | remaining: 195s    
step 00184 (35.0%) | loss: 3.479153 | lrm: 1.00 | dt: 607ms | tok/sec: 863,162 | mfu: 20.9% | epoch: 1 | remaining: 194s    
step 00185 (35.2%) | loss: 3.475936 | lrm: 1.00 | dt: 607ms | tok/sec: 863,116 | mfu: 20.9% | epoch: 1 | remaining: 194s    
step 00186 (35.4%) | loss: 3.470820 | lrm: 1.00 | dt: 608ms | tok/sec: 863,014 | mfu: 20.9% | epoch: 1 | remaining: 193s    
step 00187 (35.6%) | loss: 3.467687 | lrm: 1.00 | dt: 607ms | tok/sec: 863,324 | mfu: 20.9% | epoch: 1 | remaining: 193s    
step 00188 (35.8%) | loss: 3.467294 | lrm: 1.00 | dt: 608ms | tok/sec: 862,879 | mfu: 20.8% | epoch: 1 | remaining: 192s    
step 00189 (36.0%) | loss: 3.465208 | lrm: 1.00 | dt: 608ms | tok/sec: 862,829 | mfu: 20.8% | epoch: 1 | remaining: 191s    
step 00190 (36.2%) | loss: 3.464178 | lrm: 1.00 | dt: 607ms | tok/sec: 863,363 | mfu: 20.9% | epoch: 1 | remaining: 191s    
step 00191 (36.4%) | loss: 3.464088 | lrm: 1.00 | dt: 607ms | tok/sec: 863,088 | mfu: 20.9% | epoch: 1 | remaining: 190s    
step 00192 (36.6%) | loss: 3.457898 | lrm: 1.00 | dt: 608ms | tok/sec: 862,930 | mfu: 20.8% | epoch: 1 | remaining: 189s    
step 00193 (36.8%) | loss: 3.452706 | lrm: 1.00 | dt: 608ms | tok/sec: 862,965 | mfu: 20.9% | epoch: 1 | remaining: 189s    
step 00194 (37.0%) | loss: 3.454409 | lrm: 1.00 | dt: 607ms | tok/sec: 863,060 | mfu: 20.9% | epoch: 1 | remaining: 188s    
step 00195 (37.2%) | loss: 3.452448 | lrm: 1.00 | dt: 607ms | tok/sec: 863,210 | mfu: 20.9% | epoch: 1 | remaining: 188s    
step 00196 (37.4%) | loss: 3.452280 | lrm: 1.00 | dt: 608ms | tok/sec: 862,945 | mfu: 20.9% | epoch: 1 | remaining: 187s    
step 00197 (37.6%) | loss: 3.454202 | lrm: 1.00 | dt: 607ms | tok/sec: 863,194 | mfu: 20.9% | epoch: 1 | remaining: 186s    
step 00198 (37.8%) | loss: 3.449899 | lrm: 1.00 | dt: 607ms | tok/sec: 863,157 | mfu: 20.9% | epoch: 1 | remaining: 186s    
step 00199 (38.0%) | loss: 3.446145 | lrm: 1.00 | dt: 608ms | tok/sec: 862,918 | mfu: 20.8% | epoch: 1 | remaining: 185s    
step 00200 (38.3%) | loss: 3.446627 | lrm: 1.00 | dt: 607ms | tok/sec: 863,263 | mfu: 20.9% | epoch: 1 | remaining: 185s    
step 00201 (38.5%) | loss: 3.445444 | lrm: 1.00 | dt: 607ms | tok/sec: 863,066 | mfu: 20.9% | epoch: 1 | remaining: 184s    
step 00202 (38.7%) | loss: 3.442965 | lrm: 1.00 | dt: 608ms | tok/sec: 862,918 | mfu: 20.8% | epoch: 1 | remaining: 183s    
step 00203 (38.9%) | loss: 3.440813 | lrm: 1.00 | dt: 608ms | tok/sec: 863,024 | mfu: 20.9% | epoch: 1 | remaining: 183s    
step 00204 (39.1%) | loss: 3.438865 | lrm: 1.00 | dt: 608ms | tok/sec: 862,908 | mfu: 20.8% | epoch: 1 | remaining: 182s    
step 00205 (39.3%) | loss: 3.438604 | lrm: 1.00 | dt: 607ms | tok/sec: 863,334 | mfu: 20.9% | epoch: 1 | remaining: 182s    
step 00206 (39.5%) | loss: 3.435123 | lrm: 1.00 | dt: 607ms | tok/sec: 863,058 | mfu: 20.9% | epoch: 1 | remaining: 181s    
step 00207 (39.7%) | loss: 3.432807 | lrm: 1.00 | dt: 608ms | tok/sec: 862,933 | mfu: 20.8% | epoch: 1 | remaining: 180s    
step 00208 (39.9%) | loss: 3.431061 | lrm: 1.00 | dt: 607ms | tok/sec: 863,342 | mfu: 20.9% | epoch: 1 | remaining: 180s    
step 00209 (40.1%) | loss: 3.431054 | lrm: 1.00 | dt: 607ms | tok/sec: 863,097 | mfu: 20.9% | epoch: 1 | remaining: 179s    
step 00210 (40.3%) | loss: 3.428299 | lrm: 1.00 | dt: 607ms | tok/sec: 863,117 | mfu: 20.9% | epoch: 1 | remaining: 179s    
step 00211 (40.5%) | loss: 3.429800 | lrm: 1.00 | dt: 608ms | tok/sec: 862,939 | mfu: 20.8% | epoch: 1 | remaining: 178s    
step 00212 (40.7%) | loss: 3.427688 | lrm: 1.00 | dt: 608ms | tok/sec: 862,259 | mfu: 20.8% | epoch: 1 | remaining: 177s    
step 00213 (40.9%) | loss: 3.421720 | lrm: 1.00 | dt: 607ms | tok/sec: 863,130 | mfu: 20.9% | epoch: 1 | remaining: 177s    
step 00214 (41.1%) | loss: 3.423006 | lrm: 1.00 | dt: 607ms | tok/sec: 863,086 | mfu: 20.9% | epoch: 1 | remaining: 176s    
step 00215 (41.3%) | loss: 3.417282 | lrm: 1.00 | dt: 608ms | tok/sec: 862,921 | mfu: 20.8% | epoch: 1 | remaining: 176s    
step 00216 (41.5%) | loss: 3.419301 | lrm: 1.00 | dt: 607ms | tok/sec: 863,478 | mfu: 20.9% | epoch: 1 | remaining: 175s    
step 00217 (41.7%) | loss: 3.417332 | lrm: 1.00 | dt: 607ms | tok/sec: 863,227 | mfu: 20.9% | epoch: 1 | remaining: 174s    
step 00218 (41.9%) | loss: 3.416376 | lrm: 1.00 | dt: 608ms | tok/sec: 863,002 | mfu: 20.9% | epoch: 1 | remaining: 174s    
step 00219 (42.1%) | loss: 3.415949 | lrm: 1.00 | dt: 607ms | tok/sec: 863,081 | mfu: 20.9% | epoch: 1 | remaining: 173s    
step 00220 (42.3%) | loss: 3.415961 | lrm: 1.00 | dt: 608ms | tok/sec: 862,834 | mfu: 20.8% | epoch: 1 | remaining: 172s    
step 00221 (42.5%) | loss: 3.405339 | lrm: 1.00 | dt: 608ms | tok/sec: 862,917 | mfu: 20.8% | epoch: 1 | remaining: 172s    
step 00222 (42.7%) | loss: 3.402394 | lrm: 1.00 | dt: 608ms | tok/sec: 862,719 | mfu: 20.8% | epoch: 1 | remaining: 171s    
step 00223 (42.9%) | loss: 3.401132 | lrm: 1.00 | dt: 608ms | tok/sec: 862,644 | mfu: 20.8% | epoch: 1 | remaining: 171s    
step 00224 (43.1%) | loss: 3.401243 | lrm: 1.00 | dt: 607ms | tok/sec: 863,238 | mfu: 20.9% | epoch: 1 | remaining: 170s    
step 00225 (43.3%) | loss: 3.404580 | lrm: 1.00 | dt: 607ms | tok/sec: 863,214 | mfu: 20.9% | epoch: 1 | remaining: 169s    
step 00226 (43.5%) | loss: 3.401420 | lrm: 1.00 | dt: 608ms | tok/sec: 862,806 | mfu: 20.8% | epoch: 1 | remaining: 169s    
step 00227 (43.7%) | loss: 3.403624 | lrm: 1.00 | dt: 607ms | tok/sec: 863,178 | mfu: 20.9% | epoch: 1 | remaining: 168s    
step 00228 (43.9%) | loss: 3.403413 | lrm: 1.00 | dt: 608ms | tok/sec: 862,711 | mfu: 20.8% | epoch: 1 | remaining: 168s    
step 00229 (44.1%) | loss: 3.403175 | lrm: 1.00 | dt: 607ms | tok/sec: 863,114 | mfu: 20.9% | epoch: 1 | remaining: 167s    
step 00230 (44.3%) | loss: 3.405316 | lrm: 1.00 | dt: 607ms | tok/sec: 863,180 | mfu: 20.9% | epoch: 1 | remaining: 166s    
step 00231 (44.5%) | loss: 3.399140 | lrm: 1.00 | dt: 608ms | tok/sec: 862,798 | mfu: 20.8% | epoch: 1 | remaining: 166s    
step 00232 (44.7%) | loss: 3.397759 | lrm: 1.00 | dt: 607ms | tok/sec: 863,169 | mfu: 20.9% | epoch: 1 | remaining: 165s    
step 00233 (44.9%) | loss: 3.401574 | lrm: 1.00 | dt: 608ms | tok/sec: 862,792 | mfu: 20.8% | epoch: 1 | remaining: 165s    
step 00234 (45.1%) | loss: 3.400732 | lrm: 1.00 | dt: 608ms | tok/sec: 862,909 | mfu: 20.8% | epoch: 1 | remaining: 164s    
step 00235 (45.3%) | loss: 3.397441 | lrm: 1.00 | dt: 607ms | tok/sec: 863,238 | mfu: 20.9% | epoch: 1 | remaining: 163s    
step 00236 (45.5%) | loss: 3.400774 | lrm: 1.00 | dt: 607ms | tok/sec: 863,038 | mfu: 20.9% | epoch: 1 | remaining: 163s    
step 00237 (45.7%) | loss: 3.400164 | lrm: 1.00 | dt: 608ms | tok/sec: 862,997 | mfu: 20.9% | epoch: 1 | remaining: 162s    
step 00238 (45.9%) | loss: 3.401912 | lrm: 1.00 | dt: 607ms | tok/sec: 863,093 | mfu: 20.9% | epoch: 1 | remaining: 162s    
step 00239 (46.1%) | loss: 3.395798 | lrm: 1.00 | dt: 608ms | tok/sec: 862,971 | mfu: 20.9% | epoch: 1 | remaining: 161s    
step 00240 (46.4%) | loss: 3.386932 | lrm: 1.00 | dt: 607ms | tok/sec: 863,160 | mfu: 20.9% | epoch: 1 | remaining: 160s    
step 00241 (46.6%) | loss: 3.382928 | lrm: 1.00 | dt: 607ms | tok/sec: 863,080 | mfu: 20.9% | epoch: 1 | remaining: 160s    
step 00242 (46.8%) | loss: 3.385316 | lrm: 1.00 | dt: 607ms | tok/sec: 863,036 | mfu: 20.9% | epoch: 1 | remaining: 159s    
step 00243 (47.0%) | loss: 3.387337 | lrm: 1.00 | dt: 607ms | tok/sec: 863,128 | mfu: 20.9% | epoch: 1 | remaining: 159s    
step 00244 (47.2%) | loss: 3.388763 | lrm: 1.00 | dt: 608ms | tok/sec: 862,925 | mfu: 20.8% | epoch: 1 | remaining: 158s    
step 00245 (47.4%) | loss: 3.384580 | lrm: 1.00 | dt: 608ms | tok/sec: 863,001 | mfu: 20.9% | epoch: 1 | remaining: 157s    
step 00246 (47.6%) | loss: 3.386493 | lrm: 1.00 | dt: 607ms | tok/sec: 863,084 | mfu: 20.9% | epoch: 1 | remaining: 157s    
step 00247 (47.8%) | loss: 3.382359 | lrm: 1.00 | dt: 608ms | tok/sec: 863,013 | mfu: 20.9% | epoch: 1 | remaining: 156s    
step 00248 (48.0%) | loss: 3.383266 | lrm: 1.00 | dt: 607ms | tok/sec: 863,276 | mfu: 20.9% | epoch: 1 | remaining: 155s    
step 00249 (48.2%) | loss: 3.375468 | lrm: 1.00 | dt: 607ms | tok/sec: 863,182 | mfu: 20.9% | epoch: 1 | remaining: 155s    
step 00250 (48.4%) | loss: 3.372724 | lrm: 1.00 | dt: 608ms | tok/sec: 862,853 | mfu: 20.8% | epoch: 1 | remaining: 154s    
step 00251 (48.6%) | loss: 3.371819 | lrm: 1.00 | dt: 607ms | tok/sec: 863,239 | mfu: 20.9% | epoch: 1 | remaining: 154s    
step 00252 (48.8%) | loss: 3.369983 | lrm: 1.00 | dt: 607ms | tok/sec: 863,323 | mfu: 20.9% | epoch: 1 | remaining: 153s    
step 00253 (49.0%) | loss: 3.360223 | lrm: 1.00 | dt: 607ms | tok/sec: 863,074 | mfu: 20.9% | epoch: 1 | remaining: 152s    
step 00254 (49.2%) | loss: 3.356771 | lrm: 1.00 | dt: 607ms | tok/sec: 863,106 | mfu: 20.9% | epoch: 1 | remaining: 152s    
step 00255 (49.4%) | loss: 3.356233 | lrm: 1.00 | dt: 608ms | tok/sec: 862,952 | mfu: 20.9% | epoch: 1 | remaining: 151s    
step 00256 (49.6%) | loss: 3.352731 | lrm: 1.00 | dt: 607ms | tok/sec: 863,142 | mfu: 20.9% | epoch: 1 | remaining: 151s    
step 00257 (49.8%) | loss: 3.352110 | lrm: 1.00 | dt: 608ms | tok/sec: 862,924 | mfu: 20.8% | epoch: 1 | remaining: 150s    
step 00258 (50.0%) | loss: 3.354359 | lrm: 1.00 | dt: 607ms | tok/sec: 863,191 | mfu: 20.9% | epoch: 1 | remaining: 149s    
step 00259 (50.2%) | loss: 3.355156 | lrm: 1.00 | dt: 607ms | tok/sec: 863,403 | mfu: 20.9% | epoch: 1 | remaining: 149s    
step 00260 (50.4%) | loss: 3.354285 | lrm: 0.99 | dt: 607ms | tok/sec: 863,177 | mfu: 20.9% | epoch: 1 | remaining: 148s    
step 00261 (50.6%) | loss: 3.356485 | lrm: 0.99 | dt: 607ms | tok/sec: 863,191 | mfu: 20.9% | epoch: 1 | remaining: 148s    
step 00262 (50.8%) | loss: 3.352851 | lrm: 0.98 | dt: 607ms | tok/sec: 863,249 | mfu: 20.9% | epoch: 1 | remaining: 147s    
step 00263 (51.0%) | loss: 3.349637 | lrm: 0.98 | dt: 607ms | tok/sec: 863,193 | mfu: 20.9% | epoch: 1 | remaining: 146s    
step 00264 (51.2%) | loss: 3.347084 | lrm: 0.98 | dt: 607ms | tok/sec: 863,107 | mfu: 20.9% | epoch: 1 | remaining: 146s    
step 00265 (51.4%) | loss: 3.346809 | lrm: 0.97 | dt: 607ms | tok/sec: 863,275 | mfu: 20.9% | epoch: 1 | remaining: 145s    
step 00266 (51.6%) | loss: 3.343753 | lrm: 0.97 | dt: 607ms | tok/sec: 863,113 | mfu: 20.9% | epoch: 1 | remaining: 145s    
step 00267 (51.8%) | loss: 3.339470 | lrm: 0.96 | dt: 607ms | tok/sec: 863,222 | mfu: 20.9% | epoch: 1 | remaining: 144s    
step 00268 (52.0%) | loss: 3.341122 | lrm: 0.96 | dt: 607ms | tok/sec: 863,048 | mfu: 20.9% | epoch: 1 | remaining: 143s    
step 00269 (52.2%) | loss: 3.341417 | lrm: 0.96 | dt: 607ms | tok/sec: 863,026 | mfu: 20.9% | epoch: 1 | remaining: 143s    
step 00270 (52.4%) | loss: 3.337590 | lrm: 0.95 | dt: 607ms | tok/sec: 863,423 | mfu: 20.9% | epoch: 1 | remaining: 142s    
step 00271 (52.6%) | loss: 3.339166 | lrm: 0.95 | dt: 607ms | tok/sec: 863,039 | mfu: 20.9% | epoch: 1 | remaining: 142s    
step 00272 (52.8%) | loss: 3.337797 | lrm: 0.94 | dt: 607ms | tok/sec: 863,478 | mfu: 20.9% | epoch: 1 | remaining: 141s    
step 00273 (53.0%) | loss: 3.336591 | lrm: 0.94 | dt: 608ms | tok/sec: 862,975 | mfu: 20.9% | epoch: 1 | remaining: 140s    
step 00274 (53.2%) | loss: 3.336928 | lrm: 0.94 | dt: 607ms | tok/sec: 863,063 | mfu: 20.9% | epoch: 1 | remaining: 140s    
step 00275 (53.4%) | loss: 3.334719 | lrm: 0.93 | dt: 608ms | tok/sec: 862,908 | mfu: 20.8% | epoch: 1 | remaining: 139s    
step 00276 (53.6%) | loss: 3.332381 | lrm: 0.93 | dt: 608ms | tok/sec: 862,953 | mfu: 20.9% | epoch: 1 | remaining: 138s    
step 00277 (53.8%) | loss: 3.334116 | lrm: 0.92 | dt: 607ms | tok/sec: 863,341 | mfu: 20.9% | epoch: 1 | remaining: 138s    
step 00278 (54.0%) | loss: 3.333644 | lrm: 0.92 | dt: 607ms | tok/sec: 863,181 | mfu: 20.9% | epoch: 1 | remaining: 137s    
step 00279 (54.2%) | loss: 3.330311 | lrm: 0.92 | dt: 608ms | tok/sec: 863,017 | mfu: 20.9% | epoch: 1 | remaining: 137s    
step 00280 (54.5%) | loss: 3.330699 | lrm: 0.91 | dt: 607ms | tok/sec: 863,215 | mfu: 20.9% | epoch: 1 | remaining: 136s    
step 00281 (54.7%) | loss: 3.334094 | lrm: 0.91 | dt: 607ms | tok/sec: 863,195 | mfu: 20.9% | epoch: 1 | remaining: 135s    
step 00282 (54.9%) | loss: 3.331756 | lrm: 0.90 | dt: 607ms | tok/sec: 863,195 | mfu: 20.9% | epoch: 1 | remaining: 135s    
step 00283 (55.1%) | loss: 3.331455 | lrm: 0.90 | dt: 607ms | tok/sec: 863,359 | mfu: 20.9% | epoch: 1 | remaining: 134s    
step 00284 (55.3%) | loss: 3.328775 | lrm: 0.89 | dt: 607ms | tok/sec: 863,116 | mfu: 20.9% | epoch: 1 | remaining: 134s    
step 00285 (55.5%) | loss: 3.329388 | lrm: 0.89 | dt: 607ms | tok/sec: 863,305 | mfu: 20.9% | epoch: 1 | remaining: 133s    
step 00286 (55.7%) | loss: 3.324396 | lrm: 0.89 | dt: 607ms | tok/sec: 863,427 | mfu: 20.9% | epoch: 1 | remaining: 132s    
step 00287 (55.9%) | loss: 3.322308 | lrm: 0.88 | dt: 607ms | tok/sec: 863,059 | mfu: 20.9% | epoch: 1 | remaining: 132s    
step 00288 (56.1%) | loss: 3.324685 | lrm: 0.88 | dt: 607ms | tok/sec: 863,662 | mfu: 20.9% | epoch: 1 | remaining: 131s    
step 00289 (56.3%) | loss: 3.321538 | lrm: 0.87 | dt: 607ms | tok/sec: 863,399 | mfu: 20.9% | epoch: 1 | remaining: 131s    
step 00290 (56.5%) | loss: 3.323722 | lrm: 0.87 | dt: 608ms | tok/sec: 862,836 | mfu: 20.8% | epoch: 1 | remaining: 130s    
step 00291 (56.7%) | loss: 3.315058 | lrm: 0.87 | dt: 607ms | tok/sec: 863,334 | mfu: 20.9% | epoch: 1 | remaining: 129s    
step 00292 (56.9%) | loss: 3.308159 | lrm: 0.86 | dt: 607ms | tok/sec: 863,159 | mfu: 20.9% | epoch: 1 | remaining: 129s    
step 00293 (57.1%) | loss: 3.307768 | lrm: 0.86 | dt: 607ms | tok/sec: 863,506 | mfu: 20.9% | epoch: 1 | remaining: 128s    
step 00294 (57.3%) | loss: 3.307221 | lrm: 0.85 | dt: 607ms | tok/sec: 863,294 | mfu: 20.9% | epoch: 1 | remaining: 128s    
step 00295 (57.5%) | loss: 3.306902 | lrm: 0.85 | dt: 607ms | tok/sec: 863,114 | mfu: 20.9% | epoch: 1 | remaining: 127s    
step 00296 (57.7%) | loss: 3.301118 | lrm: 0.85 | dt: 607ms | tok/sec: 863,476 | mfu: 20.9% | epoch: 1 | remaining: 126s    
step 00297 (57.9%) | loss: 3.301182 | lrm: 0.84 | dt: 607ms | tok/sec: 863,381 | mfu: 20.9% | epoch: 1 | remaining: 126s    
step 00298 (58.1%) | loss: 3.298426 | lrm: 0.84 | dt: 607ms | tok/sec: 863,130 | mfu: 20.9% | epoch: 1 | remaining: 125s    
step 00299 (58.3%) | loss: 3.298112 | lrm: 0.83 | dt: 607ms | tok/sec: 863,366 | mfu: 20.9% | epoch: 1 | remaining: 125s    
step 00300 (58.5%) | loss: 3.295886 | lrm: 0.83 | dt: 608ms | tok/sec: 863,021 | mfu: 20.9% | epoch: 1 | remaining: 124s    
step 00301 (58.7%) | loss: 3.292338 | lrm: 0.83 | dt: 607ms | tok/sec: 863,263 | mfu: 20.9% | epoch: 1 | remaining: 123s    
step 00302 (58.9%) | loss: 3.293777 | lrm: 0.82 | dt: 607ms | tok/sec: 863,226 | mfu: 20.9% | epoch: 1 | remaining: 123s    
step 00303 (59.1%) | loss: 3.291940 | lrm: 0.82 | dt: 607ms | tok/sec: 863,213 | mfu: 20.9% | epoch: 1 | remaining: 122s    
step 00304 (59.3%) | loss: 3.291142 | lrm: 0.81 | dt: 607ms | tok/sec: 863,353 | mfu: 20.9% | epoch: 1 | remaining: 121s    
step 00305 (59.5%) | loss: 3.288400 | lrm: 0.81 | dt: 607ms | tok/sec: 863,265 | mfu: 20.9% | epoch: 1 | remaining: 121s    
step 00306 (59.7%) | loss: 3.283576 | lrm: 0.81 | dt: 607ms | tok/sec: 863,240 | mfu: 20.9% | epoch: 1 | remaining: 120s    
step 00307 (59.9%) | loss: 3.279611 | lrm: 0.80 | dt: 607ms | tok/sec: 863,306 | mfu: 20.9% | epoch: 1 | remaining: 120s    
step 00308 (60.1%) | loss: 3.273095 | lrm: 0.80 | dt: 607ms | tok/sec: 863,269 | mfu: 20.9% | epoch: 1 | remaining: 119s    
step 00309 (60.3%) | loss: 3.268431 | lrm: 0.79 | dt: 608ms | tok/sec: 863,022 | mfu: 20.9% | epoch: 1 | remaining: 118s    
step 00310 (60.5%) | loss: 3.263625 | lrm: 0.79 | dt: 607ms | tok/sec: 863,419 | mfu: 20.9% | epoch: 1 | remaining: 118s    
step 00311 (60.7%) | loss: 3.263360 | lrm: 0.79 | dt: 607ms | tok/sec: 863,174 | mfu: 20.9% | epoch: 1 | remaining: 117s    
step 00312 (60.9%) | loss: 3.264184 | lrm: 0.78 | dt: 607ms | tok/sec: 863,035 | mfu: 20.9% | epoch: 1 | remaining: 117s    
step 00313 (61.1%) | loss: 3.257290 | lrm: 0.78 | dt: 607ms | tok/sec: 863,223 | mfu: 20.9% | epoch: 1 | remaining: 116s    
step 00314 (61.3%) | loss: 3.256376 | lrm: 0.77 | dt: 607ms | tok/sec: 863,167 | mfu: 20.9% | epoch: 1 | remaining: 115s    
step 00315 (61.5%) | loss: 3.261933 | lrm: 0.77 | dt: 607ms | tok/sec: 863,064 | mfu: 20.9% | epoch: 1 | remaining: 115s    
step 00316 (61.7%) | loss: 3.259997 | lrm: 0.77 | dt: 607ms | tok/sec: 863,390 | mfu: 20.9% | epoch: 1 | remaining: 114s    
step 00317 (61.9%) | loss: 3.261419 | lrm: 0.76 | dt: 607ms | tok/sec: 863,331 | mfu: 20.9% | epoch: 1 | remaining: 114s    
step 00318 (62.1%) | loss: 3.262070 | lrm: 0.76 | dt: 607ms | tok/sec: 863,454 | mfu: 20.9% | epoch: 1 | remaining: 113s    
step 00319 (62.3%) | loss: 3.257992 | lrm: 0.75 | dt: 607ms | tok/sec: 863,137 | mfu: 20.9% | epoch: 1 | remaining: 112s    
step 00320 (62.5%) | loss: 3.258266 | lrm: 0.75 | dt: 607ms | tok/sec: 863,256 | mfu: 20.9% | epoch: 1 | remaining: 112s    
step 00321 (62.8%) | loss: 3.254818 | lrm: 0.74 | dt: 607ms | tok/sec: 863,183 | mfu: 20.9% | epoch: 1 | remaining: 111s    
step 00322 (63.0%) | loss: 3.255227 | lrm: 0.74 | dt: 607ms | tok/sec: 863,093 | mfu: 20.9% | epoch: 1 | remaining: 111s    
step 00323 (63.2%) | loss: 3.251383 | lrm: 0.74 | dt: 607ms | tok/sec: 863,241 | mfu: 20.9% | epoch: 1 | remaining: 110s    
step 00324 (63.4%) | loss: 3.246375 | lrm: 0.73 | dt: 607ms | tok/sec: 863,619 | mfu: 20.9% | epoch: 1 | remaining: 109s    
step 00325 (63.6%) | loss: 3.240471 | lrm: 0.73 | dt: 607ms | tok/sec: 863,162 | mfu: 20.9% | epoch: 1 | remaining: 109s    
step 00326 (63.8%) | loss: 3.241784 | lrm: 0.72 | dt: 607ms | tok/sec: 863,393 | mfu: 20.9% | epoch: 1 | remaining: 108s    
step 00327 (64.0%) | loss: 3.236868 | lrm: 0.72 | dt: 607ms | tok/sec: 863,481 | mfu: 20.9% | epoch: 1 | remaining: 107s    
step 00328 (64.2%) | loss: 3.236419 | lrm: 0.72 | dt: 607ms | tok/sec: 863,221 | mfu: 20.9% | epoch: 1 | remaining: 107s    
step 00329 (64.4%) | loss: 3.238091 | lrm: 0.71 | dt: 607ms | tok/sec: 863,476 | mfu: 20.9% | epoch: 1 | remaining: 106s    
step 00330 (64.6%) | loss: 3.237330 | lrm: 0.71 | dt: 607ms | tok/sec: 863,253 | mfu: 20.9% | epoch: 1 | remaining: 106s    
step 00331 (64.8%) | loss: 3.239707 | lrm: 0.70 | dt: 607ms | tok/sec: 863,124 | mfu: 20.9% | epoch: 1 | remaining: 105s    
step 00332 (65.0%) | loss: 3.240618 | lrm: 0.70 | dt: 607ms | tok/sec: 863,333 | mfu: 20.9% | epoch: 1 | remaining: 104s    
step 00333 (65.2%) | loss: 3.239266 | lrm: 0.70 | dt: 607ms | tok/sec: 863,382 | mfu: 20.9% | epoch: 1 | remaining: 104s    
step 00334 (65.4%) | loss: 3.239951 | lrm: 0.69 | dt: 607ms | tok/sec: 863,556 | mfu: 20.9% | epoch: 1 | remaining: 103s    
step 00335 (65.6%) | loss: 3.230173 | lrm: 0.69 | dt: 607ms | tok/sec: 863,358 | mfu: 20.9% | epoch: 1 | remaining: 103s    
step 00336 (65.8%) | loss: 3.230100 | lrm: 0.68 | dt: 607ms | tok/sec: 863,219 | mfu: 20.9% | epoch: 1 | remaining: 102s    
step 00337 (66.0%) | loss: 3.227216 | lrm: 0.68 | dt: 607ms | tok/sec: 863,388 | mfu: 20.9% | epoch: 1 | remaining: 101s    
step 00338 (66.2%) | loss: 3.226486 | lrm: 0.68 | dt: 607ms | tok/sec: 863,404 | mfu: 20.9% | epoch: 1 | remaining: 101s    
step 00339 (66.4%) | loss: 3.219278 | lrm: 0.67 | dt: 607ms | tok/sec: 863,118 | mfu: 20.9% | epoch: 1 | remaining: 100s    
step 00340 (66.6%) | loss: 3.221553 | lrm: 0.67 | dt: 607ms | tok/sec: 863,377 | mfu: 20.9% | epoch: 1 | remaining: 100s    
step 00341 (66.8%) | loss: 3.218948 | lrm: 0.66 | dt: 607ms | tok/sec: 863,058 | mfu: 20.9% | epoch: 1 | remaining: 99s    
step 00342 (67.0%) | loss: 3.222315 | lrm: 0.66 | dt: 607ms | tok/sec: 863,345 | mfu: 20.9% | epoch: 1 | remaining: 98s    
step 00343 (67.2%) | loss: 3.226597 | lrm: 0.66 | dt: 607ms | tok/sec: 863,423 | mfu: 20.9% | epoch: 1 | remaining: 98s    
step 00344 (67.4%) | loss: 3.225614 | lrm: 0.65 | dt: 607ms | tok/sec: 863,428 | mfu: 20.9% | epoch: 1 | remaining: 97s    
step 00345 (67.6%) | loss: 3.223262 | lrm: 0.65 | dt: 607ms | tok/sec: 863,527 | mfu: 20.9% | epoch: 1 | remaining: 97s    
step 00346 (67.8%) | loss: 3.222970 | lrm: 0.64 | dt: 607ms | tok/sec: 863,193 | mfu: 20.9% | epoch: 1 | remaining: 96s    
step 00347 (68.0%) | loss: 3.221749 | lrm: 0.64 | dt: 608ms | tok/sec: 862,906 | mfu: 20.8% | epoch: 1 | remaining: 95s    
step 00348 (68.2%) | loss: 3.217092 | lrm: 0.64 | dt: 607ms | tok/sec: 863,387 | mfu: 20.9% | epoch: 1 | remaining: 95s    
step 00349 (68.4%) | loss: 3.215816 | lrm: 0.63 | dt: 607ms | tok/sec: 863,029 | mfu: 20.9% | epoch: 1 | remaining: 94s    
step 00350 (68.6%) | loss: 3.214571 | lrm: 0.63 | dt: 607ms | tok/sec: 863,117 | mfu: 20.9% | epoch: 1 | remaining: 94s    
step 00351 (68.8%) | loss: 3.210623 | lrm: 0.62 | dt: 607ms | tok/sec: 863,410 | mfu: 20.9% | epoch: 1 | remaining: 93s    
step 00352 (69.0%) | loss: 3.213122 | lrm: 0.62 | dt: 607ms | tok/sec: 863,194 | mfu: 20.9% | epoch: 1 | remaining: 92s    
step 00353 (69.2%) | loss: 3.208373 | lrm: 0.62 | dt: 607ms | tok/sec: 863,542 | mfu: 20.9% | epoch: 1 | remaining: 92s    
step 00354 (69.4%) | loss: 3.209690 | lrm: 0.61 | dt: 607ms | tok/sec: 863,148 | mfu: 20.9% | epoch: 1 | remaining: 91s    
step 00355 (69.6%) | loss: 3.208721 | lrm: 0.61 | dt: 607ms | tok/sec: 863,273 | mfu: 20.9% | epoch: 1 | remaining: 90s    
step 00356 (69.8%) | loss: 3.201494 | lrm: 0.60 | dt: 607ms | tok/sec: 863,413 | mfu: 20.9% | epoch: 1 | remaining: 90s    
step 00357 (70.0%) | loss: 3.196038 | lrm: 0.60 | dt: 607ms | tok/sec: 863,308 | mfu: 20.9% | epoch: 1 | remaining: 89s    
step 00358 (70.2%) | loss: 3.192859 | lrm: 0.60 | dt: 607ms | tok/sec: 863,233 | mfu: 20.9% | epoch: 1 | remaining: 89s    
step 00359 (70.4%) | loss: 3.191452 | lrm: 0.59 | dt: 607ms | tok/sec: 863,405 | mfu: 20.9% | epoch: 1 | remaining: 88s    
step 00360 (70.6%) | loss: 3.190120 | lrm: 0.59 | dt: 607ms | tok/sec: 863,419 | mfu: 20.9% | epoch: 1 | remaining: 87s    
step 00361 (70.8%) | loss: 3.183191 | lrm: 0.58 | dt: 607ms | tok/sec: 863,565 | mfu: 20.9% | epoch: 1 | remaining: 87s    
step 00362 (71.1%) | loss: 3.190628 | lrm: 0.58 | dt: 607ms | tok/sec: 863,364 | mfu: 20.9% | epoch: 1 | remaining: 86s    
step 00363 (71.3%) | loss: 3.190548 | lrm: 0.57 | dt: 608ms | tok/sec: 862,833 | mfu: 20.8% | epoch: 1 | remaining: 86s    
step 00364 (71.5%) | loss: 3.192073 | lrm: 0.57 | dt: 607ms | tok/sec: 863,251 | mfu: 20.9% | epoch: 1 | remaining: 85s    
step 00365 (71.7%) | loss: 3.184903 | lrm: 0.57 | dt: 607ms | tok/sec: 863,079 | mfu: 20.9% | epoch: 1 | remaining: 84s    
step 00366 (71.9%) | loss: 3.184852 | lrm: 0.56 | dt: 607ms | tok/sec: 863,515 | mfu: 20.9% | epoch: 1 | remaining: 84s    
step 00367 (72.1%) | loss: 3.183565 | lrm: 0.56 | dt: 607ms | tok/sec: 863,521 | mfu: 20.9% | epoch: 1 | remaining: 83s    
step 00368 (72.3%) | loss: 3.176880 | lrm: 0.55 | dt: 607ms | tok/sec: 863,256 | mfu: 20.9% | epoch: 1 | remaining: 83s    
step 00369 (72.5%) | loss: 3.175236 | lrm: 0.55 | dt: 607ms | tok/sec: 863,156 | mfu: 20.9% | epoch: 1 | remaining: 82s    
step 00370 (72.7%) | loss: 3.172032 | lrm: 0.55 | dt: 607ms | tok/sec: 863,382 | mfu: 20.9% | epoch: 1 | remaining: 81s    
step 00371 (72.9%) | loss: 3.169290 | lrm: 0.54 | dt: 607ms | tok/sec: 863,255 | mfu: 20.9% | epoch: 1 | remaining: 81s    
step 00372 (73.1%) | loss: 3.165300 | lrm: 0.54 | dt: 607ms | tok/sec: 863,630 | mfu: 20.9% | epoch: 1 | remaining: 80s    
step 00373 (73.3%) | loss: 3.170192 | lrm: 0.53 | dt: 607ms | tok/sec: 863,360 | mfu: 20.9% | epoch: 1 | remaining: 80s    
step 00374 (73.5%) | loss: 3.165680 | lrm: 0.53 | dt: 607ms | tok/sec: 863,241 | mfu: 20.9% | epoch: 1 | remaining: 79s    
step 00375 (73.7%) | loss: 3.162306 | lrm: 0.53 | dt: 607ms | tok/sec: 863,632 | mfu: 20.9% | epoch: 1 | remaining: 78s    
step 00376 (73.9%) | loss: 3.164184 | lrm: 0.52 | dt: 607ms | tok/sec: 863,668 | mfu: 20.9% | epoch: 1 | remaining: 78s    
step 00377 (74.1%) | loss: 3.166619 | lrm: 0.52 | dt: 607ms | tok/sec: 863,183 | mfu: 20.9% | epoch: 1 | remaining: 77s    
step 00378 (74.3%) | loss: 3.169464 | lrm: 0.51 | dt: 607ms | tok/sec: 863,475 | mfu: 20.9% | epoch: 1 | remaining: 77s    
step 00379 (74.5%) | loss: 3.164358 | lrm: 0.51 | dt: 607ms | tok/sec: 863,277 | mfu: 20.9% | epoch: 1 | remaining: 76s    
step 00380 (74.7%) | loss: 3.165461 | lrm: 0.51 | dt: 607ms | tok/sec: 863,328 | mfu: 20.9% | epoch: 1 | remaining: 75s    
step 00381 (74.9%) | loss: 3.163346 | lrm: 0.50 | dt: 607ms | tok/sec: 863,692 | mfu: 20.9% | epoch: 1 | remaining: 75s    
step 00382 (75.1%) | loss: 3.158877 | lrm: 0.50 | dt: 607ms | tok/sec: 863,214 | mfu: 20.9% | epoch: 1 | remaining: 74s    
step 00383 (75.3%) | loss: 3.161120 | lrm: 0.49 | dt: 607ms | tok/sec: 863,555 | mfu: 20.9% | epoch: 1 | remaining: 73s    
step 00384 (75.5%) | loss: 3.157664 | lrm: 0.49 | dt: 607ms | tok/sec: 863,184 | mfu: 20.9% | epoch: 1 | remaining: 73s    
step 00385 (75.7%) | loss: 3.157023 | lrm: 0.49 | dt: 607ms | tok/sec: 863,299 | mfu: 20.9% | epoch: 1 | remaining: 72s    
step 00386 (75.9%) | loss: 3.159276 | lrm: 0.48 | dt: 607ms | tok/sec: 863,435 | mfu: 20.9% | epoch: 1 | remaining: 72s    
step 00387 (76.1%) | loss: 3.152756 | lrm: 0.48 | dt: 607ms | tok/sec: 863,232 | mfu: 20.9% | epoch: 1 | remaining: 71s    
step 00388 (76.3%) | loss: 3.151382 | lrm: 0.47 | dt: 607ms | tok/sec: 863,310 | mfu: 20.9% | epoch: 1 | remaining: 70s    
step 00389 (76.5%) | loss: 3.148031 | lrm: 0.47 | dt: 608ms | tok/sec: 862,767 | mfu: 20.8% | epoch: 1 | remaining: 70s    
step 00390 (76.7%) | loss: 3.146122 | lrm: 0.47 | dt: 608ms | tok/sec: 862,497 | mfu: 20.8% | epoch: 1 | remaining: 69s    
step 00391 (76.9%) | loss: 3.142860 | lrm: 0.46 | dt: 607ms | tok/sec: 863,399 | mfu: 20.9% | epoch: 1 | remaining: 69s    
step 00392 (77.1%) | loss: 3.140402 | lrm: 0.46 | dt: 607ms | tok/sec: 863,578 | mfu: 20.9% | epoch: 1 | remaining: 68s    
step 00393 (77.3%) | loss: 3.142625 | lrm: 0.45 | dt: 607ms | tok/sec: 863,231 | mfu: 20.9% | epoch: 1 | remaining: 67s    
step 00394 (77.5%) | loss: 3.142317 | lrm: 0.45 | dt: 607ms | tok/sec: 863,430 | mfu: 20.9% | epoch: 1 | remaining: 67s    
step 00395 (77.7%) | loss: 3.145789 | lrm: 0.45 | dt: 607ms | tok/sec: 863,533 | mfu: 20.9% | epoch: 1 | remaining: 66s    
step 00396 (77.9%) | loss: 3.145184 | lrm: 0.44 | dt: 607ms | tok/sec: 863,300 | mfu: 20.9% | epoch: 1 | remaining: 66s    
step 00397 (78.1%) | loss: 3.142076 | lrm: 0.44 | dt: 607ms | tok/sec: 863,364 | mfu: 20.9% | epoch: 1 | remaining: 65s    
step 00398 (78.3%) | loss: 3.137703 | lrm: 0.43 | dt: 607ms | tok/sec: 863,214 | mfu: 20.9% | epoch: 1 | remaining: 64s    
step 00399 (78.5%) | loss: 3.138170 | lrm: 0.43 | dt: 607ms | tok/sec: 863,644 | mfu: 20.9% | epoch: 1 | remaining: 64s    
step 00400 (78.7%) | loss: 3.137934 | lrm: 0.43 | dt: 607ms | tok/sec: 863,460 | mfu: 20.9% | epoch: 1 | remaining: 63s    
step 00401 (78.9%) | loss: 3.134366 | lrm: 0.42 | dt: 607ms | tok/sec: 863,407 | mfu: 20.9% | epoch: 1 | remaining: 63s    
step 00402 (79.1%) | loss: 3.131687 | lrm: 0.42 | dt: 607ms | tok/sec: 863,509 | mfu: 20.9% | epoch: 1 | remaining: 62s    
step 00403 (79.4%) | loss: 3.130893 | lrm: 0.41 | dt: 607ms | tok/sec: 863,659 | mfu: 20.9% | epoch: 1 | remaining: 61s    
step 00404 (79.6%) | loss: 3.131385 | lrm: 0.41 | dt: 608ms | tok/sec: 862,819 | mfu: 20.8% | epoch: 1 | remaining: 61s    
step 00405 (79.8%) | loss: 3.125922 | lrm: 0.40 | dt: 607ms | tok/sec: 863,281 | mfu: 20.9% | epoch: 1 | remaining: 60s    
step 00406 (80.0%) | loss: 3.125095 | lrm: 0.40 | dt: 607ms | tok/sec: 863,341 | mfu: 20.9% | epoch: 1 | remaining: 60s    
step 00407 (80.2%) | loss: 3.125945 | lrm: 0.40 | dt: 607ms | tok/sec: 863,171 | mfu: 20.9% | epoch: 1 | remaining: 59s    
step 00408 (80.4%) | loss: 3.123172 | lrm: 0.39 | dt: 607ms | tok/sec: 863,322 | mfu: 20.9% | epoch: 1 | remaining: 58s    
step 00409 (80.6%) | loss: 3.123065 | lrm: 0.39 | dt: 607ms | tok/sec: 863,472 | mfu: 20.9% | epoch: 1 | remaining: 58s    
step 00410 (80.8%) | loss: 3.125099 | lrm: 0.38 | dt: 607ms | tok/sec: 863,309 | mfu: 20.9% | epoch: 1 | remaining: 57s    
step 00411 (81.0%) | loss: 3.123535 | lrm: 0.38 | dt: 607ms | tok/sec: 863,545 | mfu: 20.9% | epoch: 1 | remaining: 56s    
step 00412 (81.2%) | loss: 3.119852 | lrm: 0.38 | dt: 607ms | tok/sec: 863,188 | mfu: 20.9% | epoch: 1 | remaining: 56s    
step 00413 (81.4%) | loss: 3.121230 | lrm: 0.37 | dt: 607ms | tok/sec: 863,362 | mfu: 20.9% | epoch: 1 | remaining: 55s    
step 00414 (81.6%) | loss: 3.111845 | lrm: 0.37 | dt: 607ms | tok/sec: 863,376 | mfu: 20.9% | epoch: 1 | remaining: 55s    
step 00415 (81.8%) | loss: 3.112863 | lrm: 0.36 | dt: 607ms | tok/sec: 863,169 | mfu: 20.9% | epoch: 1 | remaining: 54s    
step 00416 (82.0%) | loss: 3.111165 | lrm: 0.36 | dt: 607ms | tok/sec: 863,337 | mfu: 20.9% | epoch: 1 | remaining: 53s    
step 00417 (82.2%) | loss: 3.113040 | lrm: 0.36 | dt: 607ms | tok/sec: 863,462 | mfu: 20.9% | epoch: 1 | remaining: 53s    
step 00418 (82.4%) | loss: 3.114077 | lrm: 0.35 | dt: 607ms | tok/sec: 863,493 | mfu: 20.9% | epoch: 1 | remaining: 52s    
step 00419 (82.6%) | loss: 3.112157 | lrm: 0.35 | dt: 607ms | tok/sec: 863,314 | mfu: 20.9% | epoch: 1 | remaining: 52s    
step 00420 (82.8%) | loss: 3.108976 | lrm: 0.34 | dt: 608ms | tok/sec: 862,538 | mfu: 20.8% | epoch: 1 | remaining: 51s    
step 00421 (83.0%) | loss: 3.109408 | lrm: 0.34 | dt: 607ms | tok/sec: 863,153 | mfu: 20.9% | epoch: 1 | remaining: 50s    
step 00422 (83.2%) | loss: 3.102798 | lrm: 0.34 | dt: 607ms | tok/sec: 863,622 | mfu: 20.9% | epoch: 1 | remaining: 50s    
step 00423 (83.4%) | loss: 3.099884 | lrm: 0.33 | dt: 607ms | tok/sec: 863,307 | mfu: 20.9% | epoch: 1 | remaining: 49s    
step 00424 (83.6%) | loss: 3.100074 | lrm: 0.33 | dt: 607ms | tok/sec: 863,455 | mfu: 20.9% | epoch: 1 | remaining: 49s    
step 00425 (83.8%) | loss: 3.097487 | lrm: 0.32 | dt: 607ms | tok/sec: 863,398 | mfu: 20.9% | epoch: 1 | remaining: 48s    
step 00426 (84.0%) | loss: 3.098468 | lrm: 0.32 | dt: 607ms | tok/sec: 863,692 | mfu: 20.9% | epoch: 1 | remaining: 47s    
step 00427 (84.2%) | loss: 3.097140 | lrm: 0.32 | dt: 607ms | tok/sec: 863,834 | mfu: 20.9% | epoch: 1 | remaining: 47s    
step 00428 (84.4%) | loss: 3.097641 | lrm: 0.31 | dt: 607ms | tok/sec: 863,053 | mfu: 20.9% | epoch: 1 | remaining: 46s    
step 00429 (84.6%) | loss: 3.093448 | lrm: 0.31 | dt: 607ms | tok/sec: 863,281 | mfu: 20.9% | epoch: 1 | remaining: 46s    
step 00430 (84.8%) | loss: 3.097253 | lrm: 0.30 | dt: 607ms | tok/sec: 863,075 | mfu: 20.9% | epoch: 1 | remaining: 45s    
step 00431 (85.0%) | loss: 3.095811 | lrm: 0.30 | dt: 607ms | tok/sec: 863,231 | mfu: 20.9% | epoch: 1 | remaining: 44s    
step 00432 (85.2%) | loss: 3.097993 | lrm: 0.30 | dt: 607ms | tok/sec: 863,413 | mfu: 20.9% | epoch: 1 | remaining: 44s    
step 00433 (85.4%) | loss: 3.097407 | lrm: 0.29 | dt: 607ms | tok/sec: 863,337 | mfu: 20.9% | epoch: 1 | remaining: 43s    
step 00434 (85.6%) | loss: 3.096517 | lrm: 0.29 | dt: 607ms | tok/sec: 863,214 | mfu: 20.9% | epoch: 1 | remaining: 43s    
step 00435 (85.8%) | loss: 3.098346 | lrm: 0.28 | dt: 607ms | tok/sec: 863,203 | mfu: 20.9% | epoch: 1 | remaining: 42s    
step 00436 (86.0%) | loss: 3.096155 | lrm: 0.28 | dt: 607ms | tok/sec: 863,540 | mfu: 20.9% | epoch: 1 | remaining: 41s    
step 00437 (86.2%) | loss: 3.090981 | lrm: 0.28 | dt: 607ms | tok/sec: 863,177 | mfu: 20.9% | epoch: 1 | remaining: 41s    
step 00438 (86.4%) | loss: 3.089906 | lrm: 0.27 | dt: 607ms | tok/sec: 863,530 | mfu: 20.9% | epoch: 1 | remaining: 40s    
step 00439 (86.6%) | loss: 3.088222 | lrm: 0.27 | dt: 607ms | tok/sec: 863,336 | mfu: 20.9% | epoch: 1 | remaining: 39s    
step 00440 (86.8%) | loss: 3.086606 | lrm: 0.26 | dt: 607ms | tok/sec: 863,528 | mfu: 20.9% | epoch: 1 | remaining: 39s    
step 00441 (87.0%) | loss: 3.084800 | lrm: 0.26 | dt: 607ms | tok/sec: 863,227 | mfu: 20.9% | epoch: 1 | remaining: 38s    
step 00442 (87.2%) | loss: 3.084839 | lrm: 0.26 | dt: 607ms | tok/sec: 863,257 | mfu: 20.9% | epoch: 1 | remaining: 38s    
step 00443 (87.4%) | loss: 3.086259 | lrm: 0.25 | dt: 607ms | tok/sec: 863,179 | mfu: 20.9% | epoch: 1 | remaining: 37s    
step 00444 (87.7%) | loss: 3.087619 | lrm: 0.25 | dt: 607ms | tok/sec: 863,337 | mfu: 20.9% | epoch: 1 | remaining: 36s    
step 00445 (87.9%) | loss: 3.085664 | lrm: 0.24 | dt: 608ms | tok/sec: 862,959 | mfu: 20.9% | epoch: 1 | remaining: 36s    
step 00446 (88.1%) | loss: 3.080629 | lrm: 0.24 | dt: 607ms | tok/sec: 863,381 | mfu: 20.9% | epoch: 1 | remaining: 35s    
step 00447 (88.3%) | loss: 3.083195 | lrm: 0.23 | dt: 607ms | tok/sec: 863,238 | mfu: 20.9% | epoch: 1 | remaining: 35s    
step 00448 (88.5%) | loss: 3.080395 | lrm: 0.23 | dt: 607ms | tok/sec: 863,382 | mfu: 20.9% | epoch: 1 | remaining: 34s    
step 00449 (88.7%) | loss: 3.075077 | lrm: 0.23 | dt: 607ms | tok/sec: 863,374 | mfu: 20.9% | epoch: 1 | remaining: 33s    
step 00450 (88.9%) | loss: 3.078483 | lrm: 0.22 | dt: 607ms | tok/sec: 863,036 | mfu: 20.9% | epoch: 1 | remaining: 33s    
step 00451 (89.1%) | loss: 3.081357 | lrm: 0.22 | dt: 607ms | tok/sec: 863,347 | mfu: 20.9% | epoch: 1 | remaining: 32s    
step 00452 (89.3%) | loss: 3.077685 | lrm: 0.21 | dt: 607ms | tok/sec: 863,503 | mfu: 20.9% | epoch: 1 | remaining: 32s    
step 00453 (89.5%) | loss: 3.073986 | lrm: 0.21 | dt: 607ms | tok/sec: 863,095 | mfu: 20.9% | epoch: 1 | remaining: 31s    
step 00454 (89.7%) | loss: 3.069635 | lrm: 0.21 | dt: 607ms | tok/sec: 863,390 | mfu: 20.9% | epoch: 1 | remaining: 30s    
step 00455 (89.9%) | loss: 3.069164 | lrm: 0.20 | dt: 607ms | tok/sec: 863,266 | mfu: 20.9% | epoch: 1 | remaining: 30s    
step 00456 (90.1%) | loss: 3.066927 | lrm: 0.20 | dt: 607ms | tok/sec: 863,513 | mfu: 20.9% | epoch: 1 | remaining: 29s    
step 00457 (90.3%) | loss: 3.062562 | lrm: 0.19 | dt: 607ms | tok/sec: 863,415 | mfu: 20.9% | epoch: 1 | remaining: 29s    
step 00458 (90.5%) | loss: 3.065348 | lrm: 0.19 | dt: 607ms | tok/sec: 863,227 | mfu: 20.9% | epoch: 1 | remaining: 28s    
step 00459 (90.7%) | loss: 3.067212 | lrm: 0.19 | dt: 607ms | tok/sec: 863,354 | mfu: 20.9% | epoch: 1 | remaining: 27s    
step 00460 (90.9%) | loss: 3.070281 | lrm: 0.18 | dt: 607ms | tok/sec: 863,536 | mfu: 20.9% | epoch: 1 | remaining: 27s    
step 00461 (91.1%) | loss: 3.071437 | lrm: 0.18 | dt: 608ms | tok/sec: 862,793 | mfu: 20.8% | epoch: 1 | remaining: 26s    
step 00462 (91.3%) | loss: 3.070732 | lrm: 0.17 | dt: 608ms | tok/sec: 863,008 | mfu: 20.9% | epoch: 1 | remaining: 26s    
step 00463 (91.5%) | loss: 3.072097 | lrm: 0.17 | dt: 607ms | tok/sec: 863,051 | mfu: 20.9% | epoch: 1 | remaining: 25s    
step 00464 (91.7%) | loss: 3.071974 | lrm: 0.17 | dt: 608ms | tok/sec: 862,686 | mfu: 20.8% | epoch: 1 | remaining: 24s    
step 00465 (91.9%) | loss: 3.068368 | lrm: 0.16 | dt: 607ms | tok/sec: 863,366 | mfu: 20.9% | epoch: 1 | remaining: 24s    
step 00466 (92.1%) | loss: 3.067096 | lrm: 0.16 | dt: 607ms | tok/sec: 863,279 | mfu: 20.9% | epoch: 1 | remaining: 23s    
step 00467 (92.3%) | loss: 3.068651 | lrm: 0.15 | dt: 608ms | tok/sec: 862,998 | mfu: 20.9% | epoch: 1 | remaining: 22s    
step 00468 (92.5%) | loss: 3.073195 | lrm: 0.15 | dt: 607ms | tok/sec: 863,533 | mfu: 20.9% | epoch: 1 | remaining: 22s    
step 00469 (92.7%) | loss: 3.073776 | lrm: 0.15 | dt: 608ms | tok/sec: 862,995 | mfu: 20.9% | epoch: 1 | remaining: 21s    
step 00470 (92.9%) | loss: 3.074739 | lrm: 0.14 | dt: 607ms | tok/sec: 863,308 | mfu: 20.9% | epoch: 1 | remaining: 21s    
step 00471 (93.1%) | loss: 3.073993 | lrm: 0.14 | dt: 607ms | tok/sec: 863,605 | mfu: 20.9% | epoch: 1 | remaining: 20s    
step 00472 (93.3%) | loss: 3.065077 | lrm: 0.13 | dt: 607ms | tok/sec: 863,407 | mfu: 20.9% | epoch: 1 | remaining: 19s    
step 00473 (93.5%) | loss: 3.061004 | lrm: 0.13 | dt: 607ms | tok/sec: 863,735 | mfu: 20.9% | epoch: 1 | remaining: 19s    
step 00474 (93.7%) | loss: 3.056916 | lrm: 0.13 | dt: 607ms | tok/sec: 863,255 | mfu: 20.9% | epoch: 1 | remaining: 18s    
step 00475 (93.9%) | loss: 3.062180 | lrm: 0.12 | dt: 607ms | tok/sec: 863,196 | mfu: 20.9% | epoch: 1 | remaining: 18s    
step 00476 (94.1%) | loss: 3.062442 | lrm: 0.12 | dt: 607ms | tok/sec: 863,618 | mfu: 20.9% | epoch: 1 | remaining: 17s    
step 00477 (94.3%) | loss: 3.059890 | lrm: 0.11 | dt: 607ms | tok/sec: 863,269 | mfu: 20.9% | epoch: 1 | remaining: 16s    
step 00478 (94.5%) | loss: 3.062406 | lrm: 0.11 | dt: 607ms | tok/sec: 863,377 | mfu: 20.9% | epoch: 1 | remaining: 16s    
step 00479 (94.7%) | loss: 3.060469 | lrm: 0.11 | dt: 607ms | tok/sec: 863,199 | mfu: 20.9% | epoch: 1 | remaining: 15s    
step 00480 (94.9%) | loss: 3.058986 | lrm: 0.10 | dt: 607ms | tok/sec: 863,255 | mfu: 20.9% | epoch: 1 | remaining: 15s    
step 00481 (95.1%) | loss: 3.056154 | lrm: 0.10 | dt: 607ms | tok/sec: 863,388 | mfu: 20.9% | epoch: 1 | remaining: 14s    
step 00482 (95.3%) | loss: 3.054819 | lrm: 0.09 | dt: 607ms | tok/sec: 863,180 | mfu: 20.9% | epoch: 1 | remaining: 13s    
step 00483 (95.5%) | loss: 3.050547 | lrm: 0.09 | dt: 607ms | tok/sec: 863,194 | mfu: 20.9% | epoch: 1 | remaining: 13s    
step 00484 (95.7%) | loss: 3.046011 | lrm: 0.09 | dt: 607ms | tok/sec: 863,350 | mfu: 20.9% | epoch: 1 | remaining: 12s    
step 00485 (96.0%) | loss: 3.038911 | lrm: 0.08 | dt: 607ms | tok/sec: 863,253 | mfu: 20.9% | epoch: 1 | remaining: 12s    
step 00486 (96.2%) | loss: 3.035954 | lrm: 0.08 | dt: 607ms | tok/sec: 863,052 | mfu: 20.9% | epoch: 1 | remaining: 11s    
step 00487 (96.4%) | loss: 3.032675 | lrm: 0.07 | dt: 608ms | tok/sec: 862,814 | mfu: 20.8% | epoch: 1 | remaining: 10s    
step 00488 (96.6%) | loss: 3.029460 | lrm: 0.07 | dt: 608ms | tok/sec: 862,713 | mfu: 20.8% | epoch: 1 | remaining: 10s    
step 00489 (96.8%) | loss: 3.025598 | lrm: 0.06 | dt: 607ms | tok/sec: 863,106 | mfu: 20.9% | epoch: 1 | remaining: 9s    
step 00490 (97.0%) | loss: 3.022740 | lrm: 0.06 | dt: 608ms | tok/sec: 862,897 | mfu: 20.8% | epoch: 1 | remaining: 9s    
step 00491 (97.2%) | loss: 3.019428 | lrm: 0.06 | dt: 608ms | tok/sec: 863,007 | mfu: 20.9% | epoch: 1 | remaining: 8s    
step 00492 (97.4%) | loss: 3.018024 | lrm: 0.05 | dt: 608ms | tok/sec: 862,928 | mfu: 20.8% | epoch: 1 | remaining: 7s    
step 00493 (97.6%) | loss: 3.021891 | lrm: 0.05 | dt: 608ms | tok/sec: 862,662 | mfu: 20.8% | epoch: 1 | remaining: 7s    
step 00494 (97.8%) | loss: 3.019282 | lrm: 0.04 | dt: 607ms | tok/sec: 863,084 | mfu: 20.9% | epoch: 1 | remaining: 6s    
step 00495 (98.0%) | loss: 3.017143 | lrm: 0.04 | dt: 607ms | tok/sec: 863,259 | mfu: 20.9% | epoch: 1 | remaining: 5s    
step 00496 (98.2%) | loss: 3.019493 | lrm: 0.04 | dt: 608ms | tok/sec: 862,992 | mfu: 20.9% | epoch: 1 | remaining: 5s    
step 00497 (98.4%) | loss: 3.021029 | lrm: 0.03 | dt: 607ms | tok/sec: 863,144 | mfu: 20.9% | epoch: 1 | remaining: 4s    
step 00498 (98.6%) | loss: 3.022013 | lrm: 0.03 | dt: 607ms | tok/sec: 863,412 | mfu: 20.9% | epoch: 1 | remaining: 4s    
step 00499 (98.8%) | loss: 3.022097 | lrm: 0.02 | dt: 607ms | tok/sec: 863,342 | mfu: 20.9% | epoch: 1 | remaining: 3s    
step 00500 (99.0%) | loss: 3.023760 | lrm: 0.02 | dt: 607ms | tok/sec: 863,481 | mfu: 20.9% | epoch: 1 | remaining: 2s    
step 00501 (99.2%) | loss: 3.021606 | lrm: 0.02 | dt: 608ms | tok/sec: 862,985 | mfu: 20.9% | epoch: 1 | remaining: 2s    
step 00502 (99.4%) | loss: 3.022476 | lrm: 0.01 | dt: 608ms | tok/sec: 862,805 | mfu: 20.8% | epoch: 1 | remaining: 1s    
step 00503 (99.6%) | loss: 3.015220 | lrm: 0.01 | dt: 607ms | tok/sec: 863,369 | mfu: 20.9% | epoch: 1 | remaining: 1s    
step 00504 (99.8%) | loss: 3.017395 | lrm: 0.00 | dt: 607ms | tok/sec: 863,112 | mfu: 20.9% | epoch: 1 | remaining: 0s    
---
val_bpb:          1.079779
training_seconds: 300.0
total_seconds:    337.3
peak_vram_mb:     45012.5
mfu_percent:      20.90
total_tokens_M:   264.8
num_steps:        505
num_params_M:     50.3
depth:            8
[W1004 02:07:40.546233509 CudaIPCTypes.cpp:16] Producer process has been terminated before all shared CUDA tensors released. See Note [Sharing CUDA tensors]
