Vocab size: 8,192
Model config: {'sequence_len': 2048, 'vocab_size': 8192, 'n_layer': 10, 'n_head': 5, 'n_kv_head': 5, 'n_embd': 640, 'window_pattern': 'L'}
Parameter counts:
  wte                     : 5,242,880
  value_embeds            : 26,214,400
  lm_head                 : 5,242,880
  transformer_matrices    : 49,152,800
  scalars                 : 20
  total                   : 85,852,980
Estimated FLOPs per token: 4.836605e+08
Scaling AdamW LRs by 1/sqrt(640/768) = 1.095445
Time budget: 300s
Gradient accumulation steps: 2

step 00000 (0.0%) | loss: 9.011301 | lrm: 1.00 | dt: 17951ms | tok/sec: 29,206 | mfu: 1.4% | epoch: 1 | remaining: 300s    
step 00001 (0.0%) | loss: 9.212221 | lrm: 1.00 | dt: 998ms | tok/sec: 525,361 | mfu: 25.7% | epoch: 1 | remaining: 300s    
step 00002 (0.0%) | loss: 8.979546 | lrm: 1.00 | dt: 997ms | tok/sec: 525,858 | mfu: 25.7% | epoch: 1 | remaining: 300s    
step 00003 (0.0%) | loss: 8.541971 | lrm: 1.00 | dt: 997ms | tok/sec: 526,121 | mfu: 25.7% | epoch: 1 | remaining: 300s    
step 00004 (0.0%) | loss: 8.111469 | lrm: 1.00 | dt: 997ms | tok/sec: 525,932 | mfu: 25.7% | epoch: 1 | remaining: 300s    
step 00005 (0.0%) | loss: 7.721821 | lrm: 1.00 | dt: 996ms | tok/sec: 526,416 | mfu: 25.7% | epoch: 1 | remaining: 300s    
step 00006 (0.0%) | loss: 7.417099 | lrm: 1.00 | dt: 996ms | tok/sec: 526,285 | mfu: 25.7% | epoch: 1 | remaining: 300s    
step 00007 (0.0%) | loss: 7.168580 | lrm: 1.00 | dt: 997ms | tok/sec: 525,797 | mfu: 25.7% | epoch: 1 | remaining: 300s    
step 00008 (0.0%) | loss: 6.956572 | lrm: 1.00 | dt: 998ms | tok/sec: 525,453 | mfu: 25.7% | epoch: 1 | remaining: 300s    
step 00009 (0.0%) | loss: 6.772662 | lrm: 1.00 | dt: 998ms | tok/sec: 525,446 | mfu: 25.7% | epoch: 1 | remaining: 300s    
step 00010 (0.0%) | loss: 6.618936 | lrm: 1.00 | dt: 998ms | tok/sec: 525,118 | mfu: 25.7% | epoch: 1 | remaining: 300s    
step 00011 (0.0%) | loss: 6.486088 | lrm: 1.00 | dt: 999ms | tok/sec: 524,892 | mfu: 25.7% | epoch: 1 | remaining: 299s    
step 00012 (0.3%) | loss: 6.369778 | lrm: 1.00 | dt: 999ms | tok/sec: 524,880 | mfu: 25.7% | epoch: 1 | remaining: 298s    
step 00013 (0.7%) | loss: 6.271338 | lrm: 1.00 | dt: 999ms | tok/sec: 524,566 | mfu: 25.6% | epoch: 1 | remaining: 297s    
step 00014 (1.0%) | loss: 6.178591 | lrm: 1.00 | dt: 999ms | tok/sec: 525,020 | mfu: 25.7% | epoch: 1 | remaining: 296s    
step 00015 (1.3%) | loss: 6.099711 | lrm: 1.00 | dt: 998ms | tok/sec: 525,188 | mfu: 25.7% | epoch: 1 | remaining: 295s    
step 00016 (1.7%) | loss: 6.028061 | lrm: 1.00 | dt: 998ms | tok/sec: 525,226 | mfu: 25.7% | epoch: 1 | remaining: 294s    
step 00017 (2.0%) | loss: 5.963007 | lrm: 1.00 | dt: 999ms | tok/sec: 524,886 | mfu: 25.7% | epoch: 1 | remaining: 293s    
step 00018 (2.3%) | loss: 5.904382 | lrm: 1.00 | dt: 1000ms | tok/sec: 524,447 | mfu: 25.6% | epoch: 1 | remaining: 292s    
step 00019 (2.7%) | loss: 5.854687 | lrm: 1.00 | dt: 1000ms | tok/sec: 524,466 | mfu: 25.6% | epoch: 1 | remaining: 291s    
step 00020 (3.0%) | loss: 5.808943 | lrm: 1.00 | dt: 1000ms | tok/sec: 524,187 | mfu: 25.6% | epoch: 1 | remaining: 290s    
step 00021 (3.3%) | loss: 5.765318 | lrm: 1.00 | dt: 1001ms | tok/sec: 523,994 | mfu: 25.6% | epoch: 1 | remaining: 289s    
step 00022 (3.7%) | loss: 5.723887 | lrm: 1.00 | dt: 1001ms | tok/sec: 523,850 | mfu: 25.6% | epoch: 1 | remaining: 288s    
step 00023 (4.0%) | loss: 5.686603 | lrm: 1.00 | dt: 1001ms | tok/sec: 523,776 | mfu: 25.6% | epoch: 1 | remaining: 287s    
step 00024 (4.3%) | loss: 5.650947 | lrm: 1.00 | dt: 1003ms | tok/sec: 522,865 | mfu: 25.6% | epoch: 1 | remaining: 286s    
step 00025 (4.7%) | loss: 5.617399 | lrm: 1.00 | dt: 1005ms | tok/sec: 521,776 | mfu: 25.5% | epoch: 1 | remaining: 285s    
step 00026 (5.0%) | loss: 5.581593 | lrm: 1.00 | dt: 1005ms | tok/sec: 521,631 | mfu: 25.5% | epoch: 1 | remaining: 284s    
step 00027 (5.3%) | loss: 5.551093 | lrm: 1.00 | dt: 1004ms | tok/sec: 522,254 | mfu: 25.5% | epoch: 1 | remaining: 283s    
step 00028 (5.7%) | loss: 5.521358 | lrm: 1.00 | dt: 1004ms | tok/sec: 522,372 | mfu: 25.5% | epoch: 1 | remaining: 282s    
step 00029 (6.0%) | loss: 5.494330 | lrm: 1.00 | dt: 1004ms | tok/sec: 522,045 | mfu: 25.5% | epoch: 1 | remaining: 281s    
step 00030 (6.3%) | loss: 5.466061 | lrm: 1.00 | dt: 1006ms | tok/sec: 521,412 | mfu: 25.5% | epoch: 1 | remaining: 280s    
step 00031 (6.7%) | loss: 5.436555 | lrm: 1.00 | dt: 1005ms | tok/sec: 521,904 | mfu: 25.5% | epoch: 1 | remaining: 279s    
step 00032 (7.0%) | loss: 5.409941 | lrm: 1.00 | dt: 1004ms | tok/sec: 522,340 | mfu: 25.5% | epoch: 1 | remaining: 278s    
step 00033 (7.3%) | loss: 5.381324 | lrm: 1.00 | dt: 1004ms | tok/sec: 522,100 | mfu: 25.5% | epoch: 1 | remaining: 277s    
step 00034 (7.7%) | loss: 5.351032 | lrm: 1.00 | dt: 1005ms | tok/sec: 521,559 | mfu: 25.5% | epoch: 1 | remaining: 276s    
step 00035 (8.0%) | loss: 5.324371 | lrm: 1.00 | dt: 1006ms | tok/sec: 521,395 | mfu: 25.5% | epoch: 1 | remaining: 275s    
step 00036 (8.3%) | loss: 5.301205 | lrm: 1.00 | dt: 1004ms | tok/sec: 522,243 | mfu: 25.5% | epoch: 1 | remaining: 274s    
step 00037 (8.7%) | loss: 5.276178 | lrm: 1.00 | dt: 1004ms | tok/sec: 522,363 | mfu: 25.5% | epoch: 1 | remaining: 273s    
step 00038 (9.0%) | loss: 5.251604 | lrm: 1.00 | dt: 1005ms | tok/sec: 521,506 | mfu: 25.5% | epoch: 1 | remaining: 272s    
step 00039 (9.4%) | loss: 5.222419 | lrm: 1.00 | dt: 1006ms | tok/sec: 520,947 | mfu: 25.5% | epoch: 1 | remaining: 271s    
step 00040 (9.7%) | loss: 5.194802 | lrm: 1.00 | dt: 1004ms | tok/sec: 522,115 | mfu: 25.5% | epoch: 1 | remaining: 270s    
step 00041 (10.0%) | loss: 5.170744 | lrm: 1.00 | dt: 1004ms | tok/sec: 522,057 | mfu: 25.5% | epoch: 1 | remaining: 269s    
step 00042 (10.4%) | loss: 5.148126 | lrm: 1.00 | dt: 1005ms | tok/sec: 521,538 | mfu: 25.5% | epoch: 1 | remaining: 268s    
step 00043 (10.7%) | loss: 5.120692 | lrm: 1.00 | dt: 1006ms | tok/sec: 521,156 | mfu: 25.5% | epoch: 1 | remaining: 267s    
step 00044 (11.0%) | loss: 5.096700 | lrm: 1.00 | dt: 1004ms | tok/sec: 521,951 | mfu: 25.5% | epoch: 1 | remaining: 266s    
step 00045 (11.4%) | loss: 5.072064 | lrm: 1.00 | dt: 1004ms | tok/sec: 522,044 | mfu: 25.5% | epoch: 1 | remaining: 265s    
step 00046 (11.7%) | loss: 5.047746 | lrm: 1.00 | dt: 1005ms | tok/sec: 521,432 | mfu: 25.5% | epoch: 1 | remaining: 264s    
step 00047 (12.0%) | loss: 5.021211 | lrm: 1.00 | dt: 1006ms | tok/sec: 521,223 | mfu: 25.5% | epoch: 1 | remaining: 263s    
step 00048 (12.4%) | loss: 4.999016 | lrm: 1.00 | dt: 1004ms | tok/sec: 522,251 | mfu: 25.5% | epoch: 1 | remaining: 262s    
step 00049 (12.7%) | loss: 4.974453 | lrm: 1.00 | dt: 1004ms | tok/sec: 522,299 | mfu: 25.5% | epoch: 1 | remaining: 261s    
step 00050 (13.0%) | loss: 4.947942 | lrm: 1.00 | dt: 1004ms | tok/sec: 522,068 | mfu: 25.5% | epoch: 1 | remaining: 260s    
step 00051 (13.4%) | loss: 4.927480 | lrm: 1.00 | dt: 1006ms | tok/sec: 521,323 | mfu: 25.5% | epoch: 1 | remaining: 259s    
step 00052 (13.7%) | loss: 4.903588 | lrm: 1.00 | dt: 1005ms | tok/sec: 521,695 | mfu: 25.5% | epoch: 1 | remaining: 258s    
step 00053 (14.0%) | loss: 4.880655 | lrm: 1.00 | dt: 1004ms | tok/sec: 522,194 | mfu: 25.5% | epoch: 1 | remaining: 257s    
step 00054 (14.4%) | loss: 4.857112 | lrm: 1.00 | dt: 1005ms | tok/sec: 521,554 | mfu: 25.5% | epoch: 1 | remaining: 256s    
step 00055 (14.7%) | loss: 4.832141 | lrm: 1.00 | dt: 1007ms | tok/sec: 520,775 | mfu: 25.5% | epoch: 1 | remaining: 255s    
step 00056 (15.0%) | loss: 4.811684 | lrm: 1.00 | dt: 1004ms | tok/sec: 521,951 | mfu: 25.5% | epoch: 1 | remaining: 254s    
step 00057 (15.4%) | loss: 4.789358 | lrm: 1.00 | dt: 1004ms | tok/sec: 522,199 | mfu: 25.5% | epoch: 1 | remaining: 253s    
step 00058 (15.7%) | loss: 4.766962 | lrm: 1.00 | dt: 1004ms | tok/sec: 522,026 | mfu: 25.5% | epoch: 1 | remaining: 252s    
step 00059 (16.1%) | loss: 4.739451 | lrm: 1.00 | dt: 1006ms | tok/sec: 521,270 | mfu: 25.5% | epoch: 1 | remaining: 251s    
step 00060 (16.4%) | loss: 4.718454 | lrm: 1.00 | dt: 1005ms | tok/sec: 521,821 | mfu: 25.5% | epoch: 1 | remaining: 250s    
step 00061 (16.7%) | loss: 4.698374 | lrm: 1.00 | dt: 1004ms | tok/sec: 522,319 | mfu: 25.5% | epoch: 1 | remaining: 249s    
step 00062 (17.1%) | loss: 4.673074 | lrm: 1.00 | dt: 1004ms | tok/sec: 522,350 | mfu: 25.5% | epoch: 1 | remaining: 248s    
step 00063 (17.4%) | loss: 4.647642 | lrm: 1.00 | dt: 1006ms | tok/sec: 521,406 | mfu: 25.5% | epoch: 1 | remaining: 247s    
step 00064 (17.7%) | loss: 4.625470 | lrm: 1.00 | dt: 1005ms | tok/sec: 521,715 | mfu: 25.5% | epoch: 1 | remaining: 246s    
step 00065 (18.1%) | loss: 4.604776 | lrm: 1.00 | dt: 1004ms | tok/sec: 522,323 | mfu: 25.5% | epoch: 1 | remaining: 245s    
step 00066 (18.4%) | loss: 4.586850 | lrm: 1.00 | dt: 1004ms | tok/sec: 522,046 | mfu: 25.5% | epoch: 1 | remaining: 244s    
step 00067 (18.7%) | loss: 4.566626 | lrm: 1.00 | dt: 1006ms | tok/sec: 521,023 | mfu: 25.5% | epoch: 1 | remaining: 243s    
step 00068 (19.1%) | loss: 4.544705 | lrm: 1.00 | dt: 1005ms | tok/sec: 521,618 | mfu: 25.5% | epoch: 1 | remaining: 242s    
step 00069 (19.4%) | loss: 4.520000 | lrm: 1.00 | dt: 1004ms | tok/sec: 522,385 | mfu: 25.5% | epoch: 1 | remaining: 241s    
step 00070 (19.7%) | loss: 4.497278 | lrm: 1.00 | dt: 1004ms | tok/sec: 522,328 | mfu: 25.5% | epoch: 1 | remaining: 240s    
step 00071 (20.1%) | loss: 4.468218 | lrm: 1.00 | dt: 1004ms | tok/sec: 521,944 | mfu: 25.5% | epoch: 1 | remaining: 239s    
step 00072 (20.4%) | loss: 4.452317 | lrm: 1.00 | dt: 1006ms | tok/sec: 521,188 | mfu: 25.5% | epoch: 1 | remaining: 238s    
step 00073 (20.7%) | loss: 4.433545 | lrm: 1.00 | dt: 1004ms | tok/sec: 521,977 | mfu: 25.5% | epoch: 1 | remaining: 237s    
step 00074 (21.1%) | loss: 4.410308 | lrm: 1.00 | dt: 1003ms | tok/sec: 522,466 | mfu: 25.5% | epoch: 1 | remaining: 236s    
step 00075 (21.4%) | loss: 4.386880 | lrm: 1.00 | dt: 1004ms | tok/sec: 522,208 | mfu: 25.5% | epoch: 1 | remaining: 235s    
step 00076 (21.7%) | loss: 4.366526 | lrm: 1.00 | dt: 1006ms | tok/sec: 521,285 | mfu: 25.5% | epoch: 1 | remaining: 234s    
step 00077 (22.1%) | loss: 4.348638 | lrm: 1.00 | dt: 1005ms | tok/sec: 521,794 | mfu: 25.5% | epoch: 1 | remaining: 233s    
step 00078 (22.4%) | loss: 4.324021 | lrm: 1.00 | dt: 1004ms | tok/sec: 522,339 | mfu: 25.5% | epoch: 1 | remaining: 232s    
step 00079 (22.7%) | loss: 4.301277 | lrm: 1.00 | dt: 1004ms | tok/sec: 522,119 | mfu: 25.5% | epoch: 1 | remaining: 231s    
step 00080 (23.1%) | loss: 4.281322 | lrm: 1.00 | dt: 1005ms | tok/sec: 521,659 | mfu: 25.5% | epoch: 1 | remaining: 230s    
step 00081 (23.4%) | loss: 4.261439 | lrm: 1.00 | dt: 1005ms | tok/sec: 521,448 | mfu: 25.5% | epoch: 1 | remaining: 229s    
step 00082 (23.8%) | loss: 4.242884 | lrm: 1.00 | dt: 1004ms | tok/sec: 522,149 | mfu: 25.5% | epoch: 1 | remaining: 228s    
step 00083 (24.1%) | loss: 4.218838 | lrm: 1.00 | dt: 1003ms | tok/sec: 522,521 | mfu: 25.5% | epoch: 1 | remaining: 227s    
step 00084 (24.4%) | loss: 4.195490 | lrm: 1.00 | dt: 1005ms | tok/sec: 521,885 | mfu: 25.5% | epoch: 1 | remaining: 226s    
step 00085 (24.8%) | loss: 4.178105 | lrm: 1.00 | dt: 1006ms | tok/sec: 521,212 | mfu: 25.5% | epoch: 1 | remaining: 225s    
step 00086 (25.1%) | loss: 4.158043 | lrm: 1.00 | dt: 1004ms | tok/sec: 522,104 | mfu: 25.5% | epoch: 1 | remaining: 224s    
step 00087 (25.4%) | loss: 4.140568 | lrm: 1.00 | dt: 1003ms | tok/sec: 522,464 | mfu: 25.5% | epoch: 1 | remaining: 223s    
step 00088 (25.8%) | loss: 4.124875 | lrm: 1.00 | dt: 1004ms | tok/sec: 522,111 | mfu: 25.5% | epoch: 1 | remaining: 222s    
step 00089 (26.1%) | loss: 4.103772 | lrm: 1.00 | dt: 1005ms | tok/sec: 521,450 | mfu: 25.5% | epoch: 1 | remaining: 221s    
step 00090 (26.4%) | loss: 4.085740 | lrm: 1.00 | dt: 1005ms | tok/sec: 521,867 | mfu: 25.5% | epoch: 1 | remaining: 220s    
step 00091 (26.8%) | loss: 4.064885 | lrm: 1.00 | dt: 1003ms | tok/sec: 522,593 | mfu: 25.5% | epoch: 1 | remaining: 219s    
step 00092 (27.1%) | loss: 4.048744 | lrm: 1.00 | dt: 1003ms | tok/sec: 522,670 | mfu: 25.5% | epoch: 1 | remaining: 218s    
step 00093 (27.4%) | loss: 4.030356 | lrm: 1.00 | dt: 1004ms | tok/sec: 522,255 | mfu: 25.5% | epoch: 1 | remaining: 217s    
step 00094 (27.8%) | loss: 4.016678 | lrm: 1.00 | dt: 1005ms | tok/sec: 521,557 | mfu: 25.5% | epoch: 1 | remaining: 216s    
step 00095 (28.1%) | loss: 4.003257 | lrm: 1.00 | dt: 1004ms | tok/sec: 522,098 | mfu: 25.5% | epoch: 1 | remaining: 215s    
step 00096 (28.4%) | loss: 3.984968 | lrm: 1.00 | dt: 1003ms | tok/sec: 522,478 | mfu: 25.5% | epoch: 1 | remaining: 214s    
step 00097 (28.8%) | loss: 3.971962 | lrm: 1.00 | dt: 1003ms | tok/sec: 522,680 | mfu: 25.5% | epoch: 1 | remaining: 213s    
step 00098 (29.1%) | loss: 3.956705 | lrm: 1.00 | dt: 1004ms | tok/sec: 522,256 | mfu: 25.5% | epoch: 1 | remaining: 212s    
step 00099 (29.4%) | loss: 3.943374 | lrm: 1.00 | dt: 1005ms | tok/sec: 521,692 | mfu: 25.5% | epoch: 1 | remaining: 211s    
step 00100 (29.8%) | loss: 3.929500 | lrm: 1.00 | dt: 1004ms | tok/sec: 521,983 | mfu: 25.5% | epoch: 1 | remaining: 210s    
step 00101 (30.1%) | loss: 3.912634 | lrm: 1.00 | dt: 1004ms | tok/sec: 522,258 | mfu: 25.5% | epoch: 1 | remaining: 209s    
step 00102 (30.4%) | loss: 3.896336 | lrm: 1.00 | dt: 1003ms | tok/sec: 522,520 | mfu: 25.5% | epoch: 1 | remaining: 208s    
step 00103 (30.8%) | loss: 3.873649 | lrm: 1.00 | dt: 1004ms | tok/sec: 522,427 | mfu: 25.5% | epoch: 1 | remaining: 207s    
step 00104 (31.1%) | loss: 3.859142 | lrm: 1.00 | dt: 1005ms | tok/sec: 521,638 | mfu: 25.5% | epoch: 1 | remaining: 206s    
step 00105 (31.5%) | loss: 3.846958 | lrm: 1.00 | dt: 1004ms | tok/sec: 522,058 | mfu: 25.5% | epoch: 1 | remaining: 205s    
step 00106 (31.8%) | loss: 3.834963 | lrm: 1.00 | dt: 1004ms | tok/sec: 522,416 | mfu: 25.5% | epoch: 1 | remaining: 204s    
step 00107 (32.1%) | loss: 3.825562 | lrm: 1.00 | dt: 1004ms | tok/sec: 522,412 | mfu: 25.5% | epoch: 1 | remaining: 203s    
step 00108 (32.5%) | loss: 3.816437 | lrm: 1.00 | dt: 1004ms | tok/sec: 522,248 | mfu: 25.5% | epoch: 1 | remaining: 202s    
step 00109 (32.8%) | loss: 3.805640 | lrm: 1.00 | dt: 1005ms | tok/sec: 521,572 | mfu: 25.5% | epoch: 1 | remaining: 201s    
step 00110 (33.1%) | loss: 3.793058 | lrm: 1.00 | dt: 1004ms | tok/sec: 522,132 | mfu: 25.5% | epoch: 1 | remaining: 200s    
step 00111 (33.5%) | loss: 3.787621 | lrm: 1.00 | dt: 1004ms | tok/sec: 522,314 | mfu: 25.5% | epoch: 1 | remaining: 199s    
step 00112 (33.8%) | loss: 3.779913 | lrm: 1.00 | dt: 1003ms | tok/sec: 522,700 | mfu: 25.5% | epoch: 1 | remaining: 198s    
step 00113 (34.1%) | loss: 3.774732 | lrm: 1.00 | dt: 1004ms | tok/sec: 522,166 | mfu: 25.5% | epoch: 1 | remaining: 197s    
step 00114 (34.5%) | loss: 3.771447 | lrm: 1.00 | dt: 1006ms | tok/sec: 521,371 | mfu: 25.5% | epoch: 1 | remaining: 196s    
step 00115 (34.8%) | loss: 3.763045 | lrm: 1.00 | dt: 1004ms | tok/sec: 522,169 | mfu: 25.5% | epoch: 1 | remaining: 195s    
step 00116 (35.1%) | loss: 3.750641 | lrm: 1.00 | dt: 1003ms | tok/sec: 522,499 | mfu: 25.5% | epoch: 1 | remaining: 194s    
step 00117 (35.5%) | loss: 3.746779 | lrm: 1.00 | dt: 1003ms | tok/sec: 522,478 | mfu: 25.5% | epoch: 1 | remaining: 193s    
step 00118 (35.8%) | loss: 3.735869 | lrm: 1.00 | dt: 1004ms | tok/sec: 522,011 | mfu: 25.5% | epoch: 1 | remaining: 192s    
step 00119 (36.1%) | loss: 3.730157 | lrm: 1.00 | dt: 1005ms | tok/sec: 521,522 | mfu: 25.5% | epoch: 1 | remaining: 191s    
step 00120 (36.5%) | loss: 3.724515 | lrm: 1.00 | dt: 1004ms | tok/sec: 522,324 | mfu: 25.5% | epoch: 1 | remaining: 190s    
step 00121 (36.8%) | loss: 3.708441 | lrm: 1.00 | dt: 1003ms | tok/sec: 522,620 | mfu: 25.5% | epoch: 1 | remaining: 189s    
step 00122 (37.1%) | loss: 3.699653 | lrm: 1.00 | dt: 1004ms | tok/sec: 522,226 | mfu: 25.5% | epoch: 1 | remaining: 188s    
step 00123 (37.5%) | loss: 3.692725 | lrm: 1.00 | dt: 1006ms | tok/sec: 521,368 | mfu: 25.5% | epoch: 1 | remaining: 187s    
step 00124 (37.8%) | loss: 3.687405 | lrm: 1.00 | dt: 1005ms | tok/sec: 521,896 | mfu: 25.5% | epoch: 1 | remaining: 186s    
step 00125 (38.1%) | loss: 3.678655 | lrm: 1.00 | dt: 1003ms | tok/sec: 522,523 | mfu: 25.5% | epoch: 1 | remaining: 185s    
step 00126 (38.5%) | loss: 3.669210 | lrm: 1.00 | dt: 1003ms | tok/sec: 522,804 | mfu: 25.6% | epoch: 1 | remaining: 184s    
step 00127 (38.8%) | loss: 3.658277 | lrm: 1.00 | dt: 1004ms | tok/sec: 522,432 | mfu: 25.5% | epoch: 1 | remaining: 183s    
step 00128 (39.2%) | loss: 3.654694 | lrm: 1.00 | dt: 1005ms | tok/sec: 521,607 | mfu: 25.5% | epoch: 1 | remaining: 182s    
step 00129 (39.5%) | loss: 3.647491 | lrm: 1.00 | dt: 1005ms | tok/sec: 521,927 | mfu: 25.5% | epoch: 1 | remaining: 181s    
step 00130 (39.8%) | loss: 3.644313 | lrm: 1.00 | dt: 1003ms | tok/sec: 522,619 | mfu: 25.5% | epoch: 1 | remaining: 180s    
step 00131 (40.2%) | loss: 3.637059 | lrm: 1.00 | dt: 1003ms | tok/sec: 522,776 | mfu: 25.6% | epoch: 1 | remaining: 179s    
step 00132 (40.5%) | loss: 3.630181 | lrm: 1.00 | dt: 1003ms | tok/sec: 522,602 | mfu: 25.5% | epoch: 1 | remaining: 178s    
step 00133 (40.8%) | loss: 3.629315 | lrm: 1.00 | dt: 1005ms | tok/sec: 521,821 | mfu: 25.5% | epoch: 1 | remaining: 177s    
step 00134 (41.2%) | loss: 3.618873 | lrm: 1.00 | dt: 1004ms | tok/sec: 521,954 | mfu: 25.5% | epoch: 1 | remaining: 176s    
step 00135 (41.5%) | loss: 3.610841 | lrm: 1.00 | dt: 1003ms | tok/sec: 522,541 | mfu: 25.5% | epoch: 1 | remaining: 175s    
step 00136 (41.8%) | loss: 3.602160 | lrm: 1.00 | dt: 1003ms | tok/sec: 522,558 | mfu: 25.5% | epoch: 1 | remaining: 174s    
step 00137 (42.2%) | loss: 3.597614 | lrm: 1.00 | dt: 1003ms | tok/sec: 522,539 | mfu: 25.5% | epoch: 1 | remaining: 173s    
step 00138 (42.5%) | loss: 3.598612 | lrm: 1.00 | dt: 1005ms | tok/sec: 521,501 | mfu: 25.5% | epoch: 1 | remaining: 172s    
step 00139 (42.8%) | loss: 3.589883 | lrm: 1.00 | dt: 1005ms | tok/sec: 521,766 | mfu: 25.5% | epoch: 1 | remaining: 171s    
step 00140 (43.2%) | loss: 3.582778 | lrm: 1.00 | dt: 1003ms | tok/sec: 522,696 | mfu: 25.5% | epoch: 1 | remaining: 169s    
step 00141 (43.5%) | loss: 3.579254 | lrm: 1.00 | dt: 1003ms | tok/sec: 522,746 | mfu: 25.6% | epoch: 1 | remaining: 168s    
step 00142 (43.8%) | loss: 3.575281 | lrm: 1.00 | dt: 1003ms | tok/sec: 522,566 | mfu: 25.5% | epoch: 1 | remaining: 167s    
step 00143 (44.2%) | loss: 3.568917 | lrm: 1.00 | dt: 1004ms | tok/sec: 522,046 | mfu: 25.5% | epoch: 1 | remaining: 166s    
step 00144 (44.5%) | loss: 3.571980 | lrm: 1.00 | dt: 1005ms | tok/sec: 521,664 | mfu: 25.5% | epoch: 1 | remaining: 165s    
step 00145 (44.8%) | loss: 3.567706 | lrm: 1.00 | dt: 1003ms | tok/sec: 522,515 | mfu: 25.5% | epoch: 1 | remaining: 164s    
step 00146 (45.2%) | loss: 3.563141 | lrm: 1.00 | dt: 1003ms | tok/sec: 522,663 | mfu: 25.5% | epoch: 1 | remaining: 163s    
step 00147 (45.5%) | loss: 3.562572 | lrm: 1.00 | dt: 1004ms | tok/sec: 522,337 | mfu: 25.5% | epoch: 1 | remaining: 162s    
step 00148 (45.8%) | loss: 3.555816 | lrm: 1.00 | dt: 1004ms | tok/sec: 521,963 | mfu: 25.5% | epoch: 1 | remaining: 161s    
step 00149 (46.2%) | loss: 3.546007 | lrm: 1.00 | dt: 1005ms | tok/sec: 521,839 | mfu: 25.5% | epoch: 1 | remaining: 160s    
step 00150 (46.5%) | loss: 3.543393 | lrm: 1.00 | dt: 1004ms | tok/sec: 522,368 | mfu: 25.5% | epoch: 1 | remaining: 159s    
step 00151 (46.8%) | loss: 3.542629 | lrm: 1.00 | dt: 1003ms | tok/sec: 522,647 | mfu: 25.5% | epoch: 1 | remaining: 158s    
step 00152 (47.2%) | loss: 3.537390 | lrm: 1.00 | dt: 1003ms | tok/sec: 522,527 | mfu: 25.5% | epoch: 1 | remaining: 157s    
step 00153 (47.5%) | loss: 3.539382 | lrm: 1.00 | dt: 1004ms | tok/sec: 522,228 | mfu: 25.5% | epoch: 1 | remaining: 156s    
step 00154 (47.9%) | loss: 3.538233 | lrm: 1.00 | dt: 1005ms | tok/sec: 521,717 | mfu: 25.5% | epoch: 1 | remaining: 155s    
step 00155 (48.2%) | loss: 3.533255 | lrm: 1.00 | dt: 1003ms | tok/sec: 522,533 | mfu: 25.5% | epoch: 1 | remaining: 154s    
step 00156 (48.5%) | loss: 3.527320 | lrm: 1.00 | dt: 1003ms | tok/sec: 522,881 | mfu: 25.6% | epoch: 1 | remaining: 153s    
step 00157 (48.9%) | loss: 3.522456 | lrm: 1.00 | dt: 1003ms | tok/sec: 522,866 | mfu: 25.6% | epoch: 1 | remaining: 152s    
step 00158 (49.2%) | loss: 3.521060 | lrm: 1.00 | dt: 1003ms | tok/sec: 522,652 | mfu: 25.5% | epoch: 1 | remaining: 151s    
step 00159 (49.5%) | loss: 3.514886 | lrm: 1.00 | dt: 1004ms | tok/sec: 522,261 | mfu: 25.5% | epoch: 1 | remaining: 150s    
step 00160 (49.9%) | loss: 3.514161 | lrm: 1.00 | dt: 1005ms | tok/sec: 521,820 | mfu: 25.5% | epoch: 1 | remaining: 149s    
step 00161 (50.2%) | loss: 3.511085 | lrm: 1.00 | dt: 1003ms | tok/sec: 522,483 | mfu: 25.5% | epoch: 1 | remaining: 148s    
step 00162 (50.5%) | loss: 3.511379 | lrm: 0.99 | dt: 1003ms | tok/sec: 522,852 | mfu: 25.6% | epoch: 1 | remaining: 147s    
step 00163 (50.9%) | loss: 3.504653 | lrm: 0.98 | dt: 1003ms | tok/sec: 522,929 | mfu: 25.6% | epoch: 1 | remaining: 146s    
step 00164 (51.2%) | loss: 3.503513 | lrm: 0.98 | dt: 1003ms | tok/sec: 522,744 | mfu: 25.6% | epoch: 1 | remaining: 145s    
step 00165 (51.5%) | loss: 3.501069 | lrm: 0.97 | dt: 1004ms | tok/sec: 521,964 | mfu: 25.5% | epoch: 1 | remaining: 144s    
step 00166 (51.9%) | loss: 3.496855 | lrm: 0.96 | dt: 1004ms | tok/sec: 522,093 | mfu: 25.5% | epoch: 1 | remaining: 143s    
step 00167 (52.2%) | loss: 3.493655 | lrm: 0.96 | dt: 1003ms | tok/sec: 522,833 | mfu: 25.6% | epoch: 1 | remaining: 142s    
step 00168 (52.5%) | loss: 3.490919 | lrm: 0.95 | dt: 1003ms | tok/sec: 522,788 | mfu: 25.6% | epoch: 1 | remaining: 141s    
step 00169 (52.9%) | loss: 3.485567 | lrm: 0.94 | dt: 1003ms | tok/sec: 522,664 | mfu: 25.5% | epoch: 1 | remaining: 140s    
step 00170 (53.2%) | loss: 3.478428 | lrm: 0.94 | dt: 1004ms | tok/sec: 522,372 | mfu: 25.5% | epoch: 1 | remaining: 139s    
step 00171 (53.5%) | loss: 3.476368 | lrm: 0.93 | dt: 1003ms | tok/sec: 522,615 | mfu: 25.5% | epoch: 1 | remaining: 138s    
step 00172 (53.9%) | loss: 3.474199 | lrm: 0.92 | dt: 1003ms | tok/sec: 522,474 | mfu: 25.5% | epoch: 1 | remaining: 137s    
step 00173 (54.2%) | loss: 3.469148 | lrm: 0.92 | dt: 1003ms | tok/sec: 522,621 | mfu: 25.5% | epoch: 1 | remaining: 136s    
step 00174 (54.5%) | loss: 3.467464 | lrm: 0.91 | dt: 1003ms | tok/sec: 522,693 | mfu: 25.5% | epoch: 1 | remaining: 135s    
step 00175 (54.9%) | loss: 3.463082 | lrm: 0.90 | dt: 1003ms | tok/sec: 522,694 | mfu: 25.5% | epoch: 1 | remaining: 134s    
step 00176 (55.2%) | loss: 3.460544 | lrm: 0.90 | dt: 1004ms | tok/sec: 522,389 | mfu: 25.5% | epoch: 1 | remaining: 133s    
step 00177 (55.5%) | loss: 3.457110 | lrm: 0.89 | dt: 1004ms | tok/sec: 522,200 | mfu: 25.5% | epoch: 1 | remaining: 132s    
step 00178 (55.9%) | loss: 3.455783 | lrm: 0.88 | dt: 1004ms | tok/sec: 522,315 | mfu: 25.5% | epoch: 1 | remaining: 131s    
step 00179 (56.2%) | loss: 3.450788 | lrm: 0.88 | dt: 1003ms | tok/sec: 522,703 | mfu: 25.5% | epoch: 1 | remaining: 130s    
step 00180 (56.5%) | loss: 3.447396 | lrm: 0.87 | dt: 1002ms | tok/sec: 523,042 | mfu: 25.6% | epoch: 1 | remaining: 129s    
step 00181 (56.9%) | loss: 3.441313 | lrm: 0.86 | dt: 1003ms | tok/sec: 522,779 | mfu: 25.6% | epoch: 1 | remaining: 128s    
step 00182 (57.2%) | loss: 3.433323 | lrm: 0.86 | dt: 1004ms | tok/sec: 522,315 | mfu: 25.5% | epoch: 1 | remaining: 127s    
step 00183 (57.5%) | loss: 3.426002 | lrm: 0.85 | dt: 1003ms | tok/sec: 522,662 | mfu: 25.5% | epoch: 1 | remaining: 126s    
step 00184 (57.9%) | loss: 3.424967 | lrm: 0.84 | dt: 1003ms | tok/sec: 522,641 | mfu: 25.5% | epoch: 1 | remaining: 125s    
step 00185 (58.2%) | loss: 3.420060 | lrm: 0.84 | dt: 1003ms | tok/sec: 522,750 | mfu: 25.6% | epoch: 1 | remaining: 124s    
step 00186 (58.6%) | loss: 3.413424 | lrm: 0.83 | dt: 1003ms | tok/sec: 522,905 | mfu: 25.6% | epoch: 1 | remaining: 123s    
step 00187 (58.9%) | loss: 3.408500 | lrm: 0.82 | dt: 1002ms | tok/sec: 523,034 | mfu: 25.6% | epoch: 1 | remaining: 122s    
step 00188 (59.2%) | loss: 3.407138 | lrm: 0.82 | dt: 1003ms | tok/sec: 522,777 | mfu: 25.6% | epoch: 1 | remaining: 121s    
step 00189 (59.6%) | loss: 3.403782 | lrm: 0.81 | dt: 1004ms | tok/sec: 522,266 | mfu: 25.5% | epoch: 1 | remaining: 120s    
step 00190 (59.9%) | loss: 3.402848 | lrm: 0.80 | dt: 1004ms | tok/sec: 522,238 | mfu: 25.5% | epoch: 1 | remaining: 119s    
step 00191 (60.2%) | loss: 3.401897 | lrm: 0.80 | dt: 1003ms | tok/sec: 522,665 | mfu: 25.5% | epoch: 1 | remaining: 118s    
step 00192 (60.6%) | loss: 3.394363 | lrm: 0.79 | dt: 1003ms | tok/sec: 522,782 | mfu: 25.6% | epoch: 1 | remaining: 117s    
step 00193 (60.9%) | loss: 3.388177 | lrm: 0.78 | dt: 1002ms | tok/sec: 522,987 | mfu: 25.6% | epoch: 1 | remaining: 116s    
step 00194 (61.2%) | loss: 3.387142 | lrm: 0.78 | dt: 1003ms | tok/sec: 522,671 | mfu: 25.5% | epoch: 1 | remaining: 115s    
step 00195 (61.6%) | loss: 3.382915 | lrm: 0.77 | dt: 1004ms | tok/sec: 522,355 | mfu: 25.5% | epoch: 1 | remaining: 114s    
step 00196 (61.9%) | loss: 3.380846 | lrm: 0.76 | dt: 1004ms | tok/sec: 522,257 | mfu: 25.5% | epoch: 1 | remaining: 113s    
step 00197 (62.2%) | loss: 3.381013 | lrm: 0.76 | dt: 1003ms | tok/sec: 522,766 | mfu: 25.6% | epoch: 1 | remaining: 112s    
step 00198 (62.6%) | loss: 3.374764 | lrm: 0.75 | dt: 1003ms | tok/sec: 522,942 | mfu: 25.6% | epoch: 1 | remaining: 111s    
step 00199 (62.9%) | loss: 3.369721 | lrm: 0.74 | dt: 1002ms | tok/sec: 523,027 | mfu: 25.6% | epoch: 1 | remaining: 110s    
step 00200 (63.2%) | loss: 3.368734 | lrm: 0.74 | dt: 1003ms | tok/sec: 522,957 | mfu: 25.6% | epoch: 1 | remaining: 109s    
step 00201 (63.6%) | loss: 3.366214 | lrm: 0.73 | dt: 1004ms | tok/sec: 522,210 | mfu: 25.5% | epoch: 1 | remaining: 108s    
step 00202 (63.9%) | loss: 3.361855 | lrm: 0.72 | dt: 1004ms | tok/sec: 522,434 | mfu: 25.5% | epoch: 1 | remaining: 107s    
step 00203 (64.2%) | loss: 3.358316 | lrm: 0.72 | dt: 1003ms | tok/sec: 522,664 | mfu: 25.5% | epoch: 1 | remaining: 106s    
step 00204 (64.6%) | loss: 3.354878 | lrm: 0.71 | dt: 1003ms | tok/sec: 522,880 | mfu: 25.6% | epoch: 1 | remaining: 105s    
step 00205 (64.9%) | loss: 3.353418 | lrm: 0.70 | dt: 1003ms | tok/sec: 522,946 | mfu: 25.6% | epoch: 1 | remaining: 104s    
step 00206 (65.2%) | loss: 3.349083 | lrm: 0.70 | dt: 1002ms | tok/sec: 523,320 | mfu: 25.6% | epoch: 1 | remaining: 103s    
step 00207 (65.6%) | loss: 3.345152 | lrm: 0.69 | dt: 1003ms | tok/sec: 522,686 | mfu: 25.5% | epoch: 1 | remaining: 102s    
step 00208 (65.9%) | loss: 3.342138 | lrm: 0.68 | dt: 1004ms | tok/sec: 522,001 | mfu: 25.5% | epoch: 1 | remaining: 101s    
step 00209 (66.2%) | loss: 3.340216 | lrm: 0.68 | dt: 1004ms | tok/sec: 522,196 | mfu: 25.5% | epoch: 1 | remaining: 100s    
step 00210 (66.6%) | loss: 3.336142 | lrm: 0.67 | dt: 1003ms | tok/sec: 522,763 | mfu: 25.6% | epoch: 1 | remaining: 99s    
step 00211 (66.9%) | loss: 3.335701 | lrm: 0.66 | dt: 1002ms | tok/sec: 523,105 | mfu: 25.6% | epoch: 1 | remaining: 98s    
step 00212 (67.2%) | loss: 3.332203 | lrm: 0.66 | dt: 1002ms | tok/sec: 523,174 | mfu: 25.6% | epoch: 1 | remaining: 97s    
step 00213 (67.6%) | loss: 3.325283 | lrm: 0.65 | dt: 1003ms | tok/sec: 522,954 | mfu: 25.6% | epoch: 1 | remaining: 96s    
step 00214 (67.9%) | loss: 3.325075 | lrm: 0.64 | dt: 1003ms | tok/sec: 522,873 | mfu: 25.6% | epoch: 1 | remaining: 95s    
step 00215 (68.2%) | loss: 3.317763 | lrm: 0.64 | dt: 1003ms | tok/sec: 522,704 | mfu: 25.5% | epoch: 1 | remaining: 94s    
step 00216 (68.6%) | loss: 3.318767 | lrm: 0.63 | dt: 1004ms | tok/sec: 522,132 | mfu: 25.5% | epoch: 1 | remaining: 93s    
step 00217 (68.9%) | loss: 3.315162 | lrm: 0.62 | dt: 1003ms | tok/sec: 522,734 | mfu: 25.6% | epoch: 1 | remaining: 92s    
step 00218 (69.3%) | loss: 3.313166 | lrm: 0.61 | dt: 1002ms | tok/sec: 523,152 | mfu: 25.6% | epoch: 1 | remaining: 91s    
step 00219 (69.6%) | loss: 3.310605 | lrm: 0.61 | dt: 1002ms | tok/sec: 523,086 | mfu: 25.6% | epoch: 1 | remaining: 90s    
step 00220 (69.9%) | loss: 3.309689 | lrm: 0.60 | dt: 1002ms | tok/sec: 523,145 | mfu: 25.6% | epoch: 1 | remaining: 89s    
step 00221 (70.3%) | loss: 3.297688 | lrm: 0.59 | dt: 1003ms | tok/sec: 522,887 | mfu: 25.6% | epoch: 1 | remaining: 88s    
step 00222 (70.6%) | loss: 3.293934 | lrm: 0.59 | dt: 1004ms | tok/sec: 522,414 | mfu: 25.5% | epoch: 1 | remaining: 87s    
step 00223 (70.9%) | loss: 3.291562 | lrm: 0.58 | dt: 1004ms | tok/sec: 522,202 | mfu: 25.5% | epoch: 1 | remaining: 86s    
step 00224 (71.3%) | loss: 3.290894 | lrm: 0.57 | dt: 1002ms | tok/sec: 523,008 | mfu: 25.6% | epoch: 1 | remaining: 85s    
step 00225 (71.6%) | loss: 3.293131 | lrm: 0.57 | dt: 1002ms | tok/sec: 523,094 | mfu: 25.6% | epoch: 1 | remaining: 84s    
step 00226 (71.9%) | loss: 3.289230 | lrm: 0.56 | dt: 1002ms | tok/sec: 523,094 | mfu: 25.6% | epoch: 1 | remaining: 83s    
step 00227 (72.3%) | loss: 3.290608 | lrm: 0.55 | dt: 1003ms | tok/sec: 522,894 | mfu: 25.6% | epoch: 1 | remaining: 82s    
step 00228 (72.6%) | loss: 3.288998 | lrm: 0.55 | dt: 1004ms | tok/sec: 522,187 | mfu: 25.5% | epoch: 1 | remaining: 81s    
step 00229 (72.9%) | loss: 3.287588 | lrm: 0.54 | dt: 1003ms | tok/sec: 522,530 | mfu: 25.5% | epoch: 1 | remaining: 80s    
step 00230 (73.3%) | loss: 3.288106 | lrm: 0.53 | dt: 1003ms | tok/sec: 522,798 | mfu: 25.6% | epoch: 1 | remaining: 79s    
step 00231 (73.6%) | loss: 3.281174 | lrm: 0.53 | dt: 1002ms | tok/sec: 522,995 | mfu: 25.6% | epoch: 1 | remaining: 78s    
step 00232 (73.9%) | loss: 3.278280 | lrm: 0.52 | dt: 1002ms | tok/sec: 523,041 | mfu: 25.6% | epoch: 1 | remaining: 77s    
step 00233 (74.3%) | loss: 3.280876 | lrm: 0.51 | dt: 1002ms | tok/sec: 523,310 | mfu: 25.6% | epoch: 1 | remaining: 76s    
step 00234 (74.6%) | loss: 3.278727 | lrm: 0.51 | dt: 1003ms | tok/sec: 522,972 | mfu: 25.6% | epoch: 1 | remaining: 75s    
step 00235 (74.9%) | loss: 3.274363 | lrm: 0.50 | dt: 1003ms | tok/sec: 522,575 | mfu: 25.5% | epoch: 1 | remaining: 74s    
step 00236 (75.3%) | loss: 3.277059 | lrm: 0.49 | dt: 1003ms | tok/sec: 522,515 | mfu: 25.5% | epoch: 1 | remaining: 73s    
step 00237 (75.6%) | loss: 3.275461 | lrm: 0.49 | dt: 1003ms | tok/sec: 522,675 | mfu: 25.5% | epoch: 1 | remaining: 72s    
step 00238 (75.9%) | loss: 3.275992 | lrm: 0.48 | dt: 1002ms | tok/sec: 522,992 | mfu: 25.6% | epoch: 1 | remaining: 71s    
step 00239 (76.3%) | loss: 3.268721 | lrm: 0.47 | dt: 1002ms | tok/sec: 523,133 | mfu: 25.6% | epoch: 1 | remaining: 70s    
step 00240 (76.6%) | loss: 3.258294 | lrm: 0.47 | dt: 1002ms | tok/sec: 523,236 | mfu: 25.6% | epoch: 1 | remaining: 69s    
step 00241 (76.9%) | loss: 3.253570 | lrm: 0.46 | dt: 1003ms | tok/sec: 522,873 | mfu: 25.6% | epoch: 1 | remaining: 68s    
step 00242 (77.3%) | loss: 3.254420 | lrm: 0.45 | dt: 1003ms | tok/sec: 522,748 | mfu: 25.6% | epoch: 1 | remaining: 67s    
step 00243 (77.6%) | loss: 3.255624 | lrm: 0.45 | dt: 1003ms | tok/sec: 522,709 | mfu: 25.5% | epoch: 1 | remaining: 66s    
step 00244 (77.9%) | loss: 3.255165 | lrm: 0.44 | dt: 1004ms | tok/sec: 522,437 | mfu: 25.5% | epoch: 1 | remaining: 65s    
step 00245 (78.3%) | loss: 3.249032 | lrm: 0.43 | dt: 1003ms | tok/sec: 522,816 | mfu: 25.6% | epoch: 1 | remaining: 64s    
step 00246 (78.6%) | loss: 3.249938 | lrm: 0.43 | dt: 1002ms | tok/sec: 523,192 | mfu: 25.6% | epoch: 1 | remaining: 63s    
step 00247 (78.9%) | loss: 3.245099 | lrm: 0.42 | dt: 1002ms | tok/sec: 523,150 | mfu: 25.6% | epoch: 1 | remaining: 62s    
step 00248 (79.3%) | loss: 3.244879 | lrm: 0.41 | dt: 1002ms | tok/sec: 523,156 | mfu: 25.6% | epoch: 1 | remaining: 61s    
step 00249 (79.6%) | loss: 3.236152 | lrm: 0.41 | dt: 1003ms | tok/sec: 522,919 | mfu: 25.6% | epoch: 1 | remaining: 60s    
step 00250 (79.9%) | loss: 3.231958 | lrm: 0.40 | dt: 1004ms | tok/sec: 522,251 | mfu: 25.5% | epoch: 1 | remaining: 59s    
step 00251 (80.3%) | loss: 3.229274 | lrm: 0.39 | dt: 1004ms | tok/sec: 522,261 | mfu: 25.5% | epoch: 1 | remaining: 58s    
step 00252 (80.6%) | loss: 3.226480 | lrm: 0.39 | dt: 1003ms | tok/sec: 522,694 | mfu: 25.5% | epoch: 1 | remaining: 57s    
step 00253 (81.0%) | loss: 3.215800 | lrm: 0.38 | dt: 1002ms | tok/sec: 523,252 | mfu: 25.6% | epoch: 1 | remaining: 56s    
step 00254 (81.3%) | loss: 3.211451 | lrm: 0.37 | dt: 1002ms | tok/sec: 523,192 | mfu: 25.6% | epoch: 1 | remaining: 55s    
step 00255 (81.6%) | loss: 3.209952 | lrm: 0.37 | dt: 1002ms | tok/sec: 523,193 | mfu: 25.6% | epoch: 1 | remaining: 54s    
step 00256 (82.0%) | loss: 3.205507 | lrm: 0.36 | dt: 1003ms | tok/sec: 522,497 | mfu: 25.5% | epoch: 1 | remaining: 53s    
step 00257 (82.3%) | loss: 3.204070 | lrm: 0.35 | dt: 1003ms | tok/sec: 522,560 | mfu: 25.5% | epoch: 1 | remaining: 52s    
step 00258 (82.6%) | loss: 3.205041 | lrm: 0.35 | dt: 1003ms | tok/sec: 522,494 | mfu: 25.5% | epoch: 1 | remaining: 51s    
step 00259 (83.0%) | loss: 3.204943 | lrm: 0.34 | dt: 1003ms | tok/sec: 522,692 | mfu: 25.5% | epoch: 1 | remaining: 50s    
step 00260 (83.3%) | loss: 3.202803 | lrm: 0.33 | dt: 1002ms | tok/sec: 523,119 | mfu: 25.6% | epoch: 1 | remaining: 49s    
step 00261 (83.6%) | loss: 3.203865 | lrm: 0.33 | dt: 1002ms | tok/sec: 523,320 | mfu: 25.6% | epoch: 1 | remaining: 48s    
step 00262 (84.0%) | loss: 3.199545 | lrm: 0.32 | dt: 1002ms | tok/sec: 523,132 | mfu: 25.6% | epoch: 1 | remaining: 47s    
step 00263 (84.3%) | loss: 3.195848 | lrm: 0.31 | dt: 1003ms | tok/sec: 522,885 | mfu: 25.6% | epoch: 1 | remaining: 46s    
step 00264 (84.6%) | loss: 3.192526 | lrm: 0.31 | dt: 1003ms | tok/sec: 522,544 | mfu: 25.5% | epoch: 1 | remaining: 45s    
step 00265 (85.0%) | loss: 3.191454 | lrm: 0.30 | dt: 1003ms | tok/sec: 522,506 | mfu: 25.5% | epoch: 1 | remaining: 44s    
step 00266 (85.3%) | loss: 3.188231 | lrm: 0.29 | dt: 1003ms | tok/sec: 522,916 | mfu: 25.6% | epoch: 1 | remaining: 43s    
step 00267 (85.6%) | loss: 3.182370 | lrm: 0.29 | dt: 1002ms | tok/sec: 523,121 | mfu: 25.6% | epoch: 1 | remaining: 42s    
step 00268 (86.0%) | loss: 3.183568 | lrm: 0.28 | dt: 1002ms | tok/sec: 523,024 | mfu: 25.6% | epoch: 1 | remaining: 41s    
step 00269 (86.3%) | loss: 3.183231 | lrm: 0.27 | dt: 1002ms | tok/sec: 523,202 | mfu: 25.6% | epoch: 1 | remaining: 40s    
step 00270 (86.6%) | loss: 3.178684 | lrm: 0.27 | dt: 1003ms | tok/sec: 522,722 | mfu: 25.6% | epoch: 1 | remaining: 39s    
step 00271 (87.0%) | loss: 3.179628 | lrm: 0.26 | dt: 1004ms | tok/sec: 522,438 | mfu: 25.5% | epoch: 1 | remaining: 38s    
step 00272 (87.3%) | loss: 3.178120 | lrm: 0.25 | dt: 1004ms | tok/sec: 522,284 | mfu: 25.5% | epoch: 1 | remaining: 37s    
step 00273 (87.6%) | loss: 3.176461 | lrm: 0.25 | dt: 1003ms | tok/sec: 522,978 | mfu: 25.6% | epoch: 1 | remaining: 36s    
step 00274 (88.0%) | loss: 3.176406 | lrm: 0.24 | dt: 1002ms | tok/sec: 523,368 | mfu: 25.6% | epoch: 1 | remaining: 35s    
step 00275 (88.3%) | loss: 3.173652 | lrm: 0.23 | dt: 1002ms | tok/sec: 523,183 | mfu: 25.6% | epoch: 1 | remaining: 34s    
step 00276 (88.6%) | loss: 3.170535 | lrm: 0.23 | dt: 1002ms | tok/sec: 523,396 | mfu: 25.6% | epoch: 1 | remaining: 33s    
step 00277 (89.0%) | loss: 3.171922 | lrm: 0.22 | dt: 1002ms | tok/sec: 523,182 | mfu: 25.6% | epoch: 1 | remaining: 32s    
step 00278 (89.3%) | loss: 3.171006 | lrm: 0.21 | dt: 1003ms | tok/sec: 522,870 | mfu: 25.6% | epoch: 1 | remaining: 31s    
step 00279 (89.6%) | loss: 3.168067 | lrm: 0.21 | dt: 1003ms | tok/sec: 522,736 | mfu: 25.6% | epoch: 1 | remaining: 30s    
step 00280 (90.0%) | loss: 3.168468 | lrm: 0.20 | dt: 1004ms | tok/sec: 522,184 | mfu: 25.5% | epoch: 1 | remaining: 29s    
step 00281 (90.3%) | loss: 3.170949 | lrm: 0.19 | dt: 1003ms | tok/sec: 522,971 | mfu: 25.6% | epoch: 1 | remaining: 28s    
step 00282 (90.6%) | loss: 3.167659 | lrm: 0.19 | dt: 1002ms | tok/sec: 523,302 | mfu: 25.6% | epoch: 1 | remaining: 27s    
step 00283 (91.0%) | loss: 3.167002 | lrm: 0.18 | dt: 1002ms | tok/sec: 523,314 | mfu: 25.6% | epoch: 1 | remaining: 26s    
step 00284 (91.3%) | loss: 3.164665 | lrm: 0.17 | dt: 1002ms | tok/sec: 523,373 | mfu: 25.6% | epoch: 1 | remaining: 25s    
step 00285 (91.6%) | loss: 3.165231 | lrm: 0.17 | dt: 1003ms | tok/sec: 522,769 | mfu: 25.6% | epoch: 1 | remaining: 24s    
step 00286 (92.0%) | loss: 3.160514 | lrm: 0.16 | dt: 1004ms | tok/sec: 522,278 | mfu: 25.5% | epoch: 1 | remaining: 23s    
step 00287 (92.3%) | loss: 3.158379 | lrm: 0.15 | dt: 1003ms | tok/sec: 522,914 | mfu: 25.6% | epoch: 1 | remaining: 22s    
step 00288 (92.6%) | loss: 3.160633 | lrm: 0.15 | dt: 1003ms | tok/sec: 522,711 | mfu: 25.5% | epoch: 1 | remaining: 21s    
step 00289 (93.0%) | loss: 3.157063 | lrm: 0.14 | dt: 1002ms | tok/sec: 523,111 | mfu: 25.6% | epoch: 1 | remaining: 20s    
step 00290 (93.3%) | loss: 3.159331 | lrm: 0.13 | dt: 1002ms | tok/sec: 523,094 | mfu: 25.6% | epoch: 1 | remaining: 19s    
step 00291 (93.7%) | loss: 3.150287 | lrm: 0.13 | dt: 1002ms | tok/sec: 523,357 | mfu: 25.6% | epoch: 1 | remaining: 18s    
step 00292 (94.0%) | loss: 3.143547 | lrm: 0.12 | dt: 1002ms | tok/sec: 523,141 | mfu: 25.6% | epoch: 1 | remaining: 17s    
step 00293 (94.3%) | loss: 3.143409 | lrm: 0.11 | dt: 1002ms | tok/sec: 523,159 | mfu: 25.6% | epoch: 1 | remaining: 16s    
step 00294 (94.7%) | loss: 3.142802 | lrm: 0.11 | dt: 1004ms | tok/sec: 522,444 | mfu: 25.5% | epoch: 1 | remaining: 15s    
step 00295 (95.0%) | loss: 3.142665 | lrm: 0.10 | dt: 1004ms | tok/sec: 522,354 | mfu: 25.5% | epoch: 1 | remaining: 14s    
step 00296 (95.3%) | loss: 3.136703 | lrm: 0.09 | dt: 1003ms | tok/sec: 522,875 | mfu: 25.6% | epoch: 1 | remaining: 13s    
step 00297 (95.7%) | loss: 3.137592 | lrm: 0.09 | dt: 1002ms | tok/sec: 523,256 | mfu: 25.6% | epoch: 1 | remaining: 12s    
step 00298 (96.0%) | loss: 3.134673 | lrm: 0.08 | dt: 1002ms | tok/sec: 523,223 | mfu: 25.6% | epoch: 1 | remaining: 11s    
step 00299 (96.3%) | loss: 3.134556 | lrm: 0.07 | dt: 1002ms | tok/sec: 523,463 | mfu: 25.6% | epoch: 1 | remaining: 10s    
step 00300 (96.7%) | loss: 3.132413 | lrm: 0.07 | dt: 1002ms | tok/sec: 523,054 | mfu: 25.6% | epoch: 1 | remaining: 9s    
step 00301 (97.0%) | loss: 3.129169 | lrm: 0.06 | dt: 1003ms | tok/sec: 522,927 | mfu: 25.6% | epoch: 1 | remaining: 8s    
step 00302 (97.3%) | loss: 3.130300 | lrm: 0.05 | dt: 1003ms | tok/sec: 522,640 | mfu: 25.5% | epoch: 1 | remaining: 7s    
step 00303 (97.7%) | loss: 3.128880 | lrm: 0.05 | dt: 1004ms | tok/sec: 522,434 | mfu: 25.5% | epoch: 1 | remaining: 6s    
step 00304 (98.0%) | loss: 3.128435 | lrm: 0.04 | dt: 1002ms | tok/sec: 523,134 | mfu: 25.6% | epoch: 1 | remaining: 5s    
step 00305 (98.3%) | loss: 3.125614 | lrm: 0.03 | dt: 1002ms | tok/sec: 523,228 | mfu: 25.6% | epoch: 1 | remaining: 4s    
step 00306 (98.7%) | loss: 3.121658 | lrm: 0.03 | dt: 1002ms | tok/sec: 523,129 | mfu: 25.6% | epoch: 1 | remaining: 3s    
step 00307 (99.0%) | loss: 3.118462 | lrm: 0.02 | dt: 1002ms | tok/sec: 523,326 | mfu: 25.6% | epoch: 1 | remaining: 2s    
step 00308 (99.3%) | loss: 3.112721 | lrm: 0.01 | dt: 1002ms | tok/sec: 523,106 | mfu: 25.6% | epoch: 1 | remaining: 1s    
step 00309 (99.7%) | loss: 3.108562 | lrm: 0.01 | dt: 1003ms | tok/sec: 522,468 | mfu: 25.5% | epoch: 1 | remaining: 0s    
---
val_bpb:          1.110612
training_seconds: 300.0
total_seconds:    358.1
peak_vram_mb:     68030.1
mfu_percent:      25.63
total_tokens_M:   162.5
num_steps:        310
num_params_M:     85.9
depth:            10
[W1004 02:20:04.083544453 CudaIPCTypes.cpp:16] Producer process has been terminated before all shared CUDA tensors released. See Note [Sharing CUDA tensors]
