probes [8] (steps [71]); train 30, held out 43
artifacts: /Users/jdv/code/iterate/artifacts/ar25/L3_f40_probe1/cegis_devin

Objects of type `wall` under action ACTION1 with touching neighbours [] show mixed outcomes: born x1, no_change x1. Find the condition in the before state that decides the outcome. Start from this kind of condition: a field of the object itself, such as its tags, pixels, visibility or layer. Verify it against every transition before you keep it.

Counterexample. The last transition in transitions.md (step 71, action 1) refuted every program of an earlier committee of 8 programs. Each replayed all the other transitions exactly and predicted this one wrong:

3 program(s) predicted:
  observed but not predicted: {"name": "wall_h_1", "type": "wall", "x": 42, "y": 21, "w": 3, "h": 12, "layer": 1}
  observed but not predicted: {"name": "target_3", "type": "target", "x": 43, "y": 33, "w": 11, "h": 12, "layer": 2}
  observed but not predicted: {"name": "wall_h_2", "type": "wall", "x": 42, "y": 36, "w": 3, "h": 27, "layer": 1}
  predicted but not observed: {"name": "wall_h_3", "type": "wall", "x": 46, "y": 37, "w": 1, "h": 1, "layer": 1}
  predicted but not observed: {"name": "wall_h_4", "type": "wall", "x": 46, "y": 40, "w": 1, "h": 1, "layer": 1}
  predicted but not observed: {"name": "wall_h_5", "type": "wall", "x": 46, "y": 43, "w": 1, "h": 1, "layer": 1}

2 program(s) predicted:
  observed but not predicted: {"name": "reflection_1", "type": "reflection", "x": 48, "y": 33, "w": 3, "h": 3, "layer": 3}
  predicted but not observed: {"name": "reflection_1", "type": "reflection", "x": 40, "y": 34, "w": 1, "h": 1, "layer": 3}
  predicted but not observed: {"name": "reflection_2", "type": "reflection", "x": 48, "y": 33, "w": 3, "h": 3, "layer": 3}

1 program(s) predicted:
  observed but not predicted: {"name": "wall_h_1", "type": "wall", "x": 42, "y": 21, "w": 3, "h": 12, "layer": 1}
  observed but not predicted: {"name": "target_3", "type": "target", "x": 43, "y": 33, "w": 11, "h": 12, "layer": 2}
  observed but not predicted: {"name": "piece_1", "type": "player", "x": 36, "y": 33, "w": 12, "h": 12, "layer": 4}
  predicted but not observed: {"name": "target_3", "type": "target", "x": 43, "y": 34, "w": 11, "h": 11, "layer": 2}
  predicted but not observed: {"name": "wall_h_3", "type": "wall", "x": 45, "y": 0, "w": 3, "h": 12, "layer": 1}
  predicted but not observed: {"name": "piece_1", "type": "player", "x": 36, "y": 33, "w": 12, "h": 12, "layer": 4}

1 program(s) predicted:
  observed but not predicted: {"name": "wall_h_1", "type": "wall", "x": 42, "y": 21, "w": 3, "h": 12, "layer": 1}
  observed but not predicted: {"name": "target_3", "type": "target", "x": 43, "y": 33, "w": 11, "h": 12, "layer": 2}
  observed but not predicted: {"name": "wall_h_2", "type": "wall", "x": 42, "y": 36, "w": 3, "h": 27, "layer": 1}
  predicted but not observed: {"name": "target_3", "type": "target", "x": 43, "y": 34, "w": 11, "h": 11, "layer": 2}
  predicted but not observed: {"name": "wall_h_0", "type": "wall", "x": 45, "y": 0, "w": 3, "h": 12, "layer": 1}
  predicted but not observed: {"name": "wall_h_1", "type": "wall", "x": 45, "y": 18, "w": 3, "h": 15, "layer": 1}

1 program(s) predicted:
  observed but not predicted: {"name": "wall_h_1", "type": "wall", "x": 42, "y": 21, "w": 3, "h": 12, "layer": 1}
  observed but not predicted: {"name": "target_3", "type": "target", "x": 43, "y": 33, "w": 11, "h": 12, "layer": 2}
  observed but not predicted: {"name": "piece_1", "type": "player", "x": 36, "y": 33, "w": 12, "h": 12, "layer": 4}
  predicted but not observed: {"name": "wall_h_4", "type": "wall", "x": 45, "y": 0, "w": 3, "h": 12, "layer": 1}
  predicted but not observed: {"name": "target_3", "type": "target", "x": 43, "y": 33, "w": 11, "h": 12, "layer": 2}
  predicted but not observed: {"name": "reflection_0", "type": "reflection", "x": 48, "y": 33, "w": 9, "h": 12, "layer": 3}

Find the mechanic those programs missed. It must explain this transition and every earlier one, and it must not be a special case keyed to this step.

ar25 L3 cegis_devin run2: consistent=True train=30/30 test_acc=0.9069767441860465 turns=None wall=247.7s err=None
ar25 L3 cegis_devin run0: consistent=True train=30/30 test_acc=0.8837209302325582 turns=None wall=288.9s err=None
ar25 L3 cegis_devin run1: consistent=True train=30/30 test_acc=0.8837209302325582 turns=None wall=309.8s err=None
ar25 L3 cegis_devin run3: consistent=True train=30/30 test_acc=0.8837209302325582 turns=None wall=350.9s err=None
ar25 L3 cegis_devin run5: consistent=True train=30/30 test_acc=0.9069767441860465 turns=None wall=288.9s err=None
ar25 L3 cegis_devin run4: consistent=True train=30/30 test_acc=0.8837209302325582 turns=None wall=330.8s err=None
ar25 L3 cegis_devin run6: consistent=True train=30/30 test_acc=0.9069767441860465 turns=None wall=309.7s err=None
ar25 L3 cegis_devin run7: consistent=True train=30/30 test_acc=0.8837209302325582 turns=None wall=330.2s err=None
